0000000 00003fe8 000107d0 0000009e 00000000
0000020 00000000 00000000 00000000 00000000
0000040 00000001 00000000 00000000 00000000
0000060 49440004 00004b53 00000000 00000000
0000100 00000000 00000000 00000000 00000000
0000120 696c0013 465f6173 39306265 7365745f
0000140 6d6c2e74 00000064 00000000 00000000
0000160 00000000 00000000 00000000 00000000
*
0000240 00000000 00000000 65640006 63657073
0000260 00000000 00000000 00000000 00000000
0000300 00000000 00000000 462d3930 322d6265
0000320 36312033 3a38303a 00003832 00000000
0000340 00000000 00000000 00000000 00000000
*
0077640 00000000 00000000 000f81b1 00000000
0077660 20000078 00007f8a 20000078 00007f8a
0077700 00000000 00000000 00000000 00000000
*
0100000 00003fe8 0001000a 01003fe8 000afe37
0100020 00000004 00000000 63e50c6c 0000009b
0100040 00000001 00001004 00003fe8 00000000
0100060 00001004 0001000a 00010000 03b15ff9
0100100 00000ffc 0001000a 1400003c add01f00
0100120 add01f01 add01f02 add01f03 add01f04
0100140 add01f05 add01f06 add01f07 add01f08
0100160 add01f09 add01f0a add01f0b add01f0c
0100200 add01f0d add01f0e add01f0f add01f10
0100220 add01f11 add01f12 add01f13 add01f14
0100240 add01f15 add01f16 add01f17 add01f18
0100260 add01f19 add01f1a add01f1b add01f1c
0100300 add01f1d add01f1e ff000134 00000020
0100320 00000002 9f5db3b2 00000001 deadbeef
0100340 f0000002 9f5db39e 2b0308a9 00000000
0100360 00000134 00001f48 a0100476 21d5211a
0100400 21d621dc 21ce21d4 21db21d1 21df21da
0100420 21dd21db 21dc21d5 21de21dc 21e121de
0100440 21d321dc 21d221d7 21dc21dc 21e621e5
0100460 21e721e2 21e421e6 21df21e5 21de21e1
0100500 21df21de 21e821e2 21de21de 21df21de
0100520 21df21e2 21e221e2 21e821e9 21e621ed
0100540 21ee21e9 21ec21ed 21ed21ed 21e421e2
0100560 21e321e2 21df21e3 21e321df 21e321de
0100600 21e521e2 21e421de 21da21e1 21df21de
0100620 21df21e2 21f221f1 21ed21f3 21ea21e7
0100640 21ea21e9 21e821e8 21ed21e7 21e721ed
0100660 21ec21ea 21e321e4 21ea21e6 21e621e7
0100700 21e921e9 21e721eb 21e621ec 21ed21ec
0100720 21f821e9 21ed21f2 21f121f0 21ed21ec
0100740 21f721ef 21ee21f8 21ef21f4 21ec21ef
0100760 21f121f9 21f421ef 21f921f5 21f721fe
0101000 21f221fb 21ef21f9 21f221f1 21f221e6
0101020 21eb21ec 21ee21ec 21f221f0 220221f8
0101040 220421fd 21f62202 21a421df 2133215e
0101060 20e42102 20c420c9 20b020be 20b020b4
0101100 20b220b3 20ab20ad 20b320ab 20b020b2
0101120 20b320b5 20b020b6 20ae20b5 20b620b4
0101140 20b620af 20b820b7 20b420bf 20b820b6
0101160 20b820b3 20b020ae 20b720b6 20bd20bd
0101200 20c620c2 20c820c7 20c520c5 20b920bd
0101220 20c420c0 20ca20ca 20c120c8 20c720c1
0101240 20c020c6 20c020c7 20bd20ba 20c420be
0101260 20cc20c7 20ca20cf 20ce20ce 20c720c4
0101300 20bf20c1 20c320be 20b820c2 20bf20cc
0101320 20c120c3 20c820bf 20c720c6 20ce20c5
0101340 20d820da 20cc20cc 20ce20c8 20c620c7
0101360 20ce20cb 20d220d3 20cf20cf 20cb20cb
0101400 20c820c7 20cd20d2 20ce20c9 20c720c7
0101420 20cf20c7 20c620c5 20d020cc 20d120d1
0101440 20c920d5 20c920c9 20cb20cd 20c920c5
0101460 20c620cf 20cd20cb 20c520ca 20c320cc
0101500 20d120c9 20cb20d1 20c820ca 20cf20cd
0101520 20ca20cf 20d020c9 20ce20d3 20cb20ce
0101540 20cc20d3 20c520c5 20c520ca 20ca20c4
0101560 20cb20c8 20ca20cc 20ca20cf 20ca20c6
0101600 20ca20c9 20d220c7 20cf20cd 20c120c1
0101620 20ce20c5 20c720cb 20cb20c9 20ce20d0
0101640 20c920cf 20c120c7 20c520c5 20c220c7
0101660 20c720bc 20bf20c4 20bc20bd 20bc20b5
0101700 20b920ba 20bb20ba 20c220c9 20c020c1
0101720 20c520c9 20be20c5 20c620bb 20c120c2
0101740 20bf20c1 20bc20bc 20c520bc 20c220c4
0101760 20bb20b6 20b820b9 20bb20c0 20be20ba
0102000 20bd20b8 20bd20bd 20b120ba 20b120b5
0102020 20af20b2 20bc20b5 20c020bb 20b920c6
0102040 20c420be 20c120cb 20b720ad 20b220b8
0102060 20b120b4 20ae20b2 20b020b3 20ac20a9
0102100 20ad20b6 20b320b1 20b920b9 20b820b5
0102120 20bb20b4 20b320c0 20b920b9 20b920ba
0102140 20b520b7 20b520b1 20bf20b5 20b920bb
0102160 20b220b5 20bb20b9 20b720bf 20bb20b9
0102200 20b820bd 20b920bc 20b620ba 20b820b9
0102220 20b420b8 20b420b0 20b320b1 20ad20b1
0102240 20af20af 20af20ae 20af20af 20b420b7
0102260 20bb20b4 20b920ae 20bb20b2 20af20bb
0102300 20a620bb 20b020b4 20b420b0 20b420b7
0102320 20aa20b5 20b620b1 20b320b8 20b720b3
0102340 20bb20b8 20b320ba 20ba20bd 20b220bb
0102360 20b220b5 20b620b3 20b320b9 20b420b4
0102400 20b120ab 20b020ad 20b020b5 20ac20ab
0102420 20ae20b6 20af20ae 20ba20b0 20af20aa
0102440 20af20b5 20b220b5 20b720b3 20b820ae
0102460 20af20b2 20b120ae 20b520b6 20b820b5
0102500 20ba20b5 20ba20ba 20ad20b1 20b520b3
0102520 20b920b6 20b420b6 20b620b2 20b620b3
0102540 20bc20b8 20be20c2 20b420b7 20b520b5
0102560 20b220b8 20b920bd 20b620b4 20bb20ba
0102600 20b720bc 20b620b6 20bd20be 20c320c4
0102620 20c420c3 20c120bb 20be20c3 20c220c4
0102640 20bf20c3 20c120be 20bc20b9 20bd20b9
0102660 20bc20b6 20c620c0 20c020c3 20c020c4
0102700 20bd20b8 20b620bb 20c020b9 20bd20bd
0102720 20c420c3 20bf20c6 20c720cc 20c620c9
0102740 20c520c4 20c120c1 20c220c3 20c020bf
0102760 20c820c3 20c120be 20c720c6 20c720cc
0103000 20cd20ca 20cd20d2 20ca20c4 20d120c3
0103020 20d020d0 20d720d0 20d220d0 20c920cc
0103040 20d120c7 20cc20cc 20c520d0 20cb20c9
0103060 20d420cf 20d420cf 20c720c9 20d720d0
0103100 20cc20cd 20cf20d1 20d720d2 20d120d5
0103120 20cb20d2 20d320d1 20d320cf 20d820d3
0103140 20e120d7 20db20de 20d920dc 20d220d9
0103160 20ce20d5 20d120d7 20d120d9 20d920ce
0103200 20d820d2 20d520dd 20d820dd 20e320e3
0103220 20e120dc 20dd20d8 20e520e1 20e020dd
0103240 20e320e2 20e120e0 20da20e0 20db20dd
0103260 20db20e5 20e020e0 20e620e5 20e720da
0103300 20e420e6 20e420e5 20e420e5 20dd20e1
0103320 20e220d7 20e020e3 20e520ea 20e920e6
0103340 20e220e7 20e920e2 20df20e3 20e420e2
0103360 20e120e0 20e520e7 20e620e5 20eb20ed
0103400 20ed20f3 20e420eb 20f120ed 20f020ee
0103420 20ea20ea 20ea20ea 20ec20e7 20f420ec
0103440 20f520f2 20f820f8 20ec20f4 20ed20f2
0103460 20f020f1 20f320f4 20f220ef 20ef20f0
0103500 20f820f0 20fb20f7 20fb20f6 20ff20fe
0103520 20f820f8 20f620ef 20fa2101 210020fd
0103540 21032103 20f820f5 20f920fa 20f620fa
0103560 20f920f6 20fc20f7 21082105 21062107
0103600 21032101 21052102 20fe2103 20f920fa
0103620 210020ff 20fd2105 20fe20f9 20fa2102
0103640 20f820fa 21092104 21002106 210520fe
0103660 20f720ff 20fb20fc 20fc20fd 20f920f3
0103700 20f320f8 20fa20f2 20f220f6 20f920f4
0103720 20ff20f8 210420fe 20fa20fd 20fa20f8
0103740 21002105 21022101 20fa20ff 20fb20fe
0103760 210020ff 210420fd 210e210a 20f82104
0104000 20ff20fc 21092106 2107210d 21032105
0104020 20f62100 20f620f8 20f120f2 20f420f9
0104040 20fc20f5 20fe20fc 20fc20f7 210720fb
0104060 210b2101 20fe2104 20fd20ff 21062104
0104100 20ff20fe 21012103 20fb2101 20f720f5
0104120 20fa20fa 20f220f5 20fb20f8 20fa20fb
0104140 20f520f9 20f620f4 210020f6 20fb20fe
0104160 20f920f8 20fd20f9 20fb20fd 20f320fb
0104200 20f820fb 210420fe 20fb20fe 20f620fb
0104220 20f520f6 20f820f7 20f520fd 20f920fc
0104240 210420fc 20ff2102 20fb2100 20fd20ff
0104260 20f420f7 20f720f7 210120fc 21062104
0104300 20fd2104 21042107 20ff20ff 20f52102
0104320 21032102 20fa20fa 20f920f7 20f220f1
0104340 20fc20fd 21032100 21002105 20fc20fd
0104360 210120ff 20fa20fd 210220fa 210620f9
0104400 21042102 20fa20ff 20f320fe 210220f8
0104420 210320fc 210220fd 20fb20fd 21042103
0104440 20fe2104 20fa2100 20f820f7 20f520f8
0104460 20f720fa 20fe20f8 20ff20fb 210220f7
0104500 20fd2102 20f92102 20ff20fd 20fa2102
0104520 20f620f4 20f820f9 20fc20fe 20fa20f9
0104540 210120f1 210120fe 20fe2106 20ff2100
0104560 21022102 21052108 21022100 21022104
0104600 210a210a 2101210d 20ff20ff 210120ff
0104620 210220fd 20ff2101 21062108 210e210c
0104640 21042109 20fc20ff 20fa2105 20fe2102
0104660 21032103 210720f9 21002105 2102210a
0104700 2107210a 210c2106 21052107 21012101
0104720 20fb20fe 21012101 21052107 21032104
0104740 20ff20fc 210220fa 210620fc 20f520fe
0104760 20fe20fd 20f92103 210020fd 21092111
0105000 2113210b 210d2110 210a210d 21082109
0105020 21052100 21022101 210720ff 20fd20ff
0105040 21022103 21032103 210b2108 210f2109
0105060 210f2108 2107210b 21022107 21072106
0105100 210c2104 21052104 21042102 21052107
0105120 21032101 21032103 21052102 21072105
0105140 210a2107 21052102 210b2106 210a2109
0105160 21072104 210f210c 2108210e 210d2105
0105200 21062107 21052108 20fd2103 21032109
0105220 210f2105 210c2117 210d2107 2109210e
0105240 210a2108 21082104 210b2105 2112210e
0105260 21112115 21112113 210e210c 210b210b
0105300 210e210f 210d210e 210b2110 210b2107
0105320 210d2109 2108210a 2113210b 2116210f
0105340 21172114 21162110 21122111 21162111
0105360 210f2113 21102111 210e210b 2113210d
0105400 21102111 2117211d 21112114 21112110
0105420 21172119 2113211a 211b2118 21122116
0105440 210c2114 21162112 211c2116 211c2118
0105460 21202121 2118211c 210f2113 21152115
0105500 21182111 211b211b 211c211d 211e211c
0105520 211b211d 211e211d 2119211a 21132117
0105540 21112114 21182117 21212116 2120211e
0105560 2119211f 211a211b 2122211f 211d211f
0105600 2125211f 21212127 21202124 211e2120
0105620 211f2122 2124211c 2127212b 212c2123
0105640 211d211d 211f2120 2125211b 21192122
0105660 211e211f 21222120 211e211c 2120211c
0105700 21232121 211a2120 211c2120 21222121
0105720 21232125 21252126 21172123 2122211d
0105740 21212123 2120211e 211b211b 21222122
0105760 21282129 21282129 212f212c 2130212b
0106000 212e212a 2130212e 212b212a 2130212b
0106020 2127211f 21262126 211e2127 21232119
0106040 21272123 21202120 2115211f 21202118
0106060 211e2120 21292122 21232127 2129212e
0106100 2121212b 2122211f 21242121 21242122
0106120 2120211c 212a2124 212b212e 212e212b
0106140 21222125 21272129 212b212d 21272123
0106160 21252120 21222124 21282129 21302128
0106200 21212129 21282124 211c2127 211d211f
0106220 212b2129 21222124 2121211e 21272124
0106240 21252126 21252122 21212121 21212122
0106260 2124211e 21202125 21242122 212e2126
0106300 211f2125 211f2124 21222123 211f2121
0106320 2123211c 212a2125 211b211e 21232120
0106340 2126212a 21232127 21232126 2124211d
0106360 21242123 21222128 2128212a 21252128
0106400 21202123 21202121 21282124 21272127
0106420 212f212c 212b212a 21272128 21222128
0106440 2121212e 2126211c 21242126 212c2124
0106460 2124212a 21242124 21272122 21252126
0106500 211f2122 211e212e 2125211e 21302126
0106520 2137212d 212c212f 212f2135 212c212e
0106540 2132212a 212a2128 212f212b 21222128
0106560 21292120 21272124 21252124 212c212d
0106600 2127212a 21292126 212a2127 21252126
0106620 2127211c 2127212c 212c212a 212a212c
0106640 21252128 212c212e 21332135 21342130
0106660 212e2131 2130212f 21322135 2134212f
0106700 212c2131 21342131 212c2130 21302133
0106720 21322139 2133212e 21352130 21442139
0106740 213d2141 213c213e 21392137 21362139
0106760 213a2137 21382134 21372134 21362135
0107000 21382133 2137213a 21342138 21382135
0107020 21382133 213b2136 213a2134 2138213f
0107040 213b213b 2141213f 21352136 213a2137
0107060 21412139 2138213b 21392138 2142213c
0107100 21422146 21452146 213f2145 21352140
0107120 2142213b 2138213c 21382134 2137213c
0107140 2135213a 21422134 213e213c 21372138
0107160 2147213b 2139213d 2145213b 21442140
0107200 213b2141 213d213d 21482145 214d214b
0107220 21472145 21462145 21482148 21422144
0107240 21482141 21492148 2141214a 213d2140
0107260 2145213c 214b2146 214a2148 2148214b
0107300 214d2148 21472147 2140213f 2145214a
0107320 2144214a 2145213f 2145213f 21552149
0107340 214e2150 214a2146 214d214b 2148214e
0107360 2154214d 214b214a 2145214c 21402144
0107400 21422142 21532147 21522151 2148214d
0107420 2150214e 21462147 21482147 21402148
0107440 21482146 21452149 214d2146 214a2148
0107460 2145214d 2153214a 2149214f 21482148
0107500 214e2147 214a2149 21432148 214b214f
0107520 214c214e 2152214e 214b2141 214c214f
0107540 2150214e 214d2150 214c214f 214f2148
0107560 214f214e 21552156 214c214b 21512148
0107600 21562153 21502154 21572154 21562157
0107620 214f214d 21572154 21542150 215d215c
0107640 215c215a 21552152 21552158 214b2150
0107660 2146214c 214a214f 2151214a 21502156
0107700 21512150 215c215c 21522153 21532151
0107720 214c214f 214b214c 2147214d 214e2144
0107740 2157214d 21552152 21532157 2162215a
0107760 215e215b 21622161 21552154 21542154
0110000 2157215d 21502156 215d214f 21592156
0110020 21582156 21522155 214d214c 214f214d
0110040 214f214b 214f214c 21532151 21512158
0110060 2158214c 2159214f 21532157 215a2161
0110100 2153214f 21532154 21552155 214b214d
0110120 214d2157 21512149 21522151 2155215c
0110140 21552154 215b2155 2154214c 2151214b
0110160 214d214b 214e214d 2151214a 215a2150
0110200 215f215a 21592155 214d214f 21492149
0110220 214b2144 2151214c 21572153 214c214f
0110240 2148214c 214b214b 2148214a 214d214f
0110260 2148214b 2150214d 21522159 214c2146
0110300 214c2156 214e214d 214c2151 214a2148
0110320 214a2148 214a214c 213e2142 21452144
0110340 21482145 21472144 21482145 21472142
0110360 21492146 21482143 21462141 21432141
0110400 2142213e 21472144 213d2140 21412145
0110420 21422145 2143213e 21402148 21442141
0110440 21402144 2146213e 21462146 21472149
0110460 21422146 213e213b 2142213c 21442145
0110500 213e2141 21352136 2141213f 213f2141
0110520 213c2148 213e2145 213d2136 2146213e
0110540 2142213f 2140213d 213f213f 213b213e
0110560 213e213c 21352137 21362134 21342131
0110600 21342136 213b2138 21322133 212d2130
0110620 213c213b 21382137 2136213c 2130213c
0110640 21372132 2142213c 21392137 213b2138
0110660 21412139 2139213b 21382140 21362139
0110700 2138213a 2135213a 21412140 21412144
0110720 213d2137 2138213a 21362138 21382139
0110740 213e2139 213f213a 213a213a 21342139
0110760 21322131 21372136 213f213a 2143213b
0111000 213c213a 213f2140 213c213e 213e2142
0111020 213a2138 2137213a 2137213f 213a2137
0111040 213c213d 21342136 21362139 213e213b
0111060 213b2140 213e2146 2146213e 213a2140
0111100 213f213f 213f2142 213f2144 214c2142
0111120 2151214e 21432142 2149214c 21492148
0111140 21502144 2148214b 21452140 214c2148
0111160 2148214a 2144214a 21492148 21482145
0111200 2148214b 21542155 2152214b 214e2147
0111220 2147214c 214c2148 21542150 214e2153
0111240 2152214d 21532150 21542150 21572157
0111260 21552152 21512151 21562154 2156215c
0111300 21552153 21532150 21542155 21552157
0111320 214e2155 214e214d 214c214d 21562150
0111340 21542158 215a2159 21592156 21592159
0111360 215a2162 215a2157 215f2160 21592156
0111400 21692159 21662164 215d2166 215d2159
0111420 215f215e 21642157 21612162 215d2160
0111440 21692161 216a2166 216d216e 2171216c
0111460 216f216d 21712171 2169216e 21732170
0111500 216e2170 216f2172 216e2173 216d216c
0111520 216b216c 2167216c 21662170 2165216b
0111540 21652169 216b216e 2169216c 2174216e
0111560 216b2173 21702172 21702170 216f2176
0111600 21732174 21722173 216b216f 21742171
0111620 2172216c 216c2175 21782176 2176217b
0111640 21812176 21722176 21752174 21782175
0111660 21782175 21752175 217a2178 21712179
0111700 217a2175 21752178 217c2176 217c2179
0111720 217c2181 2176217b 217e2175 217b2177
0111740 217c217e 2176217b 217d2179 2179217d
0111760 217f2176 217b217a 217e217c 217c2180
0112000 2176217a 2185217c 21812180 21812185
0112020 21842187 218c2180 21862182 21832185
0112040 21812182 21842189 21872189 2186217f
0112060 21842180 21852189 218b2187 2184217c
0112100 2184218a 21892187 2188218c 21842181
0112120 2187217e 218e218a 2185218a 21872184
0112140 2189218b 21892188 218c218f 21922189
0112160 2186218f 21872189 21862186 2196219a
0112200 21932193 218a2193 2191218e 2193218d
0112220 21932192 218f2190 218e2191 218d218d
0112240 218d2189 218f218f 218c2185 21882188
0112260 218d2189 218d2191 2191218a 218e218b
0112300 218e218a 218c218d 21902186 218f218a
0112320 2189218c 218c2190 2184218a 217f2186
0112340 2190217d 217e2181 21812181 21852184
0112360 21852185 218e2184 21852186 218b2190
0112400 21942192 218c218f 21832185 2183217f
0112420 2181217d 21852186 217c2180 217c217f
0112440 21832183 21852184 218a2187 218a218a
0112460 218d2186 218d2191 2182218b 21812186
0112500 2178217b 2177216f 21772174 21752179
0112520 21782179 216f2178 21742175 2178217b
0112540 2177217a 21772178 217d2177 21812179
0112560 2181217c 217c2179 217c217a 217b2177
0112600 217f2176 2176217f 21792177 2179217c
0112620 2175217b 21772174 217a2171 2179217b
0112640 21762174 216d216d 216e2167 216a2170
0112660 216c216a 216f216d 21752171 2173216f
0112700 21742173 216b2171 216a2175 2177216f
0112720 2170216e 2168216a 2163216b 2164216b
0112740 21672164 2170216b 216f216f 216d216b
0112760 2171216d 2167216a 21692167 21682165
0113000 21682169 2169216f 216a2168 21612161
0113020 21632164 21642168 216b2164 21652166
0113040 21652166 21612166 21632161 215d2160
0113060 21692164 21682167 21682164 215e2164
0113100 21652162 216a2162 216e2169 216a216e
0113120 215e2169 2165216a 21632163 21632160
0113140 21612163 215b215f 21602161 21562156
0113160 215f215e 21612160 2160215e 21602166
0113200 215d215f 21562158 215b215c 215e215b
0113220 2162215f 215a2161 215b215a 215f2159
0113240 215d2164 21622160 215e2162 2158215c
0113260 215e2159 215b2156 2161215d 2165215f
0113300 2159215a 21562159 2153215e 215f2162
0113320 2165215e 2169215e 21622160 215a2164
0113340 215b215e 215d215f 2165215e 2162215b
0113360 21602162 2168216b 21692164 216b2162
0113400 21662163 21672167 21662164 21672169
0113420 2170216c 216e2171 21642169 2167216b
0113440 216e216a 21672164 21632163 216a2169
0113460 216b2170 216e216b 2171216b 2169216f
0113500 21612169 21662165 21682165 216f216f
0113520 21692167 2167216e 21752177 216f216f
0113540 2174216d 216c216b 21742179 21792174
0113560 216c2166 21772172 216f216d 21712173
0113600 2171216c 217d2172 217a217d 2176217b
0113620 2170217a 21742179 217e2175 217c2178
0113640 2177217d 217c2180 217a217b 21782179
0113660 217d217b 217f2179 217e217b 217e217b
0113700 2180217a 217c2179 21742179 217e217d
0113720 21812184 21842183 21882182 21812180
0113740 2181217b 21832181 217e2183 217f217d
0113760 217b2187 21852182 21852182 21792179
0114000 21782175 2182217e 218b2185 21882189
0114020 2193218f 218a218a 2187217f 21872188
0114040 2191218e 21902190 21842188 218f2186
0114060 218f218a 2182218b 217f218a 217e217c
0114100 2180217e 21892184 218f218c 21882189
0114120 218e2180 21852189 21852188 218c218a
0114140 21842189 218b2185 218f2191 21932196
0114160 21962199 21922195 219a218f 21942199
0114200 2199219a 21902195 21932190 21902188
0114220 21882191 21912193 21942199 21962195
0114240 2191219b 218e218d 218c218d 2193218f
0114260 21942196 21972197 21952197 21a221a0
0114300 219f219c 21ab21a8 21a5219f 219a219d
0114320 219b2199 219a219c 21a1219d 219b219a
0114340 21a021a1 21a421a4 21a821a3 2196219b
0114360 2196219c 21992199 219b219c 219a219b
0114400 21a02199 21a221a6 21a621a5 21a321a1
0114420 219e21a3 219b219c 21a621a9 219f21a4
0114440 219c21a4 2198219a 21a521a0 21a321a1
0114460 21a321a0 21a0219c 219f21ab 21a321a3
0114500 21ac21a3 21ac21ac 21a021a2 21a321a4
0114520 21a121a1 21a821a2 219d21a6 219d21a0
0114540 2198219d 21a921a7 21a621a8 21a921a9
0114560 21a521a3 21a121a1 219f21a2 21a4219f
0114600 21a021a5 21a0219c 21a221a7 21a621a5
0114620 21a0219b 219c21a0 219b219b 21a821a5
0114640 21ac21a4 21a721a6 21a321a3 21a621a8
0114660 21a821ad 21a921ab 21aa21a4 21a0219f
0114700 219f219f 219f219f 219b2199 219d2198
0114720 2195219b 21972195 21982197 21922198
0114740 219a2193 219c2193 2199219a 219d21a5
0114760 21982198 21972194 218f2196 218f2193
0115000 219a2199 21a02196 21972194 219e21a3
0115020 21942196 2197219a 21992191 219e2197
0115040 219b219a 21962199 21962198 21932198
0115060 219b2191 21962197 218f2191 21942196
0115100 21952197 21972196 218f218d 21872192
0115120 218b218a 21872183 21902183 218e2191
0115140 21912191 218d2195 218e218c 21892182
0115160 21842181 21892193 2192218e 218b218c
0115200 21912188 218e2188 21862185 218c218e
0115220 2182218e 218d218b 218c2188 218b218e
0115240 217d218a 21882186 218d2184 2190218f
0115260 21892189 218d2190 2188218b 21902192
0115300 218f2190 218d218d 21862185 21822181
0115320 2185218b 21882186 21872184 2184218a
0115340 21872186 21882181 217c2181 217b2180
0115360 21802180 218b2184 21882187 2183217e
0115400 21872184 2184218e 21842189 21832183
0115420 21812183 21802187 2180218a 2184217c
0115440 2181217a 21822185 21812182 21852182
0115460 2186217c 2183217c 2185218a 21832186
0115500 2183218a 21882188 218d218c 2192218b
0115520 218a218c 21912192 2186218b 2189218a
0115540 21842187 218a218a 217b2181 2182217f
0115560 21902182 21892190 218c218d 218e218c
0115600 21822188 218d2186 218d218b 2189218a
0115620 218e218e 2186218c 21882188 21882186
0115640 218a2185 218c218d 21932193 21942194
0115660 2189218c 218b218b 21902192 21882191
0115700 21902186 21922188 2190218e 21962196
0115720 21902195 218d2193 21922192 218c2192
0115740 218b2190 2192218e 21972197 218c2192
0115760 218d218c 21882192 2194218c 21992193
0116000 2196218c 219a2193 2195219e 21982199
0116020 21942190 21962196 2198219d 219b219b
0116040 2198219b 219b2191 21972199 21942190
0116060 21912193 21942198 219f2196 21a5219e
0116100 2196219a 219a219a 21972198 219821a1
0116120 2195219c 21992191 21942196 21982190
0116140 219b219a 219b2195 2190219b 21992199
0116160 21972199 219f219d 21a621a3 21a3219d
0116200 21a121a2 219e21a5 21a22198 21a621a0
0116220 21a821a5 219a219d 21992196 21a521a7
0116240 21a021a0 21a021a7 21a221a3 219f21a0
0116260 21a8219c 21a0219b 21aa21a8 21a421a8
0116300 21a521ac 21a821a7 21a721a7 219e21a7
0116320 21a521a2 21a321a1 21a8219e 21af21a9
0116340 21a321aa 219d219e 21a0219d 219f2199
0116360 21a2219c 21a221a6 21a321a6 21a521a6
0116400 21a0219f 219e21a0 219d21a1 21a021a0
0116420 21a2219e 21a821a6 21a621ae 21a421a8
0116440 21a421a3 21aa21a4 21a6219f 21a821ab
0116460 21a221a2 21a121a1 21aa21a5 21af21aa
0116500 21a421a3 21aa21ac 21a721a1 21aa21b1
0116520 21b421ad 21a921b0 21a421af 21a321a6
0116540 21a821a3 21a221a6 21a421ad 219d21a9
0116560 21a9219f 21a921a5 21a821a7 21ad21a9
0116600 21a621b1 21a421ac 21ab21aa 21ac21a7
0116620 21a821ae 21ab21aa 21ac21ad 21b021ac
0116640 21b521ac 21b021b0 21aa21b2 21a821ab
0116660 21a621a7 21b121ad 21b321ac 21a921ac
0116700 21ab21b4 21ab21b1 21b421a9 21b921b7
0116720 21b921bc 21b421b7 21b021b7 21b421b0
0116740 21aa21ad 21b721ad 21a721af 21a821a8
0116760 21a121a5 21a921ad 21b121ae 21aa21af
0117000 21aa21af 21a921a7 21ad21ae 21b221b4
0117020 21b621b0 21ac21b3 21ac21a9 21b221af
0117040 21a821ad 21ac21a9 21a721a8 21a721a6
0117060 21ad21aa 21a221a4 21aa21a5 21aa21aa
0117100 21ae21a8 21a721a8 21a621a3 21a621a4
0117120 21aa21a5 21ad21a8 21a421a9 219f219e
0117140 21a621a0 21a121a4 21ab21a6 21a821ab
0117160 21ab21a6 21a221a5 219e21a1 21a521a0
0117200 21ac21a4 21af21a8 21a0219f 21a3219e
0117220 2192219b 21a2219b 21a221a6 21a521a6
0117240 219921a1 21952195 219d2198 219b219f
0117260 21a121a1 21a721a8 219a21a1 21982197
0117300 2198219f 2193219f 21a02199 21a3219b
0117320 21a621a2 219e21a7 219b219c 21a0219c
0117340 21972195 219f219b 219c219b 21a021a1
0117360 219d219b 219b219b 21a62196 21a0219f
0117400 219e219a 21a421a0 21a421a0 21992199
0117420 219d2193 219c21a0 21982199 219f2199
0117440 219c219e 219b219c 21a02199 21a6219a
0117460 21a221a8 21a521a3 21a121ad 21a1219f
0117500 21ac219f 21a121a8 21a721a8 21a6219f
0117520 21aa21aa 21ab21a8 21a421a4 21a321a4
0117540 21a921ad 21a8219d 21a721ab 21aa21ab
0117560 219d21a2 219f219d 21a221a4 21a221a0
0117600 21a321a2 219f21a4 21a421a3 21a5219f
0117620 21a021a4 21a721a1 21a121ab 21ab21aa
0117640 21aa21ad 21a621a6 21a821a7 21ac21a3
0117660 21ab21a7 21a321a4 21a721a2 21a521a7
0117700 21ac21ab 21a521aa 21aa21ab 219f21b1
0117720 21a621aa 21aa21ad 21ad21a8 21b721af
0117740 21aa21aa 21a521ae 21ab21aa 21a321ae
0117760 21a621a6 21af21ae 21b321b4 21b221b1
0120000 21b021b3 21a821ac 21ab21ad 21ad21ab
0120020 21ac21af 21ab21a9 21b121ab 21b421b6
0120040 21b821b5 21ba21b9 21b921bb 21b921bd
0120060 21b621b4 21b021b6 21b921b6 b0100476
0120100 00001004 0001000a 00010000 03b15ffa
0120120 00000ffc 0001000a 1400003c add01f00
0120140 add01f01 add01f02 add01f03 add01f04
0120160 add01f05 add01f06 add01f07 add01f08
0120200 add01f09 add01f0a add01f0b add01f0c
0120220 add01f0d add01f0e add01f0f add01f10
0120240 add01f11 add01f12 add01f13 add01f14
0120260 add01f15 add01f16 add01f17 add01f18
0120300 add01f19 add01f1a add01f1b add01f1c
0120320 add01f1d add01f1e ff000134 00000020
0120340 00000002 a0327887 00000001 deadbeef
0120360 f0000002 a0327873 190b3dd4 00000000
0120400 00000134 00001f48 a0110477 21f921b5
0120420 21f621f5 21fb21fb 21f321ef 21ef21ef
0120440 21ec21f1 21ec21ec 21f121f1 21e721ed
0120460 21ef21f4 21fb21ed 21ee21f8 21ef21f3
0120500 21f921f3 21f221ed 21f821f8 220021ff
0120520 21fd21f9 21f521fe 21f021f0 21f421eb
0120540 21f021f6 21f421f2 21f721f2 21f721ee
0120560 21f521f3 21f221f2 21f521f5 21f221f2
0120600 21ed21f2 21f121f4 21f221fc 21f621f2
0120620 21fb21f3 21f921fa 21fc21fe 21f621f7
0120640 21fd21f9 21f921f2 21f521f1 21f621f6
0120660 21fb21f5 21f021f7 21ed21f6 21ff21fa
0120700 21f42204 21fe21fa 21fb21fb 21f321f8
0120720 21f821f9 21f521f6 21fb21fb 21fb21fb
0120740 220021fe 220221fb 21fb2201 21f921fc
0120760 21fa21fb 21fd21f6 220121f6 21fe2202
0121000 21fe2208 22092208 22092202 22002203
0121020 22042200 21fe2201 220021fe 22002201
0121040 22002202 22032201 220b2208 22012203
0121060 220b2203 220c2205 213e21fe 1f4e203a
0121100 1e181e99 1d911dc4 1d5d1d70 1d4e1d50
0121120 1d511d50 1d4f1d4f 1d4d1d4f 1d4c1d49
0121140 1d471d50 1d3b1d46 1d401d48 1d441d40
0121160 1d4a1d49 1d421d48 1d4b1d4c 1d481d4a
0121200 1d461d44 1d4a1d48 1d511d4f 1d481d4f
0121220 1d481d4c 1d4e1d47 1d4c1d4f 1d551d52
0121240 1d5b1d57 1d4b1d4d 1d531d4e 1d581d56
0121260 1d581d57 1d591d5b 1d561d50 1d5d1d54
0121300 1d581d65 1d641d66 1d631d63 1d641d65
0121320 1d661d5f 1d611d61 1d601d5b 1d5e1d6b
0121340 1d631d5c 1d5e1d5d 1d5c1d59 1d651d5e
0121360 1d621d61 1d671d66 1d601d6a 1d5f1d64
0121400 1d601d5f 1d671d5f 1d691d6b 1d681d63
0121420 1d6e1d73 1d691d6c 1d6b1d6d 1d741d71
0121440 1d721d6d 1d6d1d6f 1d6f1d70 1d701d6f
0121460 1d6e1d6a 1d741d6a 1d721d6e 1d711d71
0121500 1d6c1d72 1d731d6f 1d781d71 1d751d77
0121520 1d741d72 1d711d6e 1d761d71 1d7d1d78
0121540 1d7b1d79 1d7e1d7a 1d7a1d7e 1d761d79
0121560 1d841d7d 1d811d7b 1d7e1d81 1d7c1d76
0121600 1d831d77 1d811d7d 1d781d83 1d7f1d7c
0121620 1d851d89 1d8a1d80 1d891d88 1d831d89
0121640 1d7f1d83 1d811d8c 1d851d8e 1d891d82
0121660 1d8c1d8b 1d861d86 1d841d86 1d861d87
0121700 1d891d8c 1d7c1d87 1d7a1d83 1d841d86
0121720 1d871d85 1d931d8a 1d851d8a 1d801d84
0121740 1d871d84 1d891d86 1d911d8d 1d811d8b
0121760 1d831d89 1d881d89 1d8b1d8c 1d971d8f
0122000 1d931d94 1d911d92 1d961d97 1d8c1d97
0122020 1d8d1d90 1d901d91 1d8d1d90 1d9a1d96
0122040 1d9d1d95 1d9e1d9a 1d951d93 1d941d97
0122060 1d941d93 1d921d94 1d8f1d93 1d941d94
0122100 1d921d96 1d991d9c 1d9a1d9b 1d991da3
0122120 1d9a1d9e 1d971d9f 1da21da1 1d991d9a
0122140 1d921d95 1d951d97 1d931d9e 1d9c1d95
0122160 1d981d9a 1da71d9a 1da41da2 1d9d1da0
0122200 1da21da0 1da41d9c 1da51da2 1da41d9a
0122220 1da31dab 1da31da0 1da61da2 1da11d9f
0122240 1d9d1da3 1da01da7 1dae1da4 1da51da8
0122260 1da71da3 1da51dae 1dae1db0 1dac1db1
0122300 1dab1da9 1da81daf 1dac1dac 1dac1dae
0122320 1dac1dac 1dac1daa 1da91da7 1d9d1da5
0122340 1da71da3 1dae1dae 1db11db5 1dba1db3
0122360 1db91db4 1dbb1dc0 1dba1dbc 1dbe1dc3
0122400 1db91db8 1dbc1dba 1dbe1dc4 1dbe1dc0
0122420 1db51dba 1db71db3 1db31db9 1db71db4
0122440 1db51dbc 1db91db7 1dc51db9 1dbf1dbf
0122460 1dbe1dbc 1dba1dc3 1dbd1dc2 1dc21dbd
0122500 1dbe1dbd 1dbd1dc2 1dbf1dc6 1dbc1dbf
0122520 1dc11dba 1dcb1dbd 1dc81dc9 1dcc1dc9
0122540 1dd71dd2 1dcd1dc8 1dc71dc6 1dc51dc9
0122560 1dc71dc9 1dcb1dc8 1dcd1dcf 1dc51dcd
0122600 1dd11dcd 1dca1dca 1dd71dd0 1ddb1dd6
0122620 1ddb1dde 1de11dd7 1dd21dd6 1ddb1dd9
0122640 1dd71dd3 1dd61ddc 1ddb1de1 1ddb1ddb
0122660 1dde1dd8 1dd51dd6 1dde1dd0 1dd71dd7
0122700 1dde1dda 1de01dde 1de11de3 1dd71dd9
0122720 1dd61dd1 1dda1dd6 1de01ddd 1de41de6
0122740 1dde1ddf 1de21de4 1de11dea 1de31de4
0122760 1de81ddf 1de01de2 1de61de0 1de31de6
0123000 1de31de5 1de51de8 1de51de7 1dee1dee
0123020 1deb1df2 1df21df2 1df81df1 1df11df5
0123040 1de81df6 1de71df1 1de91dea 1dea1ded
0123060 1deb1de9 1dea1deb 1df81df5 1df21df6
0123100 1df51dec 1df81df5 1df21df4 1dfc1df8
0123120 1e001dfc 1dfa1df8 1df51df2 1dfa1dfd
0123140 1dfe1e04 1dfe1dfd 1df91dfb 1df31df5
0123160 1dfe1df6 1dfd1dfa 1e011dfd 1e001dff
0123200 1df71e00 1e071e03 1e041e03 1e011e02
0123220 1dfd1e05 1e051e01 1e031e05 1e021e09
0123240 1e011e09 1e0c1e04 1e0a1e0e 1e091e02
0123260 1e0c1e05 1e0b1e11 1e0d1e0e 1e081e0b
0123300 1e0d1e15 1e071e14 1e091e0d 1e171e0a
0123320 1e101e13 1e0f1e0e 1e111e0d 1e131e10
0123340 1e111e0e 1e1b1e16 1e141e12 1e181e1d
0123360 1e1e1e19 1e231e18 1e201e22 1e1f1e22
0123400 1e171e22 1e1f1e17 1e221e1b 1e1f1e23
0123420 1e251e24 1e2a1e26 1e2d1e25 1e251e26
0123440 1e2b1e25 1e251e2f 1e2a1e24 1e2e1e2b
0123460 1e381e2e 1e2d1e35 1e341e30 1e351e2f
0123500 1e341e32 1e381e30 1e2e1e33 1e301e28
0123520 1e2f1e31 1e391e30 1e361e33 1e301e39
0123540 1e2d1e31 1e381e33 1e3b1e33 1e3d1e36
0123560 1e371e37 1e341e34 1e3b1e3c 1e381e34
0123600 1e441e37 1e3e1e3e 1e311e33 1e301e30
0123620 1e2f1e31 1e3a1e36 1e371e38 1e371e42
0123640 1e441e3c 1e3d1e37 1e451e3e 1e431e40
0123660 1e411e44 1e411e3e 1e451e47 1e521e46
0123700 1e541e4d 1e451e4e 1e4a1e46 1e4e1e48
0123720 1e471e46 1e4c1e49 1e4d1e48 1e501e4e
0123740 1e511e4c 1e4e1e4f 1e481e50 1e4c1e4c
0123760 1e421e51 1e4e1e4a 1e491e4c 1e481e4b
0124000 1e461e4e 1e481e4e 1e4d1e4d 1e441e4e
0124020 1e541e4f 1e541e52 1e4f1e50 1e4e1e52
0124040 1e521e52 1e4a1e51 1e4d1e4d 1e581e4c
0124060 1e531e56 1e581e4f 1e531e58 1e4f1e55
0124100 1e571e57 1e5a1e59 1e5f1e56 1e5b1e59
0124120 1e5e1e60 1e581e5d 1e641e5c 1e611e59
0124140 1e591e60 1e591e59 1e5e1e55 1e5b1e5a
0124160 1e5d1e60 1e5d1e5b 1e571e57 1e621e59
0124200 1e621e62 1e681e62 1e671e68 1e611e66
0124220 1e5f1e61 1e6b1e5f 1e611e5b 1e671e69
0124240 1e651e65 1e661e64 1e6a1e69 1e651e6b
0124260 1e681e6d 1e6a1e72 1e751e74 1e711e6c
0124300 1e711e6b 1e6e1e6e 1e721e67 1e741e79
0124320 1e6f1e72 1e861e76 1e771e81 1e731e73
0124340 1e7b1e7b 1e6b1e7b 1e781e6d 1e7b1e74
0124360 1e7a1e76 1e7d1e76 1e831e7e 1e7e1e7e
0124400 1e781e7b 1e7f1e7a 1e7f1e7d 1e801e7f
0124420 1e891e85 1e881e8b 1e8d1e8a 1e891e8f
0124440 1e881e89 1e881e82 1e8b1e82 1e831e90
0124460 1e891e8b 1e7e1e83 1e861e85 1e871e8b
0124500 1e891e8a 1e841e88 1e8c1e91 1e8c1e8b
0124520 1e911e8a 1e911e91 1e8d1e91 1e8f1e95
0124540 1e981e91 1e921e92 1e951e8f 1e8f1e97
0124560 1e8c1e90 1e931e84 1e8e1e97 1e911e8e
0124600 1e951e9a 1e9e1e91 1e9f1e9a 1ea21e99
0124620 1e9c1e9d 1ea51ea1 1e981ea2 1e971e99
0124640 1e991e95 1e961e97 1e9e1e9e 1e9d1e9c
0124660 1e9e1ea0 1ea11e9f 1e9a1e99 1e9d1e9d
0124700 1ea11e9f 1ea41e9d 1e9d1ea4 1ea21ea5
0124720 1eab1ea7 1ea51ea6 1ea61ea0 1ea31ea0
0124740 1ea21e9c 1ea91ea4 1ea41ea8 1ea61eab
0124760 1ea91eaa 1ea61ea1 1ea91eaa 1eaf1ea6
0125000 1ea81eae 1eaf1eac 1eab1ea9 1eb11eaf
0125020 1eae1eb1 1eb01eaa 1eb11ead 1eaa1eac
0125040 1eb01eb0 1eb61eae 1ebc1eb7 1eaf1ead
0125060 1eb31eb0 1eae1eaf 1ebd1eb7 1eb81eb8
0125100 1eb51eb6 1ead1eb8 1eb81eb2 1eba1eb5
0125120 1eb71eae 1eb21eb5 1ebf1eba 1eba1ebc
0125140 1eb11eb5 1ebb1eb8 1eb91eb4 1ebc1eb7
0125160 1eb51eb9 1ebe1eb9 1ec31ec2 1ec21ec0
0125200 1ebb1ebc 1ec51ebf 1ebf1ec2 1ebd1eb8
0125220 1ebe1ec0 1ec01ebf 1ebc1ebc 1ebd1ebd
0125240 1eb81eb9 1ec01ebf 1ebc1ec1 1ec21ec5
0125260 1ec31ebd 1ec51ebd 1ecc1ecb 1ec61eca
0125300 1ece1ecd 1ec31ec7 1ecc1ec0 1ec71ec3
0125320 1ec81ec7 1ec91ec8 1ec41ec9 1ec11ec5
0125340 1ec71ec9 1ec91ecb 1ed61ed1 1ecd1ecf
0125360 1ec71ed0 1ec71ec6 1ec61ec9 1ec51ec9
0125400 1ec41ecb 1ec41ec5 1ed11ec8 1ecf1eca
0125420 1ed31ed2 1ed81ed8 1ed81ed0 1ece1ed5
0125440 1eca1ecd 1ed31ecf 1ed11ed4 1ed71ed4
0125460 1ed11ed7 1ecd1ed1 1ec91ecc 1ecd1ec9
0125500 1ecf1ec9 1edb1ecf 1ed31ed8 1ed61ed7
0125520 1edc1ed3 1ed91edd 1ed51ed3 1ed91ed6
0125540 1ee01ed7 1ed61edf 1eda1ed7 1ed51edb
0125560 1edb1ed9 1edf1ee2 1ed91ed9 1ed71ed9
0125600 1ede1ed9 1ee01edc 1eec1ee0 1ee71ee5
0125620 1eeb1edf 1ee61ee3 1edd1ee4 1ee31ee3
0125640 1ee11edf 1ee51edb 1edd1ee3 1edb1ede
0125660 1ee01ee4 1ee41ede 1ee61ee2 1ee61eeb
0125700 1ee41ee7 1ee61ee8 1ee71ee5 1ee51ee5
0125720 1ee91eeb 1ee41ee8 1ee71eec 1ee41ee7
0125740 1ee91ee6 1eeb1ee8 1ee81ee6 1eeb1eed
0125760 1ef41eef 1ef01eef 1eed1ee9 1eeb1eee
0126000 1ee91eea 1eec1eed 1ef41eed 1eeb1ef2
0126020 1eed1eef 1ef21eea 1ef21eef 1ef21ef0
0126040 1ef21ef4 1eef1ef2 1eec1ef5 1ef11eee
0126060 1eeb1eed 1eea1eef 1ee61ee3 1ef01eee
0126100 1ef61ef7 1ef61ef2 1ef41ef3 1ef11ef4
0126120 1ef41ef5 1ef61efc 1efc1ef8 1ef81efb
0126140 1ef81efb 1ef61ef7 1ef81efa 1ef21efc
0126160 1ef31ef9 1ef31ef4 1ef61ef3 1ef31ef8
0126200 1f021efb 1efb1ef9 1ef11ef7 1ef91efc
0126220 1ef51ef5 1ef01eed 1ef61ef4 1ef11ef1
0126240 1ef41eee 1ef61efb 1efb1efa 1ef21ef8
0126260 1ef81efb 1ef81efc 1efb1ef5 1f0b1f07
0126300 1f091f05 1f0b1f05 1f051f0c 1f051f0b
0126320 1f111f06 1f121f0a 1f0b1f13 1f0e1f0c
0126340 1f091f0b 1f0e1f0d 1f051f0e 1f071f0b
0126360 1f0d1f11 1f0e1f12 1f0d1f11 1f0d1f0a
0126400 1f0c1f0e 1f0b1f12 1f121f0b 1f171f15
0126420 1f191f16 1f0e1f14 1f0b1f0b 1f121f0d
0126440 1f191f0c 1f1b1f18 1f1c1f1a 1f161f1d
0126460 1f1b1f1b 1f161f17 1f1d1f1b 1f141f16
0126500 1f1c1f18 1f171f1a 1f201f19 1f151f0f
0126520 1f1a1f19 1f1d1f1f 1f1d1f16 1f1d1f1f
0126540 1f211f1f 1f271f27 1f251f24 1f251f22
0126560 1f241f25 1f201f1f 1f2a1f27 1f2d1f2b
0126600 1f331f2b 1f361f31 1f2c1f34 1f2a1f33
0126620 1f2f1f34 1f391f32 1f2c1f35 1f301f2e
0126640 1f321f31 1f3e1f3a 1f3c1f39 1f3a1f36
0126660 1f3a1f3a 1f361f3c 1f361f37 1f351f35
0126700 1f3b1f37 1f3e1f37 1f3c1f3a 1f3a1f42
0126720 1f3b1f3b 1f3a1f3b 1f401f3f 1f431f43
0126740 1f471f47 1f441f45 1f461f45 1f3f1f3c
0126760 1f431f40 1f421f42 1f481f40 1f4a1f4e
0127000 1f4d1f4a 1f441f50 1f501f48 1f501f4b
0127020 1f4a1f49 1f511f4f 1f541f55 1f481f4c
0127040 1f581f4c 1f561f4c 1f561f53 1f591f5d
0127060 1f571f5c 1f5a1f54 1f591f5a 1f511f59
0127100 1f561f5a 1f5c1f5a 1f571f57 1f601f53
0127120 1f5a1f58 1f5f1f63 1f5f1f62 1f5d1f5b
0127140 1f641f61 1f5d1f61 1f591f59 1f5f1f5d
0127160 1f601f60 1f641f61 1f601f65 1f641f64
0127200 1f671f68 1f6d1f6a 1f691f65 1f6a1f69
0127220 1f681f67 1f691f66 1f701f67 1f6e1f70
0127240 1f651f6f 1f681f6e 1f691f5e 1f6a1f6e
0127260 1f731f6f 1f701f6f 1f6e1f70 1f781f72
0127300 1f721f71 1f751f6c 1f731f77 1f711f75
0127320 1f751f77 1f721f6e 1f791f74 1f751f73
0127340 1f711f73 1f6d1f6f 1f741f71 1f761f71
0127360 1f711f71 1f721f75 1f781f77 1f7a1f77
0127400 1f741f74 1f751f76 1f761f74 1f741f74
0127420 1f791f79 1f801f80 1f7a1f7f 1f781f7a
0127440 1f791f7b 1f761f75 1f7b1f79 1f771f7b
0127460 1f721f76 1f7d1f75 1f811f7b 1f7b1f77
0127500 1f741f7a 1f7c1f79 1f721f78 1f781f72
0127520 1f791f73 1f731f78 1f7c1f7a 1f7b1f81
0127540 1f7e1f79 1f7e1f7e 1f811f7d 1f7f1f84
0127560 1f821f83 1f7b1f7a 1f821f7d 1f791f7e
0127600 1f791f71 1f7c1f7d 1f821f81 1f7a1f7f
0127620 1f811f89 1f801f7f 1f7b1f7f 1f871f84
0127640 1f861f82 1f871f7e 1f7f1f7f 1f7d1f83
0127660 1f851f81 1f881f83 1f881f85 1f821f88
0127700 1f831f88 1f8f1f8b 1f891f8b 1f891f8e
0127720 1f811f87 1f8d1f8b 1f941f88 1f8f1f91
0127740 1f8e1f8b 1f8d1f8c 1f8b1f94 1f7c1f82
0127760 1f821f82 1f7f1f7e 1f851f82 1f891f8b
0130000 1f8d1f89 1f8d1f86 1f8b1f8c 1f891f90
0130020 1f851f8c 1f881f89 1f891f87 1f8c1f8e
0130040 1f8c1f91 1f8c1f90 1f8d1f8c 1f8f1f90
0130060 1f8c1f92 1f8d1f8e 1f8d1f92 1f8d1f92
0130100 1f8f1f8f 1f8d1f91 1f821f86 1f8b1f88
0130120 1f8a1f88 1f8a1f80 1f891f82 1f891f8a
0130140 1f8d1f8e 1f961f91 1f931f8f 1f8e1f91
0130160 1f911f90 1f8d1f8d 1f8c1f8e 1f8d1f93
0130200 1f8f1f8e 1f941f93 1f881f87 1f921f88
0130220 1f8b1f93 1f871f85 1f851f8e 1f821f83
0130240 1f831f85 1f891f88 1f851f83 1f8a1f85
0130260 1f8d1f88 1f8b1f90 1f8a1f8a 1f931f90
0130300 1f8f1f94 1f8e1f94 1f921f8f 1f911f8d
0130320 1f8b1f8e 1f8d1f90 1f961f93 1f8c1f8e
0130340 1f891f8a 1f891f8a 1f8e1f8c 1f8f1f8c
0130360 1f971f9a 1f9c1f93 1f951f95 1f8c1f8d
0130400 1f851f8c 1f8b1f8e 1f8f1f8d 1f981f90
0130420 1f8c1f8f 1f8e1f93 1f8b1f8e 1f911f88
0130440 1f941f8d 1f8d1f8e 1f931f94 1f8d1f98
0130460 1f881f8f 1f901f8c 1f8c1f91 1f911f90
0130500 1f881f8d 1f8a1f8c 1f8b1f8a 1f821f8e
0130520 1f8d1f86 1f8c1f8c 1f891f8b 1f8c1f90
0130540 1f931f90 1f931f94 1f941f96 1f911f93
0130560 1f921f99 1f901f90 1f961f9a 1f911f95
0130600 1f961f93 1f971f96 1f981f9d 1f981f98
0130620 1f9c1f9b 1f941f96 1f951f93 1f941f91
0130640 1f9b1f95 1f961f90 1f9a1f93 1f971f93
0130660 1f991f94 1fa11fa5 1f961f9a 1f9d1f9f
0130700 1fa11f94 1f971fa1 1fa61f9e 1fae1fa3
0130720 1fa31fa5 1f9c1fa6 1fac1fa8 1fa91fac
0130740 1fae1faa 1fa91fa5 1fa41fac 1fa21fa8
0130760 1fa61fad 1fab1fa9 1fa71fad 1fa61fab
0131000 1fab1fa9 1fb11fab 1faa1fb0 1fb01fb0
0131020 1fb31fb3 1fb01fb3 1fae1fb4 1fb61fbd
0131040 1fbd1fb4 1fbb1fbb 1fb21fb7 1fb31fba
0131060 1fb81fb2 1fb91fb9 1fb41fb6 1fb21fba
0131100 1fb21fb3 1fb71fb5 1fbb1fba 1fbb1fbd
0131120 1fbb1fc0 1fbe1fb9 1fc01fc0 1fc11fbf
0131140 1fc11fbf 1fc21fc0 1fcc1fc7 1fc91fce
0131160 1fc51fca 1fcf1fc9 1fd41fd2 1fc61fd0
0131200 1fd21fcb 1fc11fd7 1fd31fcc 1fd11fd6
0131220 1fd71fd8 1fdc1fd4 1fdc1fd8 1fd51fde
0131240 1fd81fda 1fdc1fdc 1fd81fdd 1fdf1fdf
0131260 1fda1fdb 1fd71fdd 1fdf1fda 1fd81fe0
0131300 1fdd1fe0 1fdb1fdc 1fda1fde 1fe71fdc
0131320 1fe51fe8 1fe81fe8 1fdb1fe5 1fd81fdc
0131340 1fe31fe0 1fe21fde 1fe71fe2 1fee1fe5
0131360 1fed1fee 1fe61fe8 1fee1fe4 1fec1feb
0131400 1fe71fe8 1fec1fec 1ff11ff0 1ffa1ffb
0131420 1ff81ff9 1ff71ffc 1ff21ff3 1ff61ff9
0131440 1ffa1ff5 20011ffc 20071ff8 1ffd2002
0131460 1ff71fff 1ff81ff5 20001ffc 20082003
0131500 20042002 20042002 20011ffc 1ff71ffa
0131520 1ffc2001 1ffa2000 20052007 20032003
0131540 20051ffa 1fff2003 20032000 20032003
0131560 1fff1ffe 20021ffb 20042003 200b2008
0131600 20082004 20042004 200c2008 2002200d
0131620 20082009 20102010 20162014 20122010
0131640 20132012 20122013 20132014 2014200e
0131660 20162018 20132013 20162013 201b201d
0131700 20142018 200a2010 2010200b 2008200c
0131720 2013200b 200e2012 200f2011 201b2019
0131740 20142018 20182017 20182013 20192011
0131760 201f2012 20192017 201c2017 20202019
0132000 201c201f 201e201c 20182022 2015201a
0132020 2015201c 2022201e 2024201c 201d201e
0132040 201e201d 2018201c 20242019 201d201d
0132060 201a2023 201f2022 20232028 202d2022
0132100 2024202b 201d2020 20212025 20282022
0132120 20262022 20242026 20282029 201e2025
0132140 202c2029 20242025 20222021 2026202f
0132160 201c2026 20212022 2020201e 20202022
0132200 202a2020 202c202a 20272026 2029201c
0132220 2026201f 202d202e 20272032 20262023
0132240 20292026 2026202b 202d2028 2029202a
0132260 202c202b 202e2027 20292037 202d2029
0132300 202c202f 20282020 20292026 20242027
0132320 2022201f 20222025 2029201c 20272026
0132340 20212026 20192024 20252020 20262023
0132360 20302025 2029202e 20262025 2024202d
0132400 20272022 202e2026 202c2028 2031202c
0132420 201e2029 202f2026 20262034 20272028
0132440 20262024 20262025 20212026 2018201a
0132460 201a2018 201e201a 20232021 202a2022
0132500 202a201e 20272026 201f2023 20172021
0132520 2019201f 2024201c 2020201f 20212022
0132540 201e2018 2018201a 20192017 2018200f
0132560 20112012 20132013 201a2018 20162016
0132600 20142014 2011200c 20112012 2013200a
0132620 20162011 20142017 200d2011 20122017
0132640 20122012 2019200e 20142015 20162014
0132660 201c2018 201d2018 2017201f 20182016
0132700 20152015 201a2022 201e201d 2022201c
0132720 201a201f 20162016 2019201a 201e201b
0132740 201c2021 20212024 2019201e 2018201f
0132760 2014200e 20162018 20132011 2018201c
0133000 201d2021 201d2015 201c201e 200f2013
0133020 20102011 20172016 20182018 20192018
0133040 20182014 200c2011 20162011 20182016
0133060 2016200d 20132013 20142013 201e201c
0133100 201e201e 2021201c 2024201e 201f2020
0133120 20232029 202b2028 20232031 201b2016
0133140 201a2022 20232018 20222027 20262023
0133160 202d2024 2027202f 20282032 2024201f
0133200 20182019 2022201f 2025201f 20262020
0133220 202c2025 2030202d 2035202e 2028202c
0133240 20292029 20292028 202f2029 20342031
0133260 202b202a 202f202e 202a202f 202d2026
0133300 2034202b 202a202d 20322033 202b202d
0133320 2036202c 20322031 20362035 203d2039
0133340 20322036 20332037 20312034 20372039
0133360 20472046 2041203c 203e203a 2034203d
0133400 20402041 2041203c 20432040 20422042
0133420 203f2044 20452048 204c2049 2049204e
0133440 204d204b 2044204e 2041204c 204c204b
0133460 204e2046 2052204c 20522051 204d2050
0133500 204d2050 20582050 20552050 20532054
0133520 20522052 2058205a 2058204c 205f2055
0133540 205b205e 2059205f 205f2062 2060205d
0133560 20682060 20612061 20602060 20662060
0133600 206a2064 20662064 20672069 206c206c
0133620 2068206f 20612064 20682067 206d2065
0133640 2079206f 20752075 20792079 206e206f
0133660 20742075 2072206c 206e206f 2070206a
0133700 2070206b 207a2076 2073207a 20782079
0133720 207a207a 20772078 20752076 20832074
0133740 2078207f 2076207c 2081207c 20822082
0133760 20812087 20852085 207c207c 20812079
0134000 208b2088 20832086 2088208a 20812089
0134020 208a208d 2082208c 2089208d 208e2090
0134040 208a2084 20862080 20852089 20892089
0134060 20972090 2090208f 2092208c 20882095
0134100 208b208d 20912093 2098208a 2091208e
0134120 20982093 208c209b 20982091 209a2099
0134140 20982098 20952097 20a020a0 209c209c
0134160 209820a2 20992099 209d2094 20a220a1
0134200 20a620a6 20a420a2 20a8209e 20a620a4
0134220 20a820aa 20ad20a5 20a020a3 20ab209f
0134240 20a4209e 209e20ad 209f20a2 20ac20a4
0134260 20af20a7 20a820a7 20a920a8 20a720ac
0134300 209f20a6 20a3209d 20a920a6 20af20b0
0134320 20ab20ac 20ae20ab 20ad20aa 20ae20a6
0134340 20a920ac 20b020ae 20a820a1 20a320a9
0134360 20ad20a3 20a920b2 20af20af 20a420b3
0134400 20a920a4 20a320b1 20a020a6 20a820a9
0134420 20a920a7 20ab20a9 20b220a8 20b420b6
0134440 20b320b8 20af20b6 20b620ad 20b720ac
0134460 20b820b6 20bf20ba 20b320ba 20b920b5
0134500 20bd20b9 20bf20ba 20b920bb 20b720b6
0134520 20b220b0 20af20aa 20ac20b0 20b520b3
0134540 20b820b5 20b820bb 20b220b5 20ae20ad
0134560 20b520b2 20b620ad 20ae20b1 20b720b3
0134600 20b620b7 20bf20be 20ba20be 20bf20b7
0134620 20b320b1 20aa20b0 20ae20b3 20ac20b0
0134640 20aa20a4 20b220b1 20ae20b1 20ad20b1
0134660 20aa20af 20ad20b0 20ad20ad 20ae20a8
0134700 20a720ae 20a820a0 20aa20a8 20aa20ab
0134720 20a520ae 20a420a4 20ad20ab 20a320a7
0134740 20a0209b 209f20a2 209f20a4 20a620a1
0134760 209f2098 20a720a0 209720a2 209e20a1
0135000 209d20a1 20a22099 20a020a1 209e20a0
0135020 20a220a2 209f209f 20a1209d 20a320a4
0135040 209b20a1 209d209f 20a2209f 20a320a3
0135060 20a520aa 20a220a8 20992098 209e20a2
0135100 20962095 20a120a0 20a820a4 20a420a6
0135120 20a220a6 20a220a4 20a420a5 20a120a4
0135140 209e209e 209a209a 209a209b 209f209e
0135160 209a209d 20952098 2097208f 209c2092
0135200 209b2096 20962096 20932092 20992095
0135220 209a2099 2099208f 20912092 209e2099
0135240 2096209a 20952091 208c2090 208c208e
0135260 20942098 2092208a 2095208d 20942093
0135300 208f2097 20902092 20962090 209c2096
0135320 20a1209e 2095209c 208c2098 20962099
0135340 20992095 209f209d 209c2098 209c209a
0135360 20992098 20992096 208e2090 208e208d
0135400 20962099 2095209b 209f2094 20952099
0135420 20962093 209c2094 209b209a 209a2097
0135440 20942097 209a209e 2097209f 209d209a
0135460 20a2209c 209a20a1 209a2095 209b209e
0135500 209b2096 2098209c 209b209c 20a120a1
0135520 20a720a9 20a020a1 209d209b 20a1209e
0135540 20a520a6 209e20a3 209d209a 20a4209d
0135560 20a720a4 20a520a2 20a920ae 20a220a1
0135600 2099209b 20ad20aa 20a720ad 20b320b5
0135620 20ac20b2 20b120a8 20a720ab 20a320a6
0135640 20ad20a7 20a520ac 20b420ad 20b520b5
0135660 20b420be 20bb20b7 20b520af 20b420b8
0135700 20b220b7 20b320b9 20b720ba 20af20b5
0135720 20b820b9 20bb20bd 20b720b8 20ba20b9
0135740 20bc20b8 20be20b8 20bb20bc 20be20c1
0135760 20ba20bd 20b320ba 20bf20b8 20b920bc
0136000 20b820b6 20bc20bb 20b820b8 20bf20ba
0136020 20c320c5 20c620c7 20c220c3 20c420c8
0136040 20c820cb 20c920c9 20c220c5 20c920c8
0136060 20c620c3 20d120c6 20cd20c9 20ce20cb
0136100 20cf20ce 20cc20cf 20cd20c9 20c720ce
0136120 20cf20ce 20c620ca 20cf20c9 20d220d1
0136140 20d320d2 20d720db 20d120d8 20dc20d9
0136160 20d720d9 20d120dd 20da20da 20dc20d5
0136200 20d720d3 20d720d8 20d520d4 20d820d8
0136220 20da20d1 20db20e0 20e520e3 20e720e6
0136240 20df20de 20d820de 20df20db 20e020dc
0136260 20e020e3 20e020e3 20e520e3 20e120e3
0136300 20e620e9 20e120e8 20e120e6 20f220ec
0136320 20ea20eb 20f320e6 20eb20ed 20de20ec
0136340 20e620e1 20e720e4 20ee20e9 20e020e6
0136360 20ea20ed 20ec20f0 20f120f1 20f820f1
0136400 20fa20f6 20fc20f7 20f720f6 20fb20f8
0136420 20fb20f3 20f920f8 20ff20fe 20fb20ff
0136440 20fd20fd 210220fe 20fd20ff 20f72101
0136460 210320f8 20fe20fb 20fb20fe 20ff2100
0136500 20fb2102 20fc20fd 20fe20fe 210020f4
0136520 210720fb 21052103 21052108 210a2105
0136540 210e210d 21102108 210d2110 210f2112
0136560 21032108 210f2107 2106210f 210c2108
0136600 210d210e 2107210d 2111210f 21082109
0136620 2108210b 2110210d 21132110 21122115
0136640 210f2111 21102118 210f2110 210f210f
0136660 2112210f 21142112 21172116 2118211a
0136700 21112114 210c2109 21122107 21112114
0136720 21082118 210e2110 2113210f 21122114
0136740 2114210e 21142115 21172118 21172113
0136760 21172115 2117211b 21142118 211b2118
0137000 2119211d 21122119 2117210c 2118211a
0137020 21162112 2119210e 21152119 21162116
0137040 210c211c 21192115 21172112 2108210d
0137060 2113210d 210e2111 21142113 21142117
0137100 210f2111 210c2119 21122114 21172115
0137120 21172119 21122112 2111210e 21192116
0137140 2111210f 21182115 210f2113 21162111
0137160 210c2113 210f210f 210c210f 210b2112
0137200 210d210f 210d2111 21102110 2109210a
0137220 210a2106 21052104 21052104 20fc2104
0137240 20fd2105 21062101 20fe2103 2106210a
0137260 2106210b 210a2103 2108210e 20fd2102
0137300 21072109 21042102 21082108 21032105
0137320 20ff20fd 21022100 21002102 21012101
0137340 210020fc 20fa2104 20f620fb 20f520f8
0137360 20fc20fa 20ff20f9 20fc2100 20fa20f6
0137400 20ff20f9 20fb20fa 20ff20fe 20ff2102
0137420 210220ff 20fa20f7 20fb20f7 20f720fa
0137440 20fa20fa 20fd20fd 20f620fa 20fa20fe
0137460 20fa20fd 20f220f6 20f220fa 20f320f6
0137500 20f920f0 20fe20fc 20f320fc 20fa20fd
0137520 20f320f4 20fc20f3 20f520fb 20f920f9
0137540 2103210b 20fa20fc 21042102 20f820f9
0137560 20eb20f3 20f220fe 20fc20f0 20f620f6
0137600 20f620f2 20f520fd 210120fd 20f720f8
0137620 20f820f7 20f620fd 20f020f4 20f320ef
0137640 20f820f7 20ff20f2 20fb20f6 20fe20f7
0137660 20fd20fe 20f320f9 20f220f7 20f420f2
0137700 20ef20fd 20f220f5 20fc20f7 20ff20fe
0137720 20fe20fe 20f720fc 20f620fa 20f420f3
0137740 20f120f7 20f220ef 20f620f1 20fa20f4
0137760 20ef20f6 20ee20f2 20f820f6 20f820f9
0140000 20fd20fe 20f520fb 20fe20fa 20f620fe
0140020 20f620fb 20fe20ff 20fa20fd 20f720fb
0140040 20f720f7 20fa20fa 20fd20fe 20fd2101
0140060 21072100 20f920fc 20fc20fe 20f820f4
0140100 20fc20f6 20fe20f1 20f620f7 b0110477
0140120 00001004 0001000a 00010000 03b15ffb
0140140 00000ffc 0001000a 1400003c add01f00
0140160 add01f01 add01f02 add01f03 add01f04
0140200 add01f05 add01f06 add01f07 add01f08
0140220 add01f09 add01f0a add01f0b add01f0c
0140240 add01f0d add01f0e add01f0f add01f10
0140260 add01f11 add01f12 add01f13 add01f14
0140300 add01f15 add01f16 add01f17 add01f18
0140320 add01f19 add01f1a add01f1b add01f1c
0140340 add01f1d add01f1e ff000134 00000020
0140360 00000002 a05c7234 00000001 deadbeef
0140400 f0000002 a05c7220 01033831 00000000
0140420 00000134 00001f48 a0100478 21d62100
0140440 21da21de 21da21db 21d821d7 21e921dd
0140460 21df21df 21e421e6 21e521e8 21e821e8
0140500 21e821e8 21e821e8 21ea21e2 21ef21ea
0140520 21f421eb 21e921e6 21e821e8 21e721ed
0140540 21ea21e6 21e821ed 21ee21e5 21ef21ee
0140560 21ed21ea 21f521f0 21f421ee 21f221ed
0140600 21ed21f2 21eb21ed 21eb21f4 21ff21f2
0140620 220021f7 21fd21fd 21fc21fb 220021f7
0140640 22002202 22002204 21f421fc 21fd21fc
0140660 21ff21fe 22072205 2209220b 2203220e
0140700 21fd2205 220321ff 22082203 22072201
0140720 21fd2209 220921ff 2208220b 220f2209
0140740 220f2212 220e2213 22152217 22142211
0140760 221d2217 221b2213 22152215 22102213
0141000 22112211 22122214 220f2212 221a2215
0141020 22112211 2217220f 22102210 221e2212
0141040 221b2218 221a221a 2214221c 22122218
0141060 221c221a 221b221a 2215221b 22142218
0141100 2212221c 2221221e 21e32215 216621a3
0141120 21172139 20ed2102 20de20e1 20d620d4
0141140 20cf20d4 20d520d2 20dc20da 20e720e3
0141160 20dc20dc 20d620dc 20da20dc 20d620d4
0141200 20df20df 20de20df 20de20da 20df20d7
0141220 20d020d8 20d620d5 20d320d6 20d220d5
0141240 20d820da 20e520db 20dc20db 20df20dd
0141260 20d920e0 20e020e1 20e120de 20db20e0
0141300 20d920de 20db20df 20dc20de 20e720e4
0141320 20ea20e3 20e720e9 20e720e7 20df20e1
0141340 20e120d9 20e420e4 20d920e6 20e420e5
0141360 20e320e8 20e320db 20dd20dc 20e420de
0141400 20d620df 20da20d9 20e620d9 20df20e1
0141420 20dc20e1 20da20dc 20da20de 20dc20db
0141440 20e020e0 20ce20d6 20d620d7 20db20d4
0141460 20db20d8 20d720d5 20d820d1 20ce20d0
0141500 20dc20d8 20d720dd 20da20d6 20db20e0
0141520 20d320d5 20d820d3 20d820d8 20dd20d2
0141540 20d420dc 20d820d4 20d120d8 20cb20d1
0141560 20d720c9 20cd20d1 20c720c9 20d020d0
0141600 20d320d2 20cc20ca 20c420c7 20cd20ce
0141620 20c820cc 20c720c1 20c320c5 20c320c6
0141640 20be20c6 20c920c7 20c720ca 20d120cb
0141660 20d620ce 20cf20d1 20c420c5 20c620d0
0141700 20d020d2 20bf20c3 20be20c3 20b620bc
0141720 20af20b9 20b820b7 20bb20bc 20b020b4
0141740 20b420b7 20ba20bc 20af20b3 20ae20b3
0141760 20b620ae 20b220af 20bb20b1 20b620b5
0142000 20b120b2 20a620a9 20a720a6 20a620aa
0142020 20a720a2 20a020a4 20a620a2 20ae20ad
0142040 20a720b1 20aa20a5 20a520a1 20a620a4
0142060 20a720a7 209e20a8 20a120a2 209c2099
0142100 209e20a0 209b20a1 209f2099 209a2097
0142120 20942096 20952095 2092209d 20972099
0142140 20a02098 2096209e 20a120a2 209c20a1
0142160 20a2209c 20962094 20962095 20952099
0142200 20942096 209b209a 20962094 20942096
0142220 208f2089 20972091 208e2094 208d208e
0142240 208a2090 2092208b 209b2099 20952094
0142260 2091208f 20932096 209a2098 208e2091
0142300 20922090 2090208e 20952091 208b2090
0142320 208e208f 208d208b 208b2093 2092208e
0142340 20912091 20932093 20912091 20952091
0142360 20942097 20952092 20972096 2091208f
0142400 2097208e 208c2088 20892089 208d2090
0142420 20892082 20932089 208c208d 208a2090
0142440 208a208d 2091208b 20942090 209c2093
0142460 2098209b 20992095 20962093 20942093
0142500 209a208f 208d2094 20902094 209f2091
0142520 209c2097 20942097 20942094 209f2098
0142540 209e209e 20a6209c 20a4209f 20a620a5
0142560 20a220a6 209b209f 209b2099 209f209b
0142600 2094209c 209a2098 209f209e 20a2209f
0142620 2099209d 20a120a2 209d20a0 20a320a7
0142640 20a320a3 20a020a8 2098209f 209e20a3
0142660 20a120a6 20a1209f 209c20a7 20ab209e
0142700 20af20af 20a720ac 20ad20a9 20ad20ae
0142720 20a820b0 20a920ac 20a820ab 20af20ab
0142740 20b220b4 20b320b6 20b620b7 20b720b0
0142760 20b620b2 20b320b6 20ae20b1 20b720ae
0143000 20ba20b4 20bb20bb 20be20bd 20b920ba
0143020 20b920c0 20bb20bc 20bf20bd 20c220c1
0143040 20cb20c7 20bc20c5 20c120cb 20c120c3
0143060 20c620c5 20ca20c3 20c920c3 20cb20c1
0143100 20c420c3 20c920c6 20cd20cb 20cd20cd
0143120 20d120c8 20cc20cc 20d120ca 20c920d4
0143140 20d720d6 20d820dd 20d820d2 20db20de
0143160 20d620d8 20d620e2 20d520d3 20dc20d4
0143200 20d420d9 20d420d9 20db20d9 20d220d5
0143220 20e020d5 20df20dc 20e020e3 20d920e0
0143240 20e120db 20db20d8 20d820da 20d920dd
0143260 20df20d8 20e020dd 20e020e2 20de20e3
0143300 20e020e4 20dd20e5 20e620e4 20e620e4
0143320 20dc20de 20e220e0 20e420df 20e420e8
0143340 20e420e3 20e620e0 20e020e8 20e720e4
0143360 20eb20e1 20f120eb 20f320ea 20f220fd
0143400 20eb20ef 20f420f7 20f720ec 20f220ee
0143420 20f020f0 20fc20f6 20f720f7 20f720ec
0143440 20fe20fb 20fc20ff 20f420fb 20f620f2
0143460 20f820f2 20fb20fd 20f82100 20fa2101
0143500 210020fa 21032102 20ff2102 210020fe
0143520 20fc20fc 20ff20f5 20fc20f9 210120fb
0143540 21062103 21052104 21062109 210520fc
0143560 21082106 21002105 210e2100 21052105
0143600 21062102 21032104 2103210c 21012109
0143620 21012107 21002100 210e20ff 21072109
0143640 21022109 210c2107 21042107 21042100
0143660 21032100 21082104 21052106 20fb2105
0143700 20ff2100 21052101 21062106 21022101
0143720 20ff20fd 21022103 20fd20ff 20ff2105
0143740 21042104 21002103 21012104 20f420f7
0143760 210420fa 20ff2100 20fa20fb 20fa20f7
0144000 20ff20ff 210220fc 21022106 20ff2105
0144020 20fc20fb 20fa20ff 21012104 210420fe
0144040 20fc20fe 20fb20f8 20f220f7 210020fb
0144060 20fc20fb 20fa20f1 20eb20f8 20f020f6
0144100 20f320ee 20f420e9 20f520f9 20fd20f5
0144120 20f220fd 20e820f6 20e620e6 20e420e0
0144140 20ed20f1 20ee20f1 20ee20ef 20ed20ed
0144160 20e220e5 20e820ee 20e520f1 20e620e3
0144200 20e820ed 20ee20e7 20e320ed 20e920ec
0144220 20e520e7 20e320e3 20e720e0 20dc20e0
0144240 20e620e6 20e820e5 20dd20db 20e320de
0144260 20e420e3 20df20e6 20db20df 20e120d5
0144300 20df20de 20d920e1 20d320d5 20dc20da
0144320 20d720d4 20d420cc 20d620d8 20cf20d6
0144340 20d420d7 20d220d0 20e120dc 20dc20dc
0144360 20d820e4 20d220d3 20d620d5 20da20d5
0144400 20d520d2 20d120d7 20d920d1 20d120d8
0144420 20cb20cd 20d320d4 20d220d5 20d720d6
0144440 20d520d8 20d220d2 20d120c9 20d220d6
0144460 20d220dc 20c720cf 20cc20ce 20d220d0
0144500 20cf20d0 20ce20d9 20cc20cd 20c520cd
0144520 20cf20d1 20cb20ce 20d020cf 20d120ce
0144540 20d820d7 20cb20cc 20c420c7 20c720c8
0144560 20c620c5 20cf20ca 20d020cd 20ca20d3
0144600 20ce20cf 20cf20d0 20c620cd 20ce20cd
0144620 20d920d0 20d520da 20e020da 20d620dc
0144640 20d020d4 20d120d4 20dc20da 20df20db
0144660 20d820da 20dd20df 20d620dd 20d420dc
0144700 20d620d3 20d720d2 20d620d6 20d920d9
0144720 20d020d8 20d620cd 20dd20ce 20d620d8
0144740 20d820dc 20e120e1 20de20db 20e020da
0144760 20d520da 20da20d3 20d920da 20dd20de
0145000 20dc20de 20dc20dc 20da20db 20d920dc
0145020 20d820db 20df20d5 20dd20de 20d420e0
0145040 20d620dc 20e620db 20e620dd 20e720e5
0145060 20e620e6 20f320f1 20df20de 20e220e6
0145100 20de20dd 20dc20e0 20e320e2 20ea20e7
0145120 20e820e8 20e820e4 20e920f0 20de20e9
0145140 20e420e0 20e920e3 20e320e4 20e520e7
0145160 20f220ee 20ee20e8 20f420f1 20f320f5
0145200 20f520f7 20f920f4 20fc20fa 20fb20fd
0145220 20f920fa 20f920f6 20f920fa 20fc20f6
0145240 20ff20f5 20f920f6 20f320f8 20fc20f8
0145260 20f420fc 20fa20f8 20f820fd 20f720fa
0145300 20fd20f9 20fa20fa 210320f6 20f720fe
0145320 20f120f2 21072101 20fe2102 210a2103
0145340 2102210a 21082105 21002101 210c2106
0145360 210e210b 2103210b 21072103 210b2107
0145400 21082109 21062108 210e2107 210d210d
0145420 2114210e 21112114 210d210a 210d2113
0145440 21192113 21152119 2108210d 21062106
0145460 21092109 2111210f 21132115 210e2115
0145500 2113210b 210c2115 210d2110 21182113
0145520 21172112 211a2115 21232119 211b2123
0145540 2116211b 21172116 211a2116 211a211c
0145560 210d2119 211b2116 211c2118 211c2118
0145600 211a2122 2127211c 2117212b 21202115
0145620 2120211e 211f211b 211b2125 211e211c
0145640 212b2124 21262127 21222120 21252121
0145660 212b212b 212b2124 212a2124 211c2125
0145700 2124211f 21212120 21202120 211d2120
0145720 2125211f 21242124 2129212c 212e212c
0145740 21272124 21212125 2123211f 21282129
0145760 212d212a 212d212d 212d212d 212a2131
0146000 212b212d 212a2127 212c2122 21252127
0146020 21252124 21222126 212d2125 212f212b
0146040 212b2133 2130212b 21262132 212e2129
0146060 212b2131 2133212f 212e2133 212f2132
0146100 2135212e 212d2130 212e212b 21322131
0146120 21322131 212e212d 212e212c 21332131
0146140 212c2134 21322132 2132212d 21342131
0146160 212d212d 212a2129 2128212c 21312123
0146200 2129212d 2127212a 2126212a 21292128
0146220 212c212c 2132212c 212a2127 212b2128
0146240 212a212b 212b2127 212a2125 2127212c
0146260 212a2129 21262126 2123212d 212d2128
0146300 212a2126 212f212d 21272134 211f2123
0146320 21212126 21222126 21262126 2124212d
0146340 212d2129 21242127 211f2125 21212122
0146360 2119211f 211d211f 211b211c 211a2122
0146400 211c211e 211b211b 2118211a 21202120
0146420 211c211e 2121211a 211d211a 211a211c
0146440 211d2111 21122112 21182113 211d211c
0146460 211d211c 211f211c 211b2121 21192119
0146500 211a211c 2120211d 211b2117 211e2118
0146520 2118211b 211a211c 211e2117 211b211a
0146540 21172117 211a2118 211f2115 21132110
0146560 21202115 21132113 2121211c 211d211e
0146600 211c2116 21172115 21192119 21192118
0146620 211b211e 211a211d 21112117 211e211d
0146640 2114211c 21162120 211b2118 21172118
0146660 21152115 21142116 2119211c 211e2110
0146700 21122116 21122111 21152110 21132115
0146720 21122115 21132110 21152119 211a2111
0146740 21132118 21152119 211c2118 2112211a
0146760 211c2118 2119211a 2115211b 2118211a
0147000 21182117 21172119 211a211b 2112211b
0147020 2123211b 2115211b 2118211b 2114211f
0147040 21132115 21192113 211c2118 211d211f
0147060 21232120 2121211e 2121211d 2121211d
0147100 2115211e 211b211c 211a2119 2123211d
0147120 21212122 21202122 211e2125 211f2122
0147140 211c211b 211e211e 2121211e 21232122
0147160 2124211a 2122211d 21292123 21222121
0147200 21242122 21252124 21272120 21282127
0147220 2128212a 212a2126 212d212a 212a2127
0147240 21272125 212c2123 212a2132 21272124
0147260 21242123 21192121 212b212e 21252127
0147300 212b2125 21312121 212d2129 212c212e
0147320 2133212b 212f2130 212a212e 2132212b
0147340 21342137 21352134 21372135 21352133
0147360 21392137 212f2139 21342131 213c213e
0147400 21342135 213c2139 213d2139 2133213d
0147420 213b213a 21382133 213e213e 213d213d
0147440 2142213d 213d2140 213d2138 21472141
0147460 2146214e 21412145 21452146 2147213e
0147500 21452149 213e2145 21432143 213f213d
0147520 213f2144 21492142 2142213f 21452147
0147540 21482145 21402147 21462148 214b2146
0147560 214a214b 21482147 21452145 2149213f
0147600 21472147 21452144 21442142 21492147
0147620 214a2146 21432143 2149214a 21492140
0147640 214c2148 2150214b 214d214e 2149214e
0147660 21462147 214d2140 214a2151 214b2150
0147700 214a214d 214d2147 21472142 214a2149
0147720 21452142 2147214b 214d2148 214c2149
0147740 2149214f 21512154 21512151 21572157
0147760 21502151 21532152 2151215a 21542151
0150000 2154214b 21552151 215b2154 215a2159
0150020 21552160 2155214d 214e2150 214b214f
0150040 2148214d 21502150 21562152 21542152
0150060 21532156 21502158 21532152 21582153
0150100 21592159 214b214e 21482154 214e2151
0150120 214d2147 21512153 214f2151 21552152
0150140 21552153 21532154 21552154 2154215a
0150160 2159214d 215f215c 215d215e 2160215e
0150200 2159215c 2156215c 21582158 21592153
0150220 21582155 21502159 21512151 215d2156
0150240 215e2158 215c215b 21572150 2159215d
0150260 215e2159 214e2157 21532150 21592152
0150300 215b215b 215a2159 214c2155 214c214c
0150320 21522150 214f2152 2153214f 21542155
0150340 21562153 21532156 2149214d 21472156
0150360 21532152 2153214c 214f214f 2151214e
0150400 214a2149 21472149 214d2151 2152214f
0150420 21542154 21532153 214e2150 21472145
0150440 21452148 214c214a 2153214d 214e2149
0150460 214a2149 214d2149 21482144 213f213c
0150500 213e2146 213e213e 213d2143 21472147
0150520 213c213d 213d213f 2141213b 213e213d
0150540 21432148 21472144 214a2140 21442142
0150560 21492145 21432142 21452149 21442144
0150600 21402145 21412143 214b2148 21492142
0150620 21492150 2147214e 21462144 21372142
0150640 2139213c 21402140 213f2141 213c213d
0150660 21372138 213c2141 2138213c 21372135
0150700 213a213a 213c213a 21372135 21362134
0150720 213a2135 213a213e 2141213c 21402143
0150740 213d2139 21422142 2141213b 213b213c
0150760 2134213d 21302134 21352133 213d2132
0151000 21372138 213a213e 213d213a 2137213c
0151020 21392135 213a213d 213b213a 21412142
0151040 213b213a 21392137 213b2134 2137213b
0151060 21392137 213d213a 21382137 213d213b
0151100 2141213f 21442149 21442137 2140213b
0151120 21362138 21362138 21322139 213a2131
0151140 21392139 21352139 213a2140 21412140
0151160 21462141 21472142 21392141 213e2148
0151200 2145213e 2149213f 21492148 21462146
0151220 21522146 21412142 214a2148 21432149
0151240 21442146 214a2144 21492146 214d2145
0151260 21472145 214e214e 21552154 214c2151
0151300 214e2149 2153214c 214d215c 215b2155
0151320 2152214f 214c2150 214f214f 214f214f
0151340 21542153 21542153 2151214e 214a214a
0151360 214e214f 21522150 21552152 215b214d
0151400 215e2155 21582159 21552155 21562151
0151420 21572155 215e215b 215a2158 215d215b
0151440 215b215a 2168215e 2162215c 21682168
0151460 216c216d 21652167 2162215d 21622165
0151500 215e2161 215c215d 2160215e 215f2161
0151520 21662161 216c216a 21652173 2163216a
0151540 216e216c 216c216b 216c216f 21652169
0151560 2168216a 21722168 2172216a 216e216f
0151600 2172216e 21682171 216f216b 2176216c
0151620 216c2170 21682171 2170216c 2178216e
0151640 217f2179 217d217b 217b2180 21712178
0151660 21712172 2173216d 216f216f 21752172
0151700 21752171 21802174 2175217c 21752170
0151720 21742173 21752172 217a2172 217d2182
0151740 21792179 2179217f 217a2173 21832180
0151760 217d217d 217f2183 217f217e 21742175
0152000 2184217d 217d217f 2187217b 21832185
0152020 21822180 217c2183 21792179 21762179
0152040 21822180 21832176 21872183 2180217d
0152060 21862180 21852182 2184217f 217d2178
0152100 2183217e 217b217d 21782179 217a2178
0152120 217d2178 2189217d 2181217f 217b2185
0152140 21832182 217e217c 217e2182 21812181
0152160 2181217d 217e2177 217b217b 217d217c
0152200 217f217e 21802187 2181217f 21872186
0152220 21852184 21832185 21852182 217e217e
0152240 21792181 217a217f 2178217d 2182217a
0152260 2182217d 21842181 21892185 2183218a
0152300 217c2186 2181217d 21822183 21822182
0152320 21862185 21822184 217d217e 217a217f
0152340 2178217d 217d217f 217e217d 21802176
0152360 217f2179 217d2180 217d217d 217f2183
0152400 21882189 2185217d 217c2182 217a217c
0152420 21792177 21732174 21762178 21752179
0152440 21752175 21792179 2171217c 21892181
0152460 217c2185 2178217a 217b2178 21722178
0152500 217b2179 21782178 2178217c 217a2180
0152520 21762171 21762173 2177216d 21712171
0152540 21752171 21782177 2176216d 21792178
0152560 21772173 2165216c 216e216b 216d2168
0152600 216e216a 216d216c 21702170 21612163
0152620 2163216b 216d2167 21642168 21682171
0152640 21672166 215f2160 21682168 21602168
0152660 21672164 2160215d 215a2155 215e2158
0152700 215a215c 21602168 2157215a 215d2157
0152720 2164215d 215b215c 2162216c 215d215a
0152740 215e2162 215d2160 21632169 215e2161
0152760 215a215d 215f2157 2159215d 2158215d
0153000 215d215e 21652164 2168215a 215c215a
0153020 21582159 21532154 214e214f 21572158
0153040 2152215a 21502157 21572155 21582156
0153060 215c215b 21512157 21512156 21502150
0153100 21542154 215a2158 2159215a 21502157
0153120 21522152 2156214e 21582155 2158215a
0153140 21572156 2158215a 21512155 21572151
0153160 21542154 2151214f 215c2159 214c2153
0153200 2153214e 214b2152 2145214d 2143214f
0153220 21412144 214e2143 2148214d 21492149
0153240 21532152 21552151 2156214d 21582154
0153260 2159215c 21562153 214f2150 214e2147
0153300 21532152 21562152 214e2156 21562153
0153320 2151214f 21592156 215c2159 215d215a
0153340 2162215d 2161215b 2164215c 215c2163
0153360 215a215d 21612157 21642162 215b2160
0153400 2158215e 2162215e 21602164 215f215f
0153420 215e2162 215c215a 2165216a 21632169
0153440 21652161 216b216f 2163216a 21592165
0153460 21622160 21672162 21602164 21682165
0153500 21712168 216a216b 21702167 21702171
0153520 216e2178 216f2173 21762177 2171216e
0153540 216d2172 21782173 216f2174 216e216b
0153560 2173216e 217d2175 21812181 217e217c
0153600 21812181 2181217e 217e2176 217e217b
0153620 21822187 21742180 218e217c 218f2186
0153640 218d218c 218d218b 2186218b 21862182
0153660 21852184 217f2184 21832180 21822189
0153700 219a2186 21912196 218e218e 21902192
0153720 218f2193 218f2193 2194218f 219b219a
0153740 219b219d 218e2199 21992190 21972199
0153760 219a2197 219a219b 219a2199 21a621a3
0154000 21a4219e 21a021a1 219c21a7 21992199
0154020 21952198 219c219e 219e219f 219d219e
0154040 21a821a2 21ab21a3 21b421ae 21b521b2
0154060 21ad21b0 21af21b3 21aa21a9 21aa21aa
0154100 219f21aa 21a521aa 21ae21a8 21af21b1
0154120 21b021ae 21b421b6 21ac21ab 21ac21a2
0154140 21b421ae 21a921b5 21b421aa 21b921be
0154160 21be21b0 21b621b3 21ab21ae 21b121ab
0154200 21af21b7 21ac21ac 21af21b2 21b321b9
0154220 21b321ba 21b621b5 21bc21b5 21b621b7
0154240 21b521b4 21b021b6 21b421b4 21b321b3
0154260 21be21b5 21bb21ba 21b621b8 21ac21b8
0154300 21b821b6 21b321b3 21b621b8 21b621b3
0154320 21ba21b6 21b921b9 21b721b6 21bc21ba
0154340 21ad21bc 21b921bb 21bc21b8 21bf21b6
0154360 21b721bb 21bd21b8 21ba21bc 21bf21bc
0154400 21c121bd 21c221be 21ae21ba 21bc21b8
0154420 21b621bc 21c921c3 21bf21c2 21b821b6
0154440 21ba21b8 21b721b8 21bb21af 21b921b8
0154460 21b921bd 21bd21be 21b821b6 21bd21b6
0154500 21bc21bd 21b221bb 21b221b4 21b021b4
0154520 21ae21af 21aa21b3 21ab21ac 21ac21ae
0154540 21b721b5 21b521b3 21ad21b1 21b221b2
0154560 21af21b6 21b321ab 21b421af 21b521b5
0154600 21b621b1 21ba21b8 21b921b8 21b721b3
0154620 21af21b8 21b021b0 21a921af 21ac21a9
0154640 21a921a9 21a821ac 21aa21b0 21ba21b1
0154660 21b521af 21b621b3 21b421b2 21aa21b4
0154700 21ab21aa 21ad21a7 21a721a7 219f21a3
0154720 21a821a4 21ae21a5 21a821a7 219e21a2
0154740 219f219e 2198219f 21a921a8 219e21a6
0154760 2197219a 219b2195 219b219d 219c2199
0155000 219a2193 21a0219b 21a321a6 219c219e
0155020 21a521a6 21a0219e 219b219b 21962199
0155040 21972192 21952190 21932199 21942191
0155060 218b2194 218e2194 21922194 218d218c
0155100 218f218a 21892190 21862188 218b2181
0155120 2181217f 21842186 217c217a 2182217b
0155140 21812181 217f217f 2183217e 2180217a
0155160 217b217e 217e2180 2179217f 217c217a
0155200 21792178 217f217f 217e2180 217b217e
0155220 21752179 2177217a 217e217b 217b217a
0155240 217e217a 217a2178 21742171 21742171
0155260 21762177 21732174 21722171 21752171
0155300 21782177 21772176 21752172 2172216f
0155320 2174216d 21782174 21782176 21712173
0155340 2170216f 216e216f 216b2170 2164216a
0155360 216e216f 2173216f 2163216f 2170216a
0155400 216e216e 2171216d 2171216e 216d2171
0155420 2166216c 216b2171 216f216d 2169216c
0155440 216e2168 2167216d 2172216c 2175216d
0155460 2173216d 216f2175 21662170 2169216d
0155500 21722169 216d216e 216d2171 2167216c
0155520 216e216e 21712173 2175216e 216d216f
0155540 21782177 216d216e 216d2171 216a216f
0155560 2167216e 216f2166 216e2171 21772174
0155600 2174216c 21752175 21752174 217c2175
0155620 2179217a 2174217d 21662176 2172216a
0155640 216d2178 217c2173 2184217f 217a2180
0155660 21872183 21812183 2182217e 217e217e
0155700 217b217a 217b2176 217d217b 2186217f
0155720 218a2183 21812180 21872182 21872185
0155740 217c217b 217e217c 217b2180 21812183
0155760 21862182 21872188 2187218a 218e218a
0156000 219a2198 21942195 218c2191 2195218b
0156020 21962190 21932192 21992196 2196219e
0156040 21972194 2196219a 21992198 21922199
0156060 219a2192 21a02196 21a3219a 21a121a8
0156100 21a321a2 21a7219f 21a021a3 21a821a5
0156120 21a621a5 21a621a9 21a521a8 21a621a7
0156140 21a721a6 21a2219f 21aa21ad 21ad21ab
0156160 21b421b1 21ad21b7 21ad21ab 21aa21b3
0156200 21b121a8 21bc21b4 21b821b8 21b221b0
0156220 21ae21b2 21b421b2 21bc21b7 21c221ba
0156240 21bd21c0 21ba21c5 21c321be 21c721c9
0156260 21c021c8 21be21ba 21c721bf 21c021c4
0156300 21c721bc 21c721c7 21d121c9 21ce21cb
0156320 21d121cc 21ce21cd 21cb21cb 21d221cf
0156340 21cc21d0 21d421ca 21cb21d9 21cf21cc
0156360 21cd21cb 21c221c8 21ca21c2 21ce21ce
0156400 21cc21d0 21bf21c8 21ce21ca 21c221c7
0156420 21c821c1 21d221cc 21d821d6 21ce21d5
0156440 21ce21cc 21ce21c8 21cb21c6 21cc21cf
0156460 21d721d2 21cc21d5 21ce21d1 21d721d6
0156500 21de21db 21e221e1 21da21de 21d621db
0156520 21d621d4 21d621d9 21d821d6 21da21d7
0156540 21d921da 21d621d9 21d021d7 21e021d3
0156560 21de21dc 21df21de 21d221dd 21d921d8
0156600 21e421e2 21e121de 21e021db 21e521dc
0156620 21db21e2 21e221dc 21d921da 21e121d5
0156640 21dc21da 21dc21db 21dc21df 21d821e0
0156660 21da21d9 21de21de 21d921d8 21df21dd
0156700 21d821d5 21d721d7 21db21dd 21dd21d8
0156720 21db21e0 21d421d9 21d721dd 21d621d8
0156740 21d321de 21d621d3 21dc21d6 21d621d5
0156760 21d421d4 21d921d9 21d721de 21db21dd
0157000 21de21d9 21d921db 21d921de 21da21e0
0157020 21dd21d5 21d921d3 21d021d0 21d321d3
0157040 21cc21cf 21ce21d1 21cb21c2 21d221ce
0157060 21d621d1 21d121cf 21d321d8 21d221cf
0157100 21cd21d4 21ce21cd 21cb21cc 21cb21c6
0157120 21cb21c0 21c621ce 21c921cb 21c621d3
0157140 21c121c8 21c621c1 21c221c9 21c121c2
0157160 21c821ca 21bf21c4 21c521be 21b821bc
0157200 21b321b7 21b421b6 21b721b4 21b621b1
0157220 21ba21ba 21b321b7 21bc21bc 21be21ba
0157240 21bf21ba 21bd21bd 21b421be 21b421b4
0157260 21b121b1 21b621af 21b021b3 21ab21b3
0157300 21a621ac 21a521aa 21a221a4 21aa21a3
0157320 21a921a2 21a821ad 21a621a5 219b21a8
0157340 21a121a1 219c219e 219c21a1 219e219e
0157360 219d219d 21a0219e 21922199 2195218e
0157400 21902190 21952194 21982195 21922191
0157420 219b219c 219d219e 2191219d 218d2190
0157440 218e218f 21922190 21912194 218b218e
0157460 218e218a 2188218c 2186218d 21802188
0157500 2182217e 21862184 21822182 21852187
0157520 217f2183 217d2183 21882185 217e2185
0157540 217c217f 217c217d 21762174 21762172
0157560 217b217a 217b2178 217c2175 217c2177
0157600 2170217c 217a2177 21772177 217d2177
0157620 217d2179 217f217b 2177217e 21772173
0157640 21712173 21732170 21792175 21752177
0157660 21782178 21772176 21742173 21722179
0157700 216b216f 21752172 21722173 217c2175
0157720 21752176 216e2179 21722174 21792173
0157740 21742176 21772173 2178217c 2182217b
0157760 217c217d 217a2173 21772174 2176217c
0160000 217a2177 217b217a 217a217a 216e2172
0160020 216c2170 216f2172 21702173 2180217b
0160040 216d2175 217c2174 21752173 21752178
0160060 217b217a 217f217d 217d2184 2174217b
0160100 216d2175 21772170 217e2177 217e2179
0160120 218b2185 218d2187 21862189 b0100478
0160140 00000fcc 0001000a 00010000 03b15ffc
0160160 00000ffc 0001000a 1400003c add01f00
0160200 add01f01 add01f02 add01f03 add01f04
0160220 add01f05 add01f06 add01f07 add01f08
0160240 add01f09 add01f0a add01f0b add01f0c
0160260 add01f0d add01f0e add01f0f add01f10
0160300 add01f11 add01f12 add01f13 add01f14
0160320 add01f15 add01f16 add01f17 add01f18
0160340 add01f19 add01f1a add01f1b add01f1c
0160360 add01f1d add01f1e ff000134 00000020
0160400 00000002 a0df7340 00000001 deadbeef
0160420 f0000002 a0df732c 2e0b3230 00000000
0160440 00000134 00001f48 a0110479 220f2180
0160460 22132211 2212220d 22152210 220b2212
0160500 2210220f 2211220d 221d2215 22192211
0160520 22192213 2212221f 22142213 221c221b
0160540 22132217 2214221c 2218221c 221a221c
0160560 221a221d 2218221b 22142215 221c221f
0160600 22232217 22202216 2219221c 22152216
0160620 221a2219 22162215 221a2212 221e2217
0160640 2221221f 2218221f 2221221f 2229221a
0160660 22212220 221c221e 22112219 22192218
0160700 221d2220 22102213 2218221b 22152215
0160720 22192216 22102215 2212220d 22112212
0160740 220d2211 2212220e 221a2216 221b2214
0160760 22132217 22142214 22182215 221b2218
0161000 220f2218 220f2214 221d2217 22222215
0161020 22192215 221b221c 22242221 2219221f
0161040 2225221e 221a221e 22172216 221a221b
0161060 221d221f 22212220 221a2220 22182218
0161100 22142216 22152213 22162211 22192212
0161120 22122214 22162214 21ab2219 1fb120b3
0161140 1e541eec 1db81df4 1d741d92 1d5c1d60
0161160 1d5b1d5c 1d591d57 1d571d53 1d4d1d5a
0161200 1d511d57 1d581d52 1d581d5a 1d5b1d50
0161220 1d501d59 1d551d5a 1d541d58 1d581d50
0161240 1d541d56 1d561d5b 1d4f1d50 1d4f1d53
0161260 1d551d4a 1d511d58 1d491d4c 1d4f1d50
0161300 1d531d4f 1d501d4c 1d521d51 1d551d52
0161320 1d541d56 1d521d50 1d551d4e 1d511d51
0161340 1d531d58 1d581d5d 1d5e1d5a 1d5d1d5a
0161360 1d5c1d59 1d561d5c 1d521d54 1d521d4f
0161400 1d5a1d54 1d591d59 1d5d1d61 1d4a1d54
0161420 1d511d4a 1d481d4a 1d551d50 1d5a1d5b
0161440 1d5e1d57 1d571d62 1d591d51 1d511d60
0161460 1d4f1d57 1d4d1d57 1d4f1d4d 1d5a1d56
0161500 1d561d57 1d571d55 1d5a1d59 1d571d55
0161520 1d5c1d56 1d581d56 1d5a1d55 1d611d5f
0161540 1d601d5d 1d541d5b 1d4f1d56 1d5a1d5b
0161560 1d5b1d5e 1d5d1d55 1d5b1d5b 1d591d60
0161600 1d541d5c 1d581d59 1d5f1d5f 1d601d62
0161620 1d581d62 1d621d5a 1d631d64 1d591d5d
0161640 1d611d61 1d581d64 1d601d5f 1d561d61
0161660 1d5e1d5f 1d671d64 1d681d67 1d671d62
0161700 1d661d6a 1d601d63 1d621d5e 1d6b1d64
0161720 1d621d63 1d601d63 1d661d65 1d6b1d68
0161740 1d651d63 1d641d64 1d5e1d68 1d6a1d69
0161760 1d6c1d6a 1d6b1d68 1d661d6b 1d681d6c
0162000 1d731d6c 1d6f1d6f 1d731d6e 1d6e1d77
0162020 1d6d1d6d 1d6e1d6c 1d711d65 1d6c1d6b
0162040 1d6c1d6d 1d721d6c 1d751d71 1d7b1d7a
0162060 1d7e1d7d 1d771d7a 1d7a1d7b 1d721d7a
0162100 1d811d76 1d801d80 1d7b1d7e 1d831d80
0162120 1d891d7f 1d7d1d87 1d811d7d 1d771d81
0162140 1d741d7f 1d801d76 1d851d7e 1d861d86
0162160 1d831d8a 1d8d1d7e 1d8b1d86 1d931d89
0162200 1d901d96 1d8e1d8d 1d8d1d94 1d861d87
0162220 1d861d87 1d8b1d89 1d911d92 1d961d95
0162240 1d971d98 1d9f1d98 1d9d1d97 1d9c1d9e
0162260 1d9e1d94 1da31d95 1da81da5 1da21d9e
0162300 1d9b1da0 1d9e1da8 1da61da4 1da51d9e
0162320 1da81da6 1da71da9 1daa1dab 1dac1da7
0162340 1dad1daa 1dae1da9 1db31db1 1db71db1
0162360 1dbb1dbf 1db71dbe 1db41db0 1dbd1dba
0162400 1db51db4 1db91db6 1dc01db7 1dc61dbb
0162420 1db91dc5 1dbd1dbd 1dc91dc6 1dc91dbe
0162440 1dc81dcc 1dc01dc8 1dc11dc6 1dc71dc6
0162460 1dc81dc7 1dd11dce 1dcc1dd1 1dd01dd2
0162500 1dcc1dd1 1ddc1dcd 1dd71dd9 1dcf1dd2
0162520 1dd21dda 1dd61ddc 1de11dd5 1dd31ddf
0162540 1de31dda 1de31de8 1deb1de2 1de61de3
0162560 1de81de4 1de81de7 1ddf1de9 1de11dde
0162600 1de71de2 1df11de8 1dee1def 1dee1def
0162620 1def1def 1def1df1 1df01df0 1df31def
0162640 1deb1df8 1df41de7 1df51df9 1dfd1dfc
0162660 1dfc1dfa 1dfb1dfa 1df91e03 1dfb1dff
0162700 1df91dfc 1dfb1dfb 1e041e02 1e091dfb
0162720 1e061e0a 1e031e05 1e051e08 1e0c1e06
0162740 1e091e04 1e061e03 1e0b1e02 1e051dfd
0162760 1dfb1e04 1e0b1e0c 1e0a1e0c 1e031e03
0163000 1e0d1e0e 1e0d1e0a 1e0c1e0d 1e111e0c
0163020 1e0c1e0e 1e141e13 1e0c1e10 1e0d1e0d
0163040 1e131e0c 1e141e17 1e131e16 1e181e15
0163060 1e161e15 1e1a1e18 1e131e13 1e171e19
0163100 1e101e21 1e151e16 1e1d1e16 1e1f1e1a
0163120 1e1b1e1a 1e1c1e20 1e181e1e 1e1a1e1c
0163140 1e201e1e 1e221e27 1e241e2b 1e321e28
0163160 1e291e25 1e2b1e29 1e231e2c 1e231e21
0163200 1e1d1e1d 1e2d1e26 1e251e2a 1e221e28
0163220 1e2a1e29 1e271e26 1e251e28 1e261e27
0163240 1e221e2a 1e2c1e28 1e291e28 1e271e28
0163260 1e291e2d 1e291e33 1e291e2e 1e2c1e26
0163300 1e291e25 1e271e2a 1e251e26 1e221e2a
0163320 1e231e29 1e361e2e 1e2d1e2f 1e271e31
0163340 1e341e2b 1e3f1e31 1e2c1e3c 1e361e32
0163360 1e2d1e38 1e2d1e32 1e2e1e28 1e2b1e2a
0163400 1e331e31 1e321e36 1e321e3a 1e341e36
0163420 1e371e2e 1e2e1e32 1e331e30 1e3a1e33
0163440 1e381e35 1e331e36 1e341e32 1e371e38
0163460 1e3a1e38 1e341e33 1e2f1e2b 1e311e2d
0163500 1e2d1e2f 1e321e32 1e2e1e31 1e331e2d
0163520 1e351e33 1e381e3b 1e381e36 1e351e35
0163540 1e3e1e3c 1e3c1e38 1e301e2f 1e351e2f
0163560 1e381e34 1e3f1e37 1e381e38 1e301e3b
0163600 1e331e38 1e2e1e31 1e2f1e2b 1e321e39
0163620 1e2e1e2d 1e381e36 1e331e2d 1e2c1e31
0163640 1e3c1e37 1e391e3b 1e371e38 1e361e33
0163660 1e3b1e2d 1e331e32 1e321e35 1e331e30
0163700 1e301e27 1e3a1e35 1e301e33 1e2c1e34
0163720 1e311e31 1e2b1e28 1e321e2c 1e2f1e2f
0163740 1e281e30 1e2c1e2a 1e2d1e28 1e311e26
0163760 1e3a1e32 1e2e1e37 1e301e2d 1e311e2b
0164000 1e341e31 1e371e35 1e301e32 1e2d1e32
0164020 1e2a1e2a 1e2c1e26 1e2b1e27 1e2d1e31
0164040 1e271e25 1e2a1e29 1e291e21 1e301e28
0164060 1e271e33 1e301e2d 1e311e38 1e341e29
0164100 1e351e2d 1e311e30 1e321e37 1e301e2d
0164120 1e2a1e2d 1e2d1e2a 1e291e2a 1e2f1e2e
0164140 1e341e34 1e361e31 1e3a1e37 1e3a1e3e
0164160 1e331e38 1e3c1e31 1e3a1e37 1e3a1e37
0164200 1e321e33 1e321e36 1e371e3a 1e3d1e36
0164220 1e3e1e3b 1e361e3c 1e361e39 1e341e32
0164240 1e371e31 1e2f1e3a 1e3e1e36 1e371e39
0164260 1e3b1e37 1e3d1e37 1e421e3f 1e401e45
0164300 1e4b1e45 1e421e49 1e431e48 1e351e3f
0164320 1e3e1e3c 1e471e3f 1e4c1e4a 1e451e41
0164340 1e451e49 1e3f1e3e 1e461e43 1e4b1e4a
0164360 1e4e1e45 1e461e47 1e4a1e4a 1e511e4f
0164400 1e4c1e50 1e511e4b 1e551e58 1e5a1e54
0164420 1e5b1e5c 1e601e53 1e5e1e58 1e5e1e5e
0164440 1e5d1e68 1e681e5c 1e6a1e63 1e631e5b
0164460 1e5e1e60 1e5d1e5e 1e661e62 1e651e66
0164500 1e5f1e61 1e601e68 1e631e61 1e6c1e6e
0164520 1e691e6a 1e6d1e71 1e811e77 1e7d1e7e
0164540 1e751e7d 1e7c1e7e 1e7b1e75 1e7d1e7d
0164560 1e811e79 1e841e87 1e841e87 1e861e86
0164600 1e881e8a 1e821e7f 1e831e84 1e851e87
0164620 1e861e82 1e841e86 1e811e89 1e891e8a
0164640 1e8d1e89 1e971e91 1e951e94 1e9e1e97
0164660 1ea01e9e 1e9c1e9a 1ea11e98 1e981e9d
0164700 1e981e9e 1ea21ea3 1ea51e9f 1ea41ea4
0164720 1ea41e9c 1ea91ea3 1eac1eab 1ea31ea3
0164740 1ea81ea2 1ead1ea7 1eb11eac 1eb91ebb
0164760 1eb01eb8 1eb81eb2 1eb71eb9 1eb81eb5
0165000 1ebc1ebd 1ec11ebb 1eba1ebf 1eba1ebc
0165020 1eb81eba 1eb51ebc 1ec21eb6 1ebd1ebd
0165040 1ec21ec8 1ec41ebc 1ec61ece 1ec71ec2
0165060 1ec81ec8 1eca1ed1 1ed01ed2 1ecd1ed0
0165100 1ed11ecc 1ece1ec9 1ecd1ecf 1ed41ed4
0165120 1ecd1ed1 1ed31ece 1ed91ece 1ed81eda
0165140 1ee01edd 1ed91eda 1ede1edc 1ee11ede
0165160 1ed81edb 1edc1ed7 1ee11ee6 1ede1edc
0165200 1ee11ede 1ed81ee1 1ed81ee0 1edc1ed3
0165220 1ee01ee0 1ee61ee5 1ee41ee2 1ee71ee5
0165240 1eed1eeb 1eeb1eea 1eea1eee 1ee81eeb
0165260 1ee51ee7 1eea1eea 1ee61eed 1ef01ee2
0165300 1ef31eed 1ee11ee6 1ee81eed 1eea1eea
0165320 1ef61ef4 1ef01ef5 1ef31ee6 1eea1ef0
0165340 1ef41ef5 1efb1ef6 1ef11ef5 1eee1ef2
0165360 1eeb1ef3 1efa1ef1 1efa1ef9 1ef71efb
0165400 1f001ef9 1efd1efe 1f041efa 1f021efa
0165420 1efb1f05 1efd1f02 1f041f07 1f031f0a
0165440 1f031f04 1f011f00 1f061f07 1f081f05
0165460 1f071f05 1f0a1f02 1f071f08 1f001f04
0165500 1f001f06 1f021f03 1f071f01 1f0d1f07
0165520 1f011f03 1f051f05 1f001f03 1f021efa
0165540 1f041f01 1f031f09 1f0a1f10 1eff1f05
0165560 1f151f05 1f051f0a 1f011f09 1efd1f02
0165600 1eff1efb 1f051efd 1eff1f04 1f011f00
0165620 1efc1ef2 1efc1ef5 1ef91ef8 1f001ef6
0165640 1efa1efd 1efe1f03 1f021f01 1f0c1f08
0165660 1f001f06 1f021f03 1f091f08 1f091f07
0165700 1f031efd 1ef81efb 1f011efd 1efd1f02
0165720 1f001efe 1f0c1f07 1efb1f01 1f051f06
0165740 1f071f09 1efd1f06 1f061efb 1f0a1f06
0165760 1f061f09 1eff1efb 1f011efb 1f051f06
0166000 1f061f02 1efe1f06 1efc1f01 1ef41f02
0166020 1f011efb 1efa1efd 1ef81ef8 1efb1f00
0166040 1efa1efb 1ef51ef7 1efa1efc 1efc1ef6
0166060 1ef71ef8 1eff1efd 1ef61ef6 1ef31ef7
0166100 1ef61ef5 1eec1ef9 1ee41ef2 1eee1ee9
0166120 1eee1ef0 1ef41ef7 1ef71ef7 1ef61ef4
0166140 1eec1eed 1ee71ee9 1eed1ee9 1eef1eee
0166160 1ee91eed 1ef31eeb 1eea1ee8 1ee61eed
0166200 1ee41ee9 1ee31edf 1ee81ee3 1ee01ee6
0166220 1ee11ee4 1ee51ee5 1eec1ee8 1ef11eec
0166240 1eec1eea 1ef11ee9 1eec1ef1 1ef01eea
0166260 1ef01eeb 1ee51eeb 1ee71eec 1ee11ee7
0166300 1ee81ee3 1ee91ee3 1ee91ee5 1ee91ee0
0166320 1eed1eea 1ee51eea 1ee51ee6 1eeb1eeb
0166340 1eef1eee 1ee21ee8 1ee11ee0 1ee21ee2
0166360 1eea1ee4 1ee31ee4 1ee41ee7 1eed1ee9
0166400 1eed1ee8 1ee71eec 1ee61ee9 1eef1ee9
0166420 1ee61eeb 1ee51ee6 1ee71ee4 1ee11ee7
0166440 1eea1ee5 1ee81eec 1ee81eee 1eec1ee1
0166460 1eea1ee9 1eeb1eef 1eee1ef1 1eec1eeb
0166500 1ef81ef1 1eed1ef1 1ef21ef1 1eea1ee3
0166520 1eeb1ee3 1edf1ee6 1eee1eee 1ef21ef1
0166540 1ef81ee9 1eeb1eea 1ef11eef 1ef41ef0
0166560 1efe1efb 1ef91ef6 1ef81ef7 1efb1ef7
0166600 1efa1efd 1ef91efc 1efb1ef2 1f011efb
0166620 1efd1f00 1ef51ef2 1efa1efd 1efe1f03
0166640 1f061f02 1f091f01 1f051f0e 1f041f0b
0166660 1f0c1f09 1f0e1f04 1f111f08 1f121f0f
0166700 1f181f13 1f121f13 1f111f13 1f0e1f0a
0166720 1f151f11 1f181f10 1f1c1f19 1f171f1a
0166740 1f221f16 1f1b1f1d 1f1f1f1f 1f211f1c
0166760 1f241f1b 1f221f22 1f211f1f 1f191f29
0167000 1f201f22 1f271f21 1f291f25 1f281f28
0167020 1f2f1f30 1f381f27 1f301f2d 1f361f2d
0167040 1f2c1f2e 1f321f3a 1f391f34 1f311f30
0167060 1f351f2a 1f3c1f38 1f3f1f3e 1f401f45
0167100 1f401f45 1f431f3f 1f3d1f41 1f391f42
0167120 1f441f40 1f4c1f4b 1f4b1f4f 1f491f51
0167140 1f4d1f50 1f561f4d 1f521f53 1f4e1f52
0167160 1f4e1f51 1f521f51 1f551f4e 1f521f50
0167200 1f561f54 1f4f1f54 1f541f58 1f581f59
0167220 1f5b1f5a 1f561f55 1f5f1f63 1f5b1f5d
0167240 1f651f5d 1f6c1f69 1f641f64 1f671f69
0167260 1f691f6e 1f6d1f62 1f761f6d 1f721f70
0167300 1f741f7b 1f751f76 1f761f72 1f811f7e
0167320 1f791f7b 1f7a1f7e 1f811f80 1f821f7f
0167340 1f861f7b 1f871f83 1f811f86 1f7e1f7a
0167360 1f811f7f 1f821f7d 1f861f7f 1f8e1f8d
0167400 1f8d1f8d 1f8c1f88 1f8b1f8d 1f831f83
0167420 1f801f87 1f8b1f8c 1f8e1f85 1f8d1f8c
0167440 1f8a1f8f 1f8a1f8e 1f891f8c 1f8c1f8a
0167460 1f951f8a 1f901f90 1f971f92 1f971f9b
0167500 1fa51f92 1fa61f9f 1f931f9a 1f981f9a
0167520 1f961f9a 1f9a1fa0 1f9c1f98 1fa31f9f
0167540 1f9f1f9e 1f9b1fa0 1f9d1fa0 1fa01f9c
0167560 1fa11fa1 1f9d1f9d 1f9b1f9d 1fa21fa3
0167600 1fa51fa6 1fa31fa4 1fa71fad 1fad1fad
0167620 1fab1fae 1faf1fb0 1fad1fa6 1faa1fac
0167640 1f9a1fa3 1fa81fa0 1faa1fa6 1fad1fab
0167660 1faa1fab 1fa51fae 1fa31fa4 1faf1fa4
0167700 1fab1fa5 1faa1fa7 1fab1fa5 1fb21fad
0167720 1fad1fab 1fb21fb2 1fb41fb4 1fb61fb5
0167740 1fb81fb7 1fa71fb6 1fab1fa2 1fb51fac
0167760 1fad1fb3 1fbb1fae 1faf1faf 1fb71fb0
0170000 1fb11fb5 1fb31fb1 1fbc1fba 1fb31fb6
0170020 1fba1fc0 1fb21fba 1fb81fb7 1fbc1fb7
0170040 1fb61fb6 1fbb1fbc 1fac1fb7 1fae1fad
0170060 1fb71fb8 1fb41fb4 1fb01fba 1fad1fb0
0170100 1fae1faf 1fa91faa 1fb01fad 1faf1fa7
0170120 1fb81fa9 1fae1faf 1fb31fb0 1fb41fb5
0170140 1fb31fb4 1fad1fb2 1faa1faf 1fa41fa6
0170160 1fb11fa9 1fa71fae 1fac1fa8 1fb11fac
0170200 1fa31fa7 1faf1fa6 1fac1faa 1fac1fb1
0170220 1fab1fae 1fac1faa 1fa51fa8 1fab1fa7
0170240 1f9f1fa7 1fa61fa5 1fa91fa4 1fa71fa5
0170260 1f9d1f9e 1fa21fa2 1fa21fa0 1fa31f9b
0170300 1fa11f9c 1fa61fa1 1f9e1fa1 1f9b1f9c
0170320 1f991fa3 1f971f95 1f991f98 1f931f96
0170340 1f961f94 1f9e1f99 1f921f93 1f941f96
0170360 1f941f8e 1f971f96 1f951f8e 1f951f88
0170400 1f8c1f95 1f901f96 1f8c1f93 1f8e1f8e
0170420 1f8e1f8a 1f861f8a 1f921f89 1f891f8b
0170440 1f8b1f87 1f831f81 1f8a1f84 1f831f8a
0170460 1f831f88 1f831f81 1f7b1f7d 1f761f75
0170500 1f7c1f84 1f811f87 1f7d1f86 1f851f7c
0170520 1f8d1f87 1f881f8d 1f8b1f8d 1f851f8a
0170540 1f871f8c 1f881f82 1f831f8a 1f7e1f84
0170560 1f7b1f81 1f841f7e 1f791f7d 1f781f80
0170600 1f7d1f7c 1f811f83 1f811f7a 1f791f81
0170620 1f7e1f7a 1f7f1f81 1f841f80 1f871f83
0170640 1f8a1f83 1f811f84 1f821f86 1f761f80
0170660 1f761f79 1f841f77 1f8b1f87 1f831f82
0170700 1f841f84 1f831f7c 1f861f82 1f851f8b
0170720 1f871f87 1f8f1f90 1f921f93 1f8a1f87
0170740 1f891f8e 1f881f88 1f841f8e 1f8c1f85
0170760 1f891f87 1f8a1f91 1f891f90 1f881f84
0171000 1f921f84 1f8d1f8a 1f871f92 1f891f8f
0171020 1f921f8e 1f941f8c 1f921f8e 1f8a1f93
0171040 1f8e1f91 1f8f1f8f 1f941f91 1f991f92
0171060 1f951f94 1f961f9b 1f9f1fa0 1f9f1f9e
0171100 1f961fa2 1f961f99 1fa51fa0 1f9c1f9b
0171120 1f9a1f9b 1f961f92 1f9a1f9a 1fa21fa0
0171140 1fa71fa7 1f9f1fa8 1fab1fa7 1fa51fa8
0171160 1fb31fae 1fa51fab 1fa91fa3 1fad1fa7
0171200 1fa11fab 1fa61f9f 1faf1fb6 1fac1fa8
0171220 1faa1fac 1fb21fac 1fb81fb3 1fb41fb7
0171240 1fbb1fb6 1fc51fc9 1fc01fc4 1fc11fc4
0171260 1fbd1fba 1fbf1fc6 1fba1fbf 1fbd1fc5
0171300 1fba1fbb 1fc01fc1 1fc51fc1 1fbe1fc2
0171320 1fc61fc6 1fc91fc9 1fc91fd0 1fcc1fcf
0171340 1fcc1fc5 1fc91fd2 1fcb1fcb 1fcf1fcc
0171360 1fdb1fd5 1fdc1fda 1fd81fdf 1fe21fdc
0171400 1fe11fdf 1fdd1fdb 1fda1fdf 1fe01fde
0171420 1fdb1fe1 1fe71fe2 1fea1fe9 1fe51fe9
0171440 1fe81fe4 1fe51fe4 1fe81fea 1fe71fe1
0171460 1ff11ff2 1fec1ff7 1fe91ff0 1ff11fed
0171500 1ff91fef 1ff51ff7 1ff81ff4 1ffe1ffb
0171520 1ff41ffc 20031ffa 20071ffe 1ffe2004
0171540 20002000 200e2007 200a200b 200b200a
0171560 20072006 20092005 200a2009 2009200f
0171600 200e2008 200e2015 2015200d 20182014
0171620 20152012 20182017 200f2016 2013201b
0171640 2010200d 20172012 201b201d 201e201f
0171660 20172019 20162018 20212011 201b201c
0171700 2015201d 201f2026 20212020 201b201e
0171720 20262022 20202019 20232021 20242029
0171740 202d2029 20272021 20222020 2030202f
0171760 202a202d 202c202d 20282029 202c2027
0172000 202c202c 2037202a 203a2037 2036203a
0172020 20362036 202b2036 2035202b 202e202e
0172040 202c202a 202e2030 20332035 203b2035
0172060 203e203b 203d2037 203d2042 20392043
0172100 203a2033 2034203d 203d2038 202c2039
0172120 203c2037 20362038 203f2038 2043203f
0172140 20412040 20472043 203f2043 203d2047
0172160 2046204f 203e203d 203e2040 20442049
0172200 204b2047 20482049 204a2048 2049204b
0172220 20472045 203b2042 203f2039 20402040
0172240 20462042 20472045 20412042 2046203f
0172260 20442040 20452047 20462045 204b2046
0172300 203f2043 20442043 20462044 20472045
0172320 20422046 2047204c 20472047 20462045
0172340 204b204f 20452043 203e2044 2038203d
0172360 203d2045 20382038 203d203e 20412037
0172400 203f2040 203b2046 20422047 204e2044
0172420 204e2048 2040204c 2046203f 203a2048
0172440 2039203a 203a2031 20352040 203b2038
0172460 2039203e 203a2040 20372038 2033203b
0172500 203b2036 2031203d 203a2037 2037203c
0172520 202e203c 202d2033 202b202c 202f2029
0172540 202e202d 202d2032 202f2032 20362033
0172560 20372033 202c202d 202b2030 2031202f
0172600 2030202c 202e2024 20292032 201f202d
0172620 20202023 2029201a 20282025 2023202c
0172640 2022202a 20232028 20212022 20262020
0172660 201d2023 20122015 20232019 20192022
0172700 2012200e 201b2017 2018201c 201f2017
0172720 201a2015 201d2018 2015201b 20182012
0172740 2018201c 20152013 20112014 201e201f
0172760 2013201c 201a201b 201a2011 201e2015
0173000 20122015 20172014 20172010 201d2017
0173020 201b201a 2019201d 2017201b 20152015
0173040 2014200e 201a2014 201f2014 201f201a
0173060 201b201d 2017201a 201d2015 201a201b
0173100 2018201f 2012201c 20102012 200e2013
0173120 20172011 200c201c 201b2019 2010201b
0173140 200f2014 20112010 2015200e 200f2014
0173160 2017201a 200a200d 2004200e 200a2009
0173200 2012200d 20152014 20152010 2013200f
0173220 20112015 20102013 2013200d 201f200e
0173240 20142010 2019201c 20182026 20172019
0173260 20172014 2015201a 201e2016 2020201f
0173300 201a2018 201e2015 2018201a 201b201c
0173320 201f201b 20202020 20232020 20272021
0173340 20262029 202c2023 20242028 20212020
0173360 20212027 2023201e 2026202a 202c2025
0173400 202b2022 2027202c 202c202a 2021202e
0173420 2027202b 202c2027 202c202e 202a2025
0173440 202b202b 202b202a 20322031 20352036
0173460 2034203a 20382039 203f2044 20422043
0173500 20412039 203a203a 203c2043 203c2040
0173520 2043203c 203d203c 203d203e 20412040
0173540 2042203b 204a2042 20442045 2054204c
0173560 20542056 204d2053 204b204d 204d204f
0173600 204d2053 20462056 204a2046 2054204e
0173620 20532051 20532053 20532051 20532054
0173640 20482055 2048204f 205d2059 2059205d
0173660 20582054 2060205c 205f2065 20612064
0173700 205e2061 20692063 206f2067 2064206d
0173720 20682067 206d2071 206c2072 206d2070
0173740 20772072 206c2071 206e2070 20712072
0173760 20712071 207b2076 207b2077 207c207b
0174000 207a207d 20772071 2083207d 20852084
0174020 207b2085 2082207b 207e2079 20812081
0174040 2088208a 207f208c 2084207f 20832086
0174060 207e2083 20832087 20872083 208b2082
0174100 208f208b 20862087 2086208d 208a208e
0174120 2093208f 20972099 20992095 20922097
0174140 2097209b 20952097 20972093 20982096
0174160 209b20a1 209a2096 20972098 20952096
0174200 20a1209d 209f209b 209a20a1 209a209b
0174220 209b2092 20942094 20972097 209f209d
0174240 20a120a5 209d209c 2097209a 209d2096
0174260 2094209e 209d209f 20a6209e 20a520a6
0174300 20a720a9 20af20ae 20b220b1 20ad20b1
0174320 20ad20a7 20ae20ac 20a620b3 20b220af
0174340 20b520ae 20ae20ac 20ac20ac 20ab20a5
0174360 20ad20ac 20bc20b3 20a720b4 20b020b9
0174400 20ab20b3 20b120ac 20b220b8 20b020ae
0174420 20b220b9 20af20b7 20ac20b1 20b120b1
0174440 20b520b2 20b320ad 20b420b4 20b520b8
0174460 20ba20ba 20bc20b8 20bb20b6 20bb20b8
0174500 20b120b5 20b820ae 20b420b9 20af20ad
0174520 20b320b4 20b420ac 20b620ae 20b620b3
0174540 20b620b7 20b120b7 20b620b7 20bc20b2
0174560 20bd20bd 20b420bd 20bf20c1 20b720ba
0174600 20b920b5 20bc20bf 20b320b7 20bb20b9
0174620 20c020c2 20bf20be 20b820b8 20b420bd
0174640 20b420b0 20b720bb 20b120b3 20ad20aa
0174660 20a820ac 20a820b2 20ad20b4 20b720ae
0174700 20b220ac 20ac20b0 20a720a8 20a320ad
0174720 20aa20a6 20ad20af 20a720ac 20ac20ae
0174740 20a920a7 20a920a3 20a320a4 209e20a2
0174760 20a520aa 20a520a5 20a4209f 20a720aa
0175000 20a020a1 20a720a7 20a220a6 20a620a3
0175020 20a1209f 20a3209d 209d20a0 209c209f
0175040 209c209d 209d209a 209a209f 209b2099
0175060 209a209d 20a02099 209c2098 209a209f
0175100 209e2097 209720a1 20992095 20a0209b
0175120 209b209d 2094209e 20932098 20972095
0175140 20992090 20922096 208f208f 20992090
0175160 209c2093 20952099 20952095 208c2091
0175200 2089208d 208a208b 208e2095 2090208d
0175220 2092208f 208e2095 20942091 208b2091
0175240 2090208f 20992091 2094208d 20982092
0175260 208c2093 208f2094 208d208a 208e208c
0175300 2094208e 208a2091 208b208b 2091208d
0175320 2096208b 209c2091 208f2094 20842084
0175340 208b2081 20902095 208e2087 20902091
0175360 208d208f 20932094 2085208d 208d208c
0175400 208b208f 208d2087 208e208d 20882089
0175420 2093208d 2091208c 208c208f 20862091
0175440 20862086 2091208b 2090208d 208d2089
0175460 20912090 208f2090 20902090 20982092
0175500 20962095 20912092 208c2093 208a208c
0175520 2091208f 208d2099 20952093 20982096
0175540 20972096 209c2098 20942094 2095208d
0175560 20942094 208d2092 20912091 20992097
0175600 20a020a2 209f20a5 209b208f 20a320a2
0175620 209d2098 209d209a 209c209d 209c209d
0175640 209c209a 20a9209f 20a120aa 209f20a9
0175660 20a0209d 20a4209c 209b20a9 20a3209d
0175700 20a1209f 20a420aa 20a820a7 20ab20a9
0175720 20a620aa 209d209f 20aa209f 20ad20a5
0175740 20ac20af 20a720ac 20ab20a4 20b220ad
0175760 20ae20b5 20b120b7 20a720ab 20ae20a7
0176000 20b920b2 20ab20b6 20a820ac 20b420ad
0176020 20ae20b4 20ad20ac 20b220b1 20ad20b3
0176040 20b320b0 20b520b6 20b520b7 20bb20b4
0176060 20c320c0 20c720c3 20c120ba 20bb20bc
0176100 20bf20b9 20c320c0 20c720c5 20c820cb
0176120 20c220c7 20be20c1 20ba20be 20bf20c1
0176140 20c020c0 20be20c1 20c620c5 20c620cc
0176160 20c420c3 20c720c4 20ce20c8 20cb20cf
0176200 20c720cf 20d220cf 20cf20d4 20d620d7
0176220 20d520d5 20cf20d2 20e020d8 20e420de
0176240 20d820df 20d920dc 20da20dc 20e220d8
0176260 20e020e1 20dd20e2 20db20e0 20e220e3
0176300 20df20e5 20de20e5 20e220df 20ea20db
0176320 20d220db 20e520de 20e420e7 20e220e4
0176340 20e720e5 20db20e4 20e020e0 20de20df
0176360 20e220da 20e120e3 20dd20e5 20e220e6
0176400 20e520e6 20e920e7 20f020f0 20e420e6
0176420 20e820e3 20f020e9 20fe20ed 20f220fc
0176440 20ee20eb 20ef20f0 20f620f1 20f020f1
0176460 20ec20f3 20f220f1 20ed20f3 20ed20ef
0176500 20f420ef 20f120f3 20f520f0 20f620f5
0176520 20f520f5 20f620f0 20f820f4 20fb20f5
0176540 20fb20f8 20fa2102 20f420fa 20fa20fd
0176560 20fa20f8 21042102 20fd20f9 210320fb
0176600 20fc2105 20fe20fa 210520fd 20fa20fa
0176620 20ff20fa 20fb20f8 20fc2102 21012100
0176640 20ff20fc 20fd2102 20fb20fd 20f820fc
0176660 20f520fe 20fa20fa 21042103 2105210a
0176700 21052105 20ff2104 210120fe 210320fd
0176720 21002105 20fd20fc 20ff2100 210020fc
0176740 21032102 20fc20fb 20fc2100 210b2108
0176760 210c2106 2109210b 2107210b 2108210f
0177000 21042107 21012104 21052102 21012106
0177020 210420f9 21082111 21002112 21032100
0177040 2107210a 210a2103 210c210d 2105210a
0177060 210c210d 21072107 21012108 21062108
0177100 21042107 21042101 21012100 20ff20fe
0177120 20fc20fc 21082102 21082108 20fe20ff
0177140 20f420fc 20f520fc 210220fb 21012105
0177160 21012100 20fd20fc 20fd2102 210120fc
0177200 21042103 21002103 20f420ff 20f620f8
0177220 20f720f8 20f420fa 20f920f9 20ee20f1
0177240 20f120f1 20ec20f4 20f120ee 20f120f6
0177260 20fb20f2 20fe2105 20fc20fb 20f620f8
0177300 20f720f6 20ee20f0 20f820f3 20f720f3
0177320 20f720f1 20f120f7 20ed20ee 20f220f4
0177340 20f120f7 20f520f1 20f820f6 20f020fb
0177360 20ee20f9 20f320f4 20f320ee 20f720f6
0177400 20ef20f3 20f320f3 20f320f0 20f320ee
0177420 20eb20f1 20f420f2 20f320f4 20f020ee
0177440 20f320f3 20ec20ec 20f020f1 20f320f4
0177460 20f420f3 20f320ec 20ef20f9 20ea20f3
0177500 20ef20ef 20f520f1 20f220eb 20f320f1
0177520 20ef20f4 20f720f5 20f820f8 20fb20f7
0177540 20fe20f7 20e420ec 20f620f1 20f520f4
0177560 20f220f4 20f620ef 20f520f1 20f220f4
0177600 20fd20fa 20fd20f7 20ef20fc 20eb20f0
0177620 20f320f4 20eb20eb 20ed20ea 20ef20f0
0177640 20f520f2 21002100 20fb20fd 20f920f9
0177660 20fb20fa 20f620f9 20f920fe 20f320f6
0177700 20f720f6 20fb20f3 20fb2104 20fb20fd
0177720 20f820f5 20fb20f7 20f820f4 20ee20fb
0177740 20f320f0 20f520f6 20f920f8 20f620f0
0177760 20fe20f9 20fb20fd 20fc20fd 210220f7
0200000 00003fe8 0001000a 01013fe8 000afe38
0200020 00000005 00000000 63e50c6c 00000198
0200040 00000001 00001004 00003fe8 00000000
0200060 00000038 0001000a 20fd2100 20f520fe
0200100 20fa20fa 20fb2100 210720fc 20fa2104
0200120 20f820ff 210420ff 21072104 21042106
0200140 21012105 20fc210a 210c2108 2117210c
0200160 21132112 2113210d 21112116 210e2111
0200200 2108210a 210e210d 210f210c 2117210f
0200220 211b211c 2117211b 2115211e 21162114
0200240 21142119 b0110479 00001004 0001000a
0200260 00010000 03b15ffd 00000ffc 0001000a
0200300 1400003c add01f00 add01f01 add01f02
0200320 add01f03 add01f04 add01f05 add01f06
0200340 add01f07 add01f08 add01f09 add01f0a
0200360 add01f0b add01f0c add01f0d add01f0e
0200400 add01f0f add01f10 add01f11 add01f12
0200420 add01f13 add01f14 add01f15 add01f16
0200440 add01f17 add01f18 add01f19 add01f1a
0200460 add01f1b add01f1c add01f1d add01f1e
0200500 ff000134 00000020 00000002 a0ebb5ef
0200520 00000001 deadbeef f0000002 a0ebb5db
0200540 070ad3e1 00000000 00000134 00001f48
0200560 a010047a 220d2117 2213220f 22142211
0200600 22102211 22102209 22172210 21ff220d
0200620 22012206 2210220a 22092218 220f2206
0200640 2205220d 2212220e 220d220f 2209220f
0200660 22152208 22052204 2206220b 2208220d
0200700 220d2207 220221ff 22022200 22022202
0200720 22052205 220e220d 220f220b 22062212
0200740 220d220e 22092209 220d220b 220f2209
0200760 2210220f 22122209 220f220e 22072205
0201000 22022202 21fe2200 22092207 22082208
0201020 22092200 2202220a 22002200 220221fe
0201040 22052208 22052208 22002200 220021fe
0201060 21fc2201 22002203 21fa2207 220521f8
0201100 21fc2206 220421fd 22022206 22042202
0201120 22092208 22062200 22012202 22012204
0201140 220a21ff 220a2201 21fb21fd 21f721f8
0201160 21f521f5 21f421f3 21fc21ff 21fb21f4
0201200 21f52201 21f621f8 21f521f4 21f821f1
0201220 21f321f7 21f121f8 21f121ed 21d521f5
0201240 20272116 1e9b1f47 1dd61e24 1d901daf
0201260 1d741d7e 1d6a1d71 1d6a1d67 1d651d65
0201300 1d5b1d66 1d591d59 1d561d56 1d4d1d4f
0201320 1d541d51 1d561d53 1d551d51 1d531d52
0201340 1d5f1d5c 1d511d59 1d571d61 1d4c1d4e
0201360 1d471d49 1d4c1d4f 1d591d56 1d501d58
0201400 1d531d48 1d511d53 1d4e1d53 1d4d1d51
0201420 1d531d51 1d501d53 1d551d57 1d481d4b
0201440 1d481d4b 1d441d45 1d471d44 1d491d48
0201460 1d461d45 1d481d4e 1d4d1d50 1d4b1d50
0201500 1d4f1d51 1d4e1d54 1d4f1d4e 1d491d4f
0201520 1d501d4e 1d4e1d47 1d491d48 1d421d47
0201540 1d431d45 1d451d46 1d501d44 1d491d52
0201560 1d4a1d53 1d4f1d4c 1d4e1d4b 1d561d52
0201600 1d561d4d 1d491d4f 1d4e1d55 1d4a1d46
0201620 1d511d4a 1d4d1d4b 1d501d4b 1d451d4c
0201640 1d4c1d4b 1d551d57 1d571d51 1d5b1d57
0201660 1d5e1d5e 1d5e1d57 1d671d5e 1d5f1d5f
0201700 1d5b1d5d 1d541d57 1d571d51 1d551d54
0201720 1d541d57 1d531d53 1d521d54 1d571d51
0201740 1d5a1d55 1d5e1d5e 1d5f1d5d 1d671d63
0201760 1d651d60 1d5f1d63 1d561d63 1d661d5d
0202000 1d6a1d69 1d641d68 1d6d1d64 1d6d1d6f
0202020 1d6b1d6e 1d6a1d6e 1d6c1d6a 1d761d6f
0202040 1d6e1d77 1d771d78 1d771d7f 1d741d7a
0202060 1d7c1d7a 1d701d6f 1d721d78 1d7c1d79
0202100 1d731d74 1d731d7a 1d6e1d71 1d741d73
0202120 1d6e1d72 1d7f1d72 1d7f1d7c 1d831d86
0202140 1d841d88 1d831d88 1d881d8b 1d811d88
0202160 1d8b1d85 1d8a1d8a 1d901d91 1d8d1d91
0202200 1d881d8a 1d8c1d8c 1d8e1d8c 1d961d93
0202220 1d991d92 1d9b1d9d 1d981d9c 1d921d8c
0202240 1d901d8a 1d981d98 1d9e1d98 1da11da0
0202260 1d9d1da2 1da91da2 1da41da8 1da91da2
0202300 1da41dac 1da41da3 1da11da8 1da21db0
0202320 1da81da5 1dae1dad 1db61daa 1db01dbc
0202340 1da41dac 1daf1dac 1db51dad 1dbb1db7
0202360 1dc71dc7 1dbd1dbd 1dc81dbd 1dc61dc2
0202400 1dce1dcb 1dcd1dd1 1dc31dca 1dca1dcc
0202420 1dca1dc9 1dd11dcb 1dc81dcb 1dce1dcf
0202440 1dd81dd0 1dd61dd2 1dcc1dd1 1dd11dce
0202460 1dda1dd5 1ddc1ddc 1dd81dd7 1dd51ddb
0202500 1de61ddf 1ddc1de0 1de81dde 1de61de4
0202520 1de51de5 1de71de9 1de31de5 1dec1de9
0202540 1de71de8 1de31ddd 1deb1deb 1dee1dec
0202560 1dec1de5 1df41df6 1df51dec 1df61dfa
0202600 1df11de9 1df51df4 1df71df4 1df41df6
0202620 1df11df6 1dfd1df1 1dfb1df9 1df71df6
0202640 1df91dfe 1df41df8 1dfa1dfb 1e011dfd
0202660 1dff1e02 1dfa1e03 1e001e06 1e001dfe
0202700 1e011e01 1dfd1e04 1e011e04 1e071e08
0202720 1dff1e06 1e081e00 1e0c1e08 1e151e0e
0202740 1e151e0f 1e121e10 1e141e15 1e0c1e15
0202760 1e091e14 1e121e0c 1e171e15 1e101e0c
0203000 1e1b1e11 1e111e19 1e1c1e13 1e151e17
0203020 1e1d1e11 1e191e1c 1e171e1a 1e1c1e19
0203040 1e191e1c 1e1f1e13 1e191e1d 1e141e1d
0203060 1e181e1d 1e1b1e1c 1e221e1c 1e1d1e1c
0203100 1e1e1e1c 1e231e1d 1e1e1e1b 1e1c1e1c
0203120 1e1d1e17 1e201e27 1e251e24 1e281e29
0203140 1e221e25 1e221e1c 1e291e27 1e261e2a
0203160 1e271e27 1e291e26 1e281e2c 1e231e2b
0203200 1e281e27 1e251e26 1e251e29 1e291e2c
0203220 1e261e29 1e271e27 1e241e23 1e251e20
0203240 1e271e2a 1e2e1e27 1e381e3d 1e391e37
0203260 1e391e37 1e341e37 1e301e2f 1e321e2f
0203300 1e311e34 1e251e2b 1e371e34 1e351e3a
0203320 1e371e38 1e311e38 1e351e33 1e371e38
0203340 1e321e36 1e341e37 1e3b1e37 1e371e36
0203360 1e311e34 1e321e33 1e3b1e39 1e361e34
0203400 1e321e3a 1e371e37 1e341e3a 1e2c1e31
0203420 1e2b1e2b 1e2f1e2d 1e371e34 1e2f1e34
0203440 1e2e1e31 1e381e36 1e3e1e37 1e3c1e38
0203460 1e371e2e 1e381e39 1e331e35 1e331e2d
0203500 1e3a1e34 1e311e34 1e361e3e 1e3a1e3a
0203520 1e3c1e35 1e431e3b 1e3c1e3b 1e3b1e41
0203540 1e311e3e 1e3c1e34 1e351e3a 1e381e2f
0203560 1e361e35 1e371e36 1e3c1e3f 1e3a1e38
0203600 1e301e2f 1e331e37 1e2e1e2b 1e351e34
0203620 1e341e38 1e321e37 1e341e36 1e331e33
0203640 1e3a1e37 1e3b1e3c 1e321e3c 1e381e36
0203660 1e391e35 1e381e34 1e361e2c 1e341e35
0203700 1e351e34 1e361e38 1e3f1e31 1e311e34
0203720 1e321e34 1e2c1e33 1e2d1e29 1e391e2f
0203740 1e301e32 1e2f1e33 1e2d1e30 1e2a1e26
0203760 1e2e1e32 1e311e31 1e311e34 1e391e38
0204000 1e371e30 1e391e3f 1e3e1e40 1e3b1e38
0204020 1e341e44 1e301e2f 1e301e2f 1e301e2a
0204040 1e311e31 1e2f1e33 1e311e35 1e341e35
0204060 1e261e2b 1e271e26 1e2d1e27 1e341e2b
0204100 1e311e32 1e391e37 1e361e39 1e391e38
0204120 1e391e38 1e391e3a 1e3a1e34 1e3c1e3b
0204140 1e3e1e39 1e3f1e3b 1e381e3a 1e391e34
0204160 1e3e1e3c 1e3a1e42 1e401e45 1e3d1e3e
0204200 1e3d1e3a 1e3c1e34 1e3f1e45 1e421e40
0204220 1e4f1e3f 1e451e4b 1e361e3b 1e3d1e42
0204240 1e421e3e 1e401e3d 1e431e42 1e371e42
0204260 1e4e1e43 1e421e49 1e491e4c 1e421e3d
0204300 1e421e49 1e4b1e4c 1e4e1e4d 1e561e4e
0204320 1e541e5b 1e4f1e56 1e4d1e52 1e511e55
0204340 1e591e52 1e511e59 1e4d1e55 1e531e51
0204360 1e581e56 1e5d1e5b 1e611e5e 1e5a1e60
0204400 1e5d1e5f 1e571e54 1e5d1e56 1e5f1e5a
0204420 1e611e5a 1e641e6c 1e621e5f 1e681e66
0204440 1e651e5d 1e631e60 1e691e5e 1e651e65
0204460 1e651e61 1e631e60 1e5f1e5f 1e6b1e68
0204500 1e6a1e62 1e731e71 1e701e6e 1e751e6d
0204520 1e7c1e70 1e6d1e79 1e701e6b 1e6b1e76
0204540 1e761e70 1e7d1e79 1e791e7b 1e7f1e78
0204560 1e7d1e80 1e7c1e77 1e821e7c 1e7f1e7e
0204600 1e871e82 1e8e1e8a 1e8f1e8c 1e861e88
0204620 1e841e8a 1e891e89 1e8f1e88 1e891e8a
0204640 1e931e93 1e901e8e 1e951e92 1e931e94
0204660 1e871e91 1e871e89 1e921e8a 1e981e97
0204700 1e9d1e9e 1e991e9e 1e9f1ea0 1ea01ea0
0204720 1eac1ea3 1ea41eab 1ea61ea1 1ea61eaa
0204740 1eab1ea9 1ea91ea4 1ea91ea1 1ea31ea4
0204760 1eaa1ea7 1eb01ead 1eac1ea8 1eb71eb8
0205000 1eab1eb0 1eb51eb4 1eaa1ea8 1eac1ead
0205020 1ead1eb0 1eb61eba 1eba1eb4 1eb41eb5
0205040 1ebe1ebb 1ebb1ec0 1eb81ec1 1ebd1ebf
0205060 1ec01ebd 1ec51ec2 1ebd1ec1 1ebe1eb8
0205100 1ec01eba 1ec71ec4 1ec91ebf 1ec61ec3
0205120 1ec91ec4 1ecb1ec6 1ec81ecf 1ecd1ec7
0205140 1ec41ec8 1ecf1ecc 1eca1ed1 1ecf1ecc
0205160 1ecb1ec9 1ecf1ed0 1ed51ed0 1ed21ed7
0205200 1ed41ed3 1ed81edb 1eda1eda 1ed61ed9
0205220 1ede1edc 1ee01ed9 1edf1ee1 1ee11ee8
0205240 1ed81ed7 1ee31edf 1ede1edb 1ee81edd
0205260 1eeb1eec 1ee31ee6 1ee71eeb 1edc1ede
0205300 1ee51ee2 1ee81ee8 1ee81eec 1eeb1ee6
0205320 1eea1eed 1ee71ee0 1eec1eee 1ee61eea
0205340 1ee01eec 1ee21ee5 1ef11ee7 1ee91eeb
0205360 1eec1ef2 1ef21eee 1eee1eeb 1ef61ef3
0205400 1ef51ef4 1ef61efa 1ef71efa 1eed1ef3
0205420 1eee1ee9 1ef21ef3 1ef61ef2 1ef71ef7
0205440 1ef41ef0 1ef91ee7 1ef01eee 1efa1ef8
0205460 1eff1f02 1f0b1f01 1f121eff 1f061efe
0205500 1ef71ef9 1efd1eff 1ef61efa 1f041efe
0205520 1f041f01 1efb1f04 1efd1f01 1f031efb
0205540 1f091f01 1efd1f02 1f001f05 1efd1f00
0205560 1f051f01 1ef71efd 1f031f01 1eff1f01
0205600 1efe1f01 1f051efe 1f081eff 1f041f00
0205620 1efc1f00 1f0d1f04 1f091f0c 1f091f0a
0205640 1f071f0b 1efd1f03 1f031f00 1eff1f05
0205660 1f051eff 1f091f0b 1f081f0b 1f071f11
0205700 1f071f0e 1f0b1f0b 1f091f08 1f061f09
0205720 1f061f05 1f061f09 1f0e1f03 1f0b1f0b
0205740 1f0c1f0f 1f101f0e 1f0f1f06 1f111f10
0205760 1f131f11 1f111f10 1f0c1f0a 1f071f08
0206000 1f091f05 1efc1efb 1ef91f01 1f081efd
0206020 1f071eff 1f0b1f0a 1f021f05 1f051f0a
0206040 1f0b1f11 1f091f04 1f081f03 1f0c1f0a
0206060 1f071f01 1efe1f09 1f071f03 1f0e1f08
0206100 1f061f03 1efe1efe 1f071f03 1f051f02
0206120 1f081f02 1f0d1f08 1f011f05 1f091f0a
0206140 1f061f05 1f101f02 1f081f07 1f041f09
0206160 1f061f03 1f081f03 1efe1efc 1efe1f00
0206200 1efb1f03 1ef71efd 1ef11ef9 1f071efb
0206220 1efb1f00 1f081f02 1ef91f00 1ef51ef7
0206240 1ef91ef3 1eee1ef8 1efc1ef8 1ef81efb
0206260 1eff1efa 1f051f00 1f051f04 1f001f03
0206300 1ef81ef9 1efe1eff 1f011f00 1f031efa
0206320 1f011efc 1ef31f07 1ef71ef8 1ef41ef5
0206340 1eff1efc 1f031ef9 1f001f01 1eff1f03
0206360 1efc1ef6 1efb1ef9 1f011efb 1f041f01
0206400 1efe1eff 1f011efc 1f011f02 1ef51efe
0206420 1ef81ef8 1f031f04 1efc1ef9 1ef81efa
0206440 1efe1efc 1efb1f00 1eff1efd 1f011f02
0206460 1ef81f0a 1efe1efb 1f041f07 1f051f06
0206500 1f001f06 1efa1efe 1f061f03 1f0b1f0b
0206520 1f051f07 1f0b1f03 1f081f07 1f051f06
0206540 1eff1f02 1f031efe 1f021efd 1f031f02
0206560 1f081f08 1efe1efd 1f0a1f02 1f151f05
0206600 1f0a1f14 1f071f11 1f0b1f0d 1f101f0e
0206620 1f0d1f08 1f131f15 1f0b1f0c 1f161f15
0206640 1f161f1e 1f171f16 1f0d1f13 1f141f11
0206660 1f151f17 1f141f15 1f191f17 1f181f1b
0206700 1f171f19 1f1c1f1b 1f161f11 1f211f16
0206720 1f1b1f15 1f1c1f18 1f231f1e 1f201f20
0206740 1f241f1f 1f1d1f1b 1f1f1f22 1f231f24
0206760 1f261f28 1f2c1f2c 1f291f26 1f281f2a
0207000 1f2b1f36 1f2b1f23 1f321f29 1f281f2f
0207020 1f2a1f26 1f291f2c 1f2d1f2f 1f2e1f2c
0207040 1f2e1f31 1f361f34 1f3c1f3b 1f3c1f37
0207060 1f371f3d 1f371f36 1f381f3c 1f451f42
0207100 1f4a1f45 1f4b1f43 1f421f4b 1f451f46
0207120 1f441f46 1f471f41 1f3e1f3e 1f481f3f
0207140 1f441f4a 1f4c1f48 1f511f52 1f4e1f53
0207160 1f4a1f4c 1f441f4b 1f4c1f45 1f4a1f4a
0207200 1f501f48 1f511f52 1f4f1f4f 1f551f55
0207220 1f521f4d 1f561f52 1f531f5a 1f571f54
0207240 1f611f57 1f5c1f61 1f5f1f5a 1f5f1f62
0207260 1f671f69 1f5c1f62 1f631f63 1f661f67
0207300 1f6e1f68 1f691f6b 1f671f6e 1f681f67
0207320 1f691f63 1f6c1f67 1f5f1f64 1f5e1f67
0207340 1f621f60 1f611f5b 1f651f65 1f631f61
0207360 1f6e1f6e 1f6a1f6b 1f681f64 1f641f69
0207400 1f691f71 1f6d1f71 1f6a1f6a 1f711f6b
0207420 1f761f77 1f721f78 1f7c1f7a 1f831f7c
0207440 1f7a1f7a 1f7d1f7c 1f6c1f7a 1f771f76
0207460 1f751f74 1f731f73 1f761f7a 1f721f75
0207500 1f821f7f 1f7e1f81 1f7d1f7e 1f7e1f83
0207520 1f7d1f84 1f801f88 1f7d1f81 1f8b1f8b
0207540 1f841f83 1f8e1f8c 1f891f89 1f8b1f8b
0207560 1f881f84 1f861f8b 1f851f88 1f8a1f8b
0207600 1f941f94 1f941f92 1f931f91 1f971f90
0207620 1f951f94 1f971f8e 1f971f8f 1f8f1f92
0207640 1f931f91 1f9d1f99 1f9d1f97 1fa11f9d
0207660 1f9f1fa4 1f981fa9 1f971fa6 1f9b1f9c
0207700 1f931f96 1f9d1f99 1f981f90 1f9c1f9e
0207720 1f9e1fa5 1fa91fa0 1fa81fa9 1faa1fa7
0207740 1fa61fad 1fa11faa 1fa41fa7 1f9f1fa8
0207760 1fa81fa9 1fa41fab 1fa41faa 1fac1f9f
0210000 1fa81fac 1fa71fa5 1fa81fa6 1fa21fa4
0210020 1fa11fa0 1fa21fa2 1fa11fa1 1fb21fad
0210040 1fa31fa1 1fad1fa9 1fa21fa8 1fa31fa5
0210060 1fa21fa4 1fa91fa1 1fad1fa4 1fb11fae
0210100 1faf1fae 1fb01fb0 1fb01fb2 1fb41fad
0210120 1fb01fb1 1fb11fb6 1fb11fb9 1fb61fb7
0210140 1fb71fb2 1fbd1fbc 1fa81fb9 1fb91faf
0210160 1fb01fb3 1fb81fac 1faf1fb2 1fad1fb3
0210200 1fb21fb5 1fac1fa8 1fb11fa8 1fb21fb6
0210220 1fb21fb6 1faa1fb7 1fb21fb1 1fb21fb5
0210240 1fac1faf 1fa81fad 1faa1fa7 1fa61fae
0210260 1fad1fa8 1fac1fab 1fae1faa 1fae1fb0
0210300 1fad1fad 1fad1fb1 1fb01faf 1fa91fa9
0210320 1fb21fb3 1fad1fb1 1fae1fa8 1fac1fad
0210340 1fad1fa7 1fa71fb2 1fa91fa5 1fa91fa7
0210360 1fa71fa5 1fa41fa4 1fac1faf 1fa81fb1
0210400 1fb51fb3 1faf1fac 1fa61fb6 1faf1fae
0210420 1fb11fb7 1fad1fae 1fa81faa 1fa41fa2
0210440 1fa31fa3 1fa81fa0 1fa41fa6 1fae1fa6
0210460 1fa81fb1 1fa51fac 1fa71fab 1fa71fa1
0210500 1f9f1fa9 1f9e1fa1 1fa41fa4 1fa51f99
0210520 1fb41fa2 1fb41fb2 1fae1fb7 1fa71fac
0210540 1fa91fa4 1fa51fa2 1f981fa7 1fa01fa0
0210560 1f9e1fa6 1fa61fa6 1fac1fa5 1fa71fa8
0210600 1fa21fa7 1fab1faf 1fa31fa6 1fac1faa
0210620 1faa1fa9 1fac1fa9 1faa1fa8 1fad1fa3
0210640 1fa71fa9 1fa71fa7 1fa21fa5 1fa71fa4
0210660 1fa91fab 1faa1fa3 1faf1fa7 1fac1faa
0210700 1faf1fb4 1faf1fb5 1fb11fac 1fb71fb2
0210720 1fb91fb8 1fb01fb7 1fb61fb3 1fb71fae
0210740 1faf1fb6 1fb31fb9 1fb31fb1 1fb41fb0
0210760 1fb61faf 1fa91fab 1fb41fad 1faf1fb6
0211000 1fb81fb1 1faf1fb1 1fb21fb3 1fb61fb8
0211020 1fae1fb8 1fab1fa8 1fad1fac 1fb01fac
0211040 1fbb1fb6 1fbb1fbe 1fb91fbb 1fb51fb7
0211060 1fbc1fb8 1fb81fbc 1fb01fb7 1fb11fae
0211100 1fb31fad 1fb61fb6 1fb11fb6 1fad1faf
0211120 1fa91fac 1fae1fb6 1fbc1fbc 1fad1fb8
0211140 1fb11fb5 1fb91fb2 1fbc1fb8 1fc21fc0
0211160 1fc31fc0 1fc41fcd 1fc01fc1 1fc41fb9
0211200 1fba1fbd 1fc51fb8 1fc71fc5 1fc41fc1
0211220 1fcb1fc5 1fce1fc6 1fc81fd0 1fc61fc5
0211240 1fc01fc2 1fc91fc3 1fbf1fc4 1fc71fc4
0211260 1fc71fc3 1fc61fc4 1fc51fc6 1fcd1fcd
0211300 1fcd1fc8 1fc51fc9 1fc51fbc 1fc21fc2
0211320 1fbf1fc7 1fc31fc8 1fbc1fc6 1fc31fc1
0211340 1fcd1fc9 1fcf1fcd 1fcf1fd4 1fcd1fcb
0211360 1fcd1fcb 1fd31fcd 1fd51fd2 1fcd1fd0
0211400 1fe21fd6 1fce1fd7 1fd91fd4 1fd71fd3
0211420 1fd21fd1 1fd41fdb 1fd51fd4 1fd91fcd
0211440 1fd91fde 1fe01fde 1fd81fda 1fdb1fd5
0211460 1fdc1fde 1fe01fe5 1fea1fe3 1fe81fed
0211500 1fdf1fe8 1fe51fda 1fe51fe3 1fe81fe8
0211520 1fe51fe0 1fe31fe3 1fe41fe5 1fe71fe5
0211540 1fe41fe2 1fe21fe4 1feb1fe7 1fe51fe5
0211560 1fe71fe6 1fec1fe9 1ff01fee 1fef1fed
0211600 1ff61fef 1fe91fec 1fe91fec 1ff01feb
0211620 1ff41ff8 1ff51ff4 1fec1ff1 1ff81ff2
0211640 20061ff5 1fff1ffe 20041ff6 1ff31ffa
0211660 1fef1ff5 1ff81ff6 1ffa1ff6 1ff81ff1
0211700 1ffc1ffa 1ff11ff8 1ff81ffb 1ffe2000
0211720 20051ffc 1ffe1ffe 1ff82003 1ff31ff7
0211740 1ffd1ffd 1ffd1ffa 20052001 200c200b
0211760 20052009 2001200b 20032004 20072005
0212000 1fff2003 20041ffc 20012005 20042006
0212020 20032003 200b2007 2004200d 20012005
0212040 20052005 20042001 20072002 2006200a
0212060 20092006 200d2004 200e200f 200f2008
0212100 200c2011 20042011 20172007 20162013
0212120 201e2012 20182021 20102014 20182011
0212140 20142010 201d201c 201b201c 201c201b
0212160 201e2018 20172011 201b2019 2020201e
0212200 2020201c 201d201d 20232022 201a2020
0212220 20182019 2017201d 201f201b 20202023
0212240 201d2024 201f2024 201c201e 2020201d
0212260 2025201c 202d2029 20212027 20252025
0212300 20232028 2024201d 202d2028 20352027
0212320 20332032 2031202f 202d202e 202c202b
0212340 2026202c 202e202c 202b202e 201b2026
0212360 20292022 2029202b 2022202d 20272022
0212400 20262020 20242029 2027202a 20292029
0212420 20292020 2029202d 202f202d 202d202e
0212440 202a202c 2036202b 202c202a 20322031
0212460 20312033 202d2034 202d202d 20252029
0212500 20242025 20282023 20242021 202b2024
0212520 2025202a 20242023 202c202e 20292030
0212540 202b2025 202c202c 202a202c 202b202b
0212560 202e202f 202d2030 202a202e 2023202b
0212600 20222026 2023201c 201a2021 20202020
0212620 20282024 202a2032 20242027 20332029
0212640 2026202e 20262025 2021202a 20202022
0212660 202b2024 20282025 20242027 202c202b
0212700 202b202a 20332028 2025202a 20252028
0212720 20252024 2027202d 202b2026 202a202a
0212740 202e2031 202c202f 2029202c 20302030
0212760 2033202d 203a203b 2038203a 20322035
0213000 2035202f 20372030 20362031 202f2035
0213020 20342034 20362036 202d2035 2030202f
0213040 20322032 20312034 20342034 20332033
0213060 20342037 20372035 202d202e 2031202f
0213100 2033202c 20362037 20302035 20302036
0213120 20362031 203a2039 20422040 20442042
0213140 2033203b 203c203c 2036203c 20362037
0213160 203c203f 203b203b 2039203b 203b2035
0213200 203e203c 2043203f 2041203f 20462041
0213220 20462048 20422042 203f2045 20442042
0213240 2042203d 2043203b 2046203d 20422043
0213260 203c2041 203e2034 20432040 2047204c
0213300 204c2048 20462047 203f2043 2041203b
0213320 20412042 203d2048 203c2045 2049203d
0213340 203a203c 203f203c 203e2045 203e2048
0213360 20482041 20422045 204a2043 204e204d
0213400 204f2052 20492051 20492047 20472048
0213420 20442048 2044204e 204f204d 204a204a
0213440 204d2048 20552050 20542054 20592056
0213460 20532057 20542057 20532052 20562054
0213500 20532058 20542058 2055205e 2054205b
0213520 20572055 20552055 20542055 20512058
0213540 204c204c 205c2055 205a2058 2060205f
0213560 205b2056 205e205c 20552054 205d2056
0213600 205c2064 2061205d 205e205a 205e2055
0213620 20552059 2059204e 205c2057 2058205e
0213640 205d205c 205e205e 20622063 20622061
0213660 2067205d 205f2067 20632062 2060205c
0213700 2060205c 205e2060 2065205f 20632064
0213720 206b2064 205d2069 205c205e 2060205a
0213740 205d205f 2056205e 2064205e 205d2066
0213760 2057205d 20602054 20602061 20622065
0214000 206c206d 206c206a 2074206a 20682071
0214020 206e206b 2069206d 206c206a 20652064
0214040 2062205f 2068205e 20702074 206a2067
0214060 206b2070 206f2067 2068206c 20682073
0214100 2069206e 2071206b 20712073 2074206d
0214120 2072206d 2075206e 206e2070 206f206e
0214140 20742074 20702076 206f206c 206d2079
0214160 20742076 20732074 20792074 207b2076
0214200 207f207b 20842081 207a2081 2078207c
0214220 2075206e 20772071 20782079 2072207a
0214240 20802078 207d2084 20882081 20782086
0214260 207b207c 20872082 207f207d 207f2079
0214300 2081207d 207e2082 20802082 2082207d
0214320 20812081 208b2083 20842088 207d2082
0214340 207e207a 207c207a 207c207a 207d207d
0214360 208b2085 20872081 20872088 207e2080
0214400 20862085 208e2087 208b2089 20862082
0214420 20822080 207d2089 20862080 208a2089
0214440 20832087 20892084 208c2086 2087208c
0214460 208e208b 208f208b 20902092 208f208e
0214500 208c208f 20942090 209b2097 20912095
0214520 20962097 20912090 20972096 209a2093
0214540 20972093 20942097 20922095 20892093
0214560 2096208c 208f208f 209d209a 20922099
0214600 20942096 20922092 208f2098 20912091
0214620 208f2092 20952094 2093208e 20922094
0214640 208f2090 208c2095 20922093 2092208f
0214660 2092209a 20972092 209e209e 209f20a0
0214700 209d209a 2097209c 209b209f 2099209c
0214720 2099209a 209c209a 209c2098 208b2093
0214740 208e208f 208d2091 20942092 20912099
0214760 20922095 208f2091 209a2090 209c2099
0215000 20962091 2093208e 20932097 20982090
0215020 20942093 20912093 20a5209c 209620a3
0215040 209d2099 209a209c 208e209c 208e2097
0215060 20902094 20972096 209a20a2 20942091
0215100 20972098 2099209b 209c209a 20a02098
0215120 209d20a6 209a209e 2096209e 209a209e
0215140 209e2097 209d209c 209d209d 209d20a0
0215160 20a1209d 20a4209c 2097209f 209d20a1
0215200 209e20a1 209a2098 2099209f 20ac20a2
0215220 20a420a3 209620a1 209f209a 20a620a0
0215240 209b209b 209f209b 209c20a2 209e20a1
0215260 20a520a0 209f209f 20a9209d 20a320ab
0215300 209f20a4 209e20a4 20a320a3 20a620a3
0215320 20a820b0 20aa20a5 20a820a9 20ad20aa
0215340 20af20ab 20b220b0 20b320b5 20b020b1
0215360 20af20ab 20ab20ac 20af20b0 20ad20af
0215400 20b320b2 20b020af 20b420b5 20ae20b0
0215420 20a820a8 20b120af 20b320b1 20b820bd
0215440 20b820b6 20b020af 20ac20ab 20b120a9
0215460 20b920b3 20b320b9 20b120b0 20b920b1
0215500 20b620b4 20ba20bb 20b720b7 20bc20b8
0215520 20ba20b9 20be20bc 20bd20b9 20bd20c1
0215540 20be20bd 20be20c3 20bd20bb 20ba20ba
0215560 20b220b9 20c220c0 20c820c2 20bd20c4
0215600 20b520b9 20ba20b7 20ba20b8 20b920b8
0215620 20b820b7 20c120c0 20c220c2 20ca20c5
0215640 20c420c0 20c320c1 20c720c6 20c820cb
0215660 20c920cd 20cb20cb 20ce20cf 20d220ce
0215700 20d020ce 20d020c9 20cd20c5 20c720ca
0215720 20c920c7 20cc20cc 20d220ca 20cb20c4
0215740 20c520c7 20c720c2 20c720c6 20c920c7
0215760 20cb20c6 20c820cb 20cc20c5 20d620cb
0216000 20ce20cf 20d420cf 20cc20d2 20d220d5
0216020 20c820d4 20c920cd 20cd20cb 20d020cc
0216040 20d220cb 20d220d3 20cc20d6 20d320d3
0216060 20d220d0 20d020d2 20cc20d6 20c920d1
0216100 20d420ce 20cd20d6 20ca20cf 20d020d0
0216120 20cf20d0 20d120d0 20d120d2 20cc20d1
0216140 20d220d6 20d420d0 20d620cf 20d620d4
0216160 20cd20cf 20d120d6 20d220d2 20d820d1
0216200 20d220d4 20d120cf 20d020d1 20cb20cc
0216220 20ca20c6 20cc20c5 20cd20c6 20d420db
0216240 20d520d2 20d320da 20ce20d2 20dd20d5
0216260 20cb20d5 20d620d0 20d420d4 20d420cf
0216300 20ce20d0 20cd20d3 20cd20c6 20cf20d0
0216320 20d220d0 20cd20d0 20d420cf 20d220d6
0216340 20db20d5 20d420d4 20ce20cd 20d620d5
0216360 20d720d5 20d520d2 20d420d5 20d020d6
0216400 20d520d1 20d320d3 20db20dd 20d720d4
0216420 20d820d6 20d220d7 20ce20d0 20d320cf
0216440 20db20d5 20d420d4 20d820d6 20e120d6
0216460 20de20de 20d620d9 20d820d9 20dc20d9
0216500 20d720db 20d520ce 20cf20cd 20dd20cf
0216520 20e020e3 20d620d2 20d820da 20dd20d6
0216540 20dc20dc 20dc20e4 20e220dc 20e220e1
0216560 20e620e3 20e120e3 20dd20e2 20e520e1
0216600 20df20db 20d820d9 20d520da 20d720d6
0216620 20d220d4 20d720d5 20e320dd 20d620e1
0216640 20d920da 20da20d0 20d720ce 20d920d6
0216660 20db20da 20dc20de 20e120dd 20ea20e2
0216700 20e420e6 20e620e4 20ec20ee 20e920eb
0216720 20e420ea 20e520e2 20da20da 20d720df
0216740 20dd20da 20e920de 20e620e4 20eb20f3
0216760 20e620e9 20e520d8 20df20e0 20d920d7
0217000 20db20de 20d920dc 20db20dd 20dc20de
0217020 20df20d9 20d820de 20e220e0 20e020df
0217040 20dc20dd 20e720e1 20dd20eb 20e120dd
0217060 20dc20dc 20db20d8 20e220dc 20e120e0
0217100 20e020e0 20df20da 20e020da 20e520db
0217120 20d820dd 20d820d7 20dd20d6 20dc20db
0217140 20dd20dd 20df20df 20dc20e2 20dd20db
0217160 20dd20db 20dd20db 20dc20df 20e020e7
0217200 20e120e0 20da20e1 20de20da 20e320e3
0217220 20e320e2 20e720e4 20df20cf 20e920e3
0217240 20ec20e7 20e920e3 20e720e4 20e420e2
0217260 20d620e0 20dc20d7 20df20e0 20e520de
0217300 20dd20dc 20e520db 20e320ea 20ea20e6
0217320 20df20dc 20de20df 20e220e3 20e120e9
0217340 20ea20e8 20ea20f2 20e820eb 20ee20e7
0217360 20ee20eb 20e820ec 20ef20eb 20eb20ec
0217400 20e520e6 20e220e4 20e220e5 20eb20e5
0217420 20e420ec 20e920e9 20e620e5 20f620eb
0217440 20f220f6 20ef20ee 20ed20f1 20f520f5
0217460 20f720f4 20f020f3 20f520f6 20f120ef
0217500 20ef20eb 20f420f4 20f520ee 20f720f8
0217520 20f320f6 20f220f2 20f820fb 20fb20f9
0217540 20f720fa 20f720f7 20f120f7 20f320f2
0217560 20f120f3 20fa20f2 20fc20fa 20fa2100
0217600 20ff2101 20f920fb 20f820f8 20f320f5
0217620 20fc20fe 20fe20fa 20fe2104 210020fc
0217640 20ff2100 20fc20fc 21062108 21012101
0217660 210420fd 2103210b 210b2105 21092104
0217700 21062105 21092104 21082102 2109210c
0217720 210e210b 210a210e 210c2106 21072109
0217740 2107210e 2112210f 210e2111 2114210a
0217760 21152112 21152111 211b211f 2113210e
0220000 21162117 211b2119 2117211c 2117211e
0220020 21172114 211a2113 21202119 211b2123
0220040 211a2123 2118211c 211a211f 21112113
0220060 21172115 211c211a 2129211f 212d2126
0220100 211f211c 211c211e 21202126 211e211f
0220120 2125211b 21232128 21242128 2126212f
0220140 211e2120 21232129 21242123 211b2125
0220160 211f211d 2122211e 21202122 21242120
0220200 21272122 2133212d 2127212c 21252122
0220220 21232126 21252123 21282129 2125212c
0220240 21292122 21212125 21282121 212f2134
0220260 21322126 b010047a 00001004 0001000a
0220300 00010000 03b15ffe 00000ffc 0001000a
0220320 1400003c add01f00 add01f01 add01f02
0220340 add01f03 add01f04 add01f05 add01f06
0220360 add01f07 add01f08 add01f09 add01f0a
0220400 add01f0b add01f0c add01f0d add01f0e
0220420 add01f0f add01f10 add01f11 add01f12
0220440 add01f13 add01f14 add01f15 add01f16
0220460 add01f17 add01f18 add01f19 add01f1a
0220500 add01f1b add01f1c add01f1d add01f1e
0220520 ff000134 00000020 00000002 a1594512
0220540 00000001 deadbeef f0000002 a15944fe
0220560 3e0b28a5 00000000 00000134 00001f48
0220600 a011047b 2213212e 220c220e 220f220b
0220620 22182210 22192216 22132216 22162219
0220640 220f220b 22102214 22072209 220c220d
0220660 220e2211 220d220d 220d2211 220d220a
0220700 220c2211 221a220f 22132215 220e2211
0220720 220c220f 22082204 22092204 22042201
0220740 220a2203 2204220a 22062209 220b2209
0220760 2210220c 220c220e 2207220d 22062212
0221000 2205220c 22072206 220621fd 22032204
0221020 2207220d 22062207 22072203 22072215
0221040 220a2203 22082209 22052204 220d2201
0221060 2208220a 220f2212 221c2217 22082204
0221100 220b220e 220521fe 2206220b 21fb2201
0221120 220421fc 220521fe 22032203 21fc21ff
0221140 21fc21fa 21fa21fa 21ff2204 22052204
0221160 21ff21fc 21fa2204 220321ff 21fd21fc
0221200 21f921fa 21fc21f6 21fb21fe 21f121fb
0221220 21f721ef 21ef21ee 21f421f4 21f921fc
0221240 21f821f5 21f221f2 21f821f5 21f921f4
0221260 21be21fc 1fce20d2 1e551ef2 1d9e1ddb
0221300 1d531d75 1d401d4d 1d3c1d39 1d371d38
0221320 1d2d1d34 1d321d2e 1d2d1d33 1d391d33
0221340 1d3c1d37 1d371d38 1d361d38 1d2b1d34
0221360 1d311d2a 1d2c1d2f 1d2a1d28 1d241d2b
0221400 1d201d26 1d241d1e 1d271d25 1d251d23
0221420 1d281d25 1d271d2d 1d2e1d27 1d301d2d
0221440 1d2b1d28 1d2a1d23 1d271d2c 1d261d2d
0221460 1d291d24 1d2c1d2d 1d2e1d2f 1d331d2d
0221500 1d2c1d2f 1d2e1d2c 1d261d29 1d2e1d2c
0221520 1d301d2d 1d371d32 1d351d33 1d361d36
0221540 1d361d35 1d331d37 1d331d2f 1d301d35
0221560 1d361d33 1d341d36 1d3a1d34 1d321d31
0221600 1d3d1d36 1d3c1d40 1d531d4b 1d481d4b
0221620 1d4f1d44 1d471d3e 1d471d3e 1d471d48
0221640 1d4f1d50 1d531d4f 1d4c1d4b 1d491d47
0221660 1d3d1d40 1d4a1d46 1d4e1d4e 1d551d53
0221700 1d511d50 1d531d58 1d451d51 1d4c1d51
0221720 1d561d4a 1d591d55 1d561d55 1d5e1d5d
0221740 1d541d55 1d5b1d56 1d621d5c 1d5f1d63
0221760 1d5e1d61 1d611d60 1d5e1d5c 1d5e1d5f
0222000 1d651d5e 1d6a1d62 1d6b1d67 1d671d63
0222020 1d661d69 1d671d6a 1d691d6c 1d681d67
0222040 1d671d68 1d6f1d6a 1d6a1d68 1d6c1d69
0222060 1d6e1d67 1d7a1d79 1d751d7b 1d741d77
0222100 1d741d73 1d6c1d6e 1d6e1d6f 1d721d70
0222120 1d761d72 1d7e1d7c 1d831d85 1d7e1d7b
0222140 1d7f1d7c 1d811d82 1d881d89 1d861d86
0222160 1d8a1d85 1d891d88 1d911d8b 1d8d1d8c
0222200 1d871d8c 1d8b1d8a 1d8f1d8f 1d971d90
0222220 1d951d9e 1d971d94 1d9d1d98 1d9c1da1
0222240 1d9d1d96 1da51da2 1da91dab 1d9f1d9f
0222260 1d9f1d9e 1da51da4 1daa1dae 1daa1daa
0222300 1db11dae 1da61db1 1db11dae 1dbc1db2
0222320 1db11db6 1db91db0 1db21dba 1db01db6
0222340 1db51db2 1db31db8 1db01db1 1db71db7
0222360 1db91db4 1db61dc0 1dbd1db9 1dca1dbe
0222400 1dc71dc3 1dbc1dc0 1dbb1dc1 1dc61dbf
0222420 1dc71dc6 1dc81dcb 1dc71dc9 1dca1dcb
0222440 1dca1dc5 1dc91dc9 1dd01dca 1dd01dcf
0222460 1dc91dd1 1dd61dcf 1dd11dcd 1dd21dcd
0222500 1dcf1dd0 1dd41dcf 1dcc1dcf 1dd71dcd
0222520 1dce1dcb 1dd41dd6 1dd11dd4 1dcf1dce
0222540 1ddc1dd5 1dd31dcf 1dce1dcf 1dcd1dd3
0222560 1dd31dd0 1dda1dd3 1dd51dd7 1ddb1dde
0222600 1dce1ddc 1ddc1dd6 1ddd1de0 1de01ddd
0222620 1ddf1ddf 1ddf1dda 1de01de5 1de21ddc
0222640 1de31de2 1de11de8 1de71de8 1de31de7
0222660 1de51de6 1dda1ddd 1ddc1ddf 1de01ddf
0222700 1dea1de5 1de71deb 1de91de5 1ded1de4
0222720 1de91dec 1dee1de5 1def1dec 1df21de6
0222740 1dee1dea 1deb1ded 1dec1df2 1def1dea
0222760 1ded1de9 1df01def 1df11df4 1dec1df2
0223000 1dec1de7 1df21de7 1def1dec 1df51df2
0223020 1df61df3 1df61df6 1e041dfc 1df41df3
0223040 1df61dfa 1dfb1df1 1dfd1df8 1dff1e00
0223060 1dfd1dfd 1dfc1e00 1dec1dee 1dfc1df1
0223100 1df21df8 1dfc1dfc 1e001dff 1dfa1df9
0223120 1dfd1dfa 1e041e00 1e001e06 1dfb1e08
0223140 1e041dfd 1e001df8 1e001e04 1e091e03
0223160 1e0e1e0e 1e071e0d 1e021e00 1e021e06
0223200 1e031e04 1df91dff 1df31df5 1dfa1df9
0223220 1df41dff 1dfe1df9 1dfa1e02 1e021e01
0223240 1e0a1e05 1e0b1e0b 1e0e1e0e 1e071e0d
0223260 1e0a1e03 1e081e06 1e061dfc 1e041e06
0223300 1e051dfc 1dfd1e03 1e071df9 1e081e0a
0223320 1dfc1e07 1dfd1dfd 1e041df8 1dff1df7
0223340 1e001e03 1dff1e03 1e021e0a 1e091e03
0223360 1e0c1e05 1e041e02 1e021e08 1e081e01
0223400 1dfe1e03 1e031e00 1dfc1dff 1e021e01
0223420 1e031dfe 1e091e01 1e051e02 1e021dfa
0223440 1dfe1dfc 1e011dfa 1dfe1dfe 1e071e01
0223460 1dfe1e05 1dfa1df5 1e001df5 1e011dfd
0223500 1e011dfa 1df51dfb 1df91e03 1e001e02
0223520 1df91e03 1e051e01 1e021e01 1e0b1e00
0223540 1e0d1e02 1dff1e0b 1e0b1e01 1e051e0a
0223560 1e051e02 1e0c1e09 1e0f1e10 1e101e02
0223600 1e0e1e0b 1e0a1e0d 1e011e03 1e091e08
0223620 1e071e0b 1e051e0b 1e071e01 1e0a1e10
0223640 1e031e0b 1e081e02 1e0b1e0e 1e0e1e12
0223660 1e0e1e0c 1e161e14 1e171e16 1e151e12
0223700 1e171e15 1e121e13 1e091e09 1e091e13
0223720 1e0a1e05 1e0c1e06 1e161e1b 1e181e1b
0223740 1e141e10 1e191e15 1e151e16 1e171e17
0223760 1e141e18 1e1c1e16 1e171e19 1e1b1e18
0224000 1e201e1d 1e1e1e17 1e231e17 1e1c1e23
0224020 1e1d1e19 1e161e19 1e1b1e1c 1e1d1e1a
0224040 1e1a1e20 1e271e1d 1e221e29 1e271e25
0224060 1e281e22 1e221e22 1e271e22 1e211e24
0224100 1e291e23 1e281e24 1e2f1e2b 1e2b1e2b
0224120 1e2f1e2a 1e2e1e34 1e331e2f 1e371e33
0224140 1e3d1e30 1e391e3b 1e3a1e38 1e401e3a
0224160 1e3b1e3f 1e391e3f 1e391e3c 1e3d1e3a
0224200 1e461e42 1e461e3e 1e441e3d 1e481e46
0224220 1e4e1e4c 1e4f1e44 1e4a1e44 1e441e4a
0224240 1e4f1e50 1e511e53 1e5f1e56 1e4d1e55
0224260 1e531e58 1e4d1e52 1e591e4e 1e581e57
0224300 1e571e54 1e5c1e5c 1e581e5a 1e621e5e
0224320 1e5f1e60 1e5a1e5a 1e601e5f 1e5a1e5b
0224340 1e5d1e5d 1e701e68 1e631e69 1e641e69
0224360 1e6a1e68 1e6f1e6c 1e751e71 1e6d1e70
0224400 1e6a1e67 1e6e1e6f 1e751e7d 1e7f1e75
0224420 1e711e74 1e6f1e72 1e791e79 1e841e79
0224440 1e871e7e 1e801e7d 1e831e83 1e851e8b
0224460 1e841e7f 1e811e85 1e851e82 1e8a1e88
0224500 1e891e8c 1e8b1e8e 1e8c1e8e 1e891e8c
0224520 1e911e8a 1e8e1e95 1e981e92 1e921e91
0224540 1e911e96 1e9f1e98 1e981ea4 1e9c1e9a
0224560 1e9b1e97 1e951e99 1e9c1e9f 1ea51ea4
0224600 1ea51ea1 1eab1ea6 1ea61ea9 1ea31ea8
0224620 1ea51ea6 1e9d1ea1 1ea11e9b 1ea71e9e
0224640 1ea81ea5 1ea71ea7 1eab1ea9 1eb21eab
0224660 1eac1eae 1ead1eb4 1ea91eaa 1ead1eab
0224700 1eb41eaa 1ead1eaf 1ea81ea9 1eaf1eae
0224720 1eab1eaf 1ea81ea8 1ea81eac 1eb31eb5
0224740 1eb11eb9 1eb71eb0 1eb41eb4 1eba1eb6
0224760 1eb41eba 1eb01ebe 1ec41ec5 1eba1ebd
0225000 1ebc1ebb 1eb71eb6 1eb41eb3 1ebc1ebd
0225020 1ebd1ebf 1ebf1ec0 1eba1ec1 1eb71ebe
0225040 1ebf1ebb 1ebe1eb9 1ebc1ebf 1ebf1ebc
0225060 1ec11ec9 1eb81eba 1ebd1eb8 1ebe1ec4
0225100 1ec11ec2 1ecb1ec4 1ec21ebe 1ec31ebf
0225120 1ec31ec1 1ec11ec5 1ec91ec7 1ec01ec8
0225140 1ec61ec0 1ec21ec4 1ec01ebf 1ec01ec0
0225160 1ec61ebe 1ec41ec4 1ebe1ec2 1ebf1ec6
0225200 1ebf1ec7 1ebe1ec1 1ec81ec4 1ec51ec2
0225220 1ec41ec6 1ecc1ec7 1ece1ecb 1ec81ec3
0225240 1ec71ec6 1ec91eca 1ec71ec9 1ecc1ec7
0225260 1ecd1ecc 1ed01ed4 1eca1ec9 1ecc1ec6
0225300 1ece1ec6 1ecd1ed0 1ecb1ed0 1ec71ecb
0225320 1ec21ec3 1ebf1ec2 1ec81ec2 1ec81ec5
0225340 1ec71ec9 1ed11ed4 1ed71ed5 1ed31ecd
0225360 1ec61ed1 1ec41ec8 1ed01ecc 1ec81ec7
0225400 1ed01ec9 1ec41ec5 1ec71ec9 1ec61ec8
0225420 1ecf1ecf 1ecc1ecc 1ecb1ec2 1ec41eca
0225440 1ec81ec9 1ec81ec5 1ecb1ec5 1ecc1ec7
0225460 1ec31ec8 1ec71ecb 1ec01ecc 1ecb1ec0
0225500 1ec31ec3 1ec01ec8 1ec61ec6 1eba1ec1
0225520 1eb91eb9 1ebf1eb6 1ec11eca 1ec71ec8
0225540 1ec41ec7 1ec51ec2 1ec11ec3 1ec21ec0
0225560 1ec81ecc 1ec61ec3 1ec51ec3 1ebf1ec8
0225600 1eb81ec1 1eb61eba 1ebc1ec3 1ec11eb9
0225620 1eba1eb9 1eb71ebb 1ec41ec2 1ec01ebf
0225640 1ebd1eb8 1eb81ebb 1ebc1ebc 1eb71eb6
0225660 1eb61eb5 1eba1eaf 1eb81ebb 1ebc1eb8
0225700 1eb91eba 1eba1eba 1ec01eb1 1eb71eb2
0225720 1ebc1eb8 1eb51ebf 1eb31eb9 1eb71eaf
0225740 1eb01eb1 1eaa1eb1 1eb41eb3 1eb11ead
0225760 1ead1ea8 1eac1eac 1eb01ea9 1eb41eb1
0226000 1eb61eb5 1eb21ea9 1eb21eb7 1eac1eb2
0226020 1eb61eb1 1eb21eae 1eb21eaf 1eb01eb4
0226040 1eb11eb3 1ebf1eb9 1eb51eb8 1ebd1eb5
0226060 1eb01eb3 1eaf1ead 1eb31eb4 1ead1eb4
0226100 1eb31eb2 1eb61eb7 1eb71ebb 1ec11ebf
0226120 1eb31eb9 1eb11eac 1eaf1eb3 1eb31eb7
0226140 1eb91eb0 1ebc1eb9 1ebf1ec0 1ebc1ec1
0226160 1ebb1eb6 1ec01ec4 1ebf1ec1 1ebd1ebe
0226200 1eb71eb8 1eb81ebb 1eb91ebc 1eb41ebc
0226220 1ec21eb3 1ec81ec7 1ec41ec2 1ec51ec9
0226240 1ec01ebd 1ec51ec5 1ec81ec8 1eca1ec6
0226260 1ec31ec7 1ec71ebf 1ec41ebf 1ec71ec7
0226300 1eca1ece 1eca1ece 1ed11ecc 1ed21ecc
0226320 1ed21ed1 1ed11ed3 1ed01ecd 1ed61ed6
0226340 1edc1ed6 1ed31ed9 1ece1ed1 1ed51ed7
0226360 1eda1ed9 1edb1edb 1ed61eda 1ed21ed9
0226400 1ee21eda 1ee91ee4 1eed1ee7 1eeb1eee
0226420 1ee41ee9 1eec1eea 1ee71ee8 1eef1eed
0226440 1ef01ee9 1ef31ef2 1ef31efe 1ef21ef2
0226460 1ef71eed 1ef91ef8 1ef61ef3 1eff1efe
0226500 1ef61ef6 1ef71ef6 1ef41efd 1f001f00
0226520 1f041f05 1f091f0a 1f101f0d 1f141f10
0226540 1f081f0e 1f101f07 1f101f11 1f151f12
0226560 1f141f1b 1f121f11 1f131f11 1f101f19
0226600 1f121f0d 1f181f0f 1f131f12 1f171f1c
0226620 1f161f1b 1f121f15 1f1e1f17 1f1d1f1f
0226640 1f201f21 1f2a1f21 1f281f26 1f281f2d
0226660 1f231f24 1f271f27 1f291f29 1f2f1f20
0226700 1f321f2f 1f271f2d 1f2a1f35 1f2e1f2f
0226720 1f301f33 1f3d1f36 1f391f3d 1f421f39
0226740 1f3b1f3e 1f421f3c 1f451f49 1f411f45
0226760 1f431f44 1f461f3e 1f461f48 1f3f1f47
0227000 1f451f3f 1f3f1f46 1f4b1f46 1f501f45
0227020 1f531f4c 1f4c1f59 1f511f55 1f561f58
0227040 1f4f1f4f 1f561f51 1f5a1f5a 1f5a1f56
0227060 1f601f5a 1f631f5b 1f5e1f5e 1f5d1f5f
0227100 1f5f1f66 1f641f5e 1f621f5e 1f661f64
0227120 1f5f1f69 1f641f63 1f611f69 1f5d1f61
0227140 1f621f63 1f621f62 1f661f69 1f681f64
0227160 1f641f62 1f6e1f68 1f6a1f66 1f6b1f6b
0227200 1f651f71 1f681f5f 1f621f67 1f5c1f60
0227220 1f6b1f6d 1f661f6f 1f6a1f6f 1f701f6e
0227240 1f771f6d 1f6c1f78 1f791f6c 1f721f6a
0227260 1f711f71 1f711f6e 1f711f6a 1f711f6d
0227300 1f741f73 1f741f70 1f701f6f 1f7c1f7a
0227320 1f7e1f7c 1f771f76 1f761f76 1f791f76
0227340 1f751f75 1f711f6f 1f6b1f6a 1f6d1f6e
0227360 1f771f70 1f721f78 1f781f7c 1f7f1f71
0227400 1f771f7a 1f761f7e 1f7f1f7c 1f831f7f
0227420 1f7e1f81 1f7e1f81 1f7e1f7f 1f841f7e
0227440 1f761f7c 1f861f7a 1f721f79 1f781f79
0227460 1f801f7d 1f781f78 1f821f7b 1f771f79
0227500 1f7c1f7b 1f781f83 1f7c1f7e 1f7b1f79
0227520 1f801f76 1f801f7b 1f7f1f88 1f7e1f81
0227540 1f7e1f71 1f7e1f7f 1f7c1f7e 1f7e1f7e
0227560 1f7c1f80 1f821f7d 1f831f80 1f821f80
0227600 1f861f80 1f841f81 1f7f1f7b 1f7d1f7c
0227620 1f791f7f 1f701f7d 1f841f7e 1f811f78
0227640 1f7d1f7f 1f7a1f78 1f771f7d 1f7d1f77
0227660 1f7b1f7b 1f771f7a 1f751f78 1f7e1f81
0227700 1f701f7c 1f7d1f79 1f681f72 1f701f6b
0227720 1f6f1f71 1f6f1f72 1f6d1f6c 1f731f6f
0227740 1f751f6c 1f6e1f69 1f731f72 1f711f6c
0227760 1f6e1f70 1f671f6a 1f651f6c 1f651f63
0230000 1f651f63 1f611f67 1f5f1f5f 1f5f1f60
0230020 1f661f65 1f6d1f68 1f6a1f67 1f6c1f6d
0230040 1f711f6c 1f671f68 1f621f5c 1f611f62
0230060 1f611f62 1f5a1f5d 1f611f5d 1f631f5f
0230100 1f651f5f 1f611f63 1f671f6a 1f601f5f
0230120 1f5d1f5e 1f551f5a 1f511f55 1f551f5d
0230140 1f571f4d 1f5c1f5a 1f571f61 1f581f50
0230160 1f531f60 1f551f4f 1f5a1f56 1f601f5f
0230200 1f5b1f61 1f5d1f5c 1f541f59 1f561f5b
0230220 1f4e1f50 1f531f57 1f521f5a 1f501f51
0230240 1f551f55 1f5a1f56 1f501f55 1f521f52
0230260 1f581f55 1f521f5a 1f4c1f51 1f551f55
0230300 1f581f5c 1f5c1f59 1f541f59 1f531f58
0230320 1f521f56 1f561f5c 1f5b1f53 1f591f52
0230340 1f541f54 1f4f1f4b 1f531f4b 1f531f49
0230360 1f571f54 1f4f1f4c 1f501f50 1f571f56
0230400 1f561f54 1f591f5c 1f5f1f4f 1f5d1f57
0230420 1f561f5f 1f501f4d 1f591f59 1f581f59
0230440 1f5b1f59 1f621f62 1f601f62 1f5f1f5d
0230460 1f591f59 1f5c1f5a 1f611f5e 1f671f60
0230500 1f651f66 1f641f65 1f641f66 1f661f68
0230520 1f681f67 1f661f68 1f611f63 1f621f60
0230540 1f631f61 1f621f60 1f681f67 1f6e1f6c
0230560 1f681f6d 1f6d1f6d 1f761f6f 1f731f70
0230600 1f701f70 1f711f71 1f6f1f70 1f771f70
0230620 1f781f75 1f7c1f7c 1f771f78 1f7e1f7c
0230640 1f791f7c 1f7c1f76 1f7a1f7c 1f7e1f80
0230660 1f7a1f8a 1f801f77 1f8a1f8a 1f871f87
0230700 1f821f85 1f841f85 1f8a1f83 1f911f8d
0230720 1f911f8c 1f911f8e 1f931f97 1f981f94
0230740 1f971f95 1f951f95 1f9d1f96 1f951f9b
0230760 1f9c1f9f 1f9f1f9e 1fa21fa2 1f991f9f
0231000 1fa21f9e 1f9f1fa0 1fa81f9d 1fa51fa4
0231020 1fa31fa3 1fa31fa7 1fa71fa6 1fa61fa2
0231040 1fb01fa9 1fad1fac 1fb01fb8 1fb71fae
0231060 1fb11fac 1fae1fb6 1fa81fb4 1fb41fb7
0231100 1fb91fb6 1fbd1fb3 1fc01fbd 1fb51fbd
0231120 1fc01fb9 1fca1fc8 1fc21fc0 1fd01fc8
0231140 1fcc1fcc 1fcf1fcd 1fd31fd4 1fd11fcf
0231160 1fd21fd1 1fcf1fc8 1fd11fce 1fcd1fce
0231200 1fd41fce 1fd31fd4 1fd41fce 1fdb1fdc
0231220 1fdd1fe0 1fdc1fdf 1fdd1fdb 1fe51fe1
0231240 1fea1fea 1fe51fdf 1fe81fe3 1fe31fdd
0231260 1fe31fe4 1fdd1fe9 1fe81fde 1ff01fe8
0231300 1fe81fe9 1fe71fea 1fec1fec 1fe81fec
0231320 1ff11fef 1fee1ff1 1fe51fed 1fed1ff1
0231340 1fed1ff1 1fef1fea 1ff01fef 1fee1fec
0231360 1ff51ff3 1fee1ff5 1fef1ff3 20001ff7
0231400 1ff92000 20001ffa 1ffd1ffe 20071fff
0231420 200a2008 2006200c 20012005 1ffc1ffc
0231440 1fff1fff 20052005 200f2009 200c2012
0231460 2004200d 20102009 20072002 200e2009
0231500 200b2008 200d2005 20142007 20112010
0231520 20052010 200c200f 200e200e 20162011
0231540 201c2013 20122013 200f201c 20032008
0231560 2005200d 2013200e 200d2010 20142016
0231600 201d2019 201d201a 201b201f 201e2021
0231620 2023201c 201c201d 20202016 20162025
0231640 2026202e 20242021 2020201e 201c2014
0231660 20192021 201c2024 20172019 2021201e
0231700 2023201c 201f2022 20192022 201d2025
0231720 201d201e 201c2020 20162019 2018201a
0231740 201e201a 2021201c 201d2020 201d2022
0231760 201b2024 20212024 201f2021 20242021
0232000 201d201a 201b2021 201f2020 201c201b
0232020 2025201e 201e202a 20202021 2018201f
0232040 2017201b 20272017 201e201f 201c201c
0232060 20232025 201c2022 20172018 201b201e
0232100 20172013 20112008 2016201a 20142016
0232120 2022201e 201c2020 2019201a 20132017
0232140 2011200c 200c200e 20132010 20162017
0232160 20182012 20122013 20102013 200c2013
0232200 20122016 200f2012 2014200d 200a2017
0232220 200a200c 20072004 20032005 20082005
0232240 20082000 1fff2003 20052009 20052003
0232260 20092008 2000200a 20022004 1ff31ffe
0232300 1ffc1ff9 1ffc1ffe 1ffd1ffd 20061ffe
0232320 1ffe1fff 1ff81ffb 1ffc1ff9 1ffa1ffc
0232340 1ffa1ffd 1ffb1ffc 1ff61ff2 1ff11fdf
0232360 1ff61ff9 1ff01ff3 1ff41ff6 1fec1fee
0232400 1fed1ff0 1ff41ff5 1ff51ff7 1ffa1ff7
0232420 1ff21ff8 1ffd1ff5 1ff81ffa 1ff31ffd
0232440 1ff21ffa 1ff31ff3 1fed1fe7 1fed1fe8
0232460 1fef1fea 1feb1ff2 1fee1fed 1ff61fee
0232500 1fee1ff1 1fe51fec 1fe41fe2 1fe51fe7
0232520 1fe91fe5 1fe51fe7 1fe61fe7 1fe01fe3
0232540 1fe71fda 1fe41fd7 1fe51fe0 1feb1fe4
0232560 1fec1fee 1fef1feb 1fec1fe8 1fea1fe7
0232600 1fe21fe6 1fe71fee 1fdd1fe0 1fdf1fe1
0232620 1fe21fe6 1fe01fe0 1fef1fe9 1fec1fea
0232640 1fef1fef 1fed1fee 1fec1fee 1ff31ff3
0232660 1ff41fed 1fee1fef 1ff21ff4 1fed1fef
0232700 1fde1fea 1fea1fe5 1fef1fef 1fec1fec
0232720 1fe91feb 1fe11fe9 1fe61fe4 1ff01fe5
0232740 1ff41ff5 1fef1fed 1fee1fef 1ff21fef
0232760 20011ff0 1fff1ffd 1ff81fff 1ff31ff7
0233000 1ff91ff3 1ff81ff8 1ff71ff7 1ff61ffd
0233020 20021fff 1ffe1ffd 1ffc2001 20022002
0233040 1ffd2001 1ffe2002 1ffd2000 20032005
0233060 20012003 1ffe1ff8 20092004 20072006
0233100 20092009 200d2008 200f200b 200a2010
0233120 20112009 20192014 2012200f 20092012
0233140 2005200b 200b200b 200f200c 20122013
0233160 20182012 20182024 20232012 201d201d
0233200 201b201f 201a2015 20182022 20212018
0233220 20292022 202b202e 2026202b 2027202a
0233240 20302025 2034202b 2037202f 202c2034
0233260 202b2035 202c202a 202d2029 2033202b
0233300 20352036 20322039 2032202d 203a2037
0233320 202f2033 202e202f 2033203b 2035202d
0233340 2042203b 20482043 20402039 20422048
0233360 2040203e 2049204a 204a204b 2052204a
0233400 2046204d 20462046 20432044 20462047
0233420 20502048 20512055 204c2051 20552051
0233440 20562053 2052205c 205c2055 205a2056
0233460 205f205b 205f205d 205f205c 20602067
0233500 2063205e 20642062 20622068 20642064
0233520 206a2066 206e206b 206b2074 20642069
0233540 2068206e 206a206b 20722070 2071206f
0233560 20712072 20702070 2065206c 2065206f
0233600 2073206c 206b206d 206f206c 20742077
0233620 20712073 207e2077 20782078 20742079
0233640 207c2078 20802081 207d207c 20802073
0233660 2078207f 2079207a 207f207f 20882085
0233700 20822084 2083207f 20862088 20842084
0233720 20852080 20892084 20972091 20942094
0233740 20882094 2091208f 2087208e 208c2086
0233760 208c2090 208e208f 2091208d 20902093
0234000 208e2093 208e208e 2096208a 2094208e
0234020 209b2092 2090209f 208f2091 20a42099
0234040 20ae209c 2091209a 20942093 20932097
0234060 20972094 2097209b 20942093 209e2096
0234100 20962092 20992098 209d209c 209b209b
0234120 2099209d 209d209d 209d209b 20a02099
0234140 209f209e 209a20a1 209a209b 20942093
0234160 20a1209d 209b209d 2093209f 2090209c
0234200 209b2093 20a1209a 209f20a1 20a320a4
0234220 20a920a5 20a0209f 20a420a3 2098209b
0234240 20a1209d 20a320a4 20972099 20a8209d
0234260 20a720a4 209920a1 209a209b 20992097
0234300 20982098 20962092 209b2091 209f20a7
0234320 209e20a0 209d20a6 20a0209f 20a22098
0234340 209e209b 209a2095 209f2097 20992097
0234360 209e209a 209a209b 209f20a2 20a22093
0234400 209f209d 20972093 20a02095 209d20a0
0234420 20952096 20962097 20972093 20932097
0234440 2090208d 208f208b 208e208e 20922093
0234460 20902092 2091208c 20992092 208f2090
0234500 208b2091 2091208c 2093208c 20912086
0234520 208b208d 2089208e 208b208b 208a2085
0234540 2090208b 20842091 208c208e 20912094
0234560 207d2087 20872088 207c207f 20802081
0234600 20822081 207d207c 20862083 20832080
0234620 207f2085 2080207b 20822085 2088207c
0234640 2081207e 2080207e 207a207e 20772077
0234660 20792072 20792077 20722077 206c2076
0234700 2076206e 207b207b 207c207d 20702076
0234720 20702078 20752076 20702070 2071207b
0234740 2068206d 20752079 207d2074 20772073
0234760 20702073 20712078 206d2071 20732070
0235000 20722069 20752072 20752077 20732076
0235020 20652074 20712069 2072206e 20722072
0235040 207d2081 20732072 206f2074 206d2069
0235060 206f2063 206b2069 20632066 206f206a
0235100 2073206f 20702070 20752076 20762073
0235120 207d2076 20762077 20722075 2070207d
0235140 20742072 2073207c 20742078 2070207a
0235160 206e2072 20712073 20782071 207b2076
0235200 207f207e 207d207b 20872083 20872083
0235220 2081207b 2083207f 2087208b 2085207c
0235240 2087207e 2079207f 20712080 2072207b
0235260 207b2079 207e2077 20702079 20792078
0235300 20762080 207b2079 2082207e 207c207e
0235320 20812080 2081208b 208a2084 20882083
0235340 20892084 20802086 208d2083 20842088
0235360 208c2086 208a2088 208b2091 20922094
0235400 20902094 20962091 208e2099 20972090
0235420 209f2099 209c209f 209b209a 2096209b
0235440 20a3209b 20a220a4 209b2098 209b2095
0235460 20952099 20a520a0 20a320a2 20ae20a7
0235500 20a620a3 20a420aa 20ae20a9 20b420b2
0235520 20aa20b0 20af20a8 20a720a7 20a820a7
0235540 20a420a8 20b320a9 20ad20ad 20aa20ad
0235560 20ab20ae 20ab20b1 20ac20ad 20b720b3
0235600 20b520b5 20b620b5 20b820b5 20b720b6
0235620 20b020b7 20b620b2 20b620b7 20b920ba
0235640 20b920b8 20c020b6 20ba20b6 20bf20bb
0235660 20bb20bd 20c420bb 20bf20b6 20c220c3
0235700 20c320c5 20cd20c4 20c920d1 20cd20cb
0235720 20bf20c8 20c920c3 20c820ce 20cf20ce
0235740 20cd20c9 20ca20cb 20d220c6 20cf20d1
0235760 20cc20d3 20d520ce 20d120d2 20d820d5
0236000 20d720e8 20d620cf 20d720da 20d820d5
0236020 20d720d5 20d820da 20d520de 20dc20de
0236040 20df20dc 20d620e0 20d820d4 20db20d8
0236060 20df20da 20dd20d9 20d920e0 20dd20dc
0236100 20e420e2 20ee20e6 20eb20e5 20e320e2
0236120 20db20e4 20e020d4 20e320e8 20e620e3
0236140 20ed20ee 20eb20eb 20ed20ea 20eb20e6
0236160 20e620ed 20ef20eb 20f120e9 20ef20f1
0236200 20ef20ea 20ec20e5 20ed20f0 20f320f0
0236220 20ea20ec 20ea20e7 20f720f0 20f120f9
0236240 20f520f3 20eb20eb 20f020f0 20f120ed
0236260 20e920f4 20f520ed 20f520f2 20f620f3
0236300 20f220f1 20f020f4 20f520f7 20fc20f5
0236320 20ff20ff 20ff20ff 20f820fe 20fe20fe
0236340 20fd20f8 20fc20f4 20fb20f8 20fe20ff
0236360 20f920fc 210020fd 21012102 21012101
0236400 21062106 21002104 21042103 21042109
0236420 20ff2100 21072103 210a210b 21062105
0236440 21032105 210120f9 20fc20f8 210020fc
0236460 20fd20fa 20f420fc 20f320f6 20fd20f9
0236500 20f420fd 20ff20ff 210b20fc 20f720fc
0236520 20fe20ff 20f820fd 21002100 20ff2103
0236540 21032102 20fe2104 20f420fa 20f620f6
0236560 20f820fc 20f820f2 20f320f8 20fd20f9
0236600 20f620fb 20fc20f4 20fc20f8 20f620ff
0236620 20f520f7 20f820fd 20f620f8 20f620f7
0236640 20f020f6 20fa20f8 20f120f2 20ef20f4
0236660 20f320f2 20f420f4 20f520f7 20f820fd
0236700 20fc20f5 20f520f9 20eb20f0 20f120f0
0236720 20ef20ee 20ec20ef 20f020ed 20ea20ee
0236740 20f220f4 20e720ee 20e820e5 20e820eb
0236760 20f420eb 20ee20f9 20f620f2 20e920eb
0237000 20e220ec 20db20e1 20e620e7 20e620e7
0237020 20ec20e9 20ed20ee 20f220ed 20e920ec
0237040 20f120f0 20ec20ec 20e420e6 20e020df
0237060 20e220e6 20e620e7 20e220de 20e520e3
0237100 20dc20de 20de20d9 20dc20da 20e420de
0237120 20e220e0 20e220e2 20dd20df 20e720e1
0237140 20e620e6 20df20e2 20e320dd 20e620e8
0237160 20e920e6 20e620df 20e120dd 20e520e0
0237200 20de20e8 20e620dd 20e720e7 20e320de
0237220 20ed20e3 20d720e7 20e520df 20e020e4
0237240 20e320e0 20df20e5 20da20df 20de20e0
0237260 20e520e1 20eb20e7 20e620e8 20e720ed
0237300 20e820e6 20ea20e1 20ef20e4 20e720e5
0237320 20ea20ed 20df20e1 20ef20eb 20e620ec
0237340 20e220eb 20e620df 20dd20e6 20dc20df
0237360 20e020dd 20ee20e2 20e420e8 20ea20e9
0237400 20ec20ea 20e920e4 20e920ee 20e820ea
0237420 20e820eb 20ef20e8 20f320ec 20f320f4
0237440 20e920f1 20ee20ea 20e920e5 20eb20e6
0237460 20ed20ec 20f220f5 20f620ec 20ef20f3
0237500 20f320eb 20f320f4 20f220ef 20f720f2
0237520 20f720fc 20f520f3 20ed20f1 20f420f7
0237540 20fa20f8 20f720fe 20f320f1 20f320f3
0237560 20f820f2 20f620f8 20fb20fc 20f820f8
0237600 20fb20fb 20fa20f9 20f720ff 20fe20f9
0237620 21052105 20ff2102 21062103 21022100
0237640 210120ff 210220fd 210120fe 21072101
0237660 21062104 2111210b 21002106 2109210c
0237700 2107210d 210820ff 210b210b 21102108
0237720 210c2110 2112210f 20ff2109 210c210d
0237740 21072102 21102116 210a210d 2110210e
0237760 2115210b 2112210f 21152114 21142119
0240000 211a2116 21142113 2113210f 210e2118
0240020 21172115 21152118 211d2116 21122114
0240040 21142110 21182113 21112115 211c2118
0240060 211a211a 21182118 21172117 211c2118
0240100 211a2121 2124211f 21222123 211f2122
0240120 211e2120 211c2122 211d2119 211c2123
0240140 211e2118 21242122 211f2123 21262121
0240160 21252126 212a2125 2127212c 21252122
0240200 2129211f 2125212f 212d2129 2129212e
0240220 211c2116 21212119 2122211c 211f212d
0240240 2121211d 211d211f 21282120 2128212a
0240260 2125212e 2129212a 2130212b 212c213c
0240300 212e2132 b011047b 00001004 0001000a
0240320 00010000 03b15fff 00000ffc 0001000a
0240340 1400003c add01f00 add01f01 add01f02
0240360 add01f03 add01f04 add01f05 add01f06
0240400 add01f07 add01f08 add01f09 add01f0a
0240420 add01f0b add01f0c add01f0d add01f0e
0240440 add01f0f add01f10 add01f11 add01f12
0240460 add01f13 add01f14 add01f15 add01f16
0240500 add01f17 add01f18 add01f19 add01f1a
0240520 add01f1b add01f1c add01f1d add01f1e
0240540 ff000134 00000020 00000002 a1918b55
0240560 00000001 deadbeef f0000002 a1918b42
0240600 3a0b3bad 00000000 00000134 00001f48
0240620 a010047c 221f2124 2224221d 22242226
0240640 22262227 22222224 221e221b 2218221a
0240660 221c221d 221a221d 2219221e 221f221d
0240700 221a2216 22182217 2216221a 221a2213
0240720 221b2213 221e221b 22192217 2214221f
0240740 221d221d 221a221f 22132216 22172214
0240760 221f2219 221a221e 2224221b 22252224
0241000 22212226 221d221c 221b221b 22152217
0241020 22122219 22182217 22122217 22122216
0241040 2211220b 220f2213 22152217 221a2213
0241060 221f221b 22132215 22192212 22082210
0241100 220d220e 22082211 220b2206 22082208
0241120 2208220b 2203220a 22092209 220f2209
0241140 2208220b 220c2206 22062208 220a220d
0241160 220d2209 220b220a 22022209 22082202
0241200 22062206 22092209 220f220b 22092208
0241220 22032206 21ff2203 21fc2201 21ff21fd
0241240 22042205 21f72206 21f821fd 21fb21f7
0241260 220321fc 220021fe 22082207 22042201
0241300 21b52200 1fc720be 1e531ef1 1da81deb
0241320 1d5e1d79 1d4d1d4b 1d461d3a 1d321d3e
0241340 1d371d37 1d391d3b 1d391d36 1d431d36
0241360 1d3d1d40 1d3f1d3d 1d3c1d3d 1d3e1d39
0241400 1d3b1d36 1d341d33 1d321d34 1d331d38
0241420 1d391d38 1d391d38 1d391d33 1d3b1d3d
0241440 1d3d1d3b 1d401d40 1d3a1d3f 1d371d37
0241460 1d391d38 1d431d3e 1d3f1d40 1d401d3b
0241500 1d331d3b 1d3c1d3c 1d3a1d3b 1d391d3b
0241520 1d421d40 1d421d45 1d3b1d40 1d3f1d40
0241540 1d491d3e 1d441d3f 1d3c1d41 1d3e1d3f
0241560 1d3c1d3b 1d441d3a 1d451d46 1d441d4f
0241600 1d481d4c 1d3a1d49 1d461d3d 1d3e1d41
0241620 1d4a1d43 1d4f1d50 1d4b1d4c 1d4e1d48
0241640 1d411d47 1d461d44 1d4c1d49 1d4f1d4a
0241660 1d571d50 1d511d55 1d581d4f 1d571d58
0241700 1d531d54 1d491d4a 1d581d50 1d4e1d55
0241720 1d501d57 1d591d55 1d561d53 1d4d1d54
0241740 1d561d51 1d571d5d 1d531d53 1d561d52
0241760 1d561d53 1d661d60 1d601d6a 1d581d5a
0242000 1d5f1d55 1d5f1d5c 1d621d63 1d5b1d5f
0242020 1d5c1d57 1d6a1d5c 1d611d66 1d6c1d67
0242040 1d6f1d6b 1d6d1d6c 1d681d6a 1d661d6d
0242060 1d6c1d6e 1d661d6f 1d731d6a 1d811d78
0242100 1d791d7b 1d731d70 1d771d71 1d751d75
0242120 1d7b1d74 1d821d7e 1d791d80 1d771d7a
0242140 1d701d77 1d741d72 1d7d1d7a 1d7d1d78
0242160 1d851d79 1d7c1d7d 1d7f1d80 1d851d81
0242200 1d791d81 1d761d7c 1d7b1d6f 1d791d79
0242220 1d751d7f 1d7a1d79 1d7b1d78 1d781d74
0242240 1d881d81 1d821d89 1d821d86 1d841d84
0242260 1d851d82 1d831d7f 1d851d89 1d7f1d84
0242300 1d851d83 1d8d1d8a 1d911d85 1d8e1d94
0242320 1d8a1d8b 1d941d96 1d8f1d92 1d971d89
0242340 1d9c1d97 1d921d93 1d981d96 1d951d98
0242360 1d951d94 1d931d97 1d991d95 1d9c1d97
0242400 1d931d94 1d961d91 1d9e1d97 1d9e1da2
0242420 1da11da0 1d9a1d9d 1da11d97 1daa1da7
0242440 1da11da1 1da11da9 1da81da6 1db21dae
0242460 1db61daf 1db81db4 1dad1daf 1da81db3
0242500 1dad1db3 1db21db3 1dab1db3 1dba1db3
0242520 1db31db7 1dc21db5 1dbf1dbc 1db41dbe
0242540 1dba1db8 1dbb1dba 1dc11dbf 1dbf1dc9
0242560 1dbb1dbf 1dcc1dc9 1dcc1dc3 1dca1dc1
0242600 1dc71dcd 1dc71dbf 1dd51dd1 1dd21dd8
0242620 1dd01dd0 1dcf1dce 1dce1dce 1dcd1dd3
0242640 1dc91dc9 1dd31dcc 1dd81dd6 1dcf1dda
0242660 1dd41dd1 1dcf1dd0 1dd81dd4 1dd41dd6
0242700 1dcf1dd4 1dd71dd6 1dde1dda 1dd81dd7
0242720 1ddf1ddf 1de01dda 1ddf1de0 1de41de4
0242740 1de31ddf 1de01ddd 1dda1dde 1ddd1ddf
0242760 1ddd1ddf 1ddf1de4 1de61de1 1de31de2
0243000 1deb1de6 1de51de7 1dec1de6 1df01df0
0243020 1de91de9 1dea1df5 1ded1dea 1df11df4
0243040 1df21de6 1df01ded 1ded1dee 1df31df4
0243060 1ded1def 1de71de9 1deb1def 1df01df1
0243100 1df61df3 1df31df0 1dfa1dfb 1df71e01
0243120 1dfb1dfd 1dfc1df7 1df21df2 1df51df4
0243140 1df81df6 1dfc1dfb 1df61df8 1e001df4
0243160 1dff1df9 1dfc1dfc 1df81dfe 1dff1dfa
0243200 1e021dfc 1dfb1dfa 1dfe1dfb 1e011dfb
0243220 1df71dfc 1e031dfb 1df91dfb 1def1dfb
0243240 1dfb1df7 1e031df4 1e081e02 1e0b1e02
0243260 1e041dfc 1e031e0c 1df91df6 1dfe1e00
0243300 1e001dfa 1e061e08 1e041e03 1e081e08
0243320 1e0d1e05 1e0d1e0d 1e011e06 1e0a1e09
0243340 1e0a1e01 1e041e0b 1e091e08 1e081e0a
0243360 1e081e08 1e0f1e0c 1e0a1e0b 1dfe1e05
0243400 1e021dff 1e091e08 1e031e05 1e041e06
0243420 1e101e0f 1e0f1e0e 1e0e1e0d 1e0b1e0a
0243440 1e121e15 1e091e10 1e071e0c 1e0b1e0b
0243460 1e151e0a 1e131e13 1e0c1e0d 1e0b1e09
0243500 1e0b1e12 1e151e12 1e131e0d 1e171e16
0243520 1e141e0e 1e171e15 1e121e17 1e1a1e17
0243540 1e181e19 1e161e1e 1e0f1e16 1e1c1e13
0243560 1e1c1e14 1e1d1e19 1e1d1e1c 1e211e1f
0243600 1e1b1e21 1e201e1a 1e241e1c 1e1c1e1f
0243620 1e1c1e1d 1e201e25 1e2a1e21 1e2a1e2c
0243640 1e2b1e28 1e261e28 1e201e26 1e2b1e27
0243660 1e231e27 1e251e27 1e241e2b 1e271e27
0243700 1e201e1a 1e291e25 1e201e2c 1e251e2c
0243720 1e271e29 1e311e1f 1e2d1e2d 1e2a1e2c
0243740 1e211e24 1e281e28 1e371e36 1e371e35
0243760 1e371e3b 1e321e34 1e391e30 1e3d1e3c
0244000 1e2b1e38 1e301e31 1e2d1e39 1e3b1e32
0244020 1e3e1e3f 1e351e3d 1e2c1e35 1e321e32
0244040 1e3d1e34 1e3b1e3b 1e3d1e44 1e3a1e3f
0244060 1e321e3a 1e391e37 1e421e3b 1e3b1e45
0244100 1e341e3a 1e381e3f 1e381e3b 1e3f1e40
0244120 1e3f1e46 1e411e42 1e461e46 1e471e46
0244140 1e471e49 1e461e45 1e441e42 1e451e47
0244160 1e431e44 1e401e41 1e411e41 1e3b1e40
0244200 1e421e3b 1e4a1e46 1e531e48 1e4d1e4f
0244220 1e4b1e4d 1e4a1e4a 1e4f1e4a 1e451e44
0244240 1e461e48 1e561e4a 1e501e5a 1e571e56
0244260 1e581e5c 1e571e4e 1e551e59 1e5d1e55
0244300 1e5c1e59 1e531e59 1e541e55 1e4a1e4a
0244320 1e531e55 1e571e57 1e5c1e55 1e5f1e59
0244340 1e591e5d 1e5f1e5c 1e601e60 1e631e60
0244360 1e641e65 1e5b1e61 1e601e5f 1e641e5f
0244400 1e5e1e5d 1e5d1e5e 1e5c1e5f 1e5d1e63
0244420 1e681e67 1e6c1e66 1e6d1e6d 1e6e1e67
0244440 1e681e6c 1e671e64 1e691e64 1e631e69
0244460 1e6b1e69 1e691e6b 1e681e68 1e6e1e6a
0244500 1e6e1e6a 1e711e73 1e651e73 1e6a1e66
0244520 1e751e70 1e741e71 1e761e6c 1e6e1e76
0244540 1e781e6e 1e721e75 1e751e78 1e701e73
0244560 1e701e6e 1e701e73 1e7c1e71 1e7b1e7b
0244600 1e781e7c 1e791e76 1e781e7d 1e7e1e74
0244620 1e751e75 1e751e75 1e791e7a 1e801e79
0244640 1e7c1e81 1e7c1e7a 1e7a1e7f 1e851e84
0244660 1e7a1e7e 1e811e7b 1e7c1e7e 1e801e80
0244700 1e7c1e7d 1e801e79 1e7f1e78 1e811e84
0244720 1e7e1e80 1e7e1e83 1e871e83 1e941e88
0244740 1e891e8a 1e881e89 1e7f1e85 1e8c1e81
0244760 1e861e94 1e841e7c 1e821e84 1e8e1e84
0245000 1e921e92 1e8b1e8e 1e8d1e90 1e901e90
0245020 1e931e94 1e991e91 1e931e96 1e971e9b
0245040 1e9e1e99 1ea01e9e 1e9c1ea1 1e9e1e9f
0245060 1e9c1e9a 1e9a1e99 1e9d1e95 1ea21ea0
0245100 1ea21ea6 1e9f1ea0 1e9f1e9f 1ea71ea8
0245120 1eab1ea7 1ea41e9c 1ea91ea7 1e9d1ea4
0245140 1e9f1ea3 1ea01e9c 1ea41e9e 1ea21ea1
0245160 1ea61ea3 1ea71ea7 1ea31ea3 1ea51ea4
0245200 1ea51ea9 1ead1eae 1ea41eb1 1ea41ea5
0245220 1ea71ea5 1ea41e9e 1eaf1eae 1ea61eaa
0245240 1ea71eaa 1eaf1eab 1eb41eab 1ea91eb6
0245260 1eb31eaf 1eb51eb7 1ead1ead 1ea41eaa
0245300 1ea91ea8 1eb31ead 1eb61eb3 1eb01eb0
0245320 1ea51eb0 1eab1eaa 1ead1eb0 1eab1ea8
0245340 1eac1ea6 1eae1ead 1eb21eac 1eb41eb9
0245360 1eab1eae 1eb11eb1 1eac1ead 1eb11eb2
0245400 1eb31eb3 1eb91eb3 1eb71eb2 1eb61eb0
0245420 1eb51eb5 1eb51ebd 1eb51eb5 1eb21eab
0245440 1ead1eb3 1eb81eb4 1eaf1eb2 1eb41eb0
0245460 1eb11eac 1eb01eb6 1ebb1ec2 1eb31eba
0245500 1eb61eb7 1eb21eab 1eba1ebb 1eba1ebf
0245520 1ebc1ebf 1ec61ec5 1ec61ec4 1ec11ec9
0245540 1ebd1ec3 1ebc1ec2 1ec51ebf 1ec41ec1
0245560 1ebb1eb9 1eba1eb7 1ec21eb7 1ec61ec1
0245600 1ec11ec2 1ebd1ebd 1ebd1ec5 1ec21ec0
0245620 1ec01eb6 1ec41ec0 1eca1ec4 1ec21ec7
0245640 1ec81ec8 1ec61ec5 1ec31ecc 1ec91ec3
0245660 1ec61ec3 1ec21ec4 1ec41ec2 1ec91ec8
0245700 1ec31ec9 1ec71ec8 1ec91ed1 1ec71ecb
0245720 1ecb1ec5 1ed01ece 1ed01ed5 1ec61ed0
0245740 1ed31ed2 1ecd1ecf 1ed41ed1 1ed31ed3
0245760 1ed21ed4 1ed41ecf 1eda1ed2 1ed41ed2
0246000 1ed21ed9 1ed51ecf 1ed21ed0 1edd1ed2
0246020 1ed81ed7 1ed61ed6 1ed01ed1 1ed61ed0
0246040 1ede1ecd 1edd1ed7 1ed51eda 1edc1eda
0246060 1ede1edb 1edc1edc 1ee01ee1 1ee21ee0
0246100 1ee21edb 1ee61ee0 1eea1ee4 1ee81eeb
0246120 1eec1ee7 1ee51ee5 1eeb1eea 1eed1ee4
0246140 1ee81ee4 1ee81ee8 1ee51ee8 1eec1ee4
0246160 1eef1ee8 1ef21ef0 1ef51ef6 1ef11eef
0246200 1efa1ef2 1ef31ef0 1ef31efa 1ef01eed
0246220 1ef31efb 1ef41ef0 1ef91ef3 1efb1efa
0246240 1eff1f00 1efa1efc 1ef11ef5 1ef31ef5
0246260 1f001efa 1ef81efe 1efc1f03 1eff1ef9
0246300 1f071ef6 1f001f04 1f031f07 1efe1f0a
0246320 1f051f05 1f041f01 1f021efb 1f051f02
0246340 1f011f02 1f001f01 1f051efc 1f061f04
0246360 1f021f03 1f141f0a 1f0a1f0f 1f0c1f0a
0246400 1f121f0d 1f1c1f14 1f201f1c 1f131f19
0246420 1f1c1f19 1f121f14 1f151f18 1f181f1f
0246440 1f131f10 1f131f17 1f1f1f1e 1f121f10
0246460 1f181f1a 1f181f15 1f181f22 1f131f19
0246500 1f141f1b 1f221f1e 1f211f1e 1f1d1f18
0246520 1f1e1f1e 1f221f26 1f231f20 1f1b1f1a
0246540 1f1f1f1c 1f1a1f22 1f171f16 1f231f20
0246560 1f231f25 1f261f21 1f211f22 1f221f2a
0246600 1f201f23 1f201f26 1f281f27 1f2c1f2c
0246620 1f2c1f2e 1f251f26 1f291f2c 1f2e1f2b
0246640 1f2d1f29 1f2a1f28 1f281f2d 1f2f1f36
0246660 1f311f27 1f2c1f2a 1f311f2e 1f381f31
0246700 1f381f32 1f371f36 1f3d1f2f 1f381f32
0246720 1f371f43 1f2d1f2b 1f2f1f34 1f331f31
0246740 1f301f37 1f2f1f34 1f341f37 1f341f3b
0246760 1f3e1f3c 1f3e1f3f 1f3e1f3e 1f421f3e
0247000 1f431f43 1f421f46 1f381f44 1f401f42
0247020 1f401f3d 1f441f3f 1f391f3f 1f3c1f38
0247040 1f3b1f34 1f3f1f3a 1f3a1f3b 1f371f37
0247060 1f361f3f 1f441f38 1f421f42 1f441f42
0247100 1f371f43 1f441f45 1f441f48 1f451f46
0247120 1f401f3a 1f381f3a 1f421f3a 1f4b1f49
0247140 1f521f4d 1f4d1f4b 1f4b1f44 1f4e1f49
0247160 1f471f4e 1f491f43 1f4a1f4b 1f3e1f47
0247200 1f4b1f46 1f4b1f50 1f501f4a 1f4c1f47
0247220 1f401f4b 1f431f42 1f4b1f4b 1f491f47
0247240 1f4c1f4b 1f4f1f4c 1f521f4e 1f4f1f4f
0247260 1f4c1f4d 1f4c1f4b 1f501f49 1f5b1f52
0247300 1f541f57 1f4f1f52 1f4f1f4e 1f4e1f42
0247320 1f4e1f4d 1f511f55 1f4d1f51 1f4e1f4c
0247340 1f501f4b 1f4b1f4e 1f551f4c 1f531f52
0247360 1f561f52 1f531f4f 1f511f4f 1f581f54
0247400 1f521f50 1f531f53 1f511f50 1f511f53
0247420 1f551f53 1f551f53 1f541f56 1f4f1f47
0247440 1f4c1f52 1f531f53 1f521f50 1f461f4d
0247460 1f541f54 1f531f57 1f571f57 1f571f53
0247500 1f541f53 1f4f1f55 1f541f54 1f541f4f
0247520 1f4c1f53 1f521f4c 1f591f4f 1f4d1f52
0247540 1f4e1f52 1f551f57 1f571f4f 1f531f50
0247560 1f4d1f56 1f4f1f56 1f541f52 1f591f4f
0247600 1f561f58 1f581f55 1f5a1f5c 1f5c1f63
0247620 1f561f5e 1f561f5c 1f531f56 1f4d1f55
0247640 1f4f1f4e 1f581f4f 1f571f55 1f5b1f5c
0247660 1f531f58 1f551f55 1f511f52 1f511f52
0247700 1f4e1f56 1f571f4b 1f531f55 1f511f51
0247720 1f541f55 1f571f5f 1f581f5e 1f601f61
0247740 1f601f5e 1f591f5c 1f5e1f54 1f5e1f5a
0247760 1f5a1f5c 1f5b1f5a 1f551f5c 1f5c1f58
0250000 1f571f54 1f5c1f58 1f581f56 1f5c1f59
0250020 1f581f5c 1f5a1f5f 1f591f5b 1f5c1f55
0250040 1f5a1f56 1f5b1f5b 1f561f5e 1f571f5f
0250060 1f621f60 1f5f1f62 1f5d1f5f 1f5c1f5e
0250100 1f551f65 1f671f5d 1f661f68 1f601f60
0250120 1f5d1f62 1f5b1f5d 1f5f1f58 1f5f1f59
0250140 1f5c1f69 1f641f60 1f5e1f66 1f6c1f68
0250160 1f671f6b 1f621f6b 1f671f6a 1f621f68
0250200 1f6f1f67 1f651f66 1f6a1f63 1f661f70
0250220 1f631f64 1f681f67 1f651f64 1f6a1f63
0250240 1f721f72 1f6f1f78 1f711f6f 1f701f6f
0250260 1f711f6e 1f771f76 1f721f7d 1f811f75
0250300 1f7c1f7b 1f7a1f7c 1f811f7d 1f791f79
0250320 1f7e1f7a 1f761f79 1f731f75 1f781f7c
0250340 1f701f77 1f7b1f7a 1f861f8a 1f821f83
0250360 1f7f1f88 1f7c1f7c 1f7d1f81 1f7e1f7d
0250400 1f7e1f83 1f921f82 1f861f8d 1f871f84
0250420 1f841f89 1f821f89 1f911f87 1f931f8f
0250440 1f8b1f8e 1f8a1f8d 1f8a1f8b 1f911f8e
0250460 1f991f92 1f9d1f96 1f921f97 1f951f91
0250500 1f9b1f98 1f9c1f99 1f911f94 1f8e1f90
0250520 1f911f93 1f991f98 1f9a1f9f 1f981f98
0250540 1fa11fa4 1f971f9d 1fa41fa6 1fa11fa7
0250560 1fa41fa3 1faa1fa1 1f9e1fa4 1fa31fa5
0250600 1fa31fa4 1fa41f9c 1faa1fa8 1fa61faa
0250620 1fa91faa 1fae1faf 1fa81fae 1fb51faf
0250640 1faa1faf 1fb11fac 1fbc1faf 1fb01fb2
0250660 1fbb1fb1 1fb31fb3 1fb81fba 1fbd1fbd
0250700 1fc01fb6 1fb91fc0 1fac1fb4 1fb11fb6
0250720 1fb21fb1 1fba1fb6 1fb41fb4 1fb91fbc
0250740 1fbb1fbb 1fbd1fb8 1fc01fb8 1fc21fc0
0250760 1fc21fc5 1fc51fc6 1fc71fc9 1fc21fbd
0251000 1fc41fbe 1fc51fc3 1fc61fcb 1fc41fc9
0251020 1fcb1fcd 1fc31fc3 1fcb1fc2 1fc81fcd
0251040 1fca1fcb 1fc61fc3 1fca1fc0 1fc31fc6
0251060 1fd31fcb 1fd21fc8 1fc81fcf 1fcb1fcd
0251100 1fd61fca 1fd71fd6 1fce1fd2 1fcd1fcb
0251120 1fd71fd1 1fd41fd5 1fd61fd1 1fd01fd5
0251140 1fd81fd4 1fe01fd2 1fcf1fd8 1fdb1fd6
0251160 1fde1fd7 1fd91fdc 1fd71fe1 1fd41fd4
0251200 1fd01fd7 1fce1fcd 1fcf1fc8 1fd31fd3
0251220 1fd21fd6 1fd11fd3 1fce1fcf 1fd31fd5
0251240 1fdb1fd4 1fd81fda 1fd91fdc 1fdf1fe1
0251260 1fd81fd5 1fdd1fd5 1fd71fdb 1fd61fd9
0251300 1fdc1fde 1fe01fd9 1fdd1fe0 1fd61fda
0251320 1fdd1fdf 1fdb1fda 1fe91fdc 1fe61fe7
0251340 1fe51fe3 1feb1ff2 1fe31fe5 1fea1fe7
0251360 1fea1fea 1fe11fe1 1ff01fe8 1fe31fe4
0251400 1ff61fe9 1fee1fea 1fe21fec 1fe71feb
0251420 1fe81fea 1fe91fec 1fe31fe7 1fe71fe5
0251440 1fec1fe8 1ff01feb 1ff01fe8 1fec1fec
0251460 1fe91fe7 1ff11fed 1fea1ff0 1fe91fe6
0251500 1fed1feb 1fe81fe0 1feb1fed 1ff31fe7
0251520 1fed1ff0 1fee1fee 1fe81fec 1feb1ff5
0251540 1feb1fef 1fe51fec 1feb1fec 1fed1ff1
0251560 1fef1ff0 1fe41feb 1fe71fe5 1fe81fea
0251600 1fe81fe5 1fe51ff2 1fe51fe6 1feb1fe5
0251620 1fe41fe3 1fe41fe8 1ff91fe9 1fe91ff3
0251640 1ffa1fea 1fea1ff1 1fe41fe3 1fef1fe7
0251660 1fec1fe9 1feb1fef 1fed1fee 1fe61fe7
0251700 1fe81fea 1fec1fe8 1fee1fe5 1fec1fe8
0251720 1fe81fea 1fe41fe4 1fe61fe5 1fe81fde
0251740 1fe81fe7 1fea1fed 1fec1fea 1fee1fec
0251760 1fe51fe7 1fde1fe4 1fd81fe3 1fdd1fe2
0252000 1fe21fdd 1fe81fe4 1fe71fe8 1fe71fed
0252020 1fe91fe7 1fe21fe7 1fdd1fe1 1fe41fde
0252040 1fe01fe5 1fe91fe9 1fe71fe6 1fea1fe6
0252060 1fe31fe6 1fe51fe8 1fe71fe8 1fe51ff3
0252100 1fe31fdd 1fe61fe5 1fe21fe2 1fde1feb
0252120 1fe51fe5 1feb1fe6 1fdf1fe4 1fe91fe3
0252140 1fe81feb 1fe61fe5 1fe51fe0 1fe51fe0
0252160 1fe61fe8 1fde1fe3 1fe31fdd 1fe01fdb
0252200 1fe91fe3 1fe01fe3 1fe01fe3 1fe11fdc
0252220 1fdc1fd9 1fe01fdc 1fd91fdf 1fe01fde
0252240 1fe21fe4 1fd81fde 1fdc1fe0 1fe21fe0
0252260 1fe11fe2 1fe01fe2 1fe41fe2 1fe31fe2
0252300 1fd91fe1 1fdb1fe5 1fda1fd7 1fde1fd9
0252320 1fdc1fe5 1fd91fdc 1fdd1fd9 1fd81fde
0252340 1fd71fd7 1fe41fe4 1fdd1fde 1fe41fe5
0252360 1fdf1fdf 1fe31fe0 1fe31fed 1fe91fe5
0252400 1fdd1fe3 1fe41fe5 1fe51fe5 1fe91fe3
0252420 1fe11fe6 1fda1fe7 1fe81fe9 1fed1fe8
0252440 1fea1fee 1fed1fe8 1fe91fea 1feb1fea
0252460 1fee1fe7 1fed1ff1 1fe91fe8 1fef1fed
0252500 1feb1fec 1fed1fea 1fea1fe9 1fe81fec
0252520 1ff21fea 1ff31fea 1ff51ff2 1ff81ff7
0252540 1ff31ff9 1ff21ff4 1ff31ff2 1ff71ff7
0252560 1ffe1ff9 1ffc1ff8 1ff41ffb 1ff61ff4
0252600 1ff91ff2 1ffd1ffd 1ff71ff6 200a2003
0252620 20022004 200a2007 20092000 20032002
0252640 2002200b 20032004 20031ffc 20062006
0252660 20082007 200e2008 2009200b 200e200c
0252700 2010200f 20142016 20182018 20112014
0252720 2014200d 20102010 2011200f 2010201a
0252740 2010200d 20192014 20192014 2017201c
0252760 20222021 201f201d 20222018 20242023
0253000 20202026 201d2023 201a201b 20202021
0253020 20292027 2028202a 202b202b 202b2027
0253040 20282025 20292026 202b202b 202d202e
0253060 202e202a 203e202b 2037202c 20302031
0253100 2032203a 202d2029 202f2029 202f2024
0253120 20352031 203d2039 203c2039 2043203c
0253140 20442042 203c2040 2041203f 203f2045
0253160 2041203f 203e203f 203d203b 203d2041
0253200 20442043 204d204c 20462049 20432048
0253220 20432046 20452047 20482048 20492050
0253240 2053204b 2051204d 20542051 2056204f
0253260 205b2059 20512051 20522056 20512050
0253300 20572050 204c2053 204f204e 204c204f
0253320 20582043 205c2056 20552052 2058205f
0253340 205a2057 205b2059 2061205d 20692065
0253360 20662069 20632068 20642067 205d205b
0253400 205f2064 20562056 205c205d 20632058
0253420 205d2062 205c205b 205d205a 205b2058
0253440 205c205d 20662064 206f2065 20672064
0253460 206a2067 20732070 206e2070 2064206a
0253500 206b206b 20662061 20682062 206f206f
0253520 206c2071 20772071 2074207d 20752077
0253540 20762075 206d2073 206e206d 206d206b
0253560 206b206b 206e2074 20752071 20702073
0253600 20752075 2076207f 20752079 2083207f
0253620 207d207f 207d2081 2082207f 20812078
0253640 2077207b 20762073 2077207c 207c2079
0253660 207e207e 2082207d 207c207f 20792082
0253700 2080207e 20862081 207c207e 20862082
0253720 2080208a 20872084 207d2085 20832085
0253740 207f2089 2086208a 20812083 2085207b
0253760 207e2082 20822087 20872089 20842084
0254000 20862086 207f2080 207e207b 20832085
0254020 207e2085 207d2075 207d2078 2087208b
0254040 20802084 20872081 20882078 207f2088
0254060 20752077 207b206f 2080207b 20842082
0254100 2083207c 20762082 20762078 2078207a
0254120 207a2078 20782079 2079207a 207f207f
0254140 20802079 2081207f 2086207d 20772072
0254160 206d2075 20712072 20742076 20762076
0254200 20782077 207a207a 207b2078 2076207d
0254220 20752076 20702072 20712074 2068206e
0254240 2072206e 2068206f 20642065 2066206a
0254260 206b2063 2070206e 20752074 20762078
0254300 206c2076 206f206c 206b2068 2062205f
0254320 20682069 206e2068 2061206c 205e2066
0254340 20672063 205f205c 205e2065 2061205d
0254360 20642060 205f2060 2064205b 20632066
0254400 2061205f 20632061 2057205a 2059205b
0254420 205f2061 205b205c 205a205d 205a2057
0254440 205b2060 20612060 2064205f 2060205c
0254460 20612060 20562059 2056205b 2056205a
0254500 205c2058 2064205d 205a205c 20572057
0254520 20612053 20582055 20592059 205f2059
0254540 205c2058 205b204c 2058205a 20512051
0254560 205c2061 205d2060 2061205a 205c2061
0254600 2062205e 20652066 20642061 205f2064
0254620 205b205b 2058205e 2060205b 20612060
0254640 20582055 20582057 205e2057 20572053
0254660 205e2060 205c2060 205b2059 20622061
0254700 20622060 20612065 205c2061 2063205c
0254720 205d205d 205c205f 2067205d 20622061
0254740 205d2062 206f2070 20692072 20672070
0254760 20672066 206a2060 20672064 206b2069
0255000 20622068 20672069 206c206d 206f206a
0255020 206e2070 2068206a 206c2069 20702068
0255040 2072206d 206d2067 20702070 207a207a
0255060 2070206d 206d206d 20722074 20782070
0255100 20752070 206b206e 206f206b 2077207c
0255120 2078207e 20732078 207a207b 20812082
0255140 207c207e 2077207e 20882083 208a2089
0255160 20872089 20832087 2087208a 20862087
0255200 208a2083 208b2085 208d208d 2086208a
0255220 2088207e 2088208b 20852086 20852085
0255240 20842088 2089208c 208c208e 2089208f
0255260 208a2090 20872094 208c207c 20982091
0255300 2095209b 20972094 20952095 20942092
0255320 20972097 2094209b 20962096 20922098
0255340 20952094 209b209f 209a209e 2098209b
0255360 20a120a4 20a120a7 209f20a6 20a520a4
0255400 20a920a5 20a920a7 20a520a6 20a0209e
0255420 20a120a3 20a720ac 20ad20a6 20a520a9
0255440 20aa20a8 20ab20ab 20ae20ab 20b020af
0255460 20b020b0 20af20a3 20ae20a9 20ab20b3
0255500 20b620ad 20ad20b1 20b020b1 20ac20ae
0255520 20b820b7 20bf20c1 20bd20b3 20c520be
0255540 20b720b7 20c220be 20c520c3 20c920c8
0255560 20cb20c9 20c620ca 20c620c3 20c020c5
0255600 20be20bf 20c220c2 20c120c5 20c620c5
0255620 20ca20ca 20c620c8 20ce20c9 20d120ca
0255640 20c620ce 20ca20ca 20cc20d1 20d120c6
0255660 20d220d1 20cd20d1 20d620d4 20d420d3
0255700 20d620d7 20d820d3 20d220d4 20d420d2
0255720 20d820d6 20d720d3 20cf20d4 20d620d2
0255740 20d620d4 20db20da 20d720d7 20df20da
0255760 20d720dd 20e020de 20df20e5 20e520db
0256000 20db20e6 20e020d9 20dc20e2 20e320e3
0256020 20e520df 20e620e5 20ee20e4 20e320ee
0256040 20eb20eb 20e920e9 20e820e1 20e520e2
0256060 20e320e4 20e720e6 20e820e5 20e820e8
0256100 20e820ed 20e520e7 20ee20ea 20e620e6
0256120 20e620e9 20e120ea 20ef20e9 20ed20ec
0256140 20ec20ec 20e420ee 20e220e6 20e920e1
0256160 20e820e0 20ee20e8 20e920ee 20e920e9
0256200 20ec20ee 20ec20ee 20ea20ed 20e620ed
0256220 20e720e5 20ed20ed 20f320ed 20f420ec
0256240 20ec20fc 20e620ec 20ee20f2 20e820e7
0256260 20ed20ee 20ea20ec 20e420ea 20e520ed
0256300 20e420e4 20e120e4 20eb20ec 20e420e4
0256320 20e620e2 20e920e5 20ef20eb 20ee20e7
0256340 20ee20eb 20e120eb 20e120dd 20e120e2
0256360 20e520e3 20e420de 20e620ea 20e620e6
0256400 20e820e4 20e320e4 20e020e6 20e420df
0256420 20e120e0 20e720e0 20e820de 20e620e1
0256440 20e020e7 20d620dc 20de20dc 20e220df
0256460 20db20de 20e020e7 20dc20e3 20e020dc
0256500 20d920d9 20cd20d6 20e320d9 20dd20d9
0256520 20d920dd 20d120d2 20cc20d5 20d120d2
0256540 20cb20c9 20c920ca 20cf20d0 20d120cd
0256560 20d120d1 20d820cb 20d720d0 20d620cc
0256600 20cb20d2 20c620cf 20ce20d0 20cc20c9
0256620 20d020d0 20cc20cb 20d020d6 20ce20d4
0256640 20d620ce 20d020cc 20cc20cc 20ce20c9
0256660 20c520c7 20c620c6 20c020c5 20c620c3
0256700 20ca20cc 20cc20ca 20cc20c9 20c420cd
0256720 20ca20ca 20ce20d1 20ce20ce 20d420cc
0256740 20c420cb 20c520c5 20c520c0 20c120be
0256760 20c620be 20c620cc 20c320c3 20cc20be
0257000 20c720c9 20c920c1 20c320c7 20c420c6
0257020 20c420c0 20bb20c2 20bb20b7 20b920b9
0257040 20b620b9 20b820c0 20ba20ba 20c320bf
0257060 20c520c7 20c220c0 20bb20c1 20ba20c4
0257100 20c220bc 20c720c4 20c320c9 20c520c3
0257120 20c420c6 20c520c2 20c420c4 20c620c4
0257140 20c420c1 20c220c2 20c820c8 20c520cb
0257160 20c420c6 20be20c2 20c420c4 20bd20ba
0257200 20c120c4 20bf20c1 20c120bd 20bb20c5
0257220 20ca20c0 20c920ce 20c620c0 20c120c8
0257240 20c720c4 20be20ca 20c420c0 20ca20c8
0257260 20ca20cf 20c220c8 20c720c8 20c820cd
0257300 20ca20ca 20cc20d0 20c720c3 20d020c8
0257320 20d420d6 20da20d6 20d920d3 20cd20d4
0257340 20d020d1 20ce20d2 20c920ca 20c720c8
0257360 20cb20cb 20d020c4 20d220cc 20d420d5
0257400 20d120da 20cf20d5 20d220cf 20cd20d1
0257420 20d120d5 20da20da 20d620d3 20d920d6
0257440 20d520d8 20d820d8 20d720d5 20e220d9
0257460 20dc20d9 20d820db 20dc20d9 20dd20e1
0257500 20db20de 20de20d9 20d920df 20db20dd
0257520 20d220dd 20df20db 20db20e1 20e620df
0257540 20ea20e4 20e620ec 20e820e8 20e920e5
0257560 20ec20ea 20e420e5 20e520ea 20f120e9
0257600 20f020f2 20f020f0 20e920f2 20f020ed
0257620 20f520f8 20f620eb 20f220f2 20ee20f8
0257640 20f820f0 20f920f9 20f620f7 20fb20f7
0257660 20f720f7 20fd20f9 20ff20f5 20fd20f7
0257700 20fc20fc 20ff2102 20ff20fe 210520fb
0257720 21062107 21052107 20ff20fa 21052109
0257740 21052102 210a210b 2105210c 210b2109
0257760 21062111 210a2108 2105210a 21022102
0260000 20fd2100 20fb2101 210b2106 2107210a
0260020 210d2103 210d210f 21122110 21132115
0260040 2109210b 210b210a 210c210b 21192115
0260060 210e2112 210f2111 21142114 2114210c
0260100 21172117 21142116 21132110 21152119
0260120 211e2115 211a211a 2117211e 21212118
0260140 2120211e 211f211b 211d2124 211d211b
0260160 2120211e 21282120 21202126 212f2129
0260200 21222127 212c2121 2127211f 2127212e
0260220 212c212d 2125212e 21352131 2128212c
0260240 212d212f 21272133 2137212f 21362132
0260260 21382138 2133213a 2136213c 21332134
0260300 21332136 212d2136 2132212e 212b2130
0260320 212a2129 b010047c 00000f90 0001000a
0260340 00010000 03b16000 00000ffc 0001000a
0260360 1400003c add01f00 add01f01 add01f02
0260400 add01f03 add01f04 add01f05 add01f06
0260420 add01f07 add01f08 add01f09 add01f0a
0260440 add01f0b add01f0c add01f0d add01f0e
0260460 add01f0f add01f10 add01f11 add01f12
0260500 add01f13 add01f14 add01f15 add01f16
0260520 add01f17 add01f18 add01f19 add01f1a
0260540 add01f1b add01f1c add01f1d add01f1e
0260560 ff000134 00000020 00000002 a20a6799
0260600 00000001 deadbeef f0000002 a20a6786
0260620 330225f4 00000000 00000134 00001f48
0260640 a011047d 21e42131 21e321e2 21e421e3
0260660 21e321e7 21ee21e8 21e321e8 21e621e0
0260700 21e921e4 21de21e5 21e821e4 21ed21e5
0260720 21ef21e8 21f121e9 21f321ee 21f221f1
0260740 21f521ef 21f821f2 21f521f8 21f321f6
0260760 21f021ee 21ec21f1 21f421ef 21fb21f4
0261000 21fe21fb 21fe2201 21f521fa 21fe21f5
0261020 21f221fe 220021fd 22012207 22032207
0261040 220b21ff 220f2201 2208220f 220b220f
0261060 2208220b 22092203 21fd2205 22052204
0261100 22072202 220b2200 220f220a 220e2206
0261120 220f220f 22122217 220e220b 22072209
0261140 220b220c 220f220b 220f220e 2217220d
0261160 22102212 22112212 22112214 22102215
0261200 220f2216 22112211 22122216 2214220e
0261220 221c220f 2218221b 221b221b 2218221f
0261240 22122214 2210221a 22132211 221b2210
0261260 22152219 220f2210 2218221b 2217221d
0261300 2214220e 221f2219 221f2229 2222222c
0261320 22142225 21bd21f0 21732189 214c215d
0261340 2133213e 2130212c 2132212d 212d212b
0261360 21292127 212e212c 212a212f 212b212d
0261400 21282126 21272126 2127212b 21282129
0261420 21312129 2134213d 21302127 21342130
0261440 21342130 21302134 21292130 212b212c
0261460 212e212d 212e2131 212b212b 212f2130
0261500 21332133 2128212c 212d2129 2132212c
0261520 21302131 21302130 2134212e 21282134
0261540 2130212c 212f212d 21312131 2130212e
0261560 212d212c 212c2128 21262123 2125212d
0261600 21242129 212d212a 2125212a 211d211f
0261620 21192121 21222120 21262121 21272122
0261640 21312126 2131212a 2128212c 212d2128
0261660 212d2120 21222122 2125211f 21222122
0261700 21222121 2123211a 2119211d 211f2120
0261720 211e212b 21222127 2122211e 21222123
0261740 211f211f 21202125 211a211b 21172114
0261760 21122114 21182117 21132119 2118211e
0262000 211e211b 211c211d 2119211e 2116211b
0262020 21132115 210d2110 211a2111 210c2111
0262040 210f210d 210d210e 210c210b 210c210c
0262060 210a210c 21092109 21052100 21012103
0262100 21022101 20f920fe 21052101 21082105
0262120 2104210b 210a2103 20fd2103 21012107
0262140 210020f8 21012103 20f820f6 20f020f6
0262160 20f820f2 20fa20f0 20fb20fb 20f920f1
0262200 20f020f0 20f920f2 20ef20f5 20f120ed
0262220 20f520f5 20f920f8 20f020f6 20fa20f7
0262240 20f920f7 20ee20f5 20f120f1 20e920eb
0262260 20e920eb 20ec20ea 20f120f1 20de20e7
0262300 20e220e6 20e220e9 20ee20e4 20eb20ed
0262320 20ed20e5 20ea20e4 20e420eb 20ea20e3
0262340 20e820e9 20ef20ef 20f020f0 20ea20ed
0262360 20e020e2 20e720e9 20e820e2 20e620e7
0262400 20e220de 20e820f1 20e620ea 20e620e3
0262420 20e720e3 20ea20e9 20e020e1 20df20de
0262440 20df20e0 20df20e3 20da20e4 20ea20e1
0262460 20e720df 20e120e2 20e320dd 20db20dd
0262500 20e420e2 20e920e0 20ef20ec 20e720ea
0262520 20e720e7 20e820e7 20e920e6 20e720e9
0262540 20ed20ee 20ec20f0 20e920f5 20e420e5
0262560 20e420e3 20eb20e6 20e520e8 20e920e7
0262600 20e720e6 20e620e5 20e520ee 20ee20e8
0262620 20e920eb 20e920e1 20ed20e7 20f420e6
0262640 20ef20f0 20fc20f6 20e920f2 20ec20f4
0262660 20e920ea 20ed20f0 20ef20e9 20f720f0
0262700 20f620f3 20f620f6 20f820fa 20fb20f4
0262720 210120fa 20f820f8 20fa20fc 20fc20f9
0262740 20f520f6 20f720f7 20f720fa 20fe2100
0262760 20fa20ff 210220f2 20fd20fa 20ff20f9
0263000 20fc20fc 210320fc 21052103 21032107
0263020 21032107 210b2102 21002107 21062105
0263040 21072108 210e210e 21092110 210e2106
0263060 210b2106 21102110 21112112 210f2111
0263100 210d2106 210e2106 2113210f 21102106
0263120 210f211a 2111210d 21142110 21192119
0263140 21132119 2116211a 211e2116 21172116
0263160 21142121 21162116 211b2124 2120211d
0263200 21252122 21222121 212a2120 21272128
0263220 21262129 21282127 212b212f 212b212e
0263240 21342132 212e2133 21312132 212f212d
0263260 2132212e 212d2134 2128212d 212f212e
0263300 212d212f 21352133 212e212e 212c2133
0263320 212e2133 21342130 2135213f 21382137
0263340 213d213c 2137213d 2131213b 21382135
0263360 2139213e 21332130 2140213a 213e213d
0263400 2138213d 2140213d 2141213d 2139213d
0263420 21442144 21462145 213e2147 21472145
0263440 21482147 214b214a 214f214f 214b2151
0263460 21412146 213e213b 21472146 214c214e
0263500 21432149 214c2149 2158214c 21572151
0263520 2158215c 21562152 21512153 21572152
0263540 215d2152 2158215b 215c215c 2159215b
0263560 2160215c 21552154 215e215b 215a215e
0263600 2159215b 21632161 2158215c 21502157
0263620 2161215d 2155215c 21642160 2158215d
0263640 215d215d 215d2163 2164215e 21622160
0263660 215d2156 215b2160 21602160 216b216a
0263700 21652161 21652162 215f2167 21562155
0263720 2156215e 21552155 215c215b 2161215c
0263740 2166215c 21662164 2161215c 215b215b
0263760 215d2160 21632168 21652162 2168215e
0264000 215e2161 2162215f 2164215c 2164215c
0264020 2162215d 21662167 21602169 21632168
0264040 21672165 215f2163 215f215e 215f2159
0264060 21642163 2155215e 215f2157 21552158
0264100 21612151 2154215f 21542157 21592155
0264120 215c215f 215c2161 21522159 2155215c
0264140 21582159 21592155 21532159 21542157
0264160 215b2153 21512150 214d214b 21542159
0264200 21512154 214d214b 21542150 2157214f
0264220 215a2153 21542152 21562150 2150214b
0264240 214e214b 214e2148 214d2146 21472143
0264260 21452147 21452147 214b2146 214d214a
0264300 21452148 21482144 21492146 21432149
0264320 213f2145 21392139 21372130 213a2143
0264340 213f2138 213a2141 21352138 21382133
0264360 21382137 213c213b 2139213b 21342135
0264400 213b2133 21332136 21362135 2134213b
0264420 21322136 21332134 21322129 21322131
0264440 2132212c 212b2132 2131212c 21292132
0264460 2128212b 212a2127 212b2126 212b212a
0264500 212a212a 2127212d 2120212a 211f211e
0264520 212d2127 2129212b 21252127 21272124
0264540 21222124 211f2121 21242120 21232124
0264560 21202128 211e2122 21242123 211b2122
0264600 2121211a 211e2129 2122211a 21252124
0264620 211d2123 2121211f 21222123 21262122
0264640 2126212a 21242127 21202123 211b2124
0264660 211e2117 2116211a 2123211a 21252123
0264700 21222124 21212126 211f211e 2121211c
0264720 211d211e 2116211d 211b2117 211d2118
0264740 2121211e 21242123 211f211a 21222126
0264760 211d211d 211e211f 211c2118 2127211e
0265000 2121211d 2120211c 21132119 211d2121
0265020 21282121 211b2121 211b211b 211e211a
0265040 21202123 21212128 2116211e 21252125
0265060 211e211f 211d2123 21222121 21262123
0265100 21282129 21282129 212a212f 2126212a
0265120 212d2128 212a212d 21292121 212d212e
0265140 21292123 211f2124 2121211d 21212122
0265160 21282126 21202126 212c2126 212b212f
0265200 212e2131 2135212d 21332134 212f212d
0265220 21342132 21332137 21392133 21352131
0265240 21332131 2137212b 21342137 21382141
0265260 21342139 2139213a 21362139 21422137
0265300 2137213d 213b213b 21382133 2140213f
0265320 2144213a 21372142 21412141 213e213c
0265340 21432139 213f2144 2141213f 2145213b
0265360 21442147 213e2143 21472147 21472148
0265400 2154214e 214b214e 2146214c 214d214c
0265420 21492149 214c214d 214f2147 21512150
0265440 2152214f 214e2150 214b214e 214f2144
0265460 2144214a 2143214a 214b214c 214f2154
0265500 21542151 21512156 21552153 21532157
0265520 214c2157 21552150 215f2158 21582159
0265540 21552159 215a215f 215d2159 215b2164
0265560 215a2154 215b215d 2165215a 215f2164
0265600 21622160 215d2162 215d215d 215f2161
0265620 215f215e 2167215f 216d216f 2168216b
0265640 2166216f 2169216a 21642166 21622165
0265660 21682163 21682165 21672162 216c2161
0265700 216b2165 21662165 216c2169 216e216c
0265720 2173216c 216d216b 21672167 21752173
0265740 217e2178 217e2179 2177217a 21732175
0265760 21712172 21722178 21762173 217c217a
0266000 2179217d 217f2175 217f217f 2179217c
0266020 217c217d 217e2185 217e2181 21832180
0266040 217b217c 217c2181 2174217a 217e2179
0266060 217a217d 217a2179 21792179 217f217b
0266100 2184218c 2189218a 21822182 21832181
0266120 21842182 217f217e 2184217d 21812177
0266140 21852186 21822182 21802182 2189217f
0266160 218d2187 21872187 21822183 21862184
0266200 21802182 21822187 21892181 217a2183
0266220 21832182 2185217f 217f217f 21822182
0266240 21822182 21812189 217c217f 2184217d
0266260 2180217b 21812183 217a2183 21842179
0266300 217d2185 217f2184 217a217a 21802178
0266320 21802178 21782179 2178217b 217e2176
0266340 217c2182 21772177 21772172 21752173
0266360 2178217b 21772175 216f2174 217e2178
0266400 217e217b 2177217a 21762172 21772170
0266420 2172216c 216d2171 21702171 21642171
0266440 2166215d 216f2169 216b216e 21682171
0266460 2169216d 2168216b 216e2169 216b216a
0266500 216e2166 216b216d 21682167 216e216f
0266520 2169216d 2165216d 2167216d 2166215d
0266540 21642160 2164215b 21622168 2167216b
0266560 216a2161 216b2166 21632165 21602165
0266600 215e215c 215d2157 215c2159 21562153
0266620 21562156 215b2153 2159215e 2153215b
0266640 21552157 21602157 2159215b 21682162
0266660 21632163 215d215b 21612161 215b2162
0266700 21582154 21572159 21542155 21562159
0266720 215a215b 21572159 21542157 21572157
0266740 2152214d 21562151 21562155 215a2155
0266760 21572159 215c2157 2151215b 2150214f
0267000 2153214b 21492152 214f2147 214b214c
0267020 2144214a 2148214a 214d2143 214c214a
0267040 2149214b 214a2149 21492149 214d214d
0267060 214c214a 214b2152 21532151 214c214c
0267100 214b2149 214b214c 2144214f 2147214e
0267120 214f2149 214d214b 214d2143 214b214c
0267140 214d2145 214c2144 21482143 2146214f
0267160 215a215a 21582154 214e2154 214c2149
0267200 214e214f 214e214d 21522151 21542152
0267220 2148214c 2145214a 2145214b 214e2147
0267240 21462144 21432146 21552147 21532155
0267260 214b2149 2151214c 21512153 214a2151
0267300 214f2150 21512153 214d214a 21512157
0267320 214a2149 214d214d 2150214f 2150214b
0267340 214d2148 214d214d 21532152 214d214e
0267360 2151214a 21522150 214e2156 2151214c
0267400 214b214c 2154214e 215a2156 2154215a
0267420 21522156 21582156 21602157 2157215f
0267440 2159215a 215b215a 21592154 21542154
0267460 21592159 214e215a 215a2156 215d2158
0267500 2158214e 21562157 21562158 21562158
0267520 2165215a 2153215f 21602159 21672165
0267540 21662168 21612168 215c2160 21682162
0267560 216a216c 21602168 215b215e 2162215e
0267600 21602165 21622165 21632162 2162215c
0267620 215f2161 215d215d 215c215f 21652162
0267640 216d216e 216b2169 21642167 2163216a
0267660 21672163 21642164 2165215e 21682165
0267700 216b2168 21702168 2170216b 21692164
0267720 2166216e 21642168 21672168 2177216f
0267740 2173216d 216f2173 216e2171 216e216f
0267760 2171216a 21712178 216a216b 21712170
0270000 21732172 21732177 21752173 21722174
0270020 2173216f 216e216e 2170216b 2171216f
0270040 2170216f 2174216d 21702170 21732171
0270060 216b2168 21732172 2170216e 2174217c
0270100 21782177 21772179 21792175 217c2180
0270120 2179217c 21782176 21742177 21742176
0270140 21792179 217d2180 2180217d 218a2185
0270160 21892182 21822181 21842189 21802183
0270200 21852183 21812187 21802186 217d217e
0270220 217c2183 21812186 21772177 217f217e
0270240 21822178 217c217f 218b2190 2186218b
0270260 21842185 21842182 21862184 21842184
0270300 218c218c 2186218c 21822184 21862183
0270320 21832185 2186218a 2185218b 21832188
0270340 21812184 2185217e 218b2182 2189218b
0270360 218d218c 218a218c 2194218e 218a218f
0270400 21862189 2183218b 21812184 21872185
0270420 218a2189 21892189 2187218e 21862186
0270440 21852181 21882183 21882188 21932190
0270460 21902191 2192218f 2189218c 21872190
0270500 2183217d 21892191 21872183 2189218e
0270520 2186218c 2189218c 21832183 218c218d
0270540 218a218c 217f217f 2185217f 21842180
0270560 21892184 21872189 217d2186 21872181
0270600 21842183 21782175 217d217e 217f217e
0270620 2175217e 2178217d 216d2177 21752175
0270640 21782177 21722175 21742173 217b2175
0270660 21742170 21712176 2174217a 21792178
0270700 21762178 21742179 21732174 2169217a
0270720 21742171 21732179 217e2173 217b2178
0270740 216e2177 217e2176 216d2176 216f216d
0270760 216b2167 2171216a 21782174 2174216c
0271000 21732177 216b2174 21722171 2168216b
0271020 21702168 21652168 21622165 216a2166
0271040 216f2167 2173216f 216f2171 216d2174
0271060 21702170 21752175 21752171 216e216e
0271100 21672164 21652161 21622160 21672163
0271120 216e216e 21662166 216f216b 21622165
0271140 21722167 2170216c 216e216e 2164216a
0271160 21632167 216c2163 216b216f 2171216e
0271200 21652169 2170216b 216b216f 2174216e
0271220 216c2174 21692170 21632169 21662166
0271240 216a216e 21632165 216b216b 216f216d
0271260 216b2168 2167216e 216c216e 216f216b
0271300 216c216e 216b216c 21692169 216f216c
0271320 216c216f 2167216f 21642166 21682168
0271340 2168216a 21712173 2174216f 216c216e
0271360 21662169 21642168 216e216c 216e216f
0271400 2173216f 2170216d 216f216d 21692171
0271420 216b216f 21732162 216d2167 21742170
0271440 21682170 216b2170 21732175 2174216c
0271460 21732174 21752176 21742176 21742173
0271500 21792178 21752177 217c2178 217d217b
0271520 2178216f 21792179 21722173 217b2176
0271540 21752174 21722173 217a2174 21742176
0271560 21772175 217d2181 217b2176 21792179
0271600 217a217a 21762174 217c2178 217f217f
0271620 2185217c 217a2183 21812182 217f217d
0271640 218a217e 21852180 21872186 217b2182
0271660 217f217e 2184217d 21892182 217f217e
0271700 217d2179 21812176 217e217e 217c2187
0271720 2184218c 2184218d 21882184 21832186
0271740 217d218a 21862183 217e218b 21892188
0271760 21822185 217f2180 2185218a 2180218c
0272000 21822187 2188218b 2188218a 21852189
0272020 2186218e 2190218c 218b2183 2183218d
0272040 21832183 21882188 21882183 21912188
0272060 2189218b 21862184 2188218b 218f2189
0272100 21902190 218d218e 2183218b 2188218c
0272120 21892191 218c2189 218b2189 2192218f
0272140 218e218e 218f2194 218f218d 2192218c
0272160 21962191 21922199 218f218b 21932195
0272200 21952195 21932194 218c2195 218b2189
0272220 2191218b 218d218d 218a218b 218c218f
0272240 218a2187 21922194 2194218f 2188218d
0272260 21922196 21942193 218c218c 2196218e
0272300 21972196 2198219e 21972197 219b2197
0272320 219a2193 219a2197 2198219b 21922191
0272340 21982193 2195219d 21922194 218e2196
0272360 21942195 218f218f 218f218f 2190218c
0272400 2197218f 21962198 21952196 21a0219d
0272420 219921a4 2193219d 2197218a 2194219c
0272440 21912196 2195219a 21942199 21932190
0272460 21902190 21902191 21992194 219d21a2
0272500 21992196 2196218f 219b218f 219b219a
0272520 2198219c 21972194 21992191 219f2194
0272540 2193219e 2197219a 21942190 21982192
0272560 219b2199 219f2199 21972195 2199219b
0272600 2196219a 21972199 21982199 2192219d
0272620 21972199 219c2195 21992196 219d219b
0272640 2198219b 21982197 21902193 21952199
0272660 219a2194 218f2195 2194218b 219f2197
0272700 218b2193 2195218f 21912196 21912191
0272720 21922193 21932197 21982195 21912196
0272740 21922195 21902192 21892191 21912187
0272760 21972197 218f2194 21962190 2191218e
0273000 218a218c 2190218c 2190218b 218d2191
0273020 218b2187 218f2190 21902190 218c218e
0273040 21872188 2187218a 2188218b 21882188
0273060 21822185 21812181 21872188 21822183
0273100 217e217e 217e2180 217e2181 217d217a
0273120 21802181 21862182 218e2183 218a2188
0273140 21762187 217f2185 217e217d 2186217f
0273160 2181217d 21802181 21772175 21742175
0273200 21742174 21792179 217e217a 217c2179
0273220 21892184 21832182 21852184 217e217c
0273240 21832186 21802186 21812180 2181217f
0273260 21802185 21782176 2175217e 21762177
0273300 217f2175 217d2180 21782181 21772175
0273320 2180217a 217c217e 217f2178 21822182
0273340 21832183 21772178 217b217c 2185217f
0273360 217f2184 2181217b 217d217f 217d217a
0273400 2183217e 218d2186 217e217e 217f217b
0273420 217a2181 217e217d 21802186 21832185
0273440 21842182 2187217d 21842182 2177217f
0273460 217a217a 217d217d 217d217b 2178217b
0273500 217b217a 217d2181 217a2179 2184217a
0273520 218b2186 21872189 2185218b 2192218e
0273540 2191218f 218e218c 218a218c 2188218b
0273560 2188218e 218b218a 2192218d 2182218f
0273600 218d218f 2192218b 218f2192 218c2190
0273620 218e2191 218e218f 2189218c 218d2189
0273640 218f2186 218f2186 21972193 21992191
0273660 2198218e 219b2194 21952197 219b219c
0273700 2193219c 218f2194 219d2192 21982198
0273720 219a219f 219c21a1 2198219b 219d219c
0273740 21a1219c 219a219c 21a2219f 219e21a0
0273760 219b21a2 219b21a3 21a021a4 219c21a3
0274000 219c2193 219e2195 21a1219e 219c21a5
0274020 219f21a0 219f219e 219c219c 21a621a3
0274040 21a221a3 21a621a0 21b121a8 21ae21b0
0274060 219f21af 21a921a6 21aa21ab 21a521a6
0274100 21ac21a2 21a921ac 21b421b2 21b821bc
0274120 21b821b9 21b021b3 21b721ba 21b221ae
0274140 21b621bd 21bd21c1 21b921bc 21ba21b2
0274160 21bf21bc 21c021bd 21b821b9 21b921b7
0274200 21b821b9 21bb21b6 21bd21ba 21c521c2
0274220 21bb21c1 21b921be 21b521bd 21b921bb
0274240 21b821b1 21b621b8 21b221ba 21ba21b5
0274260 21c121bd 21be21b8 21ba21bf 21b521b9
0274300 21b721b9 21be21bc 21c021bc 21bb21c3
0274320 21bc21ba 21ba21bc 21be21c1 21ca21c3
0274340 21bf21c9 21be21c0 21bc21c3 21c021bc
0274360 21be21bf 21b321b5 21c221b9 21bc21bd
0274400 21c021bf 21bc21ba 21bc21b8 21bb21bd
0274420 21c421c0 21be21bd 21bf21bb 21bb21c1
0274440 21bd21bd 21c121c1 21c321c6 21bf21c4
0274460 21bf21bd 21bd21c2 21c221c2 21c621c2
0274500 21c921c4 21c921ce 21cd21c9 21c821d7
0274520 21c221ca 21c221c3 21c521bb 21c821c3
0274540 21c321c2 21bf21c4 21bf21bb 21c321bb
0274560 21c321c3 21c021c8 21c921ca 21cd21c1
0274600 21c621c9 21c521c5 21c421c4 21c321c0
0274620 21c421be 21c321c0 21c521c3 21c121c8
0274640 21c721bf 21c021ca 21cb21c6 21c121c8
0274660 21be21c5 21c721c6 21cb21c6 21ce21c7
0274700 21bf21cb 21c621c1 21c821c7 21c721c5
0274720 21c621c2 21bb21ba 21be21bb 21c021c7
0274740 21c421c0 21c021c1 21c121bd 21c621c3
0274760 21b921ba 21b721b4 21ba21ba 21b921b0
0275000 21c021bf 21b721b5 21b521b6 21bc21bb
0275020 21b821b7 21ba21b6 21ba21c1 21ba21bd
0275040 21b521be 21b521b4 21af21b4 21ae21ad
0275060 21bc21b6 21ba21c3 21b421b9 21af21b4
0275100 21b321af 21b621b1 21ab21ab 21af21b0
0275120 21a621ae 21b121aa 21b121a8 21b221b0
0275140 21af21b3 21bc21ba 21ad21b1 21ad21a9
0275160 21a421aa 21ac21aa 21a921a9 21a021ab
0275200 21a521a1 21a121a4 21a721a4 21a221a1
0275220 219f219f 219e21a1 219d219d 2198219a
0275240 21a121a3 21a121a0 21a8219d 21a021a5
0275260 21ac21a3 21a721a9 219c21a3 21942198
0275300 219c2199 21902199 21932199 2191218c
0275320 219a2192 21a121a1 21a221a7 219921a1
0275340 2199219b 21a1219b 2184218b 218f2189
0275360 218a218a 218d2191 21962190 2195218b
0275400 21962192 21922191 2195218f 21992193
0275420 21932196 2187218d 218c2191 21962194
0275440 2197218e 218f2191 2189218d 218d2187
0275460 218a2190 2193218b 218a2191 2191218e
0275500 2191219b 218b218d 21892184 218a218c
0275520 218a218b 21892191 218a218e 21882188
0275540 21882181 218b2189 2191218d 2194218f
0275560 21912194 218b218e 21832187 217e2184
0275600 21862182 21862186 21892187 21902193
0275620 2185218f 2192218a 21882183 218d2187
0275640 2190218b 21892190 218d2189 21892189
0275660 2185218b 218e218c 218d218f 218c218e
0275700 218f218c 218e218c 218d218e 2194218f
0275720 219a2194 21972195 218f218e 21942194
0275740 218f2195 2193218c 21962197 21962191
0275760 219d2197 21a3219b 219d21a3 2199219b
0276000 2199219b 21962195 21a321a0 218f219f
0276020 21982192 219b219d 219c2198 21962194
0276040 219c21a3 21a42199 219c219b 2197219d
0276060 21a321a8 219a219e 21ab21ab 219f21a0
0276100 21ac21a8 21b121af 21b021ac 21af21a9
0276120 21ad21aa 21a921b5 21b621b1 21b221b5
0276140 21b921b3 21ba21b3 21b321bf 21b521b4
0276160 21b621b3 21b521af 21b121b3 21ac21b3
0276200 21b321bd 21ae21b6 21b821b9 21b821b9
0276220 21bb21bb 21be21bc 21b921b7 21c821b8
0276240 21c221bb 21c421c7 21be21c0 21bd21be
0276260 21c421bd 21bb21bf 21c921c8 21c721cd
0276300 21c421c6 21c121c7 21cb21c5 21ce21cf
0276320 21cd21d0 21c121c4 21d221c4 21ca21d5
0276340 21d021d3 21d921d9 21d821dc 21d121cf
0276360 21cf21cf 21cf21cc 21d221d9 21d621d2
0276400 21d121d2 21c621cd 21cc21d0 21d121d5
0276420 21d721d3 21e321d5 21d721dd 21d521da
0276440 21d721d7 21d121dc 21d721d6 21e021db
0276460 21e421e3 21da21e0 21e321d6 21e521e4
0276500 21df21e0 21e221e4 21e121e6 21e521e1
0276520 21e121de 21e121dd 21de21de 21e321e1
0276540 21e321dd 21e621e4 21e621e6 21e121e6
0276560 21e721e0 21d821d9 21d921d3 21e221e8
0276600 21e021dd 21e221ed 21e421dd 21e821de
0276620 21e821ea 21eb21eb 21e021ec 21d521e1
0276640 21da21dd 21e321e2 21e621e8 21e621e7
0276660 21e921e6 21e821e1 21e321e6 21ec21eb
0276700 21f021ed 21ed21e9 21e821e5 21e621e1
0276720 21eb21e5 21e321e9 21ed21e5 21eb21e6
0276740 21ea21ea 21e921ef 21e521e4 21db21d9
0276760 21ea21de 21ed21ee 21e921ed 21eb21ed
0277000 21ec21ee 21ea21e8 21e821e7 21e821e6
0277020 21e721e9 21f121e6 21f821f0 21f321f4
0277040 21e021e4 21e821e8 21de21da 21e921eb
0277060 21ed21e1 21dd21e6 21e821ea 21e521e8
0277100 21e921eb 21ea21df 21e921e8 21ec21f3
0277120 21e721ee 21e721ea 21e221e8 21ed21e7
0277140 21ef21eb 21e821ed 21ea21e5 21e621e9
0277160 21ef21ea 21e421ea 21e121e5 21de21de
0277200 21e321e2 21e421e7 21e021ea 21dd21dd
0277220 21eb21e2 21e821ee 21df21e8 21e421e7
0277240 21de21de 21dc21d2 21d621dd 21dc21e8
0277260 21d821e2 21db21db 21d721dc 21d521d8
0277300 21d021d7 21da21d8 21cd21d3 21db21d2
0277320 21d221d4 21cf21d7 21cf21d6 21d621d3
0277340 21d621d2 21ce21d6 21ca21d3 21ce21cd
0277360 21cf21d1 21d821cd 21d221d1 21ca21d1
0277400 21ce21ca 21cb21d0 21cd21ca 21c321bf
0277420 21b921bf 21bc21b7 21c321ba 21c221bf
0277440 21bf21bf 21bf21c0 21c621c3 21c421c3
0277460 21c221c2 21ba21c2 21bb21be 21b721ba
0277500 21bb21b5 21b921b6 21b021b1 21ab21ac
0277520 21b421b4 21b421af 21ba21b3 21b021b6
0277540 21b521b3 21af21b5 21b621af 21be21ba
0277560 21af21b5 21b621ba 21b421ba 21ae21ae
0277600 21b521ae 21aa21ab 21a721ab 21ae21b2
0277620 21a621a7 21a921ab 21ab21aa 21a021a0
0277640 21a321a6 21af21ad 21af21aa 21a921a7
0277660 21a421a6 219e21a0 21a7219a 21a3219f
0277700 21a521a0 21a121a3 21a521a6 21a221a5
0277720 21a621a4 21a321a1 21a021a6 21a0219f
0277740 219c219a 2199219a 21992196 219f219c
0277760 219c219e 219f21a0 21a6219a 219b219f
0300000 00003fe8 0001000a 01013fe8 000afe39
0300020 00000005 00000000 63e50c6c 0000025c
0300040 00000001 00001004 00003fe8 00000000
0300060 00000074 0001000a 21a621ad 219d21a1
0300100 2199219b 21a22199 219d21a5 21a021a2
0300120 21a221a0 21a7219a 21a321a2 21a021a7
0300140 21a421a3 219a21a0 21a3219e 21a921a3
0300160 219f21a2 219b219c 219f219f 21a121a3
0300200 21b221a6 21a721b1 219921a8 219d219d
0300220 219f219a 219d219c 21a0219e 21a2219e
0300240 21aa21a4 21af21ad 21a421a7 21aa21aa
0300260 21ad21ac 21a721a5 21a821a8 21ae21ad
0300300 21af21ac 21b821b0 21b921ba 21b721ad
0300320 21ae21b0 21a921ab 21a921ab 21b621af
0300340 21b021ab 21b621b2 21bc21bc 21b821b7
0300360 21b321bd 21ae21b1 21af21b2 21b121ac
0300400 21b121b2 21b021b6 21b621b6 21c121b8
0300420 21bb21ba 21b621be 21b521b6 b011047d
0300440 00001004 0001000a 00010000 03b16001
0300460 00000ffc 0001000a 1400003c add01f00
0300500 add01f01 add01f02 add01f03 add01f04
0300520 add01f05 add01f06 add01f07 add01f08
0300540 add01f09 add01f0a add01f0b add01f0c
0300560 add01f0d add01f0e add01f0f add01f10
0300600 add01f11 add01f12 add01f13 add01f14
0300620 add01f15 add01f16 add01f17 add01f18
0300640 add01f19 add01f1a add01f1b add01f1c
0300660 add01f1d add01f1e ff000134 00000020
0300700 00000002 a21196ca 00000001 deadbeef
0300720 f0000002 a21196b6 3c0b28a4 00000000
0300740 00000134 00001f48 a010047e 21e321be
0300760 21ea21e5 21dc21e2 21de21e2 21e321e2
0301000 21e921e6 21e621e9 21e321e3 21e321e2
0301020 21eb21e2 21eb21ea 21ee21f1 21e521e4
0301040 21f321e7 21df21e9 21f121e6 21e821e8
0301060 21e721f0 21e221e9 21e721e3 21e821eb
0301100 21e821e3 21e921e2 21e921ed 21ea21ef
0301120 21e721e9 21ea21ef 21ec21ef 21ee21f9
0301140 21f221ee 21ec21ec 21ea21ed 21e621e5
0301160 21e821ed 21f321ed 21f321f5 21f021f2
0301200 21ec21eb 21ec21f0 21ef21ec 21ee21f1
0301220 21f121ef 21ee21ee 21eb21ee 21fd21f6
0301240 21f421f5 21f021f7 21ef21f6 21ee21ee
0301260 21e821f2 21e721ea 21ef21f3 21f821f9
0301300 22012200 21fa21fc 220221f9 21fd21f5
0301320 21fa21fa 21fa21fd 21ff21fc 21fc21fe
0301340 21ff21f8 22032200 21fd220a 220a2202
0301360 220d2205 220b2209 220a2207 21fd2206
0301400 22032201 21fb2203 22092204 22062209
0301420 22042204 22082207 21c02207 1fcf20d5
0301440 1e581efa 1da81def 1d691d7b 1d551d52
0301460 1d4b1d52 1d501d51 1d581d4b 1d521d59
0301500 1d4d1d51 1d481d4b 1d451d45 1d441d43
0301520 1d501d47 1d4f1d4b 1d541d4e 1d581d53
0301540 1d4e1d57 1d4d1d4f 1d531d54 1d451d4c
0301560 1d481d4f 1d561d50 1d491d4a 1d531d53
0301600 1d571d57 1d5c1d5b 1d4c1d54 1d511d50
0301620 1d5c1d55 1d561d59 1d551d55 1d531d55
0301640 1d5c1d5b 1d611d5c 1d661d68 1d671d65
0301660 1d6e1d6d 1d681d6c 1d641d69 1d5e1d66
0301700 1d5e1d63 1d671d6e 1d701d6c 1d6c1d6e
0301720 1d6b1d6b 1d6a1d66 1d6c1d6e 1d721d71
0301740 1d7d1d75 1d6f1d78 1d6e1d73 1d711d6d
0301760 1d721d74 1d751d70 1d711d70 1d6d1d71
0302000 1d651d6f 1d681d6a 1d6c1d6a 1d7d1d73
0302020 1d6f1d74 1d761d7d 1d7b1d7a 1d7d1d79
0302040 1d7a1d78 1d7a1d75 1d781d7d 1d6c1d71
0302060 1d731d72 1d741d75 1d771d77 1d7c1d7e
0302100 1d821d84 1d841d82 1d7a1d7f 1d7d1d80
0302120 1d7d1d83 1d7d1d7c 1d801d7b 1d771d80
0302140 1d771d7c 1d831d7f 1d7c1d88 1d881d83
0302160 1d831d86 1d831d84 1d861d87 1d831d84
0302200 1d861d85 1d891d8a 1d841d89 1d891d88
0302220 1d851d86 1d7f1d81 1d841d80 1d851d85
0302240 1d891d8c 1d891d87 1d8a1d81 1d881d8b
0302260 1d801d89 1d9a1d8f 1d871d94 1d8d1d8a
0302300 1d831d8c 1d801d81 1d881d8d 1d901d84
0302320 1d8c1d8a 1d871d89 1d871d8a 1d8d1d94
0302340 1d8c1d8e 1d851d84 1d901d8d 1d881d91
0302360 1d8e1d91 1d861d90 1d8f1d87 1d971d90
0302400 1d831d8e 1d8b1d86 1d951d8b 1d951d92
0302420 1d8d1d92 1d9b1d93 1d9a1d97 1d9f1d99
0302440 1da01d9d 1d9e1d9b 1d961d96 1d901d9a
0302460 1d941d8f 1d9a1d94 1d941d95 1d921d93
0302500 1d911d8e 1d911d8d 1d9d1d96 1da21d9d
0302520 1d991d99 1d911d98 1d981d9c 1d9b1d95
0302540 1d941d9a 1d911d8d 1d991d9a 1d9a1d97
0302560 1d981d98 1d931d99 1d9d1d9e 1da21da3
0302600 1da41d9d 1da61d9e 1da51da0 1da01da1
0302620 1daa1da8 1da91daa 1da11da3 1da71d9d
0302640 1d9d1d9f 1d9b1d9c 1da01da0 1da71da2
0302660 1da81da7 1d9e1da1 1da61dac 1da91daa
0302700 1da71da3 1da91da3 1da31da6 1dad1da7
0302720 1dad1dad 1dae1db3 1db01daf 1db11db7
0302740 1db31db7 1db11db0 1db01da9 1dad1db6
0302760 1db31db1 1dba1dba 1db01db1 1db21da6
0303000 1dbc1dba 1db61db6 1db51db9 1db01db4
0303020 1db71db3 1db31db7 1db41db0 1db51db6
0303040 1db91db9 1dc41db9 1dc41dca 1dbc1dc7
0303060 1dbc1dc1 1dbe1dba 1db61dbc 1dbc1dc1
0303100 1dba1db8 1dc21dc2 1dbd1dc1 1dc41dc1
0303120 1dbd1dc0 1dbd1dc4 1dbd1dbc 1dc01dc1
0303140 1dc31dc2 1dbe1dc7 1dba1dbf 1dc11dc0
0303160 1dc31dbc 1dc91dc3 1dc91dc6 1dc21dc6
0303200 1dca1dc9 1dd01dc8 1dca1dcd 1dcf1dce
0303220 1dcc1dcd 1dcb1dce 1dc61dbe 1dcb1dc1
0303240 1dcf1dc9 1dc51dcc 1dd51dd5 1dc61dd8
0303260 1dca1dce 1dd41dcc 1dcc1dd4 1dcc1dcf
0303300 1dd31dd0 1dd61dd9 1dd31dd5 1dd11dd6
0303320 1dd81dde 1dcb1dd7 1dcf1dcc 1dd61dce
0303340 1dd51dd4 1dcf1dd1 1ddb1dd7 1dd41dd7
0303360 1dd71dd6 1ddc1dd5 1dd81ddf 1ddf1ddc
0303400 1de51ddd 1de11dea 1de11ddd 1ddc1de4
0303420 1de41de6 1ded1de7 1ddd1de9 1de61de0
0303440 1de31de4 1ddf1de0 1de11ddb 1de81de4
0303460 1de21de4 1de81de8 1de21dea 1deb1de4
0303500 1df01de9 1dea1df8 1ded1de8 1df11df0
0303520 1df11dee 1df61def 1df41df7 1df21dfa
0303540 1df51df6 1df11dec 1df51df0 1df01df7
0303560 1df61df8 1e001dfa 1dfc1df9 1e001e01
0303600 1dfe1dfb 1e021e03 1e031e05 1e051e03
0303620 1e051e05 1e061e08 1e011e01 1e031e01
0303640 1e081dfe 1e051e06 1e101e0b 1e0a1e0c
0303660 1e0e1e08 1e0d1e11 1e121e0c 1e0f1e0f
0303700 1dff1e08 1e0b1e00 1e121e12 1e191e11
0303720 1e0e1e13 1e0d1e13 1e0a1e11 1e111e0d
0303740 1e141e17 1e171e1c 1e151e16 1e171e21
0303760 1e1c1e0e 1e161e1b 1e141e16 1e1a1e22
0304000 1e1d1e1e 1e231e1d 1e281e29 1e281e2a
0304020 1e251e29 1e231e26 1e241e24 1e281e28
0304040 1e291e29 1e241e27 1e231e24 1e291e26
0304060 1e2c1e29 1e2a1e2c 1e2d1e31 1e2d1e2b
0304100 1e2a1e2a 1e251e2b 1e261e27 1e321e32
0304120 1e3b1e35 1e3a1e37 1e381e39 1e321e34
0304140 1e311e35 1e311e37 1e321e30 1e2f1e2a
0304160 1e371e35 1e3a1e3b 1e3d1e38 1e381e3a
0304200 1e341e32 1e3c1e36 1e3b1e3e 1e451e41
0304220 1e411e41 1e4b1e47 1e401e3f 1e4e1e49
0304240 1e451e45 1e461e42 1e3a1e3f 1e3c1e3c
0304260 1e421e43 1e3a1e3b 1e3f1e35 1e431e43
0304300 1e451e46 1e4d1e4f 1e4b1e4f 1e451e4e
0304320 1e3f1e3b 1e401e40 1e481e4c 1e4d1e44
0304340 1e4b1e47 1e421e46 1e481e4c 1e4c1e4c
0304360 1e4f1e56 1e461e45 1e471e45 1e441e47
0304400 1e491e47 1e511e51 1e551e4a 1e501e4f
0304420 1e511e50 1e541e56 1e4e1e52 1e501e4a
0304440 1e501e4c 1e4f1e50 1e551e5a 1e591e55
0304460 1e5c1e5a 1e641e5f 1e511e54 1e5a1e5a
0304500 1e571e53 1e5e1e59 1e581e5b 1e5c1e5f
0304520 1e5d1e5d 1e531e53 1e5c1e54 1e5b1e58
0304540 1e581e57 1e621e5f 1e601e57 1e5c1e5d
0304560 1e5a1e5b 1e571e5b 1e4e1e5b 1e621e5a
0304600 1e631e61 1e6b1e61 1e651e69 1e631e66
0304620 1e681e69 1e6e1e6d 1e631e66 1e5e1e5d
0304640 1e631e65 1e681e64 1e681e5e 1e621e69
0304660 1e661e69 1e6c1e6e 1e681e66 1e711e6c
0304700 1e731e6b 1e701e70 1e7a1e72 1e7b1e76
0304720 1e791e77 1e741e71 1e611e70 1e751e6c
0304740 1e6a1e70 1e6f1e6c 1e6e1e6b 1e6c1e71
0304760 1e741e73 1e791e7a 1e791e7a 1e7b1e7b
0305000 1e771e7b 1e7a1e7a 1e7b1e76 1e791e74
0305020 1e771e78 1e761e75 1e7a1e75 1e721e7b
0305040 1e7f1e7c 1e831e7e 1e7e1e7c 1e861e82
0305060 1e811e86 1e821e83 1e821e84 1e811e80
0305100 1e801e7f 1e821e82 1e861e85 1e811e8c
0305120 1e861e82 1e8a1e8b 1e891e83 1e881e88
0305140 1e861e87 1e821e83 1e8a1e88 1e831e88
0305160 1e8c1e8c 1e881e8f 1e931e93 1e961e92
0305200 1e8a1e90 1e8c1e8a 1e881e8d 1e861e89
0305220 1e921e8e 1e8a1e82 1e961e8e 1e941e93
0305240 1e9a1e97 1e921e98 1e951e94 1e941e9a
0305260 1e991e91 1e961e9a 1e8e1e98 1e9a1e93
0305300 1e9b1e98 1e991e9d 1e9c1e98 1e971e99
0305320 1e981e96 1e971e96 1e961e95 1e981e96
0305340 1e991e9f 1e981e9a 1ea71e97 1ea31e9e
0305360 1ea61ea7 1ea61e9f 1ea51ea4 1eac1ea7
0305400 1ea91eb1 1ea71eaa 1ea41ea8 1e9d1e9f
0305420 1e9e1e9e 1e9b1e9d 1ea31ea2 1e991ea8
0305440 1e9f1eae 1eaf1e9d 1ea91eae 1ea91ea3
0305460 1eaf1ead 1eaa1ea9 1ea81ead 1ea41eab
0305500 1eaa1ea5 1ea41ea9 1ea81ea0 1ea81ea3
0305520 1ead1eab 1eaf1eb0 1eab1ead 1eb11eb4
0305540 1eb81eb4 1eb81eb6 1eba1eb9 1ebc1ebb
0305560 1eb71eb9 1eb71eb7 1eb81eb5 1eb41eb5
0305600 1eb21eb6 1eb21eb6 1eb21eb6 1eb31eb5
0305620 1ec01eb7 1ec61ebd 1ec21ec0 1eb11eb6
0305640 1eb71eb2 1eb31eba 1eaf1eb3 1eb41eb8
0305660 1eb61eb3 1ebd1eb6 1ebd1ec0 1ebd1ebc
0305700 1ec21eba 1ebf1ebd 1ebd1ec4 1eb51ebd
0305720 1ec01ebf 1eb61ebd 1eb91ebc 1ebd1ebc
0305740 1ec21ebf 1ebf1ec0 1ebb1ebe 1ec41ec0
0305760 1ebd1ebc 1ebb1ec0 1ebf1ebc 1eb81ec1
0306000 1ec11ebc 1ebb1eb5 1eb91ebd 1ebb1ec1
0306020 1eb81ebf 1eba1ebe 1ebb1ebe 1ec11ec0
0306040 1ec11ec8 1ec61ec1 1ec21ebf 1ec91ec4
0306060 1ec51ec4 1eca1ec9 1ed11ecc 1ed01ec9
0306100 1eca1ec5 1eca1eca 1ec71ecc 1ebe1ed0
0306120 1ecf1ec6 1ecc1ecb 1ed61ed2 1ecc1ed3
0306140 1ed01ecb 1ed41ecd 1ed11ed1 1ec71ed2
0306160 1ed21eca 1ec51ed0 1ed31ed1 1ed51ed5
0306200 1ed61ecf 1ed31edc 1ed51ed6 1ed31ed2
0306220 1ed31ed7 1ed41ecd 1ed51edd 1ed51ed7
0306240 1ed21ed2 1ed41ed6 1ecd1ed0 1ed31ed5
0306260 1ed51ed6 1ed71ed6 1ee41edf 1ee21ee2
0306300 1ee01ee6 1eda1ee1 1ee51ed7 1ed41ed5
0306320 1edf1ede 1ee11ee1 1ee21ee1 1ee01ed6
0306340 1edc1edc 1edf1ede 1ee61ee1 1ee51ee3
0306360 1ee81ee3 1ee81ee1 1ee01edc 1ee21ee4
0306400 1ee71ee7 1ee81ee1 1ee31ee7 1ee91ee7
0306420 1eee1ee8 1eda1ee1 1ee41ed6 1ee51ee4
0306440 1ee51eed 1eec1eed 1ee11eeb 1ee91ee8
0306460 1ee51edd 1ee21ede 1edc1edf 1ee91ee6
0306500 1eee1eec 1eef1eed 1ee61ee9 1eea1ee7
0306520 1ee31ee5 1ee11ee5 1ee01ee5 1ee21ee5
0306540 1ed91ee2 1ee71ee8 1eed1eea 1ee91ee7
0306560 1ee31ee2 1ee11ee6 1ee91ee2 1eed1ee7
0306600 1eec1eec 1ee91eeb 1ef01ef4 1ef61ef7
0306620 1eea1ef0 1ef51ef2 1ef11ef1 1eef1eef
0306640 1eeb1eee 1ee61eea 1ef11eef 1ef61ef2
0306660 1ef31ef9 1ee71ef5 1efb1ef4 1ef61ef7
0306700 1efd1eff 1efa1eff 1ef71ef9 1eef1ef8
0306720 1eef1eed 1ef71ef4 1ef61ef8 1ef31efa
0306740 1ef71ef2 1ef31ef3 1eec1eee 1ef51ef7
0306760 1ef31ef8 1efa1ef6 1ef51efa 1eff1efe
0307000 1f0f1f0c 1f011f09 1f131f04 1f081f0a
0307020 1efd1f07 1f071f05 1f021f00 1f081f09
0307040 1efd1efe 1f011f02 1eff1efe 1f021f03
0307060 1f091f09 1f061f07 1f071f0b 1f081f09
0307100 1f0d1f06 1f151f0a 1f141f16 1f091f13
0307120 1f191f12 1f121f1c 1f161f10 1f0f1f0d
0307140 1f171f0f 1f121f15 1f191f13 1f131f10
0307160 1f151f15 1f171f12 1f121f18 1f191f1e
0307200 1f161f23 1f191f18 1f1f1f1e 1f201f23
0307220 1f231f22 1f241f21 1f211f25 1f211f1c
0307240 1f211f26 1f231f1e 1f211f24 1f251f23
0307260 1f221f25 1f2c1f2c 1f321f2e 1f311f2c
0307300 1f291f2e 1f271f2b 1f2f1f33 1f2f1f2f
0307320 1f2f1f2a 1f321f30 1f341f35 1f2c1f30
0307340 1f2d1f36 1f3a1f30 1f361f30 1f371f32
0307360 1f381f39 1f321f38 1f311f32 1f321f32
0307400 1f361f36 1f2d1f3b 1f361f2e 1f391f39
0307420 1f411f3e 1f431f43 1f3d1f3f 1f441f46
0307440 1f441f43 1f421f42 1f3d1f40 1f401f3f
0307460 1f381f40 1f471f43 1f501f4a 1f4d1f54
0307500 1f551f4f 1f4a1f53 1f561f51 1f4c1f4d
0307520 1f4c1f51 1f551f56 1f5c1f58 1f641f60
0307540 1f591f59 1f571f56 1f521f5d 1f511f54
0307560 1f5f1f58 1f561f61 1f571f54 1f611f5d
0307600 1f541f5a 1f5f1f5a 1f631f63 1f601f5f
0307620 1f631f65 1f611f5b 1f5a1f5e 1f651f61
0307640 1f651f64 1f621f63 1f6b1f65 1f611f6a
0307660 1f621f69 1f671f67 1f6f1f65 1f661f6b
0307700 1f6e1f6d 1f6d1f69 1f701f71 1f6a1f69
0307720 1f701f70 1f781f71 1f7d1f76 1f6e1f78
0307740 1f711f72 1f711f6c 1f7a1f77 1f6c1f76
0307760 1f651f6a 1f611f6d 1f681f65 1f731f70
0310000 1f6e1f70 1f761f76 1f741f77 1f6e1f6e
0310020 1f771f72 1f7d1f7d 1f761f79 1f6b1f71
0310040 1f761f77 1f791f74 1f751f72 1f721f70
0310060 1f791f74 1f781f76 1f7d1f77 1f781f76
0310100 1f741f76 1f731f72 1f741f6e 1f791f80
0310120 1f7f1f75 1f821f8c 1f841f7b 1f7e1f74
0310140 1f7a1f77 1f7a1f78 1f831f8d 1f821f7f
0310160 1f831f80 1f881f83 1f7e1f83 1f831f80
0310200 1f851f84 1f8a1f83 1f8d1f8b 1f911f91
0310220 1f871f91 1f7e1f89 1f811f7f 1f811f7b
0310240 1f831f89 1f881f86 1f811f88 1f861f81
0310260 1f831f85 1f851f88 1f851f89 1f861f86
0310300 1f871f8e 1f8b1f85 1f881f89 1f8b1f8c
0310320 1f8f1f91 1f8c1f8c 1f881f87 1f881f82
0310340 1f801f88 1f881f87 1f871f91 1f911f8d
0310360 1f8c1f8d 1f911f8e 1f861f86 1f881f90
0310400 1f8c1f87 1f891f89 1f8a1f8b 1f921f8e
0310420 1f8d1f93 1f861f8d 1f871f85 1f801f81
0310440 1f881f8b 1f8e1f86 1f941f95 1f921f97
0310460 1f8c1f94 1f971f91 1f951f92 1f931f8d
0310500 1f901f8f 1f971f8f 1f981f9b 1f911f97
0310520 1f901f91 1f961f92 1f8b1f8d 1f911f93
0310540 1f941f96 1f931f95 1f941f96 1f991f94
0310560 1f9d1f9b 1f931f95 1f9c1f93 1f931f94
0310600 1f8d1f99 1f971f8f 1f8f1f96 1f8e1f8e
0310620 1f8f1f86 1f8d1f8a 1f921f92 1f921f87
0310640 1f901f8f 1f8a1f8c 1f8a1f92 1f891f8d
0310660 1f901f91 1f941f8d 1f891f90 1f901f8f
0310700 1f961f91 1f8b1f8b 1f8c1f89 1f921f8e
0310720 1f8a1f8e 1f8c1f8a 1f901f92 1f921f93
0310740 1f931f8d 1f901f92 1f981f97 1f951f95
0310760 1f8c1f8f 1f8b1f8f 1f8e1f89 1f891f8b
0311000 1f8d1f85 1f901f8e 1f911f8e 1f891f8d
0311020 1f891f8c 1f861f82 1f7f1f86 1f801f80
0311040 1f831f87 1f981f8d 1f951f98 1f911f9a
0311060 1f8d1f90 1f931f98 1f991f99 1f8e1f8f
0311100 1f941f90 1f8f1f92 1f931f98 1f951fa0
0311120 1f901f97 1f8d1f8c 1f8d1f90 1f8e1f93
0311140 1f931f94 1f8f1f93 1f9e1f8d 1f981f9e
0311160 1fa11f94 1f9f1fa3 1f9b1f9c 1f981f90
0311200 1f901f92 1f8d1f8f 1f941f92 1f921f95
0311220 1f931f8c 1f901f92 1f9a1f90 1f921f97
0311240 1f8f1f92 1f951f92 1f961fa0 1f9b1f9d
0311260 1f9e1f9d 1fa21f9c 1f9d1f9d 1f9b1fa0
0311300 1f951f97 1f951f94 1f9d1f99 1fa81f9a
0311320 1fa31fa4 1fa21fa6 1fa21fa5 1f941f99
0311340 1fa51fa0 1f971fa3 1fa21fa4 1f9e1f9b
0311360 1f9f1f9d 1fa11fa1 1fa01f9a 1fa61fa2
0311400 1fac1fa9 1fb21fae 1fb11fa8 1fab1fb0
0311420 1faa1fab 1fa51fa5 1fb51fae 1fb51fb0
0311440 1fb41fb3 1fad1fb1 1fa71fb4 1fb31fae
0311460 1fb71fb4 1fb81fb9 1fb21fb3 1fb71fb3
0311500 1fc41fbf 1fc21fbe 1fc01fbc 1fc31fc9
0311520 1fc01fc9 1fbf1fbc 1fc31fc7 1fbd1fc4
0311540 1fb81fb6 1fc01fbe 1fc51fc0 1fc71fc9
0311560 1fcb1fc9 1fc51fcb 1fbd1fd0 1fc51fc6
0311600 1fc91fc3 1fc21fc3 1fcc1fc6 1fc51fcd
0311620 1fc51fc6 1fc31fc2 1fc01fc5 1fbf1fc5
0311640 1fc41fc9 1fca1fcd 1fd51fd1 1fd71fdd
0311660 1fde1fdd 1fdd1fdf 1fdc1fd7 1fda1fd3
0311700 1fda1fdb 1fdb1fda 1fdc1fdf 1fdf1fe4
0311720 1fd41fdb 1fda1fd8 1fdb1fdb 1fe11fd8
0311740 1fe21fe7 1fed1fdf 1fe71fe5 1fe71fe9
0311760 1fe91fed 1fde1fe3 1fe31fe4 1fe41fe3
0312000 1fe41fe8 1fe71fe8 1feb1fee 1fed1fee
0312020 1fe81feb 1fe71fe9 1fe41fe4 1fe41fe4
0312040 1fed1fe4 1fea1fe2 1fe61fe2 1ff01ff4
0312060 1ff31fef 1ff91ffa 1ff61ff8 1ff21ff0
0312100 1ff11ff0 1ff91ff9 1ffe1ff6 1ff81ff8
0312120 1ff01ffc 1ff91ff6 1ff31ff4 1fff1ff8
0312140 1ff71ffc 1ff61ff4 1ffc1fff 1ffe1ffe
0312160 1fff1ffb 20042002 1fff2006 20052003
0312200 20032005 1fff2001 20052007 200a200b
0312220 2006200c 20022002 20012000 200a2007
0312240 2009200e 200c200a 20092005 200d200d
0312260 200a200f 20062005 20092001 2006200c
0312300 20042008 1fff2004 20022001 2004200d
0312320 20031ffc 200d200e 200c2009 20112014
0312340 20152013 200f2013 200c200a 20102009
0312360 200c200f 200d2009 2014200d 20102011
0312400 200e2011 20152013 20132015 20142015
0312420 20152015 20132010 2021201a 2017201a
0312440 201b2016 201c201a 20182019 20182019
0312460 201a201b 20142016 20152014 20192013
0312500 200f2017 20132011 2011200f 20102010
0312520 201b2016 201e2020 20242024 201f2022
0312540 201d2019 2022201b 201b2019 20122019
0312560 200e200e 2014200a 2006200e 2016200f
0312600 2015201c 201d201d 20202022 201a2021
0312620 201d2022 20192024 201c2014 20172017
0312640 201d2017 20192015 2021201d 201c2021
0312660 2017201c 20172012 201b201f 20192022
0312700 201a2018 201a2018 201f2021 201d201b
0312720 201c2022 2022201d 20212018 201d201f
0312740 20152019 2019201a 2020201a 201f201a
0312760 201b2020 2019201c 2010201b 201a201a
0313000 201e2016 201f2020 201f2021 201b201b
0313020 201a201e 20192016 20172011 20162016
0313040 2011201b 20162017 201a2015 2012200e
0313060 2010200a 200c200f 2010200b 20102014
0313100 201a2014 20122017 20082009 200e2011
0313120 20132012 20112016 20172018 20122017
0313140 200f200f 200d200d 200e2012 200d2013
0313160 200d2018 200b2014 20162011 20172016
0313200 20122012 200d200f 20092008 200b2005
0313220 200c200b 200b200d 200c200e 20072004
0313240 20132006 200d200f 2006200b 20052001
0313260 200c200c 200c200e 20092006 200f2004
0313300 200b2011 200c2008 2013200b 20152013
0313320 200c200e 200f200c 200a2008 200d2007
0313340 20052007 20041fff 20062000 20102008
0313360 200d200b 200d200c 200e200a 2008200d
0313400 20072007 2011200b 200e200a 2006200b
0313420 200b200a 2010200d 200f200f 20092007
0313440 200e200b 20062009 20022007 200a2003
0313460 20102009 200b200c 200b200e 200d200d
0313500 20182010 200f200f 200b200d 200d200d
0313520 2013200d 20182011 2018201e 20192012
0313540 2015201d 201b2014 20182016 20192013
0313560 2017201a 201d2014 2020201b 201d201b
0313600 201a2016 201b201f 201a2020 2017201d
0313620 201a201a 201d2015 20182017 2020201f
0313640 201a2021 2025201d 2027201d 201e201c
0313660 2022201c 20212020 202a2024 20242023
0313700 2028202a 202a2023 20232022 20252025
0313720 2027202c 202d2028 202d202f 20302025
0313740 2031202b 202d202b 202c202e 2031202d
0313760 202d2030 2035202b 203a2040 2038203e
0314000 203a2038 203e2035 203f203e 203a2032
0314020 20372040 20452037 2047203c 203e2043
0314040 203c2039 203a2037 2046203c 20412040
0314060 2046203b 204c204a 204b204a 204a2051
0314100 204c2047 2051204e 204b2052 204a2048
0314120 20462048 20452041 20462041 2050204b
0314140 204b204d 2048204e 2049204c 20522047
0314160 2050204e 2053204e 2058205e 204f2056
0314200 20532051 204f2052 20562053 205e2062
0314220 2057205e 20602057 2058205a 20542058
0314240 2062205a 20652063 20672063 205e2060
0314260 20612066 205c2063 20602067 206b2065
0314300 206c2066 2069206d 206f206d 20672068
0314320 206b2065 2072206d 2068206a 2068206d
0314340 206e206c 20682066 206e2071 20782073
0314360 20702078 2075206e 20772078 20742075
0314400 2072207a 20742074 2078206f 207b2076
0314420 20782075 20762078 207a207b 20722079
0314440 207c2073 20812079 20732073 20722079
0314460 207d2071 20812074 207f207e 207f207d
0314500 20752075 20772078 20772076 20762070
0314520 20822080 2075207f 20862080 20892081
0314540 20822089 20822087 20852084 20872081
0314560 20802084 20882089 207d2086 2086208a
0314600 208c208c 20822083 208a2085 2093208e
0314620 20922093 20992090 20932094 208f2094
0314640 208f2095 20902090 208e2091 2094208d
0314660 209e209e 20982095 209e209e 209e209d
0314700 20a120a1 2099209d 209b2098 20962093
0314720 208f2091 20972094 209c2096 2095209a
0314740 209e209c 209d209e 20992099 20a0209a
0314760 209d209b 2098209c 209b2099 209a209b
0315000 209d209f 209b209e 209e209a 20a120a4
0315020 20a3209d 20a420a8 20a320a3 20a320a7
0315040 20a4209f 209e2099 209c209a 20a0209e
0315060 20a120a8 20a320a6 20a220a4 20a3209c
0315100 209b20a9 20a620a3 20a020a4 20a120a2
0315120 20a4209e 20a420a9 20a820a2 209f20a5
0315140 20a1209e 20a02098 20a7209f 20a520a8
0315160 20a220a4 20a120a1 209f209f 20a020a4
0315200 20a620a7 209b209a 20a12097 209f20a1
0315220 209c20a2 20a020a9 20a320a4 209c20a0
0315240 20a820ab 20a1209d 20a620a4 20a220a1
0315260 20a4209d 20a420a3 209b20a8 209920a3
0315300 20972096 209f209c 209c209c 208f208f
0315320 2098209a 2098209b 209d2098 209c209e
0315340 2095209a 209d209d 20992097 20992091
0315360 20982098 2093209b 20942094 2097209a
0315400 209b2097 20942096 20982097 20952099
0315420 20942090 20952090 20902093 20912091
0315440 20912096 2092208f 2094208d 208c2091
0315460 208b2090 20962096 208b2093 2084208d
0315500 20872087 20842088 20882080 208b2085
0315520 2083208b 20842083 20822080 20902088
0315540 208d208b 208f2087 208f2092 20922095
0315560 2094208e 2088208b 208c2087 20882083
0315600 20822086 207e2088 20892088 20882089
0315620 2088208a 208f208f 208f208e 208a2082
0315640 208d208c 2087208d 2088208b 2085208f
0315660 2088208c 2089208e 20892090 208b2090
0315700 208a208a 20872087 2087208f 20882089
0315720 20832087 2083208a 207a207c 20852074
0315740 20862084 208f2091 20942092 208c2090
0315760 208c208c 2096208d 208a2095 2086208c
0316000 20892083 2088207f 20922088 2088208e
0316020 20902093 20962097 20952094 20982097
0316040 20952094 20972097 20922093 2092208d
0316060 20892094 208d2093 2089208b 20892090
0316100 2088208c 20932092 2097209a 208b208e
0316120 20992091 20942097 20902092 2090208f
0316140 20962090 20962097 20952094 20912094
0316160 20a0209c 20a720a4 20a420a5 20a1209f
0316200 20a020a0 209d20a4 20a0209b 209b20a4
0316220 2097209a 20a2209e 20a620a4 20a620a2
0316240 20a920aa 20a320a2 20a720a9 20b120a9
0316260 20b120ae 20b320b5 20af20b1 20b320af
0316300 20b120b3 20af20b2 20ae20ae 20b420a8
0316320 20ae20a9 20a420a7 20ab20a9 20a720a6
0316340 20ae20af 20b320b0 20ae20b6 20b420b5
0316360 20b120b2 20b820ab 20ba20b7 20b820b5
0316400 20b720b9 20b420b6 20b720b4 20bf20b7
0316420 20c220c5 20c320ce 20bc20c1 20bb20be
0316440 20bf20bd 20b320bb 20c020be 20bf20bc
0316460 20c120ba 20ca20c0 20c420bf 20c420ca
0316500 20cf20c7 20cc20c6 20cb20c7 20c520ca
0316520 20c820c8 20c820c4 20cb20c2 20c420c6
0316540 20cc20ca 20cf20d2 20c920ce 20d220d1
0316560 20d020cc 20d820ce 20da20db 20da20db
0316600 20d320d2 20d320cf 20d320d3 20d720d5
0316620 20d920d4 20d320d4 20db20d2 20da20d7
0316640 20de20db 20d920dc 20e020d9 20da20e1
0316660 20e020de 20e920e6 20ed20e8 20e620e6
0316700 20e820e6 20e220e2 20e320e4 20e020e7
0316720 20dc20ed 20e620e1 20e820ef 20e720e4
0316740 20e720ee 20ef20e3 20f120e9 20f320f4
0316760 20f720f3 20f820f9 20fa20f3 20f720f7
0317000 20e920f4 20eb20ef 20eb20ed 20f220f1
0317020 20f620f3 20f720f9 20fa20f9 210020f7
0317040 20fe20fd 20f720fd 20fd20fc 21062102
0317060 210820f8 21012100 21062104 20fd20fe
0317100 21082104 21032101 210120fe 20fa20fe
0317120 20f42100 21022102 20f720fc 210120fa
0317140 20fb20fe 21002104 21002108 21052105
0317160 20fd2105 20f720fc 21072109 21042103
0317200 210c210e 21052101 21072109 20fc2102
0317220 21072104 20fe2103 21092103 210b210b
0317240 2107210c 210c210a 210b2111 210c2107
0317260 21082108 210b2113 2109210c 210b2108
0317300 210b210a 2116210d 2112210d 210f2113
0317320 2110210e 210e2107 210d2108 210e210f
0317340 210a2113 2108210d 210c2110 21142115
0317360 210f2117 21142112 2119210c 21162119
0317400 2112210b 210e210b 210a210c 2110210d
0317420 2111210b 21102110 210a210e 21062104
0317440 210c2103 21082107 210f210a 210c210a
0317460 210f2114 21052109 21022105 21072105
0317500 21022103 21002104 21072108 21052109
0317520 2110210d 21062107 210c2109 21042108
0317540 210b210d 210a210e 210d210f 210d210f
0317560 210a2110 2103210b 20fd20fa 20ff20fd
0317600 21042107 20fe210d 210020ff 20f72100
0317620 20fb20fa 20ff20fe 210520fd 21022102
0317640 20fa20fe 20fa2100 20fd20fb 20fc20fa
0317660 20ff20fb 20fc2100 20fd20fd 20ff2100
0317700 20ff20fe 20fb20fe 20fd20fa 20fa20fe
0317720 20f720f6 20fa20fc 20ff20f3 20f620f8
0317740 20ec20f5 20f620f2 20f120ee 20e820ee
0317760 20f620f4 20ee20f4 20f420f7 20f420f0
0320000 20f420f3 20f420ed 20ef20ed 20ee20f4
0320020 20ea20ed 20f020e8 20f120e9 20f320f5
0320040 20ec20f8 20f420f8 20f320ed 20e620e9
0320060 20e720e1 20e220e4 20ec20ec 20f020e8
0320100 20f220ee 20ed20e9 20e320e9 20f020e4
0320120 20ec20e5 20e320e8 20f120ec 20e620e9
0320140 20e420e0 20df20e5 20e820e4 20eb20eb
0320160 20f420eb 20e920ea 20ea20ee 20ec20ef
0320200 20ee20ec 20f220ef 20e920ed 20f320eb
0320220 20f220ec 20eb20ee 20e820ef 20e320e4
0320240 20e420e6 20e520e5 20e920e7 20ee20e7
0320260 20f220f3 20f620f7 20ed20f3 20ef20ed
0320300 20f120f3 20f220e9 20f220eb 20f420f2
0320320 20f320f2 20ee20ee 20f520ec 20e920ee
0320340 20e920e9 20e420ec 20e220e8 20e820e3
0320360 20ea20e8 20f220f0 20ec20f2 20eb20ee
0320400 20f020ed 20f920f2 20fa20f7 20f120f6
0320420 20f420f1 20e820f2 20f220ee 20ec20e9
0320440 20ed20f2 20fb20f4 20f420f6 b010047e
0320460 00001004 0001000a 00010000 03b16002
0320500 00000ffc 0001000a 1400003c add01f00
0320520 add01f01 add01f02 add01f03 add01f04
0320540 add01f05 add01f06 add01f07 add01f08
0320560 add01f09 add01f0a add01f0b add01f0c
0320600 add01f0d add01f0e add01f0f add01f10
0320620 add01f11 add01f12 add01f13 add01f14
0320640 add01f15 add01f16 add01f17 add01f18
0320660 add01f19 add01f1a add01f1b add01f1c
0320700 add01f1d add01f1e ff000134 00000020
0320720 00000002 a22e5d19 00000001 deadbeef
0320740 f0000002 a22e5d05 350a3b29 00000000
0320760 00000134 00001f48 a011047f 221520f7
0321000 221a2214 221b221e 22172219 22152212
0321020 22132217 2221221c 221f221d 22252220
0321040 22202222 2221222b 22162227 221c2217
0321060 2219221f 22222220 22242224 2229221f
0321100 22232221 221e2224 221f2219 22152222
0321120 221f221c 2221221a 221d221c 22222221
0321140 221e2222 221f221e 221b2215 22192218
0321160 22202223 222d2224 22242227 221e2224
0321200 221c2217 221b221b 22272224 2226222a
0321220 2224222a 22282227 2230222a 222d222c
0321240 2226222d 222c222a 222c222a 2227222a
0321260 222d222c 222d222d 22272226 2231222b
0321300 2224222e 222f2232 222d222e 22282226
0321320 2222222a 221f221f 22192221 22192219
0321340 221b221f 22202224 221a221e 221c2217
0321360 221b221c 22182217 2221221e 221a2220
0321400 22172218 221e2217 221d2219 221c2221
0321420 221f2220 221b221b 221d221a 2216221d
0321440 221a221f 2223221c 20f621c9 1f4c200e
0321460 1e541eb8 1df41e1c 1dd01de0 1dc81dd1
0321500 1dbb1dc4 1db51dc2 1dc31dbb 1db31db8
0321520 1dbe1db5 1db51db7 1db81db4 1dbb1db7
0321540 1db71db6 1db51dbb 1daf1db2 1db21da9
0321560 1dab1daf 1dab1dac 1db21db0 1db71db2
0321600 1db51db3 1db81dbb 1db71db5 1daf1db4
0321620 1db21db0 1daf1db0 1dae1db4 1daa1db0
0321640 1da61db0 1daa1dad 1da81dab 1daa1da5
0321660 1da81da9 1daa1db0 1da21d9f 1da61da2
0321700 1d9a1d9e 1d9f1da5 1da81daa 1dab1da7
0321720 1daf1daa 1da91da7 1da21daa 1daa1da8
0321740 1dad1daa 1dab1da7 1da51da9 1da61da4
0321760 1daa1dab 1dad1dad 1dae1da5 1da71dab
0322000 1dab1da8 1db51db2 1da81db0 1da41da8
0322020 1db01dae 1dae1dad 1db11db4 1da51daa
0322040 1db11daa 1da61dab 1da61da5 1dae1daf
0322060 1dab1dac 1db11dac 1db41daf 1da91db1
0322100 1dae1daf 1daa1da7 1dac1da1 1daa1daa
0322120 1daa1daa 1da71db0 1db11db0 1db31db2
0322140 1dae1db6 1da21da7 1da61dad 1db71dae
0322160 1db81dbb 1db41dba 1da91db1 1db11daa
0322200 1daf1db4 1db21db2 1dab1db6 1db11db7
0322220 1db71db1 1db61db7 1dc01dba 1db11db9
0322240 1db51dba 1db31db3 1db71db0 1db41db9
0322260 1db61db6 1db21dba 1dbc1db8 1db51db3
0322300 1dbc1db3 1dac1dae 1db01db3 1db91dba
0322320 1db41db8 1db51db3 1dba1db5 1dc41dc1
0322340 1dcc1dc8 1dbd1dc1 1dc31dc1 1dbb1dc3
0322360 1dc91dc3 1dcd1dd0 1dc61dc7 1dcd1dc6
0322400 1dca1dc8 1dcb1dc6 1dcc1dc4 1dcd1dc8
0322420 1dd01dd3 1dd11dcf 1dcc1dcc 1dcc1dca
0322440 1dc71dc7 1dd21dc9 1dd71dd2 1dd01dd5
0322460 1dd61dd9 1dd31dd4 1dd91dd9 1dd11dd3
0322500 1dd41dcb 1dd81dd5 1de11dd9 1ddc1ddd
0322520 1ddc1dd6 1ddd1ddc 1de51de5 1ddc1dea
0322540 1de61ddf 1de31de9 1deb1de8 1de11de9
0322560 1de91de5 1dea1de4 1de51dec 1de31de8
0322600 1de81de6 1de61de5 1dec1dec 1ded1df1
0322620 1de91de9 1de51de7 1de51de4 1df41ded
0322640 1df51df9 1df81dfc 1df61dfa 1df81df8
0322660 1dfc1df4 1e021dff 1df91e02 1dfd1dfc
0322700 1dfe1df6 1dfd1df8 1dfc1dfd 1dfa1dfd
0322720 1dfb1dfc 1dfc1dfd 1dfc1df7 1dfe1dff
0322740 1dfe1dff 1e071e05 1dff1e08 1e0f1e02
0322760 1e101e09 1e0d1e12 1e0e1e14 1e131e0c
0323000 1e1b1e0d 1e0c1e14 1e101e0d 1e0c1e1b
0323020 1e0b1e08 1e171e0b 1e131e11 1e171e1a
0323040 1e1e1e1e 1e211e1c 1e171e1a 1e1c1e1e
0323060 1e1f1e20 1e1d1e1b 1e241e1f 1e231e21
0323100 1e1e1e25 1e241e1e 1e261e2f 1e2f1e2c
0323120 1e271e2f 1e2d1e28 1e2b1e2b 1e2f1e2f
0323140 1e2f1e2c 1e331e33 1e351e3c 1e341e38
0323160 1e3b1e39 1e311e33 1e361e37 1e351e36
0323200 1e351e35 1e401e3c 1e3e1e3a 1e3b1e3e
0323220 1e3d1e3f 1e441e3b 1e411e41 1e471e43
0323240 1e4b1e44 1e4a1e42 1e401e3c 1e511e4e
0323260 1e491e4a 1e481e4d 1e461e45 1e4f1e47
0323300 1e511e50 1e541e54 1e501e54 1e511e54
0323320 1e511e51 1e541e53 1e561e5a 1e561e51
0323340 1e501e4d 1e511e4f 1e5c1e53 1e5a1e5d
0323360 1e551e55 1e5b1e5e 1e621e60 1e681e67
0323400 1e661e66 1e651e67 1e611e63 1e641e64
0323420 1e601e68 1e661e65 1e681e68 1e631e6a
0323440 1e6d1e6e 1e6d1e6f 1e6a1e69 1e711e6d
0323460 1e751e72 1e731e76 1e711e72 1e731e74
0323500 1e6b1e6f 1e691e69 1e711e6f 1e6d1e7b
0323520 1e7a1e70 1e7c1e7d 1e6e1e6a 1e6c1e6b
0323540 1e711e74 1e7c1e77 1e791e7d 1e7c1e74
0323560 1e771e79 1e7d1e79 1e731e75 1e731e6a
0323600 1e721e6c 1e6e1e76 1e771e76 1e7d1e7a
0323620 1e781e76 1e7e1e7c 1e7b1e80 1e7f1e7c
0323640 1e711e77 1e751e6c 1e791e72 1e7a1e7c
0323660 1e771e7a 1e751e75 1e721e72 1e7e1e7d
0323700 1e801e7e 1e791e7c 1e7c1e75 1e771e76
0323720 1e821e79 1e761e78 1e791e77 1e7f1e7d
0323740 1e811e82 1e7f1e7e 1e891e88 1e831e8c
0323760 1e811e7d 1e8c1e8b 1e841e84 1e871e90
0324000 1e851e8e 1e7f1e81 1e761e7e 1e7e1e7a
0324020 1e7c1e81 1e821e84 1e791e75 1e891e81
0324040 1e871e86 1e831e82 1e7e1e86 1e7d1e7d
0324060 1e7d1e7f 1e821e82 1e861e87 1e7c1e83
0324100 1e851e7a 1e7f1e7e 1e7a1e7c 1e741e7b
0324120 1e7a1e80 1e801e81 1e841e7d 1e811e7f
0324140 1e791e7f 1e811e84 1e7e1e84 1e7c1e7c
0324160 1e7b1e7c 1e801e79 1e7f1e7a 1e7b1e80
0324200 1e841e7f 1e801e7d 1e7e1e82 1e7b1e7e
0324220 1e921e85 1e901e82 1e8c1e86 1e831e8a
0324240 1e861e8d 1e8c1e88 1e881e8a 1e8a1e88
0324260 1e8b1e8a 1e8a1e8c 1e891e8a 1e861e89
0324300 1e871e85 1e811e83 1e811e80 1e831e80
0324320 1e851e88 1e891e92 1e8c1e8d 1e8f1e8b
0324340 1e8f1e8c 1e911e8c 1e921e91 1e971e98
0324360 1e9b1ea0 1e9a1e99 1e9f1e9d 1e931e9d
0324400 1e9a1e99 1e981e9c 1e9e1e9e 1e961e98
0324420 1e991e95 1e951e93 1e921e96 1e961e94
0324440 1e991e90 1e8d1e96 1e921e92 1e921e90
0324460 1e931e99 1e961e97 1e911e9c 1ea11e9c
0324500 1e9c1e9c 1e9c1e91 1e9c1e98 1e9f1e9c
0324520 1ea01ea0 1ea01e9f 1ea31e9e 1ea51e9f
0324540 1ea71ea0 1ea31ea2 1ea71ea4 1e9d1ea5
0324560 1ea31ea0 1ea51ea2 1ea21ea1 1ea41ea5
0324600 1ea01ea1 1ea51e99 1ea41ea2 1eb01ea4
0324620 1eaa1ea7 1ea81ea4 1ea51ea4 1ea81ea7
0324640 1eb01eac 1eb61eb4 1eb01eae 1eb21eaa
0324660 1eaf1eb0 1eb01eb1 1eae1eb3 1eb31eae
0324700 1eaf1eaa 1eb51eb5 1eab1eaa 1eab1eb0
0324720 1eaf1eae 1eb21ead 1ebc1eb3 1eba1eb7
0324740 1eb51ec2 1eb81ebb 1eb91eba 1ec71eb8
0324760 1eb81ebb 1ebb1eb5 1eb81ebb 1ebf1eb8
0325000 1ebc1eb9 1ebf1ebc 1ebf1ebf 1ec41ebd
0325020 1ec21ec7 1ec31ec1 1ebd1eba 1ec31ec2
0325040 1ec11ebe 1ec01ebd 1ec51ec0 1ec41ec8
0325060 1ecb1ec7 1ec01eca 1ecb1ec2 1ece1ecc
0325100 1ec71ecf 1ecd1ecd 1ec81eca 1ec91ec5
0325120 1ec81ec8 1eca1ec8 1ed01ecb 1ece1ed5
0325140 1ec91eca 1ec61ecb 1ecc1ec9 1ed51ecd
0325160 1edf1ed2 1ed51ed8 1ecc1ed1 1ed01ed3
0325200 1edb1edb 1edb1ed9 1ed81ed7 1edf1ed2
0325220 1ecb1edd 1ed81eda 1ee01edc 1ed91ed3
0325240 1ed51ed6 1ed31ed1 1ed91ed6 1edd1ed6
0325260 1ee61ee4 1eee1eea 1eeb1ef2 1eec1eed
0325300 1ee61eee 1eea1ee7 1eea1eed 1eeb1eea
0325320 1eea1eed 1ee81eeb 1ef01eeb 1ef11eed
0325340 1ef41ef2 1ef11ef3 1ef01eea 1eee1eea
0325360 1ef41ef2 1ef81ef2 1ef81ef7 1efb1ef5
0325400 1eed1ef6 1ef71ef8 1efb1efb 1f041f06
0325420 1f001f01 1ef81efa 1ef51efd 1ef21ef5
0325440 1ef71efc 1ef51ef9 1ef81ef5 1f061efa
0325460 1f061f0d 1f061f02 1f091f03 1f061f04
0325500 1eff1f01 1f031efb 1f001f00 1f041f01
0325520 1f0d1f03 1f0d1f0f 1f071f0e 1f0c1f10
0325540 1f0c1f0c 1f091f0b 1f0d1f08 1f101f0d
0325560 1f071f13 1f0b1f0a 1f091f09 1f111f11
0325600 1f171f15 1f0f1f0f 1f161f13 1f1b1f11
0325620 1f101f11 1f101f16 1f141f15 1f171f19
0325640 1f161f19 1f201f1f 1f1a1f13 1f161f20
0325660 1f1d1f1d 1f211f1c 1f1c1f1d 1f161f1c
0325700 1f1a1f1a 1f171f19 1f111f12 1f181f0f
0325720 1f161f1c 1f1e1f17 1f1a1f23 1f251f15
0325740 1f2b1f27 1f221f23 1f1a1f22 1f1c1f21
0325760 1f211f19 1f201f1b 1f201f1e 1f201f21
0326000 1f1e1f19 1f201f1b 1f1e1f15 1f1c1f18
0326020 1f1b1f1e 1f181f20 1f1c1f1d 1f181f1d
0326040 1f171f1f 1f251f22 1f1c1f23 1f1e1f1d
0326060 1f1d1f16 1f131f19 1f1c1f1b 1f201f1d
0326100 1f1f1f22 1f211f21 1f211f1e 1f191f1d
0326120 1f0c1f14 1f1a1f17 1f1e1f17 1f1b1f1d
0326140 1f231f25 1f1d1f1f 1f251f1c 1f1a1f20
0326160 1f1c1f13 1f1d1f19 1f1b1f22 1f221f19
0326200 1f291f2c 1f231f2a 1f2b1f29 1f241f26
0326220 1f291f1d 1f1f1f26 1f221f22 1f221f27
0326240 1f211f24 1f251f2c 1f1d1f1e 1f171f1c
0326260 1f1a1f1c 1f1e1f1e 1f231f22 1f1b1f22
0326300 1f1f1f1c 1f221f27 1f1c1f1d 1f221f1d
0326320 1f221f1d 1f221f29 1f241f23 1f1e1f1e
0326340 1f281f21 1f221f23 1f211f23 1f291f22
0326360 1f2a1f2c 1f261f27 1f281f25 1f211f23
0326400 1f201f22 1f261f1f 1f2f1f21 1f271f28
0326420 1f231f24 1f251f2b 1f3c1f33 1f281f2b
0326440 1f271f25 1f201f20 1f281f24 1f361f2c
0326460 1f301f27 1f2a1f32 1f251f26 1f281f26
0326500 1f261f29 1f261f2b 1f2b1f2c 1f281f29
0326520 1f311f33 1f2c1f31 1f351f34 1f381f30
0326540 1f391f39 1f331f33 1f371f31 1f361f33
0326560 1f351f35 1f311f35 1f391f3c 1f3a1f31
0326600 1f471f3a 1f3c1f40 1f351f3a 1f3a1f3b
0326620 1f371f3b 1f441f3b 1f3a1f3b 1f351f3f
0326640 1f451f3f 1f3e1f47 1f4a1f40 1f491f48
0326660 1f4b1f48 1f4a1f48 1f401f4a 1f391f40
0326700 1f411f39 1f3f1f45 1f431f3d 1f4a1f45
0326720 1f441f49 1f4c1f4b 1f441f42 1f491f4a
0326740 1f491f45 1f4b1f45 1f471f4b 1f491f4c
0326760 1f4b1f4e 1f4e1f4b 1f4a1f4b 1f481f4c
0327000 1f511f4e 1f561f55 1f531f55 1f521f4d
0327020 1f511f51 1f561f56 1f551f57 1f4c1f51
0327040 1f581f53 1f531f54 1f541f57 1f581f58
0327060 1f5a1f59 1f581f56 1f571f52 1f5c1f5c
0327100 1f611f60 1f5c1f5e 1f601f60 1f641f5d
0327120 1f651f5f 1f621f64 1f681f62 1f5c1f62
0327140 1f5a1f5f 1f6a1f69 1f671f67 1f6d1f6a
0327160 1f6b1f72 1f691f71 1f671f6a 1f681f67
0327200 1f701f6d 1f731f71 1f711f6f 1f6b1f75
0327220 1f6f1f70 1f6c1f70 1f671f68 1f6d1f6a
0327240 1f6e1f70 1f721f75 1f6f1f74 1f761f72
0327260 1f761f75 1f761f77 1f751f79 1f791f76
0327300 1f841f7d 1f7d1f7a 1f791f7b 1f831f86
0327320 1f891f85 1f871f80 1f881f84 1f861f83
0327340 1f7b1f85 1f7d1f7e 1f7e1f7d 1f771f7d
0327360 1f801f80 1f7d1f86 1f841f78 1f821f76
0327400 1f861f81 1f891f88 1f841f89 1f801f86
0327420 1f811f7d 1f861f88 1f7a1f7f 1f861f87
0327440 1f881f87 1f8b1f87 1f8b1f8d 1f8f1f8e
0327460 1f961f92 1f931f90 1f911f8d 1f981f8e
0327500 1f931f95 1f911f8e 1f8a1f87 1f971f93
0327520 1f951f95 1f921f96 1f951f8f 1f8f1f8f
0327540 1f8e1f8d 1f911f91 1f941f94 1f971f95
0327560 1f951f94 1f9c1f98 1f9c1f9d 1f911f9a
0327600 1f951f94 1f9c1f97 1f9a1f96 1f961f93
0327620 1fa31f99 1f9d1f9f 1fa11fa6 1f9e1f9c
0327640 1f971f9c 1f9d1f98 1f9a1f9b 1fa81f9a
0327660 1f981fa0 1fa71f9c 1f9e1fab 1f9f1fa4
0327700 1f9d1fa3 1f961f97 1fa41f9f 1fa01fa2
0327720 1f9f1fa0 1fa71f9d 1fa21fa1 1fa21fa6
0327740 1faa1fa5 1faa1fa9 1fab1fa8 1fa81fa4
0327760 1fa81fa2 1fa61fac 1fb11fac 1fae1fa8
0330000 1fab1fab 1fb11fad 1fb51fb3 1fb21fb5
0330020 1fb71fb4 1fb81fb3 1fac1fad 1fb11fb3
0330040 1fb71faf 1fa71fb0 1faa1fa9 1faa1fac
0330060 1fac1fae 1faf1fb3 1fb21fad 1fb91fb5
0330100 1fb31fb1 1fb71faf 1fb31faf 1fac1fb0
0330120 1fa91fae 1fba1fac 1fae1fb7 1fb01fb3
0330140 1fb61fb3 1faa1fa9 1fae1faf 1fa51fa7
0330160 1fac1fa8 1fb01fae 1fac1fb1 1fac1fa4
0330200 1fac1fb3 1fad1fac 1fa91fad 1fad1fa3
0330220 1fa91faa 1fa71fa5 1fad1fb5 1fae1fab
0330240 1fb01fac 1fac1fab 1fae1faa 1fa91fb2
0330260 1fa41fa5 1faa1fab 1fa61fa1 1fa51fa8
0330300 1fa51fa9 1fa91fad 1fac1f9d 1fa51fa7
0330320 1fb01fae 1fa41fab 1fa91fa7 1fa81fa4
0330340 1fa41fab 1fa51fa1 1fb21fb1 1fb21fb0
0330360 1fa71fa7 1fa51f9e 1fa01fa9 1fae1fa7
0330400 1fa51fae 1faa1fa5 1fae1fa9 1fac1fae
0330420 1fa81fad 1f9f1fa4 1fa81f9f 1fae1fac
0330440 1fa81fa5 1fad1fad 1fb01faf 1fb51faa
0330460 1fad1fad 1fad1fb0 1fb31fb4 1fa31fa8
0330500 1fa71f9f 1f9e1fa1 1f9f1fa3 1fa91faa
0330520 1fae1fac 1fad1fb1 1fa41fac 1fa91fad
0330540 1fa11fac 1f9e1fa3 1fac1fa7 1fad1fad
0330560 1fa81fa9 1faf1fa7 1fb31fb5 1fb01fb4
0330600 1fa81fb1 1fac1fb0 1fa41fa8 1fa71fa8
0330620 1fa61faa 1fb01fac 1fb11fac 1faa1fa9
0330640 1fa51fae 1faa1fa5 1faf1fb0 1fb11fb3
0330660 1fb81fba 1fac1fb1 1fb81fb3 1fbc1fba
0330700 1fb51fb8 1fbb1fb5 1fb81fb6 1fbb1fb6
0330720 1fbd1fb6 1fb81fba 1fc01fba 1fbb1fb8
0330740 1fbd1fb4 1fb61fbb 1fb41fb5 1fbb1fba
0330760 1fbf1fbe 1fc41fc0 1fc01fc4 1fbb1fc5
0331000 1fc21fc5 1fc41fc1 1fc91fc4 1fc61fcf
0331020 1fbf1fc8 1fc81fc2 1fcf1fc9 1fcb1fc7
0331040 1fc41fc2 1fc51fcf 1fca1fc9 1fd31fcc
0331060 1fd31fcf 1fd31fcf 1fca1fcf 1fcb1fcd
0331100 1fd01fd0 1fcc1fca 1fd01fd4 1fc91fcb
0331120 1fce1fd0 1fcc1fc9 1fd71fcf 1fdb1fd3
0331140 1fd81fd8 1fdc1fdc 1fde1fda 1fde1fda
0331160 1fe11fe3 1fdd1fdd 1fdc1fde 1fdd1fdc
0331200 1fe01fe0 1fe61fd9 1fec1fe9 1fe91fe8
0331220 1fe91fe9 1ff11fee 1feb1ff2 1fea1fec
0331240 1fed1feb 1fe61fe8 1fe81fe5 1fea1fe9
0331260 1ff71ff4 1fec1ff3 1fea1fef 1ff01fef
0331300 1fec1fef 1ff01ff3 1ff41ff2 1ff11ff2
0331320 1ff41fed 1fed1ff3 1fea1ff2 1ff81ff5
0331340 1ff91ffc 1ff81ff4 1ffe1ffb 1ff61ff5
0331360 1ffd2005 1ffc1ffd 1ffd1ff6 1ff71ffb
0331400 1ff61ff6 20031fff 20082002 200e2008
0331420 20062005 20042008 1fff2003 20022000
0331440 20041ffa 1ffe2006 20052004 20062005
0331460 200a2008 20062008 20052009 200a2005
0331500 200c200e 20182013 20132018 20132014
0331520 20152016 200e200e 2013200d 201b201d
0331540 2015201c 201c201f 201b2020 201a2018
0331560 20162018 20162014 2015201b 2019201d
0331600 201c2016 20172019 201e2026 20192019
0331620 20252022 201c201c 20282029 20232026
0331640 201a201d 201a2014 201a2018 20212017
0331660 201f201a 2026201d 20242020 20222029
0331700 20212025 20282025 201c201f 20222023
0331720 20252021 20242020 20232023 20252024
0331740 20202027 202c2023 2032202a 20292029
0331760 202c2028 20312033 202f202f 2031202f
0332000 2034202e 202c2029 2033202c 202d202e
0332020 2030202d 2030202b 20302036 20392037
0332040 20312034 203c2034 202f2036 202e2030
0332060 2035203a 202e2031 20322037 20272028
0332100 202b202a 202d202f 202c2023 20352033
0332120 20312034 20372030 2031202f 2034202f
0332140 203d2039 203c203d 203f203c 2036203d
0332160 20312036 20322032 202e202b 202c2030
0332200 20372034 20342034 20362032 2036203b
0332220 20392035 2035203d 20362038 203c2039
0332240 20342038 20332033 2041203d 203a2039
0332260 20372032 203d203e 20352036 203a2033
0332300 20362030 20332032 20322036 202d2033
0332320 2037202b 2028202d 20342031 20282028
0332340 20362032 2035202e 202f202d 202c2031
0332360 202b202c 20302032 202e2027 2028202b
0332400 20282025 20212020 201f2021 20202026
0332420 20212023 2023201c 201c2020 20212021
0332440 20282025 202b202a 20232027 2023202a
0332460 202c202c 20262026 201b2025 201c2021
0332500 201d201c 2025201f 20262029 2026202a
0332520 2020201f 2015201c 201a2020 201e201e
0332540 20252020 20252023 201d2020 201c201f
0332560 20202025 20282027 2028202a 20252025
0332600 20232020 201e2015 20152017 200f2019
0332620 20122009 20172017 2019201b 2019201a
0332640 201c201b 201e2013 20142016 201e2018
0332660 20172012 20152015 20182019 201c201f
0332700 201f2020 201c201c 201d2016 2016201c
0332720 20192014 201b2016 201b201a 2021201b
0332740 2019201e 201d201d 2016201c 2022201a
0332760 201a201d 2016201a 2021201a 201e2023
0333000 20162019 2018201e 2012201a 201b2011
0333020 20212020 201c2020 20162017 20112013
0333040 20202013 2019201e 2019201e 2021201a
0333060 201d2017 20212024 201b2020 201a2023
0333100 201c201e 2022201e 20182023 20212020
0333120 20272028 202b2022 2026202b 20292026
0333140 2022202c 20222027 201c2023 20222025
0333160 2026202d 2027202c 202f202e 2029202b
0333200 20312029 2030202c 20302030 2034202d
0333220 202e202f 202a2031 202c202d 20362031
0333240 20312034 202f2031 20332035 202a2033
0333260 2032202b 20332038 203a2035 203d2036
0333300 203a203b 2032203a 20342034 203c2039
0333320 20452044 20442042 20412047 20432040
0333340 20482045 2046203f 20442043 20452047
0333360 20402047 20452048 2049204a 204e204a
0333400 2050204d 204f204b 2058204e 20562057
0333420 20582056 20562059 204f2055 20532052
0333440 204c204f 204e2052 20512056 205a205b
0333460 2056205a 205d2056 2059205e 20522054
0333500 205c205f 2061205b 205d205e 205f205e
0333520 20692065 20632061 20672064 206a206b
0333540 205e2065 205e205e 206d2061 206a2073
0333560 206f2067 206a2070 206b2068 206c206d
0333600 2072206e 20702069 20742077 20792076
0333620 207f207a 207d2078 207d2083 20812080
0333640 2077207a 2084207f 207f2079 2082207e
0333660 207d2085 20802081 207c207b 2081207a
0333700 207e207e 20872085 208b2086 20832083
0333720 20852085 208b2084 208d2094 2091208e
0333740 208f2091 2093208e 208c2095 2091208c
0333760 20942094 20932095 20992093 20962093
0334000 209a2096 2099209b 2097208e 2094208b
0334020 209b209a 20952093 209e209d 20a420a1
0334040 209f209f 20a0209f 209a20a2 209920a3
0334060 209e2098 20a120a2 20a2209e 209b20a3
0334100 209f209f 209e209d 20a9209f 209d20a5
0334120 209f20a5 20a620a1 20a020a0 209c209f
0334140 20a520a2 20b020a7 20b220aa 20ab20ab
0334160 20ae20a8 20ab20af 20a620a7 20a720a8
0334200 20aa20a7 20aa20a7 20ad20a6 20af20ae
0334220 20ab20ad 20ac20a3 20ab20af 20aa20aa
0334240 20af20ab 20ac20ae 20b020b2 20b720b9
0334260 20ba20bf 20b620b0 20b720bb 20b320ac
0334300 20b320b5 20b320b7 20c020b6 20b220ba
0334320 20b320b9 20b420b8 20af20b2 20ab20b0
0334340 20a920ac 20aa20a8 20ae20ab 20ab20b2
0334360 20ae20ae 20ac20ab 20af20aa 20ad20ad
0334400 20ac20a9 20ad20a8 20ad20b0 20ab20a7
0334420 20ad20ac 20b220ae 20ab20b4 20b020b3
0334440 20b120b0 20b120aa 20b220b3 20b120b0
0334460 20a820b0 20b120b0 20b220ab 20af20aa
0334500 20ae20b5 20b820bb 20a920b8 20b320a8
0334520 20a920b0 20ab20ad 20ac20b7 20a920ab
0334540 20b220b0 20aa20a7 20a820ab 20ae20b4
0334560 20b120a9 20ae20a9 20a920ae 20a320a9
0334600 20a720ab 20a420a4 2096209a 209a20a4
0334620 209920a0 20a320a3 20a1209e 20a720a2
0334640 20a420a4 20a020a4 209f20a3 209c2099
0334660 2094209c 20972091 20912098 20932094
0334700 20922090 20982097 20992095 2094208c
0334720 20932096 20992098 209a2093 209e209d
0334740 20972097 208e2095 20942099 20972095
0334760 20922094 2088208c 208d208e 20852089
0335000 208c2080 208f2091 208e2093 209a2094
0335020 208e2092 20902091 2085208d 20882084
0335040 20832084 2085208b 208d2087 20802088
0335060 20882085 20862087 208d2084 208c2085
0335100 20842084 20852085 2088208c 2082208a
0335120 2084207d 2080207c 2072207b 2082207f
0335140 20842082 20852081 2081207e 20752080
0335160 20812088 20852086 207f207e 20772086
0335200 2079207c 2082207c 20802081 20842087
0335220 20872085 207f2082 20842086 20812080
0335240 2088207d 207f2082 20822082 207b2086
0335260 207f207c 207e207e 2079207b 20802081
0335300 2082207c 20782078 20792072 20772075
0335320 2077207a 2078207e 2075207d 20792073
0335340 207b207b 207c207e 207b2082 207a2077
0335360 20802078 207b2076 207a207b 207f2075
0335400 207c207d 2083207e 20822080 207d2084
0335420 2081207c 2081207f 207c207a 20872089
0335440 20852081 20862086 208b2088 208d2086
0335460 208a208c 2089208f 208f208a 20892087
0335500 208d208f 209a2094 20982097 20a220a1
0335520 20942098 209f2096 20a1209f 209d209f
0335540 209c209d 20992092 20a9209f 209a20a5
0335560 209d20a0 209a209f 20ac20a5 209e20a1
0335600 20a320a2 209b209d 20a520a5 20a020a2
0335620 20ad20a6 20a920a8 20a620ab 20ac20aa
0335640 20a220a7 20ad20ab 20a920a6 20ae20ad
0335660 20a720ae 20ae20a4 20b120ad 20ab20b1
0335700 20aa20ac 20ab20ab 20b120b0 20b520b1
0335720 20b920b4 20ba20b9 20b920bf 20c120b7
0335740 20bd20be 20bd20be 20c020c0 20c520c7
0335760 20c720c4 20cd20c3 20c520ca 20c120c4
0336000 20c620c6 20c520c9 20d320c5 20cd20d3
0336020 20cd20d1 20d620d5 20d020d2 20d520d4
0336040 20cf20db 20d720d5 20d720d6 20d420d8
0336060 20d720d5 20e120dc 20d920d7 20e020db
0336100 20df20de 20dc20d9 20dd20e5 20e320e6
0336120 20e320e6 20dc20e3 20e920e3 20ea20e9
0336140 20df20e6 20ea20e7 20ec20e8 20f320e7
0336160 20f120f4 20ea20f2 20ee20f0 20f320f6
0336200 20f720f5 20f720fc 20f320f2 20f720ee
0336220 20ec20f7 20f220ee 20ee20fa 20f020ed
0336240 20f520f1 20f620f5 20f320f4 20f820fd
0336260 20f320fb 20fb20fa 210120f9 21092102
0336300 20fe2104 210020fa 20fb20fb 20f920fa
0336320 210420fb 20fd20ff 20fc2100 210220fe
0336340 21002107 210c2100 21062108 21082110
0336360 210f2111 210e210c 2108210b 210c210e
0336400 210e2106 210f210d 210e210f 2103210c
0336420 21112112 21142113 21122110 2109210e
0336440 211a210e 21152116 210d2114 21102107
0336460 21142110 211a2107 21122119 211a2113
0336500 2110211c 2111210f 2114210f 21152117
0336520 21102113 211c2113 21172115 21192115
0336540 2118211b 211f211f 211e2120 2120211d
0336560 211b211a 211e2121 21162118 210f2115
0336600 21122112 21122111 21172118 2119211e
0336620 21182120 211c211c 211d211b 211a211b
0336640 2120211d 21222124 211e211d 211c211e
0336660 21142115 21132115 21162114 211d211a
0336700 211d2115 21192116 2115211a 211d211d
0336720 211b211c 21202122 21192123 21162115
0336740 21182119 210d2101 210c210c 210d2110
0336760 21162112 21112117 210e2114 210c210c
0337000 210a210b 21032109 21002104 21062105
0337020 210f210a 2109210e 210c210f 2105210c
0337040 21042105 210d2104 21082106 21082105
0337060 21082103 21002101 20ff2102 20fc2101
0337100 20f720f9 20f820fc 21052100 210020f5
0337120 20fb20f5 20f620f4 20f720f1 20f920f4
0337140 20f720f7 20f420fa 20f520f3 20f220f5
0337160 20f220ed 20f220ef 20f120f5 20f120f3
0337200 20f320f9 20f220ef 20f520ef 20ec20eb
0337220 20ed20f0 20e920f1 20ed20ef 20f420f0
0337240 20eb20ee 20e420e8 20e620e6 20ea20ef
0337260 20e620e6 20e620e3 20d420e4 20dd20dd
0337300 20e120e6 20e820e9 20e120e3 20de20e4
0337320 20dc20e3 20e220de 20df20e4 20db20db
0337340 20d720db 20d620dd 20d620d6 20db20de
0337360 20dc20db 20d720e0 20de20e0 20dc20e1
0337400 20dc20e0 20d720d9 20d620dd 20d620da
0337420 20db20dd 20da20d6 20d920e2 20d720db
0337440 20e020d7 20d120db 20e220d6 20de20d8
0337460 20de20db 20db20dd 20dc20d9 20dd20d7
0337500 20d720d7 20cc20d2 20d520d1 20d020d1
0337520 20d020cb 20d120cc 20cc20cf 20d020cd
0337540 20d320cd 20d420ca 20d720d0 20d520d4
0337560 20d320d7 20cb20cf 20d420d1 20d420ce
0337600 20d920d4 20d720d7 20d320d8 20d120d7
0337620 20d220d4 20cb20cf 20cc20d3 20d020cb
0337640 20d820ce 20d220ca 20d320d0 20d520d6
0337660 20db20da 20d920da 20d820dc 20d120d8
0337700 20d120d7 20d620d5 20d520c9 20d720de
0337720 20d820d7 20d520df 20dd20d1 20d520d0
0337740 20e020d1 20e220df 20de20e4 20dc20d6
0337760 20df20d6 20e020de 20e920ec 20e220e7
0340000 20e820e6 20e820e3 20e720e4 20db20e3
0340020 20e120e7 20e620e1 20f220e1 20e120e4
0340040 20de20e3 20e820e8 20ee20e6 20f520ee
0340060 20f720f2 20ef20ef 20f120f6 20ed20ed
0340100 20f220f5 20f020f3 20f520f9 20fd20fd
0340120 210120f9 210620fb 20fe20fd 21002106
0340140 21012104 20ff2101 210a2105 21002107
0340160 20fa2100 21032103 20fe20f8 21042105
0340200 2108210b 21082110 210b210f 21082109
0340220 21062105 210a2105 210f210c 210c210d
0340240 21062108 210a2107 2110210e 21102111
0340260 211e2119 2116211a 211e211c 21172121
0340300 21182114 2115211a 21122113 2115210f
0340320 211d2111 2116211d 2112211a 21172118
0340340 2123211a 21222123 212a2125 2128212e
0340360 21292127 2123211e 21202120 211f211f
0340400 21242123 21232124 21312126 212c2129
0340420 21272131 21302131 21282128 21362129
0340440 212d2130 2130212f 2130212f 2130212d
0340460 21392132 2138213b 213c213d b011047f
0340500 00001004 0001000a 00010000 03b16003
0340520 00000ffc 0001000a 1400003c add01f00
0340540 add01f01 add01f02 add01f03 add01f04
0340560 add01f05 add01f06 add01f07 add01f08
0340600 add01f09 add01f0a add01f0b add01f0c
0340620 add01f0d add01f0e add01f0f add01f10
0340640 add01f11 add01f12 add01f13 add01f14
0340660 add01f15 add01f16 add01f17 add01f18
0340700 add01f19 add01f1a add01f1b add01f1c
0340720 add01f1d add01f1e ff000134 00000020
0340740 00000002 a29d06a9 00000001 deadbeef
0340760 f0000002 a29d0695 280a7111 00000000
0341000 00000134 00001f48 a0100480 21f4213b
0341020 21f621fa 21fd21fc 21f721f7 21ef21ee
0341040 21ed21e6 21ec21ee 21f421ef 220121f5
0341060 21fd21ff 21f621f7 21fb21fd 21ef21f4
0341100 21f421ef 21ef21ed 21f921f8 21ff21fc
0341120 21f321f2 21f121f2 21ff21f6 21f821f8
0341140 21fa21fd 21f92200 21fc21f5 21f421f8
0341160 21fa21fb 21f521fa 21fe2207 220221fe
0341200 22062206 21f921ff 21fb2202 22052204
0341220 21fc21fd 21f921f5 21fd21fa 21fe21fd
0341240 21f621f9 21fd21fb 21fb21fd 22052204
0341260 22042208 220b21ff 22042212 22092206
0341300 220d220c 2208220c 2207220c 22052207
0341320 22042203 22012207 22052208 21ff2205
0341340 220621fe 22052206 2204220b 220b220f
0341360 22102212 220e220c 220c220c 2211220d
0341400 22132213 22112214 22132212 220d2214
0341420 220c2214 22102211 22192214 220b2213
0341440 220f2205 21fe2207 22122209 22072207
0341460 220f2209 22102211 20a6219a 1f0d1fc4
0341500 1e261e86 1dcd1def 1db11dbc 1da61dab
0341520 1daf1da9 1da91dac 1db31dab 1da91da7
0341540 1da61da9 1da81da7 1da21d9e 1da61d9e
0341560 1da11da1 1da01d9f 1daa1da2 1da51da3
0341600 1da31da3 1da11da4 1d9b1d9f 1d991d9b
0341620 1d9f1da0 1da91da6 1da51da7 1daf1daa
0341640 1dab1dab 1da21da7 1da41da1 1da81da4
0341660 1da71da5 1da31da8 1daa1da2 1da61da4
0341700 1da51d9e 1da81da6 1da91da9 1db11db2
0341720 1db21db3 1db01da7 1daa1da9 1daa1daa
0341740 1dad1dae 1db71db4 1db81dbd 1daa1db6
0341760 1db51db5 1db31dae 1db31db1 1db21db5
0342000 1db31db9 1db91dbc 1db91db8 1dbc1db6
0342020 1dbc1db6 1db21dbd 1dbd1dbc 1dbf1dbe
0342040 1dbb1db9 1db61dbd 1dbb1dbc 1db81db9
0342060 1dbe1db6 1dbe1dbc 1dc41dc0 1dbc1dbf
0342100 1dc31dc4 1dc31dc2 1dc11dc0 1dc31dc3
0342120 1dbe1dc4 1dc01dbf 1dc41dc1 1dc11dc0
0342140 1dc81dcb 1dc41dc3 1db51dc1 1dc11dbe
0342160 1dbf1dbb 1dc91dc6 1dcc1dcf 1dc51dcc
0342200 1dc61dc4 1dcb1dc9 1dc21dc9 1dc51dc4
0342220 1dcd1dc6 1dcc1dd0 1dcc1dc9 1dc71dc9
0342240 1dcc1dce 1dcd1dc8 1dc81dc9 1dcc1dc8
0342260 1dcf1dca 1dd41dd0 1dd41ddb 1dd01dcf
0342300 1dd41dd3 1dd21dd3 1dd31dd7 1dce1dd0
0342320 1dcf1dcb 1dd31dd0 1dda1dce 1dcf1dd3
0342340 1dc91dd3 1dcb1dcf 1dcc1dc8 1dcf1dcf
0342360 1dc51dcb 1dca1dcc 1dc01dc1 1dc41dcf
0342400 1dc61dc5 1dc21dc1 1dbf1dbf 1dd31dca
0342420 1dcb1dd1 1dcf1dcd 1dc81dc7 1dc11dce
0342440 1dbe1dcc 1dc81dbb 1dcc1dc4 1dca1dcc
0342460 1dd21dd0 1dd31dd4 1dd01dcd 1dc41dcc
0342500 1dd21dcc 1dce1dd3 1dce1dcc 1dce1dcc
0342520 1dca1dca 1dcb1dc7 1dc31dcc 1dc91dc0
0342540 1dc71dc2 1dc91dc9 1dcb1dc6 1dcf1dcd
0342560 1dc51dc8 1dcd1dcb 1dcf1dcc 1dcf1dd0
0342600 1dcf1dd4 1dd01dce 1dd01dc8 1dd31dd8
0342620 1dcb1dd3 1dce1dd4 1dd11dd2 1dcc1dcb
0342640 1dcb1dcc 1dcc1dcf 1dd71dd0 1ddb1dd5
0342660 1dd01dd9 1dd41dd1 1dcb1dd8 1dd51dce
0342700 1dcd1dce 1dd21dd6 1dd81dd6 1dd11dde
0342720 1dd11dd9 1dd81dce 1dd71dd4 1dd61dde
0342740 1dd31dd4 1de11de0 1ddf1ddc 1ddd1de1
0342760 1dde1ddb 1dd41de1 1dda1dde 1ddf1dd9
0343000 1dde1de3 1dd21ddf 1dd81ddd 1dd41dd5
0343020 1dde1dd8 1de41dda 1de21ddd 1ddc1ddb
0343040 1de61ddf 1dea1de3 1deb1de6 1deb1deb
0343060 1def1def 1dea1ded 1de91de4 1df21de5
0343100 1dec1ded 1df21df0 1def1df6 1df11dee
0343120 1ded1dee 1df21deb 1df91df2 1df71df8
0343140 1dfc1dfe 1e031dfd 1dfd1dfd 1df61e05
0343160 1dfe1e03 1e001e07 1dfe1dfc 1df61df4
0343200 1deb1df7 1dfb1df3 1e011dfd 1e051e02
0343220 1e041e08 1e071e0e 1dfd1e06 1e001e05
0343240 1e0b1e05 1e0e1e06 1e061e08 1e111e0b
0343260 1e191e10 1e161e17 1e191e18 1e171e1c
0343300 1e0e1e14 1e171e11 1e1b1e10 1e191e14
0343320 1e1b1e16 1e151e1c 1e1c1e19 1e241e20
0343340 1e221e23 1e251e1f 1e2c1e25 1e281e26
0343360 1e281e25 1e341e36 1e321e37 1e381e33
0343400 1e3b1e40 1e301e30 1e2d1e33 1e2a1e2d
0343420 1e2f1e28 1e371e2e 1e371e2f 1e361e35
0343440 1e361e35 1e3b1e37 1e381e36 1e3d1e37
0343460 1e3e1e3b 1e341e39 1e3c1e38 1e3a1e36
0343500 1e441e3f 1e411e42 1e3f1e3e 1e491e45
0343520 1e4e1e45 1e4b1e43 1e4e1e46 1e531e51
0343540 1e561e53 1e591e51 1e511e53 1e531e53
0343560 1e541e50 1e4d1e4c 1e541e51 1e5d1e51
0343600 1e5f1e5d 1e621e5e 1e601e5e 1e591e61
0343620 1e591e5d 1e671e59 1e5e1e63 1e5b1e5f
0343640 1e651e63 1e5f1e5e 1e711e62 1e6a1e6e
0343660 1e651e6f 1e661e6a 1e6a1e63 1e621e65
0343700 1e691e67 1e711e6c 1e741e68 1e711e6d
0343720 1e711e73 1e6f1e74 1e731e72 1e711e71
0343740 1e721e74 1e7a1e7a 1e7a1e7f 1e781e80
0343760 1e831e82 1e821e7f 1e751e78 1e781e76
0344000 1e771e75 1e791e75 1e7a1e7a 1e7b1e7b
0344020 1e7e1e83 1e7c1e7f 1e791e7a 1e7f1e77
0344040 1e771e79 1e791e76 1e811e86 1e831e85
0344060 1e8b1e8b 1e811e89 1e831e80 1e7f1e88
0344100 1e811e80 1e881e80 1e7f1e87 1e881e8c
0344120 1e8b1e8b 1e891e8c 1e871e91 1e8c1e89
0344140 1e8a1e8c 1e8c1e8c 1e8c1e8c 1e8c1e8b
0344160 1e961e96 1e931e97 1e8f1e96 1e961e8a
0344200 1e921e97 1e9f1e92 1e901e95 1e981e9a
0344220 1e961e99 1e941e93 1e8d1e96 1e961e9b
0344240 1e951e97 1e971e8d 1e971e96 1e8e1e92
0344260 1e8c1e8c 1e8c1e8f 1e931e8b 1e931e94
0344300 1e901e99 1e921e91 1e971e91 1e991e9b
0344320 1e9b1e98 1e981e95 1e961e99 1e9a1e9b
0344340 1e911e9b 1e991e91 1e991e92 1e9a1e93
0344360 1e8f1e94 1e921e98 1e9d1e9d 1e981e99
0344400 1e961e95 1e921e9d 1e921e91 1e951e8f
0344420 1e921e8e 1e921e94 1e931e91 1e921e93
0344440 1e991e99 1e8e1e93 1e941e94 1e9e1e9f
0344460 1e9c1ea2 1e9a1e9b 1ea31e99 1e931ea0
0344500 1e9e1e98 1e971e9a 1e9c1e95 1e9a1e9c
0344520 1e9d1e9c 1ea01e9d 1e9b1e97 1ea41e9d
0344540 1e9b1e99 1e8f1e9b 1e981e94 1e941e91
0344560 1e8f1e92 1e901e94 1e8d1e8f 1e8b1e8d
0344600 1e8c1e8c 1e8d1e89 1e891e8f 1e8c1e89
0344620 1e871e89 1e951e90 1e8e1e91 1e931e93
0344640 1e981e91 1e971e95 1e8e1e95 1e8c1e8c
0344660 1e951e96 1e8b1e8c 1e901e93 1e8b1e8a
0344700 1e8c1e8f 1e8d1e8b 1e8f1e90 1e881e8f
0344720 1e871e8c 1e841e8d 1e8a1e88 1e881e8c
0344740 1e881e90 1e921e8b 1e941e91 1e911e8b
0344760 1e911e8e 1e8b1e84 1e911e8a 1e861e87
0345000 1e921e8c 1e8c1e8d 1e8b1e8d 1e8a1e86
0345020 1e801e88 1e851e85 1e841e82 1e971e8a
0345040 1e901e90 1e8e1e90 1e8c1e86 1e7f1e81
0345060 1e811e86 1e871e84 1e7d1e82 1e851e81
0345100 1e8b1e87 1e891e8f 1e891e8a 1e8d1e87
0345120 1e901e8f 1e831e8e 1e861e86 1e8a1e85
0345140 1e8a1e88 1e8d1e89 1e871e8e 1e881e8a
0345160 1e881e8b 1e8c1e88 1e931e98 1e961e90
0345200 1e8e1e93 1e931e8e 1e991e93 1e911e95
0345220 1e931e97 1e901e98 1e901e91 1e901e8c
0345240 1e8e1e8a 1e921e95 1e931e8e 1e9b1ea0
0345260 1e981e98 1e9a1e95 1e9c1e9d 1e991ea2
0345300 1ea31e9d 1ea51ea8 1ea31ea7 1ea21ea1
0345320 1ea51ea2 1ea31ea0 1ea01ea0 1ea41e9f
0345340 1ea01ea9 1ea01ea3 1e9e1e9a 1ea81ea7
0345360 1eac1eb0 1eac1eb0 1eae1eaf 1eae1eb1
0345400 1eb01ea5 1eae1ead 1eab1eb0 1eaf1eab
0345420 1ea91eaa 1eb31ea9 1eb21eb5 1eb21eb1
0345440 1eb91eb6 1eb71eb7 1ebe1eb2 1eb61eba
0345460 1eb51ebc 1eb31eb9 1ebc1eb9 1ec41ebe
0345500 1ec01ec2 1eb81ebe 1ec01ebb 1ec11ec0
0345520 1ec71ebd 1ec51ec4 1ec41ec9 1eca1ec6
0345540 1ed21eca 1eca1ecf 1ed41ecc 1ec81eca
0345560 1ed21ecd 1ed71ed2 1ed31ece 1edb1ed1
0345600 1eda1ee1 1ede1ed7 1ed51eda 1ee21edc
0345620 1ee51ee2 1edf1edb 1ee31ee5 1ef21ee5
0345640 1eef1ee7 1eed1ee7 1ee51ee5 1ee61ee4
0345660 1eed1ee7 1eee1eed 1ef51eea 1efc1ef8
0345700 1efc1efe 1efd1ef9 1ef51ef2 1ef91efc
0345720 1ef31efa 1efe1f02 1f021eff 1f0a1f07
0345740 1f071f0a 1f131f09 1f0f1f11 1f051f0a
0345760 1f081f03 1f0c1f11 1f111f0c 1f121f13
0346000 1f0b1f0b 1f0d1f08 1f141f0f 1f0d1f13
0346020 1f171f18 1f171f10 1f1e1f15 1f1b1f1f
0346040 1f1a1f20 1f171f20 1f241f1b 1f1e1f1b
0346060 1f231f1c 1f1f1f2f 1f2f1f2d 1f331f38
0346100 1f241f26 1f2b1f28 1f261f2a 1f311f2d
0346120 1f411f37 1f3d1f40 1f3f1f3e 1f361f3b
0346140 1f2d1f36 1f351f2c 1f371f33 1f381f36
0346160 1f2d1f2f 1f301f33 1f2a1f30 1f371f30
0346200 1f381f34 1f3a1f3b 1f411f3b 1f3a1f41
0346220 1f3f1f39 1f461f43 1f401f45 1f431f41
0346240 1f481f43 1f4d1f4d 1f471f4b 1f491f43
0346260 1f481f4a 1f471f49 1f431f47 1f441f3d
0346300 1f401f40 1f431f49 1f451f4b 1f451f47
0346320 1f4d1f4a 1f4e1f49 1f4e1f4c 1f491f49
0346340 1f511f51 1f531f56 1f541f55 1f4d1f59
0346360 1f561f55 1f551f50 1f591f56 1f5a1f57
0346400 1f581f57 1f4d1f51 1f551f52 1f5a1f5d
0346420 1f591f5a 1f5a1f5b 1f5c1f59 1f601f5b
0346440 1f601f62 1f5d1f5c 1f5c1f5f 1f5d1f5c
0346460 1f5e1f5a 1f5c1f60 1f591f59 1f581f5d
0346500 1f591f54 1f5b1f5c 1f5e1f5e 1f5a1f58
0346520 1f631f60 1f601f5e 1f631f5c 1f5f1f60
0346540 1f611f61 1f5b1f5e 1f621f5e 1f611f66
0346560 1f611f60 1f5d1f60 1f621f64 1f5d1f5d
0346600 1f641f5a 1f631f66 1f5d1f5d 1f601f64
0346620 1f5c1f62 1f621f64 1f671f69 1f5d1f5d
0346640 1f691f65 1f611f62 1f641f5f 1f5b1f5c
0346660 1f631f64 1f5d1f60 1f611f67 1f681f67
0346700 1f601f65 1f581f61 1f5b1f61 1f5b1f59
0346720 1f611f56 1f5e1f64 1f5b1f63 1f5a1f60
0346740 1f591f60 1f5f1f59 1f591f58 1f5b1f5c
0346760 1f581f56 1f5f1f53 1f5f1f63 1f5d1f5d
0347000 1f521f55 1f601f58 1f541f5c 1f4c1f45
0347020 1f591f4f 1f4c1f54 1f531f53 1f501f4b
0347040 1f4d1f4b 1f501f4d 1f581f4f 1f531f5c
0347060 1f4d1f50 1f471f48 1f491f48 1f491f52
0347100 1f531f52 1f4e1f4e 1f491f4a 1f491f46
0347120 1f441f4d 1f481f47 1f4b1f48 1f461f4b
0347140 1f4b1f4b 1f411f4a 1f471f43 1f401f42
0347160 1f441f41 1f411f44 1f481f45 1f3e1f46
0347200 1f3a1f40 1f431f42 1f3f1f48 1f421f43
0347220 1f421f46 1f461f41 1f401f42 1f391f37
0347240 1f381f3b 1f411f3a 1f461f45 1f441f45
0347260 1f431f3f 1f391f43 1f411f42 1f321f3c
0347300 1f381f2f 1f351f36 1f361f30 1f391f34
0347320 1f341f35 1f381f39 1f451f3d 1f361f43
0347340 1f391f3b 1f361f35 1f381f37 1f3e1f3b
0347360 1f331f35 1f3f1f39 1f3f1f43 1f3e1f3a
0347400 1f3b1f41 1f3b1f3b 1f361f39 1f3a1f3a
0347420 1f3b1f3c 1f401f3a 1f3d1f45 1f421f43
0347440 1f481f40 1f431f45 1f431f44 1f421f42
0347460 1f411f47 1f3c1f3d 1f431f3e 1f421f3a
0347500 1f3e1f3f 1f461f49 1f471f45 1f4a1f4a
0347520 1f481f49 1f4f1f4a 1f531f4a 1f521f52
0347540 1f501f4e 1f451f4b 1f3f1f45 1f421f43
0347560 1f441f3f 1f481f41 1f491f49 1f4b1f4d
0347600 1f481f50 1f4c1f49 1f4f1f51 1f441f4a
0347620 1f4f1f4a 1f531f49 1f5b1f50 1f581f58
0347640 1f581f59 1f4f1f56 1f581f55 1f5e1f5a
0347660 1f541f54 1f581f59 1f561f5e 1f581f62
0347700 1f571f56 1f541f59 1f5b1f5a 1f631f5d
0347720 1f601f5a 1f641f67 1f641f63 1f651f63
0347740 1f691f69 1f681f6f 1f671f63 1f6d1f67
0347760 1f681f74 1f631f68 1f6d1f6b 1f731f72
0350000 1f741f69 1f7f1f7a 1f711f76 1f7e1f83
0350020 1f7a1f7d 1f7e1f7a 1f781f7a 1f741f75
0350040 1f7f1f82 1f7e1f82 1f8b1f88 1f8a1f8c
0350060 1f8d1f8e 1f8e1f92 1f931f94 1f8c1f8a
0350100 1f8e1f87 1f901f8b 1f891f90 1f911f8c
0350120 1f8f1f90 1f991f95 1f911f94 1f931f93
0350140 1f951f8b 1f9b1f92 1f9f1f9e 1f9f1fa5
0350160 1fa11fa2 1fa01f9d 1fa71faa 1fa01fa7
0350200 1fa51fa1 1fac1fa9 1fad1fac 1fb41faf
0350220 1faf1fb6 1fae1fb0 1fa61fa7 1faf1faa
0350240 1fb31fb8 1fba1fb7 1fba1fb1 1fb61fba
0350260 1fbe1fb4 1fc91fbf 1fc31fc1 1fc11fc5
0350300 1fc11fc4 1fc31fbe 1fc81fc6 1fc31fc2
0350320 1fc21fc1 1fc21fc9 1fc81fc8 1fc21fca
0350340 1fc71fc3 1fc81fc7 1fcc1fca 1fcb1fca
0350360 1fce1fd0 1fce1fce 1fcf1fd1 1fcf1fd5
0350400 1fd41fd5 1fc91fd3 1fcc1fc9 1fcb1fd1
0350420 1fcf1fce 1fcb1fcb 1fd41fce 1fd51fd5
0350440 1fd31fd4 1fdf1fd9 1fdc1fdc 1fda1fda
0350460 1fd91fd2 1fdc1fd8 1fe11fdf 1fe11fe2
0350500 1fdf1fdc 1fe31fd8 1fd91fe0 1fe51fe4
0350520 1fe21fe9 1fe71fe0 1fea1fe1 1fe21fec
0350540 1fe51fe0 1fe51fe4 1fef1fec 1fe71fe8
0350560 1fec1fee 1ff91fef 1ff01fed 1fed1fec
0350600 1ff91ff1 1ff11ff1 1ff11ff5 1fee1ff6
0350620 1ff61feb 1ff91ff2 1ff81ffd 20012003
0350640 20001fff 20032005 1ffc1ffc 1ffb1ff9
0350660 1ffd1ffa 1ff61ffa 1ff91ff5 1fff1ffd
0350700 1ffd1ffe 20052003 20012003 20001ffd
0350720 20021ffe 1fff2007 1ff91fff 1ff91ffd
0350740 1ff41ffc 1ff61ff7 20021ff9 20052000
0350760 20012004 20021ffd 1ffc1ffc 1ffc1ff9
0351000 1fff1ffe 1ffa1ffc 1ff91ffa 1ff81ff7
0351020 1ff81ffc 1ffa2000 1ff51ff1 1ff71ff1
0351040 1ffc1ff8 1ff11ffb 1ff41ff2 20031ff7
0351060 20002004 20062001 20041ffd 1ffc1ffd
0351100 1fff2001 1ff81ffd 1ffb1ff5 1ffc1ffb
0351120 1ffc2005 1ff91ffa 1ff91ffd 1ff71ff5
0351140 1ff51ffc 1ffd1ffb 1fff1ff6 1ffa1ff9
0351160 1ffc1ff9 1ff41ff8 1ff31ff2 1ff31fee
0351200 1ff51ff6 1fef1ff4 1fec1ff5 1feb1ff0
0351220 1ff01ff1 1fe81fe2 1fea1fef 1fe21fe6
0351240 1fed1fed 1fee1fec 1ff01fe8 1fe71fef
0351260 1fe81fe8 1feb1feb 1fe41fe9 1fe61fe0
0351300 1fe51fe4 1fe11fe4 1fe71fe5 1fe71fe4
0351320 1fe41fe7 1fe31fe2 1fe51fe5 1fde1fde
0351340 1fda1fe6 1fd51fdb 1fd71fda 1fd61fd4
0351360 1fe41fe4 1fda1fda 1fd51fd7 1fd51fd7
0351400 1fd21fd6 1fd71fd7 1fd31fcf 1fd11fd4
0351420 1fd71fd4 1fd81fd8 1fd41fd4 1fd81fd3
0351440 1fdd1fd3 1fde1fde 1fd51fdb 1fcd1fd6
0351460 1fcd1fcc 1fce1fd2 1fd41fd4 1fc41fce
0351500 1fcc1fc7 1fcc1fc8 1fd11fcd 1fcc1fca
0351520 1fcd1fc7 1fce1fce 1fc51fce 1fcb1fce
0351540 1fc51fcf 1fcc1fc5 1fd01fd1 1fce1fce
0351560 1fc31fc1 1fc21fbf 1fc41fc8 1fc41fc6
0351600 1fc41fc5 1fcc1fc1 1fca1fc2 1fc01fc6
0351620 1fce1fc9 1fc21fc5 1fca1fc5 1fc51fc7
0351640 1fca1fc1 1fc81fca 1fc11fc1 1fc21fc1
0351660 1fbe1fc0 1fc41fc5 1fc71fc4 1fcd1fc7
0351700 1fc71fc3 1fc01fbc 1fc21fbf 1fc81fca
0351720 1fcd1fc7 1fc61fc6 1fc91fc5 1fcd1fd7
0351740 1fc41fc3 1fcd1fc9 1fc81fc0 1fcd1fce
0351760 1fcc1fcf 1fc71fca 1fd01fc8 1fd11fcd
0352000 1fcc1fd0 1fc31fc7 1fc41fca 1fc81fcb
0352020 1fcc1fc7 1fc51fcc 1fcb1fca 1fcf1fcb
0352040 1fcc1fd0 1fd21fcd 1fd31fd1 1fd11fcd
0352060 1fd01fce 1fcc1fcf 1fcf1fcb 1fd21fcc
0352100 1fd61fd7 1fd71fd9 1fd61fd9 1fdd1fd8
0352120 1fdb1fe2 1fdb1fde 1fd61fd7 1fda1fd2
0352140 1fdc1fda 1fe11fdd 1fe11fe4 1fdd1fdf
0352160 1fdc1fdf 1fea1fdb 1fe01fe2 1fe31fe6
0352200 1fe11fee 1fee1fea 1feb1fe3 1ff21fe5
0352220 1fe61fe4 1fe31fe6 1fe61fe7 1fe41fe5
0352240 1fef1fe7 1fef1ff2 1fed1fef 1fea1ff0
0352260 1ff51fe9 1ff71ff1 1fe81ff9 1ff11ff4
0352300 1ff41fed 1ff61ff3 1ff91ff4 20012002
0352320 1ffd1ffb 1fff1ffc 20011ffb 1fff2004
0352340 1ffe2007 20021ffe 20082005 20092008
0352360 20092003 200c200d 20012009 200e2004
0352400 200f200c 20132008 20112015 200f2017
0352420 2011200e 20142014 201d2016 2020201c
0352440 2016201f 20122013 20162015 201a2016
0352460 20242022 201d201e 201a2020 20202021
0352500 20212022 20272025 201b2023 202a2028
0352520 20252025 20232028 202c2028 202f202f
0352540 2027202c 202d2027 2032202c 20342037
0352560 20312031 202d2030 20322028 202e2031
0352600 20382036 202f2037 2031202e 2035202b
0352620 20372038 20362037 203e2041 2041203e
0352640 2041203e 2038203a 20402041 20472042
0352660 203b203f 20452043 2046204a 20472047
0352700 2047204b 204a204a 20542053 204b204b
0352720 2051204a 204b2050 204e2051 204f204b
0352740 2049204f 204c204f 204e204c 20552050
0352760 20572055 204d2053 2057204a 205d2055
0353000 20602066 205b2061 205d205b 205d2058
0353020 20622064 2061205a 2061205e 205a205b
0353040 2058205d 20652060 206b206d 206e2067
0353060 206a2069 20642068 2065206e 20662066
0353100 206f206b 206d2071 2063206a 20682064
0353120 206f206a 206f206a 206f206c 20712073
0353140 20742071 206b2066 206e2070 206f206c
0353160 2064206d 206d206c 206c206b 2072206f
0353200 20742071 2073206a 206f2070 20702071
0353220 206e206c 20722071 207e207c 2076207d
0353240 20782083 207b2075 206d2073 206c2071
0353260 206b2071 2071206d 2070206d 20732071
0353300 206c206a 20702070 20712071 20762073
0353320 20712073 20702075 20702071 20772071
0353340 20772071 20712072 20732076 20742077
0353360 20712072 20712070 20742076 20792079
0353400 2073206d 20732071 206f2072 20712074
0353420 2074206e 20702071 20662066 20712070
0353440 20672068 2069206d 206d2068 2071206e
0353460 20682067 20602065 20672067 20602068
0353500 2066205a 20632063 2066206b 2063206a
0353520 206b206f 206b206e 206d2068 2064206a
0353540 20672067 20652060 20732067 2071206c
0353560 20612064 20622064 205c2060 205a2062
0353600 2066205d 20642061 20612066 2064206a
0353620 205f2064 205f2059 205d205b 2066205e
0353640 205e2069 205d2063 205b2057 205a205e
0353660 2056205a 2050205a 20542052 2058204d
0353700 204e2059 205f2052 204f2059 204b204d
0353720 20542049 205c2055 205a2057 205a2063
0353740 205c205b 205d2059 2058205c 20592053
0353760 204f2053 20512049 2056204f 20532058
0354000 20522055 204b204f 20562051 2053204d
0354020 204f204f 20512052 20502054 20562053
0354040 20562056 20532058 20512052 2049204f
0354060 20522057 204f2048 2054204b 20522049
0354100 2054205d 2053204f 204b204b 204f204c
0354120 20542055 204a204e 204c204a 2050204a
0354140 204b204f 2055204b 2050205b 20562054
0354160 205b205a 20532058 204d2047 204e204c
0354200 20572050 20572058 205c2050 205b205a
0354220 205d205b 20592058 20532054 20572053
0354240 2057205d 205e205a 205c205e 2058205b
0354260 205d205a 205e2060 2059205f 2059205b
0354300 205e205b 20592057 205c2059 2052205a
0354320 205a205b 20552058 2055205e 20592057
0354340 205d205f 2057205c 205b2058 2055205a
0354360 205f2056 205d2068 20612062 20682062
0354400 2057205e 205f205e 206c2072 20642060
0354420 20672067 20642068 205d2064 20612067
0354440 206c206e 206d2068 2067206c 2073206e
0354460 206d2074 2074206c 20732074 20712072
0354500 20732074 207d2076 207b207b 207c2077
0354520 207a207d 207f2079 207c2084 20792074
0354540 2080207e 207b207e 20802075 207b207b
0354560 207c207e 207a207b 20812080 20842086
0354600 20872087 2080207d 208a2083 20802081
0354620 208f2085 208e2090 20872088 20962090
0354640 208f2091 208d2094 20912097 20862086
0354660 20812082 207d207c 208b2082 208f208e
0354700 208a208d 20912090 208e208c 2088208d
0354720 208b208d 208d2088 20922089 2090209b
0354740 20982093 209a209c 20912095 209e2097
0354760 20a320a0 209d20a2 20a1209b 20a0209e
0355000 20a3209d 209e209e 20a420a5 20a220a1
0355020 20a720a9 20a520a6 20a120a4 20a620a5
0355040 20a720a4 20a720a5 20ac20a7 20a520a5
0355060 20ac20ac 20ac20b8 20ad20b1 20ac20af
0355100 20a720a7 20aa20a5 20ac20ab 20a520a3
0355120 20b920b0 20b020b2 20b720b4 20b720b9
0355140 20b620bb 20b720bb 20be20b6 20b920b9
0355160 20bd20b6 20b520b8 20b320b9 20b720b1
0355200 20b620b6 20bb20b9 20b820bc 20be20bc
0355220 20bb20c4 20ba20c2 20c320c3 20c820cb
0355240 20be20c2 20c420c3 20c720cc 20c220c0
0355260 20cf20cb 20c220ca 20c620c8 20c520ca
0355300 20c120c6 20c620c4 20c920c7 20c920cc
0355320 20ce20cd 20d220cb 20d220d3 20cb20d0
0355340 20ce20d2 20d320ce 20d420d3 20cf20ce
0355360 20d820d5 20d220de 20d920cf 20cd20d0
0355400 20cc20c9 20d120d4 20d320d0 20d420cb
0355420 20cc20cf 20c720cb 20d620cf 20cf20d1
0355440 20d320d2 20d820d9 20cd20d3 20d620d0
0355460 20db20d8 20d820d3 20d020d3 20db20d4
0355500 20dd20d8 20dd20d8 20d620da 20e020d9
0355520 20d720dd 20dc20db 20d220da 20d420d8
0355540 20d320d1 20d920db 20e120db 20dc20e0
0355560 20d520de 20d420db 20d820d7 20d720d2
0355600 20d320d5 20ce20d7 20d020d8 20da20d6
0355620 20db20cc 20d220dd 20c220d0 20cd20c8
0355640 20d120ca 20da20d0 20d620d4 20d120cc
0355660 20cd20d5 20d020cf 20d520d4 20ca20cf
0355700 20cb20cf 20d820db 20d220cf 20d220d1
0355720 20cd20d1 20cc20cf 20d720cf 20d720d2
0355740 20d820d6 20d620d3 20d120d2 20ca20cf
0355760 20ce20d0 20cc20ca 20ce20d1 20cd20cf
0356000 20c820c8 20c120c3 20c520c0 20bb20c1
0356020 20c120c0 20c320c4 20ce20cb 20ca20c6
0356040 20c720cb 20c220c8 20c020c8 20c220c3
0356060 20c420bd 20c120c3 20c720c6 20c220c2
0356100 20c720c5 20c220c3 20c920cf 20c320c5
0356120 20c920c5 20c220c2 20c120be 20ce20c9
0356140 20c120c4 20bd20c0 20bf20bb 20c120b8
0356160 20bf20bf 20c020bd 20c320c2 20c220c1
0356200 20c820c2 20c720c1 20c220c5 20be20c9
0356220 20b620bc 20bb20b6 20b120bb 20b520b8
0356240 20b420b3 20b220bb 20b520b3 20c220b4
0356260 20c020c1 20b520b7 20af20b9 20b720b0
0356300 20b820bc 20bb20b6 20bb20c0 20bb20c2
0356320 20c720c6 20c420c7 20bc20c3 20bc20be
0356340 20bc20bb 20b020bc 20bb20b5 20b820bf
0356360 20c120bc 20c120bc 20be20b7 20ba20b8
0356400 20b720b7 20b820b8 20c120b9 20c320c2
0356420 20c320c5 20c320c3 20c420c7 20c220bd
0356440 20b920bd 20c120bf 20bc20be 20c020c0
0356460 20be20bb 20bf20bd 20bd20b8 20c120bb
0356500 20cb20be 20c720cc 20c420c7 20c120c8
0356520 20c820c5 20ce20cf 20bb20c3 20bd20c0
0356540 20bc20be 20c020cb 20c920cb 20c620cb
0356560 20cc20cb 20c020c6 20ca20d1 20cd20ca
0356600 20be20c1 20c120c1 20c620c6 20ce20ce
0356620 20c620ca 20c520c3 20cb20be 20d120c9
0356640 20cc20cd 20c720cf 20d320cb 20cf20d0
0356660 20d220d3 20d320d0 20cf20d0 20d020cd
0356700 20dc20cf 20db20d8 20dd20df 20dd20e1
0356720 20d620d8 20d920d2 20d120d3 20d620ce
0356740 20d820dc 20df20de 20e420d7 20d720de
0356760 20db20d9 20da20de 20db20de 20da20db
0357000 20dc20d9 20d920db 20eb20e2 20dd20e2
0357020 20dc20d9 20d720de 20db20db 20de20e4
0357040 20e920e7 20ea20e8 20ee20f0 20eb20ea
0357060 20e620dc 20e520e7 20e320df 20e420e6
0357100 20dc20e6 20e420e6 20e920e6 20e620e2
0357120 20eb20eb 20ee20f3 20f020f4 20f120f3
0357140 20ea20ea 20ed20e2 20ef20f1 20eb20f5
0357160 20ef20f3 20f420ef 20ef20f2 20f420f1
0357200 20f020f2 20f820f3 20f620ef 20fa20fe
0357220 20f920f2 20fd20f7 20f520fb 20ff20f9
0357240 20f620fe 20f720f9 20fd20fe 20fe20f6
0357260 20fe20f8 21042104 20fd2103 210020f9
0357300 20f720fc 210320f9 20fe20ff 20fc2100
0357320 20ed20fb 20ff20f3 20f720fa 210020f8
0357340 20ff20fa 21022104 21032103 210220fb
0357360 21082105 21032103 21082104 210d2109
0357400 21072109 210c210c 210d2109 21082110
0357420 210f210b 2112210d 210a2110 210d2109
0357440 2107210b 21012104 210c2105 2105210a
0357460 210a2106 21032100 210c2108 21092105
0357500 21082101 210a2107 210e210e 2114210f
0357520 21152111 210e210f 21122114 21112113
0357540 211b2115 211e2115 21102116 21102110
0357560 21132113 21192115 21142115 211a211d
0357600 2114211a 21232127 211d2122 211b211c
0357620 21192116 21152111 21112118 21112110
0357640 2117210c 210e2113 21192114 211a2120
0357660 2116211c 21172117 211d211c 211e211c
0357700 2121211e 2120211e 21212121 211b211b
0357720 211b2120 2118211f 211c2119 211e2113
0357740 2116211b 21212120 2120211d 21172120
0357760 21142115 21192118 21152119 21172117
0360000 21162111 210b210e 210c2109 210e210f
0360020 2111210d 21122110 21112112 21172117
0360040 210b2117 2115210e 21132109 2112210f
0360060 21152111 21112118 2115211c 2110210f
0360100 2112210c 210c2119 21102110 2116210f
0360120 21132110 21172112 210f2118 21182112
0360140 210b2116 210c2108 2110210c 21102113
0360160 210f2114 210b2112 210a2112 2105210b
0360200 21052107 210a210a 2105210c 210b2109
0360220 210c2108 21052109 210b210a 210b210b
0360240 21152113 210f2111 21092105 210a2104
0360260 21102113 210b210d 210d210b 2107210c
0360300 21052106 21062100 21112107 21022107
0360320 21132111 2111210f 210d210e 21072105
0360340 21022106 20fd2108 210e2109 21092112
0360360 210a210a 2110210e 2107210c 210d210f
0360400 2117210b 210d2116 210a210b 2108210b
0360420 210b2107 2104210f 2110210b 210e2114
0360440 210e210f 2111210d 21142114 210c2114
0360460 210f2110 2114210e 21132112 210e2118
0360500 210c210b 21102108 2108210c b0100480
0360520 00000f54 0001000a 00010000 03b16004
0360540 00000ffc 0001000a 1400003c add01f00
0360560 add01f01 add01f02 add01f03 add01f04
0360600 add01f05 add01f06 add01f07 add01f08
0360620 add01f09 add01f0a add01f0b add01f0c
0360640 add01f0d add01f0e add01f0f add01f10
0360660 add01f11 add01f12 add01f13 add01f14
0360700 add01f15 add01f16 add01f17 add01f18
0360720 add01f19 add01f1a add01f1b add01f1c
0360740 add01f1d add01f1e ff000134 00000020
0360760 00000002 a2e051c6 00000001 deadbeef
0361000 f0000002 a2e051b2 270aa31c 00000000
0361020 00000134 00001f48 a0110481 220e2111
0361040 221b2215 22142215 22212214 2210221b
0361060 220c2215 2218221e 22132212 2214220d
0361100 220a220f 2212220e 22142214 220f2210
0361120 221b220f 2215221c 221a2212 22122213
0361140 220f2216 22142212 22092210 22142211
0361160 22182211 22112217 2213220f 22132214
0361200 22102212 220d220d 2210220e 22182218
0361220 2217221d 22152216 220f2214 220d2213
0361240 2212220b 2212220d 22152215 22102216
0361260 22072212 22142211 221c2218 2214221a
0361300 22132218 221c2214 22132213 22182216
0361320 22112216 22152211 220e2213 221d2210
0361340 220c2210 2207220e 220f2218 22172215
0361360 2219221c 22102218 220c2216 2215220a
0361400 221b2216 22182214 22152217 221d2218
0361420 221f2218 22132214 22172216 2206220a
0361440 220a2207 220f220f 22102211 220e220a
0361460 2206220d 22012206 22092206 2204220b
0361500 22082207 2202220a 218b2204 1fb0209e
0361520 1e621ef4 1dd21e07 1da11dad 1d861d91
0361540 1d851d85 1d7e1d82 1d7b1d7a 1d741d84
0361560 1d721d78 1d681d78 1d6f1d6e 1d761d6e
0361600 1d721d70 1d6c1d6e 1d731d78 1d7b1d73
0361620 1d6c1d73 1d6e1d71 1d711d6e 1d681d76
0361640 1d661d67 1d641d68 1d641d6c 1d691d6f
0361660 1d6f1d79 1d6c1d69 1d721d67 1d6b1d70
0361700 1d6d1d6c 1d6d1d73 1d671d6c 1d6c1d63
0361720 1d661d69 1d631d64 1d681d61 1d6a1d6b
0361740 1d671d66 1d681d64 1d651d66 1d681d65
0361760 1d6e1d5f 1d711d6e 1d6a1d70 1d741d69
0362000 1d741d75 1d6a1d74 1d6b1d68 1d701d6e
0362020 1d721d6c 1d701d77 1d731d70 1d751d75
0362040 1d6d1d6e 1d741d6f 1d6f1d75 1d731d6e
0362060 1d701d6f 1d701d72 1d751d77 1d6e1d73
0362100 1d761d70 1d771d75 1d781d79 1d761d74
0362120 1d7d1d7e 1d811d7d 1d791d79 1d7a1d81
0362140 1d721d7c 1d731d78 1d751d7a 1d7a1d71
0362160 1d731d77 1d751d74 1d791d79 1d7d1d7c
0362200 1d7f1d77 1d7f1d7b 1d7f1d85 1d831d81
0362220 1d831d7c 1d7f1d7d 1d8b1d82 1d841d85
0362240 1d811d84 1d7e1d7e 1d831d83 1d861d81
0362260 1d871d88 1d8f1d94 1d931d91 1d851d87
0362300 1d831d84 1d8a1d8b 1d941d94 1d8b1d96
0362320 1d921d93 1d961d91 1d941d97 1d9b1d9b
0362340 1d951d98 1d941d9a 1d911d94 1d991d97
0362360 1d9e1da2 1d961d97 1d9e1d92 1da11d97
0362400 1da41da2 1da11da6 1da11da1 1dab1d9f
0362420 1dab1da8 1dac1dac 1da51dad 1dad1da7
0362440 1da61da6 1daf1da7 1daa1dae 1dac1db1
0362460 1dab1da9 1dab1da5 1db01da4 1db41db0
0362500 1db11db0 1db81db4 1dba1dad 1db41db6
0362520 1db71dba 1db81dbc 1dc11dbe 1dc21db5
0362540 1dc01dbd 1dc41dbf 1dc11dc8 1dc11dc6
0362560 1dc51dbf 1dc01dca 1dbd1dc8 1dc31dc3
0362600 1dcd1dc9 1dd01dcd 1dc71dc5 1dcb1dcb
0362620 1dcd1dcc 1dd11dd2 1dd71ddd 1dd21dcf
0362640 1dd51dd3 1dcf1ddc 1dd41dd0 1dce1dd1
0362660 1dcd1dcf 1dd61dd3 1dd61dd9 1ddb1dd2
0362700 1ddc1dd4 1ddb1de1 1dd51de1 1dde1ddd
0362720 1ddb1dd9 1dd91dde 1de31ddd 1de61de9
0362740 1de61dec 1de51de7 1de91de6 1dec1de9
0362760 1ded1de7 1df01ded 1df61df8 1dfe1df8
0363000 1df31df9 1dee1df4 1df01df3 1df81df0
0363020 1dff1df0 1df41df9 1df71df7 1df41df6
0363040 1df61df0 1dfa1df2 1df61df7 1df51df7
0363060 1df61df5 1dfb1dfa 1e061dfe 1e001e08
0363100 1e021e05 1e031e04 1e051e02 1e0a1e07
0363120 1e0f1e06 1e091e0d 1e0e1e10 1e101e08
0363140 1e141e11 1e0c1e11 1e0c1e14 1e0c1e11
0363160 1e101e11 1e101e12 1e111e12 1e191e13
0363200 1e231e1d 1e221e1f 1e131e15 1e0d1e10
0363220 1e141e13 1e141e14 1e131e13 1e1c1e16
0363240 1e1e1e1f 1e261e26 1e1e1e26 1e1a1e1d
0363260 1e231e1d 1e211e1f 1e2b1e20 1e301e26
0363300 1e311e2a 1e351e28 1e2b1e32 1e2c1e29
0363320 1e321e31 1e381e34 1e351e33 1e2a1e2e
0363340 1e311e2d 1e321e33 1e281e2f 1e361e32
0363360 1e401e3e 1e3a1e3c 1e351e3d 1e381e3a
0363400 1e3a1e39 1e3a1e3c 1e401e3b 1e431e3f
0363420 1e491e41 1e431e3e 1e431e3c 1e471e46
0363440 1e471e47 1e431e44 1e471e3b 1e4e1e44
0363460 1e491e4a 1e451e4a 1e431e4b 1e491e42
0363500 1e491e46 1e471e4a 1e4b1e4b 1e4e1e4b
0363520 1e4d1e4c 1e4f1e52 1e471e55 1e611e59
0363540 1e571e5c 1e561e51 1e511e58 1e521e54
0363560 1e581e5d 1e541e56 1e531e52 1e471e51
0363600 1e4f1e51 1e561e55 1e5c1e5b 1e601e5b
0363620 1e5b1e5a 1e5a1e5b 1e581e5c 1e631e61
0363640 1e641e60 1e641e62 1e591e5f 1e5c1e5a
0363660 1e571e59 1e5f1e58 1e5e1e60 1e5c1e62
0363700 1e631e64 1e641e61 1e5e1e62 1e5c1e61
0363720 1e5c1e5f 1e5d1e5b 1e651e5b 1e681e5e
0363740 1e611e60 1e591e64 1e5e1e5c 1e621e60
0363760 1e671e68 1e6b1e64 1e6a1e6f 1e641e6c
0364000 1e581e64 1e5d1e5f 1e5a1e5c 1e611e5e
0364020 1e5e1e5c 1e541e56 1e5a1e5a 1e591e56
0364040 1e571e53 1e5b1e57 1e5d1e59 1e601e5c
0364060 1e5e1e64 1e621e61 1e641e61 1e661e64
0364100 1e631e61 1e5b1e5f 1e5c1e5e 1e621e5f
0364120 1e5e1e5a 1e611e5e 1e5c1e60 1e5d1e5a
0364140 1e5a1e61 1e631e62 1e5e1e5d 1e5f1e62
0364160 1e671e60 1e711e6a 1e681e6b 1e681e66
0364200 1e661e65 1e651e60 1e5d1e5a 1e661e64
0364220 1e651e68 1e641e67 1e601e65 1e5f1e5d
0364240 1e601e58 1e6b1e62 1e611e60 1e691e68
0364260 1e621e70 1e6b1e62 1e711e66 1e6f1e6f
0364300 1e661e71 1e671e6c 1e641e68 1e6d1e62
0364320 1e611e6c 1e5c1e63 1e611e60 1e6d1e6d
0364340 1e6f1e67 1e6c1e6e 1e731e70 1e6e1e6f
0364360 1e6e1e73 1e741e6d 1e741e6c 1e731e69
0364400 1e751e70 1e6d1e6f 1e701e66 1e681e6c
0364420 1e701e6c 1e731e75 1e6c1e72 1e751e70
0364440 1e741e73 1e6f1e76 1e771e7a 1e761e79
0364460 1e731e73 1e721e72 1e721e72 1e781e75
0364500 1e731e72 1e7a1e7c 1e721e79 1e7d1e77
0364520 1e811e83 1e7a1e77 1e7f1e79 1e7c1e80
0364540 1e7b1e76 1e801e86 1e7c1e80 1e7e1e7a
0364560 1e7c1e7c 1e881e84 1e8c1e8a 1e801e88
0364600 1e791e80 1e781e76 1e7a1e7d 1e811e83
0364620 1e8c1e82 1e8c1e80 1e8b1e8c 1e881e87
0364640 1e931e91 1e8e1e8e 1e8c1e89 1e901e8f
0364660 1e8b1e8e 1e931e8d 1e971e93 1e971e97
0364700 1e8f1e95 1e821e90 1e8c1e8d 1e921e8f
0364720 1e981e94 1e931e91 1e921e98 1e971e92
0364740 1e961e93 1e9c1e92 1e951e9c 1e921e9f
0364760 1ea11ea0 1e991e96 1ea01e9c 1e9f1e97
0365000 1e9c1e9d 1ea01ea1 1ea11e97 1e9b1e9c
0365020 1e981e99 1e9f1e9c 1e9e1ea8 1ea61ea9
0365040 1ea01ea1 1ea51e9d 1e9d1ea7 1e9e1ea1
0365060 1ea71ea5 1eaf1ea7 1e9e1eab 1ea61ea2
0365100 1ea81eac 1eab1ea9 1eac1ea6 1ea61ea6
0365120 1ea71eaa 1ead1ead 1eb71eac 1eaf1eb0
0365140 1eb01eae 1ead1eb2 1eb01eb2 1eb61ead
0365160 1eb11eb2 1eb51eae 1eaf1eaf 1eb01eaf
0365200 1eb51eb3 1eaf1eaf 1eb01ead 1eb11eb1
0365220 1eb01eb3 1eaa1eb4 1eb71eb8 1eb61eb9
0365240 1eba1eb8 1eb81eba 1eb71eb8 1ec21ebc
0365260 1ec71ec0 1ec41ebf 1ec41ec5 1ebc1ec2
0365300 1ec81ebe 1ec21ec2 1ec11eba 1ec21ec2
0365320 1eb61eb9 1ebf1ebb 1eba1eba 1ec01ebc
0365340 1eca1ec4 1ec91ec0 1ebe1ec5 1ebf1eba
0365360 1ec71ec3 1ecb1ec4 1ec91ec8 1ecb1ec2
0365400 1ec31ec3 1ec91eca 1eca1eca 1ed01ecb
0365420 1ecb1ec9 1ec91ecc 1ec71ec8 1ec61ed4
0365440 1eca1eca 1ed11ecd 1ec31ec6 1ec31ec3
0365460 1ecb1ece 1ed81ec8 1edd1ed8 1ed11ed6
0365500 1edc1eda 1edc1edf 1ede1ede 1ee11ed9
0365520 1ed11ed3 1eca1ed0 1ee01ed8 1ee11ed9
0365540 1edf1edd 1ed21ed8 1edf1eda 1edd1ee0
0365560 1ee21ee0 1ee31edf 1ee41ee8 1ee91ee1
0365600 1ede1edb 1ee11edd 1ee61ee7 1ee21ee9
0365620 1ee01ee1 1edc1eda 1ee11ee1 1edf1edd
0365640 1ee11edc 1edc1ede 1ede1ee0 1ee81ee2
0365660 1ef41ee8 1eec1eec 1ee21ee2 1eed1ee8
0365700 1ef01ef1 1ef01eeb 1ef11eed 1ef21ef0
0365720 1ef01ef2 1eee1eeb 1eee1ee8 1ee91eea
0365740 1ef21eef 1eef1ef7 1ef21eed 1ef01ef0
0365760 1eee1ef3 1ef21ee9 1ef61ef8 1ef91ef8
0366000 1ef51ef6 1ef01ef3 1ef41ef2 1ef91ef3
0366020 1eea1ef5 1ef01eed 1efe1ef6 1efb1efa
0366040 1ef41eff 1ef41ef7 1ef41eed 1efc1ef6
0366060 1ef61ef7 1eea1ef3 1ef51eed 1ef81eef
0366100 1ef51ef2 1eee1ef6 1ef11ef1 1ef81ef3
0366120 1ef31ef2 1ef51ef2 1ef91ef5 1ef61efd
0366140 1f051f00 1ef81ef9 1ef61ef6 1ef51ef8
0366160 1efd1efc 1efb1ef6 1ef81efa 1ef91ef8
0366200 1ef71efa 1ef41f03 1f021eff 1efe1efb
0366220 1ef11ef0 1ef71ef5 1ef31ef5 1ef51ef4
0366240 1ef31eef 1eef1eed 1eef1ef4 1ef71ef7
0366260 1ef51ef9 1efd1ef2 1ef41ef9 1ef61efa
0366300 1ef81efa 1efe1ef1 1ef11ef8 1efa1ef4
0366320 1f011f01 1f091f07 1f051eff 1efc1ef7
0366340 1ef81ef7 1ef61f00 1ef51efd 1ef61ef5
0366360 1efe1ef8 1f001eff 1efb1f04 1efa1f07
0366400 1eff1f00 1ef91ef2 1ef71ef9 1efe1eff
0366420 1f051efe 1ef91eff 1f071efc 1efc1f01
0366440 1efd1ef7 1f011f03 1f001f01 1f011efe
0366460 1eff1efd 1f061f0c 1f001f02 1f061f04
0366500 1f061efc 1f081f07 1f051f0c 1f021f06
0366520 1f091f0b 1f091f0a 1f0a1f04 1f041f05
0366540 1f0a1f02 1f051f05 1f0e1f08 1f071f0a
0366560 1f031f04 1f091f0c 1f0e1f12 1f101f0f
0366600 1f0b1f0a 1f171f0f 1f111f11 1f0f1f12
0366620 1f121f11 1f101f16 1f171f16 1f171f13
0366640 1f1a1f1a 1f1f1f1f 1f1a1f21 1f131f19
0366660 1f111f14 1f151f1a 1f1e1f1c 1f1d1f19
0366700 1f1d1f1c 1f1f1f1b 1f271f21 1f2e1f26
0366720 1f181f20 1f231f22 1f271f26 1f251f2c
0366740 1f241f22 1f271f27 1f211f23 1f261f29
0366760 1f301f30 1f331f33 1f2c1f2d 1f241f23
0367000 1f231f2b 1f2a1f29 1f321f2b 1f331f2f
0367020 1f311f36 1f351f32 1f2c1f30 1f391f2c
0367040 1f2e1f38 1f371f30 1f321f37 1f3b1f35
0367060 1f411f3a 1f421f3b 1f441f43 1f3c1f40
0367100 1f3f1f40 1f401f35 1f461f44 1f3b1f42
0367120 1f3f1f3c 1f3e1f3d 1f3c1f3e 1f3f1f40
0367140 1f441f44 1f441f42 1f471f49 1f3e1f44
0367160 1f411f3d 1f491f48 1f471f53 1f511f4d
0367200 1f4c1f4f 1f4c1f55 1f4c1f49 1f4e1f4d
0367220 1f521f4b 1f5c1f54 1f571f51 1f4e1f53
0367240 1f5b1f5d 1f601f5d 1f551f58 1f571f5a
0367260 1f5b1f57 1f601f63 1f5e1f63 1f671f65
0367300 1f6b1f69 1f6e1f73 1f651f6c 1f651f67
0367320 1f681f66 1f671f64 1f621f68 1f671f6a
0367340 1f611f64 1f5e1f5e 1f611f5e 1f5d1f69
0367360 1f671f6a 1f641f66 1f6c1f68 1f691f6c
0367400 1f681f6f 1f671f71 1f691f6f 1f6a1f6a
0367420 1f6d1f6b 1f6a1f6a 1f771f79 1f731f72
0367440 1f771f7a 1f721f72 1f751f72 1f761f7a
0367460 1f7d1f73 1f841f78 1f7c1f79 1f781f7f
0367500 1f811f7c 1f761f7f 1f731f72 1f751f77
0367520 1f761f7c 1f741f74 1f781f78 1f7c1f77
0367540 1f761f80 1f7c1f75 1f7f1f7b 1f831f82
0367560 1f851f83 1f801f89 1f7f1f81 1f7c1f7f
0367600 1f7f1f7c 1f7f1f7f 1f841f85 1f851f88
0367620 1f831f8a 1f801f80 1f821f7a 1f871f82
0367640 1f811f87 1f7f1f7f 1f7e1f7d 1f881f83
0367660 1f831f84 1f851f88 1f861f87 1f781f82
0367700 1f8a1f7d 1f821f83 1f861f8b 1f891f8e
0367720 1f851f86 1f821f7d 1f831f86 1f881f85
0367740 1f871f86 1f8f1f8f 1f881f88 1f871f8b
0367760 1f8a1f8d 1f8c1f8b 1f921f90 1f8c1f8d
0370000 1f891f91 1f931f8a 1f911f96 1f8c1f89
0370020 1f8c1f86 1f8c1f8c 1f8b1f8e 1f891f8a
0370040 1f8b1f87 1f931f87 1f8d1f95 1f931f8e
0370060 1f931f97 1f8f1f92 1f9c1f96 1f991f9b
0370100 1f971f9c 1f991f98 1f961f96 1f931f97
0370120 1f931f94 1f941f92 1f9e1f9d 1fa41fa5
0370140 1fa01f9f 1f941f98 1f9c1f9c 1f911f96
0370160 1f971f99 1f931f97 1f971f92 1f931f91
0370200 1f921f8e 1f951f92 1f971f90 1f911f93
0370220 1f9a1f95 1f911f99 1f881f88 1f8d1f87
0370240 1f951f91 1f941f93 1f961f99 1f9b1f9b
0370260 1f9a1f96 1f971f95 1f951f98 1f9a1f9d
0370300 1f951f99 1f981f90 1f971f8f 1f921f99
0370320 1f961f95 1f8f1f94 1f931f8b 1f8c1f8e
0370340 1f941f95 1f911f94 1f8e1f8e 1f9d1f91
0370360 1f9b1f98 1f991f9a 1f991f97 1f931f98
0370400 1f951f8b 1f951f95 1f8c1f9b 1f8b1f8b
0370420 1f8f1f9a 1f8c1f92 1f8c1f8c 1f8d1f8b
0370440 1f8f1f8d 1f9c1f97 1f8e1f89 1f8c1f8d
0370460 1f821f88 1f841f83 1f881f86 1f921f8a
0370500 1f8a1f8f 1f861f85 1f801f83 1f7c1f80
0370520 1f851f82 1f831f81 1f8b1f84 1f8d1f8e
0370540 1f8d1f8c 1f8c1f8e 1f861f85 1f861f87
0370560 1f821f83 1f871f8d 1f881f91 1f841f8b
0370600 1f861f86 1f831f83 1f821f7d 1f8b1f86
0370620 1f881f8f 1f821f82 1f841f83 1f8d1f85
0370640 1f841f83 1f891f8c 1f801f84 1f7f1f80
0370660 1f8c1f89 1f911f8b 1f8b1f8b 1f8a1f8b
0370700 1f921f89 1f971f90 1f921f8c 1f8e1f90
0370720 1f7b1f84 1f8f1f8d 1f891f8f 1f8f1f8b
0370740 1f911f92 1f931f93 1f921f90 1f921f91
0370760 1f9e1f96 1f981f9f 1f9d1f9b 1f991f9c
0371000 1f981f9d 1fa11f94 1f9a1f97 1f9e1f9c
0371020 1f981f9f 1f981f95 1f9a1f95 1f9a1f97
0371040 1fa11f9a 1f981fa1 1f9a1f9c 1f9c1f96
0371060 1f971f99 1f991f9e 1f971f96 1f931f9a
0371100 1fa01f95 1f9f1fa6 1f9d1fa0 1f9d1fa5
0371120 1fa21fa4 1fa01f9b 1fa01fa2 1fa01f9c
0371140 1f9f1fa3 1fa51fa1 1fad1fa9 1fac1fa7
0371160 1fa51fa6 1fa71fb1 1f9d1fa6 1fab1f9e
0371200 1fb91fae 1fbd1fbe 1fb51fb9 1fb41fb0
0371220 1fb21fb5 1fb61fb0 1faf1fb4 1fb81fb6
0371240 1fbc1fbf 1fc21fbd 1fc11fbc 1fbe1fc5
0371260 1fb51fbb 1fbf1fbc 1fc21fc2 1fb71fc0
0371300 1fbd1fc1 1fbe1fbb 1fc51fc5 1fbe1fc0
0371320 1fc31fc2 1fc01fc3 1fca1fc7 1fd21fd4
0371340 1fd71fd4 1fd21fd5 1fd71fdb 1fe11fda
0371360 1fd71fd4 1fca1fd1 1fd31fcf 1fc61fc8
0371400 1fd91fd7 1fd91fd8 1fdc1fd9 1fd61fd7
0371420 1fe11fdd 1fed1fe7 1fdc1fe6 1fde1fe1
0371440 1fdd1fe2 1fe51fe6 1fde1fdb 1fe71fde
0371460 1fe71fe3 1fe61fe2 1fe11fe8 1feb1fe6
0371500 1fed1fe7 1fe81fe6 1fe71fe9 1fee1fec
0371520 1fec1fef 1fed1feb 1ff41fea 1ff31ff2
0371540 1ffb1ffa 1ffd1fff 1fff1ffb 1ffb1ffc
0371560 1ff61ff7 1ffb1ff8 20042004 20072003
0371600 200a2001 20052008 20072007 20042008
0371620 20062003 20042005 20042008 20032004
0371640 1ffd2004 200a2003 2009200e 200e2008
0371660 200e200a 200d2012 20152011 20122011
0371700 20132016 2012201c 200f200a 2018200c
0371720 20122016 20172014 20112011 20172013
0371740 201b2012 201c2014 2018201b 2017201f
0371760 201a2017 20182018 201e2017 20102019
0372000 20132018 20212021 201d2020 201f201a
0372020 20232022 2019201d 201b201a 20172016
0372040 2021201c 20202021 20172025 201c2022
0372060 201d201b 202a2018 202c2027 2027202c
0372100 202c2031 20212027 2029202b 20282026
0372120 202b2028 20332031 20352033 20312031
0372140 203b2033 202f2032 2033202f 20342036
0372160 20352034 2033202d 20332031 20332037
0372200 20372036 20362034 202e2037 202e2037
0372220 20342030 202f202a 20352034 2036203a
0372240 20332037 20322036 20372038 20382037
0372260 2034203b 2034203b 20312038 203e203c
0372300 20482043 20432045 203d2041 2037203f
0372320 2041203a 203a203b 2034203a 20402038
0372340 20322035 20372032 2036203b 2037203b
0372360 203a203b 203c203b 203b2037 203c2037
0372400 2040203a 20382038 20382035 203e203c
0372420 203f2043 203a203b 2040203d 203c2038
0372440 2036203d 2040203b 20352039 20332036
0372460 20332037 20352033 203a2038 20302030
0372500 20302036 2023202e 202d2024 202d202a
0372520 202f2034 202d2031 202d2030 2032202c
0372540 20342030 202a2039 20202027 20252028
0372560 202d2024 202b2025 202f202d 20302031
0372600 2022202d 2028202c 202d2022 20232026
0372620 20272024 2028202a 201e2028 201c201c
0372640 201c201a 2024201f 201f2025 201a2020
0372660 2020201e 201f201c 2023201e 20212022
0372700 20212022 201d201e 2017201f 20182012
0372720 20152017 20162018 2019201a 201d201e
0372740 201b2018 20142022 201b2016 2013201a
0372760 2009200e 200e2013 20182015 20112013
0373000 20112016 200c2009 2009200e 2009200e
0373020 2010200d 200d200b 200f200d 2006200e
0373040 2000200d 2008200b 20062005 20022005
0373060 200e2009 200c200e 2011200b 2009200f
0373100 20092008 2008200b 2003200e 2010200b
0373120 20172010 200b2010 20132012 200b2012
0373140 20082007 2017200e 200c2012 2004200e
0373160 20072009 20042009 20052000 200b200b
0373200 200e200c 2009200e 20042007 20072002
0373220 200a2008 200a2011 200b200b 200c200d
0373240 2010200d 200a2014 200b200d 20082011
0373260 20032001 200c2007 2014200e 201d201a
0373300 200e2014 20142013 2015200d 200f200f
0373320 200d200a 200f2016 200a2012 200e2010
0373340 2014200b 200e2013 2009200f 200b200a
0373360 2016200d 200f2012 200a200f 200b2014
0373400 200d200b 2017200c 20182014 200e2015
0373420 201e201a 201d201a 2018201a 20152017
0373440 201b2021 2019201b 20162016 20192017
0373460 20192017 201c201b 20222021 20222022
0373500 2020201e 20162020 201a2017 20212023
0373520 20252025 20242027 202b2021 2025202b
0373540 202a202e 202b202c 20332029 202c202c
0373560 202e2034 202d202e 20322021 203a203c
0373600 202e2034 20322038 20372039 20322033
0373620 2032202a 202e2031 20342032 202f202b
0373640 2035203a 20342034 20362036 2035203c
0373660 20342037 20392034 203a2036 20422040
0373700 20462042 20422043 20412048 20462040
0373720 20492049 2046204c 204b2049 2054204e
0373740 2052204f 2053204d 204c2050 20512053
0373760 20532052 204f2050 204d204e 204f2050
0374000 20542058 205b2056 20592059 20542053
0374020 205a2057 205e205d 20582056 20602057
0374040 2059205c 205f2059 205c2058 205b205f
0374060 2061205f 2069206c 20662067 20642064
0374100 20652061 20662062 20682067 206b2066
0374120 20742073 206a2068 206f2072 2071206f
0374140 20682076 2070206e 20712073 206c2069
0374160 206d2068 20712075 20762077 20732071
0374200 206f206e 206e2067 2070206b 2077207a
0374220 20752073 207f2075 2084207a 207f207d
0374240 2084207d 20882086 2088208a 20862084
0374260 207e2084 20822080 208a2083 208b2086
0374300 208d2083 2092208e 2089208c 208a208c
0374320 20942087 20902091 20922093 208c2091
0374340 208e2091 2096208d 209a209c 209920a2
0374360 20a220a1 20a320a1 20a0209c 2098209d
0374400 2098209a 20a02099 20a0209f 209e209d
0374420 209f209e 20a2209e 209920a2 209e2097
0374440 20a3209e 20a320a1 20ac20ab 20b620af
0374460 20a920a9 20a620a4 20a3209c 20a820a8
0374500 20a520a5 20a020a3 20a3209d 20a620a8
0374520 209f20a6 20a620a4 20a420a0 20a920a1
0374540 20a820a2 20b820a9 20a920a6 20bb20b2
0374560 20a720af 20a720ae 20ac20a7 20ab20ab
0374600 20b420b4 20b020aa 20ad20ab 20a920a9
0374620 20b620b4 20b520b8 20b520b5 20b020b3
0374640 20ab20b3 20a920a7 20b020ab 20bb20b1
0374660 20af20b0 20a720b0 20b220b6 20aa20b2
0374700 20b620a7 20b120b1 20ac20b2 20ab20ae
0374720 20b220ae 20b120a2 20af20b3 20b120ab
0374740 20a720b1 20ae20af 20ae20aa 20ab20a9
0374760 20ad20a9 20aa20ae 20a620a9 20b220ab
0375000 20b220b6 20ab20af 20ab20b3 20b220b5
0375020 20b520ab 20b420aa 20a620a6 20ac20af
0375040 20a120a9 20a1209f 20a520a6 20a120ad
0375060 20a020a0 209b2099 20ab20a0 20a820ac
0375100 20a220a6 20ae20a6 20ab20a9 20a320a3
0375120 20a7209e 20a020a4 20a020a3 209f20a7
0375140 20a1209c 20a120a5 209a209f 20a220a4
0375160 20a220a4 20a320a0 20a920a0 209820aa
0375200 209b20a0 20a0209e 20a820a6 209d20a3
0375220 20a4209c 209920a6 209c209a 209c209c
0375240 20982097 2098209a 2096209b 20a5209b
0375260 2097209e 20a2209e 2094209c 20a720a0
0375300 209d209d 20a1209b 20912093 2090208e
0375320 20962090 20972091 20942092 208f2092
0375340 20912096 20912093 20922095 209d2097
0375360 2098209a 208b2096 2089208d 208d2089
0375400 20912093 208b2091 208b2092 208d2093
0375420 209c2093 20912091 2091208d 208d2097
0375440 208c208e 20902089 20942092 20942091
0375460 208d2088 208c208f 20952090 208e2091
0375500 20942093 208e2090 209a2095 209b2096
0375520 209f2098 2099209a 209320a0 20932091
0375540 20932095 2096208d 20912094 2091208e
0375560 20922091 208f2097 2093208e 20912093
0375600 20912096 20952092 2094208f 20932096
0375620 209b209c 2096209a 20912098 209c2099
0375640 20972098 209920a2 209820a0 20a120a4
0375660 209f20a3 2097209b 20a0209b 2098209c
0375700 20a020a3 209c209e 209e209f 2095209b
0375720 209f209e 20a220a2 20a2209a 20a120a3
0375740 209e209f 20a02099 20a420a4 20ab20a5
0375760 20a820a2 20a720a5 20ae20ae 20a520a6
0376000 20aa20a3 20a920a6 20a820a6 20a820a8
0376020 20a120ac 20a820a9 20aa20a7 20a620a2
0376040 20a620a8 20aa20a8 20b120b0 20b620ad
0376060 20b420b8 20aa20b0 20ac20ae 20b320b2
0376100 20bd20b3 20bb20b6 20b520b1 20ba20b5
0376120 20b520b4 20b720b5 20b220b5 20bc20ba
0376140 20bb20ba 20b820bc 20be20bc 20c220c4
0376160 20c320c1 20bf20c3 20be20bc 20ca20c0
0376200 20c420c6 20c220c4 20c320c7 20c820c6
0376220 20c720c9 20c920cd 20c520cd 20c020c1
0376240 20ce20bd 20c620ce 20c920cb 20c720d0
0376260 20d420c6 20d420d6 20d220cf 20d520d4
0376300 20d320d1 20d020cc 20cc20d0 20d520cf
0376320 20dd20d6 20da20da 20d520da 20cf20d0
0376340 20d620d1 20da20d6 20d620d5 20dc20d7
0376360 20dd20dc 20e420db 20e120e4 20de20e3
0376400 20e220de 20e920e5 20e320e2 20e720e1
0376420 20eb20e7 20ec20ec 20ed20f1 20ea20e5
0376440 20e320ec 20dc20e6 20e920e6 20ec20eb
0376460 20e620e6 20e920e7 20ee20eb 20ea20f1
0376500 20e820ec 20f620e9 20ea20fb 20f520f6
0376520 20f420f6 20ec20f4 20f220ee 20ee20e7
0376540 20f020f1 20f620f1 20ff20fa 20f92100
0376560 20fc20fd 210020fa 20fc20ff 210020fe
0376600 210220fe 210820fc 210620ff 21042104
0376620 20fe20fd 210320fd 21092109 2100210b
0376640 210c2109 21052103 210e2107 210c2114
0376660 2109210d 210c2111 21062107 210c20ff
0376700 210c210e 2110210f 210a210c 210c210e
0376720 21162106 210a2110 210f210c 2112211b
0376740 21142112 21132115 210a2117 21152111
0376760 21122113 211a2110 21162119 211c2117
0377000 21162119 2116211d 211e2117 2121211c
0377020 211e211d 211d211e 2121211c 211d211f
0377040 21252123 2121211c 2119211c 21122117
0377060 211a2117 21202118 21242122 211e211e
0377100 2123211f 211b211c 21222118 2121211d
0377120 21272124 21222126 21232122 21222126
0377140 211f211c 211d2129 21182122 2123211d
0377160 2117211d 2117211f 2118211b 2117211e
0377200 21182118 21172112 21182119 2115211d
0377220 21212124 21232116 211e2122 211c211f
0377240 2120211c 211d2127 21192117 211f211d
0377260 2125211f 211e2129 211d211d 21192114
0377300 21192115 21172113 21142117 211b211a
0377320 211d2117 211a2116 21152117 211d2114
0377340 21162119 21172116 21162114 211a211e
0377360 21212121 2119211e 211a211e 2115210f
0377400 21182119 21162119 2119211e 21142119
0377420 21142112 21102110 210d210c 210d2112
0377440 2112210b 2111210c 210d2115 21092118
0377460 21142111 210d210c 2118210e 210b2111
0377500 210a210f 21092112 210f210e 21192112
0377520 21172118 2115211a 210f2111 210e2115
0377540 210f2111 210c2112 210d2112 210e2110
0377560 210c210b 2114210c 210e210e 21122112
0377600 210a210a 210e2109 21102108 210f2111
0377620 21102109 210d2117 21142110 2116210f
0377640 2110211c 210e210e 210c210a 210e2106
0377660 210d2106 2105210a 2104210a 210b210a
0377700 21072100 210d210b 210e210b 210c210b
0377720 210c2109 21002103 21052102 210a210f
0377740 21062102 2104210b 210720ff 210720fd
0377760 21072109 21082109 210f2110 21112111
0400000 00003fe8 0001000a 000120c4 000afe3a
0400020 00000003 00000000 63e50c6c 000002e8
0400040 00000001 00001004 000020c4 00000000
0400060 000000b0 0001000a 2113210e 210f210c
0400100 2112210d 21112114 210c210a 210f210a
0400120 21102110 210e2112 2110210d 21122112
0400140 21102113 21102111 21142111 21122110
0400160 21152113 21112111 210f2112 21102107
0400200 2107210c 210e2107 2110210d 210d2109
0400220 210f2111 210f2113 21122105 211a2115
0400240 21122116 210e2118 21092111 21042107
0400260 2113210e 21132120 210a2113 21192119
0400300 2113210b 2113210f 210d210e 210a2107
0400320 210b210e 211a210d 21172113 21122114
0400340 21122117 21102112 21132115 21132115
0400360 21152113 21142117 21132114 21142111
0400400 21142113 21102114 21152114 211a2115
0400420 2114210f 211b2116 211d2116 211e2120
0400440 2119211c 211a2119 211f2119 2123211d
0400460 2123211e 21242126 21242126 2127211c
0400500 21262121 2116211b 2117211c 2118211b
0400520 21162114 21182118 21112119 211e2114
0400540 211a2121 212a211c 21182121 2117211c
0400560 211a211b 2120211e 211f2118 211e211e
0400600 21242124 211d2125 211a211a 2124211a
0400620 21252120 b0110481 00001004 0001000a
0400640 00010000 03b16005 00000ffc 0001000a
0400660 1400003c add01f00 add01f01 add01f02
0400700 add01f03 add01f04 add01f05 add01f06
0400720 add01f07 add01f08 add01f09 add01f0a
0400740 add01f0b add01f0c add01f0d add01f0e
0400760 add01f0f add01f10 add01f11 add01f12
0401000 add01f13 add01f14 add01f15 add01f16
0401020 add01f17 add01f18 add01f19 add01f1a
0401040 add01f1b add01f1c add01f1d add01f1e
0401060 ff000134 00000020 00000002 a3b88144
0401100 00000001 deadbeef f0000002 a3b88130
0401120 170a6231 00000000 00000134 00001f48
0401140 a0100482 22072120 22102211 220c220a
0401160 2209220c 220e2212 220a220c 220e2213
0401200 2207220f 22042208 220a220c 220c220c
0401220 22042208 22082205 22022208 22082206
0401240 22062205 22092205 22002203 21f82203
0401260 21fd2203 22012201 220e2204 2208220c
0401300 22062208 22062205 22072201 22052205
0401320 22022202 21ff2204 21fb2205 21fd21fd
0401340 22062201 21fd2201 21f121fd 21f521f9
0401360 220521fa 21fa21fc 22032204 21fa21fd
0401400 220421ff 21fa2201 21f521f9 21f721fc
0401420 21fa21f5 21f721f2 21f521f3 21fa21f4
0401440 21fb21f9 21f621f5 21fd21fa 21f021fe
0401460 21f921f4 21fc21fb 21fb21fb 21fa2200
0401500 21f92200 21fd21f2 21ff21f7 21f621ff
0401520 21ed21f4 21f321f1 21f721f0 21f721f1
0401540 21f021f7 21f421f2 21f221f5 21f421f0
0401560 21f821f4 21fa21ff 21f121f9 21f421f3
0401600 21f221f2 21f321ee 21f321f5 21f221f0
0401620 214521ef 1f72204c 1e531ec5 1dd41e00
0401640 1db01dbd 1d9b1d9f 1d8c1d8d 1d901d95
0401660 1d8c1d8f 1d911d96 1d8c1d8d 1d8b1d84
0401700 1d8e1d8e 1d911d92 1d831d87 1d7a1d7e
0401720 1d871d77 1d881d82 1d891d8e 1d901d8c
0401740 1d901d92 1d931d8c 1d921d93 1d8b1d8f
0401760 1d881d8b 1d8c1d8a 1d8d1d8e 1d8e1d8e
0402000 1d951d93 1d931d92 1d941d98 1d991d9c
0402020 1d981d97 1d961d93 1d971d9d 1d991d97
0402040 1d991d94 1d961d99 1d8f1d93 1d8f1d8f
0402060 1d961d8c 1d9d1d95 1d941d94 1d9d1d9d
0402100 1d951d98 1da21da4 1d9c1d9a 1d9f1d9c
0402120 1da71da5 1db01dae 1daf1da8 1dae1da7
0402140 1dae1db1 1daf1db0 1dae1dab 1db41dac
0402160 1db31dae 1daf1db4 1daf1db0 1daf1db1
0402200 1db11dae 1db61db3 1db21db2 1db61db8
0402220 1db31dbd 1db21db5 1db91db4 1db81db9
0402240 1db41dbb 1db81dc3 1dc11db9 1dc21dc0
0402260 1dc21dbf 1dc41dc3 1dc61dc4 1dca1dc1
0402300 1dcd1dc6 1dcb1dc8 1dcc1dcc 1dce1dca
0402320 1dd11dcf 1dda1dd5 1dda1dd6 1ddf1dde
0402340 1dd61dd9 1ddd1ddf 1dda1dd8 1ddb1dd9
0402360 1de11dd4 1de51de5 1ddc1de1 1dde1ddc
0402400 1dd91de4 1dd81dde 1de51de0 1de51de9
0402420 1de51de3 1de31de1 1de11ddf 1dde1de3
0402440 1de81de7 1ded1de5 1de11de4 1de81dee
0402460 1deb1ded 1ded1de7 1ded1df2 1df31df5
0402500 1dfa1dfc 1df81e04 1df11df8 1df01ded
0402520 1deb1df0 1df91df0 1df31e01 1df91df6
0402540 1dfa1e02 1e031e00 1e061e04 1dfe1e05
0402560 1e061e07 1dff1e04 1e031e08 1e0a1e06
0402600 1e011e05 1e0f1e02 1e0d1e13 1e161e0e
0402620 1e0c1e15 1e091e13 1e091e08 1e121e09
0402640 1e091e0b 1e0a1e0b 1e111e06 1e0e1e0a
0402660 1e0f1e08 1e0b1e0b 1e091e08 1e0d1e0e
0402700 1e0c1e10 1e121e12 1e121e0d 1e0f1e12
0402720 1e141e10 1e111e16 1e1c1e15 1e1d1e19
0402740 1e1b1e1a 1e1a1e1d 1e211e24 1e251e23
0402760 1e1d1e1b 1e171e15 1e181e19 1e171e17
0403000 1e191e16 1e241e1f 1e171e1d 1e1e1e20
0403020 1e1a1e1e 1e1c1e20 1e211e1d 1e1d1e1b
0403040 1e241e21 1e2c1e2c 1e1e1e27 1e231e24
0403060 1e1d1e28 1e2d1e2a 1e231e27 1e211e21
0403100 1e261e20 1e1d1e25 1e221e25 1e201e28
0403120 1e261e23 1e321e2a 1e201e27 1e1c1e24
0403140 1e211e1b 1e2b1e23 1e261e29 1e221e2c
0403160 1e2b1e28 1e301e2e 1e371e2f 1e2b1e2b
0403200 1e2b1e25 1e2e1e32 1e321e32 1e271e31
0403220 1e211e24 1e241e22 1e2a1e2c 1e281e29
0403240 1e2f1e30 1e231e2b 1e271e25 1e281e2c
0403260 1e2e1e2d 1e2e1e2c 1e2b1e30 1e311e2c
0403300 1e251e2b 1e201e28 1e2c1e2d 1e321e28
0403320 1e2d1e39 1e341e2a 1e351e39 1e2e1e31
0403340 1e311e32 1e321e2c 1e2e1e27 1e381e36
0403360 1e3c1e3a 1e331e36 1e311e31 1e2f1e32
0403400 1e251e2d 1e271e22 1e331e2b 1e2f1e2c
0403420 1e2c1e2f 1e301e30 1e321e33 1e291e2e
0403440 1e351e37 1e2c1e33 1e2b1e2c 1e2d1e24
0403460 1e2c1e2d 1e2b1e25 1e301e33 1e2e1e2b
0403500 1e301e26 1e211e27 1e301e27 1e211e2d
0403520 1e261e22 1e261e25 1e241e29 1e2a1e27
0403540 1e361e2e 1e2e1e30 1e2d1e2d 1e211e25
0403560 1e1f1e26 1e1c1e1e 1e201e1c 1e1c1e15
0403600 1e201e25 1e231e18 1e1e1e1f 1e1a1e1d
0403620 1e1f1e23 1e201e20 1e261e28 1e271e2b
0403640 1e271e26 1e241e20 1e2c1e27 1e291e2a
0403660 1e361e34 1e261e2b 1e281e27 1e291e25
0403700 1e261e2a 1e341e30 1e2c1e30 1e2e1e25
0403720 1e301e2d 1e2f1e31 1e271e29 1e301e27
0403740 1e2f1e2a 1e311e2d 1e291e2d 1e2b1e33
0403760 1e371e36 1e371e2d 1e351e37 1e381e3f
0404000 1e3b1e3c 1e411e3b 1e401e3d 1e481e44
0404020 1e3e1e42 1e321e3a 1e441e39 1e311e3a
0404040 1e3d1e35 1e381e37 1e371e3a 1e391e37
0404060 1e3d1e38 1e451e3a 1e441e45 1e441e4d
0404100 1e451e45 1e4c1e49 1e471e3c 1e4c1e42
0404120 1e451e4c 1e4a1e46 1e491e45 1e4c1e4d
0404140 1e441e42 1e4b1e4d 1e4f1e49 1e531e51
0404160 1e4d1e4c 1e491e4d 1e4e1e50 1e4f1e4f
0404200 1e571e55 1e551e58 1e531e53 1e4d1e4c
0404220 1e551e5b 1e581e57 1e591e52 1e5a1e55
0404240 1e5d1e59 1e621e5c 1e601e5f 1e631e66
0404260 1e611e67 1e641e62 1e641e6c 1e6a1e72
0404300 1e681e6c 1e631e6b 1e681e65 1e671e6d
0404320 1e751e70 1e7c1e73 1e761e79 1e721e77
0404340 1e711e73 1e711e72 1e7a1e73 1e731e7b
0404360 1e741e7a 1e7b1e76 1e841e79 1e831e7e
0404400 1e7d1e81 1e821e7c 1e7d1e77 1e861e7b
0404420 1e8a1e85 1e871e88 1e901e8f 1e8e1e8d
0404440 1e901e8b 1e8f1e8e 1e8e1e90 1e8e1e93
0404460 1e8a1e8e 1e961e90 1e911e91 1e981e95
0404500 1e9d1e99 1e961e9a 1ea31e99 1eab1ea6
0404520 1ea01ea2 1e9a1e9a 1ea21e9f 1ea31e9e
0404540 1ea21ea5 1ea91ea4 1ea41ea5 1eb01eab
0404560 1eb11eab 1eae1eae 1eaf1eb9 1eae1eae
0404600 1ead1ead 1ead1ead 1eb51eaa 1eb31eb2
0404620 1eb61eb9 1eb61eba 1ebf1ebc 1eb91eb5
0404640 1eb81eb7 1eb51ebe 1eb41eb7 1ebc1ebe
0404660 1ec21ebf 1eba1ec1 1ec11ec8 1ec31ec4
0404700 1ec31ebf 1ec41ec5 1ec21ec8 1ec51ecc
0404720 1ece1ecc 1ed11ecb 1ec81ed0 1ec71ecd
0404740 1ecd1ec9 1eca1ecb 1ecd1ed4 1ece1ecf
0404760 1ec71ed0 1ecf1ece 1ec81ecf 1ec81ec6
0405000 1ed31eca 1ed21ece 1ece1ed1 1ed31ed8
0405020 1ece1ece 1ed31ecf 1ed51ece 1ed11ed0
0405040 1edc1edb 1ed81eda 1ed91eda 1ed81ed3
0405060 1ed01ed9 1ece1ed2 1ed51ed3 1edc1ed3
0405100 1ed71ed7 1ed91edd 1ed61edb 1edd1ed0
0405120 1edb1ede 1ee21ee6 1ee21ee0 1edb1ede
0405140 1ee31edb 1ede1ee2 1ee11ee0 1ede1edd
0405160 1ed41edd 1edf1ed4 1ed91ed9 1ed91ed9
0405200 1ee11ede 1ed81eda 1ede1edc 1ee31ee4
0405220 1ee41ee5 1ede1edd 1ee51ee4 1ee61ede
0405240 1eea1ee7 1ee71ee9 1ee51edc 1ee21ed8
0405260 1eeb1eea 1eec1edd 1eea1eee 1ee41ef0
0405300 1eec1ee3 1eec1ee7 1ee91ee6 1eec1ef3
0405320 1eed1eef 1eed1eed 1eed1ee8 1ee91ee7
0405340 1eeb1eea 1eeb1eea 1eef1eeb 1ef01eeb
0405360 1ee71ee9 1ee01ee1 1ee41ee9 1ee61ee9
0405400 1ee31ee5 1ee31edf 1ef01eea 1ee91eee
0405420 1ee71ee4 1ee41ee1 1ee21eeb 1ee01ee0
0405440 1edf1ee8 1ee61ee4 1eea1ee7 1ee31ee2
0405460 1edb1ee2 1edd1ee0 1ed91ed9 1ee71eda
0405500 1ee41ee4 1ee51ee1 1edc1ee3 1eda1ed9
0405520 1edf1ee2 1edd1edb 1ee01edf 1ee11ee1
0405540 1ee71eeb 1eef1ee8 1ef31eeb 1ee81ef0
0405560 1ede1ee8 1ee41ee7 1ee51ede 1ed31ed8
0405600 1ece1ed9 1ed71ed7 1ed31ed9 1ed21ece
0405620 1ede1ed5 1ee01ed9 1eda1edb 1ede1edd
0405640 1ed61ed8 1ed91ed9 1ed71ed6 1edc1ede
0405660 1ecf1edc 1ed71ecf 1ed41ed5 1ed71ed2
0405700 1ed31ed2 1ecf1ed3 1ece1ece 1ed01ed3
0405720 1ed21ecf 1eda1ed8 1ed71ee2 1ed01ed8
0405740 1ec91ecd 1ed21ecd 1ecf1ed5 1ed31ed1
0405760 1eca1ecf 1ec71ec8 1ed41ecf 1ecb1ed2
0406000 1ed41ed4 1ed41ec7 1ed01ed4 1ed31ed9
0406020 1ec91ecb 1ece1ec5 1ed11ecf 1eca1ed8
0406040 1ecb1ecc 1ecb1ec9 1ed11ed3 1ecc1ed0
0406060 1ece1ece 1ed11ecd 1ec71ecc 1ecd1eca
0406100 1ec51ecf 1ecb1ece 1ecf1ed1 1ed11ed1
0406120 1eda1ed8 1ee01ed8 1ed61ed9 1edb1eda
0406140 1ed61ed3 1ec91ed4 1ecc1ecb 1ec31eca
0406160 1ecb1eca 1ed51ed7 1ed31ed4 1eda1ed3
0406200 1edb1ed5 1edb1ed6 1ede1ede 1edb1edc
0406220 1ed51ed3 1edb1ed9 1ee01ede 1ed71ed6
0406240 1ee01ee0 1eda1ee3 1ee21ee4 1ee21ee6
0406260 1ee11ee2 1ede1ee3 1ee41ee1 1edf1edb
0406300 1ee01edd 1eda1edf 1ee41eda 1ee01edc
0406320 1ee01edf 1edc1ede 1ee31edd 1ee31ee3
0406340 1eed1eeb 1ef21ee7 1eed1ef1 1eed1eed
0406360 1ef31ef0 1ef01eea 1eec1ef0 1ef71ef0
0406400 1ef91efa 1ef51ef7 1ef51efd 1efc1ef8
0406420 1efc1efa 1efc1efa 1efa1efc 1ef81ef5
0406440 1efd1efa 1efa1ef9 1f031f02 1efc1f06
0406460 1f021efe 1f0b1eff 1f021f0f 1f011f00
0406500 1f0a1f03 1f0b1f09 1f101f08 1f0f1f12
0406520 1f081f0f 1f151f0a 1f191f14 1f1c1f1d
0406540 1f1d1f1e 1f1d1f1a 1f1f1f21 1f201f13
0406560 1f1a1f20 1f201f23 1f211f25 1f241f21
0406600 1f261f20 1f271f23 1f291f2a 1f331f29
0406620 1f2a1f2c 1f331f30 1f2f1f2e 1f341f33
0406640 1f321f35 1f361f33 1f3c1f3c 1f3e1f38
0406660 1f371f3a 1f341f38 1f341f38 1f3a1f2e
0406700 1f3e1f39 1f3d1f40 1f441f43 1f421f4d
0406720 1f411f40 1f4c1f3f 1f4a1f47 1f4f1f50
0406740 1f4a1f54 1f4c1f4c 1f521f47 1f561f57
0406760 1f551f52 1f591f59 1f541f51 1f541f4d
0407000 1f581f5a 1f611f61 1f681f67 1f651f5f
0407020 1f661f65 1f6c1f6a 1f671f6b 1f6c1f6b
0407040 1f6e1f65 1f6e1f6e 1f6e1f6a 1f6b1f6a
0407060 1f701f6b 1f6e1f6c 1f701f6f 1f681f66
0407100 1f6d1f69 1f6c1f70 1f711f74 1f7d1f74
0407120 1f7e1f7e 1f751f7c 1f7b1f7f 1f7c1f7a
0407140 1f741f7b 1f6e1f76 1f6d1f75 1f771f74
0407160 1f7d1f74 1f7b1f7a 1f7a1f7c 1f841f82
0407200 1f931f8b 1f8a1f8d 1f8b1f8b 1f7e1f81
0407220 1f871f8d 1f8a1f86 1f8b1f87 1f861f89
0407240 1f911f85 1f901f93 1f961f92 1f941f95
0407260 1f901f91 1f8e1f8a 1f931f8d 1f901f8e
0407300 1f8d1f8d 1f931f92 1f8e1f96 1f971f95
0407320 1f9d1f94 1f9b1f96 1f991f96 1f911f9d
0407340 1f9a1f9c 1f951f97 1f991f9b 1f991f9e
0407360 1f971f99 1f931f9a 1f931f97 1f951f99
0407400 1f981f9b 1f9e1fa4 1f981f9e 1f9a1f9f
0407420 1fa81f9a 1fa51fa4 1fa21fa8 1fa91fad
0407440 1fa91fab 1faf1fa9 1f9a1fa8 1f981f9b
0407460 1fa71fa1 1f9d1fa0 1fae1f9b 1fa21fa5
0407500 1f9c1fa9 1f9b1fa1 1fa61f9f 1faa1fa1
0407520 1fa01fa1 1fa31f9e 1fa81fa4 1fa41fa7
0407540 1fa61fa7 1fa21fa9 1fa21fa4 1fa41fa4
0407560 1fa81fa1 1fa01fab 1fa01fa0 1fa21fa6
0407600 1fa11fa6 1fa01fa6 1fa41fa4 1fa41f9e
0407620 1fa61fa7 1fae1fa7 1fa71fa8 1fa71fa3
0407640 1f9f1fa4 1fa61f9f 1fa01fa9 1f9e1fa1
0407660 1fa91fa2 1f9c1fa7 1f9e1f9c 1f931f9c
0407700 1f941f9a 1f9a1f9e 1f981f96 1f961f92
0407720 1fa21fa0 1fa11fa8 1f9e1f98 1f9a1f9f
0407740 1f9c1f93 1fa01fa3 1fa41fa3 1fa41fa2
0407760 1fa31fa1 1f971f9c 1f9c1f98 1f9b1f9a
0410000 1f971f97 1f911f92 1f931f93 1f981f99
0410020 1f941f91 1f9c1f99 1f9c1f97 1f991f98
0410040 1f971f9b 1f8c1f91 1f8d1f8b 1f861f89
0410060 1f821f87 1f871f87 1f851f85 1f8f1f80
0410100 1f891f8c 1f811f89 1f891f81 1f8f1f90
0410120 1f891f86 1f8a1f8e 1f901f86 1f8d1f93
0410140 1f851f88 1f7d1f80 1f831f7a 1f821f81
0410160 1f861f8d 1f7c1f87 1f811f7a 1f871f82
0410200 1f871f7c 1f851f8f 1f811f7c 1f741f7a
0410220 1f751f77 1f7f1f71 1f811f7e 1f841f83
0410240 1f7e1f79 1f7c1f76 1f761f78 1f771f82
0410260 1f741f72 1f731f75 1f731f71 1f741f70
0410300 1f7b1f75 1f7a1f77 1f831f76 1f7c1f7b
0410320 1f751f78 1f7b1f74 1f771f77 1f771f76
0410340 1f7d1f77 1f741f7b 1f761f77 1f791f7b
0410360 1f771f77 1f6f1f77 1f701f76 1f6e1f72
0410400 1f6c1f69 1f751f68 1f6d1f73 1f6a1f6d
0410420 1f6e1f6e 1f771f7a 1f801f7a 1f851f80
0410440 1f751f71 1f751f78 1f711f6e 1f7b1f78
0410460 1f741f76 1f741f75 1f791f7c 1f731f7b
0410500 1f7b1f77 1f721f76 1f751f75 1f751f75
0410520 1f7c1f7b 1f7d1f7a 1f7d1f7d 1f801f79
0410540 1f891f83 1f841f84 1f841f82 1f7f1f7e
0410560 1f7f1f7e 1f911f88 1f8d1f8d 1f8b1f87
0410600 1f861f8b 1f871f89 1f851f82 1f8a1f8b
0410620 1f8a1f8c 1f8d1f8a 1f8a1f89 1f931f90
0410640 1f921f90 1f961f8f 1f951f94 1f951f99
0410660 1f9b1f9a 1f9a1f98 1f9d1f9d 1fa01f9f
0410700 1f9a1f9f 1f9a1fa2 1f961f92 1f9c1f9a
0410720 1f9f1f9b 1f9f1fa5 1fa81fac 1fa81fa9
0410740 1fa31fa2 1fa41fa5 1fac1fa9 1fb31fac
0410760 1fab1faa 1fa61fae 1fa51faa 1fad1faa
0411000 1fb01fb0 1fb61fb3 1fbc1fb7 1fbc1fbe
0411020 1fb81fba 1fbc1fbb 1fba1fbb 1fba1fb4
0411040 1fbd1fb5 1fc11fbf 1fbf1fc7 1fc51fc2
0411060 1fc71fc4 1fca1fc8 1fce1fcd 1fcc1fd3
0411100 1fcd1fca 1fca1fc8 1fd11fcb 1fcd1fcc
0411120 1fd21fd3 1fd91fd1 1fd21fd6 1fd71fd7
0411140 1fd61fd4 1fdb1fdd 1fd31fdd 1fe11fd3
0411160 1fda1fe3 1fd91fd3 1fda1fe1 1fe41fe2
0411200 1fdf1fde 1fe41fe3 1fe21fe1 1fe01fea
0411220 1fe31fe4 1fed1fe8 1fe91ff0 1fef1fec
0411240 1fea1fea 1ff31ff2 1fed1fed 1ff11fee
0411260 1ff71ff7 1ff71ff7 1ffb1ff9 1ff41ff7
0411300 1ffa1ff6 1ff91ff6 1ff82000 1ff41ff9
0411320 20042000 20042005 200b200a 20072006
0411340 2007200a 200c200a 200d2008 200d200a
0411360 2015200e 200f2010 20112011 20152016
0411400 20182016 2017201e 200f2015 2012200b
0411420 201b2013 200f2016 2019201d 20192013
0411440 201f2015 201b2017 2019201e 2020201c
0411460 201e201e 20272022 20232027 2021202a
0411500 20252029 202a2023 202c2024 202d202a
0411520 2025202f 20252027 202a2028 20222024
0411540 202d2024 202e2030 2033202f 20342038
0411560 2039203d 203a203e 2033203b 202f2035
0411600 203d2031 203a2032 20352034 20322038
0411620 20352035 203a2037 2034202d 202d2032
0411640 2032202a 20352038 20352036 20422037
0411660 20462037 2039203d 203c2044 2036203b
0411700 2040203f 2042203e 203d203d 203b203d
0411720 20372039 20432038 2036203f 203d203b
0411740 203a203b 20362038 203e203d 203a203d
0411760 2036203a 20342039 2040203f 2040203d
0412000 2038203a 2039203b 20372037 20392034
0412020 2038203a 20402040 203e2041 2033203c
0412040 203e203a 203c203c 2036203b 20422032
0412060 2043203c 2040203c 20472039 203a203d
0412100 203c203c 2043203c 2039203a 203d2038
0412120 2035203c 20332035 20342030 20262031
0412140 2033202a 20352031 20342033 20342035
0412160 203a203a 203f2034 2034203b 20332035
0412200 202f2030 2032202c 20322035 202e2033
0412220 20292033 2026202a 202d202a 2034202e
0412240 202e202e 20292036 202d2023 201d2027
0412260 20262022 2026202d 20242023 201d2027
0412300 20272025 2024201c 20242023 20192022
0412320 201d201e 201e201d 201b2014 2012200f
0412340 20152016 20172018 2019201b 201b201e
0412360 20162017 20102012 2016201e 2010201e
0412400 2017200e 200f2015 2011200f 200b200d
0412420 2004200e 200e2008 20112008 20072008
0412440 200c200b 2010200b 200c200b 200b200e
0412460 20062008 20082006 20032004 20061ffe
0412500 20072004 20012005 2001200c 20042006
0412520 200f2007 200b2010 2003200f 20022004
0412540 1fff2005 20011ff9 1fff2003 20002003
0412560 20022007 20032005 1fff2000 1ffb2002
0412600 20042004 20022002 1ffa2000 1fff1ff9
0412620 1ff91ffb 1ffc1ffb 1ffa1ff6 1ff11ff2
0412640 1ff91ff6 20032003 1ff81ffd 1ffe2004
0412660 1ffa1ff4 20001ff8 20001ffe 20012000
0412700 20052002 200e200c 20082007 20032004
0412720 20032000 20002005 1ffa1ffd 1ff71ff7
0412740 1ffe1ffb 1ffd2004 20041ffc 1ffc1fff
0412760 20042003 1ffe1fff 1ffb1ffb 1ffd1ffc
0413000 200a2000 200e200c 20072008 20052004
0413020 20052006 20022005 20042002 20032008
0413040 1ffb200a 20052003 20002003 20071fff
0413060 20022009 20062003 2012200c 200b200a
0413100 2014200f 20182016 20112007 20182013
0413120 200e2013 20152016 20162010 20132017
0413140 2013201c 20112016 20172016 20102016
0413160 200f2014 201e2015 2021201b 2024201d
0413200 201d2026 201e201e 20282024 202d202d
0413220 20252027 202c2028 2024202c 20242020
0413240 20232021 20242021 20242027 20312030
0413260 202f202e 2030202b 2032202f 2032202f
0413300 202d2034 20352034 203b2031 20372031
0413320 203a2033 20402037 203c203c 203e203c
0413340 20422041 203d2048 203c2041 20412049
0413360 203c2041 20452042 2043203f 2045203f
0413400 2049204c 204c204b 204e204e 2050204f
0413420 20592055 20522053 20522052 2053204e
0413440 205f2055 205e205e 205b2058 2063205d
0413460 205e2054 2057205b 20502050 2056205b
0413500 20562058 2061205f 2061205f 20682067
0413520 206f2071 2073206e 2075206d 206a206d
0413540 206b2069 206b2064 2071206f 20792077
0413560 20782071 20712076 206e2073 207a2071
0413600 20752076 207d207d 2074206f 207d2080
0413620 20752088 2081207d 207c2088 2085207e
0413640 20802079 207a2086 20852079 207e2082
0413660 207e2084 20862089 20842085 20922089
0413700 2089208b 208d2086 208e208c 20872089
0413720 208a2087 208c208d 208e208d 2090208e
0413740 2096208e 20912095 20912091 208d208a
0413760 208f208e 2095208d 20992097 20952094
0414000 20982093 20962097 20942097 209a2098
0414020 2097209b 209d209f 209f20a1 209e20a3
0414040 20a620a4 20a720a6 20aa20a9 20ab20ac
0414060 20a720a7 20a420a0 20a020a5 209e20a1
0414100 20a520a8 20b320ae 20a720a9 20a620b0
0414120 20a520aa 20a920a8 20a920a3 20ac209f
0414140 20ad20aa 20a220a8 20a720aa 20ac20a6
0414160 20a720aa 20ab20b7 20a820ae 20ab20a6
0414200 20aa20ac 20ba20ae 20b120b6 20b020b2
0414220 20ad20b6 20b820b1 20a520aa 20a620a8
0414240 20ab20a7 20b020ac 20b120b5 20a920ac
0414260 20a720a1 20aa20af 20a720af 20ac20a8
0414300 20b120ac 20a920ab 20ad20aa 20a620a4
0414320 20aa20a5 20ab20a2 20b820aa 20aa20af
0414340 20aa20a6 20a520a9 20a620a8 20a220a7
0414360 20a120a7 20ac20a7 20a220ab 20a520a3
0414400 20a520a2 209b20a3 20a220a2 2099209d
0414420 20a820a1 20a320a3 20a720a8 20a420a8
0414440 20a720a4 20ac209b 20a120a6 209c20a0
0414460 209c209b 209420a1 209f2097 209b2092
0414500 209d209c 2094209e 20982093 20912094
0414520 20972097 20912096 208b2093 208e208f
0414540 208f208f 20912093 208a2090 20912095
0414560 20982099 209a209b 209a209f 208c2093
0414600 208d2088 2085208c 208f2089 208e208c
0414620 208e2089 208e2086 2093208f 20822084
0414640 20812083 207c2077 207d2083 20802082
0414660 20852082 20802083 20872081 2088208a
0414700 20812082 207f207f 207a207a 207d2081
0414720 2079207f 207b207a 207d2079 207e2080
0414740 207b207a 20802082 20782079 20732078
0414760 20762076 20752080 207b2077 2081207b
0415000 207c2080 207c2082 2074207d 20722072
0415020 20702071 2073206e 20742070 20752073
0415040 2078207e 207c2083 2079206e 20782073
0415060 20762074 207b2076 20782078 20742077
0415100 20722072 20722073 2074207b 20762079
0415120 207a2075 20772078 20722076 20762077
0415140 207b207d 207b2074 20732071 206f2078
0415160 2075207a 20732072 20732073 206e206c
0415200 20712072 20742077 207a2074 20762071
0415220 207c2073 207b207a 207a2074 2073207a
0415240 20742068 207a2075 2074207b 2079207a
0415260 207c207e 207e207b 207e2082 207a207d
0415300 207d207f 207f207a 2081207e 20792083
0415320 207b207b 207a2083 20792074 20882082
0415340 20852081 20852082 20842085 207f2083
0415360 20872083 20822083 2086208a 20872092
0415400 208e2087 2094208f 208f2095 20902093
0415420 2086208d 20932084 2098208b 2095208f
0415440 20892091 208e2091 209f2093 209f20a4
0415460 2097209b 20982096 209a2099 2097209a
0415500 20952090 20a0209a 20a4209e 209e20a5
0415520 20a320a0 20a820a4 20aa20a6 20a720ae
0415540 20a520a4 20a420a5 20a820a4 20ad20aa
0415560 209e209b 20a820ab 20a520a2 20af20ac
0415600 20b520b3 20b320ad 20b320b1 20b920b3
0415620 20bc20bb 20b320b5 20b120b4 20bb20b4
0415640 20bb20ba 20bd20ba 20bd20ba 20b520bf
0415660 20c320c0 20c120bb 20c120b8 20b920be
0415700 20c420bc 20c520c5 20c720c7 20cd20ca
0415720 20ca20d3 20c720c5 20c920cb 20c820ca
0415740 20ca20c6 20ca20cd 20cc20d0 20d020d7
0415760 20cf20ca 20d320cf 20db20d8 20da20d3
0416000 20d520d9 20d920d7 20d420d6 20d520d6
0416020 20ce20d2 20de20dd 20da20de 20e520d9
0416040 20e520e6 20e520ef 20e220e8 20ef20df
0416060 20e420e6 20e020e1 20e020e1 20e120df
0416100 20dc20e2 20e120e1 20d920e2 20e520dd
0416120 20e020e6 20ef20e1 20f120eb 20ea20ec
0416140 20e620e8 20df20e6 20e420e5 20e820ee
0416160 20f220e6 20f120e7 20f320f2 20f420ee
0416200 20f220ed 20f520f1 20fb20f6 20f720fa
0416220 20f920f8 20f820f9 20f220f9 20f920f1
0416240 20fb20fa 20fd20fc 20ff20fa 20fa20fb
0416260 210120fb 210320fe 20fb2103 211020fd
0416300 2100210d 20fc2102 20fa2105 20fb20fb
0416320 20fd2102 20f720fe 20ff20fc 21082107
0416340 21042100 21022104 21072108 21072102
0416360 210020ff 21032103 21022105 210c2105
0416400 210e210c 210f210d 2110210c 210c210c
0416420 2107210e 2109210b 2109210b 21112103
0416440 21122113 210d210f 210a2111 210d210f
0416460 21082104 210a2104 20ff2103 20ff210a
0416500 21022103 21052107 210920ff 21002107
0416520 20fd2107 21042109 210d2108 21102103
0416540 2106210d 21072101 21092107 210b2105
0416560 210c210d 2109210d 210a210a 210b2107
0416600 21032103 21022100 210a2105 2107210d
0416620 21062106 210120fc 20ff2101 210220fe
0416640 21052100 21062105 210d2108 21072108
0416660 20fc2100 20fc20fb 20ff20fa 210620fd
0416700 20ff20fc 21022100 21022102 20ff20fd
0416720 20fb20f9 210120fb 20fe2101 210120ff
0416740 20fe20fd 20f720f6 20f720f8 20fa20f6
0416760 20fa20fb 20f820f9 20fc20ff 20f720fa
0417000 20e320f7 20f220e7 20f32100 20f620f6
0417020 20fa20f3 20f620f7 20f420f8 20f220f3
0417040 20f720f0 20e720f0 20e820e8 20e320eb
0417060 20e720e6 20e620ea 20ea20ed 20ef20f0
0417100 20f020ee 20f020f4 20ec20e9 20ed20eb
0417120 20ee20ec 20ea20ef 20eb20e6 20ec20e7
0417140 20e820e8 20e420e7 20e220e3 20eb20e7
0417160 20f220f2 20f020f2 20ec20e4 20ec20ea
0417200 20e820e6 20e220ea 20ee20e4 20e720e8
0417220 20e820e8 20ea20ec 20e120e4 20de20e4
0417240 20e720e2 20e320e9 20e020e4 20eb20df
0417260 20de20e5 20e820e0 20dc20e3 20e120e0
0417300 20e220e0 20e420df 20e320e4 20e020e3
0417320 20e720eb 20ea20e1 20ec20e3 20e820e9
0417340 20ec20eb 20e720e6 20dd20e6 20dd20df
0417360 20e520dd 20de20e1 20da20e0 20dc20db
0417400 20e220e3 20dd20e1 20d720e0 20df20d9
0417420 20e120d8 20e720e6 20e620e6 20eb20ec
0417440 20e920f0 20e820ed 20f320e7 20e720ec
0417460 20ed20f6 20f020f3 20eb20eb 20f120f1
0417500 20f420f5 20f220f1 20ef20f6 20ee20eb
0417520 20ef20ed 20e820e1 20eb20e8 20e520ee
0417540 20ef20eb 20ec20ea 20ed20eb 20ed20ee
0417560 20f120ee 20f120f0 20f120f0 20f120f0
0417600 20eb20f0 20f320f3 20fa20fa 20f120f5
0417620 20f020f3 20e720f1 20f020f3 20f120ed
0417640 20fd20f7 20fa20fb 20fd20f9 20f720fc
0417660 20f820f6 20fa20f6 20fb20fe 20fd20f9
0417700 21032104 210d2106 21052106 21002108
0417720 210020fd 20fd2106 210420ff 21052100
0417740 21022102 21022105 2109210a 210c210f
0417760 2118210a 210c2110 210f210d 210b2105
0420000 210c210c 210b210d 210b2109 21072103
0420020 210f210d 210b210c 21062105 21132109
0420040 2117210a 21132117 210d2110 210f2111
0420060 21162110 211d211b 21182116 21192119
0420100 211a2113 211a2115 211a2117 211a211d
0420120 211c211d 211c211f 211d2123 21152117
0420140 21142115 211b211e 211d2121 211e2120
0420160 211d2120 21212119 211f211e 21262120
0420200 212e2120 212a212a 2128212c 212a2128
0420220 21312130 2127212f 212b212c 21202128
0420240 212f2131 212f212b 21282127 21262122
0420260 21212125 212b2121 2129212d 212e212b
0420300 21232128 21252124 212c2128 212f212d
0420320 2124212d 2132212d 2130212c 21332130
0420340 21352133 21352134 21322136 21362137
0420360 2132213a 2136212f 2139213d 21362137
0420400 21322135 21312135 2136212f 21322139
0420420 21352130 21362139 21352131 213a213c
0420440 2140213c 2142213b 213d2138 213b213d
0420460 213a2137 21422139 213d213b 213a2139
0420500 21362137 213b2137 2145213b 213e2142
0420520 213b213e 2141213c 2143213d 21412145
0420540 213f2142 21402143 21422146 21442146
0420560 213f213d 2138213f 213c213d 213e2137
0420600 21432141 21442145 21402147 2146214a
0420620 213f2142 21472147 214d2146 21482147
0420640 2147214a b0100482 00001004 0001000a
0420660 00010000 03b16006 00000ffc 0001000a
0420700 1400003c add01f00 add01f01 add01f02
0420720 add01f03 add01f04 add01f05 add01f06
0420740 add01f07 add01f08 add01f09 add01f0a
0420760 add01f0b add01f0c add01f0d add01f0e
0421000 add01f0f add01f10 add01f11 add01f12
0421020 add01f13 add01f14 add01f15 add01f16
0421040 add01f17 add01f18 add01f19 add01f1a
0421060 add01f1b add01f1c add01f1d add01f1e
0421100 ff000134 00000020 00000002 a465f067
0421120 00000001 deadbeef f0000002 a465f053
0421140 1c0b16b8 00000000 00000134 00001f48
0421160 a0110483 21f8213d 21fe21fd 21fb21fa
0421200 21f221f5 220121f9 2203220a 21fd21fe
0421220 21f621fd 21eb21f1 21ef21f6 21fd21f8
0421240 22072202 22002203 21f42200 21f621f5
0421260 21fb21f5 220321fc 22042205 21ff2203
0421300 21fd21fd 220921fb 220221fb 21ff2202
0421320 22072204 2208220b 22002207 21ff21fe
0421340 21ff21f6 21fd21ff 21fa2203 21f421f3
0421360 21f021f2 21fa21f9 21fa2203 21fe21ff
0421400 21fe21fb 220121fb 22012200 22042204
0421420 220c2211 22052209 220b2204 22042206
0421440 21f521f6 21f421fd 21fe21f9 220421fb
0421460 220321ff 22062204 2202220a 22012209
0421500 22022200 22032203 22032207 2209220b
0421520 22062203 22032207 22052202 22002208
0421540 22062201 22052205 220b220b 22052209
0421560 21ff21f7 220a2202 22042202 2206220a
0421600 22042205 220121fb 21ff2202 21fe21fd
0421620 21fb21f5 21ff2201 22002200 21fe2206
0421640 204a2150 1eab1f61 1dd21e27 1d7a1d9d
0421660 1d571d64 1d4e1d50 1d4e1d4f 1d4c1d4b
0421700 1d4e1d46 1d4b1d49 1d4c1d4b 1d4a1d46
0421720 1d491d48 1d481d4c 1d4b1d4b 1d491d46
0421740 1d4c1d48 1d4b1d49 1d481d4f 1d461d4a
0421760 1d4b1d4a 1d551d4e 1d491d4e 1d451d4a
0422000 1d491d4b 1d481d44 1d491d41 1d4b1d44
0422020 1d401d48 1d4e1d43 1d4e1d4e 1d521d4a
0422040 1d461d50 1d4c1d46 1d4d1d4a 1d4c1d52
0422060 1d4e1d4f 1d4f1d50 1d491d4d 1d521d55
0422100 1d501d49 1d4e1d4f 1d4b1d4c 1d4a1d4d
0422120 1d4f1d44 1d431d4a 1d4d1d4a 1d4d1d48
0422140 1d4f1d51 1d511d56 1d571d4f 1d5c1d57
0422160 1d581d5b 1d541d54 1d501d59 1d511d4e
0422200 1d5b1d51 1d571d5c 1d551d56 1d501d59
0422220 1d511d55 1d541d4c 1d4d1d57 1d5f1d57
0422240 1d5d1d5c 1d631d5c 1d641d61 1d601d61
0422260 1d581d5d 1d631d67 1d6f1d69 1d631d68
0422300 1d601d62 1d571d53 1d5b1d5e 1d611d5e
0422320 1d5d1d54 1d5b1d5e 1d591d63 1d641d5e
0422340 1d5b1d59 1d691d62 1d601d5d 1d5f1d68
0422360 1d611d66 1d601d62 1d681d68 1d621d68
0422400 1d631d60 1d661d6a 1d641d60 1d691d66
0422420 1d631d66 1d601d64 1d611d64 1d621d66
0422440 1d6c1d67 1d671d65 1d641d69 1d661d65
0422460 1d631d68 1d651d65 1d6c1d6c 1d6c1d72
0422500 1d6a1d6b 1d681d6d 1d711d6a 1d711d6e
0422520 1d751d6f 1d6f1d74 1d6b1d70 1d6d1d6d
0422540 1d711d6c 1d671d6c 1d701d6f 1d711d71
0422560 1d771d6f 1d6e1d72 1d6e1d6f 1d741d70
0422600 1d751d6d 1d791d73 1d751d7a 1d791d79
0422620 1d771d7f 1d7f1d77 1d7a1d78 1d761d77
0422640 1d7a1d7d 1d831d7e 1d7b1d7e 1d8e1d80
0422660 1d841d87 1d781d7e 1d851d81 1d821d84
0422700 1d7c1d84 1d781d7c 1d811d7f 1d891d89
0422720 1d7b1d83 1d841d78 1d851d82 1d7c1d86
0422740 1d811d87 1d861d84 1d901d8a 1d901d8d
0422760 1d8f1d91 1d851d8d 1d851d88 1d921d89
0423000 1d941d8d 1d861d8f 1d931d8d 1d921d99
0423020 1d941d88 1d991d91 1d941d95 1d951d9a
0423040 1d931d96 1d951d8e 1d951d94 1d9f1d99
0423060 1d9b1da0 1d9e1d9f 1da81d9f 1da31da9
0423100 1da51da7 1da31dad 1da51da8 1da51da1
0423120 1daf1daa 1db11db0 1db11daf 1dac1da8
0423140 1db81da8 1dae1dad 1daa1db0 1db21db3
0423160 1db81dbb 1db91db7 1db11db5 1dbb1db5
0423200 1dc21dbd 1dbc1dba 1db91db1 1dc01dbb
0423220 1dbf1dc2 1dbd1dbf 1dc21dba 1dcc1dc9
0423240 1dc31dcb 1dc01dc4 1dbf1db9 1dbf1dc9
0423260 1dc11dc1 1dc61dcc 1dc61dca 1dd21dcb
0423300 1dd21dd2 1dd21dd4 1dd51dd9 1dd71dd2
0423320 1dd81dd5 1ddf1dd2 1dde1ddf 1ddb1de5
0423340 1ddb1ddb 1de01ddd 1de21de0 1dd91ddd
0423360 1de01ddf 1de71de3 1de41de9 1de71de1
0423400 1df11de8 1df11df0 1ded1df2 1dec1df0
0423420 1de21de7 1df11de6 1df61dec 1dee1df2
0423440 1df31def 1df61df9 1dfa1dfa 1dfb1dfd
0423460 1dfa1dfd 1df21dfb 1df51df9 1dfb1df8
0423500 1dfb1dfa 1df81df8 1e001e00 1e081e02
0423520 1dfb1dfe 1e0c1dfd 1dfc1dfd 1dff1e02
0423540 1e041e05 1e0b1e09 1e001e08 1e071e06
0423560 1e101e09 1e0c1e0b 1e131e0a 1e081e07
0423600 1e0b1e04 1e0c1e0f 1e131e0f 1e111e14
0423620 1e0c1e0f 1e0a1e0e 1e101e0e 1e101e16
0423640 1e0f1e0f 1e0d1e0d 1e121e18 1e161e17
0423660 1e171e15 1e161e19 1e0f1e10 1e111e16
0423700 1e1f1e1e 1e251e24 1e201e22 1e1e1e1d
0423720 1e1a1e1c 1e191e1e 1e231e21 1e281e24
0423740 1e211e28 1e1d1e25 1e261e27 1e181e1b
0423760 1e161e1a 1e201e22 1e251e22 1e251e21
0424000 1e181e21 1e151e18 1e1c1e18 1e1f1e1c
0424020 1e221e24 1e241e1f 1e221e1f 1e231e1f
0424040 1e231e21 1e1f1e22 1e221e1c 1e251e22
0424060 1e231e29 1e251e1d 1e2b1e27 1e291e25
0424100 1e2d1e2b 1e241e26 1e251e26 1e211e22
0424120 1e241e21 1e2d1e25 1e2e1e2c 1e2e1e29
0424140 1e2e1e2d 1e311e30 1e291e2a 1e2c1e2e
0424160 1e291e2d 1e2b1e2f 1e281e27 1e2c1e27
0424200 1e281e28 1e1e1e26 1e281e26 1e291e24
0424220 1e2a1e2c 1e221e26 1e231e2c 1e271e21
0424240 1e331e29 1e2e1e2c 1e261e2b 1e2d1e29
0424260 1e3b1e32 1e421e3d 1e361e3a 1e2e1e2b
0424300 1e291e2d 1e261e2c 1e2f1e28 1e331e33
0424320 1e371e3a 1e2e1e35 1e311e31 1e261e28
0424340 1e2b1e21 1e2d1e31 1e2f1e35 1e2c1e2b
0424360 1e2d1e29 1e2e1e2c 1e301e2b 1e301e32
0424400 1e2c1e2e 1e341e2c 1e361e2f 1e361e31
0424420 1e341e38 1e351e3a 1e371e37 1e331e33
0424440 1e2e1e31 1e321e2e 1e341e30 1e311e30
0424460 1e361e30 1e2d1e2d 1e311e2e 1e301e37
0424500 1e2f1e31 1e2b1e2e 1e331e2c 1e2f1e30
0424520 1e351e38 1e311e35 1e331e31 1e451e39
0424540 1e3d1e41 1e3b1e3c 1e2e1e38 1e321e33
0424560 1e2e1e30 1e2b1e32 1e2d1e2a 1e321e32
0424600 1e331e33 1e3c1e3a 1e431e45 1e3a1e3c
0424620 1e301e3b 1e391e37 1e3e1e37 1e341e3a
0424640 1e321e32 1e341e35 1e341e30 1e381e37
0424660 1e371e37 1e3a1e34 1e321e3d 1e321e33
0424700 1e351e33 1e301e33 1e2d1e30 1e321e2f
0424720 1e381e33 1e341e39 1e2e1e35 1e2d1e2f
0424740 1e351e26 1e361e37 1e321e32 1e321e39
0424760 1e331e31 1e381e2d 1e341e30 1e3a1e37
0425000 1e371e37 1e381e38 1e371e3a 1e391e35
0425020 1e341e34 1e381e37 1e3e1e3c 1e3e1e3a
0425040 1e361e35 1e401e3a 1e3b1e3c 1e3c1e3b
0425060 1e441e3f 1e471e42 1e371e39 1e3a1e3a
0425100 1e451e3d 1e451e40 1e471e45 1e3d1e43
0425120 1e401e40 1e3d1e3f 1e421e3d 1e3c1e40
0425140 1e431e49 1e431e4c 1e421e43 1e4b1e48
0425160 1e4e1e4d 1e461e4b 1e471e45 1e4e1e47
0425200 1e4f1e50 1e461e4b 1e4d1e46 1e4d1e57
0425220 1e501e4f 1e4f1e50 1e4f1e52 1e4f1e4e
0425240 1e4f1e51 1e511e57 1e571e59 1e5a1e5c
0425260 1e581e61 1e651e5c 1e5c1e67 1e5d1e5d
0425300 1e611e5a 1e641e5f 1e6d1e6a 1e6b1e68
0425320 1e711e69 1e6d1e67 1e6c1e6b 1e6a1e71
0425340 1e651e6b 1e6b1e69 1e731e6b 1e6e1e74
0425360 1e751e78 1e731e78 1e761e78 1e751e73
0425400 1e6e1e71 1e771e71 1e7f1e7d 1e781e7c
0425420 1e701e76 1e781e79 1e811e7d 1e831e86
0425440 1e851e7d 1e861e87 1e881e8d 1e921e89
0425460 1e861e8c 1e981e8e 1e991e94 1e981e9b
0425500 1e9a1e9c 1e9b1e9a 1e9d1e9b 1e9d1e9b
0425520 1e9a1e9e 1e9a1ea1 1e9f1ea1 1e961e9e
0425540 1e971e97 1e9a1e98 1e961e95 1e9f1e9f
0425560 1ea31ea2 1ea21ea6 1eaa1ea6 1ea41ea6
0425600 1ea11eaa 1ea91eab 1eab1ea8 1eaf1eab
0425620 1eb21eb0 1eaf1eaf 1eb41eb5 1eb51eb6
0425640 1ebb1eb1 1eba1eba 1eba1ebd 1eb71ebb
0425660 1eba1ebb 1ec41ec4 1ec01ebf 1ec21ec8
0425700 1ec81ecc 1eb91ebc 1ebd1ebd 1ec61eba
0425720 1ec31ec8 1ec81ebd 1ecd1ecb 1ed41eca
0425740 1ecc1ed7 1ed41ed2 1edc1ed6 1ede1ed4
0425760 1ed71ed8 1ed41ed7 1ed51edc 1edd1ed9
0426000 1ed91edd 1ed81edc 1eda1ed9 1ed81eda
0426020 1edd1ee0 1ee51eda 1ede1ede 1edf1ede
0426040 1ee51ee7 1ee31ee1 1ee51edc 1ee41ee2
0426060 1edb1edd 1ee01edf 1eea1ee6 1ee81ee4
0426100 1ee71eea 1ee91ee8 1ee81eef 1ee91eeb
0426120 1ee11ee2 1ee41ee4 1ef41ee7 1ef41ef1
0426140 1ef31ef2 1eee1eef 1ef11ef4 1eef1eef
0426160 1eeb1ee7 1ee41ee4 1ef61eee 1eec1ee8
0426200 1efa1efa 1ef81efa 1ef41ef4 1ef41eef
0426220 1ef81ef2 1ef91efe 1efe1ef5 1efd1eff
0426240 1ef91ef7 1ef51efa 1eee1ef9 1ef31eef
0426260 1ef61ef6 1efa1efa 1efd1efa 1eee1eef
0426300 1ef91ef3 1ef21ef8 1eec1ef2 1ef21ef3
0426320 1ef81efc 1ef21efc 1ef81efa 1efa1ef5
0426340 1efc1ef7 1efc1efe 1ef91efd 1f021f00
0426360 1efd1ef8 1f031f00 1f021efc 1efe1f03
0426400 1f031f00 1f001efd 1f041efc 1efa1efc
0426420 1ef61efd 1ef51efe 1efc1efb 1ef41ef5
0426440 1ef11ef7 1ef61ef8 1ef71efc 1ef41ef5
0426460 1efa1ef5 1ef61ef6 1ef01ef9 1ef11ef2
0426500 1eff1efb 1efc1eff 1ef81efa 1f041efe
0426520 1efa1f02 1f041f00 1f061f05 1f051eff
0426540 1f011f09 1efd1efd 1efb1efa 1ef71efa
0426560 1ef31ef3 1ef71ef6 1ef21ef3 1ef31ef0
0426600 1ef41ef2 1efb1ef8 1efc1efd 1ef21efd
0426620 1ef71efd 1ef31ef2 1ef21ef6 1ef41ef3
0426640 1ef61ef3 1ef61ef2 1ef21ef6 1eef1eee
0426660 1ef01ef1 1ef01eef 1ef01ef0 1ee81eef
0426700 1ef91eed 1ef31ef8 1f051efc 1ef61efb
0426720 1ef21ef0 1ef11ef0 1ef71efb 1ef71ef3
0426740 1eee1ef3 1ee61eeb 1eee1eed 1eec1ef1
0426760 1ef41eed 1eef1ef1 1ef41ef2 1ef11ef1
0427000 1ef11ef3 1eef1eed 1ef21ee4 1eee1ee9
0427020 1ee81eec 1ee41ee7 1eee1ee6 1eeb1ee9
0427040 1ef11eea 1eeb1ee9 1ee71ef0 1ee81eeb
0427060 1eed1ee5 1ee61eea 1ef01eee 1ef21eee
0427100 1eef1eed 1eee1eee 1eed1eec 1ee91eed
0427120 1eed1ee9 1eef1eed 1eeb1eee 1eea1eec
0427140 1eeb1eed 1eee1eea 1eef1ee5 1eeb1ef3
0427160 1eee1eec 1ee91eef 1ee11ee7 1ee61ee8
0427200 1eeb1ee6 1eeb1eed 1ee91ee9 1eef1ee9
0427220 1ee61ef0 1eeb1ee8 1ef21eed 1ee81ef0
0427240 1eeb1ee9 1ef01ee9 1eea1eea 1eeb1eea
0427260 1ee41ee7 1ee81ee5 1ee61ee5 1ee71ee8
0427300 1ef31eed 1ef11ef2 1ef01ef2 1ef21eec
0427320 1ef61ef4 1eeb1ef2 1ef11eef 1ef91ef3
0427340 1ef51ef7 1ef71ef5 1ef81ef6 1ef11ef0
0427360 1ef31ef4 1ef81ef1 1f001ef3 1f001eff
0427400 1efc1f00 1eff1efa 1efe1f00 1f011f02
0427420 1efe1ef4 1efe1f03 1efb1f05 1f011efd
0427440 1f001efb 1efd1f05 1efe1f04 1efd1f04
0427460 1f0a1f00 1f111f10 1f181f11 1f0d1f15
0427500 1f111f17 1f0d1f0e 1f0f1f0c 1f131f0e
0427520 1f0a1f10 1f0c1f0d 1f161f10 1f1a1f19
0427540 1f141f13 1f161f13 1f171f1a 1f1a1f17
0427560 1f251f1c 1f221f1d 1f1a1f1b 1f251f23
0427600 1f211f1d 1f191f16 1f251f1a 1f281f24
0427620 1f271f2e 1f271f27 1f2b1f27 1f2a1f2b
0427640 1f271f22 1f251f29 1f2b1f24 1f391f2a
0427660 1f411f32 1f391f3d 1f421f3c 1f3a1f3e
0427700 1f391f38 1f361f3b 1f3d1f3b 1f421f47
0427720 1f3e1f3f 1f431f41 1f3f1f43 1f3e1f3f
0427740 1f461f44 1f471f49 1f4b1f3e 1f4d1f49
0427760 1f4f1f4d 1f541f54 1f511f4e 1f561f51
0430000 1f581f56 1f5e1f58 1f591f57 1f581f54
0430020 1f591f56 1f591f5a 1f591f59 1f631f5e
0430040 1f621f5f 1f661f63 1f651f60 1f601f5f
0430060 1f641f62 1f651f63 1f5e1f5f 1f6c1f6a
0430100 1f6a1f71 1f761f74 1f751f7a 1f711f75
0430120 1f6d1f6d 1f711f74 1f661f6b 1f751f6d
0430140 1f751f7a 1f711f75 1f751f77 1f771f7a
0430160 1f7e1f7f 1f851f83 1f801f85 1f871f7a
0430200 1f861f87 1f861f8e 1f8e1f8d 1f891f8a
0430220 1f8a1f89 1f8e1f85 1f7e1f8c 1f881f80
0430240 1f891f8c 1f911f8f 1f8e1f93 1f8a1f8a
0430260 1f8f1f88 1f8d1f8f 1f941f89 1f941f95
0430300 1f951f93 1f931f91 1f971f94 1f941f9a
0430320 1f961f9c 1f971f9c 1f9c1f9f 1f9a1f98
0430340 1f9c1f9a 1f9c1f9d 1f971f9c 1f941f98
0430360 1f9d1f97 1f9a1f9a 1f981f95 1fa61fa4
0430400 1fa21fa4 1fa11fa2 1fa31f9d 1fa81fa9
0430420 1fa11fa3 1fa11fa1 1f9f1fa1 1fa21faa
0430440 1fa71fa4 1fa01fa9 1fad1fa9 1fad1fac
0430460 1fa81fab 1fac1faf 1fab1fb3 1fa71fa6
0430500 1fad1fae 1fa91fa7 1fa51fb0 1fab1fab
0430520 1fb41fad 1fb41faf 1fb51fad 1fb91fb9
0430540 1fba1fbb 1fb31fb2 1fad1faf 1faa1faf
0430560 1faf1fb4 1fae1fac 1fae1fb0 1fa91fb3
0430600 1fa81fb0 1fb01fae 1fad1fac 1fad1fa9
0430620 1fae1fb1 1fab1fb9 1fac1faa 1fbb1fac
0430640 1fb61fb9 1faf1fab 1fb21fb6 1fb31fb5
0430660 1fb41fb3 1fb31fb3 1fb21fb5 1fb01fb1
0430700 1fb11fb3 1fb71fb5 1fb51fb1 1fb31fb7
0430720 1faf1fb6 1fb61fb5 1fba1fb8 1fbb1fc1
0430740 1fab1fb9 1faf1fae 1fae1fb2 1fb21fb0
0430760 1fb01fb3 1fae1faf 1fb51fae 1fb61fb7
0431000 1fb21fb7 1fb71fb3 1fb31fba 1faf1fb3
0431020 1fa71faa 1fb31fb1 1fae1fac 1fb61fb5
0431040 1fac1fa2 1fa51faf 1fab1fab 1fac1fa9
0431060 1fa81fa7 1fa41fa6 1f9f1fa5 1fa81fac
0431100 1fb01fab 1fab1fa6 1fac1fb2 1fa81fa7
0431120 1fa11fa8 1f9e1f9d 1fa21f9d 1fa51fa2
0431140 1fa41fa6 1fab1fa9 1fad1fa8 1fa71fad
0431160 1f9b1f9f 1fa71fa1 1fa51f9d 1fa91fa6
0431200 1fa61fa2 1fb11fa4 1fa51faf 1f9f1fa1
0431220 1fa01f9c 1fa71fa3 1f9b1f9e 1f9e1fa4
0431240 1fa01f9f 1f9c1f95 1f951f92 1f981f94
0431260 1f931f9a 1f981f9b 1f9f1f99 1f991f9b
0431300 1f961f98 1f961f9b 1f901f92 1f921f91
0431320 1f8d1f93 1f8e1f90 1f931f92 1f991f97
0431340 1f8e1f94 1f831f89 1f941f8f 1f8c1f8e
0431360 1f951f92 1f921f8b 1f8e1f93 1f8d1f92
0431400 1f931f92 1f941f93 1f901f91 1f851f91
0431420 1f8b1f8f 1f911f91 1f8f1f8f 1f8b1f89
0431440 1f901f8d 1f8d1f91 1f8a1f8c 1f821f87
0431460 1f8e1f86 1f881f87 1f861f8a 1f861f8a
0431500 1f811f85 1f811f80 1f8a1f87 1f8f1f8a
0431520 1f871f89 1f8b1f85 1f881f86 1f861f8c
0431540 1f8b1f8a 1f8d1f91 1f8d1f8d 1f911f8a
0431560 1f911f91 1f9a1f9b 1f921f94 1f911f90
0431600 1f951f92 1f8f1f8a 1f901f92 1f971f90
0431620 1f951f90 1f941f93 1f9b1f98 1f911f9b
0431640 1f961f8f 1f911f8f 1f961f8e 1f941f92
0431660 1f981f92 1f9d1f93 1f971f95 1f9b1f94
0431700 1f9c1f9c 1f9b1f9c 1f9e1fa2 1f9c1f9b
0431720 1fa91fa2 1fa21fa8 1fa01fa7 1f9a1fa2
0431740 1f9b1f94 1f9c1f97 1fa01f9f 1f9c1f9d
0431760 1fa11fa2 1fa21fa0 1fa71fa8 1fad1fae
0432000 1fab1fa5 1fa81fab 1fac1fa7 1fad1fad
0432020 1fac1fab 1fa61fb0 1fa61fa7 1fb01fad
0432040 1fad1fab 1fa91faa 1fa61fac 1faa1fa3
0432060 1fbc1fac 1fba1fbe 1fbe1fb7 1fb91fbd
0432100 1fbf1fbb 1fb51fb9 1fbd1fbb 1fb51fb2
0432120 1fba1fb7 1fba1fbf 1fc11fbf 1fbc1fbc
0432140 1fc11fb9 1fc41fc4 1fc41fca 1fc11fc3
0432160 1fcf1fc8 1fc61fcc 1fcf1fd0 1fcc1fd3
0432200 1fd01fcf 1fd71fcf 1fd71fd0 1fd21fcb
0432220 1fd31fd8 1fd71fd6 1fe21fda 1fe41fe4
0432240 1fe41fe9 1fe51fe3 1fea1fe4 1feb1feb
0432260 1fe61fe9 1fe31fe5 1fe71fe8 1fe81fe6
0432300 1fe91fed 1fe61fed 1fe51fe6 1fe91fe9
0432320 1ff21fe8 1ffb1ff6 1ff41ff3 1ff41fef
0432340 1ff01ff4 1ff11ff1 1ff01fe7 1ff71ff5
0432360 1ff71ff7 1fec1ff7 1ffb1ff6 1ffd1ffb
0432400 1ff82000 20022000 20032001 20012004
0432420 20072001 20062005 1ffe1ffd 20062007
0432440 20072003 20082002 20032004 20052003
0432460 200a2009 200a2007 2009200b 20042007
0432500 2008200a 200d2011 20082004 200f2007
0432520 2010200e 20112009 20122011 2014201a
0432540 20112015 201e201c 2017201a 20172019
0432560 2018201a 2013201e 201c200f 201d2013
0432600 20142018 201b2014 201a201e 201b201a
0432620 20242023 201d2025 2027201e 20242021
0432640 202a2024 201c2025 20222025 20282025
0432660 202b202a 202b2030 20242027 20282025
0432700 20282027 202a2029 20262028 20242023
0432720 202a202c 2028202d 202a202d 202a202e
0432740 20272025 2031202c 202a202e 20392030
0432760 203c202e 203e203b 2030203e 20312031
0433000 2036202f 20332035 20322031 202d2031
0433020 202d202c 2034202e 20352032 20302036
0433040 203e2041 203c203e 20442034 2033203f
0433060 2035203b 20392035 20352032 203d2031
0433100 2036203b 202d2032 202d2036 202e2030
0433120 2031202d 20322033 20372035 20362037
0433140 20342035 203a203a 20392031 2039203c
0433160 20352038 20322031 2029202b 20302031
0433200 202c202c 20352032 2031202c 20322034
0433220 20352033 20382037 20332031 20382032
0433240 20362036 20332039 20342038 20302031
0433260 20302031 2030202e 203b2037 20322035
0433300 202a2038 20292035 20312027 2028202f
0433320 2033202f 20362032 20352031 20372037
0433340 20342035 20382037 2033203a 202c2034
0433360 202a2028 2028202b 202a202f 202a202a
0433400 202b2026 202e2022 2025202a 2026202a
0433420 202f202b 20282026 2031202b 2032202d
0433440 2028202a 20222023 2022201e 202e2027
0433460 2025202b 2020201c 2021201b 20292023
0433500 20292029 201d202d 20172022 201d201b
0433520 201a2017 201f2019 201e201d 201b201d
0433540 2024201d 20242023 20242021 200d2012
0433560 20142017 200d2012 20162014 201f2012
0433600 20222023 201b2022 200f201e 20152011
0433620 20142018 20112015 200d2018 20142014
0433640 2011200d 2010200d 20102016 2012200c
0433660 200b2012 200c200a 2010200c 200d200d
0433700 20102010 200d2013 2008200d 20152011
0433720 20112012 2008200b 200d2012 200e200c
0433740 20142010 200e2013 20032008 200e2007
0433760 200d200f 2018200f 2008200d 200b200a
0434000 200e200e 200d2007 20112012 200c2007
0434020 200e1fff 20132017 2013200c 20182013
0434040 201b2019 2018201c 200e2017 200c200e
0434060 200d200d 2014200c 20162017 201c2018
0434100 201d2017 20142013 20132017 200a2010
0434120 200e2010 20142011 200e200f 200e2013
0434140 200a2011 200d200c 200b200a 200f200e
0434160 20142015 201e2017 20212029 20262023
0434200 20282022 2014201f 201d2020 20162020
0434220 2021201e 20202022 201a201c 2019201b
0434240 2017201d 201e201d 2023201f 20292020
0434260 202c2024 202d202c 202d2028 20332029
0434300 2025202f 202b2026 2030202d 2023202c
0434320 202a2028 202f202f 20312034 20362034
0434340 20392034 20342032 20322034 20382038
0434360 203d2039 20332036 20372033 203d2036
0434400 203b2035 203a203d 20472044 204b203f
0434420 204f204d 204d204e 204e204a 204e204c
0434440 20452046 20432045 20432049 20432046
0434460 20452047 2054204b 20502047 20572055
0434500 20522054 20512059 2057204f 20532050
0434520 205d205a 204f205a 2047204b 205c2059
0434540 2058204e 205e205b 205b2057 2060205a
0434560 205a2061 205e205f 20612061 2062205e
0434600 20632060 20672069 206e2068 206a206c
0434620 20722071 20792071 20752076 206d2076
0434640 206d2067 20692068 2068206e 20702069
0434660 2071206f 20792078 206d207c 20742077
0434700 20792075 20772075 20722076 20782075
0434720 20802078 207d2082 207b207d 207f207f
0434740 207d2081 207c2080 207d207f 208a2081
0434760 208b208d 207e2085 2089207e 20812088
0435000 2078207e 20822083 20802084 207c207f
0435020 207d2079 207d2080 20862081 20952091
0435040 20902096 2090208d 2089208c 208c208d
0435060 208f2099 20972092 20972092 209a2099
0435100 20932091 208a208e 208b208b 20972094
0435120 20912094 20942092 2093208d 20942090
0435140 20932092 20922093 20922093 208e2090
0435160 2089208d 208a2087 2097208f 2094209a
0435200 2092209a 20932097 20962097 20992093
0435220 20922091 20962095 2094209b 20a2209e
0435240 209b20a5 20a420a4 20952096 209b2091
0435260 208c208c 20912090 20962098 20982093
0435300 2097209a 20962094 20a1209f 209c2099
0435320 209a209f 209f20a0 20a420a4 20a320a1
0435340 209e20a1 209f20a2 20a220a1 20a7209f
0435360 20a620a7 20a720a1 20a420a2 209f2098
0435400 209b2098 20a220a0 209f209d 209b209d
0435420 2098209b 209b209e 20a1209b 20a720a6
0435440 209d20a5 2097209d 20a0209b 209e209c
0435460 209b20a7 2098209b 20a12096 20a320a1
0435500 20a3209e 209c209a 209920a1 20a0209c
0435520 20a3209f 20a720a6 20a520a4 20a720a7
0435540 20a720a8 20a920a6 20aa20a8 209a209c
0435560 209c209e 209a209a 20a8209f 209e20a5
0435600 209f20a1 209c209d 20a1209e 20a3209e
0435620 209e209e 209a209f 209920a1 209e2097
0435640 209f2099 209c209c 209c209d 209d209f
0435660 20a1209a 20a220a1 209a209c 20972097
0435700 2096209b 20912093 20902090 208f2091
0435720 208a2090 20942091 208d2090 208a208d
0435740 2090208d 20952091 20922091 209e208d
0435760 209f2099 209c2096 20922098 2096209c
0436000 20922092 2092208f 20952091 208b2096
0436020 208d2084 20882089 2087208c 208d2086
0436040 20842087 20872089 2087208f 2087208c
0436060 208a208c 20932092 2089208e 208b208a
0436100 20882082 20892085 20822083 20892091
0436120 208d208d 20872088 20812088 20802083
0436140 20882082 208e2089 2091208e 2090208a
0436160 208f208e 20922092 20882090 2090208f
0436200 208c208b 20852087 208b2088 2085208a
0436220 2086207e 20832082 20892089 20832081
0436240 20852086 20862084 20832085 20842087
0436260 208a2089 208e208c 2091208b 20932090
0436300 20982097 20922098 208b2099 208c208e
0436320 20872089 2088208a 20892089 2092208f
0436340 20922092 208c208f 2091208e 208d2090
0436360 208e2091 2090208d 208f2093 20962097
0436400 208d2095 2088208b 208a2084 208d208d
0436420 2098208e 209d209a 20982096 20972096
0436440 20982093 20982093 2091209a 209e2096
0436460 20942096 208c2094 20952099 208b2092
0436500 20a42098 20962091 2097209a 2099209f
0436520 20a2209e 209e20a0 20a1209d 20a120a1
0436540 20a2209e 20a620a5 209920a3 2099209d
0436560 20932093 20982098 20a920a6 20a820ab
0436600 20a0209f 20a820ac 20a520aa 20a120aa
0436620 20a0209e 20a620a3 20a720a2 20b020b2
0436640 20ad20ad 20ad20ac 20b320a7 20ac20ad
0436660 20b420b0 20bc20b9 20b620b6 20ba20b4
0436700 20b620b8 20b920b9 20bc20c0 20b520bb
0436720 20bc20b6 20bc20b5 20b620ba 20b020b8
0436740 20b220ab 20b320b5 20b920b9 20b220b9
0436760 20b820b8 20b720b7 20bb20c1 20c620c1
0437000 20c620c9 20ca20ce 20cc20c6 20c520c3
0437020 20c420c5 20cb20cd 20c720d0 20c420ca
0437040 20c920bc 20ca20c6 20c920c5 20c720c8
0437060 20cc20ca 20c120bd 20c720c7 20c520c7
0437100 20ca20ca 20d120ce 20d220cb 20cc20cf
0437120 20cb20c8 20ce20cb 20d220cf 20d020cf
0437140 20d320ce 20cb20cb 20cf20ce 20d120d0
0437160 20d620db 20d420db 20dc20d1 20e420de
0437200 20e020d7 20db20db 20d820d4 20d220db
0437220 20d920d9 20dd20d7 20da20da 20df20dc
0437240 20d920dc 20d720da 20e220d2 20da20d4
0437260 20d820d5 20db20d5 20e720de 20db20e3
0437300 20de20db 20dc20e1 20e420e4 20e920e5
0437320 20e720ea 20e820e9 20e120e8 20ed20e7
0437340 20e420e7 20e220e2 20ea20eb 20ee20f1
0437360 20e720ea 20e220ed 20e620e2 20e720e5
0437400 20e920e6 20e520ee 20ec20eb 20f020ea
0437420 20ee20e4 20f020ef 20ec20ed 20eb20ed
0437440 20ec20e7 20e920e3 20eb20e5 20f820f2
0437460 20ee20f2 20f620eb 20f420f9 20ee20f0
0437500 20e720ed 20e820e7 20ef20f4 20f520e7
0437520 20f120f5 20f420ee 20f320f5 20f720f6
0437540 20f520f5 20f320ef 20fc20f6 20f620fc
0437560 20f520fb 20f920f6 210220f7 20f520fa
0437600 20f620f7 20f620f3 20f520f1 20f520f0
0437620 20f520f3 20ef20f5 20f020f1 20f520ee
0437640 20f220ef 20eb20f1 20ef20f1 20f020f5
0437660 20fd20f6 20f820f9 20f620f4 20f520f8
0437700 20fa20f7 20f32100 20fa20f6 20f620e9
0437720 20ef20f7 20f820f5 20fc2100 20fa20f9
0437740 20f620fe 210320fd 20f920fa 20fc20f3
0437760 20fc20f6 20f720f3 20f220f4 20f520f3
0440000 20f520f2 20f820f1 20f620f6 20f120fb
0440020 20ed20f3 20f820f0 20f420f2 20f820ef
0440040 20ee20f8 20ee20f5 20ec20e8 20e620e9
0440060 20f620ee 20f120f3 20f320ee 20f020f7
0440100 20f620f4 20f220ee 20f220ef 20f220f3
0440120 20f120ef 20ec20ed 20ed20f0 20f320f3
0440140 20ec20f1 20f520eb 20e320ee 20ec20ec
0440160 20ea20f0 20de20e1 20e920ea 20e120e1
0440200 20ed20e9 20ee20ec 20ec20ed 20f020ed
0440220 20eb20ed 20ec20f5 20ec20f0 20e520e8
0440240 20e920ea 20ec20ea 20eb20e5 20f420f1
0440260 20f120ed 20ec20e9 20eb20e9 20ec20ee
0440300 20ee20ef 20f020f0 20ee20f2 20ea20f3
0440320 20f220f1 20e920f2 20ea20f2 20ea20ef
0440340 20f020f4 20f220ee 20f120f6 20f420f2
0440360 20f220ef 20f120ef 20ef20f5 20ee20ed
0440400 20ef20ec 20f320ef 20f020f5 20f120f4
0440420 20e920f4 20ea20ef 20f020f0 20f220f0
0440440 20f320ef 20ee20f2 20f420f3 20f020f3
0440460 20f520ef 20ef20f2 20f420f6 20f520f3
0440500 20f520f7 20fb20fb 20f420f7 20f120f6
0440520 20f320ef 20f320f9 20e920ee 20f320f2
0440540 20f320f3 20f720f4 20fa20f5 20fa20fa
0440560 20f720f7 20f020f6 20f120f0 20f420ef
0440600 20f020f2 20f520f1 20fb20f6 21062101
0440620 21042106 20fb2103 20f52104 210820fe
0440640 20fc20fb 20f720fa 20f220f5 20fa20fb
0440660 20fb20fb b0110483 00001004 0001000a
0440700 00010000 03b1586b 00000ffc 0001000a
0440720 1400003c add01f00 add01f01 add01f02
0440740 add01f03 add01f04 add01f05 add01f06
0440760 add01f07 add01f08 add01f09 add01f0a
0441000 add01f0b add01f0c add01f0d add01f0e
0441020 add01f0f add01f10 add01f11 add01f12
0441040 add01f13 add01f14 add01f15 add01f16
0441060 add01f17 add01f18 add01f19 add01f1a
0441100 add01f1b add01f1c add01f1d add01f1e
0441120 ff000134 00000020 00000094 ba9a05e8
0441140 00000001 deadbeef f0000094 ba9a05d4
0441160 130aaa6c 00000000 00000134 00001f48
0441200 a0115869 220320ff 22052202 21fc2207
0441220 220321fd 22012205 220b21ff 220a2203
0441240 2201220b 220421fd 21fa21fc 220221fe
0441260 21f521f8 21f721f2 21f021f1 21ea21ef
0441300 21ef21ef 21ef21ef 21e821ea 21e621e9
0441320 21f021e8 21ea21eb 21f021e6 21e721eb
0441340 21e821e7 21e221e8 21dd21dd 21e021dc
0441360 21d921dc 21de21da 21de21e0 21d921dc
0441400 21d921de 21d421d4 21d921df 21df21db
0441420 21da21da 21d921d6 21ce21d6 21d321ce
0441440 21c821c9 21c721ce 21cd21c8 21d021d0
0441460 21d121cc 21cb21cb 21c821c8 21c421c8
0441500 21c321c4 21c521bf 21c121c2 21c521bf
0441520 21b521bb 21bf21b8 21b921b8 21bb21b3
0441540 21b521bd 21bd21bc 21c421be 21be21ba
0441560 21bc21b7 21b021b5 21b721b5 21b721b6
0441600 21b621bc 21b621b1 21a721b1 21af21aa
0441620 21ae21b1 21af21b1 21b121aa 21b721b4
0441640 21ba21ba 21ae21b1 21ad21ae 21ad21b0
0441660 20e2219a 1f1e1ff6 1dfe1e78 1d8a1db5
0441700 1d581d66 1d4d1d4f 1d3f1d48 1d431d49
0441720 1d481d44 1d461d41 1d411d46 1d3f1d43
0441740 1d3d1d3f 1d451d3f 1d3f1d43 1d3e1d3e
0441760 1d371d47 1d3a1d3c 1d381d39 1d3f1d39
0442000 1d3d1d39 1d3d1d40 1d3e1d3c 1d3e1d3e
0442020 1d401d3f 1d451d42 1d441d45 1d451d4b
0442040 1d4c1d4b 1d4a1d46 1d481d4f 1d491d4c
0442060 1d4d1d4b 1d461d46 1d421d49 1d481d49
0442100 1d491d47 1d4b1d4c 1d4a1d4f 1d451d42
0442120 1d4a1d4c 1d481d4d 1d541d57 1d531d56
0442140 1d531d55 1d561d57 1d521d53 1d4f1d53
0442160 1d521d53 1d5b1d5a 1d5f1d60 1d5d1d5d
0442200 1d5a1d63 1d5d1d5b 1d5a1d5c 1d5e1d5f
0442220 1d681d67 1d651d63 1d6e1d63 1d6e1d68
0442240 1d691d6a 1d681d68 1d6b1d6e 1d661d6b
0442260 1d691d69 1d631d69 1d6b1d6d 1d6c1d6c
0442300 1d781d6f 1d781d73 1d7b1d79 1d7c1d7e
0442320 1d7e1d7f 1d7e1d7e 1d7e1d7e 1d771d78
0442340 1d7b1d7e 1d811d81 1d801d86 1d8b1d88
0442360 1d8f1d8d 1d8b1d8c 1d8c1d84 1d8e1d88
0442400 1d8f1d8d 1d961d89 1d941d97 1d951d94
0442420 1d931d8f 1d971d8d 1d9b1d9a 1da61da3
0442440 1da71da9 1dad1dab 1daa1dab 1da41da7
0442460 1da81dab 1da41da7 1dae1dab 1daf1db0
0442500 1dae1daf 1dae1dae 1dac1dac 1daf1db0
0442520 1dba1db3 1dbb1db7 1db71dbd 1dba1db5
0442540 1db91db8 1dcc1dc2 1dbe1dc4 1dbe1dbc
0442560 1dbe1dba 1dc31dc6 1dc21dc9 1dcf1dc7
0442600 1dcd1dd2 1dc71dcb 1dca1dc2 1dca1dc8
0442620 1dc71dc9 1dcd1dc8 1dcf1dd1 1dd41dc5
0442640 1ddc1dd3 1dd51dde 1dd61ddb 1ddc1de2
0442660 1ddb1dd8 1dd31dd3 1dd91dd2 1dd91dd8
0442700 1de21dde 1de21de5 1de41de5 1de71de6
0442720 1de31dea 1de01de6 1de91dd9 1dee1de8
0442740 1dec1deb 1df31df2 1df51dec 1df01df8
0442760 1df21df7 1ded1ded 1deb1deb 1df11df1
0443000 1dfc1df1 1dfc1df6 1dfe1e00 1df31dfc
0443020 1dfd1df9 1dfd1dfd 1dfb1dfa 1e061e01
0443040 1e041e05 1df51e05 1e081e02 1e0a1e07
0443060 1e021e06 1e041e0b 1e081e05 1e0a1e09
0443100 1e061e0a 1e081e0c 1e0a1e0f 1e0d1e0a
0443120 1e151e16 1e191e18 1e161e17 1e1b1e20
0443140 1e0d1e11 1e0c1e05 1e0d1e09 1e101e12
0443160 1e131e10 1e1d1e1d 1e1e1e1b 1e151e1b
0443200 1e1c1e19 1e191e1a 1e1d1e1e 1e161e19
0443220 1e1c1e18 1e151e18 1e191e14 1e201e1a
0443240 1e181e1d 1e171e14 1e181e16 1e201e21
0443260 1e221e1e 1e1b1e1f 1e281e1e 1e2d1e29
0443300 1e251e26 1e261e25 1e211e21 1e2d1e2a
0443320 1e1e1e28 1e211e22 1e1c1e1e 1e221e22
0443340 1e261e22 1e231e2c 1e241e22 1e2c1e29
0443360 1e2c1e27 1e2b1e2a 1e2f1e2e 1e291e2c
0443400 1e2e1e34 1e301e2c 1e311e31 1e1f1e26
0443420 1e301e32 1e2d1e2f 1e231e26 1e2f1e2b
0443440 1e331e2f 1e311e3a 1e361e37 1e371e3b
0443460 1e341e35 1e2f1e30 1e301e2e 1e2d1e2b
0443500 1e291e1f 1e331e23 1e2b1e2a 1e2b1e26
0443520 1e301e2c 1e231e31 1e2a1e29 1e2d1e2b
0443540 1e2c1e31 1e301e2f 1e291e30 1e2a1e26
0443560 1e2a1e2e 1e281e2c 1e2a1e2f 1e2c1e26
0443600 1e301e2a 1e2b1e28 1e241e2d 1e2e1e26
0443620 1e291e23 1e231e24 1e1b1e22 1e191e1e
0443640 1e271e24 1e251e22 1e211e26 1e181e1d
0443660 1e1a1e19 1e201e1b 1e221e1f 1e261e20
0443700 1e211e23 1e1d1e24 1e211e26 1e261e27
0443720 1e201e21 1e1b1e19 1e1b1e1b 1e1e1e1d
0443740 1e191e16 1e1e1e1f 1e281e25 1e201e20
0443760 1e231e22 1e241e1f 1e1b1e20 1e241e26
0444000 1e1e1e1e 1e1b1e22 1e191e13 1e201e1f
0444020 1e211e1c 1e1f1e23 1e211e1c 1e1f1e1d
0444040 1e191e19 1e241e22 1e201e21 1e261e27
0444060 1e1e1e20 1e1e1e20 1e231e21 1e151e1d
0444100 1e1e1e1a 1e1b1e15 1e1b1e15 1e171e16
0444120 1e1f1e16 1e211e24 1e1f1e21 1e1f1e24
0444140 1e241e27 1e221e26 1e271e28 1e281e22
0444160 1e231e20 1e1a1e20 1e251e21 1e211e27
0444200 1e201e24 1e281e21 1e231e27 1e191e1d
0444220 1e1c1e1d 1e1e1e1a 1e241e23 1e261e29
0444240 1e2a1e25 1e271e27 1e291e26 1e2e1e2f
0444260 1e281e28 1e2c1e33 1e281e2d 1e2e1e2c
0444300 1e321e29 1e311e2a 1e311e31 1e311e37
0444320 1e2e1e28 1e2f1e2e 1e371e30 1e2b1e31
0444340 1e2d1e32 1e2e1e28 1e2a1e30 1e2e1e32
0444360 1e2c1e2b 1e371e35 1e3a1e39 1e3a1e33
0444400 1e3d1e3c 1e3b1e3a 1e441e41 1e3d1e41
0444420 1e421e3b 1e351e40 1e361e3b 1e3f1e3f
0444440 1e421e3c 1e421e40 1e391e47 1e3c1e41
0444460 1e3e1e41 1e421e3f 1e3e1e3d 1e3d1e3e
0444500 1e411e40 1e501e4c 1e481e4a 1e4f1e4b
0444520 1e451e4e 1e481e48 1e481e4f 1e481e43
0444540 1e501e48 1e4d1e4f 1e521e49 1e551e5b
0444560 1e571e51 1e5e1e54 1e5a1e5a 1e601e5f
0444600 1e5c1e5f 1e571e54 1e581e53 1e5a1e57
0444620 1e5f1e5f 1e691e65 1e631e5e 1e681e66
0444640 1e631e61 1e6a1e6c 1e681e6a 1e6b1e66
0444660 1e691e6c 1e6f1e71 1e751e73 1e781e7d
0444700 1e791e70 1e741e73 1e731e74 1e711e74
0444720 1e751e74 1e6d1e71 1e731e6f 1e731e72
0444740 1e751e79 1e7c1e79 1e801e80 1e811e78
0444760 1e871e83 1e871e84 1e761e7e 1e811e7b
0445000 1e7c1e77 1e7a1e7c 1e7f1e81 1e821e88
0445020 1e871e84 1e8c1e84 1e8a1e8b 1e7c1e87
0445040 1e891e83 1e8d1e84 1e931e91 1e8e1e95
0445060 1e8e1e8f 1e941e90 1e931e8f 1e931e92
0445100 1e991e93 1e901e96 1e951e94 1e961e91
0445120 1e9f1e97 1e9a1e94 1e941e91 1e991ea0
0445140 1e9e1e9f 1ea01e93 1e9c1e9d 1ea61ea2
0445160 1eaa1ea3 1e9f1e9d 1ea71ea9 1ea21ea8
0445200 1eaa1eac 1ead1ea4 1eb01ead 1eb01eaf
0445220 1eb21eb4 1eab1eae 1eb51eb3 1eb01eab
0445240 1eac1eab 1eae1eb1 1ea81eab 1ea81ead
0445260 1eb31ead 1eb01eb6 1eb71eb7 1eb71ec0
0445300 1eb81ec4 1ec21eb4 1ec01eb9 1ec51ec3
0445320 1eba1ec1 1ec41ec3 1ec51eba 1ed11ec9
0445340 1eca1ed0 1ec91ece 1ec51ec8 1ecf1ec1
0445360 1ece1ec7 1ecb1ecb 1ed51ed3 1ed61ed3
0445400 1ed21ed1 1ecf1ecd 1ec71ecf 1ed01ecf
0445420 1ed71ecf 1ed41ed8 1ed21ed0 1ed41ed3
0445440 1ed91ed8 1edb1ed7 1ed61eda 1ee11ee0
0445460 1edb1edd 1ed61ede 1ede1edb 1ede1edb
0445500 1eec1ede 1ed51ee7 1edb1edf 1edf1ee2
0445520 1ede1edf 1ee61edd 1edc1ee0 1ee31ee2
0445540 1ee01ee9 1ee31ee0 1ee51ee0 1ee01ed9
0445560 1eeb1ee2 1ee61ee3 1eec1ee3 1eed1eeb
0445600 1eeb1eea 1ef01eed 1ef51ef6 1eeb1ef1
0445620 1eef1eed 1ef21eee 1eea1eee 1ef21ef0
0445640 1ef41ef4 1eff1efb 1ef61ef5 1ef21ef3
0445660 1eef1ef4 1ef41ef1 1ef11ef6 1ef41eef
0445700 1efc1ef0 1ef51efa 1ef71ef5 1ef81ef7
0445720 1ef91ef7 1ef71efb 1ef81ef6 1ef41ef6
0445740 1ef41efe 1eee1efc 1eef1ef1 1eea1eea
0445760 1efb1ef6 1efb1f04 1ef91efc 1ef41ef9
0446000 1eec1ef1 1ef41eea 1ef81ef0 1ef21ef6
0446020 1eea1ef2 1eec1eef 1ef21eee 1eee1eee
0446040 1eec1eec 1eea1eee 1efa1ef9 1ef01ef4
0446060 1eee1eec 1ee91eee 1ee81ee8 1ee71eeb
0446100 1eed1ee3 1ee61ee6 1ef01ee7 1ef41eef
0446120 1eef1eee 1eed1ef1 1eef1ef1 1eed1ef1
0446140 1ef31eef 1ef21ef3 1ef41eed 1efa1efa
0446160 1ef11ef4 1ef71ef0 1ee81eef 1eed1ee0
0446200 1ef41eef 1ef11ef6 1ef51ef7 1efa1ef8
0446220 1ef01ef4 1ef31ee9 1eef1eee 1ef11ef2
0446240 1eec1ef8 1ef41ef0 1eee1eed 1eee1eef
0446260 1ef51ef1 1eed1ef3 1eec1eef 1eea1eee
0446300 1ef51eef 1efc1ef8 1efa1efb 1ef91ef3
0446320 1ef31ef0 1ef21eed 1eec1ef4 1ef71ef2
0446340 1ef41ef2 1ef61eef 1ef41ef3 1ef21ef2
0446360 1ef41eed 1ef61ef4 1efd1ef8 1efc1efd
0446400 1ef51f00 1ef51ef7 1ef91efb 1eff1efa
0446420 1f001f00 1efc1efb 1eff1f05 1efc1eff
0446440 1f021eff 1f061efe 1f0a1f03 1f091f0a
0446460 1efd1efc 1ef81efe 1eff1f01 1efd1efe
0446500 1f031f01 1f051f06 1f0a1f00 1f021f03
0446520 1ef81efe 1efc1efe 1efd1efa 1f021eff
0446540 1f0d1f06 1f0c1f09 1f101f10 1f0e1f0a
0446560 1f061f05 1f071f09 1f081f0c 1f051efe
0446600 1f081f0b 1f161f10 1f0d1f0b 1f0e1f0f
0446620 1f131f0c 1f131f19 1f0c1f0c 1f0c1f0a
0446640 1f0d1f08 1f171f13 1f181f14 1f1a1f1a
0446660 1f141f13 1f101f11 1f0f1f14 1f191f17
0446700 1f191f18 1f191f15 1f191f16 1f161f19
0446720 1f1d1f14 1f201f16 1f1c1f1d 1f191f19
0446740 1f251f1d 1f1e1f23 1f141f17 1f1d1f14
0446760 1f231f1a 1f251f22 1f221f23 1f241f1e
0447000 1f201f20 1f1c1f1d 1f261f1e 1f221f21
0447020 1f271f25 1f1c1f27 1f271f28 1f241f28
0447040 1f301f27 1f2c1f28 1f271f24 1f271f24
0447060 1f291f2f 1f281f2f 1f2c1f2b 1f2f1f30
0447100 1f2a1f31 1f2a1f2c 1f2b1f2e 1f2f1f2f
0447120 1f301f2d 1f341f31 1f311f33 1f371f33
0447140 1f321f2c 1f331f38 1f2c1f32 1f361f33
0447160 1f321f37 1f3a1f37 1f2f1f35 1f311f34
0447200 1f331f33 1f341f31 1f331f35 1f341f36
0447220 1f331f32 1f381f3b 1f3e1f3b 1f3d1f3a
0447240 1f3c1f48 1f381f3c 1f411f3a 1f3e1f3e
0447260 1f451f3b 1f491f4a 1f471f50 1f441f48
0447300 1f421f42 1f451f46 1f3d1f43 1f461f47
0447320 1f451f42 1f481f45 1f491f48 1f411f4b
0447340 1f3e1f3e 1f471f44 1f511f42 1f481f41
0447360 1f4d1f53 1f511f4f 1f4f1f50 1f4c1f4b
0447400 1f511f4d 1f4e1f53 1f521f4f 1f511f51
0447420 1f4a1f4a 1f4a1f45 1f551f55 1f551f56
0447440 1f531f5d 1f581f57 1f591f5a 1f511f4e
0447460 1f511f51 1f521f5c 1f561f54 1f661f5c
0447500 1f621f63 1f5f1f66 1f611f60 1f571f5a
0447520 1f631f5a 1f5c1f61 1f5e1f64 1f651f61
0447540 1f691f5f 1f6c1f6c 1f691f6c 1f681f67
0447560 1f6a1f71 1f6c1f6c 1f6d1f6b 1f6a1f6b
0447600 1f6e1f6d 1f631f67 1f601f68 1f6b1f68
0447620 1f671f66 1f6a1f69 1f751f71 1f731f68
0447640 1f6c1f6a 1f761f71 1f741f7f 1f7b1f7a
0447660 1f721f7a 1f6f1f74 1f691f65 1f6f1f6e
0447700 1f781f7a 1f731f71 1f7b1f75 1f761f7a
0447720 1f711f79 1f7b1f78 1f811f78 1f7c1f81
0447740 1f791f7c 1f811f79 1f761f79 1f721f70
0447760 1f761f6f 1f761f77 1f7c1f77 1f881f87
0450000 1f861f86 1f821f85 1f7b1f7e 1f831f82
0450020 1f821f7f 1f8c1f84 1f831f88 1f7d1f7a
0450040 1f831f86 1f7f1f86 1f891f83 1f9a1f92
0450060 1f8b1f8e 1f8c1f93 1f811f89 1f871f8b
0450100 1f821f86 1f801f88 1f8d1f86 1f861f84
0450120 1f851f8a 1f8f1f88 1f8d1f95 1f871f89
0450140 1f931f94 1f931f8f 1f871f89 1f821f84
0450160 1f8a1f80 1f8f1f8b 1f8c1f8c 1f871f8f
0450200 1f841f83 1f891f87 1f861f88 1f821f8b
0450220 1f8b1f86 1f891f8e 1f8c1f8f 1f951f8f
0450240 1f951f90 1f8b1f8b 1f8b1f95 1f8b1f93
0450260 1f911f95 1f931f94 1f981f93 1f881f90
0450300 1f871f8a 1f911f8f 1f8d1f8b 1f8d1f8c
0450320 1f8d1f8a 1f8b1f8e 1f8e1f93 1f8b1f90
0450340 1f8c1f8c 1f911f8b 1f901f92 1f931f8f
0450360 1f991f93 1f921f92 1f8e1f93 1f861f8e
0450400 1f8d1f91 1f8d1f8b 1f8d1f8b 1f8b1f8c
0450420 1f8f1f8f 1f8d1f91 1f8c1f85 1f871f88
0450440 1f8f1f8c 1f8f1f93 1f891f8c 1f8b1f89
0450460 1f911f8b 1f911f8c 1f981f8c 1f9a1f99
0450500 1f9a1f9c 1f9d1f97 1f991f9c 1f961f98
0450520 1f991f9b 1f9a1f9b 1f971fa0 1f961f9c
0450540 1f971f97 1f941f90 1f971f99 1f981f99
0450560 1f9c1f9a 1f9d1fa1 1f9d1fa5 1f981f9d
0450600 1f9e1f9e 1fa11f9a 1f9c1fa8 1fa61fa4
0450620 1fa51f9d 1fa51fa4 1fa41fa6 1f9e1fa6
0450640 1fa81fa1 1fa01f9f 1f9f1f9c 1f9d1fa2
0450660 1fa21fa4 1fac1fa9 1fa51faa 1fa31fa5
0450700 1fa41fab 1fa21fa5 1fa61fa7 1fa21fa6
0450720 1fa01fa5 1fa11fa0 1fa71fa4 1fac1fa7
0450740 1fac1fae 1fac1fb4 1fb31fb6 1fb41fb3
0450760 1fb31fb5 1fb61fb1 1fb51fb3 1fab1fab
0451000 1faa1fa8 1fb31fad 1fb01fb2 1faf1fac
0451020 1fb51fb8 1fb31fb0 1fb21fad 1fb21fb0
0451040 1fba1fb3 1fb61fb7 1fb81fb5 1fb41fb2
0451060 1fc21fbd 1fc01fc4 1fbc1fc4 1fba1fba
0451100 1fb91fbe 1fb21fb3 1fc01fb5 1fbd1fbc
0451120 1fbf1fbe 1fc51fc2 1fc41fc0 1fc41fba
0451140 1fc01fc2 1fbb1fbe 1fc51fba 1fc41fc2
0451160 1fbf1fc5 1fbb1fbe 1fc71fc5 1fcb1fc7
0451200 1fcf1fd0 1fd21fcb 1fcd1fcb 1fc41fcc
0451220 1fcc1fc8 1fc21fc7 1fc41fcb 1fc81fc7
0451240 1fce1fd2 1fc91fcb 1fc91fc5 1fcb1fca
0451260 1fcb1fcd 1fcb1fc8 1fcb1fce 1fd81fcf
0451300 1fd11fcd 1fd21fd4 1fdb1fd4 1fdb1fdb
0451320 1fce1fd7 1fd11fcb 1fcb1fd3 1fd41fd2
0451340 1fcb1fd2 1fd31fce 1fce1fce 1fcc1fd1
0451360 1fcc1fcf 1fd61fcf 1fc71fcf 1fd51fcd
0451400 1fcf1fcf 1fcf1fd1 1fd01fd1 1fd51fce
0451420 1fd01fd1 1fd21fd9 1fce1fd2 1fce1fd4
0451440 1fc61fc7 1fcb1fce 1fd51fcd 1fda1fd1
0451460 1fd81fda 1fd41fd8 1fd51fd5 1fd01fd5
0451500 1fd91fd4 1fd91fdb 1fdf1fd9 1fe81fdf
0451520 1fd71fe0 1fd71fda 1fdd1fd5 1fe11fe0
0451540 1fdb1fdc 1fde1fde 1fcd1fd7 1fd71fd7
0451560 1fd41fd4 1fdd1fd5 1fd41fdd 1fd81fd8
0451600 1fd61fde 1fda1fda 1fda1fdb 1fd71fdb
0451620 1fd51fd5 1fd91fd9 1fdd1fde 1fdb1fe0
0451640 1fd61fdb 1fd81fd9 1fda1fda 1fd81fdf
0451660 1fda1fdd 1fde1fde 1fda1fe0 1fe71fe5
0451700 1fdd1fe5 1fd61fd8 1fda1fdd 1fe01fe2
0451720 1fe41fe3 1fea1fdd 1fea1fea 1fec1fed
0451740 1fe71fea 1fe81fe7 1fe01fe6 1fe41fe3
0451760 1fe41fe7 1fe91fe9 1fec1fec 1feb1fea
0452000 1fe91fe7 1ff21fef 1fe81fe5 1fe21fec
0452020 1fe91fe8 1fe61fe9 1fe31feb 1fe71fe2
0452040 1fef1fe9 1fec1fea 1fed1ff0 1fec1fec
0452060 1fe91fe8 1fec1ff1 1ff11feb 1ff31fee
0452100 1fef1ff0 1fef1ff1 1fee1ff1 1fef1fed
0452120 1fef1fee 1fee1fef 1ff01ff1 1ff61fef
0452140 1fec1fe9 1ff71ff0 1ff51ff2 1ff31ff2
0452160 1ff41ff4 1ff81ff6 1ff81ffa 1ffa1ff4
0452200 1ffb1ff7 1ffd1fff 1ffb1ffd 1ffe1ff7
0452220 1ffe1ffb 1ff71fff 1ffa1ff6 1ff81ffc
0452240 1fff1ffe 20001ff9 20042000 1ffc2006
0452260 1ff71ffa 1ff71ff9 1ff81ffa 1ffa1ffb
0452300 20092000 20082007 20042003 1ff91ffb
0452320 1ff91ffc 1ffa2005 20042006 20042008
0452340 20082006 1ffc1fff 1ffd1ffd 1ff81ffb
0452360 1ffe1ffb 1fff2000 20001fff 1ff82000
0452400 20062003 20032002 20011ffa 20001ffc
0452420 1ffe2000 1ffb1ff8 20042004 20022000
0452440 20092006 20032008 20032001 20052007
0452460 2000200b 20052009 20012005 1fff2002
0452500 20031fff 20032003 200a2000 20032011
0452520 1fff1ffa 1ffa2006 20001ffa 20062005
0452540 20072004 200a200f 20082005 2008200b
0452560 20042005 20042006 20011ffc 200e2005
0452600 20052006 20042008 20072008 200c2006
0452620 200a2006 200c200c 200a2016 200f2016
0452640 2010200e 20102011 20062003 2009200c
0452660 20082007 200f200d 2014200d 20112011
0452700 20152013 200e2017 20182012 201c2019
0452720 2018201a 20122013 20122014 20112015
0452740 201a2012 2027201b 201d2022 201b201f
0452760 2024201e 20212023 201a2016 201c2019
0453000 2015201a 201d201a 201b2021 201c2017
0453020 201a201c 201f201d 20252020 20262025
0453040 202a202a 202f202b 202b202e 20292026
0453060 2021201f 201f2027 20252026 2025202c
0453100 2026202d 20252026 2031202c 202e2034
0453120 202e2035 202f2030 202c202b 2025202f
0453140 202e202d 202a202a 2036202f 20352030
0453160 203a2036 20372036 202f2031 20342033
0453200 20312033 20352034 20382038 20442036
0453220 203e2042 203f2048 2043203f 203f2043
0453240 203d2044 203a203c 20442043 203a2043
0453260 20412044 2038203e 203e203a 203f203b
0453300 203c203d 2034203a 203c203c 20492041
0453320 204a204f 20482047 20502052 2047204b
0453340 2046204c 2048204e 20482041 20462047
0453360 2049204e 204f204a 204a2052 204d204c
0453400 204f204d 204d2051 2052204a 204e2048
0453420 2041204c 204b2049 20472049 204b204d
0453440 2054204e 20532050 20522053 204f2052
0453460 20512050 205a2056 20582059 204e2053
0453500 2053205a 204f204e 20542056 204e2054
0453520 204c2050 20532054 20582054 205c2058
0453540 20582053 20562058 2055205b 20602055
0453560 20572059 20552052 204e2050 20552059
0453600 20512059 205a2056 20562055 204f204f
0453620 2050204c 204a2050 204e2049 20522051
0453640 204e2052 2052204d 20532050 20512055
0453660 2051204c 204d204b 204f204f 2054204f
0453700 20562053 205a2058 204e205c 20522053
0453720 2059205a 20582057 204d2058 20572055
0453740 205d205d 205c205d 20582057 20552059
0453760 205a2054 205a2053 205a2054 20612057
0454000 20532054 205b205d 2060205e 205f205c
0454020 205a205b 205e205c 20572055 2059205c
0454040 205f2057 20562055 2056205e 205c2054
0454060 20532058 205f2053 2060205a 2059205f
0454100 205d2056 2068205c 20582063 205e2057
0454120 20562057 2056204f 20522060 2060205b
0454140 20602059 205b205d 2059205e 2059205b
0454160 20542057 20522052 204f2053 20572050
0454200 2059205a 205a2053 20592059 2056205a
0454220 205e2055 2056205a 20522055 205a2053
0454240 205f205b 205d205e 205b2065 20652062
0454260 20632060 20602059 205e205e 205c2060
0454300 20612056 20582059 205a205a 205a205e
0454320 20632062 20692067 20622060 205d2060
0454340 205f2061 20612063 2058205d 205a205c
0454360 20562054 2060205d 20632067 20582064
0454400 205c205a 20602064 205d2060 2065206b
0454420 20622066 20612063 205b2061 20612068
0454440 20622068 2064205a 2065205e 20672074
0454460 205d205d 2060205e 20602058 205d2057
0454500 20602063 20612062 2063205f 20682065
0454520 20622067 20592061 205f205e 205f205d
0454540 2061205f 20602063 20662068 206c2070
0454560 20672066 205a2063 2055205f 2053205e
0454600 205d2058 205d205b 2060205d 205d205b
0454620 2060205e 205c205d 205b2064 205e2060
0454640 205e205b 205b205e 205b205e 20652063
0454660 20602061 205e2060 2059205c 205f205c
0454700 20652064 20612062 206f206a 205b2062
0454720 205c2056 205f2060 205d2057 2059205f
0454740 2058205d 20542058 205a2059 205c2060
0454760 205b205d 20602065 205c2059 2059205b
0455000 205d205a 205e205a 20552059 2063205b
0455020 20692060 20662066 206c2063 20692063
0455040 2062206c 20632068 20692065 20692068
0455060 2064206b 20612062 2067206b 206b206a
0455100 206d206b 206e2072 206e206f 2069206b
0455120 206a2066 206b206a 20712070 20742076
0455140 20692078 207a2071 207a2075 207b2077
0455160 207e207e 207e207e 2075206f 2084207e
0455200 2078207e 207f2085 207d207e 207e207e
0455220 2085207b 207d2089 20832081 207f207b
0455240 2082207d 207f207f 2083207e 207d2082
0455260 20832086 20882084 208c208b 208d208e
0455300 208c208e 208a208d 2085208d 207e2085
0455320 20892088 20842085 20882088 2090208e
0455340 20972092 20952094 209e2098 20992090
0455360 20972096 20932095 20952091 209c209a
0455400 2098209d 20a220a3 20a420a1 209d20a5
0455420 20a520a8 20a120a4 20a9209e 20b220ae
0455440 20a820aa 20a420a1 20af20a6 20ac20a9
0455460 20b020af 20ae20b1 20ad20ae 20b120b0
0455500 20a820b3 20b220b0 20ad20b2 20b420b5
0455520 20b320b4 20b420b1 20b120b3 20b320bb
0455540 20bd20b8 20bd20b7 20bf20bd 20b620bc
0455560 20be20bc 20bc20c4 20bd20bc 20c120bf
0455600 20bc20c4 20c220be 20bd20be 20b820c0
0455620 20bf20bf 20c220bd 20c220c2 20c420c7
0455640 20cb20ca 20c820c6 20c720c7 20c420cb
0455660 20cb20cb 20d120cf 20db20d5 20d720d3
0455700 20c620ca 20d420d0 20d620d5 20d520d6
0455720 20d420d2 20d120d0 20d420d8 20ce20d5
0455740 20d420d5 20db20d7 20d920dd 20d520d2
0455760 20d820dc 20d020d6 20d520d9 20d220cc
0456000 20cf20cb 20d520d3 20d020d0 20d620d4
0456020 20ce20d9 20c920d0 20d120d6 20cd20d4
0456040 20ce20cd 20d220d3 20cf20d5 20cf20ca
0456060 20d120c8 20d320ce 20ce20cc 20cc20d1
0456100 20d320d2 20d820d9 20da20ce 20d520d1
0456120 20cf20d5 20d920d9 20d320db 20d520d0
0456140 20d320d5 20d120d5 20d320cf 20d920d5
0456160 20e320d4 20d820dc 20db20df 20d520d9
0456200 20dd20d7 20d620d8 20d120d6 20d520d8
0456220 20d020d2 20cc20cd 20d720cf 20d420d8
0456240 20d820d6 20db20dc 20cf20d8 20d320d0
0456260 20ce20cc 20d020ce 20d420de 20d020d5
0456300 20d120ca 20cc20d0 20d220d0 20d720d3
0456320 20d420d0 20d220d5 20d820d9 20d920da
0456340 20d420d7 20cf20d0 20d120d2 20ce20d0
0456360 20d020cd 20ce20d0 20d520cf 20d320da
0456400 20de20d8 20d920d8 20ca20db 20cb20cb
0456420 20d220d1 20cd20cf 20c920c9 20d120cf
0456440 20cc20ce 20cf20cf 20cc20cf 20cb20cf
0456460 20c820c9 20ca20c7 20cd20cc 20ce20d0
0456500 20ca20d3 20cc20c5 20c520c7 20cb20c3
0456520 20cc20cb 20ce20cf 20ca20ca 20cf20ca
0456540 20ca20c9 20cb20cb 20cf20d4 20ce20cd
0456560 20d020cd 20d220cf 20ce20d0 20cc20d2
0456600 20c820c9 20c920ca 20cf20cc 20d020ce
0456620 20cd20ce 20cc20ce 20cc20c9 20c720c8
0456640 20c420c1 20bb20c0 20bf20c8 20c020be
0456660 20bc20bc 20bb20be 20c320c2 20c920cc
0456700 20c220c0 20c020b9 20bc20be 20bc20c0
0456720 20c620c3 20c420bf 20c720c1 20c220c3
0456740 20bc20be 20c320bb 20b120b5 20be20b2
0456760 20b420ba 20b820bc 20b420bc 20b420b1
0457000 20ba20b0 20c020ba 20ba20bf 20be20be
0457020 20ba20ba 20ac20ad 20ab20ab 20a820a9
0457040 20ac20a8 20b620b4 20b120b7 20a720a4
0457060 20ac20a6 20aa20b8 20b320a8 20b320b3
0457100 20af20ad 20ae20aa 20b720af 20b120ae
0457120 20a520ae 20a820a7 20a020aa 20a420aa
0457140 20a820a7 20a920a6 209d20ac 20a920a6
0457160 20aa20aa 20ac20a3 20ae20a6 20a520af
0457200 20ab20a9 20ab20ab 20b420a7 20a720ad
0457220 20aa20af 20af20af 20b320ae 20af20b2
0457240 20aa20a7 20ab20a9 20a920a5 20ab20ac
0457260 20aa20ac 20b420af 20ad20ad 20ad20a9
0457300 20a920ac 20ad20ac 20b120ac 20b020b0
0457320 20af20b0 20a920b4 20ac20aa 20b320b1
0457340 20b320b4 20c120b9 20b520ba 20b020b7
0457360 20c320bc 20ba20bd 20b020b1 20bf20b1
0457400 20bd20bf 20c520c1 20bd20bc 20bd20c1
0457420 20c220c3 20be20bf 20c120bc 20c320c2
0457440 20bc20bc 20be20c4 20c320bf 20c020c4
0457460 20c520c6 20c820c7 20c620cd 20c720c5
0457500 20c420c9 20c620c2 20c820c9 20cc20ce
0457520 20cc20cd 20d320d7 20d320d8 20ce20d1
0457540 20c820cb 20d120cd 20d720cf 20d020cf
0457560 20d220d7 20da20d5 20dc20db 20e420df
0457600 20dd20da 20dd20df 20d920de 20de20e1
0457620 20dd20e0 20d820dc 20db20d7 20e720e3
0457640 20e320e6 20e920e2 20e820ec 20e820ef
0457660 20f220f0 20f820f6 20ea20ee 20e620e7
0457700 20ea20ef 20f620f2 20e720f6 20f020f0
0457720 20eb20e5 20f620eb 20f120f5 20fb20f7
0457740 20f820f5 20f62102 20f920fc 20fe20fc
0457760 20fe2100 210220fb 20fe20fa 21072101
0460000 210a210e 21062108 21062100 21022104
0460020 21092103 21082108 20ff2109 210d2101
0460040 21012102 2108210a 21042107 210d2109
0460060 210d210a 21172111 21142116 211e211a
0460100 210b2115 21112108 21112111 21172114
0460120 211a2114 2119211c 2120211e 2112211a
0460140 211c2117 211b211d 211f211d 21292122
0460160 21212121 21232123 21222126 211d211c
0460200 2120211e 211d2125 211f2122 21202125
0460220 2123211e 21232123 211d211d 21272127
0460240 212c212a 212d212a 212e2127 21232123
0460260 212d212c 21312134 212e2130 212d2125
0460300 2127212c 21222127 2125212d 21282123
0460320 21292129 21212128 21222124 212b2127
0460340 213a2131 21392133 2124212f 2136212f
0460360 21342136 212a2135 2133212d 2128212f
0460400 212b212d 212a2131 21362129 212c212f
0460420 212a2126 212b212a 21282128 212c212d
0460440 21282124 2131212d 212d212c 2126212f
0460460 212b2127 213c2138 21352138 213b2137
0460500 21342139 21302139 21312130 21332131
0460520 212e2136 212f2130 212f2130 21392137
0460540 21392133 2132213a 212f2133 212e2128
0460560 212f212f 212d2132 2134212f 212d2133
0460600 21372136 21342133 2132212e 212c2132
0460620 212c212d 212f2128 212c2132 21332133
0460640 21332130 212f2136 2126212b 2130212b
0460660 21332133 21322131 212a212b 212d212c
0460700 212c2130 b0115869 00000f18 0001000a
0460720 00010000 03b1586c 00000ffc 0001000a
0460740 1400003c add01f00 add01f01 add01f02
0460760 add01f03 add01f04 add01f05 add01f06
0461000 add01f07 add01f08 add01f09 add01f0a
0461020 add01f0b add01f0c add01f0d add01f0e
0461040 add01f0f add01f10 add01f11 add01f12
0461060 add01f13 add01f14 add01f15 add01f16
0461100 add01f17 add01f18 add01f19 add01f1a
0461120 add01f1b add01f1c add01f1d add01f1e
0461140 ff000134 00000020 00000094 bafa35a4
0461160 00000001 deadbeef f0000094 bafa3590
0461200 13036212 00000000 00000134 00001f48
0461220 a010586a 220d212b 2211220f 220e2215
0461240 2213220e 2212221b 22162214 22162217
0461260 22122218 220f2218 221c221b 2220221b
0461300 221e221c 2218221a 22152216 2222221c
0461320 2217221b 22162214 221a2218 2220221e
0461340 221f2221 22252223 221b221a 221a221a
0461360 22182219 2219221e 221c2219 2221221a
0461400 22182215 22122216 22112213 22132216
0461420 220b2211 22092210 2213220f 2213220c
0461440 22092210 22082209 220e2207 2207220d
0461460 220a220b 2209220f 220f2209 2206220e
0461500 22062207 22082209 220d2204 2214220e
0461520 220d2213 220f220c 2207220e 22092206
0461540 220b220b 22082205 22062202 22012200
0461560 220c2208 22062207 22042207 22042202
0461600 22062205 21fb2204 22022201 22042201
0461620 21fe21ff 21fb21fb 21f92201 220021fe
0461640 21f821fc 21f121f9 21f221f4 21f621f9
0461660 21ee21ef 21e921ec 21f821f2 21f921fc
0461700 21bf21f4 2127216f 20ba20e5 207c2093
0461720 20692070 20612064 206b205b 20682069
0461740 20622063 205a205f 2061205e 2062205d
0461760 2058205c 20532057 20522052 20592055
0462000 20562056 204d2053 20532052 2055204d
0462020 20572055 20582051 2048204f 2053204c
0462040 20522054 2050204d 2049204a 20482050
0462060 20492047 2045204a 2047204f 2050204e
0462100 204f2050 204c2048 2047204c 20452049
0462120 203f2048 20412046 203a203d 203d203a
0462140 203a2036 203e203b 203d2040 203f2038
0462160 20432046 20432045 20482041 20462044
0462200 203d203e 203f2042 20402044 2045203b
0462220 20412043 20382042 203d203f 203c2039
0462240 20352039 203c203c 203e2039 203b203b
0462260 20332035 2037203b 203a2035 20382037
0462300 2043203e 2043203f 20442042 2037203e
0462320 2040203f 2047203e 20452046 20392044
0462340 20352040 20382038 203a203f 203c2034
0462360 203a203f 2041203f 20482049 2045204c
0462400 20462046 204e2048 20402047 203f2045
0462420 204b2047 204f204a 20472048 20432040
0462440 203d2042 2051204a 20492043 20432044
0462460 203b203c 20402047 20452045 2047203f
0462500 2057204b 2054204d 2053204f 20552059
0462520 2055204f 20532059 20542056 20592057
0462540 205b2057 2057205a 205e205c 20562058
0462560 2057205e 205e205c 20592061 2066205e
0462600 20672063 20692068 20702070 206c2067
0462620 206a206e 20602063 20672069 2070206f
0462640 206f206b 20742076 206f2075 2079206f
0462660 206d2077 2073206e 207d2079 207b207d
0462700 207d207b 207c207b 207f207a 2083207f
0462720 20832084 2088208b 208b208d 208f208b
0462740 208d208d 208b2087 208b208c 208b208c
0462760 20972095 20a12098 2096209a 20972099
0463000 209f209c 2093209b 2099208b 209d2093
0463020 209b209d 20962098 209e209c 20ad20a3
0463040 20a920a6 20a920ae 20a720a6 20b020a9
0463060 20b420b0 20af20b0 20ab20af 20b020ae
0463100 20ac20ae 20b520ad 20b120b2 20ae20b0
0463120 20b320ae 20b520b1 20c120b9 20ba20bf
0463140 20ba20ba 20b820b5 20bf20bf 20ce20c7
0463160 20c820c7 20cb20cf 20c520cc 20c920c7
0463200 20d120c2 20ce20ce 20cc20d0 20ce20d3
0463220 20d220d5 20cf20cd 20cb20c7 20ca20cf
0463240 20d120cf 20d620d7 20de20da 20de20e5
0463260 20e220db 20df20de 20e020e0 20de20e1
0463300 20e620e1 20e120e4 20de20d8 20d620d5
0463320 20e220d9 20d920e1 20e220df 20ee20eb
0463340 20ea20e9 20ee20ec 20e220e4 20e420de
0463360 20ec20e8 20e820e5 20ec20ea 20e020e6
0463400 20eb20df 20ec20e6 20f620ee 20e420e5
0463420 20eb20e8 20e520e7 20e420e7 20f020ee
0463440 20f020eb 20ee20f1 20f020f9 20f720f4
0463460 210520f4 20fc20fc 20f920f3 20f220f8
0463500 20f720f2 20f620f3 20fb20ec 20f320f6
0463520 20f620f5 20f420f1 20f320f6 20f620ed
0463540 20f320f0 20f720f2 210020fb 20fd2100
0463560 210520fb 20f820f9 20fd20fc 20fd2104
0463600 20fd2102 20fb20f7 20f620f7 20f420f4
0463620 20f420f6 20f120f7 20f620f8 20ec20f1
0463640 20f020f4 20fe20fb 20f820f6 20f320f7
0463660 20f220ef 20f320f4 20f220f7 20f620fa
0463700 20f020f4 20ef20ed 20ed20e7 20f120f0
0463720 20f320f2 20f620f0 20f120f1 20eb20ee
0463740 20f320f7 20ee20f3 20e420ec 20e920e9
0463760 20ea20ec 20e720eb 20e320e3 20de20e3
0464000 20ec20e4 20e520e2 20e520e1 20e420e5
0464020 20e120e4 20db20de 20d720db 20db20dc
0464040 20e320e1 20db20dd 20d920d9 20d420d8
0464060 20dd20d6 20d820dd 20d820d3 20c720d4
0464100 20d520d5 20d020d2 20c320cf 20cc20cc
0464120 20c320c4 20c820c7 20c320c5 20c420c5
0464140 20c520c1 20c120c5 20c420c3 20c120c6
0464160 20bb20c1 20bd20b9 20bd20c0 20bb20bb
0464200 20c020ba 20b920bd 20b320b9 20b620b1
0464220 20b120af 20ab20af 20ad20ae 20b320af
0464240 20b420b5 20a920ad 20ab20ae 20aa20b1
0464260 20b020ae 20a620aa 20a320ab 20a220a3
0464300 20a820a7 20a520a7 20a220ac 20a420ab
0464320 20a220a2 209d209e 20982092 20992092
0464340 20912096 208e2091 208a2089 208d208b
0464360 20942095 20972095 20932095 208d2091
0464400 2088208d 208f208e 20942091 208e208c
0464420 2082208c 20832081 2093208e 208b2091
0464440 20862089 20832085 20812081 20832083
0464460 20822082 20832084 2081207e 208b2087
0464500 20822083 207f207e 2080207f 207e2082
0464520 207c2078 20792078 20772080 2080207f
0464540 207e207e 2077207e 207a2078 2079207e
0464560 207f2078 20802078 207b207f 20792078
0464600 207a207c 207f2081 2082207b 20822081
0464620 20812089 2074207a 207d2080 2084207b
0464640 207f2083 2081207b 207b207d 207c207b
0464660 207a2075 2083207c 20842083 208f2086
0464700 2087208b 20862081 208c2089 207f2086
0464720 207d2086 207c2081 2080207b 20872082
0464740 2088208a 208a2089 20902090 208f2095
0464760 20932092 20992097 2094209a 20952093
0465000 20942095 2092208e 20872088 208a208b
0465020 208c2090 20972092 209a209a 20942097
0465040 20952094 20952091 20972098 20a120a2
0465060 209f209d 209f20a0 20a320a4 20a520a0
0465100 20a420a0 20a220a2 20a7209f 20ae20ad
0465120 20a520a6 20a520ab 20aa20a4 20ad20ab
0465140 20b220b5 20b520b4 20b220b1 20b720b7
0465160 20bc20c2 20c520c6 20c620c6 20c820c9
0465200 20c820c8 20c720ce 20cb20cf 20cb20ce
0465220 20c320c1 20ca20c4 20ce20d1 20d720d4
0465240 20cb20c7 20d120c8 20d620d3 20d320d8
0465260 20d020d2 20d020d1 20dd20d9 20dd20d4
0465300 20da20de 20e120e2 20e420df 20ed20e5
0465320 20e620e9 20ec20e4 20f520ee 20f220ef
0465340 20ed20f5 20fa20f5 20f520f7 20fc20f2
0465360 20f720f7 20f820fb 20f720ef 20f220f5
0465400 20fc20f9 20ff2102 20ff20fe 210420ff
0465420 21042101 20fd20fd 21052104 21032105
0465440 21052105 21082106 210c210c 210e210d
0465460 211a2114 21142110 210f2116 210d2114
0465500 210a210d 21122103 21132111 21152113
0465520 211b2116 211d2122 211a2120 2116211d
0465540 211a211d 21242120 21232129 21282123
0465560 211e2120 2125211e 21202128 2123211b
0465600 21252125 21262129 21202123 21272125
0465620 21282127 21282123 212b2129 212a212a
0465640 212d2128 21282128 21332127 21322134
0465660 21362133 21382138 21352131 2130212e
0465700 2128212a 21332134 213a213a 213d2134
0465720 213c2137 2140213e 21402145 2144213e
0465740 213c2141 21432140 21422147 213c2141
0465760 213c213e 213c2137 2143213e 213b213b
0466000 213a213b 213f213f 2138213c 2141213e
0466020 21382140 21312139 21332136 21342132
0466040 213a2139 213d213c 21372136 2138213f
0466060 2139213b 21402137 21422145 213f2142
0466100 213c213e 213e213d 213b213b 213e213d
0466120 213d213f 21362138 213b213e 213f2134
0466140 21372137 21392137 213c213d 21392136
0466160 21372136 2133212f 212d212f 21352132
0466200 212d2130 21322124 212f2126 212f2133
0466220 212e212c 212b2132 212a212f 21272127
0466240 212f2126 212e212d 21302130 2138212e
0466260 212a2133 2123212d 21202128 2123211d
0466300 21222123 2116210f 211a211a 211e2118
0466320 21142116 21172120 21152116 21152113
0466340 2117211d 211b2119 21212118 211b2119
0466360 21132110 21122114 210d210b 210b210a
0466400 210d210c 210a2110 21002109 21012105
0466420 21012108 210a2102 20fd2105 20f620fb
0466440 20fb20f9 20fb20fa 20f820f8 20eb20f6
0466460 20f320f5 20ea20e7 20ee20ee 20e920f0
0466500 20ec20e7 20e820f1 20e120eb 20dc20df
0466520 20da20dc 20d520d7 20d920d7 20dc20d8
0466540 20da20e1 20de20d6 20df20dc 20e320dd
0466560 20dc20e3 20d720d4 20e220dd 20dd20da
0466600 20df20d7 20d120d7 20d320ce 20ca20d2
0466620 20d720d4 20d320d6 20d420d3 20cb20ce
0466640 20c320c6 20c320c3 20c020c2 20be20c5
0466660 20c820c1 20be20bc 20c020bd 20c520c2
0466700 20bf20c2 20c720c5 20c120c9 20b120bd
0466720 20b720b4 20b820b2 20c520c1 20c220c0
0466740 20bd20bf 20bd20c4 20b320b9 20bd20bb
0466760 20b420b6 20b420b7 20b720b9 20b220b6
0467000 20ba20b0 20b620b4 20b320b6 20b420b7
0467020 20ac20ac 20b520a8 20b120b5 20b020ae
0467040 20b120b0 20b820b0 20b120b3 20b120b8
0467060 20b020ac 20b620b6 20af20ab 20b020ac
0467100 20ac20b3 20b020b2 20b120bd 20bc20b4
0467120 20c520be 20b620b5 20b520ae 20b320b1
0467140 20b920ba 20b220b4 20b720b0 20b520b9
0467160 20b020b3 20ba20b7 20c020bc 20bc20bd
0467200 20ba20bd 20bd20bd 20c420c6 20c420b8
0467220 20ba20c6 20b920c1 20ba20bb 20c020c0
0467240 20bf20bd 20c220c2 20c320c0 20c120c7
0467260 20c820c2 20d120cf 20d020cf 20c520c6
0467300 20ca20c6 20cd20ca 20d520ce 20d220d7
0467320 20ca20cf 20c920d1 20c520c9 20d320cd
0467340 20d820d4 20d520d2 20d620d4 20d820d4
0467360 20d220dd 20da20d4 20d520d8 20d620dd
0467400 20dc20dc 20da20da 20de20d9 20e020e4
0467420 20e120e2 20e220e3 20e320e6 20e720eb
0467440 20ec20e6 20ef20ee 20f020eb 20ef20ef
0467460 20f020e9 20f520f5 20f520fc 20fe20fc
0467500 20fd20fb 20fa20f8 20f820f9 20fc20fd
0467520 21092105 21122108 21052106 210b2106
0467540 21022104 21052106 210d2108 2108210e
0467560 210f210d 21162113 210f2118 21142111
0467600 21132111 21132119 21192118 211c211d
0467620 21192118 21212121 211f2121 211e211e
0467640 21232121 2126211e 21212120 21202125
0467660 21272122 2127212a 212b2128 212d212e
0467700 2133212e 212b2134 212f2131 213a212a
0467720 2139213c 21352138 213a2138 2137213b
0467740 213f213e 213c213b 213f2139 213e213f
0467760 2143213e 21462141 2143214a 2144213f
0470000 21522147 21532152 214f214e 2152214c
0470020 21542151 214b2151 214b214f 2150214e
0470040 2150214c 21552157 2154215b 21502154
0470060 2150214d 21532151 215e215a 2159215d
0470100 215b2158 2159215c 2160215a 215b215f
0470120 215e2161 215f215d 215d215c 21612160
0470140 215f2162 21692168 21622161 21602162
0470160 2165215b 21662166 21682169 2175216a
0470200 21732176 21772171 2164216f 21742170
0470220 2170216c 216d2168 216d2169 21692169
0470240 216d2172 2164216b 216a2162 216b216b
0470260 21602169 21672169 2174216e 2174216a
0470300 21712173 2170216a 216d2170 21672167
0470320 21692167 2170216a 21752171 2176217c
0470340 216d2171 21742173 216f2173 2168216d
0470360 216a216f 21702172 2177216e 21732171
0470400 21742171 216f216f 216a216b 216d2166
0470420 216c2168 216d2160 215f2168 21642165
0470440 21642160 21662160 21682163 21652169
0470460 21692163 21622161 216a2166 2167216a
0470500 2163216a 21602164 21642169 21652169
0470520 215b215e 21602158 21592158 215a2157
0470540 21572156 21502151 21492150 21482148
0470560 2148214b 2140214c 2142214a 214a2142
0470600 214c2143 21432147 21462140 21472141
0470620 21412144 2137213b 2138213a 21332136
0470640 21362136 213c2138 213f213e 213b2139
0470660 2137213b 213c2134 2132213e 21372132
0470700 21302135 21302137 212f2133 212f2136
0470720 2132212d 2132212e 212e2128 212d2134
0470740 212c212d 212c212c 212d212a 211c2121
0470760 21162123 211a210d 21192117 211b2116
0471000 21142119 210c2114 21112110 2113210f
0471020 21172117 210e2117 21172112 21172113
0471040 2109210e 21092108 210d2105 21062109
0471060 2108210c 210c210b 21012103 21052107
0471100 21072109 210a2109 21062108 210a2103
0471120 21052104 20fc2101 20fe20fd 20f820f7
0471140 20fe20fb 21022103 20f720f9 20f820fa
0471160 20f920fd 20fb20fa 20f120f3 20f320e6
0471200 20f620f5 20fc20f1 20f720f8 20fc20f2
0471220 20f920f8 20ef20f6 20f820f7 20f620f3
0471240 20f220f3 20f320e7 20fa20ec 20ef20f8
0471260 20fa20f2 20f320f6 20f820f4 20fc20f6
0471300 20f720f6 20f520f5 20e920e8 20ee20ef
0471320 20e720ea 20ec20e9 20f020f1 20f520f0
0471340 20f520f6 20fa20f4 20f720f8 20f220f0
0471360 20ee20f1 20ef20ed 20e820e6 20ea20e7
0471400 20ec20eb 20ec20eb 20ef20ee 20e920f0
0471420 20ec20ee 20f920f3 20f320fa 20f720f4
0471440 20f120f7 20f020ec 20ee20f1 20f620f1
0471460 20f820fb 20ff20ff 20ff20f8 20f420fb
0471500 21042100 20fd20ff 210020fd 210120fc
0471520 210020ff 210020fd 20ff2100 21062106
0471540 210b2103 21062106 2103210a 2105210a
0471560 2105210f 21022102 210c2104 21102108
0471600 210c210e 210b210b 21122107 210d210c
0471620 2115210f 21162110 2115211c 21152115
0471640 21112111 2113210c 21122116 2118211a
0471660 211b211a 211d2117 211d2118 21162120
0471700 211a211d 211d211a 2122211f 21262121
0471720 211e2123 2122211b 2121211f 2125211e
0471740 21272126 212c2130 212a212b 212a2123
0471760 212d212a 21362129 213b2138 213d2143
0472000 2135213c 21372132 2138213a 2135213f
0472020 2140213d 213b213d 213a2139 213b2138
0472040 2133213d 213c213e 2144213c 213e2140
0472060 213e2140 21432143 21472149 21432144
0472100 214c2149 21472140 214b2146 214f214b
0472120 21562150 21532153 21522152 21592157
0472140 215c215b 2156214f 21632158 215d2159
0472160 21582155 21632159 21562162 2162215e
0472200 215c215b 21582158 2159215a 215b215f
0472220 21612159 2157215b 21572162 215f2162
0472240 21652160 21672166 21622163 21682167
0472260 2166216d 2165216b 2170216f 216d2171
0472300 21722174 21712178 216f2169 216f216e
0472320 216d2173 2171216b 2177217a 21702178
0472340 21722170 216f2171 216e2169 21702172
0472360 21782176 21822179 21852184 217f2182
0472400 21852187 21862189 2185217f 217f2182
0472420 2177217b 21872185 2182217e 21812182
0472440 218a218c 21802183 21772180 21872189
0472460 21842182 21882180 21882186 218a218d
0472500 2184218e 21892189 21822180 21882188
0472520 21912194 218d2192 218e218f 218d2188
0472540 21872184 2186218a 218e2187 218a2184
0472560 2189218b 218e2189 21942192 2192218d
0472600 218c218d 21902193 218a2191 218e2189
0472620 218b218e 21902189 218b2189 218c218d
0472640 218c2192 21862188 2192218a 2191218e
0472660 218f2193 21922186 218b218d 218f218c
0472700 218b2187 218c218e 2188218a 21882187
0472720 217e2184 2182217a 21842183 218d2188
0472740 2185218b 2182217b 2178217a 217f2179
0472760 21802178 217f217b 2180217e 217a217b
0473000 21772179 21762178 21722174 21742170
0473020 21702171 216c216b 21762174 21722170
0473040 216b2169 216e216a 2169216a 21652170
0473060 21682164 216a2169 21632162 21612166
0473100 21582161 21632158 21622164 215e2162
0473120 215a215e 215d2155 21672161 2158215e
0473140 21512156 21582153 215b215f 21642161
0473160 21652161 2159215c 21592161 215e215f
0473200 215a2156 21582151 21472152 21552150
0473220 21542151 214f2153 2148214f 21462149
0473240 2140213f 2149214a 214b2148 21492148
0473260 21412148 21432143 21402143 213d213e
0473300 213b213b 213b213b 2138213a 213e213f
0473320 2141213c 213c213c 213d213a 213c213e
0473340 213b213d 21422142 213f2141 213a213f
0473360 213e213f 21382138 213a2134 21312134
0473400 21382137 2135213e 21342138 213a2133
0473420 213d2131 2138213a 21362130 212c2135
0473440 213b2134 21302132 212b2133 212a2130
0473460 2129212d 21292125 2130212b 212e212a
0473500 2129212c 212e2126 2132212f 21352131
0473520 21382133 21302136 21322130 2128212b
0473540 21332131 212f2136 212d212c 2129212f
0473560 2134212f 212f212b 2130212e 21342131
0473600 21302134 21332136 21302132 21392132
0473620 2134213a 21322132 21282133 212f212d
0473640 212b2131 2133212d 21312128 21342128
0473660 21342134 213d2136 21322139 212e2135
0473700 2134212c 213a2135 213a213f 21342136
0473720 21372135 21382130 2142213f 2137213b
0473740 21332134 212e2135 213c2138 21402139
0473760 213a213a 21422141 2140213e 213b2135
0474000 213e2138 213f213d 213f2141 21412146
0474020 213c213d 2142213f 214d2147 214d2147
0474040 21452149 21442149 213f2147 21412143
0474060 2150214b 2146214d 2146214a 214c2146
0474100 21512149 21492152 214f214f 214d214e
0474120 214d214d 21532157 214f2149 214f2148
0474140 2150214b 21522153 21502154 21522151
0474160 21552152 2154214e 21542152 2152214d
0474200 215d2155 215d2160 2157215e 215c215e
0474220 2162215a 21672162 21612160 21662165
0474240 21652164 2168216e 215b2167 2161216b
0474260 2165215f 21662166 216b2166 21612169
0474300 21692165 21652169 2168216e 2169216b
0474320 21602169 21682164 21662169 216c216b
0474340 21672168 216c216e 21722173 2170216d
0474360 216c216d 2174216f 2178217a 2178217b
0474400 217e2184 21792179 21782170 217b217f
0474420 2178217c 21792182 217e217b 217a217b
0474440 217b217d 217a2179 217f2185 217a2178
0474460 217b2179 217e217c 21812181 21832185
0474500 21862185 21882185 21832185 21832184
0474520 21812181 217e2185 217f217f 21822188
0474540 21842186 2193218b 21932198 218e2190
0474560 21912194 2193218b 21962195 2192218e
0474600 21922190 21982197 21982198 219b2193
0474620 21902195 219a219a 2192218c 2190218e
0474640 219a2193 219a2197 21982198 219d21a0
0474660 219a219a 219b2198 21962199 219c219a
0474700 21962197 219f219c 219c2196 219f219f
0474720 21a0219a 219f21a0 219b21a0 219f219a
0474740 219a2198 21a4219a 21a121a0 21a821a8
0474760 21a421a5 21a021a0 21a2219c 219f21a3
0475000 219b219e 219d21a6 21a421a2 219d219d
0475020 21a1219f 21a421a2 219b21a6 21a321a3
0475040 219c21a3 219e219f 21a021a2 2199219e
0475060 219e219a 219f219a 2198219d 219b219e
0475100 21a0219b 219c21a0 219d219d 2191219e
0475120 21892194 21912185 219d2196 219d219e
0475140 219e21a0 219921a2 21922199 21952199
0475160 21972198 21902192 218a218a 218d2191
0475200 2192218f 218b2195 218c218d 21912193
0475220 2186218b 21852188 21812183 21882184
0475240 21872184 21882184 21822182 21832180
0475260 21872187 2187218e 2184218c 21902186
0475300 2191218b 2187218a 21822185 217a2185
0475320 2178217e 2181217d 2181217f 2180217d
0475340 21702177 21702171 21772176 21772178
0475360 2179217c 2178217e 217e2184 2179217e
0475400 217b217a 217b217c 21782176 217b2176
0475420 2178217c 2174217c 216d2171 2169216a
0475440 21692173 216d216b 216f2172 21752172
0475460 216d2171 21732172 216e2171 2162216b
0475500 2169216e 216e216b 216f2169 21692164
0475520 21632167 215c2164 21612161 21642160
0475540 215d2163 21632165 2166216b 216c2169
0475560 21692167 216a216b 21662169 21672168
0475600 21632162 21692161 215d2166 215c2160
0475620 21602160 215c215d 21642161 2165216d
0475640 2164216a 21672166 21652163 21672167
0475660 21622163 215b2158 215e215b 215f2160
0475700 216b2162 2165216c 216a2169 21672165
0475720 216c2168 21642165 21652160 21622165
0475740 21652168 21672168 216a2167 216c2168
0475760 2165216b 21682169 216c216a 216b216b
0476000 21632163 21642163 21632165 2171216b
0476020 21682168 215e216b 215c215e 2160215f
0476040 21692164 216d216e 21722172 2178217f
0476060 21762174 21762174 21762170 21702175
0476100 2168216c 21722174 2171216d 216e2168
0476120 216e216f 216d2170 21762174 2179217c
0476140 217e2183 217c217c 21742179 21742177
0476160 216d216f 217b2172 21782177 21792175
0476200 217c2179 21762179 21792178 21782178
0476220 217b2177 21812179 2186217c 21892185
0476240 21842186 21802184 21852182 2183218b
0476260 217e2184 2183217f 21872183 218b218c
0476300 21822185 217f217e 2180217f 21882186
0476320 21902196 218c218d 2191218d 218d218b
0476340 218f2189 2193218d 2183218c 218b2187
0476360 2191218f 21932194 21942190 218d2191
0476400 2191218c 218f218f 2191218e 21952197
0476420 219b2198 219c219b 219c2197 219821a0
0476440 219b2199 2198219c 21992192 21962194
0476460 2193219a 21962193 2194219b 21972195
0476500 21982194 21952197 218f2192 21982192
0476520 219a2195 21912192 219e219c 219e219e
0476540 219b219e 21a42199 219d219b 219b219b
0476560 2194219e 219b219a 219e2198 21982194
0476600 219b2196 219d21a4 21a12197 21a121a0
0476620 219d219f 219e21a0 2196219f 219b219b
0476640 219e2199 21a021a4 21a021a0 21a1219f
0476660 21a0219a 21a62199 21ad21a1 21ae21b1
0476700 21ad21b2 21af21aa 21b221a9 21b821b1
0476720 21b021b0 21ab21ac 21af21ae 21a221a4
0476740 21a421a6 21a521a5 21a621a6 21a021a5
0476760 21ac21a4 21ad21ad 21a821ab 21ab21a8
0477000 21a921a5 21b621b6 21af21b6 21b321b0
0477020 21ae21b5 21a821a9 21ac21a7 21ae21a9
0477040 21ab21a9 21ad21ac 21b321a3 21b221ac
0477060 21b021b1 21a721aa 21b321af 21b121aa
0477100 21ab21ab 21ab21ad 21ac21ac 21ac21af
0477120 21b221b1 21af21af 21b121ab 21a921ad
0477140 21b321b5 21b521b4 21b921ba 21b321b8
0477160 21b421b6 21b021af 21b121ac 21ae21ac
0477200 21a721a3 21ab21ae 21a421ac 21af21a7
0477220 21b121b2 21ad21ac 21af21b1 21ac21ab
0477240 21ac21af 21ab21ab 21a621a8 21ab21a6
0477260 21a121a9 21a121a6 21a2219f 21aa21a3
0477300 21a421a7 219a2198 219b219e 21a1219e
0477320 219a219d 21a6219e 219f21aa 21a4219d
0477340 219f2198 21a0219c 219e219d 219e21a0
0477360 2199219a 2198219e 21902191 21992192
0477400 21962199 2195218c 21962195 218d218f
0477420 2189218c 218b218a 2190218d 21922189
0477440 218b2193 218c218e 218f2190 218b2189
0477460 218f2189 218a218f 218c2189 2197218e
0477500 21932193 218c218c 218d2193 21882189
0477520 2187218c 21832187 21802181 21872185
0477540 2188218b 217f2187 21812182 21822180
0477560 217e2186 218a217e 217f2185 217b2180
0477600 21792177 2179217a 217f217e 217a2185
0477620 2180217f 217f217a 21792178 216e2175
0477640 21752175 21772178 217a2173 2177217f
0477660 217f217c 217a2183 21752176 2178217b
0477700 217b2177 217b2178 21772178 21752172
0477720 217d2178 21742174 21722178 21772173
0477740 216f2173 21742172 21752173 21762173
0477760 21742179 21742170 216f216f 2172216d
0500000 00003fe8 0001000a 01003fe8 000afe3b
0500020 00000004 00000000 63e50c6d 00000055
0500040 00000001 00001004 00003fe8 00000000
0500060 00001004 0001000a 00010000 03b16007
0500100 00000ffc 0001000a 1400003c add01f00
0500120 add01f01 add01f02 add01f03 add01f04
0500140 add01f05 add01f06 add01f07 add01f08
0500160 add01f09 add01f0a add01f0b add01f0c
0500200 add01f0d add01f0e add01f0f add01f10
0500220 add01f11 add01f12 add01f13 add01f14
0500240 add01f15 add01f16 add01f17 add01f18
0500260 add01f19 add01f1a add01f1b add01f1c
0500300 add01f1d add01f1e ff000134 00000020
0500320 00000002 a4e93b76 00000001 deadbeef
0500340 f0000002 a4e93b62 16013638 00000000
0500360 00000134 00001f48 a0100484 21ff20fd
0500400 22072201 22002203 220021fb 21fe21fc
0500420 21fd21ff 21f821f7 21ff2200 21fd21fe
0500440 22022202 22072202 22092207 22122210
0500460 220c220d 220a220f 220b220e 220b2208
0500500 220b220f 22072207 2202220a 220f2205
0500520 2213220e 2216220b 22132219 221c221f
0500540 2216221b 22182217 221d2219 221c221d
0500560 221d2217 22192217 22172215 220f2212
0500600 220e220e 2212220c 22162217 221f221d
0500620 2218221c 22232220 221d221f 22212219
0500640 221a2224 2219221a 22192222 2223221c
0500660 221e2221 2220221e 221f2222 22192221
0500700 221f2223 2222221f 22282223 221e221f
0500720 22282224 222c222f 2226222a 22312229
0500740 222b222e 22292230 2233222d 2236222d
0500760 2231222d 22322234 22332231 222d2232
0501000 22302231 222a2229 222c2225 222b2231
0501020 22312236 222b2228 22352232 22342233
0501040 22252229 220d221e 21f92207 21e321e9
0501060 21d521e0 21c821ca 21bc21c8 21bb21bd
0501100 21ca21bd 21bf21bd 21c521cd 21c821ca
0501120 21cc21c6 21c621c5 21bd21be 21bb21bd
0501140 21b921bb 21b721ba 21af21b8 21b321bb
0501160 21b821b4 21b121b9 21b821af 21b821b5
0501200 21b821b8 21b821b6 21b621b6 21b921be
0501220 21bf21bb 21b521bc 21b721bb 21b721be
0501240 21bc21b8 21c021b4 21bb21bd 21bf21bd
0501260 21b821c7 21be21b9 21bd21b5 21b821b0
0501300 21b621b9 21ba21b9 21c021b3 21b821b4
0501320 21b821b4 21b821b7 21bd21b5 21b421b7
0501340 21b821ac 21b321b7 21ac21a7 21ba21b4
0501360 21ae21ac 21b321b1 21ad21b3 21a421a8
0501400 21ad21ac 21ad21aa 21ad21aa 21aa21ab
0501420 21a421a3 21af21aa 21a121ab 21ac21a3
0501440 21a621a8 21a121a9 21a421ab 21a521a7
0501460 219f219e 219d21a0 21952193 219c2198
0501500 21972198 219b219b 21962192 21962199
0501520 21952199 21972191 219c2199 21a0219b
0501540 219e2198 21912196 21952193 21972194
0501560 21952195 21942194 218f2194 21942194
0501600 2192218e 218a218f 21842189 2188218d
0501620 21832185 218a2185 2195218f 2185218a
0501640 2188218d 21882189 21932187 2183218a
0501660 21822184 2187218d 21802184 217f217c
0501700 21712179 217e2179 21832181 2184217c
0501720 21832185 21802183 217f2188 21802181
0501740 21822180 2186217a 217b217d 21732171
0501760 21792178 21712176 21782172 2175216f
0502000 21782172 21792174 21722172 2178216e
0502020 21782175 216f2179 21732171 216a2170
0502040 2171216c 216f2169 216b2173 2171216c
0502060 216f2172 2178216d 216e217a 2171216e
0502100 21712170 2163216b 2160215e 2164215e
0502120 216a216c 2169216a 216d2169 21662168
0502140 2166216d 2166216e 216f2171 2173216a
0502160 2170216f 216e216a 216e2171 216f2171
0502200 21672169 2172216f 2171216e 2170216e
0502220 2165216d 21672169 21692168 216a2166
0502240 21652169 21692167 21672167 21612169
0502260 216a216b 216f216a 21662166 2163216e
0502300 21662168 21682168 21692162 2174216c
0502320 21752176 2179216c 21792179 216c216e
0502340 21702170 21702169 216c2168 216a216e
0502360 216a2169 21712170 2174216d 21732177
0502400 21732170 2170216e 21712172 21722172
0502420 217c2170 21712174 216e2174 21702172
0502440 21782173 217b217a 2175217a 2176216d
0502460 21772178 2175217a 21782170 2178217c
0502500 217c217d 217c2177 217c217f 217a217c
0502520 2179217a 217f2177 21782182 217f217e
0502540 21782175 2179217a 2173217b 217f2181
0502560 2185217b 21882181 21852187 217a217a
0502600 21922185 218a2191 2194218a 21882184
0502620 21862181 21822187 21882182 2185218b
0502640 218b218c 21882186 21842189 2191218b
0502660 2190218d 218b218f 21872183 218d2193
0502700 21922195 2196218d 21902194 218d218f
0502720 218d218e 2194218b 21942194 21952194
0502740 21942196 21a12199 21a3219d 2199219e
0502760 219b21a0 219921a1 219e219f 21a021a2
0503000 21a621a4 21a821a6 21a021a3 21a021a3
0503020 21a1219f 21a2219e 219c21a2 21a621a2
0503040 21ab21a5 219a21a0 219b2196 218c2198
0503060 21942194 219b21a0 21a2219e 21a321a3
0503100 219e21a5 21a421aa 21a721a9 21a621a2
0503120 21aa21a6 21a921ad 21ac21ae 21a421a2
0503140 21a721aa 21ae21a8 21b521ad 21a821ab
0503160 21a9219e 21b221af 21a821ac 21a721a7
0503200 21ac21ac 21ae21af 21a821ab 21b221ad
0503220 21b521b4 21b521b2 21b221b7 21b621b4
0503240 21b121b9 21b721b7 21ae21b2 21ae21ab
0503260 21ba21b4 21be21b7 21b521bd 21b621b9
0503300 21ba21bf 21bb21bf 21c121b5 21bd21c3
0503320 21b021b4 21ba21b7 21b821b9 21ba21ba
0503340 21b021b6 21be21b3 21be21be 21ba21b8
0503360 21bb21af 21bb21ba 21bc21bb 21be21bf
0503400 21b521b2 21b721b7 21b521b8 21bd21b7
0503420 21b921b6 21be21ba 21bc21b9 21b021bd
0503440 21b821b8 21bf21c3 21c021c3 21c121bf
0503460 21c221c9 21bf21cb 21c221c0 21c121bc
0503500 21c521ba 21be21c0 21bb21bf 21c021bd
0503520 21bf21bb 21b821b9 21b221b6 21b721b9
0503540 21c621c3 21c021c0 21bb21c4 21bd21c9
0503560 21af21b5 21b121b8 21ac21ac 21bb21b0
0503600 21ba21bb 21ba21bb 21b721b8 21b521b5
0503620 21b621b5 21bd21b8 21c121bb 21bc21bd
0503640 21b921b9 21b521b0 21af21b7 21bf21b8
0503660 21bf21c0 21b121b6 21ad21ac 21ab21a8
0503700 21ac21a9 21a921b3 21ab21a7 21a921a8
0503720 21ab21b1 21a521a9 21a921a3 21ae21a1
0503740 21ad21a9 21a521a7 21a721a5 21a621a4
0503760 21a921ac 21a821a6 21a521aa 21aa21a8
0504000 21ab21a6 21a521a6 21a121a9 21a921a7
0504020 21992198 21a621a1 2191219a 219b219c
0504040 219e21a2 2199219b 21952199 21972197
0504060 219c2195 219d2199 21a1219c 219a219e
0504100 21912190 21922192 2183218d 21932188
0504120 21942193 21982191 2195218d 21952195
0504140 21952194 218e2199 21982190 2193218f
0504160 21942198 21902193 2197218c 219a2196
0504200 21922197 21902194 218d218b 21912197
0504220 218f2190 218d2186 21842188 2189218c
0504240 218d2191 2188218a 21892187 2187217e
0504260 21832189 21892188 218a218b 218f218b
0504300 218f218c 2185218b 218c2192 21902191
0504320 218e218c 218c218c 21882192 218c218d
0504340 218b218c 2187218b 21852184 21862189
0504360 21872188 21862187 218e2189 2188218e
0504400 2183218a 218a218c 218c2187 21852187
0504420 2189218b 2187218b 218b218a 218a218c
0504440 21912190 218d2198 218e2192 2190218f
0504460 21902185 218a2187 2189218a 218c218e
0504500 21912196 21902192 218f2188 218c2186
0504520 2183218b 218f218c 21972198 218d218e
0504540 219b2191 2192219a 2192219d 21922191
0504560 21872191 218f2194 218a2186 2187218d
0504600 2190218c 21962192 21922192 21922193
0504620 2199218c 21972197 219d2192 21962195
0504640 21952195 21912194 218c2193 219e2191
0504660 21962196 21902193 21922193 219d2197
0504700 219b219c 219e219f 2199219b 21982198
0504720 219d2199 21992198 21982199 21972196
0504740 21982197 21a32197 21a321a0 219121a1
0504760 21982191 219c2199 21962193 218e2194
0505000 21962194 219a2199 219b219e 21a021a0
0505020 21a5219f 21a721a7 21a121a9 21a221a4
0505040 21a321a1 21a521a3 21a1219d 21a6219d
0505060 219b21a1 21a521a1 21a721a1 21a621aa
0505100 21a821aa 21ac21ad 21ac21aa 21a921aa
0505120 21a721a4 21a421a5 21a821ae 21ac21ad
0505140 21a821a4 21a821a9 21a521ab 21ac21aa
0505160 21ac21ac 21ab21a7 21aa21a8 21a721a5
0505200 21a821a4 21ad21a7 21ae21ad 21a621ab
0505220 21a521a9 21b121a8 21bc21b9 21b921b1
0505240 21b021b1 21ad21b3 21ac21a9 21ac21b6
0505260 21ac21a7 21af21b2 21ac21b1 21af21af
0505300 21a921b0 21b321ae 21ba21b5 21b321b2
0505320 21b121bb 21b221af 21b521b0 21b121b1
0505340 21b021b3 21b821b9 21ba21b7 21bc21b7
0505360 21ba21be 21b621b9 21be21ba 21bb21bc
0505400 21ba21bd 21be21bf 21b921be 21b421b7
0505420 21b121b4 21c321b8 21bb21c4 21b321bf
0505440 21b921b9 21b621b6 21bd21b6 21b021b4
0505460 21b821b8 21bd21ba 21be21c2 21ba21bb
0505500 21bb21be 21be21b8 21cc21bb 21bf21c5
0505520 21c521bd 21bf21c4 21c221c0 21c121c2
0505540 21c121ca 21c121c3 21b921c0 21bf21c0
0505560 21c221c1 21c321c1 21c421c7 21c521bf
0505600 21c621c7 21c421c8 21c021c0 21c321c1
0505620 21bd21c5 21cc21bd 21c921cd 21c421c9
0505640 21c321c2 21c021c3 21c521c6 21c421c5
0505660 21c221c5 21bc21c2 21bf21be 21c821c4
0505700 21ca21c3 21cc21c7 21cf21cb 21c721ca
0505720 21c621ca 21cc21d0 21cb21c2 21c021c1
0505740 21bf21bf 21b821b9 21bc21c0 21c821c0
0505760 21c421c5 21c621c2 21b821ba 21bd21be
0506000 21c621bf 21c821c0 21c721c8 21c321c7
0506020 21bc21bd 21b421b9 21b721b0 21bc21bc
0506040 21c621c4 21bf21c9 21c521c4 21bc21bf
0506060 21b221ba 21b621b8 21b421b6 21bc21b2
0506100 21b721ba 21b421b4 21ad21b2 21ae21b7
0506120 21aa21ac 21af21ad 21ae21b7 21b021b3
0506140 21b021b6 21b221b0 21b221b0 21b221b1
0506160 21ac21ab 21b221b0 21b221af 21ba21b0
0506200 21b521b7 21ab21af 21ad21ad 21b121b1
0506220 21a821ac 21a521a7 21a521a9 21a521ab
0506240 21aa21a8 21ad21b0 21af21ab 21ac21b2
0506260 21ae21b0 21ab21b0 21a921ad 21ac21a6
0506300 21ad21ab 21a721a7 21b021b2 21a721a8
0506320 21ab21a7 21a121a6 21ab21a3 21a821a3
0506340 21b021a4 21b221ae 21ac21ad 21a821a7
0506360 21a621a3 21a821a4 21a421a5 21a321a5
0506400 21a121a1 21a42199 21a321a0 21a321a2
0506420 21a321a3 21a321a2 21af21a9 21ae21ae
0506440 21b121a9 21ab21a7 21a621a8 21a321a5
0506460 21a721a4 21a421a7 21ab21a8 21a621a2
0506500 21ad21a1 21a521a4 21aa21a9 21a821aa
0506520 21a821ab 21a821ab 21a621a6 21a021ac
0506540 21a521a5 21a921af 21a121a6 21a421a7
0506560 21a721a5 2195219f 21ab21a7 21a621a0
0506600 21a721a5 21a221a5 219921a4 21a921a5
0506620 21aa21a5 21b321ac 21b021b2 21a721b3
0506640 21b321ab 21aa21ae 21a521ab 21a321a8
0506660 21aa21a9 21b021a7 21ab21a9 21b621a9
0506700 21b221b2 21b021b0 21a621ab 21aa21a7
0506720 21ad21a6 21ab21af 21ab21ab 21a921b3
0506740 21af21b0 21aa21b7 21b021ab 21a421ae
0506760 21ae21ae 21b521af 21af21a8 21ad21a5
0507000 21a821ae 21ae21ab 21b821b2 21b621b7
0507020 21b421b2 21b321b5 21bb21bd 21c021b8
0507040 21bd21b9 21bc21ba 21b521b6 21b321b4
0507060 21b921b2 21b721b6 21bc21b5 21c021ba
0507100 21c121c0 21be21c2 21c421c2 21c021c2
0507120 21c421c0 21be21c3 21bd21bd 21c321b5
0507140 21bb21b7 21bb21bf 21b821bc 21bd21b5
0507160 21bd21c1 21b921bc 21bf21b9 21bd21be
0507200 21bd21bd 21c421c5 21bb21bb 21c521c9
0507220 21c121c6 21be21c0 21c321bb 21c721c4
0507240 21ca21c6 21c421c7 21c521c3 21c421c1
0507260 21c121c2 21c421c7 21c521cb 21c621c3
0507300 21c821c4 21cc21ce 21ce21cc 21c721cb
0507320 21c721c6 21cd21c5 21c821c9 21c621c8
0507340 21ca21ca 21cb21c7 21c621c4 21c321c4
0507360 21c521ca 21ca21c7 21c921c9 21c721c7
0507400 21c721c9 21ce21cb 21d021d3 21c621ce
0507420 21cb21d0 21d121d0 21d021cf 21ce21d0
0507440 21ce21cd 21d521d1 21d721d4 21d121d2
0507460 21cd21d0 21d721d5 21dc21d3 21d821d9
0507500 21cd21d3 21cb21c7 21cf21c7 21e021d8
0507520 21d621dc 21d221d2 21d321d2 21cb21ca
0507540 21d021c7 21ca21d0 21cc21ce 21cf21d8
0507560 21d621d4 21d721d4 21d121d8 21cd21d4
0507600 21d421d8 21cd21ce 21d221cb 21d021d1
0507620 21d021d5 21d521ce 21d921d3 21d621d9
0507640 21d621d3 21d921d7 21d921d9 21d521d6
0507660 21de21d6 21d521d8 21d621e1 21dc21e0
0507700 21d821d8 21da21e0 21d021dc 21df21d8
0507720 21d021de 21dc21d5 21dc21d3 21d221d8
0507740 21d321d3 21d421d3 21d921d7 21db21d6
0507760 21d621d4 21d921d8 21dc21d9 21d321d8
0510000 21d721d3 21ce21d3 21d321d2 21d721d6
0510020 21d721da 21de21d3 21da21d4 21d221dd
0510040 21d121d8 21c921cf 21cd21c6 21d621cd
0510060 21d021d3 21cd21d2 21da21d1 21d521cb
0510100 21ce21d6 21c921cf 21d021d6 21d321d6
0510120 21d021c9 21d321d0 21d021cf 21cf21d0
0510140 21cf21cc 21cc21cd 21d021cc 21d521d2
0510160 21cb21d7 21d121c6 21cb21cf 21cc21cc
0510200 21c821d2 21c121cc 21bb21c7 21c321bb
0510220 21c921c5 21c721cc 21c221c5 21c821c9
0510240 21cd21ce 21c421c7 21c821c3 21c621cb
0510260 21c121c3 21c721c0 21c521cb 21c621ca
0510300 21c621cb 21c521c1 21c721bd 21c121c3
0510320 21bc21c0 21c221c2 21c521ba 21c721bc
0510340 21ca21c6 21bf21c8 21c021c1 21b621be
0510360 21c121ba 21bd21ba 21b621b6 21c021b9
0510400 21ba21ba 21bd21b6 21bf21ba 21af21b8
0510420 21b521b6 21b121b6 21b321b2 21b321af
0510440 21ae21b3 21b621b3 21b221b5 21bb21af
0510460 21b021b6 21ae21af 21a721af 21aa21ae
0510500 21b121b1 21af21b4 21ab21ab 21ad21ac
0510520 21b321b3 21ae21a7 21b121ad 21b721b7
0510540 21b421b4 21b021af 21a721ab 21ac21a3
0510560 21af21ae 21b421b0 21b821b2 21b821b6
0510600 21b621b2 21ae21b1 21a821ae 21ae21ad
0510620 21b121ab 21ab21ae 21ab21ad 21ae21b0
0510640 21b021b1 21af21b1 21aa21aa 21ad21af
0510660 21aa21af 21ae21b6 21b721b2 21b421b4
0510700 21b221b0 21a921b3 21b321af 21bb21b0
0510720 21b721af 21b421b4 21aa21af 21af21a8
0510740 21b221a8 21af21af 21ac21ae 21b321b2
0510760 21b321b3 21b721b3 21b321b2 21b521ba
0511000 21b621b2 21be21bc 21c221be 21c221bd
0511020 21b821c5 21bb21b7 21b621b5 21ba21b5
0511040 21bc21b9 21b721b4 21b721b8 21ba21bb
0511060 21c321bc 21bc21bd 21bc21b7 21bd21bf
0511100 21b521b9 21b821b8 21b621be 21b921b0
0511120 21ba21bc 21b621b7 21c021ba 21b721be
0511140 21c121b8 21bc21c0 21c021b7 21c221c3
0511160 21c021bf 21c621bf 21c621c2 21c921c6
0511200 21c821c8 21bf21cc 21c221c3 21d121cb
0511220 21c921cf 21d321ca 21d221ce 21c821c5
0511240 21c721cc 21c321c3 21cf21cc 21d721d0
0511260 21d321e1 21d021d6 21cc21cc 21cf21c6
0511300 21d321d5 21cc21d0 21d921d3 21de21dd
0511320 21d821dc 21d321d5 21d921d8 21d621d8
0511340 21d921da 21e421d6 21e021d9 21e721e1
0511360 21e421e7 21e521e7 21d921df 21dd21dd
0511400 21df21df 21e021e0 21df21e5 21ea21e5
0511420 21e721e3 21e121de 21e221e3 21e221e0
0511440 21e721e2 21df21df 21de21d9 21e721df
0511460 21e721df 21ea21dd 21e221ea 21e321e2
0511500 21e121e6 21e721db 21e221e6 21e121e6
0511520 21ea21e6 21eb21eb 21e621ec 21ea21e3
0511540 21e721e4 21e321e5 21e321e9 21e321ea
0511560 21e821e3 21e821e5 21ea21e3 21ef21ec
0511600 21ec21f2 21f221ed 21f421f0 21ea21f5
0511620 21f421f0 21ee21f2 21f521ee 21f321ee
0511640 21f221f7 21ed21f5 21df21f1 21ef21e1
0511660 21ec21f1 21f321eb 21f321f4 21ef21f0
0511700 21f721f0 21eb21eb 21eb21e8 21e621e7
0511720 21eb21ed 21ee21e9 21ed21ea 21eb21f0
0511740 21ee21e7 21f021f3 21f321f1 21f321ed
0511760 21ea21f0 21fa21ee 21f321f6 21f321ef
0512000 21f221f4 21ef21ed 21ef21ec 21f121f6
0512020 21ef21f0 21e921e9 21ed21ec 21f721ef
0512040 21f121f5 21f221ef 21ea21ed 21e921ee
0512060 21ec21f3 21f421e9 21f121ec 21e921ef
0512100 21e921f2 21eb21f2 21ee21e9 21f121ef
0512120 21ef21f5 21f021eb 21f321f1 21ee21e9
0512140 21e821ec 21e621ec 21ea21e8 21f221f1
0512160 21ea21ee 21ec21e4 21e621e6 21ed21f1
0512200 21eb21ef 21e021e2 21e221e1 21da21df
0512220 21de21e6 21ea21eb 21e921f0 21e621e6
0512240 21e321e3 21dd21ea 21e321e1 21e421e2
0512260 21ea21e7 21e321e8 21e521ec 21e021dd
0512300 21d921e2 21d321d5 21db21da 21d421de
0512320 21dd21d3 21cd21d6 21d321d2 21da21db
0512340 21d721e2 21e121da 21da21da 21e021d7
0512360 21d721d6 21c121cd 21ce21ca 21d021d2
0512400 21dd21d2 21dc21d8 21ce21d6 21d121d2
0512420 21cf21ce 21dc21d3 21d221db 21c721cb
0512440 21c621c9 21c921c5 21d121cb 21cd21cf
0512460 21c921d1 21c821cc 21bf21ca 21be21c0
0512500 21bd21bb 21ba21ba 21c021c9 21bf21bc
0512520 21c021b8 21bf21c6 21be21ba 21b821bd
0512540 21be21ba 21c321bb 21bf21bc 21be21b9
0512560 21bf21c1 21bf21c4 21bd21ba 21bb21b8
0512600 21b121b3 21b621b1 21b521b4 21b621ba
0512620 21be21b3 21c021c4 21bc21bf 21b521b6
0512640 21bb21b9 21b021ae 21b521b1 21af21b6
0512660 21a921aa 21ac21a7 21a821af 21ae21af
0512700 21b021ad 21a821af 21ad21ab 21b121af
0512720 21af21b0 21ae21af 21a621a9 21b121ab
0512740 21b221b4 21b921bc 21b521b4 21ac21b0
0512760 21a821ab 21aa21a8 21a921ae 21aa21ac
0513000 21a621a8 21a721a9 21ad21a8 21a621af
0513020 21ab21a7 21a621a5 21a921a3 21aa21a2
0513040 21a121a8 21b321aa 21b021a6 21a821af
0513060 21a421a2 21a821a4 21a621af 21a821b0
0513100 21b221aa 21b021b1 21a921a7 21a921a9
0513120 21aa21ab 21ab21a4 21aa21a8 21a921aa
0513140 21a921a7 21ad21ae 21af21ab 21b321b2
0513160 21b621b9 21b221b1 21b021b2 21b121ae
0513200 21ac21b3 21a721b4 21af21ac 21a921ab
0513220 21ad21a9 21bc21ad 21bc21bf 21b321b8
0513240 21b521ae 21ae21ac 21b321b1 21ba21b7
0513260 21b721b6 21b621b3 21b521b0 21bd21b5
0513300 21be21c2 21c321c0 21c021bd 21be21c1
0513320 21c221bc 21b621bb 21b521ba 21bd21ba
0513340 21c121bc 21ba21bc 21c321bc 21c321c7
0513360 21bd21b9 21cb21c4 21c221c6 21c821ce
0513400 21ce21d2 21cc21cc 21cb21ca 21cb21d4
0513420 21c621c9 21c621cb 21cb21c5 21ca21cc
0513440 21c821c7 21d421c9 21d421d0 21d321d4
0513460 21d521d2 21d121d0 21d821d8 21da21de
0513500 21dc21d9 21e221da 21dc21e7 21d621de
0513520 21dc21e0 21e521e0 21e721e5 21de21e2
0513540 21e821e2 21de21e1 21e021e2 21e121e1
0513560 21e521e5 21e821e0 21df21ea 21e721e0
0513600 21e521e2 21e521ed 21d921f1 21e521dc
0513620 21e521e9 21e921e4 21e921e3 21e021e6
0513640 21e321e1 21e821e3 21f021ef 21f421f3
0513660 21f521f4 21f221f1 21f121f2 21ec21ef
0513700 21f021ed 21e321e6 21f021f0 21f421f3
0513720 21fb21f5 21f621fa 21f121f9 21f421f6
0513740 21f221f7 21f221f8 21fa21f9 21fb21fd
0513760 21ff21fa 21f321f6 21fb21f4 220021f6
0514000 220121fe 22002204 21f721fc 21fa21f6
0514020 21f921f7 21f721ff 21f82200 21fd2201
0514040 21f921fb 21fd21ff 21f621fc 21fe2200
0514060 21ff2208 220221fc 22032201 22042202
0514100 22002206 220421fe 22042209 21fd2203
0514120 21f721ff 220421fa 22092209 2208220e
0514140 21f221fc 21ee21f4 21fa2200 220021ff
0514160 22102202 220a2205 22042207 22032206
0514200 21f82204 22042202 22082201 2207220b
0514220 220c220c 2209220a 22092204 22022207
0514240 220021ff 22062204 22032204 220d2202
0514260 220c220a 22072206 22002204 21ff21fe
0514300 22042202 22092207 22042204 21fd2209
0514320 21fa2202 21f821ea 22002200 220021fc
0514340 2208220b 21ff2205 21fc2200 22052202
0514360 21fe21ff 21fb2202 21fc21f8 220421f9
0514400 21fc2202 21f521fb 21f921fa 21f821f7
0514420 21f921f4 21fd21fd 21f821f4 21f721f9
0514440 21ff21f5 220221fc 22022209 21fb2200
0514460 21f92200 21fc21fd 21f921fc 21fe21fb
0514500 21f52200 21f221fb 21f621fa 21f821f5
0514520 21e921f0 21ef21f3 21f521ef 21ee21f3
0514540 21f021f3 21fb21f4 21f221f4 21ed21f3
0514560 21e921e6 21e721e4 21ee21ee 21e521e5
0514600 21f121ef 21f521ee 21ed21f3 21f121f7
0514620 21ef21f1 21ee21f4 21f521f5 21f221f5
0514640 21e921e9 21df21eb 21e021da 21db21e5
0514660 21da21dc 21da21dd 21dc21d9 21dc21e3
0514700 21e521de 21d921dd 21dc21db 21d521e0
0514720 21d321d4 21d821db 21d921d1 21d421d7
0514740 21d321d5 21d021d3 21d921d2 21d421d0
0514760 21cd21cd 21d221ce 21d521d3 21cd21d2
0515000 21cc21c3 21c921c5 21c921cd 21c821c6
0515020 21bd21c8 21c121c2 21bf21b8 21b521b4
0515040 21bd21c1 21b721b6 21c221c3 21bd21c2
0515060 21b921bb 21bd21c2 21bb21b5 21b021b3
0515100 21b321ab 21b321b1 21b421af 21b521ac
0515120 21b621b4 21b221b3 21ae21b3 21b121b0
0515140 21b221b4 21b921b1 21bb21b6 21b521b2
0515160 21b121b3 21b021b1 21b121b0 21af21b0
0515200 21b221b1 21b321b0 21b321bd 21b121ab
0515220 21b321b3 21af21b8 21b221b3 21b821aa
0515240 21b521af 21ab21ad 21a921aa 21b121b0
0515260 21b021a9 21b421ad 21aa21ad 21aa21ae
0515300 21b321b1 21ac21b0 21b621ac 21af21b1
0515320 21ad21b1 21b621b4 21b221b1 21b121b2
0515340 21ab21b0 21ac21b2 21b321ae 21b221b3
0515360 21b521af 21b621b8 21b721b7 21b221ac
0515400 21b321ad 21b121b1 21af21ae 21aa21a8
0515420 21b021b0 21b621b8 21b921b4 21b221b5
0515440 21ad21b8 21b821c0 21b021ba 21b821ba
0515460 21bd21b1 21bb21b8 21b821bb 21bc21bb
0515500 21be21ba 21be21bb 21ba21bf 21ba21b9
0515520 21be21b6 21bd21b8 21b721bf 21ba21c0
0515540 21c421c6 21c621c7 21c121bb 21c721c5
0515560 21ca21c7 21c721d3 21c321be 21c321c3
0515600 21c121c4 21cd21c6 21cd21cf 21c321cb
0515620 21cc21c7 21ce21d3 21cd21cb 21cf21cf
0515640 21cc21cb 21d521d0 21d821d6 21d621dd
0515660 21d621db 21d421d2 21e021db 21d421d7
0515700 21d621d3 21e121da 21df21da 21e221da
0515720 21e121dc 21d921de 21e421e4 21dc21db
0515740 21e021de 21e121de 21dd21d9 21ea21e7
0515760 21ec21e8 21ea21ea 21e721f2 21ec21ec
0516000 21ec21f1 21f121f3 21f321f0 21f721f8
0516020 21f021ea 21f221f3 21f321ec 21ee21ed
0516040 21f221f3 21ee21ed 21f321f2 21f421f4
0516060 21f921f5 21f621f3 21f221f8 21f62200
0516100 21fa21fb 21fd21f8 21ff21f8 220121fc
0516120 22042204 220a2204 220d2200 220a220c
0516140 2207220b 22012200 22082209 22082202
0516160 2205220b 22042205 220d220b 220a2212
0516200 2204220e 220e220d 22042205 220a2208
0516220 220e220f 220e220f 220e220a 2215220a
0516240 22142210 22132213 22152214 22142211
0516260 22012215 221c2212 22132218 221a2214
0516300 2214221e 22112211 22102211 220b220b
0516320 220f220f 220f2213 2210220f 22122212
0516340 2209220d 2215220d 220e2215 220f220c
0516360 220e220f 22182211 2213220e 2219221b
0516400 22192215 221e221e 2213221a 22202216
0516420 221b2219 2220221b 2214221d 22142219
0516440 221d2215 221e2225 221b221d 221f221c
0516460 22232218 221e221a 221e2224 22192225
0516500 22122218 221e2219 2228221f 22232227
0516520 2223221c 22252229 221b2220 22212217
0516540 2219221a 22182218 221f2226 22202223
0516560 221e2220 22132216 22192217 22142216
0516600 2216220c 2225221d 22202223 221a2222
0516620 221b2219 22142212 22112211 22182211
0516640 221c221b 221c2222 2216221c 22172216
0516660 2215221a 2213221a 220d2212 220f220b
0516700 220f220f 220d220b 220f220c 220c220a
0516720 22162209 2214220a 220f2214 2208220f
0516740 22102209 220a220c 220c220a 2207220d
0516760 220e2211 21fd220a 21f42201 220621fc
0517000 21fd21fe 21fe2201 21fe2203 21fd21fe
0517020 220321fd 220121fc 220421f9 21fd2202
0517040 21fd2202 220021f8 21f421fa 21f821fc
0517060 21fa21f9 21f221ff 21f621f3 21f421f3
0517100 21f121f9 21fa21f3 21fa21fc 21f221f5
0517120 21ee21f2 21ef21eb 21f121f1 21e821ed
0517140 21ed21ea 21f021f1 21e821ee 21e621e3
0517160 21e621eb 21e621e7 21e621e5 21e921df
0517200 21e921ed 21dc21e5 21e121da 21da21dc
0517220 21da21dc 21d821d5 21d521ce 21d321d1
0517240 21d521d9 21ce21cc 21ca21d9 21c721c9
0517260 21ca21c4 21d121d1 21ce21d3 21c921ca
0517300 21cc21cc 21c621cf 21ce21d0 21c721c9
0517320 21be21c2 21c521c4 21c721c6 21c221c4
0517340 21c021c4 21c421c8 21c921c1 21cb21c2
0517360 21bd21c7 21c121bd 21bf21c4 21be21c3
0517400 21bf21bb 21c121c5 21b821b9 21b821b7
0517420 21b921b7 21c021bb 21b521b4 21b221b5
0517440 21b821b5 21bb21b7 21bb21b7 21ba21bd
0517460 21b121b5 21b121b2 21a921a6 21b521a9
0517500 21b821b3 21ac21ae 21b921b4 21af21b3
0517520 21c121b7 21af21b3 21b421b0 21b621bb
0517540 21ba21b4 21b921b9 21af21b5 21ac21b3
0517560 21a821ad 21af21ad 21ac21ae 21b221b2
0517600 21b821ba 21b621c2 21ba21b8 21b921b8
0517620 21aa21b2 21aa21b0 21a821ad 21b221ad
0517640 21ae21ab 21b921bc 21ba21b5 21b621bb
0517660 21b321b2 21b621b3 21b621b3 21b521b7
0517700 21b221b6 21b921b6 21ae21b7 21ae21ae
0517720 21b221ac 21b521b7 21b121ad 21b821b4
0517740 21ba21ba 21be21bd 21c221bf 21b521b9
0517760 21c421b7 21b921b9 21c021bf 21ba21c2
0520000 21bc21bb 21bd21b3 21c321bd 21c321c5
0520020 21c221c2 21cb21c8 21c021c5 21c221bf
0520040 21c621c5 21c521c8 21c621c5 21b921c3
0520060 21c421c4 21c521c5 21cf21cf b0100484
0520100 00001004 0001000a 00010000 03b16008
0520120 00000ffc 0001000a 1400003c add01f00
0520140 add01f01 add01f02 add01f03 add01f04
0520160 add01f05 add01f06 add01f07 add01f08
0520200 add01f09 add01f0a add01f0b add01f0c
0520220 add01f0d add01f0e add01f0f add01f10
0520240 add01f11 add01f12 add01f13 add01f14
0520260 add01f15 add01f16 add01f17 add01f18
0520300 add01f19 add01f1a add01f1b add01f1c
0520320 add01f1d add01f1e ff000134 00000020
0520340 00000002 a6427bbc 00000001 deadbeef
0520360 f0000002 a6427ba8 1f0b28df 00000000
0520400 00000134 00001f48 a0110485 220921cc
0520420 21fd2208 21f421fa 21f421f2 21fa21f7
0520440 21fb21fa 21f82201 21f921fc 21f82206
0520460 21f221f5 21f321ee 21f121f1 21f721ef
0520500 21f121f8 21fb21f5 21f621fe 21f821f7
0520520 21fe21fb 21fb21fb 220421fc 21ff2200
0520540 21fc21fe 21f721ff 21f62201 21f821f5
0520560 21f321f4 21eb21f0 21ea21ed 21fb21f3
0520600 21f721f4 21ef21f8 21f121f0 21f621fc
0520620 21f021f6 21f521f0 21ee21f1 21f321f4
0520640 21f121f1 21f721f5 21ef21f2 21f921f7
0520660 21f221f8 21f121f2 21ef21ef 21f421ea
0520700 21ee21ee 21f221ee 21ee21f2 21f621f1
0520720 21f721f6 21fa21fd 21f72202 21f621fa
0520740 21fb21f5 21e921ed 21f221ef 21e121f4
0520760 21f221ed 21ef21ee 21f721f3 21f321f1
0521000 21f421f2 21f521f8 21ee21f4 21f721f2
0521020 21f721fb 21ed21f9 21f621f4 21e921e9
0521040 21e821e8 21f121e4 21ee21ed 21eb21f5
0521060 21f621ec 21f521f1 214521e5 1f532042
0521100 1e171e9b 1d831db9 1d521d60 1d481d4f
0521120 1d3a1d3d 1d3f1d40 1d3f1d3c 1d391d3c
0521140 1d3d1d3e 1d3c1d3b 1d3e1d38 1d411d3c
0521160 1d3f1d43 1d391d3f 1d381d42 1d3a1d3b
0521200 1d3b1d39 1d341d36 1d3d1d3b 1d3e1d3b
0521220 1d441d43 1d381d3b 1d371d3a 1d421d41
0521240 1d481d45 1d411d48 1d451d47 1d4e1d44
0521260 1d431d49 1d401d42 1d4b1d43 1d4d1d4e
0521300 1d501d4b 1d561d55 1d501d57 1d4c1d4e
0521320 1d501d47 1d5d1d51 1d591d55 1d521d53
0521340 1d521d54 1d581d57 1d581d54 1d571d59
0521360 1d591d51 1d571d5f 1d5d1d59 1d561d58
0521400 1d5f1d55 1d631d5d 1d641d68 1d681d69
0521420 1d631d5e 1d661d68 1d6c1d64 1d6c1d6a
0521440 1d6c1d67 1d691d64 1d6b1d6a 1d671d65
0521460 1d6d1d6c 1d6e1d72 1d6f1d71 1d741d6c
0521500 1d701d6f 1d741d76 1d7b1d79 1d801d79
0521520 1d821d83 1d761d7c 1d7e1d7d 1d781d79
0521540 1d881d7c 1d841d81 1d851d8a 1d7f1d87
0521560 1d811d79 1d7e1d80 1d811d7e 1d831d7f
0521600 1d7c1d7f 1d821d7c 1d901d87 1d841d91
0521620 1d851d8a 1d8a1d89 1d891d8a 1d8a1d82
0521640 1d8b1d89 1d8d1d8c 1d821d8b 1d8e1d87
0521660 1d8e1d8f 1d931d95 1d931d97 1d991d9d
0521700 1d911d8e 1d891d8e 1d861d8b 1d8b1d8c
0521720 1d9b1d8d 1d961d9f 1da71d92 1d9d1da4
0521740 1d961da2 1d991da1 1da61da4 1da81da5
0521760 1da51da7 1da01da5 1da51da7 1da01da3
0522000 1da51da0 1da91da6 1da41da5 1da11da1
0522020 1d9c1da1 1d9c1d9a 1d9f1d9c 1da41da2
0522040 1da51d9d 1da51da6 1da31da4 1da81da7
0522060 1db01daa 1db21daa 1dad1dae 1db01daf
0522100 1da71db0 1da71da9 1dae1da9 1dad1daf
0522120 1da81da6 1da41daa 1da91dac 1db11db2
0522140 1db51db4 1dab1daa 1db31dac 1db21daf
0522160 1db41dba 1dba1db6 1db41dab 1db21db1
0522200 1dad1da7 1db11dba 1dbb1db8 1dbd1dc0
0522220 1db81dbc 1dbc1dbe 1dc41dbf 1dbd1dbf
0522240 1dbb1dbb 1db91dbb 1db71db2 1dbd1dbe
0522260 1dbb1dbc 1dc31db5 1dbb1db6 1db91db9
0522300 1dbc1dbc 1dc01dbe 1dbd1dbe 1dbc1db5
0522320 1dba1dc0 1dc01dc2 1dc61dbf 1dcc1dc5
0522340 1dc21dc5 1dc81dcf 1dc41dc8 1dc11dc7
0522360 1dc81dc6 1dc61dce 1dc21dc6 1dc31dc5
0522400 1dc41dc6 1dc91dc4 1dc81dc3 1dc71dc8
0522420 1dc11dc7 1dc81dc2 1db91dbe 1dca1dcd
0522440 1dc61dc7 1dd61dd4 1dd01dca 1dc51dc5
0522460 1dc91dca 1dcf1dcc 1dd01dd0 1dca1dc8
0522500 1dd01dcd 1dc91dcf 1dc91dcc 1dca1dcb
0522520 1dc51dc8 1dc21dc3 1dc41dc0 1dc91dc8
0522540 1dc81dce 1dc61dc4 1dc81dc3 1dc31dc9
0522560 1dc21dc7 1dc71dc5 1dc81dcb 1dce1dcb
0522600 1dc81dce 1dc51dc7 1dc71dc8 1dcd1dc7
0522620 1dd11dc9 1dd31dce 1dc91dd4 1dc71dc8
0522640 1dc31dc6 1dce1dcb 1dcd1dcc 1dd31dc6
0522660 1dd71dd1 1dd11dcf 1dd11dcf 1dd01dd6
0522700 1dc91dce 1dd01dce 1dd31dd4 1dd71dd4
0522720 1de01ddb 1dd81de0 1dd71ddf 1dd71dd5
0522740 1dd91dd6 1dd31ddb 1dd11dd2 1dce1dd6
0522760 1dd61dd2 1dd41dd0 1ddd1dd8 1ddc1ddf
0523000 1ddb1de2 1ddf1ddc 1dd91de0 1dd91dd9
0523020 1dd81dd6 1ddc1ddb 1ddd1dd9 1ddc1dd9
0523040 1dd71dd4 1dd71de2 1dda1ddf 1de11ddf
0523060 1dde1ddb 1de21de4 1de51ddf 1dea1dec
0523100 1de61de7 1de91ddd 1de11de4 1de81de8
0523120 1de61de8 1dee1dea 1de51de6 1de41de7
0523140 1de31de4 1ddd1dea 1df01deb 1def1df1
0523160 1df21df2 1df31ded 1ded1dec 1df51df1
0523200 1df11df0 1df51df9 1df31df8 1dfb1dfa
0523220 1e091dfb 1dfd1df8 1dfa1df9 1df51dfb
0523240 1dfc1dfa 1dfc1df0 1e061df9 1e071e03
0523260 1e041e04 1e081e04 1e0d1e06 1e0b1e04
0523300 1e091e0c 1dff1e0a 1e0d1e09 1e0e1e13
0523320 1e0f1e0a 1e111e0c 1e121e16 1e121e17
0523340 1e0b1e14 1e101e0b 1e141e0e 1e191e22
0523360 1e191e18 1e1e1e1b 1e1f1e1c 1e201e1f
0523400 1e221e1d 1e261e23 1e2c1e28 1e291e32
0523420 1e301e31 1e2a1e2c 1e351e30 1e391e2c
0523440 1e3a1e34 1e3a1e40 1e321e32 1e2e1e31
0523460 1e2d1e30 1e381e36 1e381e32 1e351e3e
0523500 1e471e3f 1e491e45 1e471e42 1e451e42
0523520 1e3f1e46 1e401e49 1e4a1e44 1e451e46
0523540 1e3f1e3e 1e421e41 1e491e45 1e4b1e47
0523560 1e4c1e4b 1e4e1e48 1e521e4d 1e551e59
0523600 1e531e4d 1e4a1e49 1e531e50 1e4f1e53
0523620 1e4e1e53 1e521e52 1e561e55 1e551e57
0523640 1e5b1e58 1e5b1e62 1e5f1e5f 1e611e58
0523660 1e671e5a 1e671e6a 1e691e64 1e5b1e67
0523700 1e671e63 1e601e5d 1e671e65 1e701e6a
0523720 1e741e71 1e6e1e77 1e6f1e71 1e771e70
0523740 1e711e76 1e701e72 1e751e6b 1e751e71
0523760 1e6e1e72 1e701e70 1e731e6d 1e7f1e77
0524000 1e7b1e7e 1e7e1e7b 1e801e84 1e841e7f
0524020 1e7d1e80 1e7f1e7a 1e7b1e82 1e7a1e7c
0524040 1e7a1e78 1e871e8a 1e881e84 1e871e8e
0524060 1e801e82 1e841e7f 1e7f1e81 1e871e85
0524100 1e881e87 1e871e83 1e891e83 1e851e8a
0524120 1e881e8b 1e871e94 1e881e84 1e871e88
0524140 1e8a1e7b 1e831e81 1e861e88 1e851e87
0524160 1e8f1e86 1e8b1e8f 1e8a1e92 1e951e91
0524200 1e9a1e97 1e921e97 1e8f1e8d 1e8a1e8f
0524220 1e861e88 1e8b1e87 1e891e8b 1e8d1e8e
0524240 1e9c1e95 1e9e1e98 1e991e9e 1e991e9e
0524260 1e961e92 1e921e8e 1e8d1e8d 1e951e91
0524300 1e931e98 1e961e8f 1e981e9b 1e901e98
0524320 1e971e99 1e971e9c 1e901e91 1e931e93
0524340 1e931e97 1e9a1e97 1e911e94 1e931e87
0524360 1e8e1e91 1e911e8f 1e8e1e91 1e9b1e96
0524400 1e921e95 1e9e1e95 1e9b1e92 1e991e94
0524420 1e991e9f 1e9d1e95 1e9a1e9d 1e891e96
0524440 1e911e91 1e971e9b 1e971e98 1e9b1e9a
0524460 1e961e9b 1e991e97 1e981e99 1e9d1e94
0524500 1e951e97 1e971e94 1e901e97 1e921e92
0524520 1e961e92 1e9a1e9b 1e971e98 1e951e9a
0524540 1e9a1e97 1e971e90 1e971e92 1e8f1e91
0524560 1e901e96 1ea11e9b 1ea01e97 1e9a1e94
0524600 1e951e9c 1e9b1e9a 1e931e99 1e9e1e96
0524620 1e9a1e92 1e971e95 1e941e97 1ea11e9c
0524640 1e9d1ea0 1ea01e9e 1e971e9f 1e9e1ea1
0524660 1e9f1e9a 1e9a1e9e 1ea41ea2 1e9e1e9e
0524700 1e9c1ea7 1e8f1e90 1e921e8e 1e931e91
0524720 1e931e94 1e9a1e9a 1e9c1e9b 1e961ea3
0524740 1e9a1e97 1e8c1e94 1e8b1e8f 1e951e8d
0524760 1e981e94 1e8e1e9a 1e911e93 1e891e8b
0525000 1e8d1e8b 1e8a1e8d 1e931e8f 1e901e93
0525020 1e911e92 1e901e92 1e931e89 1e951e8f
0525040 1e931e90 1e931e99 1e911e94 1e8d1e90
0525060 1e8f1e8c 1e921e8e 1e8c1e93 1e931e97
0525100 1e971e91 1e991e87 1e921e99 1e8d1e8a
0525120 1e861e90 1e8a1e86 1e941e8b 1e8c1e87
0525140 1e901e87 1e931e8e 1e951e93 1e8e1e95
0525160 1e8c1e93 1e901e89 1e8c1e8c 1e911e8b
0525200 1e911e92 1e8b1e95 1e8e1e91 1e911e87
0525220 1e951e8c 1e971e96 1e9b1e97 1e911e98
0525240 1e901e97 1ea01e95 1e921e93 1e961e8f
0525260 1e951e95 1e9a1e94 1e9b1e9f 1ea11e9f
0525300 1e991ea4 1e8f1e9e 1e9b1e9a 1ea11e9f
0525320 1e981e99 1e961e9e 1e961e9d 1e9d1ea1
0525340 1e9f1e95 1ea01ea8 1ea91eab 1ea61ea8
0525360 1ea61ea7 1ea11e9c 1ea81ea6 1ea81ea8
0525400 1ea41ea9 1eab1eb0 1ea81ea7 1eaf1eab
0525420 1eae1eab 1eb01eb1 1ead1eae 1eb01eb2
0525440 1ead1eaf 1eb01eb0 1eb11eb2 1eb41eb5
0525460 1ebd1eb5 1eab1eba 1eaf1eaf 1eba1eb6
0525500 1eba1ebc 1eb71eba 1ebc1ec0 1eb31eb7
0525520 1ebb1ebf 1ec61ec0 1ec31ebf 1ec51ec9
0525540 1ec31ec8 1ecd1ece 1ec51ecc 1eca1ec2
0525560 1ed11eca 1eca1ecd 1ed21ece 1ece1ed5
0525600 1ed51ed2 1ed71ed7 1ecd1ed1 1ed51ed0
0525620 1ed51edf 1ed21ec8 1ed51ee0 1ed51ed0
0525640 1ede1eda 1ee21eda 1ee91edf 1ee71ee7
0525660 1ee31ee2 1ee61eeb 1ef21eed 1ef41eed
0525700 1ee91eec 1ee51ee2 1ef21ef3 1ef61ef4
0525720 1ef21ef7 1ef31ef3 1eec1eef 1eef1eef
0525740 1efb1ef4 1efe1efc 1ef91f00 1f001efe
0525760 1f031f04 1f071f08 1f0a1f09 1f0f1f0a
0526000 1f0f1f11 1f0d1f16 1f0c1f12 1f131f0e
0526020 1f0a1f0d 1f0a1f0e 1f091f0c 1f101f0f
0526040 1f151f12 1f191f18 1f1f1f1e 1f1e1f17
0526060 1f1d1f20 1f191f19 1f211f26 1f1f1f1d
0526100 1f221f22 1f211f22 1f271f20 1f251f23
0526120 1f221f1a 1f251f23 1f201f24 1f301f27
0526140 1f2a1f2d 1f291f2e 1f2b1f2c 1f2d1f2a
0526160 1f331f29 1f361f30 1f3b1f3c 1f3e1f41
0526200 1f371f3a 1f351f35 1f331f2e 1f2f1f33
0526220 1f341f38 1f3d1f3c 1f391f34 1f301f30
0526240 1f341f39 1f3b1f3e 1f421f3e 1f4e1f43
0526260 1f401f4c 1f411f45 1f421f41 1f411f44
0526300 1f411f45 1f4b1f42 1f461f4f 1f4e1f4d
0526320 1f471f49 1f3f1f3a 1f4b1f4d 1f4a1f4e
0526340 1f4e1f46 1f411f46 1f441f3c 1f471f44
0526360 1f471f44 1f491f4e 1f3b1f49 1f491f40
0526400 1f491f45 1f471f4e 1f441f4c 1f491f4d
0526420 1f4b1f4a 1f441f4c 1f431f44 1f4c1f46
0526440 1f4c1f4b 1f4e1f4e 1f4e1f52 1f4f1f56
0526460 1f481f4c 1f4b1f4c 1f511f4c 1f541f51
0526500 1f521f51 1f521f53 1f531f58 1f551f4f
0526520 1f511f52 1f461f53 1f551f51 1f521f54
0526540 1f551f4f 1f4a1f51 1f4c1f4c 1f541f53
0526560 1f571f58 1f501f52 1f521f55 1f531f5d
0526600 1f551f55 1f581f5a 1f541f4e 1f581f54
0526620 1f4f1f53 1f561f55 1f521f55 1f521f54
0526640 1f4c1f4f 1f531f54 1f511f51 1f4a1f53
0526660 1f5a1f4e 1f531f52 1f541f57 1f5a1f5c
0526700 1f501f55 1f511f4d 1f4f1f51 1f511f53
0526720 1f4a1f58 1f4e1f4d 1f4f1f4e 1f4d1f56
0526740 1f4c1f4c 1f531f55 1f571f53 1f561f5c
0526760 1f541f52 1f4e1f52 1f4a1f4e 1f481f47
0527000 1f541f50 1f4d1f55 1f4e1f4f 1f4b1f4d
0527020 1f4c1f47 1f4e1f44 1f471f46 1f431f4b
0527040 1f4e1f43 1f441f4d 1f4c1f41 1f4e1f51
0527060 1f4c1f56 1f4a1f4a 1f531f54 1f571f4f
0527100 1f531f57 1f4e1f4b 1f431f46 1f4b1f49
0527120 1f461f46 1f411f45 1f401f46 1f461f4c
0527140 1f491f45 1f411f44 1f3b1f43 1f3a1f40
0527160 1f3d1f3a 1f461f3b 1f391f40 1f411f37
0527200 1f3f1f3e 1f3c1f3d 1f381f3d 1f3c1f3b
0527220 1f471f40 1f3e1f46 1f391f41 1f391f3d
0527240 1f3a1f3d 1f381f3a 1f3d1f37 1f3c1f37
0527260 1f3a1f32 1f381f3a 1f3c1f3a 1f381f40
0527300 1f3e1f42 1f3b1f3e 1f3b1f33 1f3c1f3d
0527320 1f361f34 1f3a1f3e 1f361f39 1f381f2f
0527340 1f351f33 1f3a1f38 1f3a1f3b 1f3e1f3a
0527360 1f391f38 1f331f3c 1f321f3c 1f2f1f37
0527400 1f301f33 1f361f2e 1f2f1f2b 1f391f39
0527420 1f3b1f3a 1f381f3b 1f301f34 1f361f34
0527440 1f361f36 1f3a1f36 1f371f35 1f391f31
0527460 1f391f3c 1f381f3d 1f3a1f38 1f341f3c
0527500 1f321f33 1f351f33 1f341f37 1f341f34
0527520 1f381f40 1f3b1f3a 1f331f36 1f321f37
0527540 1f351f3a 1f361f3b 1f2e1f2f 1f471f39
0527560 1f381f3d 1f481f3d 1f3c1f3c 1f3e1f44
0527600 1f4c1f45 1f441f48 1f431f41 1f3d1f41
0527620 1f411f38 1f481f42 1f4a1f49 1f4d1f53
0527640 1f4a1f4f 1f481f4f 1f4c1f46 1f4d1f4b
0527660 1f501f4e 1f4e1f4c 1f4c1f4b 1f4f1f52
0527700 1f541f4f 1f561f5a 1f581f5c 1f5e1f53
0527720 1f5f1f60 1f591f5c 1f541f51 1f561f55
0527740 1f5b1f4f 1f5b1f57 1f621f59 1f6d1f6b
0527760 1f6c1f6a 1f661f68 1f631f69 1f631f64
0530000 1f671f61 1f6b1f69 1f691f6a 1f6e1f6c
0530020 1f681f73 1f6d1f70 1f701f71 1f721f68
0530040 1f721f75 1f7a1f73 1f761f79 1f7c1f7b
0530060 1f791f76 1f751f74 1f831f7e 1f861f87
0530100 1f831f82 1f8e1f87 1f8a1f91 1f8d1f87
0530120 1f891f8d 1f8e1f8e 1f8d1f8f 1f901f8f
0530140 1f921f93 1f8f1f8e 1f991f8f 1f961f9d
0530160 1f9c1f9f 1f9b1fa2 1fa61fa0 1f971f9a
0530200 1f9b1fa1 1f9a1f9a 1f951f9e 1f9f1fa0
0530220 1fac1fa6 1fac1fa4 1fad1faa 1fb41fae
0530240 1fb71fac 1fac1fb1 1fac1faa 1fb51fae
0530260 1fb31fae 1fb21fb0 1fbb1fb7 1fb31fac
0530300 1fb71fbe 1fbb1fb2 1fc21fb8 1fb81fb9
0530320 1fc91fbb 1fb71fc2 1fc11fc6 1fc61fca
0530340 1fcc1fcb 1fca1fc5 1fcc1fcf 1fce1fcb
0530360 1fd31fd0 1fce1fce 1fce1fcf 1fcc1fc4
0530400 1fcd1fd0 1fd71fd5 1fd51fd0 1fdc1fd3
0530420 1fd91fd9 1fd41fd1 1fd91fd7 1fe21fd9
0530440 1fde1fd9 1fe31fe4 1fe11fdc 1fdc1fdf
0530460 1fd81fdc 1fe21fda 1fe11fe4 1feb1fe4
0530500 1fe21fe6 1ff01fe8 1fec1feb 1fee1fed
0530520 1fe81fec 1fe01fe8 1fe41fe5 1fe31fe3
0530540 1fe61fe6 1fde1fe7 1fef1fea 1fe91fe7
0530560 1fec1fe2 1ff21fef 1ff01ff6 1ff41ff0
0530600 1ff01ff4 1fea1feb 1ff21ff5 1ff11ff7
0530620 1ff21ff0 1ff41ff2 1ff61ff0 1ff61ff0
0530640 20011ff3 1ff81ffb 1ffe1ff9 1ff91ffa
0530660 1ff81ff3 1ff51ff8 1ffd1fff 20001ff9
0530700 20042002 20022003 20001ffc 1ffe1ffe
0530720 20041ffa 1ff91ffb 1ffb1ff6 1ffc1ffb
0530740 1ff81ffb 1ffc1ffc 1ffc1ffa 20051fff
0530760 1fff2001 20042008 1ffe200a 1ffe1ffc
0531000 20071ffc 1ffc2008 20031ffa 1ff61ffe
0531020 1ffe2002 1ff61ffe 1ff41ffb 1ffc1ffd
0531040 1ffb1fff 1ffc1ff8 1ffb1ff7 1fff2003
0531060 20032005 1ffd1ffb 1ffe1ff7 1fff1ff9
0531100 1ff71ffa 1ffa1ffd 20001ffe 20041ffd
0531120 20072001 1ffe2004 1ffa2001 20061ff9
0531140 20061ffd 20062000 1ffe1ffc 1ff82000
0531160 1ffe1ffe 1ffa1ff4 1ffd1ff7 20051ffd
0531200 20072009 1ffc1ffe 20001ff8 1fff1fff
0531220 20012004 1ffd1ffe 1ffa1ffd 1ffb1ffa
0531240 1ff01ff1 1ff71ffb 20001ff5 1ff91ffc
0531260 1fff1ff4 1ff81ffe 1ffb2003 1ffe2000
0531300 1ffb1ffd 1ff21fef 1fed1ff9 1ff61ff5
0531320 1ff61ff8 1ff31ff7 1ff41fee 1fe81feb
0531340 1fde1feb 1fec1fe9 1fea1fed 1ff61ff0
0531360 1ff31ff2 1fee1ff0 1ff01fed 1feb1feb
0531400 1fe81fe6 1fed1fec 1fe61fe8 1fe71fec
0531420 1fe21fda 1fe11fdf 1fe61fe4 1fe11fe3
0531440 1fe11fde 1fde1fdc 1fe21fda 1fe21fdf
0531460 1fe01fe0 1fdf1fe0 1fdd1fdd 1fdf1fd8
0531500 1fd81fdb 1fdb1fe3 1fdd1fdf 1fdf1fd9
0531520 1fdb1fda 1fdb1fd6 1fd11fd3 1fd01fd5
0531540 1fd71fd8 1fd71fd3 1fd51fda 1fd11fd9
0531560 1fce1fd7 1fce1fce 1fd51fcd 1fce1fd8
0531600 1fd81fd4 1fd31fd5 1fd91fd3 1fda1fe0
0531620 1fd21fd5 1fd31fd6 1fcf1fd6 1fd01fce
0531640 1fd51fd1 1fd61fd2 1fd01fd2 1fd71fd3
0531660 1fe01fd6 1fce1fd1 1fd01fd0 1fd51fd5
0531700 1fd21fd0 1fd01fd9 1fd21fcd 1fd41fd0
0531720 1fd41fd4 1fd01fd2 1fd21fd0 1fd61fd2
0531740 1fd21fd8 1fd01fcf 1fd41fca 1fdc1fd2
0531760 1fe01fe0 1fcb1fd2 1fd01fda 1fd11fd3
0532000 1fd91fd6 1fdd1fdb 1fe01fe0 1fd71fe3
0532020 1fd61fd5 1fcf1fcf 1fd81fd8 1fd81fd4
0532040 1fd91fd9 1fe11fe1 1fe21fdd 1fda1fdd
0532060 1fde1fde 1fd71fdd 1fe11fda 1fe31fde
0532100 1fe71fdf 1fe91fe1 1fe41fe9 1fe61fe8
0532120 1fe31fea 1fe81fe0 1fe71fe6 1fec1fec
0532140 1fee1fef 1feb1feb 1fe81fe7 1fea1fe8
0532160 1fe51fe9 1fe51fe5 1fee1ff0 1ff11fea
0532200 1fe91fee 1ff41ff6 1ff31ffc 1ff51ff9
0532220 1ffe1ff3 1feb1fee 1ff91ffa 1ff11ff3
0532240 1ffa1ffb 1ffe1ffd 1ffc1ffa 1ff91ffb
0532260 1ff61ffe 1ff71ff8 1fff1ff9 20091fff
0532300 20022006 20092004 2006200a 2011200a
0532320 20152011 20132011 200b200f 2008200d
0532340 200d200e 20112018 2019201a 20152016
0532360 201c2013 201c2012 201a2013 20182018
0532400 201c201a 201e2018 20202020 20192022
0532420 2023201f 20282028 202e202d 20232026
0532440 20252024 20252026 20212023 2033202c
0532460 202f202f 202d2033 20342032 202c2030
0532500 2035202f 20332031 203d2037 203c203d
0532520 203e2041 203f2043 203f203e 20462042
0532540 20442042 2047204a 2048204c 20492047
0532560 204e2045 204b204e 2045204b 20472048
0532600 204e2043 2049204a 2050204e 20562054
0532620 20562059 20582054 205a2059 2052205b
0532640 20552057 20542053 20592052 2057205b
0532660 2055205c 20582060 205c205b 205f205a
0532700 20612063 20622062 20672062 205e2066
0532720 2061205c 205c205c 2064205f 20702067
0532740 2066206e 20692063 2061206b 2068206a
0532760 20722069 20772079 20742077 206c206d
0533000 2062206a 20692066 206b2063 206e2066
0533020 20702068 206e2070 206f2070 2072206f
0533040 206f206c 207a2074 20782072 20772078
0533060 20792074 20722074 207b2071 207b2076
0533100 207c207c 207a2079 2079207a 2079207b
0533120 20792076 206c2075 206a206a 20762076
0533140 207b2079 207c207a 2079207a 207e207c
0533160 20822080 20802084 20822081 207a2085
0533200 20812081 20832076 207c2082 207d207d
0533220 207d207d 20802081 20882084 20852081
0533240 207b2086 20832081 208c208b 2085208f
0533260 20852088 20852088 20862086 207f207a
0533300 20832083 2088208a 20812085 20842089
0533320 20822086 20892080 20822087 2086208c
0533340 20842088 207c2085 20822082 20812084
0533360 20882080 208b2089 2085208a 20872083
0533400 207d2081 2079207f 2082207e 20862084
0533420 2087208c 20802082 20772080 20822080
0533440 20822080 20842083 20982093 2080208c
0533460 20852086 2078207e 20802078 20832083
0533500 207d2076 20802084 2089207e 207c207f
0533520 2079207b 2077207e 207d207c 20762080
0533540 2078207c 2080207c 2077207c 20792078
0533560 207a2072 207b2071 2080207d 207a207c
0533600 2071207b 20752077 20742070 20702074
0533620 20742074 20732073 20722073 20742074
0533640 206f206c 2063206c 20692077 206b206c
0533660 2072206e 20762070 2071206d 2063206d
0533700 20632067 20662066 20642068 205d2065
0533720 2064206f 20602063 2060205e 205d2061
0533740 205e205c 205c2067 2065205c 206b2064
0533760 2060205e 20622065 205f2064 205a205b
0534000 20572058 20582054 20572052 205c2062
0534020 2057205b 20542056 20502055 204e2055
0534040 2049204b 2052204e 2051204e 205a2053
0534060 20502054 20562054 2054204f 204f2053
0534100 2053204f 204f2054 20522054 205b205f
0534120 2059205a 205b2058 20542057 204d2052
0534140 204a204d 2057204d 204f2049 20522053
0534160 205b2059 2051204c 205c205a 204e2049
0534200 2057205a 2053205e 205d2056 20572056
0534220 205e205b 20602063 20662067 205f205d
0534240 2056205b 2057205b 20502050 205d2057
0534260 205e2058 20692060 20692061 20662060
0534300 206b2066 20612064 205c205c 20652062
0534320 20622069 205f205f 20672061 20612064
0534340 20632063 20632064 206a2066 20622065
0534360 20652063 2067206b 205f2062 20602065
0534400 206a2065 20672065 2064206b 205f2067
0534420 20672067 20672063 2072206b 206d206d
0534440 206a2075 2075206f 20712077 20732076
0534460 20702078 206f2071 2072206c 20712070
0534500 207d2079 2078207b 208b207e 20842085
0534520 207f2082 2084207d 20882084 20882083
0534540 20862087 20882085 20822089 20882085
0534560 20852085 208e208b 208b208d 20852086
0534600 20842085 20862083 20862085 20892086
0534620 208c2082 2088208a 208a2090 208c208c
0534640 2091208a 20992091 209d2099 2099209c
0534660 2099209a 209a2098 209a2092 2093209e
0534700 20a1209f 209c209f 20a620a2 20a1209a
0534720 20a320a5 209b20a2 20a1209f 20a020a1
0534740 20ad20a8 20ac20ab 20a820ab 20a920a8
0534760 20ae20a8 20ad20a7 20b120b3 20b820b3
0535000 20b620bb 20b420b6 20b720b5 20bc20b8
0535020 20b620b7 20bb20b5 20b820ba 20b420b3
0535040 20bc20b5 20bb20b4 20bc20b7 20b920bd
0535060 20bb20ba 20bd20c1 20c420c5 20c520c3
0535100 20c120bf 20be20bd 20c220c1 20c420c1
0535120 20c220cb 20c520bf 20c020c4 20c120c1
0535140 20c720c3 20c120c8 20c920c5 20c720be
0535160 20ca20c2 20cf20ca 20c720c7 20cf20cc
0535200 20ce20cd 20ce20ce 20c820c8 20d420d1
0535220 20d920d4 20d720d1 20d020d3 20cf20d5
0535240 20d020ce 20ce20d4 20dd20d2 20de20d8
0535260 20d720d8 20de20d9 20d720da 20d820d5
0535300 20d620da 20d420dc 20de20e0 20e320dc
0535320 20da20db 20de20dd 20e420de 20e420e5
0535340 20dd20e0 20e020df 20e420e3 20e820e7
0535360 20e120e3 20da20df 20e620db 20e820e0
0535400 20e620e2 20e120ed 20ee20eb 20e120e8
0535420 20eb20e1 20ea20eb 20ed20ef 20ea20ee
0535440 20ef20f4 20f620f0 20e520f1 20ec20e1
0535460 20e920e7 20ed20e9 20f120f2 20e920ef
0535500 20e820e7 20ef20e9 20ee20e8 20ef20ed
0535520 20ef20ee 20e920e9 20e720ea 20f420eb
0535540 20ee20ee 20ea20f6 20f220f1 20ed20ed
0535560 20ec20e8 20e520ec 20de20e2 20e420e0
0535600 20df20de 20e720e6 20e820e9 20e920e5
0535620 20eb20ed 20ec20ed 20f420f2 20e920ec
0535640 20e020df 20ef20e8 20f320f0 20f920f1
0535660 20f120f6 20eb20f3 20f620f5 20f120ef
0535700 20fa20f6 20e920ee 20e820ea 20ef20ea
0535720 20f320ed 20ed20e7 20e820ed 20e820ea
0535740 20e620e7 20f020e9 20eb20e6 20e820e4
0535760 20dd20e2 20e120e0 20ed20e7 20e420e7
0536000 20e520e7 20e120e1 20e720e1 20e220e2
0536020 20ea20df 20e120e4 20d720e2 20d920e1
0536040 20de20df 20df20db 20da20dd 20da20df
0536060 20dc20da 20d120da 20e020e1 20de20d9
0536100 20dc20df 20df20dd 20de20df 20d620d1
0536120 20d620d2 20e120d8 20de20de 20da20d9
0536140 20d420d8 20da20d7 20ce20d1 20dc20d6
0536160 20d720db 20e220dc 20d220d5 20d420cd
0536200 20d620d1 20d220d1 20db20d8 20d220d1
0536220 20d220d0 20d220d1 20d020d0 20d120d4
0536240 20ce20ce 20c720ca 20cb20cd 20d120cf
0536260 20d020d7 20d120d2 20d020d1 20c920cf
0536300 20c920c8 20d320c8 20cc20cd 20ce20d2
0536320 20d220d1 20cf20d2 20cc20c5 20c720cc
0536340 20c420c5 20cd20c6 20d220d2 20d120d0
0536360 20c520cb 20c220ca 20c520c1 20c620c7
0536400 20cf20c3 20ce20cf 20d020d2 20d420d7
0536420 20cf20ce 20cc20c7 20ce20cb 20cb20cb
0536440 20d820cf 20d720d1 20d520d7 20cb20d1
0536460 20cd20cd 20d420d1 20d620d0 20d320d5
0536500 20cb20d0 20ca20cf 20cc20cd 20c620ce
0536520 20c720bf 20ca20cd 20c620d0 20ce20c6
0536540 20d020d0 20d120d1 20d620d4 20d920da
0536560 20d220d9 20d620d1 20d220d0 20d520d2
0536600 20d320d0 20d620d8 20d220d9 20d620d9
0536620 20d520da 20c520d2 20c920ce 20db20d2
0536640 20d920d9 20e020db 20d920d9 20d820d6
0536660 20de20dc 20e220e4 20e820e9 20db20e0
0536700 20e520e2 20e220e5 20dd20da 20dc20e2
0536720 20e920e6 20df20e6 20dd20df 20de20dc
0536740 20de20e3 20e020e5 20e920e8 20f220ee
0536760 20f020ef 20e820ee 20ea20eb 20ea20ef
0537000 20f520f6 20ec20e6 20ec20e7 20e720eb
0537020 20e420ea 20f320ed 20f820f9 20fa20f5
0537040 20f620fb 20f120fb 20ec20f0 20f220e7
0537060 20eb20ec 20ef20ef 20f820f6 20fb20fb
0537100 20f720fb 20fd20fe 20f520fb 20fd20f7
0537120 210220f9 20f720fe 20ee20f9 20f720fb
0537140 210320fe 21022105 21092103 21042106
0537160 210120fe 21022108 20fb2103 210120ff
0537200 210320ff 21082105 210d2107 2110210d
0537220 21142112 2111210d 210c210c 210c2111
0537240 210e210f 21082111 210c2108 21142114
0537260 21172112 210c2113 210e2111 2112210c
0537300 210f2113 2111210f 2113210f 2108210b
0537320 210c2109 210f210c 2115211a 210c2115
0537340 2115210f 21192115 210f2113 21192112
0537360 2110210e 21182114 211a2112 211b2118
0537400 2124211d 211d2118 21192115 21192115
0537420 21172118 211a2115 211d2119 21222118
0537440 21192121 2117211b 211e2117 2120211d
0537460 211e211a 211b2120 211c211b 211c2121
0537500 2117211a 211c211b 21132117 21182115
0537520 211a211a 211f211a 211d211a 2118211a
0537540 211a2118 2118211a 211f211c 21282120
0537560 2123211d 2126212a 2128212a 212d212f
0537600 2126211f 21202123 2125212b 21242122
0537620 21222123 2121211d 21292121 2130212e
0537640 2131212e 21242130 21242124 21252124
0537660 21242128 21312130 212c212f 21322132
0537700 2130212d 2122212a 2136212d 2133213b
0537720 21382132 21332130 2134212c 21272130
0537740 21282127 21262126 2127212a 21262125
0537760 212e2125 212d2130 2131212b 212f212f
0540000 212a2125 211c212a 212d2129 21322129
0540020 2131212e 2132212d 21352136 2136213a
0540040 21312131 212f212e 2124212a 21252126
0540060 212a212c 21262127 21272130 21222124
0540100 212f2128 212f212e 212f212e b0110485
0540120 00001004 0001000a 00010000 03b16009
0540140 00000ffc 0001000a 1400003c add01f00
0540160 add01f01 add01f02 add01f03 add01f04
0540200 add01f05 add01f06 add01f07 add01f08
0540220 add01f09 add01f0a add01f0b add01f0c
0540240 add01f0d add01f0e add01f0f add01f10
0540260 add01f11 add01f12 add01f13 add01f14
0540300 add01f15 add01f16 add01f17 add01f18
0540320 add01f19 add01f1a add01f1b add01f1c
0540340 add01f1d add01f1e ff000134 00000020
0540360 00000002 a7dd4506 00000001 deadbeef
0540400 f0000002 a7dd44f2 000b4344 00000000
0540420 00000134 00001f48 a0100486 21f62132
0540440 21f621f2 21f321f8 21f121f3 21ef21ef
0540460 21fa21f4 21f921f2 21f621f8 21f621f7
0540500 21ff21fa 21fc21ff 21f821f5 21f721fb
0540520 21ff21fd 22052209 22022208 22032205
0540540 22032203 21ff2201 21fc21fd 22062204
0540560 21ff2202 220321fe 220a2207 220e2213
0540600 220c2212 220c2207 2207220b 220f2203
0540620 220a2216 2206220b 22082207 220b21fe
0540640 2209220a 220c2206 2210220c 2219220e
0540660 22102215 22162215 22102219 2205220f
0540700 22172206 22032207 22102209 22122213
0540720 220f2212 22082206 2211220e 22122210
0540740 2214221b 22112211 22152209 220f2212
0540760 22112215 22182222 22132217 22112210
0541000 22132211 22102211 2213220f 22132216
0541020 220e220f 22152214 22132213 22192214
0541040 221d2219 221d2222 221f2221 2214221b
0541060 221c221f 2218221f 2219221a 220f221a
0541100 22142215 21e42216 20092107 1e841f2a
0541120 1dc41e10 1d771d96 1d661d6e 1d611d63
0541140 1d5d1d61 1d601d5e 1d5f1d5b 1d601d5f
0541160 1d5d1d58 1d4e1d53 1d511d56 1d501d56
0541200 1d541d58 1d581d58 1d581d57 1d531d5b
0541220 1d5e1d59 1d5e1d5a 1d511d50 1d571d58
0541240 1d5f1d58 1d531d59 1d5d1d56 1d561d52
0541260 1d541d52 1d591d57 1d4b1d50 1d521d55
0541300 1d521d55 1d571d50 1d531d53 1d5d1d58
0541320 1d631d65 1d5e1d63 1d661d63 1d601d65
0541340 1d581d5c 1d5c1d5f 1d5e1d58 1d6a1d5e
0541360 1d5f1d5e 1d661d63 1d681d69 1d6b1d67
0541400 1d691d63 1d6d1d69 1d601d67 1d681d66
0541420 1d6f1d6f 1d701d6c 1d691d6a 1d691d62
0541440 1d6b1d68 1d681d69 1d6f1d67 1d691d6d
0541460 1d661d6d 1d6b1d6a 1d691d71 1d6f1d6a
0541500 1d6b1d6b 1d6a1d6f 1d6c1d72 1d6b1d60
0541520 1d611d66 1d591d5e 1d651d68 1d6b1d6b
0541540 1d6a1d69 1d731d6d 1d761d77 1d721d72
0541560 1d7d1d6c 1d701d6e 1d731d6e 1d6e1d6c
0541600 1d741d6d 1d731d78 1d721d6d 1d6d1d75
0541620 1d651d61 1d6e1d6b 1d701d73 1d6b1d76
0541640 1d741d6c 1d701d78 1d731d75 1d741d71
0541660 1d721d71 1d6e1d69 1d6c1d67 1d6b1d6d
0541700 1d6a1d6c 1d6a1d6e 1d681d67 1d6f1d6c
0541720 1d6b1d69 1d6b1d68 1d651d6c 1d6b1d6b
0541740 1d711d6e 1d671d6f 1d701d70 1d6d1d72
0541760 1d6f1d6c 1d6b1d70 1d6f1d68 1d6f1d69
0542000 1d6a1d71 1d6e1d6e 1d6d1d6a 1d661d6c
0542020 1d641d63 1d631d61 1d6c1d65 1d6e1d71
0542040 1d691d61 1d661d6b 1d6a1d68 1d6a1d67
0542060 1d6c1d68 1d701d6f 1d691d73 1d641d66
0542100 1d691d64 1d631d60 1d601d63 1d601d67
0542120 1d641d63 1d671d66 1d6a1d68 1d691d69
0542140 1d611d6d 1d6e1d6e 1d6d1d71 1d6e1d73
0542160 1d751d6c 1d691d6c 1d6a1d6d 1d731d6e
0542200 1d711d79 1d6f1d72 1d6e1d69 1d6f1d72
0542220 1d6f1d70 1d6f1d6d 1d651d69 1d6e1d6e
0542240 1d731d75 1d731d71 1d6e1d71 1d711d77
0542260 1d711d71 1d731d6f 1d761d71 1d7a1d78
0542300 1d731d76 1d731d75 1d751d6f 1d7a1d74
0542320 1d741d71 1d751d73 1d7b1d76 1d771d75
0542340 1d791d7f 1d751d7b 1d7c1d7a 1d7c1d7d
0542360 1d7d1d7e 1d741d78 1d741d75 1d761d80
0542400 1d871d82 1d8b1d86 1d871d87 1d7e1d83
0542420 1d821d7e 1d871d87 1d7f1d87 1d891d86
0542440 1d861d89 1d841d85 1d861d87 1d891d8a
0542460 1d8d1d89 1d891d87 1d8c1d8c 1d8b1d87
0542500 1d921d88 1d951d8d 1d981d95 1d9c1d99
0542520 1d9c1d9f 1da31da6 1d9a1d9c 1d941d96
0542540 1d901d97 1d961d9c 1da21d9a 1da81da2
0542560 1d9f1da5 1da51d9c 1da21daa 1da31da3
0542600 1da41da1 1da41da7 1da91dab 1da71da8
0542620 1da31da6 1da71da6 1dab1da9 1db41db3
0542640 1dad1dac 1db81db3 1dbb1db6 1db91dba
0542660 1db81dbe 1db51db8 1dbe1db9 1dbb1dbb
0542700 1dbe1dbb 1dc11dbb 1dbc1dbe 1dc51dc6
0542720 1dce1dcb 1dcd1dd2 1dc61dc6 1dc51dc7
0542740 1dd11dc7 1dd21dc8 1dd51dd4 1dd21dd5
0542760 1ddb1dd3 1dd91dd8 1dd71dd5 1dd81dd5
0543000 1ded1de0 1de71ded 1dde1ddc 1dea1de4
0543020 1dde1dde 1de51de1 1de71dea 1def1de9
0543040 1def1de4 1deb1dea 1de81dea 1def1de9
0543060 1de51de7 1df21de8 1dea1ded 1df11def
0543100 1df31df7 1df31df5 1df21df1 1df61df4
0543120 1df81dfa 1dfd1dfc 1e031dfa 1dfc1df7
0543140 1e001e00 1dfd1e09 1df91e02 1df81e01
0543160 1e001dfe 1dfe1dfb 1e071e03 1e101e0e
0543200 1e0e1e0e 1e0d1e02 1e031e08 1e021e0a
0543220 1e061e04 1e0e1e09 1e151e0f 1e111e13
0543240 1e121e10 1e1e1e17 1e141e15 1e1a1e0f
0543260 1e131e1b 1e1d1e1b 1e181e13 1e171e1a
0543300 1e1f1e1b 1e271e21 1e1b1e1d 1e1c1e1e
0543320 1e241e22 1e2c1e24 1e231e29 1e241e23
0543340 1e2b1e2a 1e261e22 1e241e27 1e2a1e24
0543360 1e2a1e27 1e341e31 1e331e33 1e381e38
0543400 1e2b1e2e 1e301e29 1e2d1e31 1e331e2d
0543420 1e331e2c 1e371e32 1e391e36 1e391e3e
0543440 1e3d1e3b 1e411e3e 1e431e3a 1e3a1e3b
0543460 1e3c1e3e 1e3b1e3d 1e3a1e35 1e431e40
0543500 1e421e3e 1e471e44 1e411e3b 1e461e3e
0543520 1e3e1e4a 1e4c1e44 1e4a1e4d 1e4f1e44
0543540 1e461e48 1e431e49 1e481e47 1e411e4c
0543560 1e461e48 1e471e48 1e3f1e44 1e3e1e3e
0543600 1e491e4c 1e571e4e 1e4c1e4d 1e471e45
0543620 1e4a1e48 1e531e4e 1e4e1e52 1e571e4e
0543640 1e4f1e50 1e4f1e53 1e501e4e 1e4e1e50
0543660 1e521e50 1e561e55 1e4e1e57 1e591e4f
0543700 1e551e53 1e5a1e58 1e551e58 1e551e54
0543720 1e531e5b 1e531e52 1e521e54 1e511e54
0543740 1e521e52 1e551e5b 1e5c1e56 1e621e5c
0543760 1e5a1e5c 1e531e55 1e4d1e50 1e551e4f
0544000 1e5a1e5b 1e521e51 1e561e57 1e5a1e5e
0544020 1e631e60 1e5f1e5d 1e5b1e59 1e4f1e58
0544040 1e531e54 1e501e4a 1e551e51 1e531e56
0544060 1e4f1e53 1e501e51 1e531e4d 1e521e4f
0544100 1e471e49 1e521e4e 1e4f1e50 1e511e4e
0544120 1e541e55 1e4c1e4e 1e4e1e47 1e4f1e4a
0544140 1e491e46 1e551e49 1e521e4d 1e431e4f
0544160 1e481e52 1e411e46 1e441e42 1e441e41
0544200 1e371e44 1e4e1e48 1e4a1e4a 1e521e51
0544220 1e511e53 1e511e58 1e4e1e56 1e4b1e45
0544240 1e4f1e55 1e4c1e47 1e4d1e4c 1e441e4d
0544260 1e511e4b 1e4d1e4f 1e4a1e4a 1e4c1e49
0544300 1e4e1e54 1e541e4d 1e471e4d 1e471e48
0544320 1e461e46 1e3e1e44 1e4e1e42 1e4f1e44
0544340 1e501e52 1e4c1e4f 1e4b1e45 1e421e45
0544360 1e3c1e43 1e411e48 1e431e47 1e4b1e45
0544400 1e461e47 1e461e46 1e461e46 1e461e47
0544420 1e4e1e4e 1e4b1e47 1e4a1e46 1e491e4a
0544440 1e471e47 1e4b1e4b 1e421e48 1e461e44
0544460 1e3e1e40 1e431e3f 1e451e49 1e4d1e4d
0544500 1e4a1e48 1e491e45 1e451e4f 1e4c1e4b
0544520 1e4c1e45 1e461e49 1e481e45 1e481e49
0544540 1e4e1e4a 1e521e50 1e4d1e4f 1e4c1e4d
0544560 1e471e4f 1e481e48 1e4a1e45 1e4c1e4e
0544600 1e471e45 1e451e49 1e4d1e48 1e521e4c
0544620 1e561e50 1e531e53 1e521e58 1e551e54
0544640 1e561e57 1e571e51 1e601e5e 1e4e1e5b
0544660 1e521e57 1e541e52 1e541e51 1e541e51
0544700 1e561e55 1e561e5d 1e521e5b 1e551e56
0544720 1e5b1e51 1e571e52 1e5c1e5e 1e531e58
0544740 1e531e50 1e651e5e 1e5d1e5e 1e671e64
0544760 1e591e5b 1e671e67 1e6b1e64 1e6d1e68
0545000 1e6d1e72 1e621e67 1e6a1e64 1e711e6e
0545020 1e6b1e68 1e691e6c 1e751e6e 1e751e71
0545040 1e6d1e6e 1e6c1e6f 1e721e71 1e7b1e74
0545060 1e791e71 1e781e7f 1e741e7b 1e7a1e79
0545100 1e7e1e79 1e851e7e 1e7a1e78 1e731e74
0545120 1e7a1e7a 1e871e81 1e881e84 1e851e8a
0545140 1e871e88 1e831e8b 1e831e88 1e871e81
0545160 1e861e8b 1e8d1e8e 1e911e94 1e961e99
0545200 1e991e97 1e8f1e96 1e8e1e88 1e9c1e9d
0545220 1e9d1e99 1e981ea1 1e941e94 1e991e94
0545240 1ea11ea3 1ea31ea1 1ea11ea0 1e9d1e99
0545260 1ea11ea1 1ea21ea5 1e9c1ea2 1ea81ea5
0545300 1ead1eaa 1ea81eb3 1ea71ead 1ea91ea4
0545320 1ead1ea8 1eb41eae 1eaa1eb0 1eb11eb9
0545340 1ead1eb1 1eb71eaf 1eb21eb2 1eb51eb8
0545360 1ec31ebc 1ec41ec2 1ec21ebf 1ec01ebe
0545400 1ebf1ec4 1ebd1ebe 1ec21ec8 1eb81ebe
0545420 1ec41ec2 1ec31ec6 1ec21ec3 1ec81ebd
0545440 1ec91ec0 1ec11eca 1ecd1ec6 1ed11ed2
0545460 1ec81ed0 1ed91ecc 1ed71edb 1ed61ede
0545500 1ede1edc 1edb1eda 1ee31edd 1ee21eda
0545520 1edd1edc 1ed81ede 1ee01ed4 1ed31ed4
0545540 1edd1ede 1eea1ee7 1ee81eeb 1ee71ee8
0545560 1ee81ee5 1ee71ee9 1eef1ee6 1ef31ef1
0545600 1ef21ef1 1ef01eeb 1eef1ef5 1ef01ef2
0545620 1ef71ef6 1ef51ef8 1eef1eee 1eed1eea
0545640 1eef1eef 1ef41eea 1ef91ef2 1f011ef4
0545660 1efc1efd 1ef81efa 1efe1f00 1f0a1eff
0545700 1f021f07 1efd1eff 1f001f04 1f0f1f0a
0545720 1f041f0b 1f041f00 1f061f05 1efe1efe
0545740 1f041f05 1f111f0a 1f0e1f0e 1f101f11
0545760 1f0f1f0f 1f111f13 1f151f10 1f0f1f11
0546000 1f0f1f0d 1f121f0b 1f101f12 1f181f13
0546020 1f1b1f15 1f161f12 1f161f15 1f131f17
0546040 1f131f16 1f1b1f16 1f0f1f19 1f0f1f10
0546060 1f151f15 1f1c1f1a 1f211f1e 1f1c1f17
0546100 1f1a1f1f 1f1b1f14 1f1c1f1a 1f1d1f19
0546120 1f1f1f1e 1f221f24 1f201f1a 1f221f1f
0546140 1f271f24 1f1c1f29 1f1a1f1a 1f291f23
0546160 1f231f25 1f291f26 1f2f1f2e 1f271f21
0546200 1f2a1f2b 1f281f26 1f281f26 1f2d1f2b
0546220 1f2c1f2b 1f281f2e 1f211f2d 1f2e1f25
0546240 1f291f28 1f261f2d 1f271f2a 1f251f1c
0546260 1f1a1f1d 1f191f1a 1f201f1e 1f281f27
0546300 1f241f22 1f261f26 1f2c1f24 1f251f25
0546320 1f211f26 1f201f1f 1f201f24 1f1d1f1b
0546340 1f1f1f24 1f241f24 1f291f25 1f311f2d
0546360 1f2e1f31 1f281f31 1f221f25 1f271f27
0546400 1f1e1f20 1f1a1f1b 1f201f1e 1f231f28
0546420 1f241f20 1f231f15 1f211f16 1f1d1f19
0546440 1f241f27 1f1f1f28 1f1f1f20 1f1a1f17
0546460 1f181f1c 1f201f18 1f111f19 1f161f12
0546500 1f0e1f11 1f171f10 1f181f11 1f1d1f15
0546520 1f171f15 1f191f1b 1f141f1b 1f1c1f19
0546540 1f171f1d 1f1f1f19 1f181f15 1f131f12
0546560 1f151f10 1f101f10 1f231f1a 1f1a1f1e
0546600 1f1a1f1a 1f181f1b 1f1b1f1d 1f191f1b
0546620 1f191f1b 1f0d1f11 1f121f15 1f121f15
0546640 1f131f16 1f111f15 1f151f13 1f1c1f17
0546660 1f1f1f1f 1f111f11 1f141f15 1f0d1f0d
0546700 1f161f13 1f1c1f24 1f151f10 1f111f19
0546720 1f1b1f12 1f131f17 1f191f1c 1f191f11
0546740 1f121f17 1f0f1f0e 1f0e1f0d 1f151f0c
0546760 1f151f14 1f201f1a 1f171f1c 1f131f1b
0547000 1f181f17 1f131f16 1f131f13 1f0c1f12
0547020 1f0b1f09 1f151f16 1f1b1f10 1f101f19
0547040 1f0d1f11 1f0f1f16 1f0c1f17 1f121f09
0547060 1f111f0d 1f181f18 1f161f19 1f1c1f21
0547100 1f121f1d 1f0e1f0f 1f0e1f0e 1f151f0f
0547120 1f1f1f18 1f1e1f1f 1f1e1f22 1f1e1f22
0547140 1f1d1f1e 1f171f1d 1f191f14 1f231f1c
0547160 1f171f1a 1f1d1f1f 1f181f17 1f1f1f1f
0547200 1f201f1f 1f201f24 1f201f1f 1f211f28
0547220 1f2c1f26 1f241f2a 1f231f28 1f241f29
0547240 1f271f22 1f2c1f24 1f2f1f2f 1f291f2c
0547260 1f2e1f2f 1f291f2d 1f311f32 1f381f2d
0547300 1f2b1f2b 1f2e1f2d 1f311f31 1f301f32
0547320 1f291f2e 1f331f32 1f311f2f 1f301f33
0547340 1f331f30 1f311f33 1f391f33 1f421f3d
0547360 1f3d1f40 1f3c1f38 1f3c1f3d 1f381f3d
0547400 1f411f3b 1f3f1f3d 1f421f3c 1f3c1f48
0547420 1f3c1f3b 1f441f44 1f3c1f3b 1f411f3e
0547440 1f461f4d 1f3f1f42 1f491f46 1f451f42
0547460 1f3f1f47 1f421f49 1f521f4a 1f461f4b
0547500 1f471f4c 1f5a1f4a 1f4f1f4e 1f4a1f52
0547520 1f4e1f4c 1f561f53 1f511f53 1f541f55
0547540 1f5b1f63 1f5e1f5b 1f591f5a 1f531f57
0547560 1f5a1f52 1f601f59 1f641f62 1f5a1f63
0547600 1f601f54 1f5f1f5b 1f641f5e 1f5d1f66
0547620 1f591f5b 1f681f5e 1f641f61 1f691f5f
0547640 1f6c1f71 1f6f1f70 1f681f6a 1f6a1f5f
0547660 1f651f63 1f6b1f6e 1f681f65 1f6c1f6c
0547700 1f661f6a 1f651f66 1f741f73 1f751f71
0547720 1f7a1f76 1f7b1f75 1f791f7d 1f7a1f76
0547740 1f781f79 1f7a1f75 1f841f7a 1f7d1f82
0547760 1f8e1f86 1f871f83 1f8a1f86 1f881f8a
0550000 1f811f83 1f821f7f 1f861f7e 1f831f84
0550020 1f811f7f 1f891f7f 1f8f1f8d 1f841f8a
0550040 1f871f86 1f911f94 1f911f90 1f921f94
0550060 1f971f94 1f981f94 1f921f94 1f9f1f9b
0550100 1f9c1f9d 1fa11f9c 1f9c1f97 1f971f9b
0550120 1fa31fa0 1fa51fa6 1f9c1fa2 1fab1f95
0550140 1fa61fa2 1faa1fad 1fae1fa7 1fab1fa2
0550160 1fb21fa7 1fa41fa8 1fac1fad 1faa1faf
0550200 1fad1fb2 1faf1fa4 1fac1fb0 1fab1fab
0550220 1fb11fad 1fad1fac 1fab1fa9 1fb51fb2
0550240 1fb01fb7 1fb21fb4 1fb31faf 1fac1fae
0550260 1fa91fae 1fb31fb2 1faf1fb3 1fb11fb5
0550300 1fb51fb3 1fb71fb6 1fb31fb5 1fb31fb8
0550320 1fb31faf 1fb91fb4 1fb71fb2 1fb91fb8
0550340 1fbc1fc0 1fc21fbe 1fc51fc3 1fbb1fc2
0550360 1fbf1fbf 1fc41fc3 1fbb1fc5 1fc41fbd
0550400 1fc21fc4 1fc31fc0 1fc21fc5 1fbc1fbc
0550420 1fbe1fbb 1fc41fc1 1fbe1fc2 1fbc1fc4
0550440 1fbe1fbb 1fc01fbb 1fbd1fc0 1fc41fc3
0550460 1fc01fc0 1fc41fbf 1fc01fbe 1fbe1fc2
0550500 1fbe1fc1 1fbb1fc1 1fbf1fc4 1fc51fbc
0550520 1fbd1fc3 1fb71fb9 1fbc1fb8 1fb81fc0
0550540 1fbc1fba 1fbf1fbc 1fb51fbb 1fbd1fc1
0550560 1fc31fbe 1fb91fb7 1fb71fb7 1fba1fbd
0550600 1fc41fc4 1fbb1fbf 1fb01fb5 1fb61fb8
0550620 1fb91fba 1fba1fba 1fc11fb4 1fc41fbf
0550640 1fb31fbd 1fbf1fb4 1fb91fbf 1fbc1fbc
0550660 1fc51fb9 1fb11fbf 1fb91fbd 1fb61fbc
0550700 1fb91fb6 1fbd1fb7 1fba1fbb 1fb51fb8
0550720 1fbe1fbc 1fc31fc4 1fc01fbe 1fbb1fba
0550740 1fc01fb8 1fc01fc2 1fbc1fc2 1fb91fb6
0550760 1fba1fb6 1fbd1fbb 1fb51fbc 1fbb1fb6
0551000 1fb91fb6 1fbd1fc1 1fbd1fc2 1fbd1fc5
0551020 1fb51fb9 1fb71fb1 1fba1fb6 1fb41fb9
0551040 1fbd1fbb 1fbe1fc1 1fb91fba 1fbf1fba
0551060 1fbe1fbe 1fc51fc2 1fb51fb9 1fb41fb6
0551100 1fb71fb3 1fb81faa 1fb51fb7 1fa61fae
0551120 1fb71fb3 1fb21fb9 1fb01fb8 1fb21fb6
0551140 1fb71fb8 1fb51fb5 1fbb1fb8 1fb71fc0
0551160 1fb61fb9 1fba1fb8 1fb91fb7 1fbf1fba
0551200 1fbd1fbb 1fb71fb3 1fb71fb7 1fba1fb7
0551220 1fbe1fba 1fc41fbc 1fc81fca 1fc41fc7
0551240 1fbe1fc0 1fb41fbc 1fc01fba 1fb71fb8
0551260 1fb61fbc 1fbf1fb7 1fc61fc4 1fbc1fc5
0551300 1fc01fbb 1fbf1fbe 1fcc1fc4 1fc41fc4
0551320 1fbe1fc0 1fc01fbf 1fbd1fb8 1fbf1fbf
0551340 1fc51fc3 1fcc1fcd 1fca1fd5 1fcc1fc3
0551360 1fcd1fcc 1fc41fbf 1fca1fcc 1fc11fc8
0551400 1fc91fc9 1fc91fc6 1fc61fc5 1fcd1fc8
0551420 1fce1fd0 1fc91fc6 1fc71fca 1fc91fc8
0551440 1fcd1fcf 1fcc1fcd 1fd21fd7 1fce1fd0
0551460 1fcf1fcb 1fce1fcb 1fd51fd4 1fcf1fd2
0551500 1fd31fd4 1fd71fdb 1fd91fd5 1fcf1fd8
0551520 1fda1fd2 1fda1fdb 1fd71fd8 1fdb1fdd
0551540 1fd11fd6 1fe21fdb 1fe41fdd 1fd91fdf
0551560 1fd61fdd 1fd71fd7 1fd71fda 1fd31fce
0551600 1fd71fd4 1fd71fd8 1fe31fd9 1fe21fdf
0551620 1fe51fe1 1fde1fdb 1fd91fe8 1fe21fdc
0551640 1fdc1fdb 1fe51fe0 1fe21fe0 1fdd1fe4
0551660 1fe31fe5 1fde1fe2 1fea1fdf 1fe61ff0
0551700 1fec1fe6 1fe91fe9 1fea1fe7 1fea1fe4
0551720 1fe71fed 1fe81fee 1fe91fe9 1fe41fe8
0551740 1fe81fe2 1fe81feb 1feb1ff2 1fed1feb
0551760 1ff81fed 1ff41ff4 1ff11fef 1ff71ff5
0552000 1ff61ff9 1ff31ff1 1fea1fed 1fed1fed
0552020 1feb1fee 1fea1ff4 1ff41ff1 1ffb1ff3
0552040 1ffa1ff5 1ff31ff7 1ff91ffb 1fff1ffa
0552060 1ff91ffb 1ff71ff3 1ff41ffe 1fea1fe8
0552100 1ffa1ff5 20001ff6 20002004 1ff91ffd
0552120 1ffe1ff9 20002000 1ffc1ff9 20001ffd
0552140 20032007 20032003 1ff91ffe 20011ffd
0552160 20061fff 20002001 20081fff 20092009
0552200 200b2007 20072008 1ffe1ff9 20052005
0552220 200a200b 200b2002 2011200d 2015200d
0552240 200d2014 200c200a 200f2010 200c200a
0552260 2008200c 20112005 20112011 20162012
0552300 20162011 201a2013 20122014 20182017
0552320 201c2016 20202024 201c2023 2020201a
0552340 20242023 20242014 20262025 201a2020
0552360 201e2020 20112015 201d2019 20242023
0552400 201c2021 20222025 201e2020 201a201f
0552420 20182017 201d201d 20212024 20272028
0552440 20232025 2026201d 2026201f 20272029
0552460 20272026 20232022 20232021 20272025
0552500 20302029 202f2030 202f202c 202b202e
0552520 20342034 202e2036 202d202a 202e2030
0552540 2028202f 20222025 20262023 202f2023
0552560 20352030 202e202e 2032202e 2037202d
0552600 20332039 20322031 202c2032 202a2029
0552620 202b202b 20302030 2030202a 20362030
0552640 202e2033 20342037 202c202a 2035202a
0552660 20302024 202e202e 202d2035 202e2032
0552700 20342028 20372038 20362037 20302035
0552720 20352033 202c2031 202d2026 202d2036
0552740 20332034 202c2034 2029202d 202d202c
0552760 202d202e 2038203b 20332030 20332032
0553000 202f2030 202c2030 20292029 2028202a
0553020 20292025 202d2024 20282027 2027202f
0553040 20212022 20252023 202b2029 202a2021
0553060 202f2039 202f2035 202e202c 202b202f
0553100 2027202d 202d202e 202d2028 202e202b
0553120 202d202f 20292026 20232024 20282025
0553140 20292028 2024202b 2030202b 202f2032
0553160 202b202a 202e2030 202d202d 20262033
0553200 2028202c 2029202b 20282029 20252025
0553220 20222029 20212024 202a2028 20272027
0553240 20232024 20292024 202c2026 202b202b
0553260 2035202d 202f202c 2027202f 20312032
0553300 2023202d 2026202c 2030202d 2030202f
0553320 2039202d 20322035 20322035 20382030
0553340 20362034 20302038 202c2032 2034202b
0553360 2033202f 20352030 202f2034 20312030
0553400 20362032 20342032 20362033 20352033
0553420 203a2037 203d203c 20412042 203e203c
0553440 20462042 20432042 203f203f 20462046
0553460 20472046 20402044 203f2042 204a2040
0553500 2040203f 203e203f 203e2040 203c203c
0553520 20412040 20482041 20422040 20492049
0553540 20482044 20452047 204c2046 20422048
0553560 204b2046 204a204e 204d2046 204f204a
0553600 204f2056 20502059 204e204f 2053204d
0553620 2048204b 204a204b 204b204a 20422048
0553640 204d204a 204b2050 204c2058 20562053
0553660 2059204f 20592055 20512053 2051204d
0553700 20562056 20552056 2051204c 2052204c
0553720 20542059 20572059 20582050 20562057
0553740 20592059 2061205f 20632061 2068205d
0553760 2062205d 2062205f 20582060 20652061
0554000 20602060 205c205e 205a2060 205c205f
0554020 206c2064 20642067 20682061 20692067
0554040 206f206e 2069206d 206e206f 206f206e
0554060 206e206e 206e206d 206d206f 206e2069
0554100 20752078 20712072 206b206f 2071206e
0554120 2070206e 206e2065 206d2068 2070206f
0554140 206f206f 2073206f 207c2070 20722079
0554160 20782075 20772075 2078206f 207d2078
0554200 207d207f 207a207e 207d207e 207d207d
0554220 20872080 20802084 207f2085 207b2086
0554240 207d2080 2085207d 20802080 2081207d
0554260 2076207e 20762080 20822078 2081207f
0554300 2083208d 20892092 20842088 20862085
0554320 208c208a 20832088 207c2086 2082207b
0554340 2084207e 20882086 2083208d 20892086
0554360 20882088 2098208f 20912090 208a2092
0554400 208a208e 208a208f 208e2089 208e208a
0554420 208e2092 208e208d 2091208d 208e208d
0554440 208a2095 208c208b 209a208e 20952093
0554460 20912091 2096208e 209d209e 209f20a6
0554500 20952096 2097208d 2091208d 2099209b
0554520 20982096 20942094 209e2090 2094209e
0554540 20a02097 20a020ab 209e20a4 20a42099
0554560 209d20a0 20982098 208e2097 209a2095
0554600 209e209c 209d209b 209e20a3 209a20a1
0554620 20a520a1 20a320a4 20a120a2 209d20a2
0554640 20a2209e 20a320a1 209d209d 209c2098
0554660 2097209a 20982093 209a2097 209b2097
0554700 20a020a1 20a120a0 20a520a4 20aa20a3
0554720 20af20a8 20ab20a3 20a220a3 20a020a7
0554740 20aa20a2 20a820a0 20a420a6 20a020a6
0554760 20a220a6 20a120a6 209a209f 209b20a0
0555000 20a320a0 209e20a4 20a4209a 20a520a6
0555020 209a20a2 2096209d 20a120a0 209d209f
0555040 209b209e 20932098 20932093 209c209a
0555060 209a209c 209f209e 2095209a 209c20a0
0555100 20a4209a 20a420a0 209b209f 209c2093
0555120 209a2099 20a120a3 2096209e 2090208e
0555140 20982095 2095209e 20942096 20932091
0555160 209a208e 20932093 20962094 20952096
0555200 20942094 20982096 209c2096 2096209c
0555220 208b2097 2094208a 20942093 208d2093
0555240 20902098 20942099 2094208e 20922091
0555260 208b208a 208b208e 208f2093 20892091
0555300 2089208c 20882087 20842089 20882089
0555320 208f208b 2089208b 208b2089 208d208e
0555340 208b208c 208b208a 208c208b 208a2089
0555360 2085208c 20852089 208a2088 20952088
0555400 208e208f 208c208e 20902093 208d2097
0555420 208d208c 208b2084 20822083 20892087
0555440 2086208c 20862082 2084208a 20882089
0555460 2089208e 2094208e 208d208a 20802092
0555500 207d208d 20842083 207c207e 20902085
0555520 20832085 208e2089 208e208c 2086208d
0555540 208e2087 20812085 20762088 207f207f
0555560 20842082 20862082 20852087 2088208b
0555600 2087208a 2090208f 2090208f 20902090
0555620 2089208b 20852090 2092208e 208a2087
0555640 208d2088 20882086 208e208e 208b208f
0555660 208d2085 20882088 2084208a 208c208b
0555700 208c2093 208c2089 208d2090 2095208c
0555720 208b2094 2092208f 208f2095 208d208d
0555740 208e208b 208d208c 20942086 209f2090
0555760 20932094 20962091 20952099 209e20a2
0556000 20a2209c 2091208f 2098208f 20952098
0556020 209d209f 209d2099 20a1209f 209e209f
0556040 2099209a 209d209f 20a5209a 20a020a2
0556060 209f20a8 20a820ad 20ad20aa 20ab20a8
0556100 20a220a7 20a520a4 20a720a4 209f20a6
0556120 20ac20a5 20a620a5 20a920ac 20ad20b3
0556140 20b020b3 20b120b4 20ad20b8 20ab20b7
0556160 20ae20ae 20af20b2 20aa20ae 20ac20a9
0556200 20b120a6 20a920ad 20ad20b1 20b420b4
0556220 20be20b7 20ae20ae 20b220b9 20bc20b5
0556240 20b620b6 20c120c0 20c120bb 20c520c1
0556260 20c620c6 20c520c5 20bd20bd 20c320bf
0556300 20bb20bd 20ba20be 20c720bd 20c820ca
0556320 20c120cc 20c520ca 20c720c8 20d020c2
0556340 20ce20cc 20c920cf 20cd20d0 20cc20ca
0556360 20c720c8 20d020cb 20d620d6 20d520db
0556400 20d020cd 20d720cd 20d820d1 20d420db
0556420 20dd20da 20dd20e5 20dc20dd 20cf20d5
0556440 20d520ce 20d820d6 20de20da 20da20d5
0556460 20d620d4 20cd20d9 20e320df 20dc20e5
0556500 20e320dc 20e120e5 20e120e4 20e120e1
0556520 20d620da 20dd20d1 20e420e6 20e620e6
0556540 20e120eb 20e520e5 20e120e4 20e420e5
0556560 20e520e4 20e320e5 20e520e6 20df20e3
0556600 20e620db 20e620e4 20ea20ea 20eb20ec
0556620 20f220ef 20f920f6 20f920f3 20ef20f6
0556640 20ea20ef 20ea20ed 20ed20f0 20ea20ea
0556660 20f320f4 20f420f4 20f020f1 20f220f9
0556700 20f120f0 20f320ef 20fa20f3 20f720f1
0556720 20f920f3 20f120f6 20f920fa 20f320f8
0556740 20f720f0 20f120f3 20fd20f8 21012100
0556760 20f920f9 20f920fb 20fc20f8 210020ff
0557000 21052103 21012100 21022100 21002107
0557020 21022101 21042109 210a2104 210c2103
0557040 21012107 210020fe 210a2102 21062107
0557060 210020ff 20fd2103 210220fd 21022103
0557100 210120fa 210b2105 210a2108 210a2108
0557120 210a210b 2108210b 21032103 21082105
0557140 2108210a 210c2108 210f210f 210d2109
0557160 2107210d 21072107 2101210b 210b2105
0557200 21102102 20fe2102 21132105 21062110
0557220 20fd210a 21052102 20f720fb 210020ff
0557240 20fe20fe 210c2106 21112100 210b2112
0557260 210e210a 2109210c 21052104 210120fd
0557300 210b2108 2101210d 21032104 20fc2101
0557320 20fa20ff 20f820f8 20f620f7 20f720fa
0557340 20f620f6 20fa20f5 20f320f9 20fa20fb
0557360 20fc20f8 20fe20f9 20f820f9 20f020fb
0557400 20f620fa 20fb20fb 20fb20f9 20fa20f6
0557420 20fb20ff 20f620fb 20fa20f9 20ff20fc
0557440 20fc20ff 20f720fe 20fa20f4 20f220fa
0557460 20f320ee 20ec20fa 20ee20f5 20f520f1
0557500 20f420f2 20f120eb 20f020f6 20f820f3
0557520 20f220f3 20f420eb 20ec20eb 20e520e2
0557540 20ea20e7 20ed20e8 20f220ea 20ee20ea
0557560 20ef20eb 20ef20e9 20ea20e9 20ec20ee
0557600 20ef20e9 20f120ed 20e920ea 20e220ec
0557620 20e720eb 20e320e5 20e920e9 20e520e4
0557640 20e620e0 20ea20e4 20f020e7 20ef20ef
0557660 20eb20ed 20dd20e5 20dd20e0 20e620e3
0557700 20e720e1 20da20df 20dd20ec 20df20eb
0557720 20e120da 20e420e2 20dc20da 20e220dc
0557740 20e220df 20e720e4 20e120e4 20e520df
0557760 20e020e7 20e120f0 20df20e8 20de20de
0560000 20eb20e8 20de20e9 20dc20e2 20de20db
0560020 20e420de 20e120d9 20e320e9 20e020e5
0560040 20e220df 20e920e6 20e120e7 20e720e4
0560060 20e620e0 20e920e0 20e920e7 20ed20e4
0560100 20e220e3 20ea20ec 20ea20e5 20e920ea
0560120 20e320e3 20ea20e1 20e920f0 b0100486
0560140 00000fcc 0001000a 00010000 03b1600a
0560160 00000ffc 0001000a 1400003c add01f00
0560200 add01f01 add01f02 add01f03 add01f04
0560220 add01f05 add01f06 add01f07 add01f08
0560240 add01f09 add01f0a add01f0b add01f0c
0560260 add01f0d add01f0e add01f0f add01f10
0560300 add01f11 add01f12 add01f13 add01f14
0560320 add01f15 add01f16 add01f17 add01f18
0560340 add01f19 add01f1a add01f1b add01f1c
0560360 add01f1d add01f1e ff000134 00000020
0560400 00000002 a811ab03 00000001 deadbeef
0560420 f0000002 a811aaef 200b3f0c 00000000
0560440 00000134 00001f48 a0110487 21d920df
0560460 21d721d0 21d621cf 21d021d4 21dc21d8
0560500 21d821d9 21de21da 21e421dc 21d721da
0560520 21d121d1 21d921d5 21ce21d0 21ce21ce
0560540 21d621cf 21d921d2 21d721cd 21d921d6
0560560 21d521d4 21cb21d1 21cf21cd 21d021cc
0560600 21d521d2 21cf21cf 21d121d1 21c921d5
0560620 21cf21c7 21c321c4 21c921ca 21cf21cc
0560640 21d321d6 21cf21cd 21d621d3 21c821d4
0560660 21c821c2 21cc21c5 21d221d1 21d121c5
0560700 21c721bc 21d021d2 21c221cd 21ca21cf
0560720 21c921c9 21cd21c5 21c821cd 21cc21ca
0560740 21cc21d0 21d421cc 21ca21d3 21cd21cb
0560760 21ce21d1 21cb21d1 21d021cd 21cb21cd
0561000 21cb21c5 21c621c3 21c521bc 21c621c6
0561020 21c321c1 21c521c7 21c421c6 21ca21c1
0561040 21cd21c7 21ce21ca 21c821c8 21cc21ca
0561060 21ca21cc 21c921cc 21ca21cd 21c021cc
0561100 21c121c7 21c321c5 21ca21c1 21c821c8
0561120 21cb21cc 21c521c7 212321c3 1f35201d
0561140 1de71e71 1d521d8e 1d1a1d30 1d181d18
0561160 1d121d0a 1d131d15 1d181d16 1d091d0e
0561200 1d0f1d0f 1d071d09 1d0c1d0a 1d071d05
0561220 1d031d03 1d001d00 1d091cff 1d001cff
0561240 1d101d05 1d131d15 1d121d15 1d1c1d1d
0561260 1d131d1d 1d0e1d16 1d081d11 1d081d06
0561300 1d111d09 1d071d0d 1d0e1d0f 1d121d12
0561320 1d161d15 1d141d13 1d161d16 1d181d1e
0561340 1d221d1a 1d181d20 1d261d21 1d1c1d20
0561360 1d1d1d1f 1d211d24 1d281d23 1d231d22
0561400 1d251d24 1d1b1d1d 1d1a1d20 1d1c1d1a
0561420 1d171d1c 1d241d1b 1d2c1d25 1d291d2a
0561440 1d341d2b 1d311d35 1d351d30 1d301d34
0561460 1d351d30 1d2d1d2f 1d371d2d 1d321d32
0561500 1d301d32 1d3c1d3b 1d3d1d36 1d381d35
0561520 1d381d3f 1d3e1d41 1d401d45 1d441d47
0561540 1d451d44 1d3f1d43 1d421d44 1d4e1d4c
0561560 1d451d48 1d481d43 1d451d4a 1d421d45
0561600 1d4b1d47 1d4e1d49 1d4d1d44 1d481d47
0561620 1d531d4e 1d511d59 1d561d54 1d531d52
0561640 1d591d57 1d591d58 1d591d59 1d601d5a
0561660 1d5c1d62 1d661d62 1d5c1d64 1d5b1d5a
0561700 1d591d60 1d591d5d 1d5e1d60 1d5f1d60
0561720 1d611d5f 1d641d64 1d5e1d5c 1d621d64
0561740 1d661d5c 1d641d61 1d601d64 1d671d63
0561760 1d6e1d69 1d641d6b 1d691d6a 1d6e1d66
0562000 1d731d6c 1d741d6e 1d731d70 1d721d79
0562020 1d731d79 1d711d6d 1d791d71 1d771d79
0562040 1d731d74 1d7f1d80 1d891d7b 1d801d7f
0562060 1d7f1d87 1d7a1d7c 1d871d8b 1d931d8a
0562100 1d861d92 1d891d83 1d831d8c 1d8f1d87
0562120 1d911d8a 1d851d86 1d9b1d9b 1d8a1d90
0562140 1d901d94 1d911d8b 1d881d83 1d861d8f
0562160 1d971d8f 1d9d1d9d 1d971d99 1d971d94
0562200 1d9b1d96 1da61d9f 1d9f1da3 1da01d9e
0562220 1d9a1d96 1d9f1da5 1da01da2 1da11d9b
0562240 1da11d9b 1d9d1d9f 1da21da5 1da51da8
0562260 1dab1da4 1da81dac 1da31da4 1da31da9
0562300 1da31da9 1da41da1 1da31da1 1da51da2
0562320 1da41da9 1da11da3 1da81da5 1daa1da6
0562340 1daa1daa 1db11db3 1db51db6 1dab1db2
0562360 1db31dab 1db71db8 1dbc1db8 1dad1db2
0562400 1db71dad 1db51db0 1db51db8 1db51dbe
0562420 1db71db7 1dbf1db6 1dba1dba 1db11db8
0562440 1db11dac 1daf1db3 1db91db5 1db81db8
0562460 1dba1db9 1db91dbb 1db71db4 1db91db7
0562500 1db91db8 1db51db5 1db11db3 1dbc1dba
0562520 1dc11dbf 1dc21dbe 1dbd1dbf 1dbe1dbd
0562540 1dbb1dc0 1dbb1dbf 1dbf1db5 1dbd1dba
0562560 1db51db8 1db71db5 1dbd1dbd 1db71dbd
0562600 1db81db7 1dbc1dbc 1dbd1dc8 1dc81dc3
0562620 1dc11dbf 1dcd1dc4 1dc61dd0 1dc01dcd
0562640 1dc31dc3 1db71dc4 1dc21dc0 1dbb1dc9
0562660 1dc41dcb 1dc31dc1 1dbe1dbe 1dbb1dc0
0562700 1dbe1dbd 1dbe1dc4 1dc41dc6 1dce1dca
0562720 1dc71dc8 1dc21dbe 1dca1dc7 1dcc1dca
0562740 1dd01dca 1dcb1dcd 1dc11dc8 1db91dc3
0562760 1dbc1dc0 1dc01dbf 1dca1dc3 1dc01dca
0563000 1dca1dcc 1dc61dd0 1dd31dcf 1dd01dcc
0563020 1dd21dd3 1dcf1dd3 1dd51dce 1dd01dd1
0563040 1dcb1dcc 1dc81dc6 1dd41dcd 1dcd1dd5
0563060 1dca1dcb 1dd31dcf 1dcd1dd9 1dd41dd0
0563100 1dd81dd6 1dd01dd2 1dcb1dc9 1dc71dd3
0563120 1dd11dcb 1dc51dcb 1dc51dc3 1dc71dc8
0563140 1dcd1dc8 1dd91dcf 1dd41dd5 1dd51dd5
0563160 1dda1dd9 1dd21dd4 1dd91dd4 1dd81dd8
0563200 1dd51dd3 1dd21dd7 1dd81dd0 1ddf1dde
0563220 1dd81dd5 1dde1dda 1de41de1 1de01dea
0563240 1de01de0 1ddb1ddf 1dd81dd9 1dda1ddc
0563260 1dd41ddf 1ddd1dda 1de01de0 1dec1de2
0563300 1dec1de4 1de61de4 1de71de4 1de31dea
0563320 1de31dde 1dee1de6 1def1dec 1de61df4
0563340 1dea1ded 1deb1dea 1df41def 1de71df1
0563360 1def1dee 1df11dee 1df81df4 1dfa1df2
0563400 1dfa1df6 1df51df2 1df71df9 1dfd1dfb
0563420 1df51df8 1df61df7 1dfd1df7 1dfe1dfa
0563440 1df41df8 1df81df7 1dfd1e02 1e081e01
0563460 1e041e04 1e031e01 1dff1e03 1e041e05
0563500 1e021dfe 1e081e02 1dfe1e0d 1e081e09
0563520 1dfb1e08 1e061e00 1e091e0c 1e041e03
0563540 1e031e03 1dfc1e04 1e031dfd 1e011e05
0563560 1e091e0b 1e041e03 1e071e04 1e121e10
0563600 1e0e1e09 1e101e06 1e151e12 1e161e1b
0563620 1e1d1e1c 1e131e18 1e131e0c 1e0b1e14
0563640 1e181e18 1e1e1e1b 1e191e18 1e171e13
0563660 1e0e1e11 1e161e15 1e181e1a 1e161e17
0563700 1e1d1e14 1e1a1e1c 1e1f1e18 1e1d1e20
0563720 1e231e23 1e261e1e 1e221e21 1e231e23
0563740 1e231e29 1e281e24 1e2d1e25 1e2e1e29
0563760 1e251e2a 1e2e1e2b 1e2b1e2b 1e2b1e28
0564000 1e281e27 1e2b1e27 1e2f1e32 1e2b1e2c
0564020 1e241e22 1e221e29 1e291e23 1e2e1e2c
0564040 1e331e2c 1e301e2d 1e351e32 1e341e32
0564060 1e361e33 1e391e3a 1e341e2e 1e391e3b
0564100 1e361e33 1e3f1e42 1e381e3f 1e361e38
0564120 1e351e3f 1e391e44 1e3e1e3d 1e3d1e3d
0564140 1e3e1e3e 1e3b1e3a 1e401e42 1e401e3e
0564160 1e401e40 1e421e3d 1e481e44 1e3d1e49
0564200 1e3d1e43 1e4a1e42 1e461e49 1e511e4c
0564220 1e4c1e4c 1e4b1e4d 1e441e4b 1e4e1e45
0564240 1e4d1e4f 1e531e4c 1e501e51 1e4e1e51
0564260 1e541e50 1e501e52 1e4f1e4f 1e4f1e4e
0564300 1e4b1e4f 1e511e46 1e531e56 1e4e1e54
0564320 1e571e4d 1e5e1e53 1e541e57 1e4f1e4d
0564340 1e521e5a 1e5c1e57 1e621e5c 1e5f1e5e
0564360 1e601e5f 1e5e1e62 1e5f1e68 1e5c1e5f
0564400 1e5c1e57 1e591e5c 1e551e62 1e651e62
0564420 1e651e60 1e631e61 1e661e6d 1e671e69
0564440 1e6a1e68 1e6d1e6b 1e6e1e68 1e681e6a
0564460 1e641e61 1e6c1e68 1e6c1e6b 1e741e68
0564500 1e781e71 1e741e76 1e731e75 1e6d1e70
0564520 1e6e1e68 1e701e70 1e711e6a 1e771e70
0564540 1e741e70 1e801e77 1e731e77 1e751e76
0564560 1e731e7d 1e811e7a 1e811e79 1e711e76
0564600 1e7e1e79 1e761e77 1e871e7f 1e831e83
0564620 1e7d1e7c 1e7b1e76 1e801e81 1e861e83
0564640 1e801e80 1e831e7f 1e851e87 1e811e84
0564660 1e8b1e85 1e8b1e89 1e861e8c 1e891e8c
0564700 1e871e8d 1e8a1e88 1e831e84 1e811e88
0564720 1e861e87 1e881e8b 1e871e86 1e841e85
0564740 1e7d1e81 1e821e82 1e821e80 1e801e85
0564760 1e811e85 1e851e84 1e891e89 1e891e8b
0565000 1e901e83 1e941e91 1e961e92 1e921e88
0565020 1e931e8a 1e8f1e8c 1e8d1e87 1e891e85
0565040 1e8b1e8b 1e8a1e8c 1e961e8d 1e871e88
0565060 1e931e8b 1e9a1e90 1e971e97 1e911e99
0565100 1e971e97 1e921e90 1e8e1e98 1e951e94
0565120 1e921e94 1e901e96 1e9a1e96 1e951e9c
0565140 1e9f1e99 1e951ea1 1e9e1e9a 1e951e9b
0565160 1e991e9d 1e941e96 1e9d1e95 1e951e96
0565200 1e961e95 1e9e1e9b 1e9b1ea1 1e981e9e
0565220 1e9b1e8d 1e971e92 1e9f1e9c 1e9c1ea7
0565240 1ea11ea1 1ea61e9d 1ea81e9e 1ea61ea5
0565260 1ea71ea5 1ea51ea8 1ea81e9f 1ea41ea4
0565300 1ea81ea2 1e9b1eae 1eaa1e9f 1ea11ea6
0565320 1eab1ea4 1ea51eaf 1ea61ea5 1eaa1eab
0565340 1eae1ead 1ea51ea7 1ea41ea7 1eb01eac
0565360 1ea71eb0 1ead1ea5 1eb01eaf 1ea81eae
0565400 1ea91ea7 1ea81ea9 1ead1ea9 1eaa1ead
0565420 1eac1ea8 1eaa1ea9 1eac1ea8 1eae1eb0
0565440 1eb51eb3 1ea71eb9 1eae1eaf 1eb31eab
0565460 1eb71eb4 1eb31eb3 1eb91ebb 1ebe1ec2
0565500 1ec21ebc 1ec01ec4 1eb41ebb 1eae1eb5
0565520 1ebb1ebf 1ec11ebd 1ec21ebf 1eba1eb9
0565540 1ebc1ebe 1ec01ebd 1ebb1ebb 1ec31eba
0565560 1ebb1ebd 1ec41ec7 1eca1ec5 1eca1ec7
0565600 1ecb1ecc 1ec81ec5 1ec01ec7 1ed01ec9
0565620 1ecc1ecc 1ecd1ed0 1ecc1ecf 1ec81ece
0565640 1ec01eca 1ed21ed3 1ecd1ecb 1ed01ec7
0565660 1ecc1eca 1ed01ecb 1ed21ec6 1ed11eca
0565700 1ece1ecb 1ecc1ed0 1ed01ece 1ed11ece
0565720 1ed41ed1 1ed21ed3 1ed21ed5 1ed11ed4
0565740 1ecc1eca 1ed31ec9 1ed01ece 1ed71ed9
0565760 1edc1ede 1ed91edd 1eda1ed1 1ed91edd
0566000 1edb1ee0 1ed41ed9 1edd1ede 1ee11edc
0566020 1ed81ed6 1edc1edf 1eda1edb 1ed71eda
0566040 1ed51edb 1ee41ed7 1ee11ee3 1edf1ee9
0566060 1edb1ee2 1ee51ee2 1ee11ee3 1ee31edf
0566100 1ee41ee8 1ee61ee8 1ee51ee1 1ee11ee5
0566120 1ede1ee8 1eed1eee 1ee51eea 1ee71edf
0566140 1ee41ede 1ee11ee4 1eea1ee8 1eea1eea
0566160 1eec1ee7 1eed1ef1 1eed1ef0 1ee81eec
0566200 1ee41ee7 1ee71ee2 1ee81ee5 1ee91ee9
0566220 1eec1eeb 1eeb1eec 1ef41eea 1ef01ef0
0566240 1ef11ef1 1eef1eee 1ef21ef5 1eef1eee
0566260 1ef31ef0 1ef81eef 1ef61ef4 1ef91ef5
0566300 1ef01ef8 1ef11ef5 1ef91ef5 1ef61efa
0566320 1ef51ef8 1ef51eec 1ef81ef5 1ef41ef6
0566340 1ef21ef4 1efb1ef9 1f021ef5 1efd1f00
0566360 1ef51eff 1ef91ef3 1efa1f01 1eff1efa
0566400 1efd1f01 1ef91efa 1ef91f00 1efe1efc
0566420 1f011f01 1f031f00 1f021f0a 1f011efa
0566440 1f091eff 1f0e1f06 1f0f1f0c 1f011f00
0566460 1f081f04 1f0e1f0a 1f0c1f09 1f0d1f10
0566500 1f0b1f0e 1f081f0e 1f091f0e 1f091f05
0566520 1f0a1f04 1f0d1f0a 1f161f18 1f121f09
0566540 1f141f0f 1f0b1f07 1f091f11 1f091f15
0566560 1f0c1f0c 1f141f0b 1f141f16 1f101f11
0566600 1f1c1f17 1f1c1f1b 1f171f1a 1f151f14
0566620 1f101f15 1f171f17 1f181f21 1f201f1c
0566640 1f1c1f1f 1f1c1f1b 1f1d1f24 1f1a1f1b
0566660 1f211f1e 1f1b1f22 1f231f21 1f251f23
0566700 1f251f22 1f1f1f1a 1f1c1f20 1f1f1f21
0566720 1f1d1f1e 1f171f1c 1f1a1f18 1f251f1f
0566740 1f261f21 1f2b1f26 1f231f28 1f2a1f22
0566760 1f2b1f2a 1f1c1f20 1f1c1f1d 1f221f1c
0567000 1f2f1f29 1f2d1f2a 1f321f32 1f321f30
0567020 1f2b1f34 1f2b1f26 1f2d1f29 1f221f23
0567040 1f2a1f29 1f261f2a 1f2e1f2c 1f261f28
0567060 1f281f28 1f2b1f30 1f2b1f31 1f311f26
0567100 1f291f2e 1f2c1f30 1f2d1f33 1f371f34
0567120 1f3d1f40 1f331f38 1f311f36 1f351f35
0567140 1f301f33 1f321f33 1f321f35 1f281f33
0567160 1f341f33 1f2f1f33 1f311f30 1f2e1f2a
0567200 1f2d1f2e 1f311f36 1f341f2e 1f331f34
0567220 1f261f2b 1f241f26 1f361f27 1f411f32
0567240 1f481f3c 1f2f1f3b 1f3f1f39 1f3a1f3f
0567260 1f3d1f42 1f3c1f3d 1f3d1f34 1f381f3e
0567300 1f421f43 1f461f48 1f4a1f4a 1f411f42
0567320 1f3f1f43 1f3c1f3d 1f401f3f 1f3d1f3e
0567340 1f401f3f 1f3a1f3a 1f431f41 1f3e1f3a
0567360 1f421f3c 1f3c1f43 1f451f3d 1f481f44
0567400 1f471f43 1f461f45 1f411f40 1f421f45
0567420 1f481f41 1f4d1f41 1f4c1f4b 1f451f46
0567440 1f441f40 1f491f43 1f4f1f45 1f501f4c
0567460 1f511f4d 1f531f57 1f4a1f53 1f491f4a
0567500 1f4f1f49 1f4a1f4d 1f4c1f52 1f521f57
0567520 1f4f1f49 1f541f4f 1f5c1f55 1f5d1f60
0567540 1f5e1f60 1f561f62 1f5a1f5d 1f621f58
0567560 1f571f57 1f581f5d 1f5d1f59 1f641f5d
0567600 1f611f60 1f5e1f5e 1f671f67 1f5f1f64
0567620 1f631f57 1f5f1f5e 1f581f5c 1f671f59
0567640 1f6a1f69 1f651f67 1f6c1f6a 1f6e1f6e
0567660 1f6c1f74 1f6f1f6e 1f6d1f71 1f6f1f72
0567700 1f691f6c 1f6d1f6a 1f691f65 1f691f63
0567720 1f6f1f6f 1f711f70 1f671f63 1f6c1f67
0567740 1f701f6a 1f701f6e 1f6c1f75 1f6f1f75
0567760 1f731f67 1f781f74 1f771f76 1f741f78
0570000 1f751f7c 1f721f7c 1f771f74 1f791f74
0570020 1f7e1f7d 1f7a1f7d 1f7d1f79 1f7b1f72
0570040 1f7c1f7e 1f7d1f7a 1f851f80 1f871f8b
0570060 1f7f1f7b 1f801f80 1f7d1f7c 1f821f81
0570100 1f781f75 1f7c1f7c 1f811f7d 1f7f1f7a
0570120 1f791f86 1f7d1f7a 1f7f1f81 1f7d1f7f
0570140 1f811f83 1f7e1f84 1f881f82 1f8b1f87
0570160 1f871f85 1f7f1f83 1f821f80 1f821f86
0570200 1f801f84 1f8a1f82 1f8a1f8d 1f8d1f88
0570220 1f891f89 1f921f92 1f891f88 1f871f8a
0570240 1f821f7e 1f7e1f87 1f8f1f89 1f8f1f90
0570260 1f891f92 1f8b1f8d 1f8c1f8d 1f951f90
0570300 1f8f1f93 1f911f91 1f941f93 1f921f91
0570320 1f921f90 1f951f8e 1f951f96 1f941f98
0570340 1f951f97 1f911f95 1f961f92 1f951f94
0570360 1f941f94 1f8e1f91 1f951f8b 1f961f97
0570400 1f941f99 1f931f95 1f8b1f92 1f941f8d
0570420 1f921f92 1f921f96 1f971f9b 1f9e1f97
0570440 1f9e1f99 1f9b1f9e 1f991f99 1f9a1f9e
0570460 1fa21f99 1f9c1f9a 1f911f93 1f9e1f96
0570500 1f951f9c 1fa61f9b 1fa11f9c 1f9a1f9c
0570520 1f961fa3 1f8d1f96 1f951f95 1f981f94
0570540 1f981f92 1f951f9e 1f941f96 1f9a1f93
0570560 1f901f99 1f8f1f90 1f991f99 1f961fa1
0570600 1f9e1f9d 1f931f9a 1fa51f97 1fa41fa6
0570620 1fa31fa9 1fa51f9f 1f9f1fa3 1f9f1fa0
0570640 1fa31f9e 1fa11f98 1f9c1f9f 1f9f1fa2
0570660 1fa21fa7 1fa11fa4 1fa61fa2 1fa51fa6
0570700 1fa21f9b 1fa51fa0 1fa21fa2 1fa21fa7
0570720 1fa11fa4 1fa11fa0 1fa41f9e 1f9c1f9f
0570740 1fa21fa6 1fb31fa5 1fb21fb1 1fa61fae
0570760 1fa11fa4 1fa41fa3 1fae1fae 1fab1fa9
0571000 1fa61fa5 1fab1fb0 1faf1fa9 1faa1fa7
0571020 1fb11fb2 1fb11fb0 1fa61faf 1fa41fa7
0571040 1fb11fab 1fab1fb1 1fa51fac 1fa61faf
0571060 1faf1faf 1fb11fb6 1fb01faa 1faa1fa9
0571100 1fa91fa3 1faa1fa6 1faa1fa7 1fb11fab
0571120 1fae1fb3 1fb31fb0 1fb41fb4 1fb61fb5
0571140 1fb81fae 1faf1fb6 1fb41fb2 1fad1fb0
0571160 1faf1fa7 1fb21fae 1fb31fb1 1faf1fb4
0571200 1fac1fb8 1fb41fb1 1fb01fb7 1fb31fb4
0571220 1fb31fb5 1fb21fb5 1fb81fb4 1fc01fb8
0571240 1fbe1fb9 1fb71fbc 1fbe1fbb 1fba1fbb
0571260 1fb31fb7 1faf1fb4 1fac1fab 1fb41fae
0571300 1fb61fb1 1fb21fb3 1fb71fb2 1fb01fb8
0571320 1fbc1fb4 1fbd1fbe 1fc01fbc 1fbc1fc0
0571340 1fb71fba 1fbd1fbc 1fb51fbc 1fbc1fb3
0571360 1fbb1fbd 1fbf1fbf 1fbc1fc0 1fbe1fbf
0571400 1fbc1fbe 1fc21fbc 1fc41fc3 1fc61fc6
0571420 1fbf1fbf 1fc11fc1 1fc51fc1 1fb81fbf
0571440 1fc41fbd 1fc31fc3 1fc21fc1 1fc11fbc
0571460 1fbd1fc3 1fc61fc4 1fc51fc4 1fb91fc1
0571500 1fbb1fba 1fba1fba 1fb91fb6 1fc41fc2
0571520 1fc91fc1 1fd21fd2 1fcb1fcc 1fc81fd3
0571540 1fca1fcc 1fca1fc7 1fca1fc6 1fcd1fc6
0571560 1fcd1fcc 1fc11fcd 1fc41fc3 1fc71fc6
0571600 1fcd1fc9 1fcf1fc9 1fcb1fc3 1fcd1fcc
0571620 1fc71fc4 1fc21fcb 1fc21fc5 1fcf1fca
0571640 1fd81fcf 1fdb1fd4 1fdd1fd6 1fdb1fdf
0571660 1fdb1fde 1fda1fd6 1fd31fd4 1fcf1fd4
0571700 1fd61fd9 1fd81fda 1fd81fd9 1fd71fce
0571720 1fd51fdc 1fd41fd5 1fd41fd5 1fd91fd3
0571740 1fda1fd8 1fdf1fe0 1fdc1fdd 1fdd1fdd
0571760 1fe91fd8 1fef1fe7 1fe01fea 1fec1fed
0572000 1feb1fe9 1feb1fee 1fe11fe3 1fdd1fe3
0572020 1feb1fe6 1fe31fe3 1fe71fe4 1fe11fe6
0572040 1fe81fe4 1ff01ff0 1ff21ff1 1fef1ff2
0572060 1fe91ff4 1fef1fe9 1ff11ff2 1ff51ff8
0572100 1ff71ff5 1ff31ff2 1fea1ff0 1ff31fed
0572120 1ff51ffc 1ff21ff3 1ffb1ff3 1ff21ff3
0572140 1ff91ff2 1ffc1ffd 1ffd1ff9 1ffa1ffb
0572160 1fff2008 1ffa1ffa 1ffb1fff 1ffc1ff2
0572200 1ffd1ffa 1ffd2005 1fff2006 20042004
0572220 1fff2006 20022004 20051fff 20012005
0572240 1ff92002 20092001 1ffc2008 1fff2005
0572260 200c2004 200e2013 2011200e 200d2011
0572300 2007200f 200d2013 2009200f 200d200e
0572320 20122012 2011200e 20122010 20182013
0572340 20152019 2011200f 2013200e 200e2017
0572360 201a201c 201e2018 20192020 20132018
0572400 2021201b 201c201c 201f201d 201c2021
0572420 201a2023 201c201f 2028201b 201c2023
0572440 202b2021 20282028 201f2026 20242020
0572460 201e201f 201e201b 20212020 201f2022
0572500 201b201d 20182018 201f2019 2020201c
0572520 20232022 202b201b 20292029 202d202d
0572540 2027202a 20202029 2021201c 202b201d
0572560 2026201f 20272025 20292026 2029202e
0572600 202f2028 202d202b 2026202a 202b202f
0572620 2028202f 20292023 202a2025 20212028
0572640 202c202b 2029202c 202d2025 2026202a
0572660 2029202a 2034202f 202f202f 202e2032
0572700 202d2028 2023202a 202c2023 20242024
0572720 202c2025 2030202f 2024202b 201f2025
0572740 20252023 202a2022 2028202b 201f2024
0572760 20292027 202a2020 20292023 202b202f
0573000 202d202f 2025202c 20242022 20272028
0573020 2030202d 2027202f 202b2026 202e2031
0573040 20372031 202c202f 202d2027 202e2030
0573060 20372036 20332034 20362038 20342039
0573100 20332034 202c202f 202b202a 2027202a
0573120 202a2027 202b202c 202d2027 20302026
0573140 20262025 2024202e 201e2020 2025202b
0573160 20242021 202a2024 20292028 202a2026
0573200 2031202f 20232023 20242024 202c202b
0573220 2030202d 202c202d 2029202f 202a202d
0573240 20252029 202c202c 2031202e 20362031
0573260 20312033 202c202c 202e202a 202d202a
0573300 2031202f 2038202e 2030202d 202c2031
0573320 20312029 2033202b 20332034 2032202e
0573340 20362038 20332037 2035203a 202c2033
0573360 202e202c 202b202d 202e2032 20342031
0573400 202f2037 202e203a 202e202a 20362032
0573420 203a202f 20342033 2032203c 2034202e
0573440 202f202f 20352031 202d2031 20312031
0573460 202d2030 20352031 2036202d 20302037
0573500 20362034 20372034 20332038 20382034
0573520 20302035 202f2031 20302031 20372036
0573540 20372030 202d202f 202e202f 20312030
0573560 20342032 203a2034 202f2036 202f2033
0573600 202f2036 202e202e 203c2035 202a2032
0573620 2028202b 202c202d 203a2031 2034202e
0573640 2035202e 202b2031 202a2033 20362033
0573660 2033202c 20362037 202f2032 202e2030
0573700 202f2031 20332032 202d202c 202d2033
0573720 20312031 20312030 20352030 202b202c
0573740 2031202c 20382036 203a203d 203c2031
0573760 20342035 20312039 20392034 20362035
0574000 203b2034 203d2040 203e2042 2040203a
0574020 2043203c 20462040 203e2043 203e2041
0574040 203a203a 203d203e 2043203d 203d2041
0574060 2039203e 2039203d 203c2035 203a2033
0574100 2042203a 2038203b 203d203e 2041203c
0574120 2041204a 20422044 20472048 20412042
0574140 204a2046 204f204d 204e2048 204d204d
0574160 205d2054 20532053 204c204d 204c204d
0574200 204a2052 2050204f 204a2049 204e2043
0574220 204c204c 2047204b 204f2055 205c2054
0574240 20582050 20542052 204c2056 20562051
0574260 20552050 205d2053 205b2058 2058205b
0574300 205d205d 20602061 206a2066 20642064
0574320 20622065 20622058 20622064 20682064
0574340 20662067 2065206e 20672067 206f206a
0574360 2071206d 205f206e 206f206f 20662067
0574400 20652064 206c2064 2071206a 206f2070
0574420 206c206c 20712073 20782071 206e2073
0574440 20732073 20722076 20752072 20742076
0574460 20752079 20782074 207b207e 20822079
0574500 20882083 20802083 20752080 207d207f
0574520 2083207e 207e2086 207b2080 207c207c
0574540 20872085 20832086 207f207d 2087207f
0574560 20882082 2084208b 208a2088 20892081
0574600 208b2084 208b208d 208b208a 208c208e
0574620 2088208d 2091208c 20942092 20972096
0574640 20932093 20912095 20952096 20992095
0574660 20962096 20982095 20912091 2095209a
0574700 20992099 2092209a 20992096 20992091
0574720 209d2096 209a209b 20a3209e 209f209c
0574740 20962096 209b209c 209d20a3 20a4209c
0574760 20a320a0 20a520a3 20a520a6 20a420a2
0575000 209920a2 2095209b 20a6209e 20a020a7
0575020 209f20a0 209c209b 209d209e 20a4209d
0575040 20a820a7 20a520af 20a420ad 20a1209f
0575060 20a1209f 209d20a0 209b209e 209f20a8
0575100 20a12094 20a620a3 20a920a1 20ac20ae
0575120 20a320aa 20a220a0 2099209a 20a1209f
0575140 209920a1 20a320a0 20a220a1 20a420a2
0575160 20a4209f 209c20a9 209b20a4 20a220a7
0575200 20ab20a2 20a9209e 20a720a9 20a620a8
0575220 20af20aa 20a420a5 20a120a2 20a020a4
0575240 20ac20a7 20a120a6 20a320a0 20ad20a9
0575260 20af20ab 20a920ab 20a120a0 20a2209a
0575300 20a020a5 209d20a0 209d209f 20a220a3
0575320 20a420a3 20a520a8 20a620a7 20a720a8
0575340 20b020a0 20b320ac 20ae20a9 20aa20b2
0575360 20a420ab 20ac20a1 20ad20a9 20a820b0
0575400 20a120a6 20a620a3 20a520a6 20a820a2
0575420 20a520a3 209e209f 209f209e 20a1209d
0575440 20a3209f 20a220a2 209d209d 209e20a3
0575460 20a1209e 20a720a1 20aa20a9 20aa20b0
0575500 20ab20b0 20ae20ae 20a320ab 20a120a7
0575520 209c20a2 209b20a2 20a120a2 20ab209d
0575540 20a3209f 20a320a2 20a420a1 20a620a7
0575560 20a620a5 20a620a8 20a320a8 20a520aa
0575600 209f20a3 20a220ab 20ab20b6 209c209c
0575620 20a520aa 20a3209b 20a9209f 20a420a5
0575640 20a120a2 20a020ad 209b2098 20a0209d
0575660 2099209d 20942091 20902096 20982094
0575700 20a5209a 209a209f 209b209e 209f20a0
0575720 20a320a1 209e2098 20932096 20992094
0575740 20932095 2095208f 2087208b 208d208d
0575760 2091208b 20922098 2092208e 208e208e
0576000 208d208e 208e2091 20932090 20982095
0576020 20922092 20962091 208c208b 2094208f
0576040 20932095 208e208e 2090208a 20882091
0576060 20972090 20962092 20902095 20942092
0576100 208b2090 208a208e 208f208b 20952097
0576120 20932093 2096208d 209a2098 209c209a
0576140 20942092 208d208c 20922091 20962096
0576160 20902099 2089208f 208c2086 2090208c
0576200 2091208f 208d2095 20882088 2087208a
0576220 20872089 20852086 2089208e 208e208b
0576240 208a2087 2082208c 2087208b 2089208b
0576260 2098208b 20952094 20952096 209d2095
0576300 209f2098 20992099 209d2096 20972095
0576320 20a0209b 20a020a4 209a2095 209b209a
0576340 20952098 209f209b 2097209f 209f209b
0576360 2097209e 20952096 20972091 20952097
0576400 209f2099 2097209c 209c209c 209f209c
0576420 20a320a8 20a620a3 20a020a4 209c20a5
0576440 209e20a0 209c209e 20a7209d 20a120a1
0576460 20a120a3 20a520ab 20a820a1 20a720a0
0576500 20a520a0 20a520a4 20a720a9 20a720ad
0576520 20a520a7 20ac20a9 20a920ad 20aa20b4
0576540 20a920af 20af20ac 20ae20a9 20a520a6
0576560 20ad20b2 20b120ae 20b820ab 20ae20b5
0576600 20b720b1 20b120ba 20b620b5 20ba20ae
0576620 20b920b6 20b820c0 20bd20c1 20ba20bc
0576640 20bc20b4 20bb20ba 20bc20bb 20b920bc
0576660 20bd20b9 20c120bb 20c420be 20c220c8
0576700 20ca20c4 20ce20cb 20cd20cb 20c820c7
0576720 20cf20c8 20cf20cf 20ca20cc 20d620cd
0576740 20ca20d1 20cd20cd 20cf20ca 20d120ce
0576760 20d520d1 20cb20d5 20d720d3 20d420d8
0577000 20db20d3 20d620cf 20d020d0 20d920da
0577020 20da20df 20d720d6 20d420de 20e320e4
0577040 20da20d6 20e820df 20e020db 20e720df
0577060 20e120e3 20e420dd 20e120ea 20e920ea
0577100 20e120e4 20df20e5 20de20e2 20e220de
0577120 20ee20e5 20f520eb 20eb20f2 20ed20f3
0577140 20ee20f7 20ed20ed 20e720ee 20e620e7
0577160 20ed20ea 20fa20f4 20ff20f8 20f520f0
0577200 20f620f3 20ed20f3 20f520fb 20f920f6
0577220 20fc20fa 20f820f7 20fa20fc 21072103
0577240 20fe2100 210220ff 20f720fb 20fb20f5
0577260 20fd20fb 20fa20fc 20fa20f7 20fc20f4
0577300 20f420fb 20fe20f9 20fa2100 21042102
0577320 20ff2100 20fa2101 210120ff 210020ff
0577340 210c2104 21012105 21072105 210c210b
0577360 21052105 210a2104 21072100 20fb2103
0577400 21022104 210620fb 210320fe 21072108
0577420 21022104 21082109 210a2107 210c210b
0577440 21002103 21072100 21022102 21092107
0577460 2108210c 21072107 21072103 21062103
0577500 2109210d 210f210b 210d2110 210d210e
0577520 2114210d 210e2111 210f2109 2110210a
0577540 21032109 20fb2106 210b2107 21082107
0577560 21122111 210e210a 21132117 21112114
0577600 2113210e 21112113 210d2110 2108210b
0577620 210e2105 2113210a 210d2114 210e2118
0577640 21182117 21162114 21192112 210d2111
0577660 210a2110 210e2113 21112117 2115210d
0577700 210d210d 210a2111 210a2107 210d2107
0577720 210b2107 210f2114 210c2113 210b210c
0577740 210b210a 210c2103 21122106 210e210b
0577760 21102105 2105210a 210a2107 21022103
0600000 00003fe8 0001000a 0001204c 000afe3c
0600020 00000003 00000000 63e50c6d 00000267
0600040 00000001 00001004 0000204c 00000000
0600060 00000038 0001000a 20ff2109 210d2108
0600100 210e2115 21132117 210c2109 21052108
0600120 2109210c 21052103 210a2107 210d210d
0600140 21142113 210b210e 21122108 210c210b
0600160 210d210f 210b210d 21092108 210a2105
0600200 21092106 20fd2101 20fd20fb 21082108
0600220 2107210b 210b210b 20fb2105 210220fd
0600240 21042103 b0110487 00001004 0001000a
0600260 00010000 03b1600b 00000ffc 0001000a
0600300 1400003c add01f00 add01f01 add01f02
0600320 add01f03 add01f04 add01f05 add01f06
0600340 add01f07 add01f08 add01f09 add01f0a
0600360 add01f0b add01f0c add01f0d add01f0e
0600400 add01f0f add01f10 add01f11 add01f12
0600420 add01f13 add01f14 add01f15 add01f16
0600440 add01f17 add01f18 add01f19 add01f1a
0600460 add01f1b add01f1c add01f1d add01f1e
0600500 ff000134 00000020 00000002 a972aa77
0600520 00000001 deadbeef f0000002 a972aa63
0600540 160b62bb 00000000 00000134 00001f48
0600560 a0100488 22162105 221d221c 22122210
0600600 22132211 22172211 22172217 22252218
0600620 221f221b 2218221a 22132212 221e221b
0600640 22202217 2223221c 221d221f 221d221e
0600660 221b2220 221c221b 2225221f 22272229
0600700 221d2223 22212220 2224221c 22232222
0600720 2222222b 22182219 2219221d 221d2212
0600740 221d2217 22192217 22182217 221c2218
0600760 2225221c 221e221e 22212224 22182223
0601000 221d2228 22232221 221c2220 221d2222
0601020 22152217 221e221e 221f221b 22182217
0601040 221e2219 22162219 22202221 221c221c
0601060 221f2218 221c221c 221b2225 221c2225
0601100 221b2219 221c221a 22212219 221b2223
0601120 2223221f 2218221b 221f221d 221b221c
0601140 22182216 2217221b 22172213 221d221e
0601160 22122219 22142216 220f2212 22152213
0601200 22172218 22162213 2218221a 220d2211
0601220 220e220a 2214220b 220c2210 220a2210
0601240 214d2208 1f60204d 1e1b1ea2 1d991dce
0601260 1d641d78 1d531d58 1d561d4e 1d531d54
0601300 1d4e1d50 1d441d47 1d481d48 1d511d45
0601320 1d541d52 1d4b1d48 1d4c1d51 1d4b1d4e
0601340 1d4a1d50 1d461d43 1d451d44 1d441d4a
0601360 1d481d47 1d411d3d 1d401d43 1d3d1d3e
0601400 1d421d40 1d461d49 1d3f1d3d 1d421d42
0601420 1d3a1d46 1d431d42 1d441d48 1d4b1d48
0601440 1d4f1d4d 1d441d4c 1d481d45 1d551d4a
0601460 1d4c1d48 1d4d1d46 1d4e1d53 1d481d50
0601500 1d4e1d4b 1d531d50 1d4b1d4b 1d551d50
0601520 1d4f1d55 1d561d59 1d4f1d58 1d561d54
0601540 1d531d53 1d551d50 1d561d56 1d531d52
0601560 1d541d50 1d571d54 1d581d5b 1d571d5a
0601600 1d561d57 1d5b1d56 1d541d58 1d521d51
0601620 1d571d55 1d551d5f 1d581d52 1d5b1d51
0601640 1d5b1d55 1d621d5f 1d631d64 1d641d5f
0601660 1d5e1d62 1d621d62 1d6a1d6c 1d611d5e
0601700 1d711d68 1d5f1d5f 1d651d67 1d6b1d6d
0601720 1d6e1d67 1d6f1d6d 1d691d71 1d6b1d68
0601740 1d671d6a 1d6b1d65 1d711d66 1d6a1d70
0601760 1d701d74 1d731d6d 1d751d75 1d761d76
0602000 1d721d73 1d711d70 1d731d77 1d791d76
0602020 1d771d74 1d7d1d7a 1d7a1d82 1d7a1d7e
0602040 1d7e1d7c 1d7f1d7b 1d731d7d 1d761d72
0602060 1d761d75 1d7a1d7d 1d821d7d 1d7a1d7d
0602100 1d7b1d77 1d7c1d79 1d851d86 1d841d88
0602120 1d801d84 1d851d7f 1d861d81 1d821d83
0602140 1d871d85 1d811d85 1d881d7f 1d8e1d88
0602160 1d881d8b 1d911d8f 1d841d8b 1d871d87
0602200 1d8b1d91 1d911d8e 1d911d90 1d891d8c
0602220 1d8d1d8a 1d991d94 1d981d97 1d981d92
0602240 1d941d94 1d8b1d90 1d8e1d91 1d8d1d90
0602260 1d911d90 1d951d90 1d9d1d9b 1d9c1da8
0602300 1d9f1d9c 1d991d9a 1d9b1d9d 1d941d99
0602320 1d9b1d97 1d9d1d99 1d9b1d97 1d9a1d97
0602340 1d981d9c 1d9c1d9d 1d9c1d9c 1da31da1
0602360 1da01d9c 1da41da0 1da41d9e 1da61dab
0602400 1da31da9 1da91da1 1da51da5 1dae1da4
0602420 1dab1dab 1da61da1 1da81dac 1dac1da9
0602440 1dab1daf 1daa1daa 1daa1da9 1dab1dac
0602460 1da41da3 1dab1daa 1dad1db0 1db21dac
0602500 1dad1dac 1daa1dba 1db21dad 1dac1dac
0602520 1da91da7 1da91da6 1dad1da6 1db01db1
0602540 1dbf1db8 1db81dbe 1db21daf 1daf1db4
0602560 1db51db3 1db71db3 1dba1dbc 1db81db5
0602600 1db91db9 1dbb1dbe 1dc41dbd 1dc01dbe
0602620 1dbb1dbc 1dc21dc2 1dbb1dc7 1dc11dc3
0602640 1dc71dc3 1dc21dc1 1dcd1dc0 1dc61dc7
0602660 1dc81dcc 1dc61dca 1dcb1dcb 1dc81dd0
0602700 1dd11dcf 1dce1dcc 1dda1dd8 1dcd1dd3
0602720 1dc91dce 1dd41dce 1dd21dd4 1dcd1dce
0602740 1dd21dce 1dd71dd3 1dd81dd9 1dd51dd7
0602760 1dde1ddb 1dde1de4 1ddd1ddd 1dd71ddb
0603000 1ddf1dd8 1ddb1dd7 1de41de1 1de01de1
0603020 1de91de1 1de31dde 1ddc1de1 1ddc1de1
0603040 1de11de4 1ddb1ddc 1de11dde 1de71dde
0603060 1de41deb 1de41de2 1de41de5 1deb1de8
0603100 1dee1df1 1def1dee 1df01dea 1de61ded
0603120 1ded1deb 1de91deb 1dfa1de5 1df71df3
0603140 1df91df3 1df51df7 1dfa1df3 1df81df3
0603160 1ded1df0 1df11df2 1df41df3 1df91df4
0603200 1df81df2 1df01df2 1df01df1 1dee1df2
0603220 1def1dea 1df11df4 1df21df4 1df81dfa
0603240 1df81df7 1df61df3 1df71df5 1df31dfa
0603260 1dfa1dff 1dfe1dfb 1e031dfb 1e031dfb
0603300 1e001dfb 1e031e03 1dfa1df9 1dfc1e00
0603320 1e061dff 1e021e0c 1e011e05 1e001e00
0603340 1e021e02 1dfb1dfd 1e021e00 1e0a1e09
0603360 1e0d1e05 1e0a1e04 1e0c1e05 1e051e06
0603400 1e0e1e09 1e041e05 1e071e02 1dfe1e03
0603420 1e0b1e05 1e061e04 1e061e0c 1e0c1e08
0603440 1e071e07 1dfd1e08 1e041e04 1e051e07
0603460 1e0b1e06 1e041e0a 1e071e05 1e121e0a
0603500 1e101e0b 1e131e12 1e071e0c 1e0f1e0f
0603520 1e0f1e16 1e111e18 1e121e12 1e141e10
0603540 1e181e12 1e1e1e1f 1e171e1a 1e151e16
0603560 1e1d1e17 1e0e1e16 1e1c1e18 1e181e18
0603600 1e191e18 1e1d1e1d 1e191e1f 1e1a1e16
0603620 1e1f1e15 1e121e1a 1e201e12 1e1c1e22
0603640 1e151e1c 1e201e1d 1e291e20 1e241e27
0603660 1e1b1e1f 1e261e21 1e1e1e22 1e221e24
0603700 1e1c1e24 1e1c1e21 1e221e1f 1e231e20
0603720 1e291e25 1e211e20 1e201e1e 1e221e24
0603740 1e211e23 1e281e1f 1e2c1e2e 1e301e34
0603760 1e2e1e2c 1e281e28 1e2e1e28 1e2c1e27
0604000 1e311e2d 1e361e3a 1e361e37 1e3b1e3b
0604020 1e3a1e3b 1e321e37 1e381e38 1e391e31
0604040 1e3e1e32 1e3b1e3a 1e331e35 1e371e35
0604060 1e371e3a 1e401e36 1e401e41 1e3e1e43
0604100 1e351e33 1e471e46 1e401e41 1e421e43
0604120 1e431e46 1e411e3f 1e431e43 1e421e3f
0604140 1e441e45 1e411e42 1e4d1e4b 1e501e4d
0604160 1e4a1e4e 1e4c1e4e 1e441e45 1e511e50
0604200 1e4b1e48 1e4e1e4b 1e511e4d 1e471e4d
0604220 1e551e53 1e571e58 1e541e54 1e571e56
0604240 1e621e61 1e5c1e5f 1e5a1e5f 1e601e64
0604260 1e621e69 1e621e62 1e641e61 1e5d1e60
0604300 1e5e1e5e 1e6c1e61 1e651e69 1e6e1e67
0604320 1e6d1e6b 1e6c1e6e 1e6a1e73 1e691e62
0604340 1e641e65 1e711e68 1e651e67 1e701e6d
0604360 1e741e71 1e721e71 1e731e6a 1e731e6b
0604400 1e7b1e7a 1e7b1e7a 1e791e7c 1e7f1e79
0604420 1e7d1e7d 1e791e76 1e791e7d 1e7a1e7d
0604440 1e791e77 1e7c1e7b 1e751e7f 1e6f1e79
0604460 1e6f1e76 1e761e76 1e7a1e7b 1e771e74
0604500 1e7c1e77 1e821e7d 1e831e7f 1e821e80
0604520 1e841e7d 1e871e89 1e8f1e88 1e901e8e
0604540 1e8a1e88 1e871e82 1e841e82 1e821e84
0604560 1e841e84 1e841e7e 1e7c1e7d 1e821e82
0604600 1e8c1e8a 1e9f1e97 1e921e8f 1e941e8c
0604620 1e8b1e8a 1e8c1e8a 1e901e90 1e8c1e8e
0604640 1e8c1e8c 1e891e8a 1e951e91 1e981e9d
0604660 1e9d1e9d 1e901e96 1e8d1e8c 1e8a1e8e
0604700 1e901e8d 1e9a1e90 1e991e9b 1e991e98
0604720 1e951e94 1ea11e9b 1e9a1e9d 1e9f1ea3
0604740 1e9a1e99 1ea31ea4 1e991e9d 1e961e95
0604760 1e9a1e93 1ea21ea1 1ea51ea7 1e9f1ea3
0605000 1e981e9a 1e9f1e9b 1e981ea1 1e9c1e9f
0605020 1e9b1e9a 1e9c1e9a 1e9d1e9b 1e9d1e9a
0605040 1ea71ea7 1ea71eb0 1ea61eab 1ea51ea2
0605060 1ea41ea9 1eac1eac 1eaa1ea9 1ea91ea7
0605100 1ea91eac 1ea51ea7 1eb01eb1 1eaa1ea9
0605120 1eab1ea9 1ea51ead 1ea71ea5 1ea71eac
0605140 1ead1ea9 1eb11eae 1eb31ead 1eb51eb9
0605160 1eb31eb3 1eb11eae 1eb41eb0 1eb31eb2
0605200 1eb61eb3 1eb51eb5 1eb71eb8 1eb01eb4
0605220 1eb41eaf 1ebd1eb4 1ead1ebd 1eae1eb1
0605240 1eb91eb4 1eba1ec1 1ebc1eba 1ebe1ebe
0605260 1ebf1eb5 1ebb1eb9 1eb91eb7 1ebb1eba
0605300 1eba1ebc 1ebb1ebc 1ebd1eba 1ebf1ec0
0605320 1ebf1ec1 1ebd1eb9 1eb91ebb 1ebc1eb7
0605340 1ec71ebc 1ec31ec6 1ece1ece 1ec41ec8
0605360 1ebe1ebf 1ec01ebd 1ec11ec4 1ebf1ec6
0605400 1ebf1ebb 1eb31eba 1ebb1ebe 1ebf1ec0
0605420 1eba1eba 1ec11ec0 1ec31ebd 1ec31ec7
0605440 1ec31ec6 1ec91ec8 1ecc1ecd 1ed21ece
0605460 1eca1ecf 1ec41ec8 1ec31ec8 1ec21ec5
0605500 1ecc1ec3 1ec81ec5 1ebf1ebf 1ec41ec1
0605520 1ec11ec4 1ec41ec2 1ecd1ecc 1ed01ed5
0605540 1ecb1ed1 1ec91ec8 1eca1ec3 1ecb1ec5
0605560 1ec91ec7 1ec31ecf 1ed01ec8 1ec31ec6
0605600 1ec51ec1 1ebf1eba 1ebe1ec0 1ec41ec3
0605620 1ec41ebd 1ec31ece 1ec01ecb 1ec71ec4
0605640 1ecc1ecf 1ed31eca 1ed31ed2 1ed41ecf
0605660 1ec91ed3 1ecc1ecb 1ed31ecc 1ec61ecc
0605700 1eca1ecb 1ecf1ecd 1ec71ec6 1ec31ebc
0605720 1ec61ec3 1eca1ec2 1ec51ec8 1ec71ec1
0605740 1ece1ecc 1ecc1ed0 1ecb1ecb 1ed01ece
0605760 1ed11ed1 1ece1eca 1ecb1ec2 1ecd1ed2
0606000 1ed01ed3 1ed11ed4 1ed61ed6 1ed41edb
0606020 1ed31ed7 1edc1edb 1edd1edf 1ede1ed8
0606040 1ed31ed2 1ed21ed2 1edb1ed9 1ede1ee0
0606060 1ed71ed5 1edc1ed8 1ed71edb 1edc1edf
0606100 1ee11edb 1ee91eec 1ee21ee1 1ee51ee3
0606120 1ee51eea 1ee41ee7 1edf1edd 1ee51eda
0606140 1ee41eda 1ee51ee6 1ee91eeb 1ee41ede
0606160 1edf1ee1 1edf1ee1 1ee61ee4 1ee31ee5
0606200 1ee51ee6 1edf1ede 1eef1eea 1eed1eea
0606220 1ef21eeb 1ee81ee1 1ee91ee8 1eee1eed
0606240 1ef11ef4 1ef41ef2 1ef91ef4 1ef71ef6
0606260 1ef01ef2 1efc1efa 1efd1efa 1f001ef7
0606300 1ef61eed 1ef61efe 1ef61ef6 1ef51efd
0606320 1efd1ef9 1efb1efb 1efc1efa 1f081f01
0606340 1f051f06 1f081f00 1f061f04 1f0a1f0f
0606360 1f091f09 1f091f07 1efe1f03 1f031f02
0606400 1f051f03 1f0b1f07 1f101f10 1f161f08
0606420 1f191f17 1f0e1f15 1f111f11 1f191f18
0606440 1f1d1f14 1f181f1e 1f171f1a 1f171f19
0606460 1f151f1a 1f161f15 1f1d1f18 1f191f1e
0606500 1f171f19 1f1a1f17 1f1c1f16 1f211f1b
0606520 1f1a1f19 1f241f1e 1f211f20 1f1c1f1a
0606540 1f1a1f1b 1f2d1f24 1f281f32 1f2b1f2d
0606560 1f2d1f2b 1f2b1f30 1f2a1f2c 1f2a1f2c
0606600 1f331f32 1f2d1f2d 1f2d1f35 1f2b1f30
0606620 1f2e1f2b 1f361f2c 1f2f1f2a 1f321f2f
0606640 1f331f34 1f2d1f37 1f351f31 1f3a1f34
0606660 1f2e1f39 1f351f37 1f381f3c 1f331f35
0606700 1f341f35 1f3e1f3a 1f391f37 1f391f3b
0606720 1f401f38 1f3e1f3d 1f421f41 1f431f49
0606740 1f481f50 1f461f46 1f431f42 1f481f48
0606760 1f521f52 1f541f59 1f511f50 1f531f4e
0607000 1f501f49 1f581f52 1f4d1f5f 1f531f4e
0607020 1f531f51 1f531f4e 1f5d1f55 1f591f5b
0607040 1f551f59 1f5c1f59 1f531f51 1f481f51
0607060 1f581f55 1f581f4c 1f5e1f5a 1f521f58
0607100 1f501f4e 1f501f50 1f601f55 1f621f5d
0607120 1f601f5f 1f5d1f5e 1f5b1f57 1f561f5a
0607140 1f5a1f59 1f561f53 1f531f59 1f5b1f58
0607160 1f5b1f58 1f651f5d 1f631f5d 1f601f5f
0607200 1f5d1f5d 1f661f60 1f651f5e 1f5f1f64
0607220 1f631f64 1f5e1f64 1f631f5d 1f6e1f6a
0607240 1f641f69 1f5c1f60 1f5e1f62 1f661f68
0607260 1f681f6d 1f5f1f68 1f621f64 1f6b1f6b
0607300 1f731f6d 1f791f72 1f731f7c 1f761f6f
0607320 1f711f71 1f661f6c 1f6b1f69 1f751f69
0607340 1f701f73 1f6d1f6d 1f701f6a 1f6f1f69
0607360 1f701f6c 1f6f1f71 1f701f71 1f721f78
0607400 1f721f74 1f741f73 1f711f72 1f721f73
0607420 1f6f1f72 1f6d1f6f 1f711f6f 1f6f1f70
0607440 1f7c1f72 1f761f74 1f6b1f6e 1f701f72
0607460 1f771f78 1f7c1f76 1f711f79 1f701f76
0607500 1f761f77 1f7e1f7c 1f701f73 1f731f75
0607520 1f7c1f6c 1f6b1f71 1f7c1f78 1f781f76
0607540 1f801f7b 1f751f77 1f781f6f 1f791f77
0607560 1f751f7b 1f771f73 1f711f75 1f6d1f72
0607600 1f751f75 1f751f72 1f721f6f 1f761f73
0607620 1f731f7b 1f741f79 1f781f7a 1f731f78
0607640 1f751f6c 1f6f1f75 1f731f72 1f6e1f73
0607660 1f731f6c 1f6f1f69 1f6a1f69 1f671f6b
0607700 1f6d1f6e 1f701f6a 1f711f6f 1f671f6b
0607720 1f6c1f6a 1f761f6c 1f741f78 1f6e1f70
0607740 1f701f71 1f6e1f74 1f701f74 1f6a1f70
0607760 1f6b1f69 1f621f69 1f6c1f74 1f691f6c
0610000 1f6d1f6d 1f631f66 1f661f66 1f6d1f6f
0610020 1f711f70 1f711f71 1f6a1f6b 1f681f6a
0610040 1f671f6c 1f691f65 1f681f6a 1f6a1f63
0610060 1f6a1f64 1f6d1f69 1f6c1f71 1f691f6d
0610100 1f731f69 1f6a1f6c 1f661f67 1f641f6c
0610120 1f631f64 1f661f60 1f661f62 1f631f63
0610140 1f6b1f66 1f651f69 1f691f62 1f6d1f69
0610160 1f6b1f6f 1f701f69 1f6d1f6b 1f6f1f71
0610200 1f6e1f65 1f671f74 1f661f6b 1f611f60
0610220 1f6e1f63 1f6c1f6e 1f711f67 1f6d1f63
0610240 1f6f1f72 1f6a1f68 1f6b1f6f 1f621f65
0610260 1f6c1f69 1f671f6c 1f751f6b 1f761f72
0610300 1f791f70 1f7c1f7a 1f741f74 1f721f72
0610320 1f6e1f70 1f6f1f6d 1f6a1f71 1f691f6a
0610340 1f761f70 1f721f75 1f781f74 1f791f7b
0610360 1f771f76 1f7b1f70 1f6f1f6c 1f6d1f71
0610400 1f651f6c 1f6d1f75 1f771f70 1f7a1f79
0610420 1f761f73 1f771f7c 1f7f1f75 1f7f1f7b
0610440 1f7b1f7c 1f7e1f80 1f761f7d 1f781f7a
0610460 1f841f7d 1f7b1f7a 1f751f7a 1f821f83
0610500 1f831f87 1f841f7d 1f871f87 1f821f7c
0610520 1f881f87 1f7e1f87 1f8d1f82 1f8d1f87
0610540 1f931f8c 1f931f94 1f951f91 1f9c1f98
0610560 1f8d1f94 1f921f96 1f8b1f93 1f911f90
0610600 1f911f91 1f961f92 1f961f99 1f9f1f9d
0610620 1f961f92 1f9e1f99 1f9c1f9b 1f991fa3
0610640 1f9c1fa0 1f9c1f9b 1f9f1f98 1fa51fa3
0610660 1fa71faa 1fa81fa7 1f9e1fa2 1f9b1f9d
0610700 1fa31fa3 1faa1fa2 1fa91fa3 1faa1fa6
0610720 1fa81fa3 1fae1faf 1faa1fb0 1faa1fa8
0610740 1fa91faf 1fb31fb6 1fb81fb5 1faa1fad
0610760 1fbd1fba 1fbb1fb8 1fb51fb6 1fae1fbb
0611000 1fae1fb0 1fad1faf 1fb41fac 1fba1fb8
0611020 1fbc1fbe 1fc21fc0 1fcb1fc8 1fc61fc2
0611040 1fcc1fc0 1fcc1fcc 1fc51fcc 1fbd1fc5
0611060 1fc11fbd 1fbe1fbe 1fc31fc5 1fc01fc4
0611100 1fc31fc3 1fc61fc5 1fc41fc2 1fc01fc3
0611120 1fc81fc9 1fcf1fc6 1fcd1fcc 1fd51fd1
0611140 1fd21fd8 1fce1fd4 1fd61fd7 1fd11fd9
0611160 1fe41fd6 1fe21fe4 1fe01fe5 1fe21fe3
0611200 1fdf1fdd 1fdc1fdb 1fdf1fde 1fe11fe3
0611220 1fe31fe0 1fdb1fea 1fe61fdc 1fe51fe3
0611240 1fe01fe4 1fe61fe6 1feb1fee 1ff11fee
0611260 1fe11fed 1fe21fe1 1fdb1fe4 1fe21fe2
0611300 1fea1fde 1fe91fe7 1fed1fea 1ff01ff8
0611320 1ff11ff2 1ff61fee 1fec1fee 1fe81fe8
0611340 1fe81fea 1ff31fe7 1ff61fef 1ff31ff3
0611360 1fed1fef 1ff61ff3 1ff81ff8 1ffd1ff1
0611400 1ff41ff3 1ffb1ff6 1ff91ffd 20021ffb
0611420 200a2007 20082005 200a2008 1ffb2001
0611440 20001fff 20051fff 1ffd2006 1ffa2001
0611460 1ff91ff4 20012007 20001ff5 20002003
0611500 1ffa2001 20001ff8 20022004 20082005
0611520 1fff2006 20031fff 2006200e 2008200e
0611540 200a2005 20042000 20072008 200b200e
0611560 2012200b 2009200f 200e200f 2007200c
0611600 200e2011 2010200a 2012200e 200c200d
0611620 20102011 20112017 2014200d 20192016
0611640 200e2014 200b200c 200f200c 200b200e
0611660 20092006 20042007 20122012 201b2018
0611700 20192014 20132014 200c2014 20112013
0611720 20132016 20122010 200f200d 201d2013
0611740 200f2011 20142018 20202011 20162018
0611760 20142012 200a200e 20202017 20192018
0612000 20122016 200b200a 2004200b 2012200d
0612020 20142014 2011200d 20112014 2014200e
0612040 20162019 201b2014 2019201d 20182018
0612060 20142016 20152011 20182017 20192016
0612100 201c201a 20152015 200d2016 200b2013
0612120 20142012 200d200c 200d200e 2008200c
0612140 200b200e 2010200d 200a200d 2013200f
0612160 2008200d 2006200b 20052005 20112005
0612200 2005200e 200c200f 200c200b 20062004
0612220 2008200c 20012008 20062006 20002005
0612240 20012004 20062003 1ffe2003 20012003
0612260 20052003 20022007 1fff1fff 1fff2007
0612300 1ffe1fff 1ffc1ffc 20071fff 20051fff
0612320 20072007 200b2009 2005200c 200b2004
0612340 20032002 20012004 20011ffd 20031ff7
0612360 20051ffc 1ffd1ffd 1ffd2000 1ff81ff9
0612400 20021ffe 20002003 1fff2001 1ffe1ffa
0612420 1ff92000 1ffb1ffa 200a1ffc 20011ffe
0612440 1ffa1ffa 1fff1ffb 1ffb1ffa 20072000
0612460 20031ffb 1ffe1ffd 1fff2003 20052005
0612500 20022002 1ffa1ff6 1ff61ff4 1ffa1ffb
0612520 1ff91ff5 1fff1ffb 20002000 1ffb1ffc
0612540 1ff81ffb 1ff41ffc 1fff1ff6 1ffa2000
0612560 1fff1ffa 20011ffe 20002000 20011ff9
0612600 1ffe2004 20012003 20032009 20001ffd
0612620 20012002 1ffd2003 1ffe1ffe 20082004
0612640 1ffe2007 20022001 20002005 1ffa2001
0612660 200a1fff 20012005 20052002 20032000
0612700 20031ffe 2015200a 200c2010 200e2005
0612720 20042007 20082007 200b200a 2012200b
0612740 200d2014 20172013 2010200b 200b200d
0612760 20102008 200d2014 20092008 20072006
0613000 200b200d 20142012 2019200d 20112014
0613020 20162011 20172013 20122016 20172016
0613040 201b2015 201b201b 201f2019 20192020
0613060 2021201f 20192021 20292025 2027202a
0613100 202f202c 2029202a 20242026 20232024
0613120 202f202c 202d202e 202a202c 202d2029
0613140 20282026 20212027 202a2027 202c2027
0613160 202a202e 202d2023 2027202d 2032202c
0613200 20362034 20352030 202e202e 203c2033
0613220 20362032 20312032 20312031 20362031
0613240 203a203a 20362037 203b2035 20372038
0613260 203c2037 2037203a 20382032 203b2037
0613300 20372034 2049203a 2045204a 203d203b
0613320 20442042 204a2043 204a204c 204e204b
0613340 204a204e 203d2044 20452048 204c2050
0613360 204c2051 205a2052 2056204c 20572052
0613400 204d2055 205a205b 2057205a 20552052
0613420 205a2059 20592058 205d2061 20602059
0613440 205e205d 20662063 20602061 20682068
0613460 20672061 20652064 205e205d 205e2067
0613500 205a205a 205f205d 20642062 20642066
0613520 20672065 206c2069 206f206b 206b206a
0613540 206d206a 2072206a 206f2074 20762071
0613560 20772074 20742072 20732071 20772076
0613600 20772075 207b207a 20772081 207d207e
0613620 2079207a 20762075 2083207f 2083207f
0613640 207e2082 20862089 208c2086 20882087
0613660 20862085 207a2086 2088207f 2089207f
0613700 20852088 20852082 20832082 20822081
0613720 2084207e 2086207f 208b2085 2094208d
0613740 2098209a 20902096 2093208c 208d208e
0613760 2086208e 20882089 208e208e 2092208c
0614000 2099209c 208f2091 209a2096 2098209c
0614020 20922097 208c2092 208e2094 208b2093
0614040 20902098 20932091 208f2096 20962099
0614060 209d209c 20962097 20932091 209e2096
0614100 20a220a0 209d20a0 2096209b 209d2097
0614120 20912097 208c2090 2095208a 2091209a
0614140 209e2095 209a209a 2097209a 2095209f
0614160 20942097 20982091 20972098 209d209a
0614200 209c20a0 20a020a3 209b209a 20a0209d
0614220 209e20a2 209220a0 20962099 209d2098
0614240 209c2097 209a209c 209a209d 2096209b
0614260 209c2096 2098209c 20a2209c 20a32097
0614300 209e20a3 2097209e 209a209a 20a0209a
0614320 20992097 209a209a 2098209f 209a209b
0614340 20972098 209a2099 208e2092 2090208f
0614360 2099208a 2098208e 2091208f 208d2092
0614400 209a208b 209b2097 20972093 208f2094
0614420 208c2090 208c208c 208a2097 208a2086
0614440 2090208b 208d208e 20932095 20872089
0614460 2088208b 2089208b 2086208b 20852082
0614500 208c2081 20852086 2088208d 20842086
0614520 20892085 207f2086 207c207f 207c207d
0614540 2088207c 20822083 207e2081 207f207a
0614560 20852085 20832080 2084207e 207f2084
0614600 207e2085 2087208a 20842083 207d207d
0614620 20792080 2079207b 2082207f 207d2088
0614640 20792082 207a2073 2078207b 2080207b
0614660 20822080 207d207c 20712076 2070206a
0614700 20762072 207d2078 207b207d 207c207a
0614720 207c207c 207b207b 20782074 207c207c
0614740 207b207d 20792073 2079207a 20772077
0614760 20782074 206c2075 20702075 206c2076
0615000 20742075 20762076 20752076 207c207a
0615020 20732073 20752074 20712076 206c206f
0615040 2077206f 20702074 2070206c 2074206d
0615060 207a2074 20792078 20732078 20762077
0615100 206d2070 206d206a 2074207b 20732071
0615120 207f207b 20842076 207b207c 207b207c
0615140 20802076 20752070 20772075 20792071
0615160 20802077 207c207a 2079207b 2077207c
0615200 207b207b 207b207e 207d207d 2080207b
0615220 2081207b 207f2078 20792079 207d207b
0615240 2078207c 20812079 207e2081 207a2082
0615260 20832081 20822083 20862080 2085208b
0615300 20822082 2086208e 20882080 208c2086
0615320 20892091 20892088 208f2089 2081208b
0615340 20812081 20892085 208f2088 207b2085
0615360 20982089 2089208c 2096208c 2091208f
0615400 2090208c 20942094 20882090 208c208c
0615420 208a2088 2091208b 20922093 2098208a
0615440 20952097 20932095 2092208e 20922090
0615460 209a2094 20992096 20972096 2097209a
0615500 209a2094 20a2209d 20a120a1 20a020a4
0615520 20a620a7 20a720a8 20a120a0 20a1209f
0615540 20a620a5 20a220a9 20aa20a4 20a920a3
0615560 20a820a4 20a520aa 20a920a6 20a820aa
0615600 20a920a9 20aa20a1 20a920a3 20a620ab
0615620 20a0209c 20ac20a6 20aa20a8 20a820b3
0615640 20ab20ab 20b920b2 20b720b5 20ba20b8
0615660 20b520b2 20b120b5 20b720b5 20b920b5
0615700 20ba20b9 20bc20bc 20c120bf 20c020bf
0615720 20b920bb 20bd20bb 20ba20bf 20ba20bf
0615740 20be20c2 20c320be 20c620c6 20c220c4
0615760 20c820bf 20c820c5 20cb20c4 20cd20cb
0616000 20cc20cc 20c220c4 20ce20be 20cd20c8
0616020 20cd20c9 20ce20ce 20d120d6 20d020cc
0616040 20c520c8 20cb20c8 20ce20cb 20cb20d2
0616060 20dd20d3 20dd20d9 20d120d7 20d420d2
0616100 20d520de 20df20dd 20e120df 20de20df
0616120 20dd20d7 20e120e1 20e020da 20dc20da
0616140 20e020db 20dd20df 20db20da 20dc20da
0616160 20e120d6 20e520db 20dd20e6 20e020e4
0616200 20e020db 20e420db 20e520e4 20e720e6
0616220 20e020ec 20e820ed 20ec20e2 20f420ee
0616240 20f420f8 20f220f7 20ed20ea 20f020ef
0616260 20e820ef 20e120e6 20ea20e9 20f420ed
0616300 20fb20f0 20f820f5 20ec20f6 20f520f5
0616320 20f020f3 20f520ec 20f820f4 20fc20f8
0616340 20fd20ff 20fe20f1 20fe20f3 20f520fa
0616360 20f420f5 20f120f4 20f720f5 20f920f7
0616400 20f520f8 20f720f9 20f820f9 20f420f5
0616420 20f720f8 20f720fc 20f920fd 20f520fa
0616440 20fb20ef 20f92103 20fc20fb 20f42101
0616460 20ff20f7 20fe20f9 210120f8 20fd20fe
0616500 20fe20f7 21002104 20ff20fc 20fc20ff
0616520 20fa20fa 20f520fa 20fa20f3 20fe20f8
0616540 21032106 20fd2102 20f920fd 20f820f7
0616560 20f620f2 20f120ee 20ef20ec 20f220f7
0616600 20f820f4 20ff20f8 210520fd 20fc2101
0616620 20f920f2 20f420f4 20fa20f5 20f320f5
0616640 20ed20ee 20ee20f5 20f520f9 20f420f0
0616660 20f720f7 20f320f2 20f020f5 20ec20f3
0616700 20ef20f0 20ef20f2 20ef20ec 20ed20eb
0616720 20ea20ec 20e720ea 20ef20ec 20f620f2
0616740 20ed20f5 20f020f5 20f620f0 20ef20ec
0616760 20e420eb 20e620e7 20f020ee 20e820e9
0617000 20ed20e7 20e220e1 20e620e2 20e820e7
0617020 20e620ed 20ec20eb 20ea20e8 20ed20e9
0617040 20e920eb 20e420e4 20f220eb 20e420ed
0617060 20e520e4 20eb20ee 20de20e5 20ea20de
0617100 20e820ee 20ec20ed 20ed20f1 20ee20e5
0617120 20ef20e9 20e420e4 20e020e1 20de20e1
0617140 20db20e3 20e820e1 20e020e6 20e420eb
0617160 20e020e4 20dd20da 20e520dc 20e020dd
0617200 20d820e5 20e020d9 20e720e3 20e820e5
0617220 20e820e5 20dd20e3 20df20e1 20d120da
0617240 20da20d7 20db20da 20e020dc 20e320e4
0617260 20e120e4 20eb20e3 20e420e9 20e320e3
0617300 20e720e7 20e720e7 20e420e0 20e920ed
0617320 20d820dc 20e420e7 20e720de 20e920e6
0617340 20e620e8 20e420e5 20df20e5 20e320e7
0617360 20e020e6 20dd20e0 20de20de 20dd20dd
0617400 20db20e6 20e020e2 20da20db 20dc20e1
0617420 20e020e3 20e520e4 20ea20ea 20e920e1
0617440 20e520e7 20e620ea 20e020e5 20e620e2
0617460 20e020e2 20df20d7 20e420e1 20ed20e7
0617500 20f020ef 20e920e8 20e020e6 20e320de
0617520 20ec20df 20e320e1 20eb20e7 20ea20e3
0617540 20e220e5 20e920e0 20ea20e3 20e820e4
0617560 20e720ec 20f120ef 20e920ed 20f420f0
0617600 20f320f8 20e920ee 20ec20ef 20e220ed
0617620 20e820e1 20ef20ec 20f020ea 20ea20ea
0617640 20ea20ea 20ee20ec 20ea20ed 20ee20f4
0617660 20f320f3 20f420ee 20f520f1 20f420f6
0617700 20ec20f2 20ec20f4 20ed20ed 20f720f0
0617720 20ee20f3 20f220f1 20f420f0 20f220ee
0617740 20f720f5 20fb20fb 20fb20f8 21082102
0617760 210220fd 20fa20f7 20f120f7 20f720f3
0620000 20fb20f7 20fc2100 20fa20ff 210820fb
0620020 210220fe 20fe20fb 21092105 20f920f7
0620040 20ff2101 20ff2102 210120ff 21072104
0620060 210b2107 2109210e 210f210b 21102112
0620100 210b2108 21092100 2104210a 21072109
0620120 210c2112 2109210e 21092106 210a210a
0620140 210b210f 210f2110 21122112 211a2117
0620160 21142113 210d2111 2118211c 21122116
0620200 211e2116 21192114 2117211b 211a2119
0620220 211b2118 211d2112 211e211b 211b211b
0620240 2120211e 21242122 21222121 211e211d
0620260 21232125 b0100488 00001004 0001000a
0620300 00010000 03b1600c 00000ffc 0001000a
0620320 1400003c add01f00 add01f01 add01f02
0620340 add01f03 add01f04 add01f05 add01f06
0620360 add01f07 add01f08 add01f09 add01f0a
0620400 add01f0b add01f0c add01f0d add01f0e
0620420 add01f0f add01f10 add01f11 add01f12
0620440 add01f13 add01f14 add01f15 add01f16
0620460 add01f17 add01f18 add01f19 add01f1a
0620500 add01f1b add01f1c add01f1d add01f1e
0620520 ff000134 00000020 00000002 aa64429a
0620540 00000001 deadbeef f0000002 aa644286
0620560 37053749 00000000 00000134 00001f48
0620600 a0110489 220f2128 2207220a 220b2204
0620620 220f220d 22062208 22082207 2213220c
0620640 221a2217 2205220d 220c2209 22022209
0620660 22092203 2211220e 220f220a 220a2213
0620700 21ff2209 22072204 22102207 220d220b
0620720 220b2208 2209220b 2204220f 22042204
0620740 22052202 22052207 22062208 22062209
0620760 220421f8 21fe2201 220321f5 21fc2203
0621000 21fa2203 21fc21f9 220221fc 21fc21fb
0621020 21fd21fc 21f321fb 21f421f3 21fa21f6
0621040 21f421f8 21f921f8 21f721f8 21f421f4
0621060 21f821f4 21f421f1 21f521fc 21f221f2
0621100 21f021f1 21f521f2 21f121f6 21f221f1
0621120 21e921ec 21ec21e9 21ed21ea 21ed21ed
0621140 21f321f4 21eb21f2 21ec21eb 21ea21e3
0621160 21e621e0 21df21df 21e421e7 21eb21ee
0621200 21ed21ee 21f221f2 21e521f1 21eb21ea
0621220 21e521e8 21ee21ef 21e421ec 21e421ea
0621240 21de21df 21d821dd 21df21de 21e321dd
0621260 21cb21e7 20e8215b 2032207b 1fe01ffc
0621300 1fb41fc8 1faa1fae 1fb01fb5 1fb21fb5
0621320 1fb41fa9 1fae1fae 1fab1faa 1fa41fa9
0621340 1fa81fa6 1fb21fa4 1fb11fb2 1fa51fb2
0621360 1fa81fa6 1fa71fa6 1fa31fa3 1fa51fa9
0621400 1f9c1fa6 1fa01fa7 1fa51f9d 1fa51fa2
0621420 1fa51fa2 1fa61fa8 1fa21fa2 1fa21f9b
0621440 1f9e1f9d 1fa91fa3 1fae1fad 1fad1fb2
0621460 1fae1fab 1fb81fa9 1fa21fa6 1faf1fb1
0621500 1fa71fad 1fad1fb0 1fa51fab 1fa41fa4
0621520 1fa11f9f 1fa01fa1 1fa51faa 1fae1fa9
0621540 1faf1fa9 1fb51fb4 1fad1fb1 1faa1fad
0621560 1fae1fa5 1fb11fae 1fae1fb0 1fad1fb0
0621600 1fab1fb0 1fab1fab 1fb51faa 1fae1fb0
0621620 1fb61fb7 1fba1fb8 1fbb1fbb 1fbe1fb7
0621640 1fbd1fb8 1fbd1fbd 1fc51fc5 1fc41fc7
0621660 1fba1fbe 1fb41fbc 1fbb1fb9 1fb91fc3
0621700 1fc21fbe 1fc01fc2 1fba1fbf 1fbf1fc2
0621720 1fc51fbe 1fc21fbc 1fd01fc8 1fcd1fcc
0621740 1fc21fc8 1fd31fc0 1fcd1fc7 1fcb1fcd
0621760 1fc51fd3 1fc71fcb 1fce1fc1 1fcd1fcc
0622000 1fd61fcc 1fd31fd7 1fd61fd8 1fd51fd5
0622020 1fd41fd2 1fcc1fd1 1fcd1fc5 1fcf1fcd
0622040 1fd21fd4 1fd51fd3 1fd21fda 1fda1fd6
0622060 1fda1fd8 1fd91fda 1fdd1fd6 1fd41fdc
0622100 1fe21fd5 1fe21fe1 1fea1fe7 1fe51fe3
0622120 1fe71fe2 1fde1fe0 1fe41ff1 1fed1fe5
0622140 1fe81fe5 1fe81fe8 1fed1feb 1fe51ff0
0622160 1fe91fe6 1fec1fea 1fea1fe7 1fee1feb
0622200 1ff81fef 1ff11fee 1ff31ff4 1fe81fe7
0622220 1ff11fe9 1fee1ff5 1fff1fed 1ff31ff4
0622240 1fee1ff2 1fee1ff3 1ff21fef 1ff91ff2
0622260 1ff71ff4 1ff41ff9 1ff61ff8 1ffb1ffa
0622300 1ffb1ff6 20022000 1ffc1ffc 1ff91ff8
0622320 1ffb2000 20012003 1ffd1ff8 20041ff8
0622340 1fff2000 1ff91ffd 1ffc1ffe 20021ffe
0622360 20082007 20032009 20052007 20072004
0622400 20092005 20022007 20022005 20042006
0622420 1fff2008 20102006 2009200b 200f200f
0622440 20122011 2009200f 20112010 2008200b
0622460 2018201b 200d2013 20132016 20172016
0622500 201a2013 20112013 20112014 20182014
0622520 200a200f 2010200e 201a200f 20162020
0622540 2022201b 201e201a 201f2018 201a201b
0622560 201a201e 20182020 2020201a 2013201b
0622600 20142017 20152014 20172018 2020201f
0622620 201f2020 2024201f 201e2023 2021201e
0622640 20242022 2024201f 201d2023 20212023
0622660 20212021 20222024 20222020 20272023
0622700 20252028 20292027 202c2025 20222025
0622720 2029202f 20272028 202f202f 20282034
0622740 202b202c 2029202e 20282029 202e202b
0622760 2032202d 202b2031 2021202a 202a2026
0623000 202f2031 202b202c 202a2029 20292024
0623020 20232025 20252021 20332029 20352039
0623040 20392037 20342039 202e2032 20252029
0623060 20272025 201d2021 202c2027 202c2025
0623100 202d2026 20232028 20262025 2026202c
0623120 20292027 202e2025 20232027 201f2024
0623140 20292022 20282022 20232026 20202028
0623160 20282036 201f2022 202e2027 20252024
0623200 20232029 2025202d 20212028 20292022
0623220 20262021 2021201c 20232021 202e2026
0623240 2026202c 20282026 20272023 20272029
0623260 202d202b 20242029 2021201e 2020201f
0623300 201a201e 2022201b 20202022 20252022
0623320 20242022 20282028 2025202b 20272023
0623340 20202025 20212022 201e2021 201d201d
0623360 201c2019 201f201a 201f2022 2020201c
0623400 2029202c 20252025 20232024 2020201b
0623420 201f201d 20182020 201f201f 201b2018
0623440 2021201d 2019201e 20112019 201a201b
0623460 20202018 201b2024 200c2014 20152013
0623500 20142017 2012200e 20162014 20182018
0623520 201e201a 2017201d 201c2019 201a201c
0623540 20152016 200f2019 200d200c 2014200d
0623560 20122010 20182016 201c201b 2018201b
0623600 2018201b 2018201a 2004200c 200d200a
0623620 200c2018 2013200f 201a2017 200f200f
0623640 20102010 200c200d 2013200d 20172016
0623660 20122014 20142013 20192013 20162018
0623700 20172017 2012200f 20162013 2014200e
0623720 2018200f 20162017 20192015 20192014
0623740 2016201b 201b201a 201e201e 201a2022
0623760 201b2020 201e2018 2013200c 20172015
0624000 2015201b 201f2012 2023201d 2027201c
0624020 20272025 2017201f 2010201a 201d201a
0624040 2022201a 20212019 201e201e 20202024
0624060 2024201b 20262020 201f201f 2025201e
0624100 20272025 20292028 20282026 2021202b
0624120 2027202b 20292026 20272029 20242029
0624140 2029202a 20212027 2033202a 20292026
0624160 202e202b 2030202f 202e202c 2034202f
0624200 202e202b 202f202b 20302031 20312034
0624220 2028202d 202a2025 20342028 2037202e
0624240 202f2034 20332028 202f202f 203c2028
0624260 20392039 20412037 2038203a 2036203a
0624300 20382038 2045203d 2042203f 20442042
0624320 20432042 2043203d 203b2039 203f2039
0624340 203a203f 203d203f 2043203b 203b2042
0624360 20412043 2053204c 204e2052 204d2048
0624400 204e2050 204c204a 2057204e 204d204c
0624420 2054204d 204e2057 204e204c 204f204f
0624440 204c204e 20522052 2056204f 20522058
0624460 20522054 20522051 205a2056 20582056
0624500 20512058 205b2058 205d205a 205e205e
0624520 20572057 205f2058 205c2063 20672064
0624540 20692068 2065206a 20602067 2065206a
0624560 20692068 206a206a 20682069 206c206d
0624600 206d2071 206c206f 206e206a 20692063
0624620 2066206e 2068206b 20792075 20792077
0624640 20702077 20752076 207f2078 207b2076
0624660 20782079 20702077 20732074 20772071
0624700 2072206f 20782075 206c2072 20762079
0624720 206e2071 206f206c 2072206f 207a2072
0624740 207d207b 207c207f 207f2079 20832077
0624760 207e207c 207e207e 2077207c 207b207f
0625000 20832081 207f2082 20882086 207e2083
0625020 20812082 208a2082 2085208b 208d2088
0625040 2085208a 20812085 20892087 208c208b
0625060 208c208c 2087208b 20832089 208b2089
0625100 2088208d 208d2087 208d2092 20822085
0625120 20892086 20892091 208f208c 2090208b
0625140 208b208e 208b2087 2094208c 20912091
0625160 208e2096 20972097 20952095 20942098
0625200 2091209b 2097209f 20912094 208b2098
0625220 20922091 20952096 209a209b 20942098
0625240 209a2092 209920a0 209b2098 2098209c
0625260 209b2095 20a1209b 209a20a0 2098209b
0625300 209a209c 20a3209f 209e209d 20a020a6
0625320 20a0209a 20a520a7 20a420a3 20a020a0
0625340 20a0209c 209d209f 209b209f 209f2098
0625360 209f209e 2096209f 209d2099 209c20a8
0625400 20a2209b 20a920a5 20a120a9 209e209d
0625420 209f20a4 2098209d 20a3209e 20a2209d
0625440 209f20a3 209720a3 209c209a 20a1209c
0625460 209b209e 20a0209d 209c20a2 209e20a4
0625500 20a02098 20a120a1 20a3209d 209a209b
0625520 209d209d 20a02097 209e209a 20a1209f
0625540 209c209e 209b209e 209f20a0 209a2099
0625560 2098209b 20992098 2096209c 20992095
0625600 20922091 209c209a 209a209b 209b2096
0625620 20952097 2095208f 20962096 20932096
0625640 20932096 2093209b 20972095 20932091
0625660 20902098 208b208f 208d208b 20952096
0625700 209a2098 20962096 20932097 208f208e
0625720 208f208a 208c208c 20922091 208b2090
0625740 20952099 20942094 208f2090 208c2091
0625760 208b208e 2094208a 208e208f 2089208b
0626000 20902090 2090208b 208b208c 20832089
0626020 208d2085 2083208b 2086207e 208e2086
0626040 208a208f 20862087 20892089 20882087
0626060 2087208c 20862087 2082208e 20812088
0626100 208c2081 20932091 20872083 2082208a
0626120 2082208b 20892083 208b2082 2089208b
0626140 20832081 208b2088 20882089 208a208d
0626160 20902096 208b208b 208b208e 20902093
0626200 2095208c 208e2087 20932094 20902093
0626220 20912097 20922090 20852090 208f208d
0626240 20872088 2087208d 2086208b 208c2088
0626260 208b208b 208e2093 208e2090 2084208c
0626300 20812081 20862082 208c2084 208c2097
0626320 2093208b 208a208f 208a2088 208d208d
0626340 20872089 2094208a 20942091 2099209b
0626360 20912096 2091208a 2098208d 20972092
0626400 20952090 2095209a 20962090 209a2098
0626420 20912098 208d208c 20942097 20952096
0626440 2097208f 20992099 20942096 209f209e
0626460 2095209b 2099209a 20972093 20942097
0626500 2093209b 209e2095 20992094 209a209b
0626520 209b2097 209a209d 209e209a 20a9209c
0626540 209c20a1 209820a2 209d209d 20a1209e
0626560 20a020a2 209b209f 209e209a 209c2099
0626600 20a2209d 20a2209d 2095209c 209f209d
0626620 209a20a2 20a6209f 20ab20a3 20b020a7
0626640 20a520aa 209d20a0 20a3209b 20a920a0
0626660 20a620aa 20b120aa 20aa20af 20a620a9
0626700 20a920ab 20a920ab 20a720a8 20a720a8
0626720 20a820ab 20ae20af 20a820aa 20a920a9
0626740 20a520ab 20b120b2 20b320b4 20b320b8
0626760 20b520b7 20b120b5 20b320af 20ba20b4
0627000 20b820b6 20b120bb 20bd20c2 20bb20bb
0627020 20ba20b1 20b720b6 20b320b1 20af20b8
0627040 20b420ad 20b320b3 20bb20b2 20ba20b3
0627060 20b220b7 20b720b3 20b920bf 20b620bb
0627100 20bc20b5 20c120bf 20c120be 20b920b7
0627120 20bb20b6 20b820be 20ba20bb 20be20c0
0627140 20c320c2 20c020c5 20c420c6 20bd20bd
0627160 20b920ba 20c120b9 20c620c3 20c120c4
0627200 20c520c3 20bf20c4 20c620bb 20c820cb
0627220 20c920cb 20cc20c9 20d220cd 20cc20cd
0627240 20cb20ca 20c820cb 20c320c7 20cd20c8
0627260 20cf20c6 20cd20ce 20cd20cd 20d320d3
0627300 20d020d3 20d920d3 20dd20d6 20d620d3
0627320 20cd20d5 20de20d3 20cd20db 20d120ce
0627340 20cf20d0 20d520d3 20d520d8 20df20d3
0627360 20e320dc 20d420d8 20d920d9 20d220cf
0627400 20dc20d3 20d920d6 20e220da 20df20df
0627420 20df20df 20e020de 20e520e3 20e320dd
0627440 20e920e4 20dd20e0 20e420dd 20ee20e7
0627460 20e620eb 20e320e6 20e520e2 20dc20de
0627500 20e620dc 20e620e7 20e520e4 20e020e3
0627520 20e620dd 20e620e1 20e720e8 20e420eb
0627540 20e520e5 20eb20e4 20ec20e4 20eb20ea
0627560 20e420df 20de20e2 20e520e8 20e520dd
0627600 20ee20ea 20e620eb 20e620e1 20ee20e3
0627620 20ee20ec 20e420e7 20e220de 20ec20e3
0627640 20e820f1 20e520e3 20e020e1 20e120ea
0627660 20e520e3 20eb20e5 20e120e8 20db20e6
0627700 20e620e2 20e620e8 20e320df 20df20da
0627720 20ea20ef 20ef20e9 20ec20eb 20ec20eb
0627740 20ea20ed 20ea20ec 20e420e3 20e120de
0627760 20e220df 20e820e5 20e720ed 20ea20e5
0630000 20e520e6 20e920e4 20de20e6 20e520e2
0630020 20e320e8 20d920df 20de20dd 20f020db
0630040 20e920f3 20ee20e6 20eb20f1 20e820ec
0630060 20e720e2 20dc20dc 20dd20e4 20dc20dd
0630100 20e220df 20dd20e0 20df20df 20e220df
0630120 20e120e1 20db20db 20db20da 20dd20df
0630140 20e020de 20de20df 20da20db 20d620d9
0630160 20dd20d7 20db20df 20dd20e1 20e120d6
0630200 20de20dc 20e120d8 20e520e7 20e520e7
0630220 20dd20e3 20d820e1 20d920d9 20d420d9
0630240 20db20dc 20db20d9 20df20e0 20e220dc
0630260 20e620dd 20dc20e4 20e320d6 20d820e1
0630300 20d220da 20e120d8 20dd20df 20d720d7
0630320 20da20dd 20cc20da 20d420d6 20d520d3
0630340 20d920e0 20d320d5 20d220d3 20dc20d8
0630360 20dd20d6 20e520da 20da20e0 20d720d5
0630400 20dc20e2 20d820da 20da20d6 20e020e2
0630420 20dd20e3 20e020de 20e020da 20d820da
0630440 20d820d8 20d720d9 20d420da 20db20dc
0630460 20db20d3 20d320d2 20d120d4 20da20d7
0630500 20d720db 20e120dd 20e320df 20df20e0
0630520 20e020e2 20dd20de 20e220da 20e320e4
0630540 20e120e0 20db20d8 20e220e5 20d420da
0630560 20da20d7 20da20de 20de20da 20e120e1
0630600 20de20db 20db20dd 20e420db 20de20e0
0630620 20e120dd 20e420e4 20d720de 20db20dc
0630640 20dd20df 20db20db 20de20da 20df20df
0630660 20e020e5 20db20e6 20df20d9 20de20dd
0630700 20df20e4 20e420e0 20d820e7 20e020de
0630720 20d920d8 20e220e3 20dc20e4 20e520e0
0630740 20df20e1 20e220df 20e120de 20e520e5
0630760 20e020de 20e620e1 20e620e0 20e820e3
0631000 20e520e1 20e620e4 20e820e4 20ea20e4
0631020 20ee20e7 20e120e7 20ea20e2 20e520e3
0631040 20eb20df 20e420e0 20db20e4 20dc20e7
0631060 20e920e7 20e820ec 20e220e7 20e920e2
0631100 20e520e8 20ee20e4 20ed20e8 20ec20e9
0631120 20ed20ed 20ea20f1 20e420eb 20e820e2
0631140 20f220ed 20f020f2 20e520ec 20e320e7
0631160 20e920e2 20ef20e7 20e920e5 20ea20eb
0631200 20eb20e8 20ed20e8 20e720ea 20f020ec
0631220 20eb20ec 20ed20ed 20ef20e7 20e920e7
0631240 20ec20e6 20e420ed 20e620ea 20e520e3
0631260 20e920e4 20e820ef 20eb20ec 20f020f4
0631300 20f020fa 20ed20f1 20e820e8 20ea20eb
0631320 20e920e4 20ee20ec 20f420f1 20f020f2
0631340 20f420f5 20f220f1 20ed20e9 20f120eb
0631360 20ee20ee 20ee20f1 20f320ee 20f820f4
0631400 20ef20f3 20ef20f3 20ed20f2 20f920f1
0631420 20f620f7 20f120ee 20f220f4 20f320f8
0631440 20f420f1 20f020e7 20f020f2 20f520f6
0631460 20f620f8 20fd20f7 20ff20f4 20fa20f9
0631500 20f620f4 20fa20ff 210320fd 20fb20fe
0631520 21072102 2103210f 210020fd 210e210a
0631540 210520fe 2104210a 20fb2105 21022103
0631560 21042107 21002101 21082106 2106210c
0631600 2107210a 210d2107 210f2109 210e210b
0631620 2108210a 210e210f 210a210a 210d2106
0631640 210b210a 21062108 21042107 210320fb
0631660 210620fb 2106210c 210a210b 210e210d
0631700 2113210c 210e2108 210c210c 2111210e
0631720 21142117 21112111 210e2112 210d210e
0631740 210b2105 210e210e 210f2113 21132116
0631760 2112210e 210e210e 21092112 21112111
0632000 2108210f 21172112 2116211d 2115211b
0632020 211e2116 2120211a 21182119 2116211a
0632040 21172115 21112119 211b2115 211b2116
0632060 2110211a 2119211a 211a211f 21172117
0632100 21172117 211d2116 21132111 210c2112
0632120 210b2109 2112210f 2112210e 21182115
0632140 211b211d 211c2118 211f2118 2116211a
0632160 211b211e 211c211f 211e211a 211a211a
0632200 210f2110 21122110 21162111 211d2119
0632220 21192118 21142117 2115211d 21222117
0632240 211f211a 2120211d 211a2126 2118211a
0632260 21192111 211c2117 211e211f 2118211a
0632300 21162117 210f2112 2116210d 21102117
0632320 21122114 21172118 21162119 211c211f
0632340 21222121 2114211b 21182117 211e2119
0632360 2123211a 211b211c 211d2118 2113211f
0632400 21122116 211f211a 2113211a 2113211a
0632420 21182118 211d211b 211f2121 2123211f
0632440 211d2120 211e2121 211b211b 211e2124
0632460 211c211b 2117211a 211a2115 21122116
0632500 21072112 21272120 211d211d 2124211c
0632520 211c2121 211b211c 211b2120 211c211d
0632540 2125211e 211f2120 21212120 211e211c
0632560 2114211a 211d2114 21252123 21252121
0632600 21272125 21212124 211c211c 211c2119
0632620 212c2124 211f2122 21192121 211d211f
0632640 211e2120 21262122 21282120 2129212b
0632660 21242125 21222121 21262126 2122212a
0632700 2120211f 212a2124 2126211e 21282128
0632720 212a2127 212b212b 2129212c 212a2124
0632740 21272125 2126212c 21232131 212b2129
0632760 2128212a 2125211f 211f2125 211f2121
0633000 2126212a 212c212d 212b2133 212d212e
0633020 2127212d 212e212c 21322130 213d2135
0633040 21352135 21282132 212b212d 212b212d
0633060 2132212b 21352132 21322136 2138213e
0633100 213d2140 21372130 21352134 212e2132
0633120 212f212e 212e2132 21322130 21312132
0633140 212d212d 21302135 212b212d 21292126
0633160 212b2127 2124212e 212c212b 212c2128
0633200 212b212c 2136212f 2131212e 21262133
0633220 21352133 212b2132 21362135 21302131
0633240 21282134 212d212b 2129212d 212d2136
0633260 2130212e 2137213a 212d212e 2135212a
0633300 21332138 212e212c 212a2132 212e2130
0633320 21332132 212d2130 212d2130 212e2130
0633340 212c212e 2129212b 2136212d 21352135
0633360 2129212f 21322129 21332133 212e2132
0633400 212c212d 212e2131 21302132 212e2135
0633420 212a2130 212b212e 21312129 21382130
0633440 21392136 21382134 212d2136 21352133
0633460 2136212f 21332132 21372136 2139213d
0633500 21402144 21422144 2139213c 2135213b
0633520 2135213b 2139213a 2136213b 2133212e
0633540 21302133 213b2139 2139213a 21372135
0633560 213a2132 21312136 21342136 21342138
0633600 21392139 213a2132 2135213b 212f2133
0633620 212f2133 21342130 21382134 213c2139
0633640 21312136 21302134 21392135 21372138
0633660 2139213a 2136213c 213f213f 2138213c
0633700 21362135 2136213c 213e2138 21452142
0633720 213a2140 21372140 21352128 2136213a
0633740 213d2138 21362137 213e213a 2143213a
0633760 2140213d 2144213f 214a2144 21472141
0634000 21422144 2135213c 213d213e 213b213e
0634020 2142213f 21432144 213c2140 213e2141
0634040 213c213a 2146213d 213f213a 21442141
0634060 2148214a 21452144 214e213e 21472140
0634100 21512146 2145214e 21472147 2140213e
0634120 213d213b 213a2143 213a213d 21472138
0634140 213e2145 21422141 21442141 21442144
0634160 213b213e 214b2140 213b214e 21392144
0634200 213c213d 21412142 213e213d 21442143
0634220 213b2146 2149214a 21412142 2142213f
0634240 213d2143 21442146 213e2142 213f2141
0634260 21492142 21452148 21432149 21402143
0634300 2141213f 21492140 21482145 21482145
0634320 2143214c 2141213e 21462144 213d213e
0634340 2147213a 21412148 214e2149 214d2147
0634360 2147214b 21412144 21422147 21472143
0634400 21452149 214a2144 214a2151 2150214f
0634420 21472150 214b2147 2145214a 21442142
0634440 21502141 2144214d 21482145 2144214e
0634460 214d2142 21452144 21442144 214f214c
0634500 214a2153 214d2148 214e214f 214c2151
0634520 214f214f 214b2151 214e2150 21512156
0634540 214e214f 214d214b 214c214c 214a2142
0634560 21452150 214d214b 21512151 214b2152
0634600 214c214d 214a2147 214b2146 2155214a
0634620 21552151 21562155 215b2153 2154215a
0634640 21552153 214f2153 214f214d 214b2154
0634660 2157214f 2156214e 21512152 21552155
0634700 21552158 21552155 2154214b 21552158
0634720 21562154 2152215a 2152214d 21572152
0634740 2157214e 21592152 2162215f 21652161
0634760 215d2161 215e215c 2160215f 215c215d
0635000 215c2155 215a2150 21522156 215d2159
0635020 21602163 2162215f 2167215b 215b2162
0635040 215a215d 215a2159 21572157 21532151
0635060 21582155 215f2156 215b215c 215e215f
0635100 216b215f 215f2162 21622158 2160215e
0635120 2161215f 2162215f 215e2164 21632169
0635140 21622161 21652161 21622163 216c216d
0635160 21662166 2165216f 2164215f 215f215d
0635200 215f2165 21622167 21642165 21672165
0635220 2163215c 21642167 216c2169 216d216d
0635240 216c2172 21742175 2172216d 216e2171
0635260 21732174 216e216b 2176216f 216b2167
0635300 216b216c 216a216a 216a2165 216e216c
0635320 2172216f 216d2175 216b216f 216f2172
0635340 2170216f 216d216c 21702177 21732175
0635360 216d2173 216f2170 21732173 21732174
0635400 21762174 2179217a 217c2176 2174216e
0635420 21692173 21772177 21762170 2174217a
0635440 2178217b 21742171 216f2177 21732175
0635460 2173217b 21792172 217d217a 217b217c
0635500 217c217d 21822177 217b2181 2176217d
0635520 2173217b 21722172 2176216b 217b2173
0635540 21752177 21782179 21722171 21772173
0635560 2171216d 21782176 2176217c 21792178
0635600 217b2174 217a2174 217c217d 21802179
0635620 217d217e 217b217e 21772176 21752178
0635640 217a2177 21722180 2177217b 21782175
0635660 216f217a 21752179 21702178 21742174
0635700 21742173 21752176 21782178 2178217a
0635720 217c2177 216f216e 21742171 21762175
0635740 21772174 2172216c 2170216a 216a2177
0635760 216f2171 21772173 2177216b 21752177
0636000 217d217a 217d217e 217a217c 21752174
0636020 21782174 216f2177 21722175 2170216f
0636040 2171216e 216d216a 21752176 21742177
0636060 21722171 216c216d 2172216b 21772178
0636100 2173216f 2173216d 217f2171 2177217c
0636120 2175217e 21742177 216a2173 2172216f
0636140 21672173 21712173 21742169 216f216f
0636160 216e216f 216f2176 21732172 21732172
0636200 21762176 216f216f 21722172 216a2167
0636220 21652165 216c2165 2171216b 216c216c
0636240 21692172 21642170 21692165 21742173
0636260 216f216b 21722173 21752169 21702170
0636300 2174216a 216b216c 21732178 2171217b
0636320 216f2172 21772170 216b216c 216c2170
0636340 21732176 216e216e 216c216b 21732170
0636360 21722179 2176217a 21842175 2185217b
0636400 2172217d 21792179 21762178 2177217d
0636420 2171216f 216c216c 216c216e 216c2175
0636440 21782173 2172216f 216e2171 216c216e
0636460 2176216e 216e2173 216f216b 216f216c
0636500 2166216c 2168216a 216b2163 21662169
0636520 216b2167 21672167 215f2167 21662162
0636540 21602162 21642162 21602166 215e215f
0636560 21602162 2166215f 216a2168 215d216a
0636600 215e2161 21662163 21612160 21662169
0636620 21652165 21672169 216b2166 2166216c
0636640 2167216a 21702169 2167216a 216d216b
0636660 21632166 21642166 21662167 215f215e
0636700 215a215e 216a215e 21682166 216e2165
0636720 216d2170 2164216a 2169215f 216c2167
0636740 2163216b 216c216d 216c216f 216c216f
0636760 216a2172 216e216a 21732170 216a2164
0637000 21682167 21612161 216b2161 21642163
0637020 21652160 2168216a 21662164 216a216f
0637040 2167216a 216d2168 2167216b 216d2169
0637060 21662168 21612168 216a216f 216b2166
0637100 21662166 216a216e 2166216f 216f2163
0637120 216f216a 216e216a 216e216c 216d2174
0637140 21712172 216e2170 216a216e 2170216d
0637160 21702173 216f2170 216f216e 21732175
0637200 2170217b 2177217a 216c2170 216d216e
0637220 216f2171 21752177 217b217e 21752177
0637240 21772177 21712170 217c217a 2179217d
0637260 21752175 217b2172 217c2180 2180217f
0637300 2186217d 21852181 21892186 21862186
0637320 21842185 21832186 21812185 2181217e
0637340 2182217f 21852183 217c2187 2182217e
0637360 21842186 217c217a 217f2183 21812183
0637400 218b2186 218d2186 218d2189 2186218f
0637420 218d218e 2193218b 218b2185 2192218a
0637440 21892195 2192218f 21922194 219d2196
0637460 218b2196 21932192 21952196 218f218f
0637500 21982196 21922194 21952198 218d2194
0637520 21952197 219b218f 21962199 219721a0
0637540 219b2197 219f219e 21a4219c 219d219c
0637560 2198219d 21922195 219d21a1 21a2219f
0637600 21a321a0 219d21a4 21a0219e 21a821a5
0637620 219f21a2 21a1219b 21a221a8 21a721a5
0637640 21a621ab 21a921b1 21a521a3 21a021a2
0637660 21a321a2 21a1219f 21aa21aa 21a221a7
0637700 219f219e 21a521a3 21a721a5 21a621a9
0637720 219c219c 21a521a5 21a321a3 21a621a6
0637740 21a721a3 21aa21a6 21ab21b1 21ab21ab
0637760 219c21a4 21a5219b 21ae21a4 21ab21b0
0640000 21a921ac 21ab21a7 21af21a5 21a921ab
0640020 21ae21a8 21a921a2 21a821a9 21aa219f
0640040 21a621ac 21a721a6 21a921ab 21b121ab
0640060 21a721a7 21a021a0 21ac21ab 21a821ab
0640100 21ac21ad 21a921a7 21aa21a7 21aa21b1
0640120 21af21ab 21af21ad 21b421ab 21b121ac
0640140 21b421b2 21ab21b7 21ae21aa 21ae21aa
0640160 21ad21b0 21ae21b2 21b021aa 21a921b3
0640200 21ae21a7 21a721a8 21a521a6 21ac21aa
0640220 21aa21a7 21a521a3 21ad21a1 21ad21af
0640240 21a821aa 21a721aa 21b021a9 21ac21af
0640260 21ab21b3 21af21b5 21b121b0 21ac21ac
0640300 21aa21a5 b0110489 00001004 0001000a
0640320 00010000 03b15cc7 00000ffc 0001000a
0640340 1400003c add01f00 add01f01 add01f02
0640360 add01f03 add01f04 add01f05 add01f06
0640400 add01f07 add01f08 add01f09 add01f0a
0640420 add01f0b add01f0c add01f0d add01f0e
0640440 add01f0f add01f10 add01f11 add01f12
0640460 add01f13 add01f14 add01f15 add01f16
0640500 add01f17 add01f18 add01f19 add01f1a
0640520 add01f1b add01f1c add01f1d add01f1e
0640540 ff000134 00000020 00000000 ca168449
0640560 00000001 deadbeef f0000000 ca168435
0640600 0105834e 00000000 00000134 00001f48
0640620 a0100144 22062146 2204220b 220c2211
0640640 220f220c 220f2210 220e220e 2203220e
0640660 220d220b 22052200 220e21fe 22062204
0640700 220c220e 220e2213 2214220f 22182218
0640720 22112213 22192218 22162216 220f220a
0640740 2214220b 22122213 2217220f 221b2219
0640760 22142218 220a2218 220e220f 221a2211
0641000 2222221d 2226221f 221a221a 221a221c
0641020 22212221 22262229 22262223 22222223
0641040 221d2220 2219221b 2223221e 2224222c
0641060 222a2223 22252229 22252228 221e2228
0641100 221f2222 221c221b 2224221b 22202220
0641120 22262227 222b222d 22262221 221c2221
0641140 221a221e 222b2225 2222222d 221a221e
0641160 221e221c 22242225 22272229 222c2224
0641200 22262225 22282228 22242227 22272228
0641220 22252228 22252222 22272224 222f222d
0641240 22252231 222c2226 22362230 22362239
0641260 22302232 222a222e 22332230 22112227
0641300 212a219f 206e20c8 2018203f 1ff92003
0641320 1fee1ff2 1fe81fe9 1fea1fe9 1fe61feb
0641340 1fed1fea 1fec1fe8 1fe41fe6 1fd61fe6
0641360 1fd61fe1 1fdf1fdd 1fe81fde 1fe11fdd
0641400 1fe41fdd 1fe21fe3 1fdf1fe2 1fdd1fd9
0641420 1fde1fdd 1fdd1fd8 1fd31fd9 1fd51fd4
0641440 1fd51fd3 1fd51fd7 1fcf1fd8 1fdb1fd5
0641460 1fe31fe4 1fde1fe1 1fdf1fe1 1fda1fde
0641500 1fd41fdc 1fdd1fd5 1fdf1fdf 1fe01fd9
0641520 1fd91feb 1fdb1fde 1fdd1fd9 1fdc1fd4
0641540 1fd61fd9 1fda1fde 1fdf1fe0 1fdd1fe4
0641560 1fe51fda 1fe01fdf 1fd61fdd 1fd21fde
0641600 1fdd1fda 1fd91fdb 1fdf1fdb 1fdc1fe0
0641620 1fdb1fec 1fdb1fd9 1fd41fd4 1fd51fd5
0641640 1fd51fd7 1fde1fe2 1fe41fe2 1fdb1fdd
0641660 1fd51fe3 1fd31fd8 1fd51fd6 1fe01fd3
0641700 1fdc1fd5 1fcf1fde 1fc91fd4 1fce1fd2
0641720 1fd01fd1 1fdb1fd5 1fdb1fda 1fd91fdc
0641740 1fd71fd4 1fde1fdb 1fd71fd3 1fd01fcd
0641760 1fda1fd9 1fd21fd9 1fd31fdb 1fda1fd0
0642000 1fd31fd2 1fcc1fcd 1fc71fd2 1fcb1fd5
0642020 1fd81fcf 1fd01fd7 1fcf1fd9 1fd11fd3
0642040 1fcf1fd0 1fce1fce 1fcd1fce 1fd21fcf
0642060 1fc71fd1 1fc81fd0 1fcd1fca 1fcc1fc2
0642100 1fcf1fcd 1fca1fcc 1fce1fc4 1fc81fc5
0642120 1fc41fc4 1fc51fc5 1fc91fc7 1fce1fca
0642140 1fcb1fc7 1fc71fc3 1fc21fc3 1fc61fc4
0642160 1fc71fc6 1fc61fc6 1fc01fc8 1fbd1fc4
0642200 1fbe1fba 1fbd1fbc 1fc21fbf 1fb21fbc
0642220 1fba1fc6 1fb81fbb 1fb81fba 1fba1fb2
0642240 1fb91fb8 1fb91fc0 1fbb1fbf 1fb31fbe
0642260 1fb01fb2 1fb41fb1 1fb51fae 1fba1fba
0642300 1fb91fb8 1fb81fb4 1fbf1fbb 1fb41fb6
0642320 1fab1fb3 1fac1fb5 1fbc1fae 1fbb1fbd
0642340 1fb31fba 1fb21fba 1fbe1fb7 1fbe1fbc
0642360 1fbd1fc1 1fb41fba 1fae1fb4 1fb51fb4
0642400 1fbb1fb3 1fb71fb4 1fb61fb5 1fb31fbb
0642420 1fb91fb5 1fbd1fb6 1fbc1fb9 1fb81fb4
0642440 1fb91fc3 1fb51fb5 1fb21fb3 1fbe1fb1
0642460 1fc01fc1 1fb21fc5 1fbd1fb9 1fbc1fbd
0642500 1fc11fb8 1fbd1fbf 1fbb1fbe 1fbf1fbc
0642520 1fbd1fbf 1fb91fbe 1fbf1fba 1fc01fc6
0642540 1fc91fc3 1fc01fc3 1fc11fbf 1fc31fbf
0642560 1fc01fc1 1fce1fc5 1fc91fc5 1fc31fc3
0642600 1fc21fc7 1fc11fc2 1fc11fc6 1fca1fc8
0642620 1fc81fc7 1fc41fca 1fc91fc6 1fd01fc4
0642640 1fc01fc9 1fcb1fc6 1fc61fc6 1fc91fce
0642660 1fd31fcd 1fcd1fca 1fd31fce 1fd01fd5
0642700 1fd11fd1 1fcf1fd3 1fd51fcf 1fd01fd2
0642720 1fda1fe1 1fd41fda 1fd71fc8 1fdd1fdf
0642740 1fdd1fdc 1fe11fe5 1fdf1fe3 1fdc1fe5
0642760 1fda1fd8 1fde1fda 1fe41fe3 1fe11fe9
0643000 1fdd1fde 1fe41fde 1fd91fe2 1fd31fdd
0643020 1fe41fe1 1fe01fde 1fea1fdc 1fe41fe3
0643040 1fec1fec 1ff81fed 1ff51ff5 1fec1ff3
0643060 1fee1fee 1ff01fef 1ff31ff7 1ff51ff5
0643100 1ff31ff0 1ff81ff7 1ff21ff7 1fed1fef
0643120 1ff21ff3 20001ff7 1ffa1ff5 1ff71ffe
0643140 20001ffb 20062006 20052002 20052002
0643160 2007200d 20082009 2011200d 2019200d
0643200 200b2003 20032013 200a2008 200c2009
0643220 200f2009 200b2009 20092008 200f2014
0643240 201c2013 20112010 201a2013 2014201c
0643260 2014201d 2023201a 2024201e 2023201f
0643300 2021201f 201e2022 20252024 20272025
0643320 2023202c 20242025 202a202b 201d2024
0643340 20222020 20202022 2022201e 20252027
0643360 20282022 202e2024 20252026 202b2033
0643400 2030202b 20292031 2034202d 20312037
0643420 20372039 20352035 202b2033 20302033
0643440 2028203a 20352031 2031202d 20402030
0643460 20382036 2037203a 203f2037 20422048
0643500 20432045 2045203f 2040203f 203d203c
0643520 20432043 20452045 203e203b 20402044
0643540 204a2045 20462048 2045203e 20452045
0643560 203d2046 20432045 20422040 2039203d
0643600 2040203f 2043203f 203f203f 20462048
0643620 20432046 204d2044 204c2044 204d204e
0643640 2047204d 20512043 204e204a 2048204d
0643660 20492048 204a2049 2048204f 20482047
0643700 20462044 2049204b 203e2043 204a2046
0643720 204c2048 2056205a 204b2054 204f2051
0643740 2046204c 2051204b 20502050 20572055
0643760 20542055 2053204b 204d204c 204f204b
0644000 2051204e 20582052 20512058 20592052
0644020 2056205c 204f2052 20512058 2056204f
0644040 20552054 205a205b 20542053 2054205a
0644060 20582053 2054204f 204e204e 204b204f
0644100 204c205a 204a2048 20472044 204d2046
0644120 204b204e 204e204d 204b2050 20502052
0644140 20542053 2042204d 2043204d 204f2053
0644160 2052204a 20542052 20492052 20542050
0644200 204e2051 20532052 205a205a 2054205b
0644220 20522052 20562052 20552047 20532053
0644240 204c2053 20542050 204a2051 204b204d
0644260 204e204b 204b204f 20512053 2046204a
0644300 20512045 204f204c 204e204b 2049204c
0644320 203d2044 2045203f 20422048 20432043
0644340 20452044 204e204a 2055204e 204d2050
0644360 2047204c 20492047 204c204b 204a2044
0644400 203e2042 203b2040 203e2041 20452048
0644420 203d203f 20402037 2037203c 203b2037
0644440 203d203f 20402039 204e2044 20412048
0644460 20452049 203f2048 203f203e 2041203f
0644500 203e2046 2038203b 203e2038 2038203a
0644520 203d2037 203e2047 20372034 202e202c
0644540 203b2035 20382034 2034203b 203d203e
0644560 20402039 203b2040 20362035 203e203f
0644600 203b2032 2038203b 20392038 202e2031
0644620 20302032 20382039 203a2036 203f203e
0644640 203c2041 20342037 20342032 202a202e
0644660 2038202c 20362037 20352047 20332033
0644700 2040203c 203c203c 2037203b 203a203a
0644720 203c2047 203e2045 203d2038 203b203d
0644740 203c203d 20412044 203b203d 2044203c
0644760 20412043 2039203c 20422042 2040203c
0645000 203d203c 2038203d 203b2044 203d2042
0645020 203d203d 2049203e 20392046 203f2040
0645040 203b203b 203e2039 2046203e 20432048
0645060 20432048 203f2044 20462044 204b2045
0645100 20472049 204d205a 20522050 2047204b
0645120 204b2046 20502049 204c2050 20452053
0645140 2054204b 204f204e 205d2056 205c205c
0645160 204d2058 20532058 20492052 20522050
0645200 20572058 20542056 205a2055 20542054
0645220 20542056 204d2052 204e2053 205b2055
0645240 205f205a 205a205a 205e205f 205b2061
0645260 2065205e 206b2068 20722068 206f206f
0645300 2070206e 20722070 207b2070 20772078
0645320 206e2072 206c2071 206b2073 206e206b
0645340 2073206d 20782070 20772075 20712077
0645360 206f206d 2075206d 207a2078 20742076
0645400 207f2075 2074207f 207f2077 20772085
0645420 20782078 20782077 207c2079 207d2080
0645440 20772081 2089207e 208b2087 20862085
0645460 20872087 20862089 2090208e 2086208c
0645500 20892087 208e2086 2089208f 208c208b
0645520 208b2089 208d2091 208d208f 2086208e
0645540 208b208a 2089208a 208d2084 208c208a
0645560 20912090 208b208f 20902093 2093208a
0645600 20952094 20982096 20972096 20902092
0645620 20942097 2098209d 20912098 209a209e
0645640 209f209a 209d209d 20a2208e 2097209d
0645660 209e2097 209e20a0 209f209e 20a420a1
0645700 20a520a9 20ac20a8 209c20b3 20a620a1
0645720 209e20a1 20a4209f 209f20a2 20a120a1
0645740 20a820a3 209e20a6 20a520a1 20ae20ac
0645760 20a320a7 20a320a1 209a209f 209e209d
0646000 20a720a7 20b320a8 20a920a9 20ac20ad
0646020 20aa20ad 20af20a9 20ae20a6 20ab20a6
0646040 20ac20a9 20b120b4 20ac20b3 20ae20b0
0646060 20ad20aa 20b120b4 20af20b0 20aa20a8
0646100 20b420a9 20a920a8 20a420a2 20b020b4
0646120 20ab20b0 20b520ab 20b620ae 20b520bd
0646140 20b920b6 20b120bd 20ae20b2 20b520b1
0646160 20b620b6 20b720b3 20b020b4 20b720b5
0646200 20ac20b0 20ae20af 20b420b0 20b620b2
0646220 20b920b4 20bb20ba 20b720b9 20ba20b9
0646240 20b920b9 20bd20b5 20b920ba 20ba20b6
0646260 20b520be 20bd20b4 20b120b4 20ad20ad
0646300 20ae20b3 20bd20b3 20b720be 20b820bc
0646320 20b520b5 20af20b0 20af20b3 20b820b6
0646340 20b920b3 20b920b7 20b420b4 20bb20b9
0646360 20b120c0 20b620b3 20ac20b3 20b120b1
0646400 20b620b6 20ba20b9 20b320be 20b320ae
0646420 20b020aa 20a920af 20af20b3 20b120ae
0646440 20af20a7 20b420b0 20ac20ad 20b020b0
0646460 20ab20ad 20ab20b0 20b120b5 20ac20b6
0646500 20ae20b4 20ad20ad 20b520ab 20b220ba
0646520 20b720af 20b820b3 20b420bb 20b920b5
0646540 20b220ae 20a520b1 20a620a9 20a520a3
0646560 20a4209f 20a1209d 20a620ad 20ae20ab
0646600 20a820ac 20aa20a2 20ab20a1 209b20a3
0646620 20a320a2 20aa209f 20a120a6 20a720a2
0646640 209920a1 209f209d 20ab20a0 20ad20a7
0646660 20a620a9 20a120a5 20a020a0 20a420a0
0646700 20a820a1 20a720a8 20a020a2 209f209f
0646720 20a3209e 20a020a4 209e209e 2095209f
0646740 20a2209f 20a020a6 20a120a0 209f20a1
0646760 209f209c 20a0209e 209f209f 20a3209e
0647000 209d20a1 209a20a0 209f209d 20a1209f
0647020 20a520a2 20a720ac 209f209e 20a420a3
0647040 209f20a3 209d209c 20a120a1 20a820a7
0647060 20a320a6 209e20a4 20a720a2 209e2095
0647100 20a3209d 209d209d 209e209d 209e209d
0647120 209a209b 20922098 209c2099 20962098
0647140 209b2097 209a20a0 20a420a2 209d20a5
0647160 20a0209e 20a320a3 20aa20a4 20a320a3
0647200 20a220a1 20a1209a 20a020a3 209d20a2
0647220 20a2209e 209d20a0 20a2209c 20a920a8
0647240 20a120a3 20a420a9 20ab20a9 20ad20ae
0647260 20a020ad 209d20a1 20a720ac 20a620ab
0647300 20b520ae 20ac20ad 20ae20af 20a420ab
0647320 20af20ac 20ad20b0 20a420a5 20ab20ac
0647340 20ac20a4 20b220b3 20b420a9 20ac20af
0647360 20bb20b0 20bb20bf 20b720ba 20b620b3
0647400 20b420b6 20bd20b3 20ba20bc 20ba20bf
0647420 20be20bd 20c120bc 20c420c5 20c020c0
0647440 20c020c0 20c420c1 20c420c4 20c420ca
0647460 20c120cc 20c520c5 20c020c7 20be20c2
0647500 20ca20c4 20cb20cc 20c720d2 20ca20c5
0647520 20d320ca 20d320cb 20cb20cb 20cb20cd
0647540 20d020c6 20d020cd 20c820d8 20c220c2
0647560 20d620cd 20d920d3 20db20d6 20d720d0
0647600 20d120d7 20cc20e0 20d020cf 20cf20d6
0647620 20d720d2 20d920d6 20d720e3 20d720da
0647640 20da20d7 20d520d4 20d920d6 20d720df
0647660 20e120e0 20e920e6 20e420e2 20d620e2
0647700 20dc20e0 20df20e5 20eb20eb 20e720ee
0647720 20e620e6 20df20e4 20e420e5 20e020e4
0647740 20e820e3 20ed20e9 20e320eb 20e120e8
0647760 20e520df 20e820f1 20ea20ed 20e720ef
0650000 20e620e6 20ea20e2 20e820ee 20e820ec
0650020 20e220e5 20e820e9 20ea20ea 20ef20ed
0650040 20ef20ee 20f320f0 20e720ed 20e920ee
0650060 20ec20e7 20ef20f3 20ee20f2 20f020f1
0650100 20ea20f1 20e820e5 20f120ed 20ed20f0
0650120 20e920f3 20f220ee 20f920f0 20f520f1
0650140 20ee20f5 20ea20ed 20f120ef 20f520f2
0650160 20f620fd 20f720fe 20f220fa 20fd20fb
0650200 20f720fc 20f820f3 20f320f9 20f520f6
0650220 20f120f6 20eb20ee 20f020ef 20fa20f6
0650240 20f220f1 20f720f5 20fe20f0 20f220f8
0650260 20f720f6 20ef20f4 20f620f2 20f420f4
0650300 20ef20f3 20f420f6 210120f3 20ff20f8
0650320 20ef20f7 20f72103 20f120f3 20f620f4
0650340 20fe20f7 210120fe 20f52101 20fb20fd
0650360 20f820f8 20ed20fa 20ee20f2 20f420f2
0650400 20f520fc 20fa20f9 20f520f2 20ef20f4
0650420 20ed20f5 20ee20ef 20ee20f4 20ee20e5
0650440 20ee20f1 20ef20f1 20ef20ec 20ef20f2
0650460 20f420eb 20f020e6 20ec20ec 20f820f6
0650500 20fb20f5 20f220ee 20e920f2 20f020f1
0650520 20e720f1 20ea20ef 20ec20ed 20ec20ea
0650540 20ea20ee 20e720e9 20ef20f1 20e520ed
0650560 20e020ee 20eb20e8 20e720e7 20e920e8
0650600 20e520df 20e520ed 20e520ec 20e120e8
0650620 20e020e0 20e620e6 20e720e9 20e720f4
0650640 20e820ec 20e320eb 20ee20e6 20e720ed
0650660 20e620ec 20eb20ed 20e920e5 20e620e7
0650700 20df20e9 20e120e1 20e120e3 20e020e5
0650720 20e620df 20d720e1 20d520d4 20d920d7
0650740 20d920dd 20e420e6 20ea20e9 20e620e4
0650760 20e420e6 20e020df 20da20e0 20db20d7
0651000 20da20d9 20d820dd 20db20da 20dc20d8
0651020 20e120d7 20d320dd 20c820d4 20d120c8
0651040 20d620d5 20d220cf 20c920d1 20ce20ca
0651060 20d520ca 20ce20d3 20d620cb 20d220d8
0651100 20cb20db 20d320d1 20cd20d1 20c820ca
0651120 20ce20c8 20cc20cc 20cb20c7 20d220ce
0651140 20d220d3 20d220da 20d520d1 20d620d3
0651160 20d120ce 20d220d4 20cd20cf 20d120cb
0651200 20d520ca 20d820d3 20d020d3 20d320d3
0651220 20cc20d0 20c520cc 20ca20c9 20cc20ce
0651240 20c220cc 20ca20cd 20db20cf 20d520d5
0651260 20d620d7 20d120d6 20cf20cb 20c920c5
0651300 20c920cb 20c620c4 20c620cc 20cf20ca
0651320 20d220ce 20ce20d4 20ca20ca 20d420d2
0651340 20ce20d9 20db20d1 20da20db 20d920db
0651360 20d720db 20d520dd 20d820d7 20d920db
0651400 20df20d9 20d620e0 20d720dd 20dd20d9
0651420 20df20db 20de20d9 20d920dc 20e220dc
0651440 20df20da 20dc20da 20e220d8 20e020e2
0651460 20e520e2 20e720e1 20e220dc 20e120e6
0651500 20e520e3 20eb20ef 20ec20eb 20eb20e9
0651520 20e920eb 20f520f0 20f620ef 20f920f7
0651540 20fa20f5 20f520ef 20ee20f7 20ef20f2
0651560 20ef20f8 20f620f4 20f620f2 20fb20f2
0651600 20f020fb 20f520f9 20ff20f9 20f920fc
0651620 20fa2100 20f520fc 20f720f7 20ff20fa
0651640 21012100 20fe2100 21022101 20fd20fb
0651660 21052102 21062102 20ff2102 210d2104
0651700 2110210e 21092107 21042104 21062102
0651720 210f210c 2111210d 210f210a 2119211a
0651740 21122119 21142115 21132110 211e2117
0651760 21182115 211c2118 2117211b 21162116
0652000 21172117 211b2115 21222125 21162120
0652020 2121211c 21272123 212c2132 2131212f
0652040 213b2139 21382138 212f2132 212c2131
0652060 212b212f 21332137 21302131 212b212c
0652100 212c212c 2133212b 212e213a 21342131
0652120 213b2136 21342136 212d2136 21332134
0652140 21392136 213c2139 2135213a 212d2131
0652160 213c2133 213d2140 213a213c 213d213b
0652200 21402141 213f2140 21452144 213d213f
0652220 21452147 213e2142 21452149 214b2144
0652240 21442142 2141213c 21402148 21442151
0652260 214b2145 21462147 214b214c 21402148
0652300 2145214d 21422141 214a2144 214f214b
0652320 21422151 21452147 214a2149 21482145
0652340 214b2149 214d214b 214f2150 21482155
0652360 21492146 21462142 2151214e 2150214f
0652400 214a2147 21482145 214b214c 214b2148
0652420 214a2148 214c2152 214c2145 2152214c
0652440 214f214d 21502150 214a214e 214b214c
0652460 214c2149 2147214a 214c2148 2156214e
0652500 214d2153 21522157 214e2154 214d214d
0652520 21502149 215b2157 214d2154 21542158
0652540 214f2153 21472149 21482144 21502149
0652560 21502152 2150214e 214c214f 214d214c
0652600 214f214b 2150214d 214c2154 2143214a
0652620 21462142 213e2142 2147213f 2142213f
0652640 21402141 21402140 21452142 213f2147
0652660 214e214f 214f2153 214e214a 2149214c
0652700 2144214b 2148214c 21472146 21482142
0652720 213f2149 21492144 2144214f 213e2143
0652740 2149213b 2143213d 214b214d 21472152
0652760 214d2144 2154214b 21412142 214a2145
0653000 2139213f 213c213a 213a2140 2141213d
0653020 213f213e 21422142 213e2140 21412140
0653040 213d213d 2139213b 212f2132 21282134
0653060 21312131 21352136 21362139 213d213d
0653100 2135213f 2138212f 212f212d 212c2132
0653120 212d212b 212a2130 2131212b 2134212f
0653140 212c212f 212a2133 212b212c 212d2125
0653160 2136212d 212f2136 212f2133 21282126
0653200 212b2128 21212123 21272127 21302128
0653220 2129212a 21282123 21192123 211d2120
0653240 211b2128 212a2125 2122211c 211b211d
0653260 211a2120 211c211b 211b211f 21212119
0653300 211e2129 21142116 21102118 210f2111
0653320 21172110 21122112 21122115 21162114
0653340 21212118 21152115 210c210e 2109210b
0653360 2108210f 21092109 21142110 210e2110
0653400 210f210d 210e210c 210d210f 210f210b
0653420 21062107 21082101 2107210b 21062102
0653440 210c2107 21062111 210f2112 2103210c
0653460 21012102 20f920fa 210320fb 2106210d
0653500 20fc2103 210a20fd 21022109 21032102
0653520 21002102 21022104 20ff2105 21052102
0653540 20ff2101 20fa20fa 210020f9 21012100
0653560 210120fb 21032108 21042104 21022101
0653600 21082102 210a2105 21092100 21072108
0653620 2102210c 21042104 210a2104 21012102
0653640 20ff2102 2104210d 21012100 21032102
0653660 21072106 21072107 20fd2107 210c2103
0653700 21052105 210b210d 21062105 21062110
0653720 2101210a 210c2105 210d2110 2108210a
0653740 21032107 210a20fd 21132115 210f210e
0653760 210c2117 210f2110 21172111 21132114
0654000 21192112 2118211e 21132117 21152114
0654020 21172112 211d2117 211b211a 211d2120
0654040 21232126 211e211e 211b2120 2116211f
0654060 211e211b 211f2123 211c2119 211b211b
0654100 211f2121 211a211c 2120211d 21252125
0654120 212b212a 2128212b 21242128 2127211f
0654140 21272127 21342134 21342136 21382133
0654160 21362138 21372132 21332132 212f2134
0654200 21242131 2132212f 2132212b 212f212e
0654220 213d2134 2138213a 213c213f 213b2141
0654240 2140213e 2143213f 21402140 21402140
0654260 213e213d 213f2140 213d2142 21442147
0654300 21452145 2140213a 21422140 213e2141
0654320 214a2149 214a214c 2150214f 214c214c
0654340 21472154 21412149 214f2149 21532148
0654360 2149214b 2154214c 214e2151 2155214f
0654400 21532151 21562154 2159215c 215c215e
0654420 2156215a 21532154 215f215f 215a2160
0654440 21632161 21612160 2164215e 21642163
0654460 21522156 21642160 21602159 21642163
0654500 2163215b 215f2164 215f2164 21662165
0654520 2157215f 21562160 2164215b 21652163
0654540 2163215e 2165215b 215e2167 21632162
0654560 216b216c 216d216d 216c2164 2167216d
0654600 2162216a 2167216b 21672168 215f2168
0654620 21612167 216a2167 21672170 21652168
0654640 21632163 21652162 216b2162 216f216b
0654660 216f216c 21732171 21732177 21722173
0654700 21722171 21702173 21642165 21622166
0654720 216c2166 2171216e 216e2171 21792171
0654740 2173217a 21792177 217a2188 2177217e
0654760 21792180 217b2175 216f2173 21702171
0655000 2170216a 2172216d 21702174 21712176
0655020 21762172 217c2176 217a2176 21752177
0655040 217c2180 2179217e 21792179 217b2174
0655060 2175217d 21762177 21732175 21772176
0655100 217c216f 217a2178 21772178 21762173
0655120 216e2174 2170216b 21742172 21722174
0655140 216c2173 216c2169 217c2175 216f2172
0655160 21662171 21752178 21792180 2173216b
0655200 216b2170 216e2169 21702175 21772174
0655220 217a2177 21762174 216c216f 2169216f
0655240 21722172 21772178 2170216a 216d2170
0655260 216a216b 216d216f 2171216e 216b216b
0655300 216b216c 216b216b 216b2163 216e216a
0655320 2168216d 21622169 2165216b 21652162
0655340 215f215e 2165215b 21642163 215c2162
0655360 215f215c 2162215c 215d2161 2157215a
0655400 215c2158 215f215a 21602155 2157215e
0655420 21582158 215d2158 215f2157 21562158
0655440 215c2161 2155215a 2152215c 214c214b
0655460 2155214d 214f2151 2154215b 214d2156
0655500 214f214f 21532153 2148214b 214c2147
0655520 2146214a 2150214b 2151214d 21522152
0655540 2148214e 214e2148 214a2149 21422141
0655560 213c2140 213d2140 2147213e 21402142
0655600 2140213b 21412144 21392144 2139213e
0655620 21412138 2139213a 21342133 21352131
0655640 21362136 21392137 21372133 21392137
0655660 2137213d 213d213a 2132213c 213f2132
0655700 2143213f 2139213f 213f2138 2134213a
0655720 21362132 213f213e 2140213f 213e2140
0655740 2138213d 213c2137 21392137 212e213d
0655760 213a2130 21382136 2131212c 2132212f
0656000 21322132 21372139 21382136 21372136
0656020 21422139 2136213c 2132212d 212d212f
0656040 2134212e 2133212f 212d212e 212b212b
0656060 212f2132 212f212d 212e212f 21352137
0656100 2125212c 21242123 2130212c 212f2133
0656120 212d2131 212c212d 212c212a 21362133
0656140 21362136 21312136 21372135 2135213a
0656160 21322135 212f2138 21362132 21332130
0656200 213b2134 2139213a 2139213b 21372135
0656220 21392137 21342139 21382136 21342136
0656240 2135213a 212b2134 21332130 2134212f
0656260 213e213b 213b2141 2139213c 21392139
0656300 2141213a 21432141 213d2140 2143213f
0656320 213c2145 2140213f 213f2144 21402147
0656340 21492145 214f214f 214a2152 21472149
0656360 21442148 21452144 21492147 21462148
0656400 214a214a 214b2148 21502150 21482154
0656420 21482143 214e2151 2153214c 214d2154
0656440 2152214d 214b214c 2147214b 214e214c
0656460 21532155 21582151 2158214f 21532153
0656500 214f2151 214a2152 21522151 21522151
0656520 21582152 21542152 214c2155 2152214c
0656540 21552155 21572153 215a2159 215a215d
0656560 21632157 2163215f 21632161 21602162
0656600 21692163 2165216a 21662160 2165215d
0656620 215f2164 21632165 21692164 216c216a
0656640 2167216a 21652166 2164216c 21642169
0656660 2165215f 21672168 216a2168 216d216c
0656700 216b216a 21722170 216e2174 216b216e
0656720 21752178 217b2177 216f2171 216d2172
0656740 21772175 21782178 2171216f 2171216f
0656760 21732176 216a216d 2171216f 2170216f
0657000 2175216a 21702174 21732174 21722178
0657020 217e217c 21812175 21722175 21722173
0657040 21782178 21782178 21792173 21752175
0657060 217f217e 2179217d 21802182 217c217f
0657100 2179217a 2177217c 2183217a 2182217f
0657120 217a2182 2173217f 217a217c 217e2181
0657140 217e2178 217b217d 2181217d 21812180
0657160 21882182 21862186 21882183 2189218a
0657200 2186218c 218c2186 21902188 218a2186
0657220 21862188 21832184 218b2186 21852186
0657240 21822189 217e217d 217e2186 21892186
0657260 2186218a 218c2186 21892189 218b218e
0657300 218c2190 2194218c 21962194 21912191
0657320 218c218f 21902193 2192218f 218b2190
0657340 2191218f 218f2194 218c218f 218b2190
0657360 21912190 21962191 218c2198 218e219b
0657400 2188218f 2195218c 2192218e 21972191
0657420 2196219a 2193218e 218b218f 21912190
0657440 218e2191 21942191 218f218d 21902191
0657460 21982195 218d2195 219a2197 21982195
0657500 218b218a 218e2188 21952192 21922194
0657520 21912190 21972192 21902193 21922191
0657540 21932191 2190218e 218f218b 21822184
0657560 218a218b 218d2189 218c2187 21872186
0657600 2190218a 218d2188 21932198 218f2195
0657620 21922188 218d218e 218c218e 218b2187
0657640 21822184 218d2188 21802188 2193218f
0657660 2188218b 21882184 21862183 218c2183
0657700 218a218c 2184218b 21842187 2181217a
0657720 21872185 2183218c 21882183 21812187
0657740 217d217b 217b217c 217a217e 217e217d
0657760 2178217f 21842182 2182217e 217d2180
0660000 217e2186 217e217d 21892180 217f2184
0660020 2182217d 2184217d 21822180 21892187
0660040 21822184 218c2185 21882188 21852187
0660060 21832185 217d2182 217d217e 217b217c
0660100 217f217c 21812176 21782178 2178217d
0660120 217a2180 217f217f 2186217c 217f2181
0660140 21862185 217b2182 217c217d 217a2175
0660160 21782178 217c217b 217f217f 21832180
0660200 2181217f 2178217e 217f2174 217c217e
0660220 2178217c 217e2176 21832183 21802181
0660240 21812183 2186217f 21842181 21842186
0660260 2182217d 217e217f 217b217d 217d2178
0660300 2187217f 217e2186 21812185 21812179
0660320 217c217d b0100144 00000f90 0001000a
0660340 00010000 03b15cc8 00000ffc 0001000a
0660360 1400003c add01f00 add01f01 add01f02
0660400 add01f03 add01f04 add01f05 add01f06
0660420 add01f07 add01f08 add01f09 add01f0a
0660440 add01f0b add01f0c add01f0d add01f0e
0660460 add01f0f add01f10 add01f11 add01f12
0660500 add01f13 add01f14 add01f15 add01f16
0660520 add01f17 add01f18 add01f19 add01f1a
0660540 add01f1b add01f1c add01f1d add01f1e
0660560 ff000134 00000020 00000000 ca642778
0660600 00000001 deadbeef f0000000 ca642764
0660620 25093c6a 00000000 00000134 00001f48
0660640 a0110145 22322176 22342231 2229222b
0660660 22282224 222b2229 222b2224 222b2224
0660700 22252224 22232223 2222222b 22262226
0660720 22262223 22202221 221f2221 2218221c
0660740 2219221d 221b221a 22182219 221f221a
0660760 221d2217 2218221c 22182217 22132218
0661000 22122210 220e220e 2207220a 22132204
0661020 2204220f 2206220a 220f220d 220f220d
0661040 22132209 2202220c 21fd2203 21fe2200
0661060 220321fe 220a2202 2204220b 21fa21ff
0661100 21fe2201 21fc21f5 220021ff 21f521f5
0661120 21f621f5 21fd21fd 21fe21fc 21f721f8
0661140 21f121ef 21f621f4 21fa21fb 21f821f3
0661160 21ec21eb 21ef21ed 21e921ea 21e521e6
0661200 21f021ec 21e821ef 21ec21ef 21f021ec
0661220 21e921f6 21e121ea 21e821e1 21e521e9
0661240 21e121e6 21e021e3 21e621e9 21e221dd
0661260 21e121e3 21e121e0 21e221e5 21e521e6
0661300 21d821d8 21d721dd 21d721da 21d721df
0661320 217321d9 1fd520a2 1eb91f32 1e3b1e76
0661340 1e0c1e27 1df41df9 1df71df7 1df61deb
0661360 1df71ded 1dee1df3 1df11dec 1deb1dee
0661400 1df01de7 1de01de5 1deb1de9 1df01de9
0661420 1deb1de8 1de91de9 1dea1de5 1de81dec
0661440 1de41de4 1de91de7 1df11de1 1de81df0
0661460 1de81ded 1dee1ded 1df11dec 1dee1de8
0661500 1de71dec 1dec1ded 1dec1df4 1def1ded
0661520 1ded1de8 1df21df1 1df21df1 1df61df0
0661540 1df71df0 1df61df1 1df91dfb 1dfa1df7
0661560 1dfb1df5 1df61dfa 1df41df8 1dfb1df4
0661600 1dfb1df2 1ded1df2 1e001df1 1df31df8
0661620 1dfc1dfd 1dff1e01 1dff1dfc 1e011dfe
0661640 1dfe1e05 1dff1e01 1dfd1dfa 1dfb1dfa
0661660 1e051e00 1e071e03 1e021e04 1e0a1e0b
0661700 1e051e02 1e0b1e08 1e071e01 1e091e08
0661720 1e0e1e09 1e101e12 1e121e0c 1e121e12
0661740 1e111e18 1e121e15 1e141e16 1e191e18
0661760 1e1c1e1b 1e1d1e1c 1e1d1e22 1e191e1d
0662000 1e1d1e19 1e161e19 1e141e17 1e101e12
0662020 1e1d1e15 1e231e1c 1e211e24 1e251e22
0662040 1e2b1e2b 1e2c1e28 1e2f1e2b 1e221e1f
0662060 1e2c1e2d 1e2b1e2b 1e371e38 1e351e32
0662100 1e331e36 1e2a1e35 1e321e30 1e3a1e33
0662120 1e361e36 1e3c1e3c 1e3c1e38 1e471e41
0662140 1e471e45 1e451e43 1e441e47 1e421e42
0662160 1e441e45 1e481e4a 1e491e48 1e4e1e4d
0662200 1e4a1e48 1e4e1e52 1e581e58 1e501e53
0662220 1e521e55 1e4d1e59 1e571e58 1e5e1e5c
0662240 1e671e5e 1e601e62 1e561e5e 1e641e66
0662260 1e6e1e6a 1e631e69 1e651e62 1e691e69
0662300 1e671e66 1e681e69 1e6b1e68 1e5d1e6a
0662320 1e6b1e61 1e6f1e72 1e7e1e72 1e751e78
0662340 1e711e75 1e751e6f 1e6f1e6c 1e6d1e75
0662360 1e741e6d 1e721e71 1e771e74 1e7a1e76
0662400 1e791e77 1e771e74 1e741e76 1e7c1e78
0662420 1e801e76 1e861e80 1e831e83 1e861e84
0662440 1e831e86 1e841e87 1e871e82 1e881e80
0662460 1e871e84 1e871e89 1e851e89 1e8d1e89
0662500 1e8c1e8a 1e931e8e 1e9a1e9c 1e961e96
0662520 1e961e96 1e9b1e9e 1e9e1e9e 1e9d1ea1
0662540 1ea41ea5 1e9f1e9c 1e981e99 1e9c1e9d
0662560 1e991e98 1e911e9e 1e9e1e97 1e9f1e9b
0662600 1e9c1e9a 1ea21e97 1ea61ea3 1ea81ea7
0662620 1ea21ea1 1ea81ea1 1ea31ea2 1ea61ea4
0662640 1ea81ea1 1eab1ea7 1eab1eae 1eab1eac
0662660 1eb01eaf 1eab1eb0 1eae1ead 1eae1ea6
0662700 1eaf1eb0 1eab1eaf 1eae1eaa 1eac1ea9
0662720 1ead1eb0 1ead1eaf 1eb41eac 1eb31eae
0662740 1eba1eb5 1ebb1ebe 1eb61ebe 1eb31eb1
0662760 1eb31ebd 1eb81eb2 1ec01ebb 1eb61ebe
0663000 1ec11ec0 1eb61ebb 1eb51eb6 1eba1eb6
0663020 1eba1ebf 1eb11ebb 1ebd1eb0 1eb81eb7
0663040 1ec01ebb 1eb71ec2 1eaf1eb6 1eb61eb6
0663060 1ebf1eb7 1ebc1ebb 1eb91ec2 1eb91ebb
0663100 1ebd1eb8 1ebc1eb7 1eb41eb9 1ebe1eb2
0663120 1eb91eb8 1eb81ead 1ebd1eb4 1ec01eb6
0663140 1ec11ec2 1eb81ec4 1ebf1ebc 1eb91ebd
0663160 1eb71eb0 1eb01eb8 1eb61eb1 1eb81eb6
0663200 1eb41eb7 1eb91eba 1eb01eb8 1eb71eb3
0663220 1ebd1eb6 1eb61eb6 1ebb1eb8 1ebd1eb9
0663240 1eb71ebc 1eb51eb1 1eb01eaa 1eb91eb4
0663260 1eb61ebe 1eb71ebb 1eae1eb0 1eb71eaf
0663300 1eba1eb2 1eb71ebd 1eb41eb9 1eb41eb7
0663320 1eb21eb2 1eb41eb3 1eb51eaf 1eaf1eba
0663340 1eb81eb5 1ebb1eb9 1eba1eb4 1eab1eb7
0663360 1eb41eb5 1eb21eb4 1ebc1eb2 1eb31eba
0663400 1eb41eb6 1ead1eb6 1eb41eae 1eba1eb2
0663420 1eb31eb5 1eae1eac 1eb61eb3 1eac1ea9
0663440 1eb61eae 1eb21eb9 1eb01eb4 1eb81eb7
0663460 1eb81eb6 1eac1eb3 1eb71eb6 1ead1eb7
0663500 1eae1eb1 1eb61eae 1eb61eb0 1ead1eb2
0663520 1eb41eb6 1eb41ebe 1eb21eb3 1eae1eb1
0663540 1ea81eb2 1eb41eb9 1eb41ebb 1eb91eb2
0663560 1eb41eb5 1eb31eb0 1eb41ea9 1eb51eb1
0663600 1eb61ead 1eb61eb5 1eb41eaf 1eb31eb3
0663620 1ebb1eb5 1eba1ebf 1ebb1ebe 1eb81eb6
0663640 1eb81eb5 1eb61eb5 1eb61eb9 1ebf1eb3
0663660 1ec11ebf 1ebb1ec1 1ebc1eb9 1ec21ec5
0663700 1ec41ebd 1ec61ec3 1ec91ebf 1ec11ec5
0663720 1ec11ec6 1ec51ec0 1ec41ec8 1ec61ec8
0663740 1ed01ec8 1ecc1ecf 1ed81ecf 1ec91ed2
0663760 1ec51ec7 1ed21ecc 1ecc1ed1 1ec71ecc
0664000 1ec91ece 1ed41ed7 1ecd1edc 1ecb1ecc
0664020 1ecc1ece 1ed41ece 1ed21ed2 1eda1eda
0664040 1ed91edd 1edb1ed6 1ede1edc 1eda1ede
0664060 1edb1edb 1ee11ee0 1edc1edd 1ee31edf
0664100 1edf1edf 1ede1ee2 1ede1ee0 1ee01edc
0664120 1edc1ee1 1ed61ede 1edb1edc 1edc1ed8
0664140 1ee51edb 1ee61ee5 1ed71ee2 1ee31edd
0664160 1eea1ee9 1ef51ef6 1eef1eec 1ef21eef
0664200 1ef01ef5 1ef91ef3 1eef1ef1 1ef21ef1
0664220 1ee91eec 1eed1ef2 1ef71ef5 1efc1ef3
0664240 1efd1efc 1ef41ef5 1efd1ef1 1ef01ef3
0664260 1f071efd 1efe1f04 1efe1efa 1efa1efe
0664300 1efc1ef7 1f021f00 1f001efd 1f061f09
0664320 1f0a1f0a 1f051f06 1f091f05 1f111f09
0664340 1f0e1f12 1f0b1f12 1f141f10 1f0a1f09
0664360 1f0e1f0d 1f101f11 1f0e1f18 1f191f14
0664400 1f181f12 1f191f18 1f141f19 1f161f1b
0664420 1f191f17 1f1b1f1a 1f171f1a 1f201f17
0664440 1f201f25 1f241f1b 1f241f1f 1f281f21
0664460 1f281f29 1f271f27 1f2b1f2d 1f2c1f25
0664500 1f291f27 1f2f1f30 1f261f30 1f2d1f2a
0664520 1f311f27 1f2b1f2b 1f2e1f27 1f291f2d
0664540 1f331f2e 1f341f2d 1f2f1f30 1f321f31
0664560 1f2f1f32 1f2f1f2b 1f2f1f30 1f341f3a
0664600 1f351f36 1f351f3b 1f351f34 1f341f36
0664620 1f2f1f33 1f2f1f31 1f321f32 1f3e1f38
0664640 1f3d1f3a 1f3c1f3f 1f391f3a 1f3f1f42
0664660 1f431f41 1f431f42 1f3b1f46 1f391f36
0664700 1f461f42 1f411f3e 1f431f3f 1f3d1f3d
0664720 1f431f3f 1f3f1f49 1f441f43 1f3f1f47
0664740 1f491f43 1f441f4a 1f461f4c 1f4a1f43
0664760 1f4b1f46 1f4b1f43 1f3f1f42 1f471f4b
0665000 1f411f3f 1f551f4d 1f551f50 1f521f4e
0665020 1f471f4e 1f481f4a 1f461f4a 1f4d1f41
0665040 1f4f1f4d 1f501f51 1f521f51 1f561f56
0665060 1f4f1f4e 1f4e1f4f 1f4e1f52 1f531f55
0665100 1f571f4b 1f521f52 1f591f56 1f521f5a
0665120 1f4f1f4e 1f581f50 1f551f53 1f561f59
0665140 1f551f56 1f4c1f4e 1f541f51 1f591f50
0665160 1f4c1f51 1f531f54 1f521f56 1f531f48
0665200 1f511f4d 1f571f59 1f581f58 1f571f50
0665220 1f561f56 1f4e1f52 1f541f5a 1f5a1f5f
0665240 1f541f57 1f5f1f5d 1f5c1f5b 1f571f56
0665260 1f5b1f59 1f521f51 1f581f59 1f4f1f4d
0665300 1f5a1f57 1f5f1f57 1f591f54 1f561f53
0665320 1f561f5b 1f541f4f 1f561f5a 1f541f51
0665340 1f571f4e 1f5c1f5b 1f591f55 1f5c1f60
0665360 1f561f5b 1f531f51 1f531f52 1f571f52
0665400 1f521f54 1f5c1f52 1f581f58 1f541f59
0665420 1f501f56 1f521f56 1f501f50 1f521f4d
0665440 1f511f53 1f511f56 1f501f4a 1f4e1f4d
0665460 1f501f48 1f521f52 1f4b1f4a 1f531f4f
0665500 1f421f4e 1f4e1f44 1f481f4c 1f521f4b
0665520 1f451f4d 1f531f4a 1f501f54 1f521f56
0665540 1f4d1f4d 1f511f4d 1f551f55 1f531f4f
0665560 1f501f46 1f501f4b 1f4e1f4e 1f561f52
0665600 1f4e1f51 1f4a1f4d 1f4c1f4b 1f501f4b
0665620 1f4e1f4b 1f4d1f4d 1f451f4d 1f531f4c
0665640 1f541f54 1f561f58 1f571f50 1f501f4e
0665660 1f511f53 1f521f4f 1f571f4e 1f591f50
0665700 1f4b1f49 1f4a1f50 1f541f4f 1f501f52
0665720 1f551f4a 1f581f55 1f521f53 1f531f55
0665740 1f5a1f51 1f641f52 1f511f5a 1f4f1f51
0665760 1f4e1f56 1f4e1f4e 1f5a1f4c 1f5f1f5c
0666000 1f5d1f5f 1f591f60 1f581f5d 1f631f59
0666020 1f5d1f60 1f5a1f5f 1f611f62 1f601f60
0666040 1f631f5d 1f5e1f62 1f621f63 1f641f64
0666060 1f661f63 1f661f61 1f631f61 1f5c1f64
0666100 1f5d1f5d 1f5f1f59 1f661f65 1f671f67
0666120 1f5e1f69 1f651f60 1f651f64 1f601f62
0666140 1f5f1f64 1f671f63 1f6e1f69 1f651f67
0666160 1f691f69 1f641f6a 1f681f6c 1f761f74
0666200 1f781f7a 1f6b1f6e 1f731f70 1f741f79
0666220 1f6c1f6e 1f6c1f70 1f791f70 1f791f79
0666240 1f771f7c 1f7f1f82 1f861f7e 1f811f7f
0666260 1f831f7c 1f861f83 1f7e1f7f 1f841f84
0666300 1f831f7d 1f871f83 1f871f88 1f8f1f8d
0666320 1f8a1f8a 1f861f89 1f851f8d 1f8b1f8e
0666340 1f8f1f8d 1f921f90 1f8f1f90 1f8b1f8e
0666360 1f891f94 1f911f8e 1f8f1f90 1f9e1f93
0666400 1f991f9b 1f931f93 1f891f93 1f931f8e
0666420 1f9a1f8f 1f9d1f93 1f971f9a 1fa21fa3
0666440 1fa61fa3 1fad1fa6 1fa31faf 1fa31fab
0666460 1fa61fa9 1fa51fa9 1fa21fa3 1fb01faa
0666500 1faa1faa 1fae1fae 1fb01fb4 1fb21fb1
0666520 1fb61fb3 1fb31fb7 1fb31fae 1fb61fb3
0666540 1fbb1fb9 1fc21fb8 1fbf1fc0 1fbf1fc3
0666560 1fbc1fc4 1fc11fc0 1fb71fb7 1fb51fbc
0666600 1fba1fbb 1fbf1fc0 1fc31fbd 1fc71fc5
0666620 1fbf1fc4 1fc51fcc 1fc81fcb 1fc91fcb
0666640 1fd31fcf 1fcb1fcf 1fcc1fc9 1fd21fd2
0666660 1fd21fd3 1fcb1fcc 1fd01fd3 1fd21fdb
0666700 1fd31fd2 1fd61fd1 1fd61fd6 1fd21fd3
0666720 1fcf1fd9 1fc51fd1 1fd81fc5 1fcf1fda
0666740 1fd71fca 1fdd1fde 1fd91fd4 1fde1fdc
0666760 1fdd1fe0 1fdb1fd6 1fd81fde 1fd71fdb
0667000 1fdc1fda 1fce1fdb 1fd01fd4 1fe41fdc
0667020 1fdd1fe4 1fe41fe0 1fe41fe8 1fdd1fdf
0667040 1fe01fe4 1fe11fe1 1fe51fe0 1fe41fe3
0667060 1fe01fe1 1fdc1fdf 1fdc1fdf 1fe41fdf
0667100 1feb1fe2 1fe81feb 1fe51fed 1fea1fe0
0667120 1feb1fe6 1fe01fe6 1fe61fe9 1feb1fed
0667140 1fed1fe6 1fea1fee 1fe81fee 1ff11fee
0667160 1fe71fef 1fed1feb 1ff21fee 1ff11ff5
0667200 1fe51fe8 1feb1ff1 1feb1ff0 1ff11fec
0667220 1fec1fed 1fea1fec 1fe21fea 1fe01fdb
0667240 1fe41fdc 1fe61fe5 1fe81fe6 1fe91feb
0667260 1fe81fea 1fea1fee 1fe91fec 1feb1fec
0667300 1fe31fe4 1fe31fe4 1fdc1fe6 1fe51fe3
0667320 1fe31fe6 1fe81fea 1feb1feb 1fed1fe6
0667340 1fec1feb 1fe81ff0 1fe51fea 1fe21fe2
0667360 1fe91fde 1fee1fe0 1fee1fea 1feb1fe8
0667400 1fea1fe4 1fea1fe8 1fe31fe6 1fe01fe6
0667420 1fe81feb 1fe31fe2 1ff11fe6 1fe41fe7
0667440 1fda1fe2 1fef1fe4 1fda1fe6 1fea1fdf
0667460 1fe11fe8 1fde1fe3 1fdb1fe6 1fe91fdd
0667500 1fe71fea 1fe41fe0 1fe71fe6 1fe81fe6
0667520 1ff01fe3 1fe91fe9 1fdd1fe9 1fd71fe2
0667540 1fda1fdf 1fd91fdc 1fe31fd9 1fdf1fe0
0667560 1fda1fe5 1fe01fe2 1fdc1fd7 1fdc1fdb
0667600 1fdf1fda 1fd71fdd 1fd61fda 1fd81fd7
0667620 1fde1fd9 1fdc1fd8 1fd81fda 1fd31fd4
0667640 1fd31fd7 1fd21fcf 1fd01fd2 1fd31fcf
0667660 1fcd1fd4 1fd01fd2 1fc91fca 1fc71fcb
0667700 1fd71fd1 1fd11fd6 1fd01fd6 1fda1fd3
0667720 1fd81fd6 1fcf1fd7 1fd21fce 1fd01fcd
0667740 1fcc1fcb 1fc91fc8 1fd11fcc 1fd31fcf
0667760 1fcd1fca 1fcd1fd2 1fcc1fcf 1fcb1fc7
0670000 1fc61fcf 1fca1fce 1fc71fc8 1fcd1fcc
0670020 1fcd1fd2 1fcd1fca 1fc71fcb 1fca1fc1
0670040 1fcc1fca 1fca1fd3 1fc91fcd 1fc71fc7
0670060 1fce1fc7 1fcd1fd4 1fca1fc8 1fc81fca
0670100 1fc91fc6 1fc81fc0 1fd31fcc 1fc91fd1
0670120 1fc81fcf 1fcb1fc5 1fc71fcc 1fc61fc3
0670140 1fca1fcb 1fcc1fcb 1fc71fd2 1fd11fc8
0670160 1fca1fce 1fcb1fca 1fc41fca 1fbe1fc5
0670200 1fc81fca 1fc61fc5 1fca1fcf 1fd41fce
0670220 1fcb1fce 1fcf1fce 1fcc1fcb 1fd51fce
0670240 1fc71fd0 1fd51fd1 1fcb1fd7 1fc41fc5
0670260 1fc51fc4 1fc71fca 1fce1fcc 1fcf1fcb
0670300 1fcc1fcc 1fce1fcf 1fd81fd8 1fd21fdb
0670320 1fd51fcf 1fd91fda 1fd11fdc 1fd91fd4
0670340 1fd91fda 1fdd1fd9 1fd91fda 1fd81fdc
0670360 1fe01fdb 1fe61fdc 1fe01fe3 1fdb1fe0
0670400 1fdd1fe1 1fd71fdb 1fdd1fde 1ff01fe0
0670420 1fe51fef 1fe31fe7 1fe91fe9 1ff61fec
0670440 1fef1ff4 1fee1fed 1fea1fed 1fe61fee
0670460 1fea1fe8 1fe81fe0 1fe01fe2 1fec1fe5
0670500 1fef1fee 1ff11ff3 1ff21ff5 1feb1ff0
0670520 1ff01fee 1ff61ffb 1ff81ffa 1ffa1ff6
0670540 1ff61ffa 20031ffb 20071fff 20052002
0670560 1ffd2000 1ffc1ffa 20011fff 200b2002
0670600 20082005 20031ffc 20032008 2006200a
0670620 2004200a 20062005 20092002 200e200b
0670640 2010200f 20192012 201b2016 201c201c
0670660 201c2013 200d200e 2015201b 201a2019
0670700 2023201b 201f201e 20202023 201a2023
0670720 201d201c 201b201c 20212021 2028202a
0670740 20282029 20202024 202c201f 2022201e
0670760 20252020 2032202c 202c2033 20392033
0671000 2031202f 2035202c 202d2030 202f202d
0671020 202a202d 20322032 20382038 20392039
0671040 203c203c 20412038 203c2039 203a2033
0671060 20412036 2036203a 203c2032 203f203b
0671100 20402042 20462044 20422041 204c2049
0671120 204c204e 204b204e 2045204b 20502052
0671140 20472047 2042204b 20462040 204c2046
0671160 204e204e 20532049 20512054 204d204e
0671200 205a205a 204e2051 204c2046 204e2050
0671220 2050204f 20542059 205a2055 20542053
0671240 204e204f 2058204f 204f2057 20532052
0671260 205c205e 20552052 20522058 20532053
0671300 2051204b 205a2053 205f2057 2060205e
0671320 2054205f 20502054 20592051 20552055
0671340 204d2053 205f2059 2067205d 2065205e
0671360 205e205d 205c205c 20642065 20652067
0671400 205f2057 20602061 2059205d 2060206b
0671420 2069206a 205d2066 20612062 205d2066
0671440 20672064 2062205e 205d205e 2060205f
0671460 20642063 20612069 2068206a 20692065
0671500 206e2064 206b206e 2075206e 20702075
0671520 206d2071 206a2068 20632066 20682069
0671540 20722072 2071206a 206e206c 2065206e
0671560 2064206b 20622065 2063205a 20622062
0671600 205c2065 20612060 20602064 2066206a
0671620 20682066 206c2067 2064206e 205f2064
0671640 205e205f 20632066 205c2061 20672067
0671660 20662063 20662060 205e2060 20642061
0671700 20602061 205f205a 20602062 2063205f
0671720 20662064 205d2062 205a205e 2059205e
0671740 205d205d 204e2052 204a2054 204f204e
0671760 20552050 205a2050 20502058 20582055
0672000 20622055 205a2054 205b205a 2052205a
0672020 20572053 20542056 20582057 20592059
0672040 205a2056 204f2053 204d204c 2051204f
0672060 20522058 2053205b 20512058 204c204e
0672100 204e2049 204f2050 2043204b 20572058
0672120 2047204f 2051204d 20422046 204d2048
0672140 204c2044 20462047 204d204b 204f204b
0672160 20472049 20422047 203f203c 20472040
0672200 2045203f 2049204d 204c2048 20472046
0672220 2047204b 2040204c 2041203f 203f2049
0672240 20422046 20472049 2049204b 20452047
0672260 203b2043 20462046 2049204f 20442046
0672300 20402047 20432043 20442046 2048203d
0672320 2047203e 203d2040 20442045 20442041
0672340 203f2039 2046203f 203e2048 20452040
0672360 2040203f 20412040 203b203c 203e203b
0672400 20432043 203b203c 20432042 2036203d
0672420 203f203d 203f203f 20442044 20472047
0672440 20492048 20482048 20482054 20432045
0672460 203d203f 20402037 203f2040 20492044
0672500 20482047 20452044 20432046 2044204f
0672520 20492045 2048204c 2051204b 204b204c
0672540 204a204c 20502053 204d2052 204f204c
0672560 204f2057 204f2056 20512054 204c204e
0672600 204f2052 204d2050 20452048 204a204b
0672620 20502055 20592054 2052205c 20562051
0672640 2053205c 205c2055 2057205a 205f2053
0672660 20562054 205d2057 20592063 205c205a
0672700 205d205c 2066205f 205f2063 20642061
0672720 2063205d 20602060 20652063 2062206a
0672740 20622062 20662062 206e206a 20742075
0672760 20762073 206b206f 2072206b 206a206e
0673000 206a2068 206f2072 206f2077 20762075
0673020 207d207d 2077207c 207c207b 20782075
0673040 2084207d 2081207f 207e2085 2077207f
0673060 20842074 20832083 20852081 207e207b
0673100 207c2082 20822080 20832082 20892085
0673120 208a2085 208e208a 20952094 2090208e
0673140 20952094 20902094 20922093 208d2089
0673160 20952090 2090208b 208d208e 20952097
0673200 20912096 20952091 20902095 208c2096
0673220 20952096 20992099 20972095 209e2099
0673240 20a320a2 20a020aa 20a3209c 209a2096
0673260 20952097 209d20a1 209a209b 20a4209c
0673300 20a6209d 20a520a4 20a620a8 209c20a6
0673320 20a2209c 20a920af 20a420a2 209c209c
0673340 20aa20aa 20a920ab 20ad20a8 20aa20ae
0673360 20a220a4 20ac20a7 20ac20ad 20ae20b4
0673400 20b120b0 20ab20ae 20b720af 20b420af
0673420 20b520b7 20af20b0 20b220ab 20b520b2
0673440 20bb20b3 20bf20b9 20ba20c4 20b620bc
0673460 20b420bc 20af20ae 20b620b2 20be20b7
0673500 20bf20ba 20bc20bb 20bc20b8 20bc20ba
0673520 20b320b7 20b020b2 20b720b8 20c320b9
0673540 20c520bd 20be20bf 20bc20c2 20c020bd
0673560 20ba20c0 20be20bc 20bc20be 20c020bb
0673600 20c020ba 20b920bf 20c020b6 20b920c5
0673620 20b720ba 20ca20bc 20c420c6 20c920c6
0673640 20bd20c6 20bc20bd 20c220c2 20c720cf
0673660 20cc20c4 20d120cf 20c420c8 20cb20ca
0673700 20c720c3 20c820bf 20c820c8 20c620c7
0673720 20c720c9 20c520c2 20c720c6 20c820c7
0673740 20d320d2 20cb20d2 20ca20ce 20c820ca
0673760 20cd20cd 20d420c6 20d620d7 20d420cd
0674000 20cb20d0 20d220cf 20cc20ce 20cb20c8
0674020 20c820c7 20ca20c2 20d120cc 20ca20cb
0674040 20d120ca 20d320cf 20ca20c6 20d320cf
0674060 20cc20c9 20d220d1 20ca20d4 20c820d1
0674100 20ce20ca 20c820ca 20d520cf 20d220d2
0674120 20de20d8 20d420d4 20d320ce 20d920d9
0674140 20d520cd 20d420d5 20c520cf 20cf20d7
0674160 20cf20d6 20d120cc 20ca20cb 20d220ce
0674200 20cd20ce 20ce20ce 20cd20ce 20c920c4
0674220 20c620cb 20be20c1 20c520ca 20c920c6
0674240 20c520c1 20c220c6 20c120c0 20c620c5
0674260 20c520cb 20c120c6 20ca20c5 20c720c6
0674300 20c520ca 20be20c5 20b820b9 20be20b2
0674320 20b720c1 20c220c6 20c420be 20bc20c3
0674340 20c720c5 20c120c7 20c020c6 20c020be
0674360 20ba20ba 20bf20bf 20b820bb 20b920b9
0674400 20c220bb 20bf20c1 20bf20bf 20bc20c3
0674420 20ba20c1 20ba20bd 20b520b9 20bd20ba
0674440 20b720ba 20bf20c3 20c820c1 20bc20ca
0674460 20be20c2 20b720b5 20ba20bb 20ba20b6
0674500 20ba20b9 20bc20b8 20b520bd 20b720b4
0674520 20bb20af 20bb20bd 20ba20bd 20bb20c2
0674540 20b820bc 20b920be 20c020b5 20b720bc
0674560 20bf20c6 20be20bb 20be20b7 20bc20af
0674600 20bb20be 20b820bf 20c020ba 20be20c1
0674620 20c420bb 20c520c2 20c220bf 20bf20c0
0674640 20bf20c0 20ba20bd 20c120bc 20b620b9
0674660 20bb20be 20b420b7 20b820b8 20b520bb
0674700 20bf20b3 20bb20bb 20bc20bb 20bf20bc
0674720 20ba20be 20b620be 20c220bf 20c620c2
0674740 20c720c3 20c120c0 20c220bb 20b620bd
0674760 20c320be 20ca20bf 20c420ca 20c320c9
0675000 20c120bf 20ce20c1 20cc20c2 20cd20ca
0675020 20cb20cb 20ca20d1 20cd20ce 20c820c1
0675040 20ce20cb 20c820d5 20c720c2 20cd20ce
0675060 20ce20ca 20c720c6 20ce20ce 20d320ce
0675100 20cf20cd 20dc20d3 20d620d2 20de20dd
0675120 20e220e3 20d920dc 20dd20de 20db20da
0675140 20d720d6 20de20d5 20e020e2 20dd20dd
0675160 20df20d8 20d720dd 20db20dd 20dd20df
0675200 20db20de 20e420de 20d720db 20db20e0
0675220 20d920d7 20d920d5 20da20d9 20df20e2
0675240 20df20e2 20e320e5 20e620e5 20e320e6
0675260 20e720e3 20eb20e3 20ec20e6 20e220ea
0675300 20e820e6 20e420ec 20ef20ec 20f020e6
0675320 20eb20ed 20f220f2 20f220f2 20f420ed
0675340 20ef20f6 20ec20ee 20ee20e8 20ee20f4
0675360 20f820f5 20f620f5 20f620f3 20ef20f0
0675400 20ef20ec 20f420f1 20ec20ef 20f720ee
0675420 20f720f9 210020fb 20fc20fc 20f820fa
0675440 20fa20ff 20ff20f6 210520f6 21032102
0675460 210320fc 20fb20fb 20fc20fa 20f720fc
0675500 20fc20f6 20fa20f6 210120fc 20fd20fc
0675520 20fb20f9 20fd20fc 21022100 210420f8
0675540 20fc20f7 20fe2104 20fd20fa 21072107
0675560 21072105 21062100 2106210d 2109210d
0675600 2109210e 21042108 210a210d 2105210c
0675620 21042109 21002109 20fe2103 21012100
0675640 21082103 210a210b 21042100 20fe2104
0675660 21002104 20f920fc 21012100 20fd20fd
0675700 210820ff 20f72100 21032103 20fc2108
0675720 210a2107 210f210c 2106210f 21052105
0675740 21032104 21072107 210c2107 21072108
0675760 21072101 20ff2104 21022103 210220fd
0676000 21032107 210a210e 21052105 21082106
0676020 210020f8 21092101 210b210e 210c210f
0676040 21032108 210320f7 210320fd 21022101
0676060 21022102 210a2108 21082105 21012105
0676100 21062107 210a210c 21092109 2111210c
0676120 2105210d 210b210a 210e2113 21072110
0676140 21092109 210e210b 210a210f 21092109
0676160 21062106 210f2105 210a210b 21052104
0676200 210a2107 2108210c 20ff2101 210e2111
0676220 2110210d 210b2108 2107210b 21062103
0676240 21022104 20fa2104 20ff210f 21022100
0676260 20ff20ff 21022102 21002102 20fe2100
0676300 21062101 21062103 21062103 210a2107
0676320 2107210d 210a2109 210520ff 21092104
0676340 21052108 21042102 21002103 20f920f9
0676360 20f620f8 20f720fe 20fc20fc 20f820fc
0676400 21042103 20fb2101 20fc20fd 20f620fc
0676420 20fb20fe 21012102 20f620fa 20fa20fa
0676440 20f720f8 20f420f3 20f720f9 20f820f6
0676460 20f720f8 20f620fa 20f620fa 20fa20f7
0676500 20ef20f6 20f120fc 20ef20f2 20ed20e9
0676520 20fa20fa 20f020f0 20f420ed 20eb20ec
0676540 20ef20f5 20f720ed 20ec20ef 20f020f6
0676560 20f320f8 20f220f4 20f120f5 20f820f4
0676600 20fa20f5 20f420f6 20f320f3 20ee20eb
0676620 20ec20f2 20e720e9 20ea20ef 20f120ed
0676640 20f820f8 20f720f4 20f620f3 210020fb
0676660 20f420f3 20f520f2 20fb20f6 20fb20f8
0676700 20fd20fd 20f420f7 20f720f7 20f720f4
0676720 20f420f5 20f620f6 20f720f5 20fd20f9
0676740 20fd20f9 20f520fe 20fa20f9 210120fa
0676760 210720ff 20f72100 20fe20fd 20f920fe
0677000 210020fb 20fe20fd 20f320fb 20fc20fa
0677020 20fe2100 20fd20fd 210020f8 20f92101
0677040 210220fc 21052101 210420ff 210a20ff
0677060 21012106 20fe20ff 2104210a 21062101
0677100 210b2101 210a2110 21042102 21072101
0677120 210d2110 210c210e 21012106 21032105
0677140 20fd2104 20fc2100 210a2101 2118210e
0677160 21142119 210b2114 210b210a 2115211a
0677200 210d2111 210c2112 210a210c 2110210b
0677220 2111210e 21142114 211e210c 2112211b
0677240 211c210e 2115211b 211c2118 211f2123
0677260 211b2118 211c211f 2122211e 21262120
0677300 21292129 212d2128 211e2127 2124211f
0677320 21252123 212c2128 212d212b 21292129
0677340 2129212d 21292127 212d212d 212f212e
0677360 212e212d 21392134 21392132 213c213a
0677400 213c213b 21342132 21382135 2136213a
0677420 213d213a 2136213a 21312135 21352130
0677440 213b2138 213d213b 2141213d 213d213e
0677460 2145213d 213f213d 21442147 2148214a
0677500 21422143 21462147 214b214d 21472156
0677520 214e2150 21452151 2148214b 21452143
0677540 213f2149 214b2146 214b2144 2155214b
0677560 21532155 21532150 215e215e 2153215a
0677600 2152214c 21492151 2156214f 21502150
0677620 215b2158 2157215c 21542160 21542152
0677640 21592155 21602157 21602160 2159215d
0677660 21522158 215b215e 215d2154 215a215f
0677700 215e2160 215e215e 21602162 2161215b
0677720 2158215c 215b215d 215a215f 21582155
0677740 2156215a 216b2166 2166215f 216d216a
0677760 21682169 21642165 21692167 2167216d
0700000 00003fe8 0001000a 01003fe8 000afe3d
0700020 00000004 00000000 63e50c6e 00000043
0700040 00000001 00001004 00003fe8 00000000
0700060 00001004 0001000a 00010000 03b1600d
0700100 00000ffc 0001000a 1400003c add01f00
0700120 add01f01 add01f02 add01f03 add01f04
0700140 add01f05 add01f06 add01f07 add01f08
0700160 add01f09 add01f0a add01f0b add01f0c
0700200 add01f0d add01f0e add01f0f add01f10
0700220 add01f11 add01f12 add01f13 add01f14
0700240 add01f15 add01f16 add01f17 add01f18
0700260 add01f19 add01f1a add01f1b add01f1c
0700300 add01f1d add01f1e ff000134 00000020
0700320 00000002 aac32fb4 00000001 deadbeef
0700340 f0000002 aac32fa0 2a00b5ee 00000000
0700360 00000134 00001f48 a010048a 21f821a9
0700400 21f821fc 21f421fb 21fc21f8 21fb2200
0700420 21fa21fa 21fb2201 220221fb 21f921ff
0700440 21f421fc 21fc21fc 21ff21fc 220321f9
0700460 21f921fc 22022203 21fa2203 21f821f9
0700500 21f721fa 21f521f5 21f721fb 21f721f6
0700520 21fc2200 21f621f5 21fe21fd 21fc21f7
0700540 21f821fb 21f921f8 21f921fb 21f721fc
0700560 21ef21f8 21f521f8 21f221f2 21f121f6
0700600 21f221ef 21f921f2 21fe2202 22022203
0700620 21fd21fc 22002203 21f92203 21f52203
0700640 22032200 22002200 21f42200 21f621f5
0700660 21f821f3 21fc21f7 220221f7 21fa21ff
0700700 22082200 21f721fd 220021f9 220221fb
0700720 220021ff 21fb2201 21fb21ff 21fe21fb
0700740 21f421f8 21f521f9 21f421f7 21f021fa
0700760 21f721f6 21f721f4 21f321f6 21f821f5
0701000 21f721fa 21f921f5 21fa21f9 22022200
0701020 21f821fd 21f221f3 21ee21f4 21f321ec
0701040 21f321f2 21ed21f0 21c321d6 21b121b7
0701060 21a321ab 219c21a2 219b21a3 21a62195
0701100 219e21a0 219c219b 219a21a0 219b219c
0701120 219a21a1 219f21a0 21952196 21952192
0701140 21962191 2193219b 219c219f 219d21a1
0701160 219c2198 2196219f 219d21a3 219a219d
0701200 21a521a4 21a721a1 21a421a3 21a621aa
0701220 219e21a0 21972197 21972198 219b2194
0701240 219c21a1 21a221a4 21a5219b 21af21a6
0701260 21a821ad 21ac21b0 21b021af 21ae21ac
0701300 21ac21ad 21ab21a9 21aa21ad 21a721ac
0701320 21ab21ac 21b121b2 21a721b6 21ad21b2
0701340 21b121b3 21b321a9 21b021b5 21b121b4
0701360 21a621b1 21ad21af 21ad21b0 21ac21b3
0701400 21aa21ae 21ad21ad 21b221ad 21b121ae
0701420 21ab21ae 21ad21ac 21af21ad 21ae21a8
0701440 21af21a6 21ab21ae 21b621b2 21ba21b9
0701460 21bf21ba 21bd21bb 21bb21bc 21b721bb
0701500 21b921b7 21ba21b8 21bc21b9 21b521ba
0701520 21b621b5 21b021ae 21b021b1 21af21ae
0701540 21b521b0 21b521ae 21b921b9 21b721b9
0701560 21b621b4 21bc21b4 21ba21b4 21af21ba
0701600 21b321af 21b721ba 21bd21b5 21b521b8
0701620 21b321b4 21b521a7 21ac21b0 21bb21b2
0701640 21b221b9 21b921b4 21be21b7 21b321bb
0701660 21b121ad 21b421b4 21b421ba 21b321b7
0701700 21b621b0 21b421b0 21b721b6 21ba21b3
0701720 21af21b6 21b321b0 21b221b3 21b321b4
0701740 21b521b5 21ac21af 21b421a8 21b821ad
0701760 21b321b1 21bd21bb 21af21b4 21a821ab
0702000 21ab21a8 21a921ab 21a321a6 21a921a4
0702020 21b721ab 21ad21ae 21a721ac 21ab21a9
0702040 21b621ac 21b421b4 21b521b5 21aa21b3
0702060 21ab21b1 21ae21ae 21b121a8 21b521b7
0702100 21b021b7 21ad21b1 21b221af 21b021ae
0702120 21b121a9 21b121b3 21b421bb 21b721b5
0702140 21b521b1 21ae21aa 21ad21ab 21a621a9
0702160 21a521a4 21a721a2 21a921aa 21a421a6
0702200 21ae21b3 21af21a9 21a921aa 21a921ad
0702220 21ab21a9 21ae21b3 21a821b3 21a721a3
0702240 21b021aa 21af21ad 21b321af 21b421b4
0702260 21b421b6 21b321b9 21b721b8 21ba21b6
0702300 21bb21ba 21b821b8 21b221ad 21b521b4
0702320 21aa21ad 21b021b6 21b621b0 21b621b6
0702340 21ae21b6 21b821b5 21b621b5 21b921ba
0702360 21bd21bc 21bb21bc 21ba21b9 21bd21bb
0702400 21bf21bc 21b721bc 21bc21c2 21b821bd
0702420 21b921bd 21bd21b4 21c821c3 21c421c8
0702440 21c021c8 21bc21c1 21b921bb 21ba21b6
0702460 21ba21ba 21b821c0 21be21b9 21c221b5
0702500 21bd21b9 21bf21c0 21bc21c6 21bf21c4
0702520 21c121c6 21bd21bf 21bc21bd 21c121bd
0702540 21c121c3 21bf21bf 21c321bf 21c821c1
0702560 21c721ca 21c321c8 21c121c4 21be21be
0702600 21c721c2 21cc21c9 21c721c5 21c521c5
0702620 21c321c6 21c621c1 21c621cd 21c121c5
0702640 21be21bd 21c321c0 21c121c5 21c821c8
0702660 21c321c0 21c421c0 21c221c1 21c721bf
0702700 21c821c7 21d421c9 21cc21cb 21cb21cb
0702720 21d021d1 21d121d3 21d621d6 21d621cf
0702740 21d321ce 21d021c9 21d421d8 21d221d7
0702760 21d221d6 21ce21ce 21c621c9 21cd21d0
0703000 21cc21cd 21d221d6 21ca21d2 21cc21ce
0703020 21d721ce 21d521d9 21d421cd 21cc21d6
0703040 21c721c3 21d421ce 21d621d8 21d121d5
0703060 21ce21d5 21c921c8 21ce21cd 21d521cc
0703100 21d221d3 21cb21cb 21d021ca 21ca21c8
0703120 21d021d1 21c721ce 21cc21d1 21d021d0
0703140 21dc21d8 21d021cf 21d321d1 21ce21d4
0703160 21d221cc 21d321d3 21ca21cf 21cb21ca
0703200 21d021c8 21cc21ce 21cb21cd 21d321cd
0703220 21d221d1 21ce21d6 21c921d0 21d221ca
0703240 21d021d3 21d221d2 21d421d1 21cc21d2
0703260 21d221d6 21d521cb 21ce21ce 21d221d2
0703300 21cd21d3 21cb21cd 21d021c7 21ca21c7
0703320 21c121c6 21c521cf 21d021d7 21d021cd
0703340 21d321ce 21cf21cf 21c821cb 21c921cc
0703360 21c921cf 21cb21c6 21c821be 21c421c7
0703400 21cc21cf 21cb21c8 21cd21ce 21cd21cb
0703420 21cd21d1 21ce21ce 21cc21cb 21c921ca
0703440 21c021cc 21cb21c9 21c621c7 21cf21cf
0703460 21cf21cd 21cc21c9 21c421c7 21cf21c3
0703500 21c921cb 21ce21cc 21ce21c9 21c821c6
0703520 21ce21c7 21c921c6 21c821c7 21d121cd
0703540 21ca21d2 21cf21cd 21c821c7 21c821c6
0703560 21c921ca 21c721c7 21c721c9 21c621c6
0703600 21ca21c4 21bf21cc 21c221c3 21c221c6
0703620 21cb21c4 21c721c5 21bf21bf 21c621c3
0703640 21cf21cc 21c321c7 21cd21c3 21c721c0
0703660 21c421c7 21c621c3 21c121c2 21c721c1
0703700 21c521c0 21c321c7 21ca21c9 21c021c2
0703720 21c321c3 21c521c4 21c721c7 21c721c6
0703740 21bc21c7 21c221b8 21b721bb 21bc21b7
0703760 21b721b3 21b721ba 21bd21bc 21c021bd
0704000 21b621c1 21b221b1 21bc21b9 21ba21b2
0704020 21b521b4 21ba21bb 21b321b8 21ba21bb
0704040 21b121ab 21b421af 21b921ba 21bb21bb
0704060 21b521b8 21bb21ba 21af21b0 21ac21ad
0704100 21b121af 21b121ab 21b021b4 21b321af
0704120 21a721af 21ab21ad 21ac21ab 21ae21a9
0704140 21af21ac 21a721b0 21a721aa 21a521a6
0704160 21a821a1 21af21a9 21a421ac 21af21ac
0704200 21ab21b1 21ac21a8 21ad21ab 21ab21ae
0704220 21ab21ab 21ab21a7 21ac21b0 21a421ac
0704240 21a721a8 21a221ac 21a621a4 21a521ae
0704260 21ac21a4 21ac21aa 21a721a9 21aa21a5
0704300 21a021a6 21a5219d 21a4219e 21a821a8
0704320 21ab21a4 21ac21aa 21ad21ab 21a721a8
0704340 21a921ad 21b121b0 21ab21a5 21a121a8
0704360 21a421a1 21a921a9 21a621a4 21b021b1
0704400 21b021b4 21a721ae 21b221ae 21ae21ae
0704420 21b021af 21ac21ad 21ad21b2 21aa21ab
0704440 21aa21ab 21a921a5 21a121ac 21ab21aa
0704460 21b021ac 21a621aa 21a921a5 21b621b5
0704500 21ad21b3 21b021ae 21b521ab 21b321b4
0704520 21b721ad 21b121b5 21b621b6 21b321b2
0704540 21ae21b1 21b221ac 21ab21b4 21b621b7
0704560 21b821b7 21af21b3 21b121b4 21bc21ba
0704600 21c021bf 21bd21bb 21b621b6 21b821ba
0704620 21bb21b7 21ba21b7 21b721ba 21be21bb
0704640 21c021b9 21c221bb 21b721bf 21c021bd
0704660 21bd21bc 21b621bc 21c221c1 21c621c0
0704700 21be21c6 21ca21c2 21bf21c1 21c421c4
0704720 21c421c0 21b821bc 21be21bc 21bc21c5
0704740 21bf21be 21c421c5 21cb21c2 21cb21c9
0704760 21ba21c8 21c621c4 21c121c7 21ca21c8
0705000 21cb21ca 21ce21ca 21d121c9 21ca21d2
0705020 21d121cb 21d221d3 21c821ce 21d121ce
0705040 21cf21d4 21cc21cf 21cd21ca 21d021cb
0705060 21d121cc 21dc21da 21d721d5 21d421d6
0705100 21da21d5 21cf21da 21cf21d3 21d921d9
0705120 21da21d4 21df21dd 21da21dc 21e721dc
0705140 21e721e0 21e121e3 21e421e5 21de21e0
0705160 21e521e8 21dd21e2 21e421db 21e421e4
0705200 21ec21e4 21e621ed 21e421ea 21ea21e2
0705220 21e821ec 21ec21e2 21de21eb 21e721df
0705240 21f121ea 21f021e8 21e821f0 21e621e8
0705260 21f121ea 21ef21ef 21eb21ee 21e921e7
0705300 21ea21e8 21e821ef 21f321ef 21f421ed
0705320 21f521f2 21ef21f6 21ec21f1 21f421e7
0705340 21f021ec 21f021ec 21f221f2 21ed21ed
0705360 21f221e6 21e921f0 21e821e9 21ee21f4
0705400 21f321f1 21f721f9 21ef21f1 21f121f0
0705420 21f621f1 21ed21e6 21fe21ee 21f921fa
0705440 21f921fe 21fb21fe 21ec21f2 21f021ed
0705460 21f021f9 21f221f7 21fa2202 21f421f0
0705500 21fd2201 21f921f9 22012208 21fd21fb
0705520 21f321f7 21f821f0 21f721f6 21f421f5
0705540 21f221fb 21f221f2 21f221f8 21fb21f6
0705560 21f221f5 21f221f7 21f421f2 21f221f0
0705600 21f621f2 21f121fd 21f621f2 21f721fa
0705620 21f021f0 21f221f1 21f921ee 220421fd
0705640 22072205 22082201 21fe2201 21fd2203
0705660 220421fd 22052202 21fa21fb 21fa21ff
0705700 220321fa 22062202 220c2201 21fe21f8
0705720 220121fe 21f221fb 21f621f4 21f621f6
0705740 220021fe 21f421f2 220021f7 21f621fd
0705760 21f421f5 21f421ee 21f121eb 21f021f1
0706000 21f221f2 21f421fa 21f221f2 21ee21f2
0706020 21f121f1 21ea21f2 21f921ef 21f621fd
0706040 21f921f3 21f621f9 220121f5 21ff21fe
0706060 21f521f4 21ed21f5 21e721ec 21ee21ea
0706100 21e421e8 21ed21f3 21ec21ed 21e921ee
0706120 21f721f0 21ef21f1 21f221f0 21e821e4
0706140 21ea21f0 21e521eb 21e321e8 21e621e4
0706160 21e521e0 21e621ec 21e621e6 21e621e6
0706200 21e521ea 21e321ee 21e821e0 21e521e5
0706220 21e221db 21e421dc 21e121e4 21d621dd
0706240 21df21df 21d421d6 21d721d7 21d521d0
0706260 21d321d6 21d721d7 21d221d7 21d921db
0706300 21db21d5 21d721dc 21da21d9 21d221d8
0706320 21d321d3 21d321d2 21d321d9 21d421cc
0706340 21c621cf 21d121d2 21d721d1 21d121d5
0706360 21d121d0 21c621cf 21c521c3 21c121c1
0706400 21c621cb 21c221c6 21c721c7 21c721be
0706420 21bf21be 21c321c3 21bf21c3 21bf21ba
0706440 21bb21b8 21b821ba 21b521b9 21b521ba
0706460 21b821b8 21c521bb 21bd21be 21c021ba
0706500 21be21bf 21bc21bd 21be21bb 21bc21bb
0706520 21b121b5 21b821b8 21af21af 21af21af
0706540 21b221b1 21b821b8 21b521b7 21bc21b5
0706560 21bc21b4 21bd21b9 21b721b9 21b621b6
0706600 21b621b2 21b521bb 21b421bb 21b521b4
0706620 21b921b2 21ba21bd 21b321b8 21b421ad
0706640 21af21ad 21af21ae 21b321b4 21af21ad
0706660 21ac21ae 21a721ae 21b121b0 21ac21a8
0706700 21b021a8 21aa21a9 21b521a6 21b321ab
0706720 21b121b3 21ab21a5 21ab21b1 21ae21ac
0706740 21b721b7 21ad21b3 21a921a7 21b621ae
0706760 21b621b1 21b321b6 21b921b4 21bd21b9
0707000 21ba21b5 21b521bc 21b021b9 21ac21b6
0707020 21a621a9 21a121ab 21b121a9 21ae21af
0707040 21b621b6 21b321b4 21b821c2 21ae21b3
0707060 21ae21b6 21ba21ac 21b721b6 21b821b8
0707100 21bb21bb 21bc21bf 21b621bd 21b821ae
0707120 21b621b2 21bf21b6 21c421c4 21c621bc
0707140 21c021c3 21bd21c1 21c221c4 21c021bf
0707160 21c321c1 21be21b7 21c421c4 21bf21c0
0707200 21c421c0 21c821c9 21cb21c6 21c121c6
0707220 21bb21bf 21b721ba 21c021b8 21c221bf
0707240 21c721c6 21c421c5 21c321c8 21bd21bf
0707260 21cb21c4 21c821c6 21c821cc 21d021cd
0707300 21cb21d1 21cf21c7 21c821d0 21cd21d0
0707320 21d521cf 21ce21d1 21cd21cb 21c821cf
0707340 21d221ce 21d721db 21d521d8 21d921da
0707360 21d421cf 21d821d8 21d721db 21d621d9
0707400 21d721d3 21db21da 21e321e0 21e321e1
0707420 21d521de 21d821cf 21e021cd 21d821d8
0707440 21dc21d1 21e121e4 21dd21e3 21e821df
0707460 21e021ec 21e621e4 21e121eb 21e921db
0707500 21e121e6 21dc21e7 21e421da 21e321e6
0707520 21e521e5 21ea21e9 21e421e8 21e621ec
0707540 21ec21ea 21ea21e8 21e821e5 21eb21ea
0707560 21f421f4 21f721f9 21f621f9 21f021f2
0707600 21ef21f3 21ec21e9 21f421ec 21f021f1
0707620 21ec21ef 21f221f0 21f921f8 21f321ef
0707640 21f421f0 21f121ed 21ef21f0 21fc21f5
0707660 21fc21fb 21f821f6 21fc2206 21f621f9
0707700 21f321f2 21f321f7 21f021ea 21fd21fd
0707720 220021fd 22002201 21f721fb 21f921f0
0707740 21f521f9 21fa21fa 21fb21ff 21fa21ff
0707760 21f621f4 21fa21f4 220221fd 22052208
0710000 21fd2203 21fe2200 21f921ff 21fd2203
0710020 21fe220a 22012200 21ff2205 21fa21fe
0710040 220021fc 22022202 22052204 21ff2205
0710060 21fe21fd 22052203 22012206 21fd2204
0710100 220021fe 220021fd 21ff2200 220021fc
0710120 21ff21ff 220221fe 21fc2201 21ff2202
0710140 21fb2206 22092201 22042208 220321f7
0710160 22012206 22042203 220b2203 22042204
0710200 220621ff 21fe2204 22002202 21fe21fe
0710220 220421fc 22052203 21ff2201 22032203
0710240 21ff21ff 220021ff 21f721fc 220021fc
0710260 220121fc 22072205 22092206 22062207
0710300 22042209 22062208 22052207 2209220c
0710320 2203220e 22042204 2208220e 220521ff
0710340 21fa21fe 21f521f9 21f821f8 21fe2200
0710360 22002203 21ff2200 21fd21f8 21fc2202
0710400 21f821f9 21f821f9 21fc2200 21f921f9
0710420 21fa21fc 21ee21f4 21f121eb 21f221f0
0710440 21ef21eb 21eb21f6 21f121f1 21f421ef
0710460 21ef21ef 21ec21f0 21e021e6 21ed21f1
0710500 21f021ec 21f721ea 21ef21f3 21e821ed
0710520 21e721ef 21e521e7 21eb21e8 21e021e7
0710540 21dd21e1 21d721e1 21e021d8 21e021db
0710560 21dd21df 21da21e4 21dd21e0 21da21dd
0710600 21d821d3 21dd21dc 21d321da 21de21e0
0710620 21e121df 21d521d7 21d621d2 21cf21d1
0710640 21d521d1 21d521d2 21d521d8 21c621d5
0710660 21d221ce 21cb21d7 21d421d5 21d721d1
0710700 21db21cf 21ce21d3 21ce21d5 21ca21d1
0710720 21ca21cd 21ca21cb 21c821c7 21c921c3
0710740 21c221c0 21c521c6 21c721bf 21b721bf
0710760 21b821be 21c221bd 21bc21c0 21c021c1
0711000 21be21c0 21bd21bb 21bc21b9 21c121bf
0711020 21c521bf 21b921c2 21b621bb 21c021bb
0711040 21c321bd 21c421bd 21bb21c7 21b721bb
0711060 21bd21bb 21be21bb 21ba21b9 21b021b6
0711100 21ba21b3 21b821b4 21b921b3 21b221b5
0711120 21ac21ac 21b521b7 21ad21af 21b321b1
0711140 21b321af 21af21b0 21ad21b3 21b121b0
0711160 21b221b2 21b121ac 21b421b2 21b521b6
0711200 21b021b3 21b621b3 21b421b2 21b321b7
0711220 21b321b0 21ad21b2 21ad21b2 21b821b5
0711240 21bc21be 21bb21b9 21bb21bc 21b721b4
0711260 21af21b6 21b721b6 21b821b6 21b421b5
0711300 21b521ae 21b721b1 21bb21bd 21be21b9
0711320 21b721bf 21b321b7 21b021b2 21af21b4
0711340 21bd21ba 21b121b0 21bb21b6 21be21bc
0711360 21bb21b9 21bd21b5 21ba21bd 21bd21b7
0711400 21b421bd 21c121c0 21c221b7 21ba21c2
0711420 21b821bb 21bb21c1 21bd21c1 21c121bd
0711440 21bc21c0 21be21be 21c421c4 21c321c8
0711460 21be21b9 21c321c1 21c321bc 21c521c5
0711500 21c221c7 21c121ca 21c121bf 21c521c1
0711520 21c521c3 21cc21c5 21ce21c9 21d121c8
0711540 21c821c9 21c821c8 21ce21d0 21d221d0
0711560 21c821cc 21ca21c8 21ce21cd 21ce21d4
0711600 21cf21d1 21cf21d0 21d521d4 21d021d5
0711620 21d621d7 21d021d6 21d421d3 21d621cf
0711640 21d221d6 21d021d5 21d521da 21d421da
0711660 21da21d7 21d421d3 21d021cc 21ce21ce
0711700 21dc21d6 21dd21d7 21d621d9 21d621dd
0711720 21d421d8 21d221d7 21dc21db 21d421d8
0711740 21de21d7 21da21da 21e121e1 21e121dd
0711760 21dd21dd 21dd21e3 21df21e3 21e621e4
0712000 21e821e0 21e621e0 21e621ea 21de21e2
0712020 21dd21e3 21e021df 21dc21e2 21de21df
0712040 21e521e0 21da21e1 21ef21db 21e921e6
0712060 21e721e7 21eb21ee 21eb21e3 21ee21ed
0712100 21f421f0 21ee21ec 21ed21f3 21ec21e3
0712120 21eb21e6 21ee21f0 21fa21f7 21f521f7
0712140 21f121f5 21f221f2 21f921fc 21f821f7
0712160 21f521ff 21f121f5 21f621f0 21f621f2
0712200 21f221f4 21f521f9 21fb21f6 220121f6
0712220 22032207 21f621fe 21f921fa 220221f7
0712240 21f921fb 21f521f3 21fb21fe 220121fc
0712260 22042201 220a2200 22072208 21fc2202
0712300 21f821fb 21fa21fb 21ff21fe 21fc21ff
0712320 220821ff 22082208 2209220a 22092203
0712340 22072205 2206220c 2212220f 220a2205
0712360 22102208 22012202 220a2208 2209220c
0712400 220c2206 22032208 22042208 22022204
0712420 22052209 220c2208 220b2206 220c2204
0712440 22052205 220e2211 220c220f 220a220a
0712460 2209220d 2204220f 2208220e 2207220c
0712500 220a2205 22062208 22052208 2212220b
0712520 2207220c 220c2200 22042205 22002205
0712540 22022206 22032204 220c2211 22092208
0712560 220b2210 2205220e 22062208 22082205
0712600 22022203 22072202 220e21fd 22022209
0712620 220321fd 21fd220a 22092205 22072204
0712640 21fe2205 22022200 21fe2200 21ff21ff
0712660 21f521fc 21f521f8 21f321ee 21f821f0
0712700 21ee21f8 21fa21f5 21f521f3 21fa21f8
0712720 21f721f8 21f021f4 21f721f7 21f321fc
0712740 21f521ef 21ee21ee 21f221ec 21f321f5
0712760 21f521ef 21eb21eb 21e421e8 21eb21e6
0713000 21e921e7 21e221ea 21e721e1 21ed21e5
0713020 21e921eb 21ee21ee 21e321e8 21e321e2
0713040 21ee21e7 21e921ef 21e921ea 21e421e4
0713060 21de21d1 21e121ed 21d721de 21dc21e2
0713100 21df21de 21d821dc 21db21e0 21de21d6
0713120 21e121ee 21e321dc 21d821da 21d721dc
0713140 21db21df 21d621da 21d621d6 21cf21d7
0713160 21cb21d4 21d021cd 21c821d3 21ca21c6
0713200 21d421c5 21d021ce 21d221d5 21d121d5
0713220 21cb21d6 21cc21cc 21cb21ce 21cc21c2
0713240 21d421d0 21c621c9 21d621cc 21d321c9
0713260 21d821d6 21d421d7 21c821cf 21ca21c8
0713300 21c921c5 21c921c9 21cc21c9 21cd21ca
0713320 21c721bf 21d021c6 21ce21d6 21cb21c9
0713340 21c921d0 21c821c8 21cf21cc 21ca21d1
0713360 21c321cc 21c021c2 21cf21c3 21d021cb
0713400 21cd21cb 21be21ce 21be21bf 21c721c2
0713420 21b621c2 21bd21bd 21ca21c6 21c421ca
0713440 21cd21bf 21c821cd 21cf21cc 21c621ca
0713460 21ca21c5 21c521c2 21b921c0 21bf21be
0713500 21c821c2 21c221c6 21c521c2 21bc21c6
0713520 21c521c3 21bf21c2 21c121bc 21bc21c2
0713540 21c821c2 21c721c5 21cb21c5 21c221c4
0713560 21cb21c5 21c321c7 21bf21c6 21c821c1
0713600 21c421c6 21ca21be 21c321cb 21c121c5
0713620 21cc21cb 21c721c7 21cb21c6 21cb21cc
0713640 21c421ca 21cb21cb 21c121c6 21c021bf
0713660 21c821c6 21cd21c6 21c221ce 21c121c8
0713700 21cc21c3 21c721c7 21be21bd 21c121c0
0713720 21c021c5 21c221c4 21ca21c0 21cd21c9
0713740 21d221d0 21cf21d1 21d221cb 21d321cf
0713760 21cf21c9 21ca21cc 21d021d1 21cc21d1
0714000 21d021d0 21cd21d0 21d421c8 21c921ca
0714020 21c521cc 21ca21c8 21c421cb 21c821c8
0714040 21d521d1 21c621cc 21d421c6 21c821ce
0714060 21c921d2 21cb21ca 21d021c9 21d021ca
0714100 21cb21cb 21cb21d1 21d221cb 21d321cc
0714120 21d321d3 21d221d2 21d621d7 21d321d3
0714140 21da21d3 21de21db 21d821e3 21d721dd
0714160 21d421d8 21d821d2 21dc21d8 21d321dd
0714200 21d521de 21de21db 21df21de 21e521e0
0714220 21e521e4 21ea21e9 21e721ed 21e221dc
0714240 21dc21e1 21e321dd 21dd21df 21df21e2
0714260 21e721e7 21e121e3 21df21e4 21e721e2
0714300 21e421e5 21d921e4 21e521db 21da21e3
0714320 21de21db 21dc21e0 21e321e4 21db21da
0714340 21de21dc 21eb21e5 21ec21f0 21e821eb
0714360 21e321e6 21dd21e4 21e121e5 21e321e8
0714400 21ec21e9 21ea21ee 21ec21e9 21f021e9
0714420 21f321ef 21f621ef 21f921f1 21ec21f2
0714440 21f021ef 21f621f5 21f921f5 21f821f5
0714460 21f621f8 21f521fe 21fa21f9 21ff21f6
0714500 21f721f8 21f721f6 21fd21fd 21f921fc
0714520 21fd21f9 21f821f9 21fb21fe 21fc2201
0714540 21f721f7 21fc21fb 21fc21fb 22032202
0714560 22052200 22022207 22082200 21fd2206
0714600 21ff2203 21fc2202 220b2200 220321ff
0714620 22022203 220021ff 22002204 22032205
0714640 22042200 220221ff 2209220b 22032201
0714660 220221ff 21ff21f8 220321fd 22002202
0714700 22062206 22052205 220021fe 22002204
0714720 22062209 220d2210 22142210 22072206
0714740 220d220f 2209220c 220a2207 22012206
0714760 22062202 2208220a 2201220a 22042204
0715000 2203220a 22092203 220e220b 2210220e
0715020 220a220e 2204220f 22032206 22092207
0715040 22012201 220a2202 22072204 22052201
0715060 22032204 2203220a 22022207 22012201
0715100 21fe21fc 220321ff 220321fd 21fe2201
0715120 21fe21fe 21fe21fd 21f921f5 21fd21fe
0715140 21f921fb 21fa21fe 220021f4 22012200
0715160 21f321fa 21f821f5 220021f3 21f421f7
0715200 21fb21f7 21f821f9 21f421f6 21f621f1
0715220 21ed21f3 21ec21ee 21e921e7 21ee21ea
0715240 21eb21f2 21e821eb 21f421ee 21f221f8
0715260 21ea21ec 21ea21e5 21ea21ea 21e421ec
0715300 21ea21f0 21e621f2 21e821e0 21e721e9
0715320 21e221e3 21e121ee 21e221dc 21dd21e0
0715340 21e021e4 21e521e5 21e621e5 21e121e6
0715360 21e921e4 21eb21e6 21e921e6 21ec21e9
0715400 21e621e4 21e221e6 21e421e2 21e521e9
0715420 21de21e6 21dd21e4 21e321e0 21e021dc
0715440 21d521e3 21db21de 21db21da 21dd21db
0715460 21db21da 21da21db 21dd21da 21e021de
0715500 21df21dd 21e421dc 21dc21de 21cf21d7
0715520 21d421d3 21de21d3 21e121e0 21da21dc
0715540 21d521dc 21cf21d3 21d221d3 21d521ce
0715560 21dc21d6 21d721da 21da21d7 21d221d9
0715600 21d421cf 21d721d6 21d721d7 21e021dd
0715620 21dd21da 21d521d3 21d321d3 21d121d5
0715640 21d621d3 21ce21cf 21d121cc 21d721d0
0715660 21d421d2 21da21d7 21dc21dd 21d921d8
0715700 21d021d5 21d621d3 21d421d1 21cd21d8
0715720 21d021cc 21cd21d0 21cc21d8 21d421cf
0715740 21d321d9 21d621c8 21c921ce 21c821c5
0715760 21d021d2 21d321cb 21cc21cf 21c621cd
0716000 21d221cf 21cf21ce 21d121c9 21d021cc
0716020 21ce21da 21c321cf 21c321c6 21cf21cb
0716040 21d521cc 21d021ce 21ca21d3 21cd21d2
0716060 21d121d0 21da21d0 21d021da 21d221d5
0716100 21cb21d3 21d321d1 21dc21d6 21dc21d8
0716120 21d621d7 21d121d6 21d121ce 21d421cc
0716140 21cd21d3 21cd21d9 21d321d4 21e221d9
0716160 21e221da 21d021d9 21d521db 21d121d7
0716200 21db21d7 21d421d0 21d121d1 21d021db
0716220 21d521cd 21d021d1 21d621ca 21d721d6
0716240 21dc21d7 21d521d9 21d821da 21d921de
0716260 21db21d5 21d221d6 21d621da 21d321da
0716300 21d721d4 21e021d6 21d721db 21d421dc
0716320 21dc21d8 21dd21d9 21dc21d7 21e121dc
0716340 21e621e8 21e121df 21dd21d9 21dd21dd
0716360 21d521dd 21e221df 21e021de 21db21dc
0716400 21e221dd 21d821de 21e321df 21e021e1
0716420 21e021dc 21d721d9 21df21d8 21d821dd
0716440 21e121e1 21e721e2 21db21e5 21e821e4
0716460 21e321e5 21db21dc 21dc21dd 21dc21de
0716500 21da21de 21e721db 21de21e6 21ea21e0
0716520 21d321dd 21e121d8 21e321e3 21e521df
0716540 21e221e0 21dc21e5 21e121e0 21e321e2
0716560 21ea21e7 21eb21e6 21e721e6 21eb21ea
0716600 21ed21f0 21e821e8 21e921e7 21e021ed
0716620 21ee21ec 21f221eb 21ec21e8 21ee21ed
0716640 21f321f4 21ed21ea 21f421eb 21ec21ed
0716660 21ee21ec 21ed21ef 21e921e8 21e921f0
0716700 21ea21e9 21f421f2 21f521f4 21f921f6
0716720 21f221f8 21f421f0 21f021f5 21ed21ed
0716740 21f821f3 21f321f6 21f621f0 21f821f1
0716760 21f32201 21f921fc 21fb2200 21f621f5
0717000 220021f9 21f221f7 220021fa 21ff21ff
0717020 21fa2201 21fd21f7 21fe21fd 22052201
0717040 220c2211 22082208 220421ff 21fd21fe
0717060 22002206 22062208 21f62201 21f821f6
0717100 21fc21fc 21ff21fe 22012203 22032201
0717120 21f821f8 21fc21fe 21fd21f5 21fe2204
0717140 21fc21f9 21ff21ff 220b2201 22002204
0717160 21ff2203 21f921fd 21f921f9 21fb2200
0717200 21fb21fa 220221fc 22092205 220b220a
0717220 22042203 21f421f4 21fe2202 220021f8
0717240 21fc2202 21fd21fa 220121f3 21f82200
0717260 21fd21f9 21fa21f8 21f92201 21fc21f6
0717300 21fb21f7 21f821f6 220021fb 21fa21f9
0717320 21f621fd 21fe21fe 21fb2201 220221ff
0717340 21f72201 21fd21fe 220421ff 22042206
0717360 21fe2203 21f821f9 21ff21fa 21f521fc
0717400 21f121f5 21ee21f3 21ea21ed 21ed21f2
0717420 21f021ec 21ef21f3 21f121ed 21f221f8
0717440 21f421f6 21fa21f8 21fa21f6 21fb21fe
0717460 21f921f3 21ee21fa 21f721f7 21eb21f1
0717500 21f321f0 21eb21f1 21f021f0 21f121f7
0717520 21f021f1 21f321f0 21e321ec 21ee21ef
0717540 21ec21f0 21f621ef 21f421f5 21f321ee
0717560 21f021f9 21ef21f5 21e521e8 21ee21ec
0717600 21eb21ed 21ed21f2 21e821e9 21ef21e9
0717620 21f021ef 21ef21ef 21e621eb 21ed21ee
0717640 21ef21e8 21eb21f1 21e921e7 21ed21f1
0717660 21ea21e9 21f021ef 21eb21e7 21ee21ed
0717700 21e421e9 21e821e5 21e921ed 21f021ef
0717720 21ed21ea 21ee21ee 21ef21f0 21e421ec
0717740 21ec21e1 21e621ea 21e921e6 21f121ef
0717760 21ef21ec 21eb21ed 21eb21e8 21e621e3
0720000 21e821e7 21e621e2 21ea21e3 21ed21ef
0720020 21f221f2 21f021ea 21f521f9 21f921ee
0720040 21e721f2 21ef21f1 21ef21f5 21e721e7
0720060 21f021e5 21f121ea 21f821ec b010048a
0720100 00001004 0001000a 00010000 03b1600e
0720120 00000ffc 0001000a 1400003c add01f00
0720140 add01f01 add01f02 add01f03 add01f04
0720160 add01f05 add01f06 add01f07 add01f08
0720200 add01f09 add01f0a add01f0b add01f0c
0720220 add01f0d add01f0e add01f0f add01f10
0720240 add01f11 add01f12 add01f13 add01f14
0720260 add01f15 add01f16 add01f17 add01f18
0720300 add01f19 add01f1a add01f1b add01f1c
0720320 add01f1d add01f1e ff000134 00000020
0720340 00000002 ac80978b 00000001 deadbeef
0720360 f0000002 ac809777 280b2d9b 00000000
0720400 00000134 00001f48 a011048b 21e321e9
0720420 21eb21e5 21e921ec 21ec21e5 21eb21ed
0720440 21e521e9 21e521e9 21e621eb 21ef21eb
0720460 21e621ef 21e821e5 21ee21ed 21e521e7
0720500 21ec21e3 21ea21e6 21ed21e9 21e921ea
0720520 21ea21e6 21ee21f1 21e621e7 21eb21ef
0720540 21ed21f4 21ee21e9 21e921ee 21e721e9
0720560 21e621f1 21e521e8 21dd21e1 21f021e7
0720600 21ef21ef 21eb21e7 21e921e7 21ea21ef
0720620 21f421ef 21f821f1 21f321f3 21f521fa
0720640 21f221f4 21f121f1 21ec21f1 21f121ec
0720660 21f321f1 21ed21ef 21f621ee 21f321f4
0720700 21f221f5 21f121f3 21f521fa 21f721f9
0720720 21f521f9 21f321f7 21ed21f2 21f421eb
0720740 21f921f7 21f021f2 21f321f6 21f221f6
0720760 21f321ed 21f921f0 21f521f6 21fa21fb
0721000 21fe2202 21ff21fe 22002201 220221ff
0721020 21fc21f4 21fd21fb 21f821f4 220121fa
0721040 21f92203 21f921fe 22012202 220121fe
0721060 21ff21fa 21fc21f8 217a21fa 1f85207e
0721100 1e2a1ebd 1d941dc8 1d5c1d6d 1d451d54
0721120 1d461d4b 1d4b1d3e 1d4d1d48 1d4a1d4c
0721140 1d471d4c 1d461d44 1d441d3e 1d481d43
0721160 1d3f1d40 1d3e1d3d 1d441d43 1d421d45
0721200 1d461d4d 1d441d45 1d4a1d4c 1d461d4c
0721220 1d421d46 1d441d3b 1d421d44 1d431d42
0721240 1d4d1d48 1d471d46 1d461d42 1d491d49
0721260 1d451d48 1d441d44 1d491d45 1d4a1d4b
0721300 1d4d1d49 1d541d52 1d5c1d56 1d4c1d59
0721320 1d5b1d58 1d501d53 1d571d51 1d561d57
0721340 1d591d5a 1d5d1d57 1d501d57 1d5a1d4e
0721360 1d521d51 1d591d5b 1d561d56 1d531d54
0721400 1d571d4f 1d591d5b 1d581d56 1d581d56
0721420 1d601d5d 1d5a1d57 1d5f1d57 1d591d60
0721440 1d601d5b 1d641d5c 1d611d6c 1d661d63
0721460 1d651d67 1d671d66 1d641d63 1d5e1d68
0721500 1d641d5f 1d621d60 1d6c1d6a 1d6f1d6e
0721520 1d681d6d 1d6d1d6a 1d711d68 1d711d6b
0721540 1d711d71 1d6c1d6d 1d6a1d6d 1d6b1d67
0721560 1d651d63 1d691d6e 1d631d72 1d781d6e
0721600 1d7f1d78 1d7a1d76 1d771d79 1d751d71
0721620 1d7e1d7b 1d741d7c 1d741d70 1d721d76
0721640 1d731d76 1d821d7f 1d751d80 1d791d74
0721660 1d761d77 1d801d7b 1d7d1d7b 1d841d80
0721700 1d7d1d74 1d831d7c 1d7f1d82 1d831d83
0721720 1d891d89 1d841d83 1d781d76 1d711d72
0721740 1d7a1d79 1d7e1d7b 1d7b1d7f 1d841d78
0721760 1d881d82 1d871d8c 1d881d89 1d831d7e
0722000 1d851d85 1d8c1d88 1d931d90 1d881d8d
0722020 1d8f1d89 1d901d8a 1d871d85 1d871d91
0722040 1d831d87 1d841d81 1d841d87 1d841d8d
0722060 1d8c1d8c 1d811d8c 1d891d87 1d891d85
0722100 1d8c1d8a 1d881d8f 1d931d8b 1d941d89
0722120 1d8d1d89 1d851d8a 1d8a1d87 1d901d8c
0722140 1d891d84 1d871d7e 1d871d87 1d8f1d8f
0722160 1d911d8e 1d901d8e 1d8d1d89 1d8b1d8c
0722200 1d931d96 1d8f1d90 1d951d8f 1d931d92
0722220 1d8a1d92 1d931d8c 1d8d1d90 1d991d91
0722240 1d991d96 1d941d9c 1d9a1d97 1d9a1d98
0722260 1d961d93 1d8d1d94 1d8c1d93 1d901d9a
0722300 1d8b1d93 1d9c1d94 1d991d98 1d991d99
0722320 1d951d94 1d8d1d94 1d961d8e 1d931d8c
0722340 1d901d93 1d901d93 1d941d90 1d9c1d97
0722360 1d8f1d95 1d8d1d91 1d981d96 1d951d94
0722400 1d971d95 1d991d97 1d961d99 1d991d95
0722420 1d971d97 1d9b1d9a 1d9b1da1 1d981d97
0722440 1d991d94 1d9d1d97 1da31da0 1d981d9a
0722460 1d9f1d9c 1d9b1da0 1d9e1da5 1d9e1d9d
0722500 1d991d9d 1d9d1d9c 1da41da1 1da51d9a
0722520 1d9d1d9e 1d9b1d96 1d991d9b 1da11da5
0722540 1d961da5 1da41d9a 1d9f1da9 1da91da8
0722560 1daa1daa 1da31d9e 1da41da3 1d9e1da0
0722600 1da41dac 1da31da4 1db31dab 1dac1da7
0722620 1da71daf 1daa1dac 1db31db1 1db41db3
0722640 1db61db0 1db31db1 1db51dba 1db31db6
0722660 1db41db1 1daf1db6 1db11dae 1db21db6
0722700 1db81db7 1dbb1db7 1db81dbb 1dbd1db9
0722720 1dc51dc4 1dc21dc6 1dba1dc1 1dc41dbf
0722740 1dbc1dc3 1db71dbe 1dbe1dbd 1dbf1dbe
0722760 1dc71dc6 1dc21dcd 1dc81dc3 1dc01dc7
0723000 1dcb1dc4 1dcd1dc5 1dd01dd5 1dd41dcb
0723020 1dd51dda 1dd41dd5 1ddb1dd1 1ddf1dd5
0723040 1ddb1ddf 1ddf1de0 1de01de1 1de71ddf
0723060 1dde1de2 1de41de0 1de01de0 1de71de2
0723100 1dea1de7 1de21de8 1de51ddf 1deb1de7
0723120 1df21df1 1dea1deb 1df11de7 1de51dea
0723140 1df01dec 1df91df4 1df81df4 1dfd1df7
0723160 1dfa1df8 1df51df7 1df11df1 1df01df1
0723200 1df41df3 1dfd1dff 1dfb1dff 1e051dff
0723220 1e091e06 1e051e07 1e011e04 1e091e0b
0723240 1e0f1e10 1e081e0c 1e001e0c 1e031e02
0723260 1e0a1e0c 1e0d1e08 1e121e08 1e151e14
0723300 1e161e0c 1e151e1b 1e121e16 1e0e1e15
0723320 1e131e11 1e191e1c 1e191e20 1e1f1e1e
0723340 1e1e1e23 1e211e24 1e1c1e1b 1e1f1e25
0723360 1e241e1a 1e251e20 1e261e25 1e241e24
0723400 1e2e1e2b 1e261e2a 1e2d1e27 1e2b1e2c
0723420 1e2d1e2f 1e2d1e35 1e331e2e 1e311e33
0723440 1e321e32 1e2d1e2f 1e2d1e31 1e321e34
0723460 1e341e31 1e3a1e2e 1e371e36 1e451e45
0723500 1e3e1e40 1e3e1e3e 1e3c1e3a 1e411e3c
0723520 1e391e45 1e431e3a 1e411e44 1e3e1e40
0723540 1e3f1e3d 1e3c1e3a 1e3e1e3b 1e411e39
0723560 1e491e43 1e451e45 1e471e48 1e411e45
0723600 1e411e3a 1e421e43 1e481e46 1e471e4c
0723620 1e421e47 1e3f1e39 1e401e38 1e451e4b
0723640 1e4c1e4c 1e511e50 1e5b1e56 1e551e5e
0723660 1e521e55 1e581e59 1e5a1e5c 1e4b1e4d
0723700 1e501e51 1e4b1e51 1e531e55 1e591e55
0723720 1e571e57 1e501e53 1e551e55 1e541e5d
0723740 1e5c1e52 1e661e58 1e641e5e 1e5b1e5a
0723760 1e5a1e5d 1e551e56 1e5c1e55 1e611e5e
0724000 1e581e62 1e5b1e59 1e5c1e5b 1e601e5d
0724020 1e5c1e5b 1e621e5e 1e611e5a 1e641e5a
0724040 1e681e67 1e641e60 1e581e5c 1e5f1e5a
0724060 1e611e66 1e5f1e5c 1e571e59 1e5c1e5d
0724100 1e601e61 1e641e64 1e601e62 1e671e64
0724120 1e681e69 1e6a1e6a 1e661e68 1e6f1e6a
0724140 1e691e66 1e651e67 1e621e68 1e651e65
0724160 1e651e66 1e691e6b 1e6c1e6c 1e651e64
0724200 1e671e65 1e711e6c 1e641e67 1e5e1e5f
0724220 1e621e63 1e661e6e 1e721e6b 1e641e65
0724240 1e6d1e68 1e691e71 1e6f1e72 1e6b1e67
0724260 1e651e5e 1e671e65 1e651e67 1e691e69
0724300 1e651e61 1e601e6a 1e5d1e5f 1e5e1e5c
0724320 1e611e5b 1e5f1e64 1e651e63 1e681e6a
0724340 1e611e6a 1e621e65 1e601e5a 1e591e61
0724360 1e5c1e5d 1e5d1e5c 1e581e55 1e5f1e57
0724400 1e631e61 1e601e62 1e5d1e5e 1e621e5a
0724420 1e631e65 1e641e5f 1e601e65 1e5c1e60
0724440 1e641e5e 1e631e62 1e5d1e5a 1e5c1e57
0724460 1e601e5f 1e611e58 1e641e61 1e5e1e67
0724500 1e5e1e55 1e581e58 1e541e54 1e511e50
0724520 1e4f1e4e 1e591e57 1e5c1e55 1e561e58
0724540 1e5a1e55 1e5c1e5d 1e5e1e5d 1e621e5d
0724560 1e611e66 1e5f1e59 1e631e61 1e5f1e61
0724600 1e5d1e62 1e631e65 1e5c1e59 1e5e1e64
0724620 1e5d1e60 1e5d1e5f 1e5e1e5e 1e691e67
0724640 1e6b1e67 1e671e66 1e5e1e5e 1e5a1e5a
0724660 1e591e57 1e5a1e55 1e601e66 1e641e67
0724700 1e621e62 1e601e61 1e671e60 1e651e63
0724720 1e671e63 1e671e62 1e6d1e68 1e671e65
0724740 1e5f1e67 1e6b1e65 1e5b1e5e 1e621e61
0724760 1e601e62 1e661e67 1e601e69 1e621e5c
0725000 1e6c1e61 1e641e64 1e671e6d 1e6b1e73
0725020 1e6c1e68 1e721e6a 1e6d1e6e 1e701e70
0725040 1e721e77 1e711e71 1e781e6a 1e751e77
0725060 1e751e7a 1e731e77 1e7d1e76 1e7d1e79
0725100 1e7d1e80 1e771e80 1e771e79 1e781e79
0725120 1e791e78 1e811e7b 1e831e7c 1e881e86
0725140 1e841e88 1e8c1e80 1e871e8a 1e841e84
0725160 1e8a1e83 1e8b1e8b 1e8c1e8c 1e8d1e8f
0725200 1e8c1e8d 1e901e8c 1e8f1e94 1e991e8d
0725220 1e901e93 1e931e97 1e971e95 1e971e91
0725240 1e991e97 1e9a1e9a 1ea31e9b 1ea71ea4
0725260 1ea31ea7 1e9b1e99 1e9e1e9a 1e971e9d
0725300 1ea81ea2 1ea71ea3 1eac1eaa 1eac1ea9
0725320 1eb51eaa 1eb71eb7 1eb81eb6 1eb11eb0
0725340 1eae1eb0 1eb81eb8 1ead1eb5 1eb41eb3
0725360 1ec51ebc 1ebd1ebe 1ec01ec3 1ec01ebe
0725400 1eb71ebd 1eb91eb9 1ec81ec2 1ec51ec7
0725420 1ec41eca 1ec91ec5 1ec81ebe 1ecb1ecd
0725440 1ec91ec6 1ec91ed1 1ec91ecd 1ed81ecb
0725460 1ec81ed6 1ed01ecb 1ed31eda 1ede1eda
0725500 1ee31edb 1ede1ee0 1eda1ee2 1ede1edc
0725520 1ee41eda 1eea1ee3 1ee21ee5 1ee31ee5
0725540 1ee21ee7 1ee11ee9 1ee81ee1 1ee31ee8
0725560 1ee61ee8 1ef01eed 1ee81ee9 1ef11ee6
0725600 1ef11ef5 1ef41ef0 1ef71efa 1efb1efd
0725620 1ef31ef2 1ef31eef 1ef51ef1 1ef41efa
0725640 1ef51ef5 1ef61ef0 1efa1f01 1ef11efa
0725660 1ef31ef6 1eff1ef6 1f071f05 1f071f09
0725700 1f011f0a 1efd1f02 1f051efe 1f051f05
0725720 1eff1f0c 1f061efe 1f081f0d 1f071f0a
0725740 1f081f05 1f0b1f06 1f091f0a 1f0a1f0a
0725760 1f121f0a 1f131f0d 1f161f13 1f091f15
0726000 1f0c1f10 1f0a1f13 1f0f1f0d 1f0d1f13
0726020 1f0c1f0d 1f0f1f12 1f121f0b 1f111f0d
0726040 1f131f12 1f151f12 1f151f1a 1f1b1f19
0726060 1f1e1f1c 1f1e1f1f 1f1f1f23 1f1d1f20
0726100 1f1f1f1c 1f181f17 1f1e1f1b 1f211f18
0726120 1f1b1f1d 1f201f1d 1f261f19 1f1e1f1c
0726140 1f1a1f1f 1f1c1f1b 1f1f1f16 1f231f17
0726160 1f221f1e 1f231f1d 1f2c1f30 1f1f1f2a
0726200 1f281f29 1f2b1f22 1f321f27 1f291f2e
0726220 1f2f1f31 1f361f34 1f2a1f32 1f301f2a
0726240 1f281f33 1f2b1f27 1f281f21 1f261f20
0726260 1f2b1f2d 1f291f2e 1f241f25 1f2f1f25
0726300 1f301f30 1f2e1f29 1f311f30 1f2d1f32
0726320 1f291f25 1f1a1f24 1f1d1f27 1f2f1f2d
0726340 1f2a1f2c 1f2b1f2b 1f321f2f 1f2f1f2d
0726360 1f341f34 1f351f38 1f2b1f2d 1f2a1f2e
0726400 1f2a1f2e 1f351f31 1f231f2e 1f331f29
0726420 1f2d1f2e 1f221f25 1f2c1f26 1f231f2a
0726440 1f351f30 1f2b1f29 1f2c1f2d 1f2a1f2f
0726460 1f261f29 1f2b1f2b 1f291f29 1f2b1f2b
0726500 1f251f26 1f271f28 1f271f28 1f271f28
0726520 1f221f26 1f201f23 1f1c1f1e 1f241f1a
0726540 1f261f23 1f191f27 1f1b1f1f 1f181f17
0726560 1f1b1f20 1f1c1f17 1f191f25 1f1f1f1d
0726600 1f1d1f16 1f1e1f1c 1f171f18 1f241f20
0726620 1f1e1f1b 1f1d1f18 1f1e1f1b 1f211f1e
0726640 1f1d1f20 1f151f12 1f121f11 1f111f0c
0726660 1f141f15 1f0d1f19 1f171f18 1f0e1f11
0726700 1f1d1f03 1f1b1f1b 1f1f1f1b 1f1f1f2a
0726720 1f111f1e 1f131f09 1f111f11 1f0c1f10
0726740 1f141f13 1f191f12 1f121f1c 1f0e1f0a
0726760 1f051f0d 1f0f1f10 1f101f15 1f0b1f0d
0727000 1f101f11 1f0c1f10 1f0d1f16 1f111f0e
0727020 1f0d1f09 1f001f0a 1efe1f01 1f021f00
0727040 1f0e1f05 1f0c1f07 1f071f0b 1f031f05
0727060 1f081f04 1f091f07 1f151f0a 1f101f0c
0727100 1f071f0f 1f0a1f0b 1f0d1f04 1f0a1f09
0727120 1f081f06 1f081f0f 1f0c1f07 1f0d1f08
0727140 1f0a1f0c 1f111f0f 1f0a1f0b 1f0f1f17
0727160 1f121f0a 1f0c1f0f 1f131f0f 1f121f15
0727200 1f0d1f0e 1f111f0e 1f0e1f0c 1f0f1f0d
0727220 1f101f1f 1f121f13 1f101f0d 1f141f11
0727240 1f101f16 1f101f11 1f121f13 1f141f0b
0727260 1f1c1f18 1f1b1f1a 1f1c1f1d 1f291f1e
0727300 1f1c1f1c 1f241f1e 1f261f23 1f251f1e
0727320 1f221f23 1f1c1f22 1f291f20 1f261f1f
0727340 1f1d1f25 1f231f22 1f201f23 1f271f22
0727360 1f1d1f1f 1f1f1f1f 1f261f23 1f2f1f29
0727400 1f321f2f 1f2d1f28 1f2b1f32 1f2c1f37
0727420 1f231f24 1f2e1f2e 1f2c1f27 1f2d1f31
0727440 1f381f33 1f3e1f37 1f401f3c 1f3d1f3a
0727460 1f381f38 1f3b1f39 1f401f3c 1f431f3c
0727500 1f3f1f34 1f431f43 1f491f3f 1f421f4a
0727520 1f4c1f42 1f4d1f47 1f441f4b 1f4c1f52
0727540 1f491f53 1f4d1f46 1f4f1f4c 1f521f55
0727560 1f551f5b 1f591f55 1f571f52 1f581f55
0727600 1f5c1f5a 1f601f55 1f611f5b 1f601f56
0727620 1f641f61 1f591f60 1f611f67 1f611f62
0727640 1f621f65 1f6b1f66 1f6b1f6f 1f6e1f6a
0727660 1f6b1f6a 1f6e1f6b 1f731f6c 1f711f78
0727700 1f751f76 1f7b1f71 1f711f78 1f721f76
0727720 1f761f73 1f7f1f7f 1f7b1f7b 1f761f69
0727740 1f7a1f7f 1f7a1f7e 1f851f86 1f8c1f83
0727760 1f851f82 1f871f84 1f8c1f8c 1f871f89
0730000 1f911f88 1f911f91 1f901f92 1f8e1f93
0730020 1f8f1f84 1f8c1f85 1f941f8f 1f961f93
0730040 1f961f93 1f9d1f9c 1f9d1fa1 1fa01f99
0730060 1f9e1f9e 1fa21f9f 1fa11fa2 1f9c1fa2
0730100 1faa1f9f 1fa01fa4 1fa51fa2 1fa41fa0
0730120 1fa71f9f 1fae1f9a 1f9f1fa6 1fa51fa1
0730140 1fa51fb2 1fb31fa5 1fb61fb3 1fb11fb8
0730160 1fb11fb5 1fb01fb6 1fb51fae 1fae1fab
0730200 1fb41fb5 1fb51fb8 1fb41fba 1fba1fb9
0730220 1fbd1fb6 1fba1fbd 1fb81fb9 1fbe1fbf
0730240 1fc01fba 1fb71fb9 1fb71fb2 1fbb1fbc
0730260 1fba1fbc 1fbf1fc0 1fc31fc1 1fc61fc1
0730300 1fbb1fba 1fbd1fbd 1fc81fc0 1fca1fce
0730320 1fc11fc3 1fc81fc0 1fc81fcd 1fc51fc5
0730340 1fce1fca 1fd01fd3 1fcd1fd3 1fcd1fcf
0730360 1fd21fd3 1fcc1fce 1fd61fcd 1fd11fc8
0730400 1fd51fd4 1fcd1fd2 1fcb1fd5 1fd31fd6
0730420 1fd41fd9 1fd11fd7 1fd61fd3 1fdc1fd6
0730440 1fd81fd8 1fd51fd7 1fdd1fd8 1fdc1fdc
0730460 1fdd1fd8 1fcd1fd9 1fcd1fd7 1fc91fd5
0730500 1fcd1fce 1fcd1fca 1fcf1fcf 1fc81fce
0730520 1fcd1fcd 1fca1fc5 1fd41fcf 1fd31fd3
0730540 1fd71fd6 1fd61fd6 1fd61fd2 1fd61fd4
0730560 1fd71fd2 1fd51fce 1fd61fd2 1fd21fd2
0730600 1fcf1fcb 1fce1fd2 1fd21fd4 1fd61fd6
0730620 1fde1fd3 1fd31fd4 1fc51fd2 1fc61fcd
0730640 1fc61fc0 1fcd1fcf 1fd21fc4 1fd31fd4
0730660 1fcc1fd0 1fd01fd4 1fd01fd4 1fd41fd0
0730700 1fcf1fd2 1fcc1fce 1fc51fc9 1fcb1fcb
0730720 1fcf1fd0 1fce1fcb 1fc81fd5 1fc61fc7
0730740 1fcb1fc7 1fcb1fcf 1fc31fcc 1fc31fc6
0730760 1fcc1fce 1fc91fca 1fc91fc6 1fc01fc6
0731000 1fc41fc1 1fc61fc6 1fbe1fc4 1fc01fc1
0731020 1fc11fbf 1fb81fc2 1fbe1fc0 1fbb1fc2
0731040 1fbd1fbc 1fbc1fba 1fbb1fb8 1fc11fbf
0731060 1fc21fc5 1fbc1fb8 1fb71fb5 1fae1fb2
0731100 1fb81fc2 1fbd1fbe 1fb21fb7 1fb71fbc
0731120 1fb41fb8 1fb71fb6 1fb31fb4 1fb01fb0
0731140 1fba1fb0 1fb51fb5 1fb81fb6 1fbc1fba
0731160 1fb71fba 1fb21fba 1faf1fb1 1fb01fb4
0731200 1faa1fac 1fa71fa9 1fad1fad 1fa91fa9
0731220 1fa91fa8 1fae1fae 1fa51fa6 1fab1fa1
0731240 1fa81fa6 1fa31fa7 1fa51fa7 1fa61fa2
0731260 1f9e1fa5 1fa41fa1 1fae1fa8 1fb11faa
0731300 1fa41fa3 1f9f1f9c 1f9d1fa1 1fa21fa0
0731320 1fa21f9b 1faf1fa6 1fa01fab 1fa11fa5
0731340 1fa01fa0 1f9b1f9a 1f9c1f90 1fa61fa7
0731360 1f9c1fa3 1fa41faa 1fab1fa2 1fab1fa7
0731400 1fa91fa9 1fa51fa6 1fa61fb0 1fa91fb2
0731420 1fac1fb0 1faa1faf 1f9b1fa3 1f9d1fa2
0731440 1fa21fa0 1fa61f9e 1fa41fa4 1fa21fa3
0731460 1fa71faa 1fb21fb1 1fb31fb5 1fad1fb4
0731500 1fa61faa 1fa91fa6 1faa1fae 1fb21fa5
0731520 1fab1fa8 1faa1fb1 1fa81faa 1fa51fa8
0731540 1fad1fa9 1fad1fad 1fa71fac 1fb01fb2
0731560 1fb31fb1 1fb41fac 1fb31fb7 1fb61fb1
0731600 1fb41fb8 1fbd1fb9 1fc31fc3 1fc21fbc
0731620 1fb21fb8 1fbc1fb7 1fb31fb5 1fba1fb6
0731640 1fb41fb9 1fbe1fbb 1fb81fc1 1fbd1fc3
0731660 1fc61fbb 1fc61fc5 1fc01fc3 1fbe1fc3
0731700 1fc61fcb 1fcc1fcd 1fcd1fcc 1fd01fd0
0731720 1fbb1fcd 1fc31fbc 1fc71fbd 1fce1fcb
0731740 1fd11fd3 1fd01fd4 1fd21fd5 1fde1fdb
0731760 1fda1fdb 1fda1fdd 1fd71fdb 1fe21fdc
0732000 1fdb1fe2 1fd81fdb 1fd71fde 1fe41fdc
0732020 1fe21fe0 1fdf1fe4 1fe31fe6 1fe11fe5
0732040 1fea1fe8 1fe81fe2 1feb1fe8 1fe41fed
0732060 1fe51fe5 1ff41fed 1fec1ff4 1ff41fee
0732100 1ff41ff2 1ff71ff6 1ff21ff7 1ff41ff8
0732120 1ffd1ff7 1ffb2000 1ffa1ff6 1ffb1ff7
0732140 20011ffa 20021ffe 1ffc1fff 1ffe2005
0732160 20092005 200f200d 20122007 2010200d
0732200 200d200d 200d200c 20102010 20132014
0732220 200f2017 20192015 20182019 201b2017
0732240 20172013 2012201a 20172019 20212022
0732260 20262025 20212021 20282023 201f2023
0732300 201d201f 20232020 20292024 202a2025
0732320 202d202b 202b202f 20262034 2030202d
0732340 201f2029 201d2023 2029202b 2034202c
0732360 202f2030 20312030 20362030 20352039
0732400 203b2038 203d203d 203d2037 203b2038
0732420 203e2042 203b203d 203d2039 2042203f
0732440 20412040 203c203e 203b203f 20422040
0732460 203a2044 20402037 20462046 20532050
0732500 2054204e 204d2056 20542051 2051204d
0732520 204d2050 204b204c 2049204b 204d204c
0732540 204f2054 204d204d 20572059 20532055
0732560 2044204b 204c2053 204f204d 20522048
0732600 20512055 204f204c 20532059 20502051
0732620 2053204e 20572053 20532055 205c205e
0732640 205e205b 205d2058 205d205a 205c205c
0732660 205e205e 2065205a 206b2069 20612068
0732700 20582062 2059205a 205e205c 20622063
0732720 20582058 205c205e 20592060 20622062
0732740 20632067 20662068 20662067 205a2066
0732760 205c205f 20652065 20672067 2069206c
0733000 206c206b 205e2067 20582058 205e2056
0733020 2066205a 20612064 20642066 20622066
0733040 20672067 20622064 20652069 2063205f
0733060 2063205e 20592061 20652063 20602068
0733100 20652061 2060205d 205a2056 20502052
0733120 20572054 205b205c 2065205c 205b205b
0733140 20572055 20582053 205a2058 204f2054
0733160 20572055 205d205f 2055205e 205e2054
0733200 20552051 20512056 204a204a 20562052
0733220 20532054 20522050 204d204f 2055204c
0733240 20522057 204f2054 204f204b 2057204d
0733260 204c2051 2050204e 204f204f 204e204f
0733300 2044204e 20402049 20472045 204c204a
0733320 204b203e 203e2049 20412041 203f203e
0733340 2040203f 20472048 20482047 20442041
0733360 203f2042 203f203b 2041203d 203a203c
0733400 2037203b 2038203f 20422041 203d2037
0733420 20322039 2034202e 20342031 20392039
0733440 202f2034 202e202c 20332033 20322035
0733460 20322033 20372031 2037203c 20372035
0733500 20322036 20332033 20342036 203a2035
0733520 202f203b 2034202f 20352036 20352038
0733540 202e2037 2033202f 202e2037 20292032
0733560 2038202c 2027202e 202e2028 2035202e
0733600 2038203a 20382035 202c202f 202a2023
0733620 2033202c 202d2037 20332031 202c2031
0733640 2022202d 2033202c 2030202b 2030202f
0733660 20322036 20372033 20302036 2029202b
0733700 202f202c 2026202c 202b202e 2027202d
0733720 20282029 20342030 20382035 202e2037
0733740 202f2035 202a202d 20352031 20322039
0733760 203b2038 20352039 20422037 203a203a
0734000 20312031 202d2033 20362036 202f2030
0734020 203b2029 20322030 203c2035 203b2043
0734040 203d203f 203c203c 2038203c 203f203d
0734060 20442042 203a2040 2042203d 2038203c
0734100 2036203d 20382040 2044203e 20432040
0734120 203f203e 20422041 2042203e 203f203e
0734140 2049203e 204d204a 2046204c 20492048
0734160 204e204c 2052204b 204a204e 204c204e
0734200 204e204f 204f2053 2053204d 2057205c
0734220 204e2055 20562052 20542055 205b2057
0734240 205b2055 20622062 205a205d 2058205a
0734260 20642064 205f205f 205b2058 2056205c
0734300 2050204f 205e205a 20592059 2061205d
0734320 2060205b 2067205d 205d2064 20632064
0734340 20622064 206d206f 20642061 20652067
0734360 206a2069 206b2068 206f206f 207b2077
0734400 20762070 207c2079 207a207d 207a207c
0734420 207a2079 20812078 207d207d 207e2082
0734440 207b207e 20862085 20852081 20832087
0734460 2082208a 20792085 20812079 207c207b
0734500 20842082 20832084 208c2086 208d208b
0734520 208a208c 2097208f 2094208d 20902097
0734540 2093208f 20932093 2098209a 20972094
0734560 20952091 20932089 208e2091 20922094
0734600 20932091 20972094 209e209e 20a1209a
0734620 209d20a3 20a0209f 209d209e 20a1209c
0734640 20a120a0 20a220a7 20a620ab 20b020af
0734660 20ab20a9 20ab20a3 20a420a3 20a920a4
0734700 20a720ab 20a720ab 20ad20a4 20b020a8
0734720 20b920b3 20b820be 20b520b3 20b720b4
0734740 20ac20ae 20ad20aa 20b120b4 20af20b4
0734760 20b920b3 20b720b4 20b820b8 20bc20b7
0735000 20c120c0 20b920b5 20c020c0 20c520c6
0735020 20c120ca 20bd20be 20c720c2 20c720c6
0735040 20c020bc 20bb20c0 20c420c2 20c620c3
0735060 20c520c5 20c520c6 20bf20c5 20c220c7
0735100 20cb20c0 20c420c4 20c520c2 20c820ca
0735120 20c820d0 20c120c7 20be20c3 20c020c2
0735140 20bf20c4 20d020c5 20c920cc 20c820cc
0735160 20c520c7 20ca20d0 20c820d1 20cd20d2
0735200 20d220d3 20cc20c7 20d020cd 20cb20cf
0735220 20d920cd 20d220d8 20c720cb 20cc20c6
0735240 20d520d0 20cf20d8 20d720cc 20cc20da
0735260 20cf20d2 20ca20d2 20ce20c6 20d120cc
0735300 20d120ca 20ce20cc 20ce20d1 20d320c5
0735320 20c320c6 20c820ca 20c920c5 20cd20cf
0735340 20be20c8 20c620c0 20cd20c7 20c520c7
0735360 20b920bd 20bc20bb 20c520be 20c320c6
0735400 20b320c4 20be20bb 20c220b9 20c720c7
0735420 20c020c1 20c320c9 20c520c2 20c020c9
0735440 20cb20c4 20c720c7 20ca20cd 20c820cb
0735460 20c920c3 20bf20c4 20bb20c2 20be20bd
0735500 20c420c6 20b920ba 20b020b4 20b620b7
0735520 20bb20bf 20bf20c4 20be20bb 20b720b5
0735540 20b620b8 20b620b6 20b920b7 20be20c0
0735560 20bc20c2 20c220c4 20b720be 20b720b7
0735600 20b920b3 20bc20b5 20b320ba 20b220b8
0735620 20af20b5 20b120b2 20b520ac 20b420b0
0735640 20ab20b5 20ae20ab 20b920aa 20b220b8
0735660 20b020b6 20b620b6 20b520b6 20b620b9
0735700 20b920b8 20ac20b1 20b220b3 20ab20b3
0735720 20b220b4 20ac20b3 20a820ae 20b020b8
0735740 20b120b0 20a920b1 20b120b1 20b520aa
0735760 20ac20b3 20a720a8 20a820ac 20ae20a8
0736000 20ae20b7 20a720aa 20a520aa 20a820a8
0736020 20ab20ab 20a920ab 20a620a2 20a420a3
0736040 20a520a4 20ac20aa 20a420a5 20a620a6
0736060 20a420a8 20a920a9 20b020ae 20a320a5
0736100 20a620a5 20ac20aa 20b020b0 20ae20b0
0736120 20ab20aa 20a720a7 20a420ad 20ab20a6
0736140 20ae20a7 20a220a4 20a420a3 20a620a2
0736160 20a220a1 20aa20a4 20a820a8 20ab20a4
0736200 20af20aa 20ae20a8 20af20b0 20a420ac
0736220 20ab20ac 20a0209f 20ac20a9 20a720aa
0736240 20b220ae 20ac20b4 20aa20aa 20b120ae
0736260 20b320b1 20b720b2 20b820b8 20b020b2
0736300 20ab20b0 20b320b0 20ac20af 20b120ae
0736320 20b620ad 20b720b1 20b620b5 20b820bc
0736340 20bc20bc 20b820bb 20b820ba 20b020af
0736360 20b120b0 20b620b7 20b520b6 20b620b8
0736400 20b120b3 20b120ae 20b820b7 20be20c2
0736420 20c820c7 20bd20c2 20b720bd 20bc20b5
0736440 20c520c6 20c320c4 20bc20b9 20bb20bf
0736460 20b620b4 20b920c2 20cc20c4 20c620cc
0736500 20cf20cb 20c820c9 20cf20d0 20ca20ce
0736520 20cb20cd 20d020cf 20d120d2 20d220d3
0736540 20cf20cb 20c920cd 20cb20cc 20c420c8
0736560 20c920cb 20d220cf 20ce20d1 20d920d7
0736600 20da20d8 20dc20dd 20d220d9 20d820d2
0736620 20db20d9 20db20e4 20e120db 20e220de
0736640 20dd20e3 20dc20d7 20de20df 20dd20dd
0736660 20e620da 20df20e4 20dd20e4 20da20dd
0736700 20da20de 20d720dc 20e420dc 20e420e2
0736720 20e920ed 20e520e9 20de20e2 20e720e8
0736740 20e620ea 20e020e7 20e620ec 20ea20e4
0736760 20e520e4 20ec20e8 20e920ee 20ea20ef
0737000 20e920ed 20ec20f1 20e620ee 20e720ee
0737020 20ee20e9 20eb20ec 20eb20f1 20f320f4
0737040 20f420fd 20f820f7 20f720f1 20f520f2
0737060 20f720f4 20fd20fc 20f920f8 20fc20fa
0737100 210320fe 20fc2101 20fd20f9 20f420f4
0737120 20f620f7 20f220f7 20f320f9 210020fd
0737140 20f920fb 20fd20f6 210a2101 21072103
0737160 21042107 210820ff 21052102 21082102
0737200 210a2108 20fc210b 21072102 21052106
0737220 21082106 210e210c 2105210b 21032102
0737240 210620fd 210e2105 21052109 2107210b
0737260 210b2109 210e210e 21062109 2106210b
0737300 210d210a 210c210a 21072106 210c2107
0737320 210e210a 21122112 21132109 21102111
0737340 2112210f 21192112 211a211b 2119211e
0737360 2122211f 21122115 21132115 21102110
0737400 210b2110 210e210a 21112110 21102114
0737420 211a210d 21192116 21172112 210c2110
0737440 210f2110 21162114 2115210b 21152114
0737460 211a2115 210c211a 211c2113 21162118
0737500 21142111 21142112 21112114 21162111
0737520 211c2111 211b2117 21172113 21112111
0737540 21092112 21062109 210d2102 2118210d
0737560 21122112 210f2112 21172111 210e210d
0737600 21132111 21122116 210e210d 210b210e
0737620 21112111 2109210c 2112210f 211a2115
0737640 210f2115 2111210f 2113210e 210f2113
0737660 21122116 21122113 2117210f 210f2113
0737700 210f2114 2108210c 2115211b 211d211d
0737720 21162113 21112115 21102110 210e210b
0737740 210f210f 210a2115 210e2117 210b210a
0737760 210b2107 210e210d 210a2107 20fa2104
0740000 21002100 21012105 21062106 210d2109
0740020 21062108 210f2110 210b210a 21082104
0740040 21062108 21072107 2102210c 21072100
0740060 21092103 21032100 21012101 21042107
0740100 21062105 21062109 20fc2103 b011048b
0740120 00001004 0001000a 00010000 03b1600f
0740140 00000ffc 0001000a 1400003c add01f00
0740160 add01f01 add01f02 add01f03 add01f04
0740200 add01f05 add01f06 add01f07 add01f08
0740220 add01f09 add01f0a add01f0b add01f0c
0740240 add01f0d add01f0e add01f0f add01f10
0740260 add01f11 add01f12 add01f13 add01f14
0740300 add01f15 add01f16 add01f17 add01f18
0740320 add01f19 add01f1a add01f1b add01f1c
0740340 add01f1d add01f1e ff000134 00000020
0740360 00000002 ad70f3d0 00000001 deadbeef
0740400 f0000002 ad70f3bc 1f0b5c06 00000000
0740420 00000134 00001f48 a010048c 22002109
0740440 22022200 2207220b 22052206 21fd21fe
0740460 21fd2200 21fb21f7 21f721f4 220421ff
0740500 22032207 22022203 22082208 2206220c
0740520 220a2208 22032206 22002200 21fd2203
0740540 22022200 22082207 22032202 220a2203
0740560 2209220a 220a220b 220a220a 220e2208
0740600 220d2208 22062205 2206220a 2208220e
0740620 220321fe 22102201 220b2214 22102203
0740640 2201220e 22052203 220b2206 22062205
0740660 22092205 2210220b 220d220e 2208220a
0740700 22092208 220f220a 220f220b 2211220e
0740720 220b220f 220c2211 220c2210 22062208
0740740 22062206 220f2203 22032209 21fd2202
0740760 22002205 22022201 22022201 220a2208
0741000 22052209 220b2208 22042207 22092206
0741020 2204220d 22102204 220f2208 2207220a
0741040 22052203 21fd21fe 220421ff 22032204
0741060 22052205 22032203 22082202 22052200
0741100 22072202 21ff2204 21632200 1f692060
0741120 1e271ead 1d8e1dcf 1d591d6e 1d4f1d50
0741140 1d481d41 1d431d47 1d401d42 1d3a1d44
0741160 1d431d3d 1d381d37 1d341d32 1d2c1d35
0741200 1d2d1d30 1d2f1d2f 1d2a1d28 1d211d2e
0741220 1d1b1d21 1d1d1d1d 1d281d28 1d281d2c
0741240 1d271d2a 1d2b1d2d 1d221d22 1d1e1d1f
0741260 1d221d1e 1d261d1d 1d1f1d1f 1d1b1d1f
0741300 1d221d1f 1d1e1d21 1d191d1e 1d121d19
0741320 1d141d12 1d101d0c 1d181d19 1d1b1d1f
0741340 1d151d13 1d211d21 1d1e1d1e 1d251d26
0741360 1d191d1f 1d1a1d1d 1d211d18 1d191d1b
0741400 1d191d18 1d121d19 1d141d14 1d101d12
0741420 1d171d11 1d1b1d11 1d181d18 1d1c1d1d
0741440 1d171d17 1d151d14 1d141d13 1d141d13
0741460 1d111d15 1d181d11 1d171d17 1d1c1d11
0741500 1d1c1d1b 1d151d1e 1d1b1d1b 1d161d18
0741520 1d161d16 1d191d15 1d241d1e 1d1b1d21
0741540 1d221d1a 1d201d1d 1d191d1d 1d1a1d1a
0741560 1d1c1d1e 1d161d15 1d231d1a 1d1f1d1c
0741600 1d1a1d1f 1d1f1d1e 1d121d1c 1d191d15
0741620 1d1a1d17 1d1f1d28 1d241d23 1d1a1d1a
0741640 1d1f1d1a 1d121d1c 1d181d14 1d151d12
0741660 1d1c1d18 1d171d16 1d171d1e 1d1f1d22
0741700 1d201d20 1d201d20 1d241d1f 1d241d25
0741720 1d261d25 1d251d2b 1d281d29 1d1f1d2a
0741740 1d1e1d26 1d231d1f 1d1b1d20 1d321d25
0741760 1d331d27 1d311d30 1d321d2e 1d321d36
0742000 1d351d2b 1d291d31 1d2d1d2b 1d341d36
0742020 1d351d31 1d361d39 1d371d3b 1d3c1d3a
0742040 1d3c1d39 1d3c1d3f 1d411d46 1d3a1d3b
0742060 1d401d42 1d3b1d3a 1d401d3f 1d411d34
0742100 1d3c1d3f 1d381d3f 1d401d3d 1d4b1d42
0742120 1d491d42 1d4b1d49 1d411d45 1d451d4b
0742140 1d4b1d50 1d4a1d49 1d501d4e 1d531d52
0742160 1d581d59 1d571d53 1d511d50 1d581d5b
0742200 1d5e1d5b 1d541d5e 1d571d5c 1d621d5f
0742220 1d611d5f 1d681d68 1d621d62 1d651d6b
0742240 1d5f1d62 1d6a1d62 1d681d6f 1d621d63
0742260 1d691d69 1d711d6a 1d711d7b 1d751d6d
0742300 1d6d1d75 1d6f1d71 1d701d73 1d701d71
0742320 1d7b1d78 1d731d7d 1d7c1d7a 1d7a1d7a
0742340 1d7a1d7a 1d831d82 1d811d82 1d931d8a
0742360 1d8e1d8a 1d8c1d8a 1d821d86 1d891d87
0742400 1d851d89 1d8d1d83 1d8b1d88 1d911d90
0742420 1d8f1d8b 1d991d91 1da31d93 1d961d93
0742440 1d991d95 1d9e1d95 1d9c1d9b 1da01da1
0742460 1d9f1d9a 1d951da2 1d9f1d9e 1d9c1d9c
0742500 1da31da3 1da31da3 1da71da7 1daf1daa
0742520 1dae1dad 1db01db0 1db01db1 1dad1db0
0742540 1db31daf 1db71db5 1dbc1db3 1daf1db3
0742560 1dab1dae 1dba1dbc 1db81db2 1dc31dbd
0742600 1dc71dc2 1dc11dc2 1dc21dc5 1dc91dc1
0742620 1dc71dc1 1dc11dc4 1dc51dcc 1dcb1dcc
0742640 1dc71dd0 1dd11dca 1dce1dd6 1dd61dd8
0742660 1ddb1dd9 1dd31dd4 1dd91dd6 1dda1dd7
0742700 1dd91ddd 1dd91ddc 1dd61dd9 1de11dd4
0742720 1de11ddf 1de31dec 1de41de3 1de91de3
0742740 1de51de2 1de31de1 1de11de6 1de41de7
0742760 1dde1ddc 1de11de1 1de31de2 1de51ddc
0743000 1dee1dee 1dec1deb 1df31dee 1df01dee
0743020 1dea1de6 1dec1dee 1ddf1df0 1dee1def
0743040 1df01df4 1df21ded 1df81dfa 1df91df8
0743060 1df51dfa 1df11df4 1df71df1 1dfb1dfb
0743100 1df51dfe 1e0a1e01 1e071e09 1e021e04
0743120 1dfa1dfe 1e081e07 1e021dff 1e001e07
0743140 1e081e06 1e031e07 1e081e07 1e0d1e09
0743160 1e081e08 1e0a1e0d 1e081e07 1e0a1e08
0743200 1e0e1e0c 1e111e13 1e131e0f 1e111e13
0743220 1e151e1b 1e1b1e12 1e151e14 1e121e17
0743240 1e1c1e18 1e131e12 1e161e14 1e171e14
0743260 1e1e1e15 1e151e1c 1e131e0d 1e1b1e0c
0743300 1e121e16 1e101e13 1e131e1c 1e1d1e14
0743320 1e1a1e15 1e151e13 1e171e1b 1e191e1f
0743340 1e0c1e15 1e151e0f 1e131e16 1e141e12
0743360 1e0f1e10 1e0e1e12 1e111e10 1e131e10
0743400 1e131e17 1e121e14 1e1c1e17 1e181e13
0743420 1e141e1b 1e191e19 1e151e11 1e1d1e13
0743440 1e191e1b 1e201e13 1e161e18 1e171e1b
0743460 1e1b1e16 1e181e19 1e0f1e13 1e121e11
0743500 1e141e13 1e0f1e0f 1e141e12 1e161e12
0743520 1e0c1e12 1e0d1e0d 1e101e15 1e131e0f
0743540 1e051e0c 1e091e02 1e081e11 1e101e0b
0743560 1e0b1e0b 1e0f1e0e 1e0e1e0a 1e0d1e10
0743600 1e0e1e0e 1e0f1e0b 1e0d1e0f 1e081e0a
0743620 1e091e05 1e031e04 1e031dfd 1e021dfe
0743640 1e0a1e06 1e111e12 1e101e14 1e091e08
0743660 1e0a1e0d 1e0a1e0a 1e0e1e0b 1e0a1e05
0743700 1e101e0c 1e0f1e0b 1e0e1e0b 1e091e0a
0743720 1e071e07 1e0d1e07 1e0e1e0b 1e0a1e09
0743740 1e071e0b 1e0f1e0f 1e091e0a 1e081e0a
0743760 1e011e0b 1e031e05 1e021e00 1e051e00
0744000 1e0c1e05 1df91e03 1e071e08 1dfa1dfd
0744020 1e0b1dff 1e001e03 1e081e05 1e091e03
0744040 1e111e0d 1e0e1e08 1e031e08 1e091e09
0744060 1e091e09 1e041e04 1e021e00 1e031e02
0744100 1e051e06 1e0f1e0a 1e071e06 1e0b1e0b
0744120 1e0b1e06 1e111e0f 1e101e0d 1e0a1e14
0744140 1e111e0b 1e041e0d 1e091e08 1e0c1e0f
0744160 1e081e08 1e121e06 1e111e0d 1e0d1e17
0744200 1e071e13 1e071e12 1e081e04 1e0f1e0d
0744220 1e151e10 1e111e16 1e101e0b 1e101e12
0744240 1e161e12 1e141e13 1e171e1b 1e191e1e
0744260 1e1d1e16 1e211e16 1e191e14 1e1c1e17
0744300 1e1e1e15 1e1d1e1a 1e1e1e1e 1e211e1a
0744320 1e271e22 1e271e24 1e2b1e1f 1e271e22
0744340 1e231e22 1e221e20 1e251e25 1e241e25
0744360 1e241e27 1e1e1e24 1e1c1e20 1e201e22
0744400 1e291e24 1e281e27 1e2c1e2a 1e271e29
0744420 1e271e28 1e2f1e2a 1e2d1e2f 1e321e2c
0744440 1e361e36 1e321e39 1e381e34 1e341e3e
0744460 1e3a1e3f 1e3b1e37 1e3a1e41 1e411e43
0744500 1e3f1e3a 1e3a1e3e 1e441e44 1e441e45
0744520 1e481e40 1e521e4d 1e431e49 1e481e4b
0744540 1e4a1e44 1e4e1e42 1e521e4e 1e561e51
0744560 1e511e56 1e571e54 1e5a1e54 1e571e58
0744600 1e5a1e58 1e551e5e 1e521e4d 1e601e58
0744620 1e5b1e58 1e591e5b 1e601e5f 1e621e5f
0744640 1e661e61 1e621e5e 1e671e6b 1e671e63
0744660 1e6d1e6d 1e6c1e6c 1e701e71 1e6c1e69
0744700 1e6f1e6e 1e771e74 1e7b1e79 1e751e76
0744720 1e711e77 1e6e1e7e 1e711e73 1e781e78
0744740 1e7c1e77 1e821e87 1e811e7f 1e801e80
0744760 1e8a1e80 1e8e1e8b 1e831e88 1e8f1e87
0745000 1e8d1e89 1e8a1e8e 1e8e1e8d 1e871e90
0745020 1e8a1e89 1e8e1e95 1e911e94 1e8d1e8e
0745040 1e9d1e98 1e9d1e9e 1e981e9a 1e951e9b
0745060 1e9f1e93 1e9b1e9a 1e9e1e9a 1ea21ea3
0745100 1ea61ea2 1ea81eaa 1ea21eac 1e9e1ea4
0745120 1e9e1e9f 1ea11ea0 1e9e1ea0 1ea51ea4
0745140 1ea31ea2 1ea11ea0 1ea91ea8 1ea71ea4
0745160 1ead1eaf 1eb61eae 1ebb1eb6 1eb91eb5
0745200 1ebe1ec1 1eb61ebb 1ec21eb9 1ec01ebb
0745220 1ebd1ebc 1eb31ebe 1eb11eb6 1ebb1eb7
0745240 1ebb1ec5 1ecc1eb8 1ec31ec6 1ebc1ec0
0745260 1eca1ec3 1ec71ec7 1ec21ec5 1ec41ec6
0745300 1ec21ec1 1ec81ec2 1ecc1ec8 1ed81ecf
0745320 1ed31ed5 1ecf1ed2 1ed21ed4 1ecf1ed0
0745340 1ed91ed7 1ed81ed3 1ed91ed6 1ed81ed9
0745360 1ed71edd 1edb1edd 1ee31edd 1edf1ee8
0745400 1ed61ede 1edb1ed7 1ede1edb 1ee81ee4
0745420 1ee71eeb 1ee31ee7 1ee31edc 1eeb1edd
0745440 1ee81ee9 1ee21ee0 1edf1ee1 1ee11ee7
0745460 1ee21ee4 1ee71ee5 1ee51ee7 1ee71eee
0745500 1eec1ef5 1ee81ee6 1ef61ef0 1ee21eea
0745520 1eec1eea 1eeb1eec 1eef1ee8 1ee81eeb
0745540 1eee1ef0 1ee81eed 1ee31eec 1eea1ee9
0745560 1eea1ee8 1ee81ee9 1eec1ef0 1ef41ee9
0745600 1ef11eeb 1ee51eee 1ee81ee9 1eed1ef4
0745620 1ee91eef 1eec1ef4 1eed1ef3 1eef1eec
0745640 1ef11eed 1ee11eed 1ede1ede 1ee81ee5
0745660 1ee11ee6 1ee91eea 1eef1ef1 1ef71eea
0745700 1eee1eef 1eec1ef2 1ef41ef6 1eed1eea
0745720 1eeb1eee 1ef31ef0 1ef11ef6 1ee51ef3
0745740 1eec1ef5 1ef41ef0 1eee1eeb 1efc1ef7
0745760 1ef01ef6 1ef31ef2 1ef61ef1 1ee91eee
0746000 1ee71ee8 1ed91ee5 1ee81ee7 1ee31ee5
0746020 1ee91ee7 1ee11eea 1eeb1ee9 1ee71ee8
0746040 1ee31ee9 1ede1ee2 1ede1eda 1ee71ee4
0746060 1ee21ee6 1ee21ed7 1edf1ee2 1ede1ee4
0746100 1ee41ee2 1ee71ee3 1edc1ee0 1ee41ee4
0746120 1ee51ee1 1ee71ee6 1ee11ee3 1ee01edf
0746140 1edd1ede 1edc1edb 1edd1ee1 1ee21edd
0746160 1edc1ee1 1ee61ee5 1ee41ee2 1ee31ee3
0746200 1ed71edb 1eda1ed5 1eda1ed5 1eda1ee1
0746220 1ed41ee2 1ee31ee1 1ede1edc 1eda1ee1
0746240 1ee01edf 1ee61edb 1ee31ee0 1ee01edb
0746260 1eda1edf 1ee11ee1 1edd1edf 1eda1ed9
0746300 1edd1edc 1edd1ede 1ed81edc 1edf1ee3
0746320 1edd1ee0 1ee01ede 1edf1ed7 1edb1eda
0746340 1ed51eda 1ed21ecf 1ed41ed5 1eda1ed7
0746360 1ed71ed7 1ed21ed4 1ed31ed0 1ed41ed5
0746400 1ed71eda 1ed21ed0 1ecf1ed1 1edb1ed8
0746420 1ee01edd 1ee21ede 1edf1ee1 1ede1ee2
0746440 1ede1edd 1ee01edf 1eec1ee6 1eea1ee9
0746460 1ee01edd 1ee51ee3 1edf1ee1 1ee21ee3
0746500 1edf1edb 1edb1ee0 1edd1ee1 1edb1eda
0746520 1ed71edb 1eda1ed9 1ee31edc 1ee21ee6
0746540 1ee51ee3 1ee71ee3 1ede1ee5 1edc1ee1
0746560 1ee41ee8 1ee31edf 1ee01ee5 1ee81ee1
0746600 1eeb1eed 1eed1ee8 1ee71eee 1ee51ee8
0746620 1eea1ee9 1eee1eed 1eee1eed 1eed1ef1
0746640 1eeb1ee8 1eef1eea 1eea1ee8 1ee91ee6
0746660 1ef41ef5 1ef71efa 1ee31eef 1eef1ef3
0746700 1ef61ef3 1efb1eef 1ef11ef7 1ef31ef0
0746720 1ef91ef4 1efd1ef7 1ef71efe 1efb1ef6
0746740 1ef71ef9 1f001efa 1f041f01 1eff1f00
0746760 1efc1efd 1efd1f00 1efe1f03 1eff1efe
0747000 1f051f03 1f041f09 1f0a1f08 1f0a1f0b
0747020 1f061f09 1f111f0b 1f0a1f08 1f071f06
0747040 1f0b1f00 1f0b1f09 1f111f0d 1f121f11
0747060 1f131f13 1f1b1f1f 1f1a1f17 1f211f20
0747100 1f1d1f19 1f191f18 1f171f1c 1f1c1f1d
0747120 1f201f18 1f1f1f1e 1f1c1f1c 1f1d1f1c
0747140 1f1b1f1c 1f291f20 1f211f22 1f1b1f23
0747160 1f1f1f26 1f291f24 1f2b1f2d 1f241f22
0747200 1f271f25 1f281f21 1f2d1f32 1f331f36
0747220 1f3e1f38 1f361f3a 1f3c1f3e 1f3c1f3c
0747240 1f3e1f34 1f381f3e 1f321f32 1f2e1f2f
0747260 1f391f33 1f3e1f40 1f3f1f42 1f401f41
0747300 1f3b1f39 1f3c1f3b 1f3a1f3a 1f3c1f3d
0747320 1f3f1f3f 1f3c1f42 1f3d1f43 1f411f43
0747340 1f401f43 1f471f45 1f471f47 1f4c1f4b
0747360 1f4e1f50 1f461f4b 1f4d1f48 1f521f58
0747400 1f4a1f54 1f541f4f 1f511f52 1f541f54
0747420 1f591f58 1f651f5e 1f631f61 1f571f5c
0747440 1f641f64 1f5e1f62 1f601f62 1f601f5b
0747460 1f611f63 1f541f62 1f5c1f63 1f601f5c
0747500 1f6a1f5e 1f6f1f6e 1f701f70 1f6f1f6e
0747520 1f731f74 1f701f76 1f751f6c 1f781f75
0747540 1f751f73 1f6d1f72 1f761f74 1f691f73
0747560 1f751f75 1f771f7d 1f7b1f6f 1f781f7a
0747600 1f7a1f7c 1f791f7e 1f7d1f7d 1f7b1f7a
0747620 1f7c1f7a 1f7f1f7a 1f811f87 1f801f82
0747640 1f7d1f82 1f821f7e 1f7f1f81 1f791f82
0747660 1f821f82 1f841f7d 1f8e1f87 1f831f88
0747700 1f811f85 1f861f86 1f8b1f7f 1f8a1f98
0747720 1f8c1f8b 1f8d1f88 1f8a1f8e 1f871f89
0747740 1f891f89 1f8b1f87 1f871f8e 1f951f8b
0747760 1f931f93 1f8d1f8a 1f891f8d 1f881f91
0750000 1f861f8b 1f981f8f 1f951f99 1f8e1f96
0750020 1f941f8c 1f911f93 1f911f8f 1f9a1f95
0750040 1f9f1f9b 1f951f93 1f9b1f95 1f981f98
0750060 1f8d1f93 1f8f1f8c 1f851f8f 1f851f85
0750100 1f881f7d 1f8f1f8b 1f8c1f8b 1f8c1f94
0750120 1f981f94 1f941f98 1f9c1f98 1f981f92
0750140 1f931f93 1f921f8a 1f8b1f87 1f941f8d
0750160 1f8c1f8b 1f8a1f8d 1f931f94 1f911f93
0750200 1f961f90 1f901f90 1f8d1f8d 1f971f91
0750220 1f8f1f8f 1f901f8c 1f8a1f88 1f981f8a
0750240 1f8b1f8b 1f951f8a 1f981f99 1f931f9c
0750260 1f8d1f8f 1f891f95 1f871f8c 1f8b1f83
0750300 1f881f89 1f881f87 1f891f8e 1f841f89
0750320 1f8f1f8e 1f7d1f8c 1f821f82 1f7f1f85
0750340 1f8a1f87 1f821f86 1f811f7e 1f771f76
0750360 1f751f77 1f831f76 1f881f84 1f8a1f8b
0750400 1f851f87 1f861f85 1f901f89 1f891f7f
0750420 1f8a1f8f 1f821f83 1f811f8b 1f8a1f81
0750440 1f851f86 1f871f86 1f8b1f8a 1f811f8d
0750460 1f7b1f7b 1f821f7d 1f871f86 1f851f83
0750500 1f861f85 1f821f82 1f7e1f7a 1f7e1f7c
0750520 1f7a1f84 1f7f1f88 1f801f83 1f871f85
0750540 1f7f1f83 1f7e1f7e 1f781f80 1f831f7e
0750560 1f871f7d 1f821f87 1f841f83 1f7d1f83
0750600 1f7d1f7e 1f831f78 1f871f83 1f891f8a
0750620 1f841f84 1f831f82 1f821f7f 1f7e1f82
0750640 1f7e1f88 1f841f82 1f831f82 1f811f82
0750660 1f891f86 1f8a1f8b 1f8a1f85 1f7d1f82
0750700 1f871f78 1f861f89 1f8e1f87 1f851f87
0750720 1f811f81 1f8c1f7e 1f8f1f87 1f8b1f8e
0750740 1f911f92 1f8d1f8a 1f8a1f8a 1f7d1f81
0750760 1f841f80 1f8c1f8f 1f941f8c 1f8b1f85
0751000 1f7d1f88 1f871f86 1f841f8e 1f951f8d
0751020 1f871f8d 1f891f8e 1f891f8a 1f8f1f8c
0751040 1f8d1f8c 1f8f1f88 1f8b1f88 1f8f1f88
0751060 1f8d1f8e 1f8d1f8a 1f911f91 1f881f8e
0751100 1f8d1f89 1f921f93 1f8f1f91 1f971f97
0751120 1f941f96 1f8b1f92 1f8e1f8e 1f8b1f95
0751140 1f9a1f8f 1f981f99 1f9a1f90 1f9a1f95
0751160 1f971f98 1f9e1fa0 1f9b1f9d 1f9e1f9a
0751200 1f991f9e 1f9c1f98 1fa51f9c 1f9c1f9c
0751220 1f9f1fa2 1f9c1fa4 1f981f97 1fa41f95
0751240 1fa61fa2 1fa41fab 1f9e1fa9 1fa21fa8
0751260 1fa61fa2 1fa81fa7 1fa31fa1 1fa21fa7
0751300 1fa31fa6 1fa61fa1 1fa31fa3 1fa91fa5
0751320 1fb01fb2 1fb41fb0 1fae1fad 1fae1fae
0751340 1fb01faa 1fb41fae 1fb61fb6 1fb21fb2
0751360 1fb41fb6 1fad1fb2 1fb21fb8 1fac1fb5
0751400 1fb11fa4 1fb51fb9 1fbf1fbc 1fc11fbe
0751420 1fbd1fc6 1fbe1fbc 1fb61fbf 1fb61fb3
0751440 1fb81fb9 1fbb1fba 1fc01fb7 1fbd1fbf
0751460 1fb91fbc 1fbd1fc3 1fbe1fba 1fbd1fbf
0751500 1fb41fb7 1fc01fb9 1fc31fc4 1fcc1fc8
0751520 1fca1fc8 1fc31fc7 1fc81fc7 1fc91fcb
0751540 1fce1fcd 1fcb1fc7 1fc41fc8 1fc41fc4
0751560 1fc41fc9 1fc31fc3 1fca1fca 1fd61fd4
0751600 1fd71fd9 1fdb1fd7 1fd41fd6 1fd51fd2
0751620 1fd71fd2 1fda1fd8 1fde1fd7 1fcd1fd7
0751640 1fd31fd9 1fda1fd8 1fd61fdf 1fe21fdd
0751660 1fe01fdc 1fe31fde 1fe81fe4 1fe41fe8
0751700 1fe91fea 1fdf1fe4 1feb1feb 1fe91feb
0751720 1fe71fec 1fe91feb 1fe61fe9 1fed1fee
0751740 1ff21fea 1fed1ff4 1ff61ff9 1ff71ff7
0751760 1ff91ff4 1ffb1ffe 1ff51ffd 1ff11ff7
0752000 1ff71ffa 1ffd1ff5 1ffc1ffd 1ffb1ff9
0752020 1ff71ff7 1ffd1ff5 1ffa1ffa 20072001
0752040 20032002 2000200a 1ffe2000 200a2001
0752060 200a2009 2005200a 20032007 20072008
0752100 20082002 20022008 20082008 20042004
0752120 2005200e 20082004 20062004 200d200d
0752140 200f2011 2006200c 20072002 2001200b
0752160 20042009 20092004 20012009 20092004
0752200 2006200c 20012007 200e200b 2016200c
0752220 20102014 20132012 20132013 200d2019
0752240 20112010 2014200d 20152017 200e200b
0752260 200f200e 201d2014 20212017 201d2018
0752300 20162016 20162015 20102010 2013200a
0752320 20172017 201c2016 2018201e 20172017
0752340 20162014 20102016 2009200c 2007200f
0752360 20182011 20152013 20182016 20142013
0752400 20112013 20162013 20132012 20152014
0752420 201a2010 20162017 2018200f 201a2011
0752440 201a201a 20172016 20132015 20162019
0752460 20182018 201c2019 2016201a 20142013
0752500 200c2018 2013200c 20152013 20142013
0752520 200f200f 20122015 200a200f 20112010
0752540 20192015 201a2010 20202014 201b2015
0752560 20182015 201b201d 201a201d 20102014
0752600 2016200c 200e2010 200e2012 2009200f
0752620 200b2006 20122014 2014200a 200f2017
0752640 20142018 20162012 2012200f 2012200f
0752660 200f2010 2016200e 2018201b 200b200f
0752700 20102007 200c200f 200c200f 20132009
0752720 200e200f 20152012 2012201c 200f2015
0752740 20182010 20192016 20152012 2011200b
0752760 201a2015 20112015 20192014 20152018
0753000 20152017 20182016 20162019 201f201c
0753020 2016201c 20182019 20182018 201d2018
0753040 201c201a 2015201b 200e201a 20142012
0753060 20102019 201d2016 200f2014 20232016
0753100 20132019 2017200d 20142010 20132012
0753120 201c201b 201f2020 201b2020 20172019
0753140 200c2013 200e2012 201a2011 201e2019
0753160 201f201d 201f201a 2019201d 201f2021
0753200 20182018 2017201c 201f201c 202c2025
0753220 2022201c 20272023 20252022 201f2029
0753240 20282024 20232027 20242021 20252021
0753260 201f2021 20272023 202e2028 202d2030
0753300 20272025 20262028 20272020 20282029
0753320 202c2027 202c2026 2024202c 20312025
0753340 20292031 2035202a 202d2030 20292030
0753360 202b2028 2026202a 202a2022 202e2028
0753400 2034202b 20312031 20302032 202b202b
0753420 2031202c 20362036 20342037 20312037
0753440 2033202e 20302031 20342034 20362033
0753460 2037203b 203a203c 20412036 203a203e
0753500 20392040 203c2037 2037203f 203c2036
0753520 2037203b 20362038 2037203d 203a2039
0753540 2045203f 2045204a 20472046 203c203d
0753560 2039203c 20412039 203b203b 203b2040
0753600 20482047 20412040 204d2044 2047203a
0753620 20412048 20412048 20442045 20522047
0753640 20412046 203d203f 2043203c 20432045
0753660 204c204d 204f2049 20452047 204c204c
0753700 204d204c 204b203f 20472046 2049204c
0753720 204c2048 204e2048 20502049 2054204d
0753740 2052204b 2047204c 204f2049 204f2050
0753760 2047204f 204c204d 20542053 20552056
0754000 205d2058 204e2056 20502051 204d2051
0754020 20522051 2058204d 2052204e 20572059
0754040 20582057 2058205d 205d205b 205e205a
0754060 205e2060 20612062 205f2063 20652060
0754100 205d2063 205a2060 2058205c 205a205b
0754120 2062205e 205f2064 20622068 20612069
0754140 20602061 20652062 20682067 206d2073
0754160 206b206a 20692068 206f206a 206d2068
0754200 2068206a 20712068 2070206b 206a206f
0754220 206c206c 2070206f 20732072 20732070
0754240 20712077 206c206c 206c206e 206a206f
0754260 206f206c 20682073 206a2072 2070206c
0754300 2074206e 206b206b 206a206d 20782078
0754320 206f2072 207b2078 2073207b 20782072
0754340 20752078 207b2078 207a2077 207e207d
0754360 20862080 20822083 20822088 207a207e
0754400 207b2077 207e207f 207e207d 207e207f
0754420 207d2077 207d2075 2075207a 207a2079
0754440 207b2078 207c2076 20782079 207b2075
0754460 20792076 20792077 207c207d 2081207b
0754500 2081207a 207d207f 20762079 2078207e
0754520 2083207c 20862085 20842082 208d2084
0754540 20822086 207e207f 20852083 20802084
0754560 206c207d 20772077 20782077 207d2078
0754600 2081207d 2081207d 207c208a 207f207f
0754620 2080207d 20842084 207b207e 207c207e
0754640 207a2078 20802076 207d207e 20752083
0754660 207d207f 2084207e 207c207a 207f207f
0754700 207a207b 20712073 2078207b 207d2079
0754720 207a2074 2077207a 207c207c 2082207e
0754740 20822083 207b207b 20842082 207b207f
0754760 20782079 2081207c 207c207d 20802075
0755000 207b2076 207a2076 20852083 20832077
0755020 20822081 20862078 207a2082 207b2078
0755040 20792087 20792077 20832079 207f207c
0755060 2083207e 207d207d 207a2082 2081207e
0755100 207c207c 20792075 20792075 2081207c
0755120 20872082 20822083 2085207e 20822082
0755140 2082207b 20812081 207e207b 208b2088
0755160 20802085 20852080 2083207f 20872087
0755200 208d2087 208c2090 207c2087 207d207e
0755220 20892086 20842082 20852086 20842084
0755240 20882084 20852082 20852088 208a2086
0755260 20852088 2089208d 208d2088 20842083
0755300 208b208d 20852087 208a2085 208b208f
0755320 208e2090 20962091 20912091 20892090
0755340 2091208c 208d208f 208f208a 208b208d
0755360 20852094 208e208a 20952090 20942097
0755400 208d2092 208d208c 2085208c 208b2086
0755420 208f2090 20902091 20902092 209b2091
0755440 209a2093 20942097 208d2090 20932097
0755460 20982099 2099209a 20962094 20992098
0755500 209e20a1 20a22098 209d209e 2094209c
0755520 20912099 20902098 208f2093 2096209a
0755540 209d2094 209720a5 209d2098 209e209f
0755560 20a420a3 20ab209d 20a220a2 20ad20a2
0755600 20ac20ad 20ab20a4 20a120a3 2096209e
0755620 209b20a1 209a209b 20b020a8 20a920ae
0755640 20a920a2 20a820a4 20a920a6 20a420a6
0755660 20a520a5 20aa20a8 20ad20a6 20a520a7
0755700 20ab20a7 20aa20ad 20ac20af 20b020af
0755720 20ad20ac 20ae20ae 20b720b0 20b220b8
0755740 20b820b1 20ab20b1 20b220b1 20b320b1
0755760 20b020b0 20b320b1 20b220b4 20b820b3
0756000 20bb20b9 20b620bf 20b720b6 20b820b8
0756020 20b920b3 20b820b5 20bb20c2 20c320bc
0756040 20b420b4 20be20b8 20bf20c3 20be20be
0756060 20bc20bb 20c120bd 20c020bc 20c120c1
0756100 20bc20bf 20c720c4 20c620c1 20bf20bc
0756120 20bf20c5 20be20c0 20c320c3 20c920bf
0756140 20c420c4 20c520c5 20c620c8 20c420c4
0756160 20c520c6 20c820c5 20c820c6 20c820c6
0756200 20c620ca 20bf20c6 20c220bb 20c620c3
0756220 20be20c6 20c820c7 20c520c6 20c120bd
0756240 20c820c3 20c020c8 20be20c5 20be20b6
0756260 20c120c5 20cb20c4 20be20c5 20c220c6
0756300 20cb20c9 20d120c5 20cb20d5 20c920ce
0756320 20ca20d1 20ca20cd 20c520c8 20cd20c5
0756340 20d020d3 20d220d3 20d420d3 20cd20d4
0756360 20d020d6 20cc20d1 20cc20cc 20cc20c6
0756400 20cb20c7 20ca20c9 20c920ce 20cc20d0
0756420 20cc20d0 20d220cf 20cb20d6 20d120cc
0756440 20d420cc 20d220d5 20cf20d5 20ce20d8
0756460 20cb20d5 20d020d4 20d220d6 20d120d3
0756500 20cf20d3 20d020cd 20cc20ce 20d120c7
0756520 20d120d3 20cc20cd 20cf20d0 20d920cd
0756540 20db20d8 20de20d9 20e020dc 20d220dd
0756560 20d320da 20d620db 20de20d8 20d920da
0756600 20d320d2 20d120d4 20d220d7 20d820d3
0756620 20ce20d1 20d920d6 20db20d3 20d520d5
0756640 20d620d2 20d820d3 20db20dc 20d520d7
0756660 20d920d5 20da20d2 20cd20d0 20cf20d3
0756700 20d220d5 20d420ce 20cd20ce 20cd20ce
0756720 20c920cb 20cc20d5 20d620d5 20db20d2
0756740 20de20da 20d120db 20cc20d8 20d220ce
0756760 20c820d1 20c120c6 20cc20ca 20cb20c4
0757000 20c920d8 20d020c8 20cf20d6 20c320ca
0757020 20c920cb 20ce20c7 20cb20d0 20cd20cc
0757040 20ca20cf 20c520cc 20ca20c8 20cc20c5
0757060 20c820c8 20c120c7 20c220c5 20c320bd
0757100 20d020c1 20c820c5 20ca20cf 20cb20ca
0757120 20d020cb 20ce20c3 20cd20d1 20c420cb
0757140 20c620c7 20c720bf 20cf20c7 20c220cc
0757160 20cb20c8 20d220cc 20cf20c6 20d020cc
0757200 20ce20c6 20c920c8 20cc20cd 20cb20d0
0757220 20c920ce 20c220cf 20c620cd 20c620c3
0757240 20d920d6 20d520d4 20cf20d0 20ca20cc
0757260 20ca20cd 20d320ce 20cc20cd 20cf20d1
0757300 20d220ce 20ce20cc 20d920d2 20d720d6
0757320 20d420ce 20d020d9 20ce20ce 20d020ce
0757340 20da20d2 20d720d4 20d020db 20d620df
0757360 20d020cf 20ca20ca 20d320da 20dc20d2
0757400 20dc20dc 20e120e0 20e020e1 20db20d9
0757420 20dc20dd 20e020ea 20d820e0 20db20d9
0757440 20d220da 20d220d6 20d720d1 20da20d8
0757460 20e320e1 20e320e1 20e220e6 20d920e6
0757500 20e520e2 20d520df 20df20d2 20d720e3
0757520 20e120e4 20de20de 20dc20dc 20db20df
0757540 20e120e0 20ea20e6 20e820e9 20ed20ec
0757560 20e520e9 20e220eb 20e820e0 20e920e6
0757600 20ec20e9 20eb20ea 20f020f5 20ee20f2
0757620 20f420f2 20f120ed 20f820ee 20f520f2
0757640 20f520f8 20f120f9 20f420f5 20ff20fa
0757660 20f720fd 20ef20f7 20f820ef 20f420f6
0757700 20fd20fb 20fd2103 21042101 21022108
0757720 21052102 21032101 210320fd 20f720fe
0757740 20f820fd 210020fb 210220fa 21012102
0757760 21052100 210b2108 210b2109 210a2108
0760000 21142111 21092107 20fd20ff 21042104
0760020 21072106 210b2109 210c210f 210c2108
0760040 210b210a 2105210b 2109210c 210b210a
0760060 2108210a 21102108 2113210f 2112210d
0760100 2114210e 210e210f 21122117 211c2117
0760120 211b211d 2119211a 211a2117 b010048c
0760140 00000fcc 0001000a 00010000 03b16010
0760160 00000ffc 0001000a 1400003c add01f00
0760200 add01f01 add01f02 add01f03 add01f04
0760220 add01f05 add01f06 add01f07 add01f08
0760240 add01f09 add01f0a add01f0b add01f0c
0760260 add01f0d add01f0e add01f0f add01f10
0760300 add01f11 add01f12 add01f13 add01f14
0760320 add01f15 add01f16 add01f17 add01f18
0760340 add01f19 add01f1a add01f1b add01f1c
0760360 add01f1d add01f1e ff000134 00000020
0760400 00000002 ade89153 00000001 deadbeef
0760420 f0000002 ade8913f 120b67e9 00000000
0760440 00000134 00001f48 a011048d 21f7211b
0760460 21f621fe 21fd21fc 220221fc 22032202
0760500 21ff2202 21fa2201 21fd21f9 21ff21f1
0760520 21ff2204 21fe2208 21f221fb 21fa21fd
0760540 21fb21f7 21fd2200 21fb21ff 220821fe
0760560 22012203 220421ff 22012207 22032201
0760600 2206220b 22082210 220c2209 22102208
0760620 22122210 22082211 220d2203 21fc2207
0760640 220b2208 220b220c 2207220a 2211220a
0760660 220a220f 2208220e 22042204 22092200
0760700 22092205 220a2209 220c220a 220821ff
0760720 22092203 21fe2208 22092200 22012203
0760740 22022202 22022205 22082202 22042203
0760760 22092207 2210220b 21fd21f7 21fa2207
0761000 21fb21fd 21fe21ff 220221fe 22022202
0761020 2204220a 2205220a 220c220a 2204220d
0761040 2204220a 22062204 22062207 220d2208
0761060 22082207 22132209 220b220c 22022209
0761100 22042200 22062205 22112208 2211220f
0761120 22132211 220f220c 212821f7 1f392024
0761140 1e0d1e91 1d941dc6 1d661d78 1d501d57
0761160 1d4d1d53 1d4f1d4e 1d541d4d 1d4e1d4c
0761200 1d4f1d4e 1d511d4d 1d4a1d48 1d4e1d4f
0761220 1d491d4a 1d431d46 1d481d3f 1d4f1d4d
0761240 1d461d40 1d491d3f 1d451d4e 1d4d1d4c
0761260 1d511d51 1d4d1d50 1d4a1d4d 1d4c1d4d
0761300 1d501d56 1d4f1d51 1d4c1d4c 1d4b1d4f
0761320 1d4d1d4c 1d561d50 1d541d5e 1d4b1d4e
0761340 1d4d1d47 1d531d50 1d521d58 1d501d4b
0761360 1d531d4c 1d541d55 1d541d4e 1d541d52
0761400 1d511d58 1d531d54 1d531d52 1d541d55
0761420 1d511d58 1d591d5b 1d511d57 1d591d59
0761440 1d541d5b 1d4e1d50 1d561d51 1d5b1d5a
0761460 1d5f1d5b 1d5e1d60 1d561d59 1d5d1d5f
0761500 1d611d64 1d611d5d 1d5f1d68 1d551d59
0761520 1d561d60 1d591d5b 1d501d50 1d561d52
0761540 1d521d5b 1d4c1d61 1d551d53 1d561d50
0761560 1d501d59 1d581d57 1d591d59 1d5d1d51
0761600 1d5e1d64 1d571d59 1d5b1d58 1d5e1d5a
0761620 1d5b1d61 1d5b1d5d 1d591d58 1d5c1d60
0761640 1d5f1d61 1d641d5f 1d5f1d5e 1d5c1d59
0761660 1d581d5e 1d5d1d5f 1d5d1d5e 1d601d5c
0761700 1d601d5d 1d591d5e 1d5c1d66 1d5b1d5c
0761720 1d571d5c 1d5d1d60 1d601d5e 1d5f1d60
0761740 1d591d5c 1d571d5b 1d5e1d5e 1d581d5e
0761760 1d5d1d65 1d641d61 1d661d5b 1d661d62
0762000 1d651d6a 1d6e1d67 1d691d68 1d6c1d64
0762020 1d601d64 1d6a1d61 1d681d65 1d681d69
0762040 1d6b1d65 1d691d6a 1d681d65 1d6f1d70
0762060 1d681d6f 1d6c1d6b 1d6a1d69 1d641d65
0762100 1d711d6e 1d6a1d6e 1d6f1d6e 1d6e1d6e
0762120 1d6d1d6b 1d6e1d71 1d7c1d7a 1d731d79
0762140 1d731d73 1d6c1d74 1d731d70 1d7f1d7c
0762160 1d811d76 1d781d77 1d741d75 1d7d1d7a
0762200 1d801d7d 1d7e1d7a 1d831d7a 1d741d7b
0762220 1d831d7c 1d7c1d86 1d891d80 1d841d83
0762240 1d781d7c 1d7c1d7a 1d7e1d7c 1d861d89
0762260 1d811d7f 1d7f1d7c 1d821d87 1d881d83
0762300 1d7f1d80 1d871d87 1d8a1d8c 1d841d8a
0762320 1d871d8c 1d8e1d8f 1d8f1d90 1d931d93
0762340 1d8c1d90 1d8f1d91 1d921d91 1d9b1d93
0762360 1d901d93 1d911d91 1d971d95 1d9d1d98
0762400 1d8f1d97 1d951d92 1d8f1d99 1d941d94
0762420 1d981d8f 1d981d9a 1d9b1d99 1da51da5
0762440 1da41da0 1dab1da3 1dac1da6 1daa1da7
0762460 1da61da8 1da71dac 1db11dab 1dac1db0
0762500 1dab1dae 1db71db6 1db01db1 1dba1dac
0762520 1db71db4 1db21dba 1dbb1db7 1db51dba
0762540 1db51dac 1dab1dae 1dae1dae 1db71db5
0762560 1dbb1db6 1dbc1dbd 1db81dc0 1dba1dba
0762600 1dc01dbe 1dc51dc1 1dbd1dbd 1dc11db8
0762620 1dbf1dbc 1dbe1dbc 1db91dbf 1dc11dc4
0762640 1dc51dc4 1dc51dc8 1dc11dc0 1dbe1dc1
0762660 1dc51dc1 1dcf1dc8 1dc91dd2 1dca1dcd
0762700 1dce1dcc 1dd51dcc 1dd31dd0 1dd21dcf
0762720 1dd41dd8 1dce1dd2 1dcb1dc9 1dd11dd1
0762740 1dd31dd3 1de01de3 1dda1ddb 1ddc1dda
0762760 1dd81dda 1ddd1dd9 1ddd1dd7 1ddc1ddb
0763000 1dd91ddb 1ddd1dde 1de01ddc 1ddb1de4
0763020 1ddc1de1 1ddf1dd9 1dde1ddd 1de81de8
0763040 1de31de8 1de71de3 1deb1dea 1de61dec
0763060 1de41dea 1ddc1de2 1dea1de7 1def1dee
0763100 1df11df1 1dee1df4 1dee1df1 1df01deb
0763120 1dee1de7 1de91de4 1ded1de8 1de91dec
0763140 1deb1ded 1deb1de4 1deb1de6 1dee1dec
0763160 1deb1dee 1def1ded 1de91def 1df41df5
0763200 1de81df0 1df21df5 1dea1ded 1dfb1df1
0763220 1df71df3 1df71dfb 1dfc1df5 1df71df4
0763240 1dfe1df6 1df71df9 1df81df7 1dfe1dfc
0763260 1e051e02 1dfa1dfd 1dfc1df8 1e031dfb
0763300 1e081e03 1dfe1e05 1e081e00 1e021e01
0763320 1df91dfc 1df81df6 1e041e06 1e0e1e09
0763340 1e0b1e06 1e0b1e01 1e021e05 1e091e09
0763360 1e0e1e07 1e0c1e0e 1e111e0d 1e121e11
0763400 1e0d1e10 1e0c1e0e 1e0c1e0f 1e0f1e0a
0763420 1e161e15 1e111e0d 1e161e10 1e161e16
0763440 1e091e14 1e161e10 1e0e1e16 1e131e0e
0763460 1e0a1e09 1e151e12 1e191e1f 1e1c1e1c
0763500 1e1f1e1e 1e1c1e19 1e181e17 1e1a1e18
0763520 1e1b1e14 1e271e1f 1e271e1f 1e1f1e21
0763540 1e211e25 1e261e20 1e221e24 1e241e22
0763560 1e1c1e21 1e281e25 1e271e26 1e261e26
0763600 1e241e20 1e1f1e2b 1e241e24 1e201e23
0763620 1e251e1d 1e1c1e21 1e1e1e1b 1e1f1e20
0763640 1e231e22 1e241e21 1e251e26 1e2b1e27
0763660 1e261e23 1e271e27 1e2c1e29 1e2b1e20
0763700 1e291e2d 1e2c1e2b 1e2e1e2e 1e2b1e27
0763720 1e231e2f 1e2a1e23 1e261e2a 1e291e28
0763740 1e331e2a 1e311e35 1e2d1e30 1e2a1e2a
0763760 1e2a1e29 1e2f1e30 1e2a1e2a 1e2e1e31
0764000 1e271e2d 1e291e29 1e2d1e2a 1e341e2f
0764020 1e341e33 1e301e30 1e331e36 1e351e2d
0764040 1e361e30 1e2a1e2c 1e321e2c 1e381e34
0764060 1e401e3f 1e301e38 1e2e1e33 1e351e35
0764100 1e3d1e3a 1e381e41 1e3a1e3c 1e371e38
0764120 1e381e3b 1e341e3b 1e391e30 1e371e35
0764140 1e3c1e3c 1e441e40 1e3c1e44 1e361e33
0764160 1e371e3c 1e341e33 1e3e1e41 1e371e39
0764200 1e3f1e31 1e3c1e41 1e421e3c 1e461e40
0764220 1e491e48 1e491e46 1e411e47 1e471e44
0764240 1e471e44 1e401e3e 1e4b1e42 1e491e4a
0764260 1e461e51 1e4c1e43 1e4d1e49 1e4e1e4a
0764300 1e471e4d 1e4d1e51 1e4e1e4c 1e4d1e47
0764320 1e511e55 1e511e4e 1e561e4d 1e5f1e58
0764340 1e5f1e5c 1e561e55 1e501e58 1e5b1e54
0764360 1e5a1e5b 1e571e58 1e5c1e5c 1e611e5b
0764400 1e591e5b 1e5c1e61 1e5b1e58 1e5d1e5d
0764420 1e6a1e67 1e541e65 1e5d1e5c 1e581e5e
0764440 1e5e1e5a 1e5b1e5c 1e611e66 1e671e61
0764460 1e691e6d 1e641e67 1e5f1e67 1e611e61
0764500 1e6b1e6d 1e701e64 1e6f1e6e 1e6f1e73
0764520 1e701e6c 1e761e75 1e701e71 1e6c1e66
0764540 1e6c1e6d 1e641e67 1e661e6a 1e791e75
0764560 1e7d1e77 1e7a1e76 1e731e75 1e7c1e72
0764600 1e7d1e7a 1e7f1e7a 1e7d1e7a 1e8a1e82
0764620 1e861e8e 1e841e84 1e8c1e8b 1e861e8d
0764640 1e841e86 1e851e86 1e851e80 1e8b1e87
0764660 1e861e89 1e7e1e8b 1e931e86 1e901e89
0764700 1e941e8a 1e931e90 1e8e1e8d 1e901e95
0764720 1e911e8b 1e9a1e91 1ea01e98 1e971e9c
0764740 1e961e98 1e891e90 1e971e92 1e971e97
0764760 1e9b1e93 1e981e9a 1e991e99 1e9c1e98
0765000 1e9a1e9a 1e9e1ea1 1ea41ea7 1ea81ea5
0765020 1ea11ea3 1e9e1ea1 1e9d1e9e 1ea21e9f
0765040 1ea81ea0 1ea51ea8 1ea61ea6 1ea51ea2
0765060 1ea41ea7 1ead1ea8 1ea81eae 1ea61ead
0765100 1ea71eab 1ea81ea4 1ea71ea7 1eaf1eab
0765120 1eac1eaf 1eb01eb0 1eb61eaf 1ea51eaa
0765140 1eb21eac 1eb11eab 1ea91eab 1eb41ea8
0765160 1eb11eb6 1eba1ebd 1eb51eb7 1eb21eb4
0765200 1eb41eb6 1eb91eb7 1eb31eb6 1eb51eb5
0765220 1eb91eb8 1ebb1eba 1ec01ec6 1ebc1ebe
0765240 1eb31eb9 1ebd1eb5 1eba1ec2 1eb41eb9
0765260 1ebb1eb4 1eb71eba 1eba1ebb 1eb71eb3
0765300 1ebe1ec1 1ebb1ebd 1eb91eb9 1eb51eb9
0765320 1ec01ec1 1ec11ec0 1ebc1ebe 1ebb1eb7
0765340 1eb41eba 1eb61eb1 1eb81eb7 1ec01eb3
0765360 1ebb1ebb 1ebb1ebe 1eba1ebf 1eb01ec0
0765400 1ec61ec0 1ec41ec0 1ec21ebe 1ec21ec6
0765420 1ec11ec0 1eb81ebf 1ebf1ebf 1ec31ec1
0765440 1ec71ecb 1ec71ec9 1ecd1ec8 1ecb1ec4
0765460 1ecd1ecc 1ecd1ecb 1ec61ec4 1ec91ec5
0765500 1ebf1ec3 1ec41ec7 1ec61ece 1ecb1ecd
0765520 1ec61ecd 1ec81ec7 1ec51ecd 1ec21ec6
0765540 1ecf1ecf 1ed21ece 1ec61ecc 1ecb1ec5
0765560 1ecc1ec3 1ed21ec9 1ecd1ec9 1eca1ed1
0765600 1ece1ece 1eca1ed1 1ecd1ec9 1ed11ec3
0765620 1ecc1eca 1ecf1ed2 1ecc1ecb 1ec91ecf
0765640 1ec91ecf 1ed21ed9 1ec91eca 1ecb1ec9
0765660 1ed51ecd 1ede1ed9 1ed91ed9 1edb1eda
0765700 1ed41ed4 1ed61ed6 1ed31ece 1ed91edb
0765720 1ed81edd 1ee01ee0 1ee21ee0 1ee01ee0
0765740 1ede1eda 1ed41ed7 1edc1ed7 1edf1edb
0765760 1ee81edd 1edf1ee2 1eda1edd 1ed71ee0
0766000 1ed61edc 1ee01ed6 1ee41ee6 1ee61ee1
0766020 1ee11ee1 1ede1eda 1edf1ede 1edb1ed9
0766040 1ede1edf 1ee11edc 1eda1ed9 1eda1ed4
0766060 1ee31edc 1edf1ede 1edb1ed7 1ed91ed9
0766100 1edd1ed6 1edc1ed2 1ed61edb 1ee51ee2
0766120 1ed41eda 1ed71edd 1edf1ede 1edb1ee0
0766140 1ee61ee5 1ed91edb 1ee41ee3 1eeb1ee4
0766160 1ee61ee6 1eea1ee8 1ee41ee6 1ede1ed8
0766200 1ee11edb 1ee01ee5 1ee71ee8 1ee71ee0
0766220 1ee91ee4 1ee41eea 1ee21ee4 1eea1eef
0766240 1ee81ee9 1ef11eed 1ee81eea 1ee31ee3
0766260 1ede1ee2 1ee11ee6 1eea1ee4 1ee01eeb
0766300 1edd1ee5 1ede1ed9 1eea1ee8 1ef21eec
0766320 1ee11ee6 1eea1ee8 1ee91eea 1ee91eef
0766340 1ee41ee1 1ee51ee3 1eef1eea 1eec1eed
0766360 1ee51ee1 1ef11eec 1eed1ef0 1eee1ef5
0766400 1eee1ef0 1ef51ee9 1ef41ef1 1ef51ef4
0766420 1ef41ef5 1ef51ef5 1ef41ef7 1ef31ef5
0766440 1eef1ef4 1ef71efa 1ef61ef5 1eee1ef9
0766460 1ef91ef2 1ef71ef8 1eff1ef6 1efb1efc
0766500 1ef71efd 1ef91ef4 1ef41ef4 1efc1efa
0766520 1ef81ef8 1efc1efc 1efb1f02 1f041eff
0766540 1f0a1f04 1f081f11 1f101f0c 1f141f0c
0766560 1f151f10 1f051f0d 1f001f02 1f071f0b
0766600 1f0e1f03 1f121f08 1f151f0e 1f101f18
0766620 1f181f15 1f261f1e 1f121f1f 1f121f0f
0766640 1f0c1f17 1f031f0b 1f1a1f0f 1f1a1f17
0766660 1f1a1f14 1f161f1c 1f1e1f1f 1f1f1f19
0766700 1f1b1f1d 1f231f1e 1f261f25 1f261f24
0766720 1f201f23 1f231f1d 1f271f28 1f291f2a
0766740 1f331f29 1f301f2c 1f331f32 1f2d1f33
0766760 1f351f36 1f3e1f2c 1f381f36 1f381f33
0767000 1f2d1f2c 1f381f33 1f3d1f39 1f3d1f3e
0767020 1f3a1f3f 1f371f39 1f371f2e 1f3f1f3b
0767040 1f481f40 1f3a1f3d 1f3f1f41 1f3f1f43
0767060 1f4a1f44 1f4c1f4a 1f411f4b 1f451f44
0767100 1f4a1f49 1f491f47 1f511f4a 1f521f54
0767120 1f4f1f52 1f4f1f59 1f4b1f46 1f451f42
0767140 1f471f4c 1f501f4d 1f4d1f53 1f541f51
0767160 1f4c1f4b 1f4e1f4b 1f4f1f4d 1f501f4b
0767200 1f551f52 1f591f57 1f541f5a 1f4f1f53
0767220 1f581f58 1f581f58 1f5b1f55 1f5a1f5b
0767240 1f5b1f5c 1f5c1f61 1f5f1f61 1f5e1f59
0767260 1f621f55 1f611f62 1f621f67 1f681f63
0767300 1f621f61 1f621f62 1f601f63 1f641f63
0767320 1f621f69 1f691f63 1f6a1f62 1f651f66
0767340 1f751f6e 1f671f6f 1f711f70 1f691f66
0767360 1f6d1f6b 1f731f6f 1f6c1f63 1f6f1f6e
0767400 1f701f71 1f681f71 1f701f6a 1f6d1f6a
0767420 1f731f70 1f731f6f 1f771f74 1f6f1f6d
0767440 1f741f6f 1f731f73 1f731f6f 1f6e1f73
0767460 1f6f1f6f 1f6c1f68 1f711f68 1f701f6e
0767500 1f741f70 1f6b1f76 1f711f71 1f731f70
0767520 1f771f75 1f751f76 1f711f75 1f6e1f6c
0767540 1f721f6d 1f791f6c 1f6c1f6e 1f731f75
0767560 1f761f71 1f791f72 1f711f74 1f7e1f71
0767600 1f7c1f76 1f741f73 1f7b1f73 1f711f78
0767620 1f781f7c 1f711f79 1f701f72 1f781f77
0767640 1f6f1f6e 1f781f6e 1f7b1f76 1f811f7f
0767660 1f7b1f76 1f771f76 1f7a1f79 1f721f7a
0767700 1f721f73 1f731f74 1f6d1f74 1f761f77
0767720 1f7a1f7c 1f851f7e 1f7b1f82 1f7d1f7d
0767740 1f821f7e 1f811f86 1f7e1f83 1f761f7c
0767760 1f781f73 1f791f7b 1f7f1f7a 1f801f7d
0770000 1f8c1f81 1f821f80 1f7f1f82 1f781f7e
0770020 1f741f79 1f791f72 1f771f75 1f751f76
0770040 1f721f77 1f6f1f77 1f811f77 1f7a1f7f
0770060 1f801f73 1f7a1f81 1f7a1f7f 1f7a1f7c
0770100 1f801f7c 1f7d1f7e 1f7a1f81 1f781f7c
0770120 1f781f78 1f7a1f7d 1f811f7e 1f7a1f82
0770140 1f7e1f81 1f7f1f7c 1f7c1f7c 1f791f7a
0770160 1f711f79 1f771f74 1f761f70 1f781f79
0770200 1f7c1f79 1f781f7e 1f781f7e 1f801f7b
0770220 1f831f83 1f841f84 1f7f1f83 1f7a1f7f
0770240 1f771f7a 1f781f75 1f781f7b 1f7b1f7b
0770260 1f811f7c 1f7f1f77 1f7b1f77 1f781f79
0770300 1f751f7a 1f7b1f75 1f7c1f76 1f7c1f81
0770320 1f851f7d 1f801f83 1f721f77 1f811f77
0770340 1f7d1f77 1f7a1f7c 1f6f1f79 1f731f73
0770360 1f761f72 1f761f76 1f7a1f7b 1f7a1f77
0770400 1f831f7b 1f811f76 1f7d1f82 1f7e1f76
0770420 1f721f77 1f7c1f75 1f7b1f73 1f801f7a
0770440 1f801f81 1f801f7e 1f7b1f82 1f7c1f7a
0770460 1f7b1f7d 1f791f7f 1f7f1f80 1f7f1f78
0770500 1f801f7e 1f7a1f80 1f761f7f 1f7c1f7a
0770520 1f871f82 1f841f84 1f7a1f7d 1f8b1f84
0770540 1f861f8a 1f831f81 1f791f7c 1f7a1f7a
0770560 1f741f71 1f7b1f83 1f811f78 1f7e1f7f
0770600 1f871f7c 1f8c1f88 1f851f8a 1f8b1f8b
0770620 1f8c1f8c 1f871f87 1f891f8b 1f851f86
0770640 1f8b1f8a 1f841f89 1f821f82 1f831f8d
0770660 1f861f87 1f841f8b 1f8b1f88 1f801f85
0770700 1f891f85 1f901f90 1f8b1f92 1f8c1f8e
0770720 1f8f1f8e 1f8f1f92 1f8f1f8c 1f921f94
0770740 1f9a1f90 1f961f98 1f9d1f9b 1f9e1fa5
0770760 1f991f9f 1f941f97 1f951f94 1f941f91
0771000 1f991f9a 1f961f96 1f9d1f8f 1f971f99
0771020 1fa31f9c 1faf1fa5 1fac1fa6 1faf1fad
0771040 1fa01fa8 1f9e1fa1 1faf1fa5 1fae1fa7
0771060 1fad1faa 1fac1fb6 1fb01faf 1fab1fa6
0771100 1fb01fae 1fb61fb4 1fb31fb5 1fb31fb6
0771120 1fb11fb1 1fb61fb3 1fb31fb6 1fb31fb9
0771140 1fc01fc1 1fbb1fbf 1fc31fbf 1fc61fc8
0771160 1fc71fc2 1fbc1fbf 1fc41fc5 1fc61fc3
0771200 1fcb1fcc 1fc61fcb 1fc61fca 1fc91fd0
0771220 1fc71fcb 1fcb1fc8 1fca1fce 1fce1fcf
0771240 1fcf1fce 1fcf1fd2 1fd21fd3 1fd91fd8
0771260 1fd71fdd 1fe71fe6 1fd91fe4 1fe51fdb
0771300 1fd71fdc 1fe01fdb 1fe01fe5 1fdd1fdf
0771320 1fe21fe0 1fe01fe5 1fe41fe2 1fe61fea
0771340 1fea1fe4 1fe91fed 1ff11fec 1ff51ff7
0771360 1ff41ff1 1ff81ff0 1ffb1ff1 1ffc1ffc
0771400 1ffa1ff9 1ff81ff9 1ffb1ff7 1ffb1ffc
0771420 20002000 1ffc1fff 1ffb1ffa 1ffe1ffa
0771440 1ffc1ff8 20011ffb 20012003 20042001
0771460 1ffd2004 20061ffc 1ff92007 20042004
0771500 20022004 1ffd2000 20082000 200c2007
0771520 20102007 20072010 200d2007 2003200b
0771540 1ffe200c 2008200b 20062009 20052002
0771560 20092005 20112012 200b2012 20162010
0771600 20112018 20182014 201d201c 20252023
0771620 2019201e 2017201b 2015200f 2015201f
0771640 20112018 2019201f 20122017 201d201b
0771660 201b201f 201a2016 201e201d 201a2018
0771700 201c201a 20202019 2020201e 201e2020
0771720 201d201f 201d2024 2015201b 20152012
0771740 20162019 20122011 201a201d 20122016
0771760 201e2018 201a2020 201d201b 2020201f
0772000 201b201c 201d2016 20182020 201a2016
0772020 2018201b 20132012 20132016 20162019
0772040 20142013 20152018 201b2018 201e2024
0772060 201c201c 2019201e 20132019 201d2019
0772100 20172011 20132018 201d201a 2019201b
0772120 201c2019 20152018 20132017 201a2018
0772140 2021201f 201d2027 2014201d 20212019
0772160 201c201b 201b201b 201b2020 201e201e
0772200 2020201f 201c2023 201c2019 201a2013
0772220 201c2019 2014201a 20172017 201e201e
0772240 201b201e 20172014 201b2012 2011200c
0772260 20142014 20152016 2015201a 2014201b
0772300 20142011 20132010 20122010 200f2013
0772320 20162012 2013201c 20172018 201c201c
0772340 201b2018 201b2017 2016201a 20182011
0772360 20162014 20182018 20152015 2016201a
0772400 201c2013 20142019 20112013 200f2016
0772420 200d2010 200f200e 200e2013 20142014
0772440 20112014 20132010 20102013 20152011
0772460 20092017 20162007 2011200f 20122010
0772500 200f200b 20032007 2010200a 20022009
0772520 20102007 1fff2007 20052009 20072006
0772540 20062006 200f200d 20102013 200b200e
0772560 2007200d 20052001 20012000 20022000
0772600 20072009 200b2006 20082003 20031ffc
0772620 20012002 20012002 20062003 200b200e
0772640 200d200b 20042003 20042000 1fff2003
0772660 1ffe1ffc 20042003 1ffb1fff 1ffa1fff
0772700 1ffe1fff 20031ffc 20041ffd 20052009
0772720 1ffc2000 20022000 1ffe1ffb 20012003
0772740 20042002 20052006 20082010 20072008
0772760 20022003 1ffb2001 1ffa1ff8 20041ffe
0773000 1ffc1ff9 1ffd2004 1ffc1ffe 1ffc1ffc
0773020 20052004 20021fff 1fff2004 20021ffe
0773040 20021ffe 20052001 20072009 20022009
0773060 1fff2003 20041fff 20012005 200c2008
0773100 2009200a 200f2005 20082011 20082006
0773120 2012200f 20162013 20142013 20182013
0773140 20102012 200d2012 200f200a 200a2017
0773160 20122010 200f2019 20182012 20152013
0773200 20202023 2018201b 2019201c 201d2016
0773220 201e2015 2025201b 20192016 201d201e
0773240 20152019 201c201c 20192016 201a2019
0773260 201b2018 20142018 201b201d 2020201c
0773300 20272028 2026202f 20242020 2026201b
0773320 20282025 20212024 20262025 2027202c
0773340 2024202d 2032202d 20332037 20342036
0773360 202e202c 20362030 20392037 20362039
0773400 2033203b 2038203c 20392039 203b203b
0773420 20362033 20382036 2041203c 20422044
0773440 20432047 20432043 2042203f 204b2042
0773460 20492045 204e2044 2048204d 204c2051
0773500 204f204b 20522050 2047204c 204e204c
0773520 20512054 205e2059 20572057 205c205c
0773540 205a2059 205c205b 20652063 20652061
0773560 205f205f 20612064 20612060 20632060
0773600 206c205d 206c2062 20622068 2068205d
0773620 206a2062 206f2067 2068206d 206a206b
0773640 206b206a 2070206f 2071206c 206e2070
0773660 20722071 20792078 207a207b 20762073
0773700 2077207a 20772076 20752078 206f2071
0773720 207f2072 20772079 207d2079 20882081
0773740 208d2081 20842090 20822079 20742082
0773760 2078207d 2080207b 20882083 20802084
0774000 20862087 2082207f 20892087 20882086
0774020 208f208b 20882088 208a2089 2082208a
0774040 2082208b 2084207a 2084208a 2088208b
0774060 208f2089 208e208f 2089208d 20872087
0774100 208d208e 208a2089 208d208c 208e208c
0774120 208d2095 209a2095 20962095 20952091
0774140 2093208d 20982093 20932098 20932097
0774160 20982093 209a209c 2099209b 209b20a2
0774200 209f20a5 209c2094 20962099 20a0209d
0774220 209b20a5 2096209c 209e2095 20952094
0774240 2098209d 209e209c 209b2097 209b2098
0774260 20932095 20902093 2096209f 20932094
0774300 20972097 2094209c 209d209c 209e209c
0774320 209e209e 20a1209f 20982098 2090208e
0774340 2094209d 20922098 2091208c 208f2093
0774360 208c2091 20982094 20972099 2091208f
0774400 208b2091 20972097 209a209b 209c209f
0774420 20962094 209c2095 209a2095 20962097
0774440 20942092 208c208f 20912098 2096209b
0774460 20922096 2096209a 208b2088 208c2089
0774500 208f2091 20962094 208d2094 208e2089
0774520 20932091 20902096 20892092 20922090
0774540 20902091 208d208a 2089208a 208c2088
0774560 20892087 2091208c 208d208e 20842088
0774600 20812084 20852089 208d208c 208e208e
0774620 2090208d 20892091 2089208a 208d208d
0774640 20882092 208a208b 2080208a 20862088
0774660 208f208b 2089208b 208a208a 208b2089
0774700 20882088 2081207e 207d2083 207b207e
0774720 20802083 207b2079 20732077 2074206d
0774740 20722075 20762072 20772078 2073207b
0774760 207a2079 2077207b 207e207e 20742075
0775000 20722072 20702074 20702070 206b206d
0775020 2073206f 20702074 20722071 2072206f
0775040 20752076 207a2074 20712071 20722074
0775060 206e2076 20762075 20722074 207b2074
0775100 2072207b 20702075 20722079 206f206b
0775120 20742070 206f2071 206d2071 2066206f
0775140 20712067 2072206a 206e2067 2070206e
0775160 2060206f 20632067 2077206d 2067206a
0775200 20672069 206d2070 2062206b 20702067
0775220 206a206a 206b2069 206a206b 206a206b
0775240 20692067 20672060 206a2065 2072206e
0775260 20732074 206e2065 2067206f 206c206b
0775300 20712071 206b206c 206e2065 2070206b
0775320 206b206a 206c206a 206e2063 2066206a
0775340 206a2068 20722072 206e2073 206f2071
0775360 20772073 20742077 206f2071 206d206e
0775400 206c206e 206d2073 2072206e 207d2079
0775420 207b207b 20732072 207b2072 206d2077
0775440 20782075 20782079 207b2077 2083207a
0775460 20842085 2082207d 20812085 2085207e
0775500 20852081 2077207f 20782079 2079207c
0775520 207f207c 20852083 20842086 2085208b
0775540 208b208f 2088208c 20862083 20822084
0775560 207f2081 20822086 20822089 20892089
0775600 20892089 2086208b 20942095 208c208d
0775620 208b2089 2091208e 2095208d 2092209a
0775640 20932097 209a2096 20922094 2095209c
0775660 209c209f 209620a1 20a22099 2097209a
0775700 209b2094 209a209b 20a4209b 20a920a8
0775720 20ae20a1 20ac20a7 20a820ad 20ac20a2
0775740 20ac20a5 20a620a6 20a620a8 20a820ac
0775760 20b420ae 20a920a7 20b220a3 20aa20ad
0776000 20ac20a6 20ab20a9 20b320ac 20b320b0
0776020 20b220b8 20b120b4 20b620b1 20b720b3
0776040 20b920ba 20c120bd 20bc20bb 20bb20b9
0776060 20bf20bc 20c420c1 20be20c3 20cb20c8
0776100 20d020cc 20ce20cb 20c920d7 20c320c6
0776120 20c620c2 20c620c0 20c620c1 20c320c4
0776140 20cb20d1 20cf20d1 20ce20c6 20d220d6
0776160 20d120cd 20ce20d2 20d020d3 20d520ce
0776200 20ce20cd 20d320d1 20d520d2 20ce20d3
0776220 20d220d0 20d720d6 20d020d5 20d220d8
0776240 20d920dc 20e220d2 20dc20d8 20d720dd
0776260 20e720e0 20f020e8 20f320f7 20e920ed
0776300 20e120e4 20e620dd 20e920e2 20ec20e5
0776320 20eb20e3 20e320e8 20e820e8 20e920e5
0776340 20e720e9 20ea20e9 20e620e4 20dc20df
0776360 20e420e0 20e420ea 20df20db 20e120e1
0776400 20ed20e7 20e320ed 20d920e3 20f020ed
0776420 20e320ea 20f720ec 20f120f5 20ea20f7
0776440 20f220ec 20ed20ee 20ef20ef 20ec20e9
0776460 20e620ee 20e520ee 20e920e5 20f020ed
0776500 20f120f6 20ed20ed 20f920f0 20f020f2
0776520 20f520f3 20f720f7 20f720f5 20f420ef
0776540 20f220f3 20ef20f4 20f120f3 20ef20f3
0776560 20f120f1 20f220ec 20ec20f1 20f520f8
0776600 20f320f1 20ed20ef 20f020e9 20f620f6
0776620 20fc20f5 20f420fc 20fb20f2 20f420f3
0776640 20f120f3 20ec20f4 20f120eb 20f120f3
0776660 20f120f1 20f920f8 20f520f5 20fd20fc
0776700 20f620fa 20f620f8 20f720f4 20f620fa
0776720 20f620f9 20f420f0 210020ff 20fb20f8
0776740 20f720fa 20fb20fa 20f420f5 20f520f6
0776760 20f120ed 20f420f4 20fa20fa 20ff20f7
0777000 20f020fd 20f420f7 20f520f3 20ef20f6
0777020 20f420ed 20e220ea 20ef20ea 20f420f6
0777040 20f020f5 20ee20eb 20f320ed 20eb20ee
0777060 20ec20f0 20ee20f2 20f120e7 20f220f2
0777100 20ef20f2 20ee20ec 20f120f0 20ed20ed
0777120 20e520f1 20f220e7 20e820f5 20ea20ea
0777140 20df20e8 20ea20e4 20e420ee 20eb20eb
0777160 20e720ec 20df20e1 20de20e4 20e120e0
0777200 20dc20e2 20e020de 20e120e3 20e420e4
0777220 20de20e1 20da20e0 20d820d6 20d820da
0777240 20d720dd 20d720d4 20d820db 20de20dc
0777260 20d820d8 20d120d1 20d320d1 20d920d5
0777300 20e020d9 20d820db 20d320d7 20d920dc
0777320 20d720da 20d720d7 20d420da 20cd20d1
0777340 20d420d4 20d420d9 20d720d1 20da20d2
0777360 20d620db 20d720d8 20c720d9 20d520c9
0777400 20d220d2 20d920d0 20d520d2 20d420d6
0777420 20d720d7 20cc20d4 20d020c7 20d120d1
0777440 20d020cd 20cb20d3 20d320d2 20dd20d6
0777460 20d520d6 20cc20d2 20d120cf 20d220c9
0777500 20cf20d8 20ce20d7 20d720d2 20d720d4
0777520 20d920d8 20d220d7 20c720d3 20d120cb
0777540 20d020cf 20c920c9 20d120ca 20d820d7
0777560 20d520d9 20d720d1 20d620c9 20cf20d2
0777600 20d120d5 20d420d1 20cb20ce 20d620cf
0777620 20ce20cc 20d320d4 20e220dc 20dc20da
0777640 20d420d4 20db20de 20c820d2 20de20d7
0777660 20e020dd 20df20db 20dc20dd 20d820d8
0777700 20dd20db 20e220de 20dd20d2 20d020d7
0777720 20de20d8 20df20d9 20e120de 20dc20d9
0777740 20e320dc 20e420e7 20e220e9 20e020e2
0777760 20de20de 20e020de 20de20e3 20e720e9
1000000 00003fe8 0001000a 01013fe8 000afe3e
1000020 00000005 00000000 63e50c6e 00000253
1000040 00000001 00001004 00003fe8 00000000
1000060 00000038 0001000a 20e720e4 20e420e9
1000100 20e220de 20df20e5 20e620e4 20e320e5
1000120 20e820e6 20e520e8 20f020e8 20e920e4
1000140 20ee20eb 20f120e9 20f620ee 20f720f4
1000160 20f920f8 20f120f2 20f720f6 21012101
1000200 20f420f6 210120fc 20f720fd 20f920ff
1000220 20f920fd 20f920fc 20ff2102 20ff2105
1000240 20f620ff b011048d 00001004 0001000a
1000260 00010000 03b16011 00000ffc 0001000a
1000300 1400003c add01f00 add01f01 add01f02
1000320 add01f03 add01f04 add01f05 add01f06
1000340 add01f07 add01f08 add01f09 add01f0a
1000360 add01f0b add01f0c add01f0d add01f0e
1000400 add01f0f add01f10 add01f11 add01f12
1000420 add01f13 add01f14 add01f15 add01f16
1000440 add01f17 add01f18 add01f19 add01f1a
1000460 add01f1b add01f1c add01f1d add01f1e
1000500 ff000134 00000020 00000002 aed28d3c
1000520 00000001 deadbeef f0000002 aed28d29
1000540 3d0ad407 00000000 00000134 00001f48
1000560 a010048e 21de2103 21d321d2 21d621d5
1000600 21d721d8 21d921d7 21db21d3 21e221dc
1000620 21dd21df 21da21da 21d821da 21e321d7
1000640 21e221e3 21de21e3 21df21dc 21dd21df
1000660 21e221db 21dd21e1 21da21de 21df21e1
1000700 21d521d6 21dc21d9 21e321de 21da21e3
1000720 21e521e4 21e321db 21e221e1 21d721df
1000740 21d521dd 21dc21db 21da21d3 21e021db
1000760 21e021db 21d921e3 21df21e6 21df21de
1001000 21e121da 21df21d8 21dd21e3 21e921e3
1001020 21e321e6 21df21dc 21e021de 21de21e3
1001040 21e921e4 21e221e8 21e921de 21e121e4
1001060 21e221de 21e721e6 21e221e4 21e621df
1001100 21de21e6 21e421e1 21e321e4 21e621e3
1001120 21e721e9 21e121e5 21dc21ea 21e221e3
1001140 21de21e6 21e621de 21eb21e7 21e721e8
1001160 21e721e8 21ed21e9 21e621e7 21ea21e7
1001200 21ee21e7 21f521f4 21f321f4 21f621f3
1001220 21f921fa 21ee21f2 21f521f1 21f121f0
1001240 21b521f4 1fde20db 1e721f10 1dce1e0b
1001260 1d8c1da9 1d6d1d73 1d671d68 1d5d1d64
1001300 1d621d5e 1d631d70 1d671d63 1d601d60
1001320 1d601d65 1d611d64 1d621d61 1d6e1d65
1001340 1d651d69 1d691d69 1d6b1d72 1d691d66
1001360 1d681d63 1d611d62 1d6c1d69 1d671d6b
1001400 1d6c1d6e 1d6c1d6d 1d691d65 1d6b1d67
1001420 1d711d72 1d751d77 1d6f1d6e 1d6f1d6a
1001440 1d6e1d6b 1d781d78 1d7a1d75 1d741d71
1001460 1d701d6e 1d761d74 1d761d7a 1d7d1d71
1001500 1d7e1d7a 1d791d7b 1d6f1d75 1d731d7a
1001520 1d801d7e 1d761d76 1d871d7f 1d821d83
1001540 1d781d83 1d7d1d84 1d8b1d80 1d861d8a
1001560 1d801d87 1d811d84 1d841d82 1d801d80
1001600 1d861d87 1d821d82 1d8c1d87 1d8c1d88
1001620 1d8e1d88 1d8e1d91 1d8e1d91 1d8c1d94
1001640 1d901d8b 1d931d91 1d931d8d 1d911d91
1001660 1d8e1d92 1d9c1d93 1d961d95 1d931d9b
1001700 1d951d90 1d991d9a 1d951d97 1d911d93
1001720 1d931d93 1d9e1d96 1da91da1 1da81da5
1001740 1daf1da7 1daa1dac 1da81da2 1da41da7
1001760 1da81da8 1da21d9c 1da51da2 1d9d1d9e
1002000 1da51da7 1da31da7 1db41da9 1db11da9
1002020 1da91daa 1db91db4 1db91db8 1db91db4
1002040 1db51db5 1dae1dad 1db71db6 1db21db4
1002060 1dae1db0 1db51db0 1dbd1db9 1db41dbd
1002100 1db41db8 1db71db1 1dba1db1 1dbc1db5
1002120 1dc21dbf 1dc31dbf 1dc41dc3 1dc21dbe
1002140 1dc51dbd 1dc21dc5 1dbf1dbd 1dbe1dbf
1002160 1dc01dbe 1dc11dc0 1dc01dc9 1dc51dc6
1002200 1dc41dc1 1dc41dca 1dcd1dcd 1dcc1dd4
1002220 1dcc1dd1 1dd41dd3 1dce1dd2 1dc91dcf
1002240 1dcd1dcf 1dd81dcd 1dd81dce 1dcf1dd7
1002260 1dca1dc8 1dd11dd0 1dd41dd3 1dd11dd1
1002300 1dc81dcf 1dcb1dd0 1dc81dcd 1dca1dce
1002320 1dd51dce 1dd51dd4 1dd31dd2 1dd61dd7
1002340 1dda1dda 1dd31dd6 1dd81dd5 1dd51dd9
1002360 1dd01dd3 1ddb1dd3 1dde1dd1 1dd71ddf
1002400 1dd71ddb 1ddd1de1 1dd61de3 1dcf1dd2
1002420 1dcf1dcc 1dd41dd1 1dda1dd7 1ddf1ddd
1002440 1ddf1dde 1dd91ddb 1dda1dd5 1dd51dd8
1002460 1dd21dd7 1dd31dd4 1dd41dd3 1dd41ddb
1002500 1ddb1dd7 1de21ddd 1de21dda 1dd51dd8
1002520 1ddd1dde 1de11de7 1dd31dde 1ddc1dd3
1002540 1dd91dd4 1dd61dda 1de11de6 1ddb1dda
1002560 1ddc1dd2 1ddf1ddc 1ddd1dde 1ddd1de8
1002600 1de31de1 1dd71de2 1de41ddd 1de11de5
1002620 1de81de6 1de81de4 1deb1de1 1de01de7
1002640 1de21de0 1ddf1de1 1de51de1 1de91de4
1002660 1de41def 1de31de0 1de91de4 1dd91de1
1002700 1de01dde 1de51de2 1de41de6 1de61de6
1002720 1de81deb 1de61dec 1de91dea 1de61de7
1002740 1de51de6 1de01de5 1de91de2 1de31df0
1002760 1de81dea 1de81deb 1de71deb 1de61dea
1003000 1de41de4 1de31dea 1de91def 1deb1deb
1003020 1de61de7 1de81de1 1dec1dec 1dea1df3
1003040 1de91def 1de71ded 1de91de4 1deb1df1
1003060 1df21df1 1df81df7 1dfe1df9 1dfb1dfc
1003100 1df81dfc 1dfa1dfd 1df81df9 1df51df5
1003120 1df61df0 1dfa1df8 1e011df8 1dfb1dfd
1003140 1df41df1 1dfe1dfa 1e041e04 1e051e07
1003160 1dfe1e00 1dfe1e01 1e051dff 1df81e0e
1003200 1df81e05 1e001dfa 1e0c1dfb 1e011e09
1003220 1e021e03 1e041e06 1e081e06 1e0b1e0b
1003240 1e081e0a 1e0c1e11 1e181e12 1e121e12
1003260 1e111e13 1e091e0e 1e0b1e0b 1e081e0a
1003300 1e0a1e0c 1e131e0e 1e191e12 1e0d1e18
1003320 1e151e19 1e131e16 1e151e13 1e181e1c
1003340 1e1a1e15 1e161e17 1e161e12 1e151e0d
1003360 1e171e14 1e191e16 1e1b1e1f 1e221e19
1003400 1e1f1e21 1e181e1f 1e211e20 1e1e1e26
1003420 1e201e20 1e1f1e1f 1e1f1e20 1e221e22
1003440 1e221e23 1e1d1e2a 1e2a1e2d 1e2c1e33
1003460 1e2e1e2a 1e2e1e2a 1e2d1e26 1e371e2f
1003500 1e2e1e37 1e2a1e2d 1e331e2f 1e321e36
1003520 1e3c1e3d 1e361e34 1e351e37 1e331e39
1003540 1e391e35 1e3d1e33 1e3f1e39 1e3f1e45
1003560 1e481e49 1e381e44 1e3a1e32 1e391e3d
1003600 1e3b1e39 1e3d1e3e 1e3d1e3f 1e3b1e3d
1003620 1e391e39 1e361e3d 1e2f1e35 1e3b1e39
1003640 1e3e1e40 1e3d1e45 1e421e41 1e491e4c
1003660 1e4e1e4d 1e461e49 1e4c1e45 1e3f1e4a
1003700 1e471e44 1e431e37 1e4b1e3d 1e471e46
1003720 1e3e1e4a 1e4f1e48 1e4c1e4b 1e541e45
1003740 1e4f1e50 1e421e4a 1e461e44 1e431e43
1003760 1e531e49 1e541e4b 1e4f1e53 1e4d1e51
1004000 1e531e4f 1e511e47 1e521e50 1e581e5b
1004020 1e5a1e5f 1e551e57 1e561e53 1e561e52
1004040 1e521e54 1e581e59 1e5a1e5d 1e601e5a
1004060 1e5b1e5a 1e541e56 1e551e52 1e5c1e5b
1004100 1e651e57 1e5c1e60 1e5e1e5c 1e6f1e6e
1004120 1e6d1e70 1e651e6f 1e661e5f 1e5f1e67
1004140 1e691e65 1e681e67 1e671e60 1e601e66
1004160 1e6a1e60 1e6f1e6b 1e6e1e70 1e641e60
1004200 1e6e1e67 1e6c1e6d 1e6f1e6e 1e6f1e6f
1004220 1e731e77 1e6c1e73 1e721e70 1e741e76
1004240 1e771e74 1e7c1e76 1e7e1e7c 1e821e85
1004260 1e831e82 1e7b1e7b 1e861e81 1e851e85
1004300 1e821e84 1e8d1e8b 1e831e89 1e8d1e89
1004320 1e7a1e84 1e841e81 1e801e7c 1e871e84
1004340 1e8c1e86 1e821e8c 1e841e89 1e8b1e8a
1004360 1e8c1e87 1e941e8c 1e951e91 1e881e8f
1004400 1e8a1e90 1e881e86 1e851e80 1e881e76
1004420 1e811e83 1e871e8d 1e901e8a 1e921e86
1004440 1e951e9c 1e8a1e90 1e921e93 1e901e8b
1004460 1e971e90 1e971e97 1e921e98 1e951e99
1004500 1e971e91 1e9a1e91 1e961e8f 1e921e8f
1004520 1e911e8f 1e921e8f 1e911e8d 1e9c1e97
1004540 1e961e97 1e991e96 1e971e9f 1e9c1e9b
1004560 1e931e99 1e911e91 1e971e96 1e951e9e
1004600 1ea01e99 1e9c1ea1 1e971e9a 1e911e95
1004620 1e981e98 1e9a1e93 1e9c1e9c 1ea51ea5
1004640 1e9f1ea6 1ea31e9e 1ea21ea1 1ea11e9e
1004660 1e9f1ea2 1ea41ea0 1ea51e9c 1ea91ea6
1004700 1e9a1ea3 1e9e1e9b 1e9d1ea1 1ea21e9a
1004720 1e9f1e99 1e9a1ea2 1ea51ea2 1ea41ea2
1004740 1ea91ea7 1eaf1eaa 1eac1ea7 1eaf1ead
1004760 1ea51eab 1ea71ea7 1eaa1eab 1eab1ea8
1005000 1ea71eac 1ea71eb1 1ea71eb2 1eab1ea9
1005020 1eac1ead 1eb01eaf 1eaf1eb4 1ebb1eba
1005040 1ebb1eb7 1ead1eb6 1ead1eae 1eb61eb8
1005060 1eac1eae 1ea81ea6 1eaf1ea7 1ebb1eb6
1005100 1eaf1ebc 1eb21eb1 1ea81ea6 1eaa1ead
1005120 1eaf1eb3 1eb11eb4 1eb71eb5 1eb91eb1
1005140 1eb81eb4 1eb71eb7 1eb91ec0 1eb31eb4
1005160 1eba1eb3 1eb61eb9 1eb71eb7 1ebc1ebe
1005200 1eba1ec2 1ebf1ec0 1ebb1eba 1eb71ebe
1005220 1ebf1ec2 1ec31ec0 1ec31ec0 1ec71ec6
1005240 1ec71ec5 1ec61ec9 1ec21ec4 1ec21ec4
1005260 1ec11ebe 1ec31ec9 1ecb1ec8 1ec41ec4
1005300 1ec61ec1 1ecd1ebf 1ec41ec4 1ec01ec6
1005320 1ec91ec7 1ed01eca 1eca1eca 1ec81ec9
1005340 1ec91eca 1ec41ecb 1ecf1ec3 1ed01ecc
1005360 1ed11ecd 1ece1ed0 1ecd1ed3 1ed91ed5
1005400 1ecc1ed7 1ed91ed1 1ed71ed6 1ece1ecc
1005420 1edf1ed2 1ed01edd 1ede1edc 1edb1ed2
1005440 1ed71eda 1ed31ed1 1eda1ed5 1edc1edd
1005460 1ee31ee6 1edc1ee1 1ed51edb 1ee01edd
1005500 1ee81ee4 1eda1ee1 1ed81ee1 1eda1eda
1005520 1ee21ee1 1ee21edb 1ee11ede 1ee61ee3
1005540 1eea1ee2 1eef1eea 1ee61eee 1eee1eef
1005560 1ee61ee9 1eef1ee9 1ee81eee 1ee21ede
1005600 1edf1ee5 1ee61ee9 1eef1eec 1eec1ef4
1005620 1ee41ee8 1ee71ee7 1eea1ee7 1ef21eec
1005640 1ef71ef5 1ef21ef8 1eec1ef8 1ef41ef3
1005660 1ef91ef5 1efe1efb 1efe1efb 1ef21ef5
1005700 1ef21ef4 1eef1eee 1ef11eee 1efc1ef9
1005720 1efc1ef9 1efa1efa 1efd1efa 1efb1ef2
1005740 1ef61ef8 1ef51ef9 1ef11eef 1efc1ef4
1005760 1ef91efb 1ef71efa 1ef81f02 1efb1f03
1006000 1f091f05 1f0b1f04 1f031f09 1f031f05
1006020 1efe1f01 1efe1efe 1f011efd 1f0a1f07
1006040 1f061f09 1f0f1f0b 1f0a1f0a 1f041f06
1006060 1eff1f07 1f051f05 1f031f0c 1f061efe
1006100 1f061f04 1f021f05 1f011f04 1f0d1f07
1006120 1f0e1f09 1f071f15 1f041f05 1f001f0d
1006140 1efc1ef8 1f051efe 1f051f06 1f091f0c
1006160 1f091f04 1f0d1f0a 1f141f0c 1f0d1f0c
1006200 1f0f1f07 1f0a1f08 1f0f1f15 1f0b1f06
1006220 1eff1f0c 1f081f09 1f0e1f0d 1f101f0f
1006240 1f0f1f0e 1f101f0d 1f081f09 1f061f0d
1006260 1f0c1f0c 1f181f0e 1f191f13 1f131f1b
1006300 1f131f0a 1f121f17 1f151f10 1f101f10
1006320 1f181f13 1f171f1d 1f141f18 1f191f15
1006340 1f161f12 1f081f0f 1f131f12 1f1a1f1b
1006360 1f1b1f18 1f1e1f18 1f1b1f1a 1f261f22
1006400 1f201f1f 1f281f24 1f291f1f 1f1e1f25
1006420 1f261f27 1f271f26 1f271f1c 1f1f1f22
1006440 1f1f1f1e 1f191f20 1f271f1f 1f231f23
1006460 1f1d1f1a 1f201f22 1f241f26 1f1b1f1d
1006500 1f281f1f 1f271f28 1f201f1d 1f1c1f20
1006520 1f291f1d 1f2f1f2b 1f211f2f 1f2a1f28
1006540 1f2b1f2e 1f231f24 1f311f2a 1f2a1f2e
1006560 1f281f2b 1f271f22 1f201f1e 1f2e1f24
1006600 1f2a1f28 1f2e1f2b 1f311f36 1f351f32
1006620 1f3d1f3b 1f2d1f35 1f3a1f31 1f3e1f3a
1006640 1f2f1f31 1f3b1f2f 1f321f38 1f381f36
1006660 1f3b1f36 1f311f3a 1f351f39 1f2c1f29
1006700 1f251f28 1f2f1f2c 1f331f32 1f381f35
1006720 1f331f3e 1f371f35 1f381f3e 1f381f36
1006740 1f341f33 1f2e1f33 1f321f34 1f351f38
1006760 1f321f37 1f331f32 1f331f37 1f361f34
1007000 1f3c1f35 1f381f3d 1f3c1f34 1f371f35
1007020 1f2e1f31 1f3a1f38 1f3c1f41 1f3c1f3d
1007040 1f3b1f38 1f431f3d 1f431f45 1f451f44
1007060 1f491f45 1f491f46 1f451f4f 1f491f4e
1007100 1f4b1f43 1f4d1f43 1f521f52 1f491f4e
1007120 1f491f4c 1f511f4e 1f4a1f48 1f481f4e
1007140 1f411f43 1f411f42 1f3c1f3f 1f3d1f41
1007160 1f3c1f40 1f3c1f3b 1f3f1f40 1f3d1f3f
1007200 1f471f3f 1f481f4b 1f551f57 1f541f58
1007220 1f531f50 1f4f1f4a 1f501f49 1f511f50
1007240 1f511f4b 1f4e1f4d 1f4b1f41 1f411f4f
1007260 1f461f4b 1f4e1f53 1f4f1f4e 1f4f1f4f
1007300 1f531f4f 1f531f51 1f4d1f4e 1f571f54
1007320 1f5a1f5a 1f5b1f59 1f541f56 1f641f64
1007340 1f621f5e 1f631f5c 1f621f5f 1f521f5a
1007360 1f621f5a 1f5e1f58 1f5b1f5e 1f601f5e
1007400 1f5d1f5c 1f641f64 1f691f66 1f691f69
1007420 1f761f67 1f691f6a 1f5d1f64 1f621f5b
1007440 1f5c1f5a 1f6b1f63 1f681f6d 1f631f6c
1007460 1f661f64 1f661f5f 1f711f68 1f6d1f6a
1007500 1f6e1f70 1f741f6f 1f701f67 1f6b1f73
1007520 1f6f1f70 1f711f78 1f711f76 1f781f73
1007540 1f721f6f 1f741f71 1f781f78 1f771f77
1007560 1f7c1f76 1f7d1f75 1f7e1f7c 1f7e1f81
1007600 1f7e1f7b 1f841f7a 1f7f1f83 1f741f76
1007620 1f861f7c 1f811f80 1f7f1f76 1f791f79
1007640 1f7d1f7a 1f831f82 1f851f7f 1f811f83
1007660 1f861f86 1f841f8c 1f8b1f91 1f8b1f8e
1007700 1f8a1f87 1f8b1f8c 1f841f8d 1f951f90
1007720 1f921f8f 1f991f95 1f961f97 1f8a1f98
1007740 1f8e1f8e 1f8f1f91 1f901f8f 1f901f8c
1007760 1f971f99 1f911f9d 1f951f97 1f991f91
1010000 1f981f90 1f911f91 1f971fa2 1fa21fa5
1010020 1fa11f9e 1f961f99 1f9b1f96 1f961f92
1010040 1f981f9e 1f9c1f93 1f9a1f97 1fa21f9c
1010060 1fa91fa7 1fa91fae 1f9e1f9a 1fa31fa5
1010100 1f9f1f9c 1f9c1f9d 1f971f9c 1f971f93
1010120 1f991f99 1f9d1f9a 1f9e1f9f 1fa11fa3
1010140 1fa51fa1 1fa31fa3 1f9f1f9e 1fa21fa8
1010160 1fa61fa5 1fa21fa6 1f951f9f 1f9c1f9e
1010200 1f9b1f9e 1f941f9c 1fa41f9d 1fa11fa0
1010220 1fa61fa8 1fa71fa8 1fa41fa1 1f9e1fa3
1010240 1fa71fa4 1fa41fae 1fac1fac 1fa41fac
1010260 1faa1faa 1f9b1fa2 1f9f1fa2 1fa01fa4
1010300 1fad1fab 1faa1fa3 1fad1fae 1fb11fae
1010320 1fb31fb3 1fb51fac 1fae1fab 1fb51fb4
1010340 1faa1fb2 1fa91fad 1fb31fae 1fb31fb5
1010360 1fb11fb1 1fa81fa1 1fa71fab 1faa1fa6
1010400 1fac1fa7 1fa71fae 1fa91fa9 1fa71fad
1010420 1fa71fac 1fa51fac 1faa1fa8 1fa71fb1
1010440 1fac1fb1 1fa71faf 1fad1fac 1fa91fa6
1010460 1fa71faa 1fb21fad 1fb21fb4 1fb31fb1
1010500 1fa91fac 1fac1fac 1fa81fac 1fb01fac
1010520 1fa41fad 1fa81faa 1fae1faa 1fba1fb3
1010540 1fb51fb5 1fbb1fae 1fb21fb9 1fb91fb5
1010560 1fbd1fb8 1fb21fb7 1fb21fb1 1fb41faa
1010600 1fac1fb4 1fb51fb0 1fa81fb5 1fad1fad
1010620 1fae1fb2 1fad1fb0 1fb01fb2 1fb71fb5
1010640 1fb31fb3 1fb91fb1 1fb01faf 1fb31fb5
1010660 1fb51fb3 1fb71fb3 1fb61fb7 1fb41fb7
1010700 1fba1fb8 1fb11fbe 1fb71fb0 1fae1fb5
1010720 1fa71fae 1fb51fb7 1fb31fb9 1fb11fb0
1010740 1fab1fb0 1faa1faf 1faa1fac 1fb41fb0
1010760 1fb31fb4 1fbb1fbb 1fb91fb7 1fba1fbd
1011000 1fb51fb6 1fb31fb1 1fb11fb3 1fb21fb4
1011020 1fb51fb2 1fb91fb2 1fbb1fb2 1fba1fba
1011040 1fbd1fb8 1fb81fb7 1fba1fbf 1fba1fae
1011060 1fba1fb8 1fbb1fb6 1fbd1fc2 1fc21fbe
1011100 1fc61fbf 1fc01fbf 1fba1fb5 1fb51fbe
1011120 1fbc1fb8 1fbe1fbc 1fc21fb9 1fbc1fbe
1011140 1fb81fba 1fbe1fb8 1fc61fc6 1fbc1fbf
1011160 1fba1fc0 1fb61fbc 1fb71fb5 1fba1fb1
1011200 1fb61fb8 1fb31fb5 1fbc1fb8 1fc21fbe
1011220 1fc51fc4 1fb81fc1 1fb21fbc 1fad1fb3
1011240 1fb11fb2 1fba1fb4 1fbf1fbb 1fb51fb6
1011260 1fb71fb8 1fbc1fbd 1fbb1fb0 1fbc1fb6
1011300 1fb91fbc 1fbe1fb9 1fc71fc3 1fbe1fc1
1011320 1fc91fc6 1fbd1fba 1fb61fbc 1fba1fbc
1011340 1fbe1fbb 1fc11fc5 1fbc1fbc 1fc21fbc
1011360 1fca1fc4 1fc11fbe 1fc41fbc 1fc11fc1
1011400 1fcc1fc9 1fcb1fcb 1fc91fca 1fc61fc9
1011420 1fc11fc3 1fcd1fcf 1fca1fcb 1fcc1fca
1011440 1fcd1fc6 1fc71fc6 1fc81fc9 1fcb1fcc
1011460 1fce1fcb 1fc81fd0 1fca1fcd 1fd01fd2
1011500 1fd31fd6 1fd21fd1 1fd01fd5 1fcf1fd7
1011520 1fd61fd6 1fd71fd3 1fd51fce 1fd61fda
1011540 1fe01fe2 1fe31fdb 1fdb1fd7 1fe11fdb
1011560 1fd91fd8 1fcf1fde 1fd01fd8 1fd41fd0
1011600 1fd11fd4 1fdb1fd7 1fd01fd8 1fe11fdd
1011620 1fe11fe8 1fe41fe6 1fe31fec 1fdd1fe3
1011640 1fe31fe3 1fe01fe3 1fe91fe4 1ff21fec
1011660 1fea1fec 1fe71fe7 1fe41fe1 1fe71fdc
1011700 1fe41fe8 1fea1feb 1ff21ff1 1ff01ff2
1011720 1ff71fef 1ff01ff3 1ff61ff2 1ff81ffc
1011740 1ff51ff4 1ff71ff8 1ffa1ff4 1ff01ff3
1011760 1ff41ffa 1ff81ff6 1ffa1ff2 1ff41ff7
1012000 1ffb1ff7 1ffd2006 1fff2002 20092003
1012020 200b2000 200a2010 20081ffe 2008200f
1012040 200d2003 20022009 2007200a 200a200a
1012060 20042006 200e2004 200f2011 20132010
1012100 20142019 200d200f 2013200a 200b2015
1012120 200f2013 20162019 2019201d 201b2016
1012140 201b2017 20132016 201c201d 201b2021
1012160 201f201b 201d201d 2020201e 201d201e
1012200 2014201c 201a2019 20222024 20222021
1012220 20262022 20272024 202d2024 2029202d
1012240 202a202d 2027202e 202c202e 20302029
1012260 202c202f 2020202d 2026202a 20302030
1012300 2031202d 2030202f 202e202e 2028202c
1012320 202b202b 202e202b 2035202e 20322039
1012340 20342030 20362036 202c2030 202e2030
1012360 202f202f 20362036 20362032 20382036
1012400 20332035 202f2034 20342038 2033202d
1012420 203c2033 20392035 20392034 203e203c
1012440 203e203c 2040203c 203a203c 20352037
1012460 2039203b 203a2040 20342031 203b2035
1012500 2036203b 2036203a 203b203b 2037203b
1012520 20342034 20382037 2034203a 2044203d
1012540 2040203a 20392037 202f2030 20352034
1012560 2039203a 203e2037 203b203f 202f2038
1012600 20342038 20362036 203b2036 203f2043
1012620 20412045 2048204a 20422046 203b2041
1012640 2041203c 2040203f 203e203e 2041203f
1012660 20422047 203d2046 203e2037 203e2042
1012700 20472040 20422045 204b2040 20472045
1012720 204c204f 20442045 20452047 20442040
1012740 20412049 20442045 203f2046 20472042
1012760 2042204a 20432041 20442043 2048204c
1013000 20412049 204b204b 20412047 20472041
1013020 203e2043 20482041 204a2047 20412043
1013040 20432044 2047203f 2042203b 20442045
1013060 20472046 204a2048 2041204b 204c2046
1013100 203f2043 203b2043 20452044 20442045
1013120 20482042 20462044 20492046 20452047
1013140 204c204c 20462048 203f2042 2038203e
1013160 203d203d 2041203f 203c203d 20432040
1013200 203f2041 2039203f 20442041 20452043
1013220 20422043 20412046 20432043 203e2044
1013240 203f2035 20412038 20412047 2045203d
1013260 2045204f 20472040 20452045 2040203d
1013300 203d2047 203b2041 203e2042 203b203d
1013320 203b2038 20402043 2036203a 203c203e
1013340 203b2042 20352040 203d203e 20402038
1013360 203f203e 2041203c 20462041 2041203f
1013400 2042203b 20372039 2035203b 20342033
1013420 203f2037 203e2037 2043203b 20392041
1013440 20432040 2039203a 203a203e 203c203c
1013460 203f203e 2037203c 2040203f 2047203e
1013500 203e203e 20352035 203a203d 203a2040
1013520 20412045 20372038 203f203d 203f203f
1013540 20402046 204a2040 2041203e 2041203e
1013560 20412040 20432049 20432041 203e203d
1013600 203b2040 203c203e 2043204a 203f203c
1013620 2041203f 2037203b 20412042 20442044
1013640 20422044 20402041 20402046 2044203b
1013660 203e2045 203d2043 2047203e 20442046
1013700 20442046 20482047 20482042 20432044
1013720 20472045 204d2042 204d2050 2045204b
1013740 20462049 20452045 20432049 20412042
1013760 204d203e 20422047 204b2044 20442048
1014000 2048204c 204b2041 204e2043 204a204a
1014020 2045204a 20512056 204e2052 20572054
1014040 20502051 20522050 20562053 20572058
1014060 20552052 205e2055 205f205b 205b2064
1014100 2060205a 205e205a 205f2062 2056205b
1014120 20612060 20672063 206d2061 206f2069
1014140 206c206c 205d2062 206b2068 20702069
1014160 20702064 206a206c 206a2068 20662065
1014200 20692063 20652063 206c206a 2075207a
1014220 20782079 20742077 20742078 20722074
1014240 207d2077 20832081 207b207e 20832080
1014260 207a2077 2073207c 207c2071 20832080
1014300 20862086 20812085 20832086 20812082
1014320 20882081 207a2084 207e207c 20822082
1014340 208a2085 208f208d 208f2094 20852090
1014360 208d208e 2095208d 2090208c 20922090
1014400 20962099 20982096 20932094 208b2093
1014420 20952090 208e208e 20912091 20952095
1014440 2097209a 208f2096 2096209a 209b209f
1014460 20a820a2 20ac20a2 20af20a6 209f20a7
1014500 20b020a5 20a620b0 20a920a8 20aa20ac
1014520 209f20a5 20a220a5 20a720a7 20ab20a7
1014540 20a820ab 20a920aa 20a820aa 20a820ab
1014560 20ae20ad 20ab20ae 20a720aa 20a820ae
1014600 20b320b1 20b220ad 20b320af 20ae20ae
1014620 20b320ae 20a720ab 20b820b1 20b820b5
1014640 20b320b7 20b320af 20b920b3 20c120bf
1014660 20ba20b7 20bd20bd 20c020c1 20c520be
1014700 20bd20c0 20b820c0 20b520ba 20c420bc
1014720 20c420cb 20be20be 20be20bd 20b420c0
1014740 20bf20b9 20b120bb 20c120b1 20be20bf
1014760 20c220c8 20c320c9 20bb20b9 20bd20b8
1015000 20c220c5 20c420c0 20c520cc 20c420c8
1015020 20c320c2 20c320b9 20b920be 20b920bd
1015040 20be20c7 20c920c1 20c020c2 20c920c1
1015060 20c320ca 20c220c9 20ca20c5 20cd20cc
1015100 20ce20d0 20c920d0 20c420c8 20c120c0
1015120 20bf20be 20c420c8 20ca20ca 20c920ca
1015140 20c820cb 20ca20c8 20bf20c3 20c120bc
1015160 20c120c6 20c520bf 20ba20c0 20c820c0
1015200 20cc20c8 20c920cb 20c920c1 20c620ce
1015220 20c620c9 20c820c7 20c420c5 20ce20c7
1015240 20d020cc 20cc20d2 20ca20d1 20ca20d0
1015260 20ca20c8 20cc20cd 20c320c8 20c320c0
1015300 20c320bc 20c120c9 20c620c3 20c220be
1015320 20c320c2 20c220bf 20c520c3 20c320bf
1015340 20bd20c4 20c420c3 20ca20bf 20c820c4
1015360 20c820c7 20c720c7 20bc20c1 20c420c8
1015400 20c320c4 20c020c5 20c320c0 20c020c7
1015420 20be20c4 20c720bd 20c220c2 20c320c6
1015440 20bd20ca 20c320c3 20c320bc 20c820cc
1015460 20c320c0 20bc20c6 20be20b9 20b820ad
1015500 20bc20bb 20af20b6 20b720bb 20b920b7
1015520 20b120b7 20b620ad 20c020b6 20be20bd
1015540 20bc20c0 20b720b8 20ba20bb 20bc20b7
1015560 20bb20bb 20bc20ba 20ae20b5 20af20b0
1015600 20b320aa 20b220b8 20b420ba 20b620b1
1015620 20b220b0 20b020b0 20ad20ae 20af20a7
1015640 20b220b3 20b120b3 20af20b1 20aa20ae
1015660 20b120ac 20ae20b3 20ac20b2 20ad20b6
1015700 20b220ac 20a920b0 20ad20aa 20b020af
1015720 209b20ac 20ae20a7 20a620a9 20ac20a7
1015740 209c20a4 209d20a2 209c20a3 20a520a2
1015760 20a320a4 20aa20a0 20ae20a9 20a820ae
1016000 20a420a9 20a3209f 20a7209d 209b20a5
1016020 209b209c 20a3209d 20a0209c 209c2099
1016040 209b2095 2099209d 20a720a1 20a6209f
1016060 20a7209e 20a120a6 20a820a4 20a620a3
1016100 20a3209d 20ae20a6 20a920aa 20a620b1
1016120 20a620a8 20a920a7 20a420a4 20a820a8
1016140 20ab20ab 20a320ab 20aa20aa 20a120ad
1016160 20a120a6 20a720a8 20a720a9 20a42098
1016200 20a920aa 20a420a4 20ad20a9 20a920a7
1016220 20b220ac 20aa20ab 20aa20aa 20ab20ae
1016240 20a920a9 20ab20ac 20b820b1 20b720ba
1016260 20b320b7 20b320b1 20bd20b3 20af20ba
1016300 20ba20b7 20b720b8 20ba20b7 20b920b7
1016320 20b420b2 20b620b8 20af20b6 20b320b3
1016340 20b720b0 20b320b7 20ba20bb 20bd20bc
1016360 20bd20bd 20c520bb 20bb20bc 20bc20bb
1016400 20bf20bb 20be20b9 20c720bf 20c520c4
1016420 20c120c2 20d320c6 20bc20c4 20cd20c0
1016440 20bf20ce 20c020c5 20cb20be 20cf20ca
1016460 20dc20d4 20d420cc 20cc20c8 20cc20c7
1016500 20c520ca 20c620c5 20c820c6 20ca20c8
1016520 20d420d0 20d620d3 20d720d4 20cc20d2
1016540 20da20cf 20da20d8 20da20d5 20df20d9
1016560 20e020de 20e120de 20dd20e2 20d920dc
1016600 20df20d7 20d720da 20df20dd 20e320dd
1016620 20e620e1 20e320ea 20e620e0 20de20e2
1016640 20ec20e5 20e620e5 20e920e9 20e920e7
1016660 20ee20ed 20ed20ef 20e820e5 20f020e2
1016700 20e720e8 20eb20ec 20e920ec 20e720ee
1016720 20f120ef 20f620ef 20f420f4 20fc20ff
1016740 20fc20fc 20f720f5 20f820fb 20f620fb
1016760 20f220ff 20fd2102 210520fe 20ff2107
1017000 20fa20fa 20fe20fa 210220fe 210620fd
1017020 210320fd 21012104 21042100 210e2107
1017040 210a2109 21022102 21042101 21032104
1017060 21042105 210020fd 210d2100 21072104
1017100 210e2107 210b2109 210b2103 21022105
1017120 21032108 2108210d 210e210b 2111210c
1017140 21002117 21102104 2109211a 2116210c
1017160 21172114 2107210f 210d210d 21052106
1017200 2111210b 210c2109 21122113 21172119
1017220 211d2118 21172118 2118211f 21132110
1017240 210d2115 21142113 2111210f 2116210f
1017260 21122114 2112210f 21182114 211f211d
1017300 2125211e 211a211a 211b2116 2122211f
1017320 211e211d 211f211c 2118211b 211c2118
1017340 2123211e 212b2122 21262122 2121211f
1017360 211f2122 21282125 211d2120 2120211a
1017400 21182114 211d211d 21282133 21262122
1017420 212b2126 211e2124 2127211f 2128212b
1017440 21262128 21242123 21232122 212c212a
1017460 212c212f 212a2127 21222121 21242122
1017500 212e2124 2126212c 21282122 212c211e
1017520 2121211d 21262124 21262127 212a2128
1017540 21242124 21282126 2122211e 2125212d
1017560 21282128 21242123 2120211a 211a2119
1017600 211f2126 211f2124 21252125 21242120
1017620 21232125 211f2124 21212120 21242124
1017640 21262121 2123211f 2129212d 211a211d
1017660 21232115 2118211f 21212121 21292122
1017700 21272126 21252127 21232127 211b211f
1017720 211e2125 21172122 211a211b 2117211c
1017740 211a2119 211b211d 211b2118 2119211b
1017760 211f2121 2117211a 21172119 21152112
1020000 21142112 21102114 21122110 210f210e
1020020 21172110 211a2112 2117211a 210e210d
1020040 21142117 21112111 2110210f 21062108
1020060 2109210a 210a210d 2105210a 210c2107
1020100 2109210b 21092109 2101210a 21022103
1020120 210a210a 2109210b 2106210f 21082104
1020140 210a2105 210f210a 21032104 210c210c
1020160 20ff2105 20fa20ff 21022104 20fb2104
1020200 20ff20fc 20fd20fb 21002106 210020fd
1020220 210220fc 20fe20fe 21102106 21052105
1020240 21042101 21052100 21002100 21032104
1020260 20f820fd b010048e 00001004 0001000a
1020300 00010000 03b16012 00000ffc 0001000a
1020320 1400003c add01f00 add01f01 add01f02
1020340 add01f03 add01f04 add01f05 add01f06
1020360 add01f07 add01f08 add01f09 add01f0a
1020400 add01f0b add01f0c add01f0d add01f0e
1020420 add01f0f add01f10 add01f11 add01f12
1020440 add01f13 add01f14 add01f15 add01f16
1020460 add01f17 add01f18 add01f19 add01f1a
1020500 add01f1b add01f1c add01f1d add01f1e
1020520 ff000134 00000020 00000002 af6274ab
1020540 00000001 deadbeef f0000002 af627497
1020560 2c0080bd 00000000 00000134 00001f48
1020600 a011048f 21cd20f6 21d021d4 21cf21d1
1020620 21cb21ca 21cd21cf 21cf21cf 21d721d5
1020640 21d421d9 21d221cd 21cc21cd 21d521d0
1020660 21da21db 21d421db 21d221cf 21d421cf
1020700 21d621d4 21d921dd 21d421d3 21ca21cc
1020720 21ce21c8 21c721ce 21d121cc 21ce21d2
1020740 21db21d2 21dc21d6 21d921d3 21d321da
1020760 21dc21db 21d921da 21c921d5 21e521d7
1021000 21dc21dd 21e221d4 21dc21d6 21d421de
1021020 21d621db 21dc21d8 21db21de 21d921db
1021040 21d921da 21de21d9 21e021db 21dd21dc
1021060 21e321db 21e321e0 21d521d8 21dc21d8
1021100 21d521d7 21da21d2 21d121cf 21d221d2
1021120 21ea21e0 21e521e1 21e721e6 21e921e6
1021140 21e121e9 21dd21e3 21dc21d8 21e821e7
1021160 21ea21ed 21e421e5 21e621e9 21e721e4
1021200 21f221e7 21eb21eb 21e721e6 21e221e4
1021220 21e221e2 21e921e2 21f021e2 21ea21e7
1021240 21d621ea 21c421ce 21b621c1 21ae21b5
1021260 21b021af 21a821a9 21a621a4 21ad21a5
1021300 21ae21ab 21ae21a9 21b421ad 21b121ae
1021320 21b021ad 21ac21ae 21aa21ac 21b321aa
1021340 21b121b1 21b321ae 21b821b4 21ab21b1
1021360 21b821ba 21b021b9 21bd21b4 21b721bd
1021400 21bd21ba 21bd21be 21be21c2 21bf21b7
1021420 21c021c0 21c321bc 21c521bc 21c321bf
1021440 21c721c5 21c621c6 21bd21bc 21bf21c3
1021460 21bd21c0 21c521be 21c221c6 21cb21c7
1021500 21c721c3 21c921c3 21c821cd 21c021c7
1021520 21c221c3 21c921c7 21cf21c7 21ce21cd
1021540 21c321c5 21c921cc 21ca21ca 21c821cb
1021560 21ca21c6 21cf21cf 21cc21c8 21cc21cd
1021600 21ce21cc 21cd21cd 21d021ce 21ce21cc
1021620 21c821ce 21c021c4 21c521c1 21c721c3
1021640 21c721cf 21c821cb 21c521cb 21c921c6
1021660 21cf21ce 21be21c9 21c421cb 21cb21c5
1021700 21d121c8 21cd21cc 21c321c1 21c721cc
1021720 21cb21cb 21ca21c8 21c821c6 21cd21cd
1021740 21ca21d6 21ce21d6 21d321d0 21cd21d5
1021760 21d521cb 21c421cc 21c521c2 21d221c3
1022000 21c721c8 21c721ca 21cc21c9 21d321cd
1022020 21ca21cf 21ca21cd 21c321c4 21c521bc
1022040 21c521c0 21c621c2 21c721cb 21b921bb
1022060 21c621c1 21c721c3 21c721c2 21c921cd
1022100 21c721c6 21c421c5 21cd21c7 21ce21c8
1022120 21cc21cd 21c321cc 21c121c6 21c721c7
1022140 21cc21c7 21cd21ca 21ce21c7 21c821c8
1022160 21ca21ca 21c921c8 21bc21c3 21bb21be
1022200 21bf21bf 21ba21bb 21bd21bd 21b721bc
1022220 21bb21b4 21b321b7 21b721a9 21c221ba
1022240 21ba21bf 21bd21b9 21b321b8 21ba21b5
1022260 21b321ad 21af21ad 21b621b6 21af21bd
1022300 21b721b9 21b521b1 21ad21b0 21a921ab
1022320 21b221b4 21b221b1 21b921b0 21ba21b1
1022340 21b521b3 21b521b4 21ac21af 21ab21ab
1022360 21ad21ab 21b121af 21b821b8 21b321bf
1022400 21af21b1 21aa21ad 21a721b0 21aa21a3
1022420 21ab21ab 21a921af 21b221ae 21b621ae
1022440 21aa21af 21ac21a9 21a521ac 21ad21a6
1022460 21a521a7 21ac21af 21a721a5 21ab21ae
1022500 21ad21ab 21b621ac 21ae21b5 21b021af
1022520 21a721aa 21ae21a9 21b121af 21ac21b0
1022540 21b221b2 21a821aa 21ab21a7 21a721b1
1022560 21b121b2 21b921be 21b421b6 21af21b6
1022600 21b221b3 21ad21ae 21b121b1 21bb21b2
1022620 21b621b0 21b321b2 21b621b6 21af21b1
1022640 21b021af 21b921b7 21b621b2 21b321ba
1022660 21b321b7 21b221b4 21ac21a9 21ac21b1
1022700 21b521b7 21b521b4 21ab21af 21ad21ab
1022720 21b321ae 21b521b4 21ab21b7 21bb21af
1022740 21b121bd 21b621b7 21ba21be 21b621b8
1022760 21b821bb 21b621b5 21b621b8 21b921ba
1023000 21b421b6 21bb21ba 21b821b8 21b721b5
1023020 21b321ba 21b421b1 21b621b4 21b921b4
1023040 21b321b7 21b321b8 21bc21b6 21b921ba
1023060 21b821b9 21b921b6 21be21ba 21bd21ba
1023100 21b921b8 21b921bb 21bd21bd 21c221bd
1023120 21cd21c8 21c721c4 21c421cc 21c821c8
1023140 21c721c1 21bf21c2 21cc21c2 21c621c8
1023160 21c621c6 21c721c9 21c421c3 21c921c4
1023200 21b921ca 21cb21bb 21c821cf 21c321c6
1023220 21cd21c4 21ca21cb 21c921d2 21c221c4
1023240 21c421c3 21c821c0 21c821c3 21c221c4
1023260 21c621c5 21c121c2 21ca21c9 21c921c6
1023300 21c421ca 21be21c9 21cd21c7 21c721c2
1023320 21c721c9 21cc21c7 21cd21cf 21c721bf
1023340 21cc21c8 21c821c6 21d221c3 21d421d1
1023360 21d421d2 21d721d5 21d221d2 21cb21cd
1023400 21cf21d1 21ca21c7 21ca21cc 21ca21d0
1023420 21ca21c4 21c921c5 21d821d0 21d521d6
1023440 21d621e1 21d521d3 21dc21d9 21d521da
1023460 21d221d6 21cf21d5 21d021d0 21d421d3
1023500 21d221d1 21d421d1 21d121cc 21d421d0
1023520 21d421d7 21d421cf 21db21d4 21ce21d7
1023540 21d521d5 21d521cd 21d521d9 21d921d0
1023560 21d721da 21d521d8 21de21de 21d821db
1023600 21dc21d2 21d421dd 21de21da 21d921dc
1023620 21d121d9 21d521d9 21d121de 21dc21db
1023640 21dd21d9 21db21df 21da21db 21df21dd
1023660 21e021e0 21da21dd 21d621d5 21e121e0
1023700 21df21e1 21d321d4 21dd21dd 21d721d7
1023720 21dc21de 21d821d6 21da21de 21e921e9
1023740 21e921e6 21db21e1 21dc21dc 21d321d8
1023760 21d721d9 21d821d7 21dd21da 21d821e3
1024000 21d221db 21dd21df 21dd21d9 21d421d7
1024020 21d721d8 21d621db 21df21de 21d921d8
1024040 21db21d7 21cf21d1 21d421d7 21d621d2
1024060 21dc21e0 21db21d5 21d421d2 21d021d5
1024100 21d821d6 21d821d5 21db21d4 21e021da
1024120 21d921d5 21d121dd 21d421d1 21d821d5
1024140 21d321d7 21d521d2 21d521d6 21d221d0
1024160 21da21d5 21cb21d0 21ca21d5 21ce21d0
1024200 21d121cb 21c921d2 21c521c6 21d021ca
1024220 21d021d0 21ce21d2 21d021d0 21c421c2
1024240 21c121c2 21c621c1 21c721c6 21c521c8
1024260 21c821c9 21cd21cd 21d121cc 21c821cb
1024300 21bf21c1 21c421bd 21be21bd 21c021c0
1024320 21c621c1 21c821bf 21bd21c1 21bd21c0
1024340 21bd21c0 21c721bd 21be21b8 21bb21b4
1024360 21c121bc 21c021c1 21bd21c0 21be21b9
1024400 21b321b7 21b921b6 21b921bd 21bf21bd
1024420 21ba21bd 21b621b5 21b121b3 21b521b2
1024440 21bd21b7 21b621ba 21bd21b6 21b721b6
1024460 21a921b1 21ab21b5 21aa21ab 21ac21af
1024500 21b121ad 21b721b5 21b421b4 21b021af
1024520 21af21ac 21b221ae 21b021b4 21b621ab
1024540 21b621b2 21aa21af 21a921ab 21ab21a7
1024560 21ac21aa 21b321ae 21a921b0 21a521a4
1024600 21ae21ab 21ad21ad 219e21a5 21aa21af
1024620 21a021a2 21a421a6 21a921a9 21a921a8
1024640 21a221a7 21a421a6 219a21a2 21a021a0
1024660 21a221a1 219821a6 21ad21a3 21a421ab
1024700 21b421ad 21aa21b1 21a921ab 21ad21ae
1024720 21b121b2 21b421b1 21b421ad 21a621ab
1024740 21a021a5 21af21a4 21ae21a8 21a821ab
1024760 21a921aa 21ab21ae 21a921ab 21b521a9
1025000 21b121b5 21b221b5 21a621ae 21af21a4
1025020 21b321ab 21b421ae 21af21b1 21af21aa
1025040 21aa21a7 21a821ab 21ab21ac 21b021af
1025060 21af21ae 21b321b8 21a621ac 21b021a9
1025100 21b421ac 21af21b2 21ae21b2 21b321ac
1025120 21ad21b1 21ad21ab 21af21ac 21b421ac
1025140 21ba21b4 21b421b9 21b921b7 21bb21b5
1025160 21b221bb 21b621b7 21b921b9 21c221c5
1025200 21c521c6 21c121be 21c021c3 21c121bb
1025220 21bc21c2 21bf21c0 21c021c0 21bd21c0
1025240 21b921be 21be21c6 21c421c3 21c721cb
1025260 21c721c5 21ce21c8 21c421c4 21c621c3
1025300 21c821c5 21c121c7 21c921c1 21c421c2
1025320 21c421cb 21c421c6 21ca21c3 21d221c9
1025340 21c421c9 21c921cb 21ce21d3 21cf21d5
1025360 21cb21cf 21cf21d0 21d321d6 21cc21d4
1025400 21d721c8 21d521db 21d321d1 21d821da
1025420 21dc21dd 21d721d2 21dc21d2 21d621d6
1025440 21d421d7 21da21d7 21d821d8 21d621d4
1025460 21d821d6 21db21d8 21db21e2 21dd21d9
1025500 21ea21de 21dd21e5 21e221de 21e021df
1025520 21de21df 21e321e3 21e621e2 21dc21e1
1025540 21e221e4 21de21e0 21da21e0 21e521e0
1025560 21e521e5 21e521e0 21e321eb 21dd21d9
1025600 21dd21dc 21e721e0 21eb21ec 21ee21e6
1025620 21ec21e9 21e121e3 21e221de 21e321e7
1025640 21eb21e4 21e821f3 21ec21e7 21ea21f1
1025660 21e421e6 21e721e6 21e521e8 21e021e1
1025700 21de21d8 21ec21e9 21e821eb 21f021e6
1025720 21e821f0 21eb21e8 21e521e9 21eb21ee
1025740 21e521e4 21ec21e9 21e621e2 21e921e7
1025760 21f021f6 21ef21f0 21ea21ec 21e921ed
1026000 21e621e9 21f021ee 21f121ed 21ea21e7
1026020 21e821ed 21ed21ec 21f021f8 21f421f3
1026040 21f521f1 21f221f8 21f521f6 21f021ee
1026060 21f421f1 21f121f4 21e721e8 21eb21e8
1026100 21ec21ec 21f221ea 21f721ef 21ee21f6
1026120 21ef21ea 21ec21f6 21ed21e9 21f321eb
1026140 21e621e8 21ea21ef 21f121f5 21ee21f0
1026160 21ef21ec 21df21e0 21ea21ec 21f121e7
1026200 21f021ec 21e721e9 21e921de 21ed21e6
1026220 21ea21ec 21ec21e6 21f321e7 21ef21ed
1026240 21ea21f0 21e421ec 21df21e4 21db21df
1026260 21e021de 21ed21ea 21e721e7 21e821ef
1026300 21e121e3 21d921db 21e121dd 21e521e3
1026320 21e521e1 21de21e6 21dc21e2 21e121dd
1026340 21e021e4 21df21db 21e321dd 21db21df
1026360 21db21d8 21d721df 21d321ca 21db21d5
1026400 21db21db 21d121d2 21d521d9 21d121d5
1026420 21d821d4 21d521d5 21d121da 21d121d5
1026440 21d521d0 21d321d0 21d421d2 21cd21d3
1026460 21c821ca 21d221c7 21c421cd 21c921cc
1026500 21c921c4 21c921c2 21cb21c7 21ca21cf
1026520 21c021c2 21ca21c5 21c221bd 21b921c0
1026540 21bc21c0 21bc21c0 21ba21be 21ba21bc
1026560 21ba21b9 21b721c0 21b821c4 21b421b4
1026600 21b721b9 21b521b3 21b121ab 21a521af
1026620 21a921ab 21b921b1 21aa21ae 21ba21ac
1026640 21aa21b2 21b321b2 21b421b3 21a721ae
1026660 21b021b3 21af21ae 21ab21ad 21ac21a7
1026700 21ae21a9 21b321b3 21b221a8 21a721a8
1026720 21ad21ad 21a821a7 21a221a5 21a921a6
1026740 21a621ab 21a021a1 219b219d 2198219b
1026760 219a219a 219f219e 219f219d 21a221a0
1027000 219e21a1 2198219c 219b2199 21a2219d
1027020 21a3219c 2198219c 219e219e 219e219b
1027040 219e219b 21a2219d 219b219f 21982199
1027060 219b219b 219f219d 219d219e 21a2219a
1027100 2198219f 219d21a1 219b219d 219c219e
1027120 21a0219e 219c21a1 21a421a2 21a121a1
1027140 21a421a4 21a521a6 21a121a3 21a2219e
1027160 219d21a0 21a3219d 219f21a3 219f21a4
1027200 21a121a3 21a0219c 21a22198 219f219b
1027220 21a121a1 219f219d 2197219d 21a421a2
1027240 219c21a5 21a1219c 21a421aa 21ab21a5
1027260 21ab21aa 21a621aa 21a521ae 21a821a8
1027300 21ae21a6 21a721a7 21a721ab 219e21a0
1027320 21a521a2 21a721a6 21a921a7 21ae21ac
1027340 21a621b7 21b621aa 21ac21b0 21a821a5
1027360 21a621a0 21a621a8 21b121b0 21b421b1
1027400 21b721b0 21b521b1 21b621b4 21b521af
1027420 21af21b0 21b021ad 21b221b0 21b121b3
1027440 21ba21bf 21c021be 21c721bd 21bc21bb
1027460 21bc21be 21b821ba 21b521b5 21b721b6
1027500 21ba21ba 21bf21bd 21ba21c5 21bd21c0
1027520 21c021bc 21bf21bc 21c221c5 21c521cf
1027540 21c821c8 21d121ca 21cc21cb 21c521cf
1027560 21c721c9 21c621c5 21ce21c9 21ca21cb
1027600 21cd21cd 21d621d3 21d721de 21d521d7
1027620 21df21dc 21d121da 21d921cd 21cf21ca
1027640 21d821d7 21dc21db 21dd21e4 21e021dd
1027660 21e221df 21e521df 21e621eb 21de21e0
1027700 21e021dc 21e121e0 21df21da 21d621e0
1027720 21d921d4 21e321d9 21d721da 21e321db
1027740 21de21e2 21dd21de 21e121dc 21e621e0
1027760 21e121e2 21dc21e2 21e121e3 21e221e7
1030000 21e721e1 21e021e9 21df21e5 21e321e9
1030020 21ea21eb 21ea21e7 21e721e7 21e721e1
1030040 21dd21e7 21e621e3 21f721f3 21ef21e9
1030060 21f121ed 21e621e9 21e921ed 21f021e9
1030100 21ed21e8 21e621ea 21ee21e6 21e721e9
1030120 21ef21ec 21f221ee 21ed21f0 21ea21ea
1030140 21e921ec 21f221ee 21fa21f6 21ee21f3
1030160 21f221f4 21ef21f7 21ea21ef 21f921f4
1030200 21f421fa 21fb21f4 21f721fe 21f821f8
1030220 220121f9 21fb21fa 21f82200 21fc21fd
1030240 21ff21fe 21ee21f5 21f421f8 21f221f3
1030260 21f921fd 220121fd 22002200 21f821fd
1030300 21f421fc 21f221f5 21fd21f7 220321f8
1030320 21fb21fe 21f521fb 21fd21fb 220221ff
1030340 21fe2200 22042202 21f921fe 22002200
1030360 22012204 21fc2201 21fb2203 21f821f9
1030400 21ff21fa 21fc21fb 220121fc 21f72204
1030420 22022203 22072209 21ff21fa 21fd21f9
1030440 21fa2201 21f321f7 21f621f8 21f621ed
1030460 21fe21fa 21fd2201 21f221fa 21fc21fa
1030500 21fc21fc 21fa21f7 21fc21fd 21ef21fe
1030520 21f021f7 21f321f1 21f721ed 21f721fb
1030540 21f721f6 21fd21fc 21f421f9 21ea21e9
1030560 21eb21e2 21ec21f7 21e721e8 21ee21ed
1030600 21ed21e9 21f021f0 21f521f3 21f621f7
1030620 21ed21f5 21ef21eb 21f421eb 21e821ee
1030640 21eb21e6 21e321e5 21e821e5 21e621e3
1030660 21e321e3 21e221df 21e321de 21e921e4
1030700 21e321e5 21e321e1 21e121e2 21e121df
1030720 21e921e3 21dc21dc 21dc21de 21d621de
1030740 21e021d9 21e921e1 21e021e1 21e021e1
1030760 21da21dc 21db21dc 21d221d5 21d021ce
1031000 21d221cf 21d221cb 21d021ca 21db21d0
1031020 21d521d7 21cd21dd 21cc21ce 21cc21d3
1031040 21d321cb 21d321d4 21d021c8 21cf21c7
1031060 21ce21cd 21d221c9 21cf21d4 21ce21ce
1031100 21d121d0 21cb21cd 21c821c7 21c221be
1031120 21c321c4 21c621c3 21c821c6 21d321c6
1031140 21cd21cf 21c521c7 21c621c2 21c421c3
1031160 21c421c3 21c721c8 21b921c2 21c021c0
1031200 21c821c5 21c621c2 21bc21be 21b621ba
1031220 21b321b7 21be21b3 21c021be 21ba21be
1031240 21b521ba 21bf21b8 21b221b8 21b921af
1031260 21bd21ba 21bb21c0 21ba21c0 21bb21b5
1031300 21ad21b6 21c221b8 21b921bb 21b521bc
1031320 21b921b6 21b021b8 21b721b6 21b621b3
1031340 21b621b7 21b121b3 21bd21b1 21b521bb
1031360 21b021b6 21b921b8 21b321b6 21b321b5
1031400 21b621b2 21b221b7 21b321b5 21b321b3
1031420 21af21b3 21b221b0 21b421af 21b521bb
1031440 21b221b0 21b821b5 21b121b7 21ac21b5
1031460 21b921ae 21b621b4 21b421b2 21b521b2
1031500 21b221ae 21b721b8 21bc21b6 21c021bd
1031520 21bf21bf 21c221bd 21ba21be 21c421c0
1031540 21b821c1 21b921bd 21b221b9 21b721bb
1031560 21b621ba 21bd21b3 21bc21c3 21ba21ba
1031600 21b921be 21bd21bb 21bf21bc 21bc21bb
1031620 21ba21c1 21bf21be 21be21bd 21be21b9
1031640 21b921b9 21b521b3 21b821bd 21c121bf
1031660 21c121bc 21c621c5 21c921d0 21cc21cf
1031700 21ca21c7 21c721c5 21bd21c8 21c321c9
1031720 21bd21c8 21c221c0 21c721c4 21c621c3
1031740 21c621c1 21cf21c8 21cc21d0 21cd21d2
1031760 21c521d0 21d021cd 21c521d1 21c121c8
1032000 21c821ba 21c521c1 21c821d3 21c521c4
1032020 21c321ca 21cc21c6 21cc21d1 21c621ca
1032040 21d221cf 21d521d6 21d421cd 21d021d0
1032060 21cd21cf 21c621ce 21da21cb 21cf21cf
1032100 21cc21c5 21c521c5 21ce21c8 21d921d3
1032120 21dc21d4 21da21d7 21d521d9 21d321cd
1032140 21e021db 21df21e4 21de21de 21da21de
1032160 21d821d9 21d721d8 21da21d2 21d721d8
1032200 21d721dd 21dd21d9 21e121df 21dc21de
1032220 21dd21e5 21df21dd 21db21d8 21d521d6
1032240 21dd21d8 21e521dd 21e521e6 21d921e0
1032260 21e221e2 21da21dd 21db21de 21da21d7
1032300 21e321e0 21e721e7 21e221e1 21d221de
1032320 21d321d7 21e021ce 21db21d8 21e521e7
1032340 21ed21eb 21e921eb 21e021e9 21e921e1
1032360 21e621ea 21e521e9 21de21e4 21de21e2
1032400 21e921e2 21eb21ee 21f721f0 21ef21f1
1032420 21ee21ef 21f321e9 21f221e9 21e521ea
1032440 21ed21ee 21e521ef 21e521df 21eb21e8
1032460 21e921e5 21e621ec 21e721e1 21e621e9
1032500 21ec21ed 21f021f3 21f821fa 21e321ee
1032520 21f121e7 21eb21ef 21ec21ea 21ed21f0
1032540 21f321f7 21f921f5 21f021ed 21f321f1
1032560 21f021f4 21ea21eb 21f421f4 21f821e8
1032600 21f421f8 21f821f2 21f421f7 21ec21f2
1032620 21f121ea 21f321f0 21f521f9 21ed21f2
1032640 21f021f4 21ee21ef 21f421ea 21f621fc
1032660 21fd21f7 21fd21f6 220021fc 21fb21f5
1032700 21f321f5 21f321f3 21f321f4 21f521f6
1032720 21eb21f0 21e921ec 21f121f9 21f321f5
1032740 21f221ef 21f521f5 21ee21e9 21f121f4
1032760 21f121f1 21f021f7 21f421f0 21f521f8
1033000 21f321f5 21f721f6 21f821f5 21eb21f4
1033020 21f421ec 21ef21f1 21f121f2 21eb21e6
1033040 21f321f0 21eb21ed 21eb21ea 21e321e7
1033060 21ef21e5 21e821f4 21e421e6 21e721f2
1033100 21e821eb 21eb21e2 21e921ea 21ec21e7
1033120 21ec21ee 21eb21ea 21e821ee 21e821ed
1033140 21e621e8 21e921e6 21e721de 21e321e3
1033160 21da21e0 21de21dc 21dc21da 21e021e0
1033200 21e321e0 21e021e0 21dc21dc 21e421df
1033220 21e121dd 21e221dd 21d021e4 21dd21d4
1033240 21dc21dd 21dc21d4 21df21de 21d921da
1033260 21e021e0 21de21dd 21d821da 21d721d3
1033300 21e121d9 21e121da 21e121df 21d921df
1033320 21d521d6 21d721d8 21d921d2 21d521d3
1033340 21d321da 21df21da 21d621dd 21d921de
1033360 21cf21d4 21d321d0 21de21d7 21da21da
1033400 21d521d7 21d521d8 21d421d5 21d321d6
1033420 21d021d8 21d121d2 21da21d0 21d221d4
1033440 21da21d1 21d821d8 21d421d3 21d221cf
1033460 21ce21cf 21ce21d1 21d421cf 21d021d2
1033500 21d621dc 21d721d5 21d621d5 21cf21d3
1033520 21d121d1 21d821d3 21d221d5 21d121cf
1033540 21d021cc 21cb21cb 21ca21ca 21cb21cb
1033560 21d221ce 21d021d5 21d121d0 21d421d9
1033600 21ce21d2 21d221d0 21ca21cc 21d121ce
1033620 21d121ce 21be21c6 21c521c1 21cb21cf
1033640 21c721c9 21cc21cc 21d421cc 21d121d1
1033660 21ca21cc 21d021ca 21cd21cc 21ca21cb
1033700 21d021d1 21d221d2 21cb21d5 21d421cf
1033720 21d321d4 21d121cf 21d221d5 21d821d7
1033740 21d621d8 21cd21ca 21d521d3 21cb21cd
1033760 21d621d0 21d221d3 21d221cf 21d021c9
1034000 21d021cc 21d621db 21dc21dc 21da21d9
1034020 21d321cf 21d721d7 21dc21d8 21d521dd
1034040 21d821d3 21db21db 21de21db 21d621d9
1034060 21d221d4 21d821d6 21d721d7 21db21e4
1034100 21db21da 21db21e1 21df21de 21de21de
1034120 21dc21de 21dc21e1 21e221e4 21e821e1
1034140 21e321e3 21db21df 21da21dc 21d521d9
1034160 21dc21d9 21d421d9 21d321d5 21d621d3
1034200 21da21e0 21e021da 21e621e3 21e021e9
1034220 21dd21e2 21e321df 21dd21d8 21e421e1
1034240 21e621df 21ed21ed 21ea21ed 21ed21e9
1034260 21ed21ea 21e721e8 21e221e5 21e421e1
1034300 21e721e2 21e921e1 21f021e9 21ee21ee
1034320 21f021f1 21ea21f2 21ea21f4 21ec21e3
1034340 21e721eb 21e821ea 21f221ed 21e521e9
1034360 21ea21e4 21e621eb 21e421e5 21e621e8
1034400 21e021e3 21e421de 21dc21db 21dc21e3
1034420 21e221e7 21ea21e1 21e621eb 21e521e2
1034440 21ea21ea 21e621e9 21e521e8 21e621ef
1034460 21f021f0 21eb21ea 21eb21ec 21ed21df
1034500 21e421e6 21e821ed 21f221ea 21e821ec
1034520 21e421e2 21e821e9 21e921eb 21eb21e8
1034540 21ea21ee 21eb21ea 21e921eb 21e621e5
1034560 21ea21e9 21eb21e8 21eb21ea 21ea21ef
1034600 21f321f6 21e921f8 21f121e8 21f621f1
1034620 21e921f3 21ed21f1 21e321ee 21ec21e9
1034640 21f321ea 21f221f2 21f421f2 21ef21e8
1034660 21f321f1 21f221f6 21ef21f6 21f421ee
1034700 21ea21f2 21eb21e7 21e621e8 21e221eb
1034720 21e921e2 21e821ec 21ec21e8 21e521ef
1034740 21e721e9 21e421e5 21e721ea 21ec21e1
1034760 21ea21e4 21ef21ea 21e521ec 21e121e7
1035000 21e621e4 21ea21eb 21ea21ea 21ed21ee
1035020 21e521e8 21ef21e4 21e621e7 21eb21e2
1035040 21e221e8 21e021e4 21e421e2 21e321e2
1035060 21e421da 21e221dc 21e621e0 21e321dc
1035100 21e921e2 21e121dc 21e121e3 21e021df
1035120 21dd21dd 21d821d7 21dc21d9 21dc21de
1035140 21de21de 21da21e1 21dc21dd 21e121df
1035160 21dd21df 21de21da 21d421d1 21de21e6
1035200 21d821d9 21dc21e1 21e321e6 21de21d7
1035220 21dd21dd 21dd21df 21d721de 21da21d7
1035240 21d821da 21d521d0 21cf21cf 21d021d4
1035260 21d021d4 21cd21d0 21d021cd 21ce21d0
1035300 21d521d5 21d721da 21da21d7 21da21d3
1035320 21d721d9 21cd21d4 21cd21d6 21cf21c2
1035340 21cf21ce 21cc21cb 21cc21cf 21ce21cb
1035360 21c521c6 21c121bc 21be21c3 21b921be
1035400 21ba21b9 21c221ba 21c221c6 21c721c8
1035420 21c621c1 21c321c6 21bd21c8 21c521c4
1035440 21be21c9 21c921cb 21c321c3 21c321c6
1035460 21c221c2 21be21bc 21c421bd 21c621c8
1035500 21c221c4 21c821c0 21cb21c4 21c221c5
1035520 21c321c3 21bf21c1 21c921c0 21bd21c3
1035540 21c121c5 21c421c2 21bb21c0 21c721bc
1035560 21bf21c1 21c321ba 21bb21bd 21ba21be
1035600 21c221c1 21c921c5 21be21c2 21c221b9
1035620 21ba21c3 21c421b9 21c121c0 21bf21c4
1035640 21bf21c1 21c421bd 21bc21be 21be21bc
1035660 21be21ba 21bb21c1 21c221bb 21c121bd
1035700 21bb21c2 21c921bb 21bf21ce 21c521bd
1035720 21cb21c9 21bf21c7 21b621bd 21b821bd
1035740 21ba21bb 21bc21bd 21c321c3 21c521c3
1035760 21c921c8 21cd21cd 21cd21cd 21c521ce
1036000 21ca21c8 21d021d3 21cf21d6 21d321d0
1036020 21d021ce 21c321ca 21c821c9 21c721cb
1036040 21c321c6 21cd21c5 21ce21cc 21d821cf
1036060 21d421d1 21cf21cb 21ce21cc 21ce21c9
1036100 21d121d3 21c221c2 21cc21cc 21d621cc
1036120 21cd21d3 21cf21cc 21d321cf 21d221d1
1036140 21d121d8 21d021d5 21cc21d8 21d621d0
1036160 21d821d8 21d321cf 21d621d7 21d521dd
1036200 21d421d6 21d421d5 21db21d7 21d221d5
1036220 21da21de 21d821db 21df21d9 21da21dd
1036240 21dc21df 21e621e3 21d621db 21e121d7
1036260 21df21e0 21db21e7 21e721e5 21e421df
1036300 21e721e7 21df21e7 21e121e2 21e121e4
1036320 21e521e1 21e521e0 21db21df 21db21d8
1036340 21eb21e2 21e321e1 21ed21e5 21ee21f2
1036360 21e921e7 21ef21eb 21eb21f1 21f521ee
1036400 21e721f2 21f021e9 21ec21f4 21e821f3
1036420 21f921f0 21f421f8 21f521ef 21f621fb
1036440 21f121f7 21f521f4 21f221ed 21f121f6
1036460 21f521f3 21f521f7 21f421f3 21f421f6
1036500 21f621f8 21f521fa 21f921f6 21fc21f4
1036520 21f621f4 21f821f9 21ed21f2 21f221ea
1036540 21f821f2 220621ff 220321fd 21fe21fd
1036560 220121fe 21f621f9 21f721fa 21f721f4
1036600 21fb2200 220221fc 220021fe 22002201
1036620 21f721fc 21fc21fa 21fd21fb 220321f9
1036640 22012202 21fb2201 21f921fe 21f421f7
1036660 21f821f2 21f621fe 21f821f9 21f621ff
1036700 21f421ef 21f821f3 21f121f5 21f621ee
1036720 21fc21fd 21fa21f8 21fb21f1 21f72201
1036740 21fc21fd 21fb21f9 21f821f5 21fa21f6
1036760 21f521f8 21f621f8 220421fd 220021fe
1037000 220321fd 22092205 22082204 2201220b
1037020 220021fd 22052200 220821fd 21fd2203
1037040 220521fe 21fd21fd 21fd21f7 21fe21fa
1037060 21f621ff 21f721fb 21fa21f8 220421fc
1037100 21ff2207 21fd21fe 21fa21fa 21f521f8
1037120 220221f0 220021f5 21f12203 21fe21fc
1037140 21f821fb 21fd21ff 21f721f6 21f021f8
1037160 21f521f3 21f621f9 220721fc 21fc21fe
1037200 21ee21f8 21ef21f3 21f621ef 21f221f0
1037220 21f321f3 21f521f7 21eb21f4 21e621ee
1037240 21f121ec 21f121e8 21f321f0 21f221f4
1037260 21ec21e8 21e721de 21e721e4 21e521e2
1037300 21ec21e3 21f321f3 21f021f0 21ef21e8
1037320 21ee21f3 21e221ed 21e021e4 21e221e4
1037340 21e221e3 21da21db 21d821d7 21dd21dc
1037360 21db21d9 21e521e1 21e121dd 21df21e1
1037400 21e121df 21d821d1 21d921da 21d321d6
1037420 21da21da 21d721d9 21cf21cf 21d221ce
1037440 21cd21ca 21d221d3 21d021d2 21da21d6
1037460 21cf21d7 21cf21cd 21c821cb 21cc21c9
1037500 21cf21c8 21c921ce 21c021ce 21c421c9
1037520 21c721c4 21ca21c9 21ce21c5 21c221ca
1037540 21bf21bf 21bf21bf 21c721c3 21c021c6
1037560 21ba21bf 21c221c6 21c721c2 21c521c7
1037600 21c021c1 21c321bd 21c121c7 21bc21c3
1037620 21ba21b8 21b321b0 21ad21b6 21a421b3
1037640 21be21b5 21b221b6 21b421b1 21aa21b3
1037660 21af21af 21b121ad 21b621b0 21b521b7
1037700 21ac21ad 21ab21aa 21a521a1 21ad21a3
1037720 21b221a9 21af21b1 21b021b0 21ad21ad
1037740 21ac21b2 21ae21b0 21ac21af 21ad21b0
1037760 21ad21af 21a921ac 21ae21ab 21ab21a5
1040000 21a321ad 21a821a4 21b321a9 21b521b2
1040020 21b021b7 21ae21b3 21a821ab 21a021a1
1040040 21a121a3 21a321a0 21a321a3 21a721a1
1040060 21a621a4 21ab21a9 21b021a7 21b021b1
1040100 21a621a7 21a521a7 21ab21af 21a321a5
1040120 21a521aa 219f21a5 21a22198 21a421a9
1040140 21a921a6 21a921af 21a621a7 21af21a5
1040160 21ac21ac 21b021b3 21b721b1 21ab21af
1040200 21ab21ad 21aa21ad 21aa21a7 21ab21a9
1040220 21b421a8 21b421b1 21b421b2 21b121ad
1040240 21b821b7 21bc21b5 21b821b8 21bd21bb
1040260 21b521b9 21ba21bb 21b421b1 21c221b7
1040300 21b821bb b011048f 00001004 0001000a
1040320 00010000 03b16013 00000ffc 0001000a
1040340 1400003c add01f00 add01f01 add01f02
1040360 add01f03 add01f04 add01f05 add01f06
1040400 add01f07 add01f08 add01f09 add01f0a
1040420 add01f0b add01f0c add01f0d add01f0e
1040440 add01f0f add01f10 add01f11 add01f12
1040460 add01f13 add01f14 add01f15 add01f16
1040500 add01f17 add01f18 add01f19 add01f1a
1040520 add01f1b add01f1c add01f1d add01f1e
1040540 ff000134 00000020 00000002 af7ee9a5
1040560 00000001 deadbeef f0000002 af7ee991
1040600 1b0196a7 00000000 00000134 00001f48
1040620 a0100490 220121b1 220c2205 2207220a
1040640 2205220a 22042208 22072205 22032203
1040660 21fc2200 21fd2203 21fc21f8 21fb21f9
1040700 220021f9 22032206 22052200 22092202
1040720 22072207 220c2207 22052208 21fc2203
1040740 21fc21fc 22002200 220321fc 22062203
1040760 22042205 220c2208 2211220b 22052205
1041000 2213220e 2203220b 2211220a 220c220f
1041020 2212220b 22142210 22102213 220f220e
1041040 22042207 220a2203 220b220f 220c220b
1041060 2215220e 2207220e 22102204 22042211
1041100 22092210 22072213 220d2205 22092208
1041120 220a2201 220a2207 22052210 2209220b
1041140 220a220a 220e220b 22042206 21fb2204
1041160 21ff2200 22072200 22032207 22092205
1041200 22102210 22102210 220c2209 22082205
1041220 22042205 220c2209 2205220a 22032202
1041240 22092204 220a2212 220b2207 22052208
1041260 220621fc 220a220d 22062209 220421fd
1041300 21de21f7 21b721c3 21872199 21672176
1041320 2157215f 214b2154 215e214b 21582156
1041340 215a2156 215a2157 2159215d 2150214c
1041360 21562153 2148214b 2148214d 214a2147
1041400 214e214d 21502151 214b214a 214f214e
1041420 214c2151 2154214f 2143214c 213c2142
1041440 21472145 214f2149 2141214d 21462149
1041460 21422143 213d213e 213f213d 2137213e
1041500 21402138 21462144 2141213e 213e2142
1041520 213a2135 213e213d 21382133 2142213e
1041540 213f213f 21432141 21422144 21392145
1041560 213d2141 21372136 21392137 21382139
1041600 21352136 21362139 212e2134 212c212b
1041620 21302131 212d212c 212b2132 21332134
1041640 21322134 21322137 212a2137 212f212c
1041660 21322129 2137212d 21322137 21282131
1041700 212f212a 2128212b 21272125 212a2126
1041720 212d212d 212d212e 212a212d 2129212a
1041740 21262123 2120212d 2129211f 21252115
1041760 21242127 21262121 2127212c 21232126
1042000 211d211b 21152116 21162114 2119211c
1042020 211c2119 211c211a 211d2119 210b211a
1042040 210c2115 210f2114 21152113 2119210e
1042060 21152119 210e210e 21162114 21182118
1042100 211b2119 210e2115 2117210d 211c211a
1042120 2118211b 21262125 211b211d 21132112
1042140 21162116 2115210e 2117210c 21182119
1042160 21132116 2115211c 21132115 21132111
1042200 21142111 21162117 2116211f 211a2117
1042220 210f2117 210c2105 210d210c 211c2117
1042240 2114211d 2112210f 21142112 211c211a
1042260 211a2117 211d211a 211a211f 21182118
1042300 2115211a 2113211a 21162118 21192117
1042320 21172119 211b211d 211a211e 211c2116
1042340 211a2119 2114211b 210c2116 2117211e
1042360 211c2116 2129211e 2120212c 21282125
1042400 21202125 21222121 211f211c 21292121
1042420 21292128 212c212a 21262126 21212128
1042440 21262126 212a2129 21302127 21382130
1042460 2125212e 21232133 21322130 21212128
1042500 2138212e 21352135 212f2133 212f213b
1042520 21302134 212e212d 213a212a 21362136
1042540 21382137 213c213f 21372137 21372136
1042560 21382138 213a2138 21382140 2140213b
1042600 21472141 21482146 21432146 213e2148
1042620 21442148 21462145 214b2149 214f2150
1042640 214b2150 214b214c 21502148 214f214f
1042660 2150214d 21562157 215e2156 215c215a
1042700 2159215b 21542150 21542155 215b2154
1042720 215b2156 2160215d 21612160 21592164
1042740 215a2153 21542158 215c2157 215c2159
1042760 21672160 215f2161 2161215d 21622169
1043000 21662167 21622161 215f215d 21682159
1043020 216a216b 21652167 215b2162 215f215e
1043040 2168216b 216c216d 216b216b 216f216e
1043060 216d216d 2172216a 216f216c 216e2171
1043100 21762171 21792172 21762175 217a2177
1043120 21782181 2179217d 217a2176 21812174
1043140 217c2173 217d217c 217e217c 2181217a
1043160 21862182 217d2181 217a2180 217d217c
1043200 2178216c 21742179 217c2173 21802184
1043220 217e2180 217b217a 21832181 217f217e
1043240 217c2180 217c2181 217b217e 217b217b
1043260 217f2180 217e2179 21872181 21832184
1043300 2181217e 21882186 21862186 218b218f
1043320 21812180 218c2181 21862185 2188218a
1043340 2188218d 217e2188 21822180 217a217b
1043360 21862181 218a218d 21862189 21882183
1043400 21882180 2180217f 21802182 217e217a
1043420 217b2179 21872187 21892189 21852188
1043440 21832188 21872187 21822185 218f2188
1043460 21832184 21832186 21852182 21842188
1043500 21802182 21812185 21872184 21812180
1043520 217e217c 217b2180 21802183 2186218a
1043540 217e217c 21872184 21892189 2189218e
1043560 21822187 21832182 21892189 21802184
1043600 21822182 2178217a 21802180 217b2181
1043620 217b217f 21812182 217e217d 217c2180
1043640 217e217f 217f217b 217d217f 217e217c
1043660 2174217e 21772177 21702179 21772171
1043700 2174217b 217e217e 21792180 21792173
1043720 217e2180 21752173 21722174 21742173
1043740 21742171 216d216c 216a216e 216c216d
1043760 216d216a 21712170 21722173 2175217a
1044000 2175216d 2163216c 21652160 21652164
1044020 215d2167 21662163 21672165 215d215f
1044040 21612163 215d215d 2162215e 21642164
1044060 2162215e 215b2162 215f215d 21572158
1044100 21592157 21512157 21522159 21582152
1044120 21522153 21502150 21532152 215d215b
1044140 21542151 2150214f 21492146 213e213d
1044160 2149213e 2145214a 21482142 2147214e
1044200 214b2153 2146214d 2153214c 21502148
1044220 2143214a 21402148 213f2141 21492145
1044240 21452143 2139213b 21392139 21352137
1044260 212f212d 21392135 21342139 213e2136
1044300 21362142 213b213b 213c2134 213c213e
1044320 213f213b 21312138 21322132 212e2130
1044340 21352132 212f212f 21282126 21282126
1044360 21272128 21252129 21282127 212c2129
1044400 2128212c 212b2129 2130212c 2128212f
1044420 212e2134 21312139 212f2123 2122212e
1044440 21272121 212a212e 21342132 21362139
1044460 212c2136 2126212b 2127212b 21282125
1044500 212c2128 212b2128 212f212b 21352139
1044520 212e212c 213c2131 212c2131 2131212e
1044540 21342137 21352136 21372136 2133212c
1044560 212c2128 2134212d 2132212e 21332130
1044600 212e2130 2127212e 212b212d 212f212a
1044620 21342132 213b2138 21332137 21302139
1044640 2130212d 2136212d 21312134 213b213d
1044660 213f213e 213d2136 213d2133 21402145
1044700 213d2138 213c213f 2140213c 21432140
1044720 213f2141 213f213b 2140213c 213c213e
1044740 2145213f 214b2151 2148214f 21472149
1044760 214d214a 21482144 214f214e 2151214b
1045000 21522154 21562154 215e215a 2156215c
1045020 21522155 215a215a 215c2157 215f2151
1045040 215c215e 215c215f 215a215b 2158215a
1045060 21622159 215f2160 215e215d 21652162
1045100 215c215f 21662160 2167215e 2169216c
1045120 216e2173 216e216f 2174216c 21702176
1045140 216b2165 2166216b 21632161 21612160
1045160 216a216b 216c216a 21722170 2174216d
1045200 2171216d 2170216f 2172216c 216f2175
1045220 21772170 217e2178 2179217b 21752175
1045240 21782179 21822179 217f217e 217b2181
1045260 217c2178 2189217d 2183218a 21852180
1045300 21812184 21862186 218c2187 21972188
1045320 21912193 218a2193 218d2189 21912190
1045340 218e2193 21982193 219b2195 2194219f
1045360 21922199 21932194 218f2192 21932190
1045400 21992195 21992198 2193218f 21972194
1045420 21922191 21962193 21972197 2197219f
1045440 2199219b 21a021a1 2199219e 219b21ab
1045460 21a121a2 219f219c 219a219d 219921a0
1045500 21a1219f 21a321a1 21aa21a3 21a1219f
1045520 21a421a7 21a221a6 21a021a1 219b2198
1045540 219921a1 219f21a2 21a8219d 21a5219c
1045560 21a321ac 21aa21ad 21a621a9 21a821a6
1045600 21a521a5 21a1219f 21a621a5 21a721a6
1045620 21ac21a5 21ac21ae 21af21ab 21aa21ab
1045640 21a921a9 21aa21af 21a721b5 21b121a5
1045660 21a721af 21b021ab 21b521b3 21ad21b4
1045700 21aa21ab 21aa21aa 21af21ac 21aa21a8
1045720 21ae21a8 21ab21ac 21ae21a6 21ac21af
1045740 21af21b1 21b121ac 21a721ac 21ae21ac
1045760 21a621a6 21ac21af 21ab21a9 21b021af
1046000 21aa21ac 21ad21ae 21a421ad 21a621a7
1046020 21b021a8 21a921aa 21a421ab 21a721a3
1046040 21a821ad 21a121a1 21a421a4 219e21a1
1046060 21a021a6 21a421a0 21aa21a2 219d21a3
1046100 21a221a1 21a521a8 21a121a7 21a921a7
1046120 21a621b4 219f21a1 219d21a2 219d2194
1046140 21a2219f 2194219a 21942193 219e219e
1046160 219e21a3 21a0219e 219a21a6 219b2199
1046200 21932198 2199218d 219d219b 21952198
1046220 218e2196 218e2196 21932191 21942196
1046240 21892190 21922191 2194218f 21922190
1046260 21972196 2187218f 218b218c 2191218b
1046300 21932192 218b218c 217e2186 217e2180
1046320 21792179 2182217f 217d2180 217c217b
1046340 2177217a 2180217e 21772180 217f217f
1046360 2181217c 2175217b 217f217f 21702175
1046400 21752179 21722177 21702171 2171216e
1046420 2169216f 2171216c 216c216d 216c2169
1046440 21672164 21632167 2167216d 216c2170
1046460 2164216b 2164215b 21602165 216b215d
1046500 21662161 21672172 21662169 21662165
1046520 21652165 2156215a 21562157 215e2158
1046540 215d2155 215f2158 215f2163 2154215a
1046560 21572159 21562156 215f215a 21582159
1046600 21572159 2156215d 215a2156 215e215b
1046620 21542158 214d214f 215c214f 21562157
1046640 21512154 214a2153 214e2148 21552155
1046660 214f2154 2155214c 214e2153 21562155
1046700 21562154 214d214f 214b2143 214a214b
1046720 2152214a 214c2154 2152214d 2152214d
1046740 21442146 21462147 214e2148 2151214b
1046760 21472149 214f2151 21472148 214d2144
1047000 214e214c 21552153 214f2151 2155214b
1047020 21562150 215f2158 21602159 215a2162
1047040 21582162 2155215e 2152214e 2151214d
1047060 21552156 2157214b 21562154 2153215f
1047100 215e2156 215f215d 21622158 2161215b
1047120 215b2160 215b2158 21562158 215d2153
1047140 21602163 21622160 21602165 21602160
1047160 21652166 21602165 215e2163 21602155
1047200 21682163 216c2164 216a2173 2170216a
1047220 21722168 21702170 216a216f 21662169
1047240 21702169 2171216c 216f2173 2167216c
1047260 216c2167 2167216a 216c216a 2170216e
1047300 216b216f 21702173 21772170 21732172
1047320 2177216e 21752179 21802182 2172217d
1047340 217b217a 21782178 2180217e 21822180
1047360 2188217c 217e217d 217e2181 217d2180
1047400 21892187 2188218d 217f2185 21842186
1047420 217f217f 21852185 21852181 2187217b
1047440 218b218d 21912191 2186218f 2188218b
1047460 2192218b 21922194 21992197 21952199
1047500 219a2198 21992198 21982190 219a219b
1047520 21a1219e 21952194 21962194 21922197
1047540 21902199 21962195 21992199 219b219c
1047560 219a219b 219c219d 21ac21a3 21a721ab
1047600 21aa21a5 21ac21a5 21a421a3 21af21ab
1047620 21a521ac 21ae21ab 21a621aa 21b421a9
1047640 21ac21af 21ac21aa 21ac21ad 21a921ab
1047660 219b21a0 21aa21a7 21ab21a9 21b621aa
1047700 21ab21b3 21aa21b3 21ae21a7 21ad21b1
1047720 21ac21a8 21b421ae 21b521af 21b421b5
1047740 21b621b4 21b221b7 21b021ad 21b521b9
1047760 21bb21b8 21b921b8 21b921b4 21b121b4
1050000 21b621b8 21bb21bf 21b621c3 21c121b5
1050020 21c321bf 21bf21c2 21c121c5 21c021c1
1050040 21c321bd 21bd21c1 21c021be 21c821c3
1050060 21c021c2 21c221bf 21b221c0 21bc21bc
1050100 21bb21bb 21c521b9 21c821c4 21c021c0
1050120 21c721c2 21c021c6 21bf21bc 21c221c1
1050140 21c121c2 21bd21bd 21ca21ca 21c821c4
1050160 21c921c4 21bd21c1 21c721bb 21bf21c6
1050200 21be21bf 21c521c0 21c021c2 21c421c4
1050220 21be21c3 21c821ca 21c621bf 21bf21c9
1050240 21bc21c2 21bf21c3 21bb21c1 21c421bb
1050260 21c121c1 21bc21ba 21bb21c9 21b921c6
1050300 21c221b7 21bb21bb 21be21be 21bb21c7
1050320 21bb21c0 21ba21b1 21c221c4 21bf21c1
1050340 21c121c4 21bc21b7 21bc21bd 21bf21c2
1050360 21bd21b9 21b921bc 21bd21b1 21be21b7
1050400 21bc21c4 21bc21bd 21bf21c0 21b321ba
1050420 21b621b5 21b921ba 21ac21ae 21ab21a9
1050440 21ac21a6 21ab21af 21ac21aa 21a521ab
1050460 219b21a1 21a521a2 21a721a2 21ad21b0
1050500 219e21ac 21a721a4 219f21a3 21a2219e
1050520 21aa21a0 21a021a3 21a621a6 219c21a7
1050540 21a5219d 2199219d 2196219b 219b219f
1050560 21992197 218e2196 2198219b 218d2197
1050600 21902196 2193218d 218b218e 2191218c
1050620 21962192 21932191 218c2190 218d218b
1050640 218c2187 21852188 2193218c 218a218a
1050660 218a218c 218a2190 2182217d 21842186
1050700 217f2183 21832180 21872185 218c218a
1050720 21822182 21832180 21822181 2183217e
1050740 217c2179 2183217d 21822181 2186217c
1050760 2181217f 2181217f 2173217c 21712176
1051000 217a2177 217c2178 217c2178 21742181
1051020 21712174 21772171 2177216c 21742173
1051040 21782175 216d2178 216c2171 216d216e
1051060 216c216b 21752173 216f216f 21752174
1051100 21702171 21722175 21752172 216d216a
1051120 216b2169 2168216c 2167216b 216b216e
1051140 216b2163 21672166 21672169 21632166
1051160 216b2173 216e2172 21692169 216d2170
1051200 21692172 2164216b 21652167 215d2163
1051220 216f2165 2175216b 21722177 2175217e
1051240 21752173 21762178 21752173 21752171
1051260 21792178 21772175 216a2172 216a216d
1051300 21732171 2170216e 2170216d 216d216d
1051320 216f216f 216b2176 2178216d 21722170
1051340 216a2169 216f2173 21752170 2172216b
1051360 21702167 216e2170 2170216c 21782177
1051400 217a2176 217b2176 216f2174 21762176
1051420 217c2172 21772172 217d2177 2177217b
1051440 21752174 21792178 217e217b 217a217b
1051460 217d217a 2181217f 217a217b 217e2183
1051500 2187217f 21872183 2185217b 21802181
1051520 21852185 2187218d 2187218c 21872187
1051540 218e2190 21892190 218f2183 2189218e
1051560 21902185 21872190 2190218c 21952191
1051600 21942198 218f2194 21922192 2193218b
1051620 21982195 21972190 218f2197 21952198
1051640 21942195 21952190 21902195 218f2198
1051660 219d2197 219f2199 21a22198 219c21a0
1051700 21a2219e 21a321a4 21a421a8 21a821a8
1051720 21a721a1 21a121a1 219b21a8 219e219d
1051740 219f219b 21a121a1 21a121a5 21a221a6
1051760 21a321a7 21aa21a6 21a721a6 21a621ab
1052000 21a421ac 21a321a3 21ab21a0 21ad21b6
1052020 21b121ab 21b221b6 21a821ab 21aa21a6
1052040 21aa21a5 21a221a8 21a721a7 21a821a3
1052060 21ac21ae 21b321a9 21aa21af 21b821a9
1052100 21b821b1 21bc21ba 21b521b6 21af21b0
1052120 21ae21b3 21ac21ae 21b321b0 21b521b4
1052140 21ba21b3 21bd21b7 21ba21be 21bb21c0
1052160 21c221c6 21c421bf 21bf21c3 21c521ca
1052200 21bc21bc 21bf21bb 21be21ba 21c321c4
1052220 21b521c0 21b921bc 21c621ba 21c121c5
1052240 21cb21cb 21d021c8 21d521cb 21cc21cc
1052260 21c621bd 21c221c6 21c121c0 21c221c3
1052300 21c921c8 21c921c8 21c621c6 21c321c8
1052320 21ca21c8 21cb21c6 21c821c5 21cb21c8
1052340 21cf21ce 21d221d3 21d321cf 21cd21d2
1052360 21d521d4 21c921d3 21cb21cd 21cc21cd
1052400 21d121cf 21cc21d1 21ca21cd 21cb21cc
1052420 21ce21ca 21ce21cd 21cd21cf 21cd21cc
1052440 21cc21c3 21c521cc 21c921cb 21d021cf
1052460 21cb21ce 21ce21cd 21cf21c8 21cb21ca
1052500 21ce21cc 21c321c9 21c821cb 21cf21cd
1052520 21c621cc 21d721d0 21cd21cf 21da21cf
1052540 21cc21d5 21d121d0 21ce21d9 21ca21c5
1052560 21cb21c9 21c721c8 21c121c2 21c821c4
1052600 21c721c4 21ce21c9 21c921c9 21bd21bf
1052620 21c221ca 21ce21c8 21ca21c9 21c521cd
1052640 21bd21c2 21bf21c1 21c321be 21bd21c1
1052660 21c321c4 21c321c7 21bb21c8 21b821b8
1052700 21b821b7 21b721ba 21bd21ba 21bc21c1
1052720 21be21b7 21c321b8 21ba21b8 21ba21b5
1052740 21af21bd 21b121b6 21ae21b0 21af21a7
1052760 21a621a9 21b021af 21af21ba 21b321ab
1053000 21a921ac 21ae21a5 21ae21b0 21a921a9
1053020 21ad21aa 21a721a6 21ab21ab 219f21a9
1053040 219a219b 21a8219f 219c21a3 219f21a6
1053060 21ae21a4 21a421aa 21a921a4 219f21a2
1053100 219e219e 219f219f 219f219d 21a0219b
1053120 21a0219d 219721a5 2198219a 219d2199
1053140 219f219c 21942198 21952199 21942198
1053160 2190218e 21922190 2195219a 21952193
1053200 2193219a 21a12198 2199219a 21982195
1053220 218e219a 218c2191 218d218e 218e218c
1053240 21932192 218c218d 21922191 218f2192
1053260 2195218f 218e2191 2188218e 218d218d
1053300 2182217f 2184217f 2180217e 21892181
1053320 2186218d 21852186 21892186 2185218a
1053340 21842186 21842181 218c2185 218b2187
1053360 2184218e 21862189 218a2189 217d2180
1053400 21852182 21832185 218c2188 21892185
1053420 21822187 2185217a 2181217d 21822181
1053440 217d2186 2183217f 21882184 21852183
1053460 21882182 21872186 21862183 218a2184
1053500 218f2184 21882195 218f2191 218a218f
1053520 218a2182 21872189 2189218a 2194218f
1053540 218a218a 21902184 2186218c 21882184
1053560 21872191 21862188 21852185 218f218a
1053600 218e218d 21932193 218b2192 218c2189
1053620 218c218c 21952191 2199219c 218e2197
1053640 21902191 218a2186 218f218f 21932197
1053660 218f218d 21932190 21902193 21902198
1053700 218a2194 21822189 218d218b 2192218c
1053720 218d2192 219a219a 21982199 219c219d
1053740 219c21a0 21a12197 218f2193 21962196
1053760 2193218b 21a22195 219e2199 21a7219d
1054000 219a219d 21992192 219f21a1 21982196
1054020 21a3219e 21a2219c 21a321a6 21a0219e
1054040 219e219f 21a021a1 21a3219d 219b219d
1054060 21a021a4 21a321a5 21a021a6 219b219f
1054100 21a5219e 21a421a9 219f21a1 21a521a5
1054120 21a921aa 21ac21a8 21a721a9 21a421a6
1054140 21b721ac 21b321b6 21b021ac 21a721ad
1054160 21aa21a5 21ad21ad 21aa21aa 21b221b0
1054200 21b221b4 21af21b0 21af21b5 21c221b5
1054220 21b521bc 21bc21bf 21b621bb 21b521c1
1054240 21b621b1 21ba21b7 21b721b6 21b021b5
1054260 21b621bb 21b221b4 21b921b5 21b621bb
1054300 21b821c1 21ba21be 21af21b3 21b421b9
1054320 21bf21b0 21b921bc 21b621b8 21c121be
1054340 21b521b2 21bb21b7 21bd21bb 21bc21c6
1054360 21bb21bb 21b521bb 21ba21ba 21b321b7
1054400 21bd21b6 21be21b5 21b921bd 21be21bf
1054420 21bc21b8 21bf21c2 21c021c1 21c421c5
1054440 21c221c3 21c021c0 21c621ca 21c021c2
1054460 21bb21b9 21c121bc 21cb21c9 21c821ce
1054500 21c821c2 21c821c3 21c321c6 21bd21c7
1054520 21c121bd 21c821c0 21c921c9 21c321c3
1054540 21c621bf 21c721ce 21c521cb 21ca21c7
1054560 21cc21c8 21cb21c6 21cc21c9 21c921c8
1054600 21c221cc 21d021c9 21cd21d4 21c821c8
1054620 21c221c8 21c821c3 21c621c9 21c721c8
1054640 21d221d8 21ca21d2 21ca21c6 21c721c8
1054660 21cc21c4 21d121ce 21ce21cd 21cd21c8
1054700 21c921c7 21ca21c6 21d421d0 21d321d0
1054720 21cc21c4 21c321c6 21cc21d0 21c521cb
1054740 21ca21c7 21cc21ca 21c921d0 21c921cf
1054760 21be21c7 21c821ca 21cf21c7 21cd21ce
1055000 21c621cd 21c721c8 21c821c0 21ce21d2
1055020 21c421cb 21cb21c9 21c021c9 21c421c2
1055040 21c521c5 21c421c6 21c621c8 21ca21c8
1055060 21bb21c2 21c721c4 21c821d2 21c421cd
1055100 21ca21c9 21c421c3 21be21be 21c021c0
1055120 21b421c0 21c721bf 21be21c6 21c421be
1055140 21c121c0 21be21bc 21bd21bb 21b621b9
1055160 21c121b5 21bf21b7 21b721c2 21b321b8
1055200 21be21b5 21b321b6 21c221b8 21bf21be
1055220 21b121b7 21ba21b8 21bb21b6 21b421b7
1055240 21b121ae 21b921b8 21b621b8 21ba21bb
1055260 21b421b9 21b421b3 21a921b2 21ae21b0
1055300 21b221b1 21ab21b2 21ab21a5 21aa21a1
1055320 21ae21ab 21b021a4 21ab21a6 21a621a9
1055340 21ab21ab 21a621a7 21a521ac 21ac21ad
1055360 21aa21ad 21ab21a7 21a821ae 21a321a2
1055400 21a021a2 21a421a9 21a121a9 219f21a0
1055420 219e219f 219e21a1 21a421a6 21a321a0
1055440 21a2219a 21ab21a4 21a721a1 21a521a9
1055460 21ab21a8 21a321a5 219e219c 219a219e
1055500 2196219d 219f219b 219f219b 21a821a5
1055520 21a221a2 21a621a6 21a921a9 21ad21b0
1055540 21ac21ae 21a721b0 21a321a1 21a721ab
1055560 21a921a8 21a821a3 21b421a9 21b221af
1055600 21af21ae 21a621ad 21a4219d 21a321a8
1055620 21a421a4 21aa21a8 21a421a5 21a721a3
1055640 21a221a7 21ab21aa 21ac21ae 21a721a5
1055660 21a221a3 21a721aa 21a421a3 21ac21a8
1055700 21b121ae 21b421b9 21aa21a5 21a421a7
1055720 21a3219c 21a921a6 21a321a7 219f21a0
1055740 219c219f 21a121a3 21b021a6 21ac21ab
1055760 21ac21ab 21a821b1 21b621b3 21b021b7
1056000 21ab21ad 21ac21a9 21aa21ae 21a821b0
1056020 21b721af 21b921aa 21b821b0 21b221b3
1056040 21b221b3 21b021b1 21ac21a6 21a921ae
1056060 21af21b2 21bc21b6 21b521b4 21b821b4
1056100 21b721b3 21af21b6 21b921bb 21ac21ae
1056120 21ae21aa 21af21ae 21b821b3 21b921be
1056140 21be21ba 21bc21b8 21ad21b4 21b621b8
1056160 21af21b2 21c621bb 21bb21bf 21bc21ba
1056200 21b421bd 21c021b8 21b921b7 21b621b7
1056220 21bf21ba 21c121c5 21c121b9 21c221bd
1056240 21c921bb 21d021cf 21cc21cb 21c821ce
1056260 21d021cb 21ce21ce 21c821cf 21c521c5
1056300 21c821ca 21c821c7 21c521c5 21bf21c1
1056320 21cd21cb 21cd21cf 21c921c8 21c921ca
1056340 21cf21c9 21ca21d3 21d121ca 21cd21cf
1056360 21d221cd 21ca21cd 21c521cb 21c721c6
1056400 21cd21cc 21ce21c7 21d221ce 21d321d2
1056420 21d121de 21d021cd 21c721d2 21cc21c5
1056440 21ce21cd 21c821cc 21d021c7 21d121ce
1056460 21c921c9 21cc21cc 21cd21d4 21d121cd
1056500 21d421d0 21d021c9 21ce21d2 21cf21d2
1056520 21d221d2 21d421cc 21d621d3 21cf21cf
1056540 21d021d7 21cc21cc 21db21d1 21d321d2
1056560 21ce21d8 21cb21d3 21d421d6 21cf21d1
1056600 21d121c9 21d021d6 21d121d4 21d621d2
1056620 21dc21d4 21d321d8 21d221cc 21d721d2
1056640 21d721db 21de21de 21de21e0 21d521e0
1056660 21d221db 21d721d0 21ca21d9 21d721d0
1056700 21ce21db 21d921cc 21db21d5 21cd21d0
1056720 21d621d4 21d221d5 21dd21d5 21d821da
1056740 21d221d4 21d421db 21ce21d8 21d921d4
1056760 21d421d8 21dd21d8 21e321e2 21df21df
1057000 21d721db 21dc21d8 21d421db 21da21d7
1057020 21d521d8 21d721de 21d321d3 21ce21cb
1057040 21d021d7 21d421d6 21d521cf 21d221cf
1057060 21d521ce 21d421d6 21d121d2 21dd21d5
1057100 21d721d5 21d421d7 21ca21d3 21ce21cc
1057120 21d921d9 21cf21d6 21d221d5 21d921cf
1057140 21cb21d5 21d221d2 21d521d1 21ce21d2
1057160 21de21da 21d921e0 21d321d5 21d321d1
1057200 21c821d2 21c421ce 21c921cc 21cf21c9
1057220 21cf21d2 21d521d6 21d621db 21cf21ce
1057240 21d121d1 21c921c9 21c821c7 21c321c3
1057260 21cf21d0 21ce21ca 21d121c9 21cd21cc
1057300 21cc21ca 21ca21c9 21c721c6 21c521c3
1057320 21c521bc 21c121cb 21c421c9 21c621c6
1057340 21c221c8 21bd21c4 21c621be 21c021c3
1057360 21c321c3 21bd21c0 21ba21b3 21b421b9
1057400 21c021c7 21b721bd 21c521c1 21b821b8
1057420 21b821ba 21c021c2 21bd21c5 21bb21be
1057440 21c221af 21c421c3 21be21bd 21c121c0
1057460 21be21c1 21c421c1 21bf21bf 21bc21bd
1057500 21b921c1 21be21b8 21bb21bc 21bb21b9
1057520 21b221b8 21b421b4 21ba21b2 21b821b5
1057540 21b621b8 21a721b3 21b121b4 21b621b3
1057560 21b421b3 21b021ad 21a621ad 21ac21ae
1057600 21a721ac 21b121aa 21af21b2 21b121b0
1057620 21b521b8 21bc21b5 21b521b8 21af21b4
1057640 21b521ad 21aa21ac 21b421b6 21aa21a4
1057660 21af21b1 21b121ad 21b721b3 21b621bd
1057700 21b721b1 21b021b8 21ab21ab 21ad21b1
1057720 21b121ad 21b721b4 21b021b9 21ad21b1
1057740 21ba21b3 21ba21b9 21b921be 21b321b4
1057760 21a921b4 21b121b2 21b521b2 21bd21ba
1060000 21b721b7 21b021b3 21b321b2 21bb21b5
1060020 21be21ba 21bc21bb 21b621bb 21bb21b6
1060040 21c321bc 21c821bf 21c221c2 21b521bb
1060060 21c321c0 21be21be 21ba21bd 21bc21bd
1060100 21bb21c3 21b821bd 21cb21ba 21bb21be
1060120 21c421b9 21c021bf 21be21c1 21c021be
1060140 21c021ba 21c221c5 21bb21bd 21bd21c6
1060160 21bc21c0 21c921c2 21c321c5 21c421c8
1060200 21c521c3 21c921c4 21c321be 21b821bd
1060220 21c021c3 21c221c5 21bc21c5 21c221c2
1060240 21c221c5 21be21bf 21bf21c5 21cf21c2
1060260 21c521c6 21c321c9 21ca21c9 21cd21ce
1060300 21d721cc 21d521d1 21ce21d5 21cd21d2
1060320 21d521d2 b0100490 00000f90 0001000a
1060340 00010000 03b16014 00000ffc 0001000a
1060360 1400003c add01f00 add01f01 add01f02
1060400 add01f03 add01f04 add01f05 add01f06
1060420 add01f07 add01f08 add01f09 add01f0a
1060440 add01f0b add01f0c add01f0d add01f0e
1060460 add01f0f add01f10 add01f11 add01f12
1060500 add01f13 add01f14 add01f15 add01f16
1060520 add01f17 add01f18 add01f19 add01f1a
1060540 add01f1b add01f1c add01f1d add01f1e
1060560 ff000134 00000020 00000002 af9cef4c
1060600 00000001 deadbeef f0000002 af9cef38
1060620 0303c44d 00000000 00000134 00001f48
1060640 a0110491 221121d8 220b220f 220c220d
1060660 220c2210 220f2215 22142210 220d220e
1060700 220a220a 22062209 22092209 220e220f
1060720 220f2213 22022207 22052206 2211220b
1060740 220a220c 22062201 220c2206 2200220c
1060760 22062205 22102203 21fb2205 22052205
1061000 21ff2202 21ff2204 21ff21fc 21fc21fb
1061020 21fa21ff 21fa21fb 21f521fc 21f321f9
1061040 21f521f6 21f121f6 21eb21eb 21e821ea
1061060 21ec21e7 21ec21e7 21ec21f0 21ec21ee
1061100 21e521e5 21f221eb 21e921ed 21e221e7
1061120 21e921e4 21ee21e2 21e221e1 21d621d9
1061140 21db21d8 21dd21da 21d821d5 21d921d4
1061160 21d221d3 21cd21d1 21d621d3 21cf21cf
1061200 21cd21cb 21cb21cf 21c821cd 21c421c8
1061220 21ce21ce 21c621ce 21c821ce 21cd21c8
1061240 21ca21d5 21c721bf 21c821c7 21c721c7
1061260 21c421be 21c021c7 21bf21be 21be21bd
1061300 21bc21bf 21bd21ba 21b321b6 21be21bf
1061320 215e21a9 20ba2105 2049207c 2022203a
1061340 20182019 201d2012 20152015 200e2013
1061360 201b201b 20122013 200e2011 200f200e
1061400 2011200a 200a200c 200c2011 2009200e
1061420 2012200d 20122014 201b2016 20152018
1061440 201b200d 200c2014 200e200f 200f2014
1061460 200c2011 2012200e 20112016 20112016
1061500 2013201b 20122012 20142013 2013200a
1061520 20192016 20142021 201b201d 2023201d
1061540 20212018 2013201b 2015201e 20182013
1061560 20162017 20172016 20172019 201d2021
1061600 20222021 20262022 20222025 20212021
1061620 20292023 20272029 20202026 20242022
1061640 20232026 20252024 20252025 20242026
1061660 202e202c 202f2028 2030202d 20352034
1061700 20302033 202e202f 202f202a 20282028
1061720 203b2037 203f2038 20392035 20382037
1061740 203f2039 2036203f 20382035 20312034
1061760 2038202f 203f2044 20452044 20492040
1062000 20462042 203f2044 20462045 20462049
1062020 20492042 2049204a 20492043 204c204e
1062040 204d2052 204c2048 204a204e 20532050
1062060 20582056 20592062 2053204f 20552057
1062100 205a2051 2057205c 205b205b 205c2059
1062120 205f2060 20682067 2073206b 206b2067
1062140 20702069 206a206d 20702068 206d2070
1062160 2071206c 20742070 20712073 206c2070
1062200 206e2074 2060206a 20732069 207b207d
1062220 20722075 207e2080 20792075 207c2074
1062240 207d207b 20812081 20882087 20822080
1062260 2085207f 207e2086 20812083 208a2085
1062300 208d2086 208d2088 20902094 208d2097
1062320 20942095 20982094 20912097 2094208d
1062340 208e208c 20992097 20992094 209c2097
1062360 20942092 209d2097 209e20a3 20a2209a
1062400 209e209a 20a6209c 20a420a5 20ac20a9
1062420 20a520ab 20a820a5 20a720a8 20a120a5
1062440 20a920aa 20ab20ae 20b120b1 20ad20b1
1062460 20a220ac 20a920ad 20a420a2 20ad20a6
1062500 20a620ad 20ab20b3 20ae20b9 20ae20ae
1062520 20af20ae 20b720b1 20bb20bb 20ab20af
1062540 20b620b0 20c020b4 20bf20c1 20b720c0
1062560 20bb20be 20c220bd 20c120be 20c220c3
1062600 20be20bf 20bc20c1 20b520b1 20bf20bb
1062620 20c220c2 20c420c8 20b820c1 20b520bd
1062640 20bc20b5 20be20bc 20be20c0 20c220bf
1062660 20c820c1 20d220c5 20ca20c5 20c820cd
1062700 20c720c7 20c220bd 20cb20c4 20c120cb
1062720 20c220c2 20cd20d3 20c620c5 20d120c8
1062740 20c320c8 20cc20cd 20cd20d1 20d320cf
1062760 20c820d0 20cc20c9 20c320c6 20cb20c9
1063000 20ca20d0 20d320ce 20ce20cc 20c620c6
1063020 20cb20c8 20c720c7 20c920c7 20cb20c8
1063040 20d120d5 20c420ca 20c520c7 20c420c5
1063060 20cd20c7 20c720cb 20d320ce 20c920ca
1063100 20c620c8 20ca20c9 20cc20cc 20c620cc
1063120 20c520c8 20c320c9 20c420c3 20c220c7
1063140 20b720be 20bf20c0 20c320b9 20c020c3
1063160 20c020bd 20c320be 20bc20bd 20c320be
1063200 20b920c5 20bc20c4 20b920bd 20b220b4
1063220 20c020b8 20c020bd 20be20c7 20c020be
1063240 20be20bc 20b820bf 20b920b7 20b020b6
1063260 20ae20b0 20a920ad 20b420ab 20ae20b6
1063300 20b220af 20af20b5 20b720ae 20af20b2
1063320 20a720b0 20ac20ac 20a820a7 209f20a4
1063340 20aa20a3 20a220a6 209d20a1 20a1209e
1063360 20a720a3 20a8209c 209d209a 209a20a0
1063400 209b209e 20992094 209b2096 209d209c
1063420 209d20a2 209f20a5 20912095 20a02093
1063440 2097209a 20982097 2091209e 208f2091
1063460 20992090 2087208c 208c208c 207f208c
1063500 208b208b 208e208f 208e208c 208c208c
1063520 208c208b 208c2086 2089208b 2094208f
1063540 2090208f 208b2091 2086208a 20812083
1063560 2076207f 2081207c 207a2080 2084207f
1063600 20832080 207f2084 207d2081 20812081
1063620 2083207f 2078207b 207f207f 20742077
1063640 2078207e 207b2073 20712076 20722075
1063660 20742077 207e207d 20752079 20772078
1063700 206c2074 20692067 2075207f 206d206d
1063720 20742074 20712073 2078206f 20772079
1063740 207d2073 20782073 20732077 2072206d
1063760 2070206f 206b2070 20742071 20752074
1064000 20722074 20752070 20782077 20782073
1064020 20762073 20752077 2076207a 207c207c
1064040 207c2079 2079207a 20792077 20732078
1064060 20752071 20742070 20792071 207a207c
1064100 20782074 207b2079 207c2076 20802079
1064120 207b2084 207a207e 207d207a 207c2076
1064140 2082207e 207e2089 208b208b 2084208b
1064160 208e2081 20802082 2080207f 2083208b
1064200 2084207d 208a207f 20892088 20852084
1064220 208c208e 208e2088 2090208c 2094208b
1064240 20942096 20922096 20992097 20952094
1064260 20952098 20972094 209d209c 20a220a4
1064300 20a4209b 209d20a0 209d209b 20a120a2
1064320 209e2099 20a1209b 20a420a2 20a120a3
1064340 20a120a6 20a320a8 20ad209f 20a220a4
1064360 20a120a7 209c209d 20a720a1 20ab20a5
1064400 20ae20ae 20af20ae 20b520bb 20b220ba
1064420 20ae20b3 20b620af 20b420b2 20af20b9
1064440 20c520be 20c420bd 20b820b3 20b920c0
1064460 20c020bf 20ba20ba 20c120bf 20c120bd
1064500 20c320c8 20bd20c0 20c520be 20c820c8
1064520 20c720c7 20cd20cc 20cf20d3 20d920cc
1064540 20dd20d8 20d220d5 20cc20d6 20d320d3
1064560 20d120cb 20d120db 20d820ce 20d220d2
1064600 20d020d8 20df20dc 20dd20d8 20e320e2
1064620 20d620e2 20de20dd 20e820e1 20e020de
1064640 20e020e9 20df20df 20e420e4 20df20df
1064660 20da20e1 20df20e4 20df20df 20e720e5
1064700 20e220e1 20eb20e3 20ee20f1 20f120ee
1064720 20f820f6 20eb20f2 20f420f6 20ec20f3
1064740 20f720ed 20ed20f4 20e420ee 20ee20e9
1064760 20f020ee 20f120ef 20ee20f4 20f320f0
1065000 20ed20f3 20f220f1 20fb20f9 20fd2101
1065020 20f620f7 20fa20f7 20fa20fb 210020f9
1065040 20fa20fe 20fb20ff 20f620f9 20fa20f8
1065060 20f420fb 20fc20fe 20ff20f8 210020fb
1065100 20fe20ff 20f920fd 21052104 20ff2101
1065120 210320fc 21092107 20f92108 210520fb
1065140 210120fe 21072101 21002104 20fd20fb
1065160 21052102 21022104 210b2104 2108210c
1065200 21072103 21082108 210c2109 210c2101
1065220 210a2107 210d210c 2105210a 210e2109
1065240 210d210b 210c210a 2108210a 21052109
1065260 21092107 21052106 210a2101 210f2110
1065300 210b2111 21032105 21032101 21012104
1065320 210420ff 2104210a 21062107 2104210c
1065340 21032103 21042103 21002106 21042105
1065360 21072103 210b210d 21002101 210220fb
1065400 21052107 210420ff 21022108 21012104
1065420 21042104 20ff2103 210920ff 2102210b
1065440 20fe20fc 20ff20fc 210620ff 210c2105
1065460 20ff2103 20fa2102 20fe20fd 20fe20fd
1065500 21042103 20ff2102 20fe2103 21022102
1065520 20fc20ff 20fb20f9 20f420f6 20f120f4
1065540 20fd20f5 20f520f6 20f020f1 20ec20ec
1065560 20f120f2 20f820f9 20f620f6 20f120f4
1065600 20f420f3 20ef20fa 20f220f5 20f420f2
1065620 20f720f3 20f420f2 20ec20ea 20ee20ed
1065640 20e620e9 20de20e6 20e520db 20de20e1
1065660 20db20e3 20d920df 20da20da 20e120e2
1065700 20dd20df 20df20df 20e420e3 20e120d3
1065720 20d420d8 20d520d6 20da20de 20e120e6
1065740 20dd20df 20db20e0 20d620d8 20d020d3
1065760 20d520d0 20d320cf 20cf20d5 20d320d0
1066000 20d920dc 20c820d6 20d320ce 20d120d1
1066020 20c720cc 20c820ca 20c920ca 20d120c9
1066040 20cd20d0 20c420c7 20c620ca 20ca20c7
1066060 20cb20c7 20c320c4 20c220c4 20cb20ca
1066100 20c320c6 20c320c7 20c820bf 20b420bd
1066120 20ca20ba 20cb20c7 20c320cd 20c220cb
1066140 20c220c7 20c320c1 20c320c8 20d120c6
1066160 20c520c5 20c220be 20ca20c9 20c420c4
1066200 20c120c8 20c220c2 20c520c3 20ca20d1
1066220 20c120c1 20bd20ba 20c020c0 20c220c7
1066240 20c120c3 20c320c9 20be20ba 20c020bc
1066260 20c620c8 20cd20ce 20ca20ce 20c720ca
1066300 20d220c8 20d620cd 20d320d0 20cb20cc
1066320 20d220c7 20ce20d1 20d120d1 20cf20cc
1066340 20cb20ce 20cf20c6 20d120ca 20cd20d7
1066360 20cb20d1 20cd20d5 20d020cd 20d320ce
1066400 20ca20d5 20cb20d1 20d420ce 20d220d1
1066420 20d720d9 20d620d9 20d620d3 20d520d4
1066440 20ca20d0 20c320ca 20c920ca 20d620d3
1066460 20cf20d5 20db20d2 20d720db 20de20db
1066500 20df20e3 20e520e0 20e620e3 20df20e3
1066520 20e320e2 20de20e9 20df20e0 20e620dc
1066540 20e120e2 20e320e4 20e420df 20e220e0
1066560 20e220e1 20e420e3 20e520e3 20e020e4
1066600 20e820e8 20f120ea 20f420f1 20e520e8
1066620 20e420e3 20ec20f1 20e720e4 20ea20f1
1066640 20f220f7 20f520f1 20fc20f6 20f820fb
1066660 20f520fb 20f320f4 20fa20f7 20fd20fb
1066700 20fd20fe 20f720f9 20fb20fd 20fe2103
1066720 20fd20fc 20f820fd 20f720f6 20fb20f8
1066740 20fe2105 210220fd 21042107 21062100
1066760 21002101 20fc20fd 21042100 21052103
1067000 21082106 21032107 210c2108 210c210d
1067020 21162107 210d2110 2115210e 21142115
1067040 210e2111 21132115 2108210a 2109210d
1067060 21122115 21192117 210d2116 2119210e
1067100 2116210f 2115211d 21152118 21162113
1067120 21172116 211f2122 211f2126 211c2119
1067140 211e211c 21132119 21192117 21232128
1067160 211f2120 211e211a 211b211c 2120211f
1067200 21212123 211f211e 211f2121 211e2126
1067220 21212124 21202124 21212120 2124211a
1067240 2126211e 2119211c 2124211a 21262128
1067260 21252120 21232128 21282129 21322134
1067300 21342135 21332129 212e2131 2130212f
1067320 21362133 21342138 212e2139 2130212f
1067340 21392134 213a213a 21372131 2135212c
1067360 213a2137 21312133 2134213a 21342135
1067400 213c2137 213a2138 213a2136 213a2136
1067420 2138213a 213a2139 21352136 21362133
1067440 21382139 21382136 21332133 2133212e
1067460 212e2131 2134212f 21372132 21322130
1067500 21372131 21342138 213f213a 213b213f
1067520 213f213f 2139213d 21332134 213f213d
1067540 21422140 2134213b 21362136 213d213c
1067560 2138213a 2139213a 21352135 213a2130
1067600 21392137 21312132 2135212f 21302131
1067620 2135212e 2136213d 21412141 213e213f
1067640 213c213e 2136213a 21382141 2141213f
1067660 2139213d 213d213c 2139213d 213c213f
1067700 2134213d 2137213a 213e2139 213b213c
1067720 21352131 2138213c 213a213c 21382134
1067740 212e212e 21332131 212e2137 212c212e
1067760 21342131 21352132 212e2133 212b212e
1070000 21282123 212e2126 212b2130 212a2132
1070020 2128212c 21252128 21292123 2131212e
1070040 2127212b 21202128 21252121 2116211b
1070060 211b2116 211c211b 211f2118 21202121
1070100 2123211b 21222127 21212125 211d211c
1070120 2115211a 2120211b 211e211e 21162125
1070140 21222120 21192122 211a211d 211b2116
1070160 211f211c 21232127 2121211f 2121211b
1070200 211d211f 211d2129 211d2124 211b211c
1070220 2115211a 21182112 21112113 210e210c
1070240 2111210f 21172111 210c2111 2116211b
1070260 21112117 211c2119 211d2118 2116211a
1070300 210c2109 21132114 210f210b 210a2107
1070320 210d2108 210c2111 210d2110 21132110
1070340 21122117 210b2110 21112110 2111210d
1070360 2118210d 21162113 21192116 21072117
1070400 21122115 21112111 21162112 210f2117
1070420 21052114 210d210f 210c2108 21102110
1070440 21142114 210c2113 21132118 21172115
1070460 211d2118 21152115 210b2117 210a210d
1070500 2111210e 2112210c 210e210b 210f210f
1070520 210e210e 21102112 21122111 2119210f
1070540 21182112 211b211f 211a2117 21232113
1070560 210d2116 21172113 21142116 21122116
1070600 211a2115 21152118 2119211e 2119211a
1070620 21192118 211d2118 2117211a 211b211b
1070640 2121211e 2119211e 211f211a 211a2119
1070660 21202118 2121211e 21262122 21282124
1070700 21262121 21222129 211e2128 21182117
1070720 2120211b 21282127 2127212a 212a2125
1070740 21252129 21282123 211d2123 211f2123
1070760 211e211f 21242119 21262124 2129212a
1071000 2131212f 21312132 21302131 21302131
1071020 212b2128 212c2125 212a2132 2131212e
1071040 2130212f 212e2136 212f212c 2134212f
1071060 2131212a 2133212a 21372135 21352134
1071100 213c213c 2141213e 2142213e 213d2142
1071120 213f2142 213f2145 2142213f 21402142
1071140 21402143 213a213f 213f2143 213c2138
1071160 21402141 213d213f 213b2141 2135213d
1071200 2139213e 213f213e 2142213c 213b213d
1071220 213e213b 213c213d 2145213e 213f2143
1071240 21492141 21432147 21442148 213f213c
1071260 213d2145 2138213d 2147213d 213c2140
1071300 214a2135 21452145 213e2141 21492149
1071320 21472143 21552151 21552153 21482149
1071340 2150214c 2145214a 214d2150 214c2145
1071360 21492145 213f2151 21462144 214c214f
1071400 21432146 2145214e 21532150 214d214d
1071420 2151214c 214d2147 21552152 214e2151
1071440 2150214c 21552151 215a2159 2160215d
1071460 215a215d 215a215e 214e2155 214e214f
1071500 214e2152 21512155 214e214e 214f214b
1071520 21532150 21542153 21582159 21562159
1071540 215a214a 21552157 21572152 21592158
1071560 214b214b 2152214b 2151214f 21542153
1071600 21522155 21592155 215d2151 215a2156
1071620 215a215e 215b215a 21522157 21532150
1071640 21572151 215c215a 21572159 21582151
1071660 21502152 21602159 21592157 214f214f
1071700 21542153 21522151 21582157 21582155
1071720 2152215b 21592157 21532155 2152214d
1071740 21512157 2154214c 21592159 21592156
1071760 2157215a 21522157 21622160 214f215b
1072000 21542152 21592158 2155215e 215b2159
1072020 2159215d 21532155 2153215b 215a2159
1072040 2156215e 21592155 21572158 2152214f
1072060 21512152 21562157 214f2154 2150214e
1072100 214a214e 21482149 214f214c 2151214a
1072120 21512153 2154215a 214b2153 21482143
1072140 21442147 21452146 21532148 214d2150
1072160 21542157 214b214c 214c2147 214c214c
1072200 214c214c 21522151 21542151 214b214d
1072220 21422145 21402140 21492142 2147214c
1072240 214f214b 21482151 2146214d 214b2148
1072260 2149214a 21492146 21482141 214a2149
1072300 21472149 21442147 213f2146 21472143
1072320 21422144 21462149 21482146 2132213c
1072340 213a2139 213b2138 2135213c 213d213c
1072360 21432138 21442145 2140213b 21462144
1072400 2141213f 21442137 213a2140 21342138
1072420 213d213e 2144213f 21402140 2139213c
1072440 213b212f 21362139 2140213d 2137213c
1072460 21372130 21362130 21362134 2133213a
1072500 21342132 213b2135 213b213c 2138213c
1072520 21422137 21332137 213f213c 2142213e
1072540 213b2142 2137213c 21312131 21382135
1072560 21322131 213c2138 213d213f 2142213a
1072600 2140213b 21412146 213e214a 213f213d
1072620 213d2138 21362133 213d2134 2135213a
1072640 2146213d 214c2148 21402147 213c2141
1072660 2140213e 2145213c 21472141 2139213f
1072700 21382137 2140213f 213d2143 21452141
1072720 21402147 2140213e 213c2143 2142213c
1072740 21452142 214a214c 21402145 214a2149
1072760 214a213f 2150214a 214b214b 2145214d
1073000 21422140 21442143 2146214c 21472142
1073020 21422149 21472148 21472144 2140213f
1073040 21472143 21422141 214b2148 214c2144
1073060 214b2147 21432144 213e2142 21452146
1073100 21492145 214e214f 2153214e 2153214d
1073120 214b2151 214e2151 21572155 214d214c
1073140 214d214e 21512150 21492150 2153214d
1073160 215b215b 21512155 21502157 21562156
1073200 2158214e 215d2157 2158215c 2159215c
1073220 21592159 21632154 215b2155 21612166
1073240 215c215b 216a2165 21692168 2162215f
1073260 215d2163 215b2161 21622160 2157215d
1073300 2159215d 215d2163 21622166 21632169
1073320 2165215d 21602162 215f2161 21662165
1073340 216a2169 216c216c 216d216d 216e216c
1073360 216e216f 21682169 21632164 2161215f
1073400 216c2164 21612166 21612162 21672161
1073420 21692170 216e2163 216b216d 2170216c
1073440 21702171 216a216b 2165216a 21682170
1073460 216d2167 21652171 21692168 216f2166
1073500 216c216c 21772172 21702172 21752175
1073520 2171216f 217e217b 2176217e 21752173
1073540 2170216f 216f2174 21772179 2175216e
1073560 216b216b 216c2173 216d216f 216f2171
1073600 21712175 216e2170 216e2162 21712167
1073620 21702172 2173216e 2178216f 21772172
1073640 21732172 21702172 21682170 216d2165
1073660 216d216f 21702172 21772173 21722174
1073700 217c2170 21722177 216c2173 216e216c
1073720 21722173 2174216b 21702174 21782176
1073740 216f217b 21732170 21722177 21772167
1073760 2172217e 216c217b 21682174 21702169
1074000 216d2171 216e216f 21752175 21782174
1074020 21732172 21782174 21782175 217f217f
1074040 2175217c 2177216f 21732171 216a216f
1074060 2171216d 21712173 217c2176 21812182
1074100 21792180 2174217d 21772175 217e2179
1074120 217c217d 217a2174 21782171 2178217a
1074140 2178217d 217b217d 21702173 21752176
1074160 21742172 216d216b 2168216f 216c2168
1074200 2167216c 21742171 217e217e 216c2171
1074220 21712170 21782174 21712171 2177216b
1074240 21772178 216d2177 21652167 216d2169
1074260 21742169 2168216b 2160216a 216e2169
1074300 215d2162 2167215b 21642164 216b2163
1074320 216d216d 216b216a 216e2171 216d216c
1074340 216e2172 216d2171 216e2168 216d2169
1074360 216a2167 21622166 216f2168 216b216c
1074400 21612163 2163215f 21642165 215f2165
1074420 21662160 2164215c 21612166 21602161
1074440 215f2163 2162215e 215e2158 215e215f
1074460 21592157 215f2160 21572154 215c2159
1074500 215d2162 215f2162 21642165 21602166
1074520 2160215f 2158215b 2162215c 215e215f
1074540 215f215f 21562159 21582154 214e2151
1074560 215e214f 21542150 21512153 2159215c
1074600 21592153 21572156 21582152 21592151
1074620 21502152 2153214f 21582159 21502158
1074640 214f214d 214b2151 21522153 21522152
1074660 21562157 21522155 215b2157 21592160
1074700 215e215d 21572157 215e215c 21592157
1074720 215b215d 215c2161 21542158 21562157
1074740 215b215a 215f215a 21692162 2163215a
1074760 215f215c 2166215d 21612161 2155215e
1075000 21592157 215e2159 21592158 215c2162
1075020 215f2164 21642160 215f2166 21682162
1075040 21622169 2161215b 215e215f 21582160
1075060 21612163 21622160 215c2166 215d2160
1075100 215b215d 21662166 21642167 216a216a
1075120 2167216f 2178216d 2171216d 216d2169
1075140 21682173 216d2169 2173216f 21782172
1075160 21712176 216e217e 217b2172 21712170
1075200 21702171 2169216b 21662170 21762172
1075220 21762178 2176217c 21712172 21772173
1075240 21762176 21762177 217d2175 2177217d
1075260 217a217b 2176217e 21792177 2186217c
1075300 217c217d 21802185 21862182 21882186
1075320 218d218b 2183218a 21812189 21842185
1075340 218b2187 218b2187 21912184 218b218d
1075360 218b2189 2185218b 21872189 21822183
1075400 21842188 218a2185 2189217d 218e2181
1075420 218e218a 218f218f 21922193 21952196
1075440 21922195 219521a0 218f2196 219d2193
1075460 21982198 2199219a 219a2198 2199219a
1075500 2194219a 21982196 219a2190 219a2199
1075520 219c219a 21a2219b 21a02198 219b219e
1075540 2196219c 21a521a1 21a1219f 219f21a4
1075560 21a121ac 219b21a1 21a421a0 21a421a2
1075600 21a021ab 219d21a1 219f219c 21a821a9
1075620 21a3219f 21a321a6 21a421a5 219e219b
1075640 21a321a1 21a321a2 219f21a8 219e219b
1075660 219b219d 21a121a2 21a121a4 21af21ab
1075700 21ae21ba 21b321b2 21ae21b6 21a521a3
1075720 21a921a0 21a921a1 21ad21a8 21aa21b1
1075740 21aa21ac 21af21b0 21ae21b1 21b121ac
1075760 21a521ac 21a921af 21a4219e 21a3219f
1076000 21aa21a2 21a021ad 21a921ae 21a721a1
1076020 21a621a3 21a721a0 21a421a4 21a421a5
1076040 21ac21b0 219f21a9 219f21a4 21ac21a1
1076060 21a721a4 21a821a3 21a321a7 21a321a6
1076100 21aa21a5 21af21a4 21aa21a9 21ac21ab
1076120 21a121ac 21a921aa 21a721a0 21a621a8
1076140 21a821a8 21a021a4 21ad21ab 21a821a1
1076160 21b321a3 21a521a2 21aa21aa 21a721a2
1076200 21a4219e 21a621a8 21a521a5 21a421a4
1076220 21a821aa 21a721a8 21a521ac 21ac21ad
1076240 21a321a6 21a621a6 21a021a0 21a321a4
1076260 219c21a1 21a421a1 21a321a7 21a2219f
1076300 21a321a0 21a321a0 2197219d 21a2219f
1076320 21a1219f 21a0219d 21a621a2 2196219a
1076340 219a219a 219e219a 219d2194 2193219a
1076360 21972194 219d219c 2199219c 21a6219f
1076400 219f219f 219821a1 21912198 21a22199
1076420 2195219b 21a22196 218e2190 21972196
1076440 219a219a 21932193 218e2190 218b2190
1076460 218f2196 218f218b 219a2195 21962199
1076500 21922190 2191218a 218c2189 218c2187
1076520 2184218c 21862188 21872187 21822182
1076540 218e2187 21892185 2184218c 21812181
1076560 21892187 21882188 2184218b 21852189
1076600 218a218b 217f2185 217d2184 21802173
1076620 217a2179 2182217d 217e217b 2184217e
1076640 217c217b 21782180 21782178 217a2179
1076660 217e2180 21792179 21792176 2174216f
1076700 21722170 216a216c 21622169 2169216b
1076720 2166216c 2173216b 216b2167 21702170
1076740 216f216f 216e216e 21682166 216b2163
1076760 21732170 216f2175 2174217c 21742170
1077000 21752173 216a2171 216c2169 216f216e
1077020 216d216e 216b2169 216c2170 216e216d
1077040 216a216f 21712174 21762171 21752172
1077060 21652176 21712177 2165216f 21612162
1077100 21662163 21602169 21662164 216f2167
1077120 21792178 21762179 216a216e 21752179
1077140 21752166 21762176 21752175 21752177
1077160 21732177 2177216e 216d2175 21702170
1077200 2172216e 216b216d 217a216e 217d217b
1077220 21752179 2179217a 21712176 21732174
1077240 2179216f 216e2177 217b217b 217a217a
1077260 217d2178 21882179 21812180 217b2181
1077300 21812185 2176217e 217d217c 2180217f
1077320 217a2183 21742182 21712179 217e2175
1077340 217c217f 21832187 21862188 21842185
1077360 2185217d 21892188 2185218a 218a218e
1077400 2186218d 21832189 21832182 21842188
1077420 2192218f 21942193 21972192 2197219b
1077440 219d219b 219e2199 21a0219d 21962199
1077460 219c2198 2199219d 219c21a0 21962193
1077500 219f219b 2196219d 21a12198 219b219d
1077520 21a6219d 21a921a3 21a221a3 219d21a1
1077540 21a121a0 21a221a3 21a2219b 21a421a2
1077560 21a421a7 21b121b0 21ab21a8 21b021ad
1077600 21ae21ad 21ad21af 21b021b0 21b121b1
1077620 21b221ae 21ae21ab 21b121b0 21b721b2
1077640 21b521c1 21b621b6 21aa21b5 21b421ae
1077660 21b621b1 21bb21be 21bc21b9 21b821c0
1077700 21ba21bb 21c221c2 21c021bd 21bd21bb
1077720 21bf21bb 21c721c1 21c321c3 21c421c6
1077740 21c221c3 21be21c2 21c221c6 21c421c4
1077760 21c321c2 21c221c5 21ba21c5 21bf21c4
1100000 00003fe8 0001000a 00012088 000afe3f
1100020 00000003 00000000 63e50c6e 00000371
1100040 00000001 00001004 00002088 00000000
1100060 00000074 0001000a 21c021c7 21c321c0
1100100 21c621c7 21cd21ca 21cc21cb 21ca21cc
1100120 21cb21cb 21ca21c9 21c821c8 21ca21cc
1100140 21cc21cb 21d121c9 21d221c8 21c521cb
1100160 21d021c8 21cc21d0 21ce21cf 21d321c9
1100200 21d021d1 21c721c6 21ca21d2 21ca21ce
1100220 21c821c7 21c721c7 21ce21c7 21cf21cf
1100240 21d121cd 21cd21d0 21d021cc 21cf21d3
1100260 21d621d8 21d121d2 21d921cd 21d521d1
1100300 21cb21d5 21cb21cb 21d121cc 21ce21c3
1100320 21c721cb 21c821cb 21cb21d4 21ca21cd
1100340 21d121c6 21c621cc 21c621c9 21ce21c5
1100360 21c621ce 21ca21c7 21cc21c9 21cd21d1
1100400 21d421d2 21ca21d3 21ca21c8 21cf21c9
1100420 21c921c9 21c021c4 21c721c6 b0110491
1100440 00001004 0001000a 00010000 03b16015
1100460 00000ffc 0001000a 1400003c add01f00
1100500 add01f01 add01f02 add01f03 add01f04
1100520 add01f05 add01f06 add01f07 add01f08
1100540 add01f09 add01f0a add01f0b add01f0c
1100560 add01f0d add01f0e add01f0f add01f10
1100600 add01f11 add01f12 add01f13 add01f14
1100620 add01f15 add01f16 add01f17 add01f18
1100640 add01f19 add01f1a add01f1b add01f1c
1100660 add01f1d add01f1e ff000134 00000020
1100700 00000002 afa273d0 00000001 deadbeef
1100720 f0000002 afa273bc 1800b310 00000000
1100740 00000134 00001f48 a0100492 221a21cc
1100760 2219221a 22192219 221a2216 220e2212
1101000 22092206 220a2208 22152209 22182219
1101020 22102219 22112208 220e2217 2214220f
1101040 220c2206 2213220d 220c2210 220d2218
1101060 22112211 220c220c 220c220b 22062207
1101100 22062202 22012200 22072203 22072209
1101120 22042206 21ff220a 21fa2200 220421fe
1101140 21fe2202 22002200 21ff2202 21fb21fc
1101160 21fe21f5 21f92200 21fd2202 21ff21fc
1101200 21f521f9 21fb21f7 21f121f7 21e821ed
1101220 21ef21e7 21f521f0 21f921f6 21f621f4
1101240 21f421f7 21f921fc 21f721f7 21f821eb
1101260 21e821f1 21e321ec 21f021eb 21eb21e9
1101300 21f021f0 21f221ee 21eb21f3 21e921ee
1101320 21e321e0 21e021e0 21e921ec 21f321f0
1101340 21ea21ed 21e721e6 21f121e7 21e221e8
1101360 21e821ea 21e321e7 21e321e2 21ef21e6
1101400 21e421e6 21e021e1 21dd21dd 21dc21dc
1101420 21d521d4 21c121c6 21b221b8 219d21a2
1101440 2197218e 218c2190 21862186 2184217d
1101460 218a2184 2185218b 218c2181 21892187
1101500 21872184 21822180 217e2180 217d217e
1101520 217e217e 2187217d 218b2183 21822186
1101540 21882180 2180218b 2178217e 217f2176
1101560 217a217b 21812181 21782185 217c217b
1101600 217b217a 21792173 217d2175 21762178
1101620 217d217e 217b2181 21752177 216b216f
1101640 216d2171 217b2176 2180217a 21842181
1101660 21842186 217f2186 21822182 217d2184
1101700 217c217a 21782176 21822177 2176217b
1101720 217f217d 2181217e 2180217d 21872184
1101740 21872186 217d2185 21822180 21892181
1101760 2182217d 21802182 2186218b 217f2183
1102000 217d2179 21832186 21822183 21832186
1102020 21862181 21862183 21862186 21902182
1102040 21862191 218c218a 21902190 218a218c
1102060 218f218e 21942188 218e218e 2193218e
1102100 218e218e 218c2183 218a218e 218f2188
1102120 218d2193 218d2189 2190218c 2193219c
1102140 218b218e 2186218a 21862189 2190218a
1102160 21982194 21942193 21912197 2186218c
1102200 2187218b 21902194 2193218f 219b219d
1102220 219e2199 21952199 219a219a 21912197
1102240 2197219b 21a521a0 2198219b 219f21a0
1102260 219c219a 21a7219a 21a1219e 21a221a0
1102300 21a421a3 21952198 21a1219e 21a921a8
1102320 21a921a5 219b21a5 21a021a4 21a421a1
1102340 219a21a5 21a021a0 21a021a5 21a821a5
1102360 21ad21a6 21a821a5 219f21a6 21ab21a9
1102400 21b521ac 21b421ad 21a721ae 21a521a9
1102420 21a521ac 21ae21a4 21ab21af 21ae21af
1102440 21a621ad 21a521ac 21a721ab 21ae21aa
1102460 21ac21ab 21ac21ab 21af21ad 21a721aa
1102500 21ad21a9 21a921a9 21a421aa 21ae21b7
1102520 21aa21a5 21b421b0 21ac21a6 21b121ab
1102540 21b421b4 21b421b6 21b921be 21b921b2
1102560 21af21b3 21bb21b2 21b421b5 21ba21bb
1102600 21bc21b7 21b521b6 21bd21b6 21bf21bb
1102620 21bd21b9 21bb21bd 21ba21bf 21c021bc
1102640 21b821bb 21c521be 21ba21bb 21b721b8
1102660 21bf21b8 21b421b4 21be21b9 21be21ba
1102700 21b921bb 21be21ba 21c321bd 21c621c8
1102720 21c021cd 21c421c8 21c721c4 21c321c4
1102740 21cd21c8 21c121bb 21c321ba 21ce21c1
1102760 21c521cd 21c721bf 21c021d0 21ba21c0
1103000 21c621c6 21c621c5 21d021c6 21c921cf
1103020 21c421c4 21c521bd 21c321c0 21c521c7
1103040 21ce21c5 21d321cf 21cf21d3 21c321c9
1103060 21c321c0 21bf21c4 21bd21bf 21c721c3
1103100 21c821c4 21c621c0 21c121c6 21cd21c4
1103120 21c921c8 21ca21c9 21c921c8 21c621c7
1103140 21c921cd 21cf21cb 21c621c5 21ca21c4
1103160 21c221c3 21bb21c0 21c221c1 21c321c1
1103200 21c421c2 21c621c8 21c821c6 21ca21ce
1103220 21c521c9 21c621c2 21b921be 21b421b2
1103240 21b421b6 21bd21b9 21b321af 21b521b8
1103260 21b721b1 21c221c2 21ba21bd 21bd21c3
1103300 21ba21bb 21bf21be 21b321be 21b321b4
1103320 21b621b5 21b121b7 21b521b9 21b821b7
1103340 21b721b1 21aa21b1 21b421b3 21ac21b3
1103360 21b421bc 21b621b5 21b821b2 21b221b5
1103400 21b021ad 21ad21b0 21a521ac 21a821aa
1103420 21a521a7 21b221a9 21af21ae 21af21ac
1103440 21a621a4 21b221a8 21a321a8 21a421b0
1103460 21a521a8 21a221a9 21a621af 21a521a0
1103500 21a721ab 219e219c 21ac21a2 219f21ae
1103520 21a2219f 21a0219f 21a0219e 21a8219e
1103540 21a621a4 21a121a6 219c21a3 2198219b
1103560 21a0219a 2198219c 21982192 2193219b
1103600 219c219b 219f219a 21a1219a 219b219a
1103620 21932199 21a421a6 21a121a0 219e219f
1103640 21952199 21922196 2196219b 21962197
1103660 219f219c 2193219c 21932198 2197219d
1103700 21a02195 219f21a0 219b219e 21972196
1103720 2190218c 21942190 2190218e 218d2194
1103740 21952197 21942191 219f2196 219f219f
1103760 2193219d 21982197 21962192 219a2192
1104000 21942198 2196218f 21902193 21982195
1104020 219b2198 2197219a 21962197 21922198
1104040 21952192 2188218e 218f2187 218f218e
1104060 21932190 2198219c 21962192 219b2197
1104100 2198219e 219b219d 21972199 21972196
1104120 219f2197 219f21a0 219a21a1 219d2199
1104140 219f219c 219c21a2 21a221a2 219c21a2
1104160 219821a4 219d219b 219f21a2 219e21a1
1104200 21ab21a1 21972199 21a521a0 219d219f
1104220 219f21a4 21a221a5 21a321a1 21a02194
1104240 21a5219d 21a321a8 21ab21a2 21a721a4
1104260 21aa21ac 21aa21a8 21a621ae 21aa21ab
1104300 21a921a6 21ac21af 21a821aa 21a321a3
1104320 21a821ab 21aa21b1 21b021a7 21b221ab
1104340 21b121b1 21b021b2 21af21b3 21ac21aa
1104360 21ad21af 21ab21a8 21b121b4 21b521af
1104400 21b521b6 21b121ba 21b021b3 21ab21b0
1104420 21af21b6 21ad21ae 21af21b0 21b121b5
1104440 21b321b8 21b321b9 21bd21b5 21b821b7
1104460 21bd21b9 21b221b2 21b221b0 21b721b2
1104500 21b721b1 21b721b4 21b621ba 21bb21c0
1104520 21ba21b7 21bc21bb 21b421ba 21b521b4
1104540 21b821b6 21b821b0 21b221b7 21bd21b7
1104560 21b921bc 21bd21bd 21bb21bd 21c121c0
1104600 21bd21c4 21c021bd 21bb21bd 21be21b9
1104620 21b921be 21b821c1 21b921bb 21c021c2
1104640 21b921c1 21be21be 21b521bb 21bb21bc
1104660 21b821ba 21ba21b7 21be21ba 21c321c2
1104700 21c221c5 21bd21c6 21c521b8 21b921bc
1104720 21c421c6 21bb21c0 21c521c2 21c621c1
1104740 21c121bf 21b621bc 21bb21bb 21c621bd
1104760 21c121bd 21c421c1 21c221c3 21c621c4
1105000 21c521c4 21ca21c5 21c421c8 21c521c9
1105020 21d021cf 21cf21c9 21c321bd 21b721be
1105040 21bc21bf 21c221c3 21c221be 21c221bd
1105060 21c321c8 21c421c0 21c721c5 21ba21be
1105100 21c521c2 21c321c4 21bd21c1 21c121bd
1105120 21c821c7 21ce21ca 21c821cd 21c621cc
1105140 21ca21c5 21c621c7 21ce21cb 21c521c8
1105160 21ca21be 21c621c9 21ca21c2 21cd21cf
1105200 21c821c6 21ca21c5 21c621c8 21c921c5
1105220 21cc21d1 21c221c8 21bd21c4 21bf21bf
1105240 21c021bb 21c321be 21c721c4 21c821c8
1105260 21c521c9 21c721c7 21cd21c9 21c321c8
1105300 21c621c8 21c821cc 21bd21c2 21bb21ba
1105320 21ba21be 21bf21bb 21c021c1 21c321bb
1105340 21c321c1 21c121c7 21c321c0 21c521c7
1105360 21bf21c7 21c721bf 21ba21c2 21bb21bd
1105400 21b921bf 21c021bc 21bb21ba 21b821be
1105420 21b321bb 21b721bd 21b321b7 21c021c0
1105440 21b921ba 21ba21b8 21bb21c8 21bc21bf
1105460 21b821b6 21b521b3 21b621be 21c021bc
1105500 21bc21bb 21b821bb 21b321b6 21a721b1
1105520 21af21b0 21a921ab 21b221aa 21ae21a9
1105540 21aa21b1 21b321b5 21b621b6 21b621b5
1105560 21b221ae 21aa21af 21ad21b5 21ac21af
1105600 21aa21ae 21ab21ae 21ab21aa 21a821b2
1105620 21aa21ab 21a921a1 21aa21a1 21ab21ab
1105640 21a921b1 21b021a7 21ac21aa 21a921a9
1105660 21a721ac 21a321ad 21a521a9 21a821a7
1105700 21ab21a4 21a721ae 21a121af 21a621a2
1105720 21a0219e 21a321a8 21a321a6 219e21ac
1105740 2199219b 21982195 219f21a0 219b21a5
1105760 21a5219e 21a721a4 21a321a4 21aa21a2
1106000 21a521ab 21a521ad 21a421a6 21ab21a3
1106020 219d21a4 219a21a0 219e21a6 21a1219e
1106040 21ac21a1 21a821aa 21a621a7 21a721aa
1106060 21a621a0 21a2219f 219b21a5 219a219d
1106100 21a321a2 21a421a1 21a5219e 21a321a5
1106120 219c21a4 21a321a4 219e21a4 21952198
1106140 21a02193 21a321ab 21af21a9 21a021a7
1106160 21a8219f 219d219d 21a421a2 21ab21b2
1106200 21ac21a9 21a821a7 21a221a5 21a821a7
1106220 21a621a8 21ac21aa 21b421a9 21ac21aa
1106240 21ae21ae 21b621b8 21b121b7 21b321af
1106260 21aa21ab 21ab21ac 21ab21a8 21b021ae
1106300 21ad21a8 21ac21ad 21ac21aa 21b321ae
1106320 21ad21ac 21ad21b2 21b221b3 21ab21ae
1106340 21a821b1 21b321ab 21b121b0 21b421b3
1106360 21b421bc 21b521b5 21b221b1 21ae21b0
1106400 21b521b6 21a921b2 21b921af 21b221ba
1106420 21b921ac 21bb21b8 21b221bb 21b621bd
1106440 21b421b0 21b021b4 21ae21b3 21b521b2
1106460 21b521b3 21bf21ba 21c121be 21bd21c0
1106500 21ba21bd 21bb21bd 21ba21b9 21c221b9
1106520 21bf21c8 21bd21c1 21be21bd 21be21bc
1106540 21bb21bd 21c121bc 21c521bf 21c521c7
1106560 21c621c3 21d021ca 21ca21cc 21c421cd
1106600 21ca21cb 21ca21d4 21c121c7 21ce21c2
1106620 21cf21cc 21cb21cc 21ce21c5 21d121cc
1106640 21d321d2 21cc21cc 21d021ca 21cb21cc
1106660 21c721c2 21cf21d1 21c621c3 21be21c6
1106700 21c921c7 21d021cf 21d421d7 21d021d3
1106720 21d021d0 21ca21d4 21d021ca 21cd21c6
1106740 21cf21d0 21cd21d0 21d121d4 21da21d1
1106760 21ce21d0 21d021d3 21cc21d2 21ca21d1
1107000 21ce21d0 21d021ce 21d421db 21d721db
1107020 21d021d4 21d121d0 21cc21ce 21d521d2
1107040 21d021d5 21d721d3 21da21d0 21d221d7
1107060 21d221d0 21d221d6 21d221d0 21d321ce
1107100 21d721d7 21d721d8 21d321dd 21d821d6
1107120 21d521d3 21d721df 21d621d6 21d821de
1107140 21d021d0 21d521cd 21d521d8 21cd21d5
1107160 21d221d2 21cf21d1 21cb21d0 21cd21ce
1107200 21d121d4 21cd21d2 21cc21cc 21cd21c9
1107220 21cf21d1 21ce21d0 21d321ce 21d221cf
1107240 21d321d5 21d421d0 21d621d5 21d021cf
1107260 21d021cb 21ca21d9 21c821c5 21ce21cf
1107300 21d921d3 21d521d6 21d021d4 21ca21cf
1107320 21d121d5 21d621cf 21d821d6 21da21d3
1107340 21cb21d3 21cb21cb 21cf21d1 21cd21d0
1107360 21d021cb 21da21d7 21c021ce 21c921cb
1107400 21c321c3 21c721c7 21d321cf 21d321d2
1107420 21da21d4 21cd21d4 21c921c8 21c521c6
1107440 21c821c3 21d121cc 21c221cc 21ca21c7
1107460 21c621ca 21cb21c6 21cc21cd 21c221c3
1107500 21cb21c5 21c421c4 21cc21ca 21cb21cd
1107520 21cb21cd 21cb21c2 21c421bf 21c321c9
1107540 21c521bf 21c021be 21b321be 21c421c0
1107560 21c121c7 21c721c9 21ca21be 21c621c1
1107600 21c121be 21b621bb 21b721b8 21bd21c2
1107620 21b321bb 21b921bb 21b221ba 21b921b7
1107640 21b221b9 21c021b9 21b021b9 21b421b7
1107660 21ba21c2 21b521b4 21ae21aa 21a921ac
1107700 21b121ab 21b121b2 21b921b6 21b621b9
1107720 21b121b2 21a921b0 21ab21b3 21ac21b1
1107740 21aa21a4 21a121a6 21b021ad 21b121b2
1107760 21b821b5 21b321b1 21ab21a8 21a121a7
1110000 21a121a8 21a721a9 21a221a4 219b219e
1110020 21a121a1 21a521a5 21a421a7 21a521a1
1110040 21a021a2 21a221a2 219d21a1 21942199
1110060 219c219a 219c219f 21922195 219f218e
1110100 219b21a1 219f2199 219c21a6 21a02197
1110120 21992199 219d219e 21982194 2197219c
1110140 219c219e 2198219b 219e219c 219c219b
1110160 21932197 21962196 219a219b 21942198
1110200 21942194 2194218f 21942197 21942197
1110220 21912194 21922195 21952192 219a2195
1110240 21982197 219b219a 21a32199 21a221a9
1110260 219d21a2 219c219d 21982199 219e2199
1110300 21a6219c 219b21a2 21aa21a3 21a221a7
1110320 219c219b 219b219e 219b21a0 219b21a0
1110340 2194219d 219b2193 219c21a3 219f219a
1110360 219d21a1 2198219e 21a3219d 21a221a3
1110400 21a8219f 219e21a8 219f219e 21a0219d
1110420 21aa21a4 21a221a4 21a621a6 21a321a4
1110440 21ad21a6 21a121a0 21a321a4 21a421ad
1110460 21aa21a7 21ae21ab 21a621ad 21a621a6
1110500 219f21a5 219d219a 21a521a3 21ab21a5
1110520 21ad21ab 21b421af 21ac21ac 21b021a6
1110540 21af21ae 21b321ac 21b421ad 21b021b1
1110560 21b121b1 21b021b4 21bd21b9 21bc21bd
1110600 21b321bd 21af21b4 21be21b5 21b421b1
1110620 21bb21bc 21b521b8 21b921b5 21b521c3
1110640 21bb21b8 21b921bb 21ba21b7 21bc21bf
1110660 21c321b9 21c321be 21be21c8 21c221c6
1110700 21c521c7 21ca21ca 21cf21c9 21d321d0
1110720 21d321cd 21d121d2 21d221cf 21c221cf
1110740 21c821c7 21ce21c6 21d221cc 21d021d6
1110760 21d021d1 21d421d7 21ce21d7 21cf21d2
1111000 21d721d5 21d821d9 21da21dc 21e021d7
1111020 21e221d6 21dd21e0 21cf21d4 21d521d3
1111040 21d221d5 21d921d7 21df21dc 21d821e1
1111060 21e121db 21da21de 21e121d6 21e721e7
1111100 21e421e6 21d621e4 21d521d2 21d321d7
1111120 21dd21d8 21d821dd 21db21d8 21da21d8
1111140 21e421df 21d921e3 21d921df 21e021e0
1111160 21e621e2 21f221e6 21e921ea 21ef21e7
1111200 21e321ea 21f321ea 21ef21f5 21f021eb
1111220 21ed21f1 21ef21f1 21ee21f2 21ec21f2
1111240 21ed21e8 21e621f6 21ea21eb 21f021eb
1111260 21f221ec 21eb21e7 21e221e3 21e921e8
1111300 21e621e5 21e921ee 21e821f2 21ec21ec
1111320 21e921ec 21f921f3 21e321f3 21e321e5
1111340 21e221e2 21e321e1 21de21e2 21e121e1
1111360 21e521e3 21e321e0 21ed21ea 21da21e3
1111400 21e521da 21e021e9 21e121e4 21ed21e9
1111420 21f421ee 21ec21ea 21e821e9 21e421e5
1111440 21e121e0 21e721e1 21e321e1 21e621e4
1111460 21ea21e8 21e721e9 21e621e4 21e121eb
1111500 21e321e0 21d721e0 21db21df 21dc21d8
1111520 21de21df 21e121e0 21e321e7 21df21e1
1111540 21da21dc 21dc21e3 21e021d8 21e121e0
1111560 21e221e3 21e621e0 21e321e4 21d521d9
1111600 21cb21d7 21d721d7 21e021d8 21d721dc
1111620 21dd21d3 21d021d8 21d221ce 21d621ce
1111640 21d521cf 21de21d9 21da21d8 21d121d3
1111660 21c921cf 21cb21d0 21ca21cc 21cd21cd
1111700 21cf21d2 21d421d4 21cf21cc 21cc21cf
1111720 21d021cf 21ce21cd 21c721cb 21c621c7
1111740 21cb21c3 21c121c3 21ca21c8 21c021bf
1111760 21c821c3 21cf21cd 21c621c4 21cc21cc
1112000 21c621cc 21cd21c6 21ba21c4 21bb21bb
1112020 21c421bc 21c421c3 21c721c4 21be21c1
1112040 21bf21c3 21b321be 21bb21b8 21b621b7
1112060 21be21b6 21b721ba 21af21b5 21b221b5
1112100 21b821af 21ba21ba 21b921b8 21b821b5
1112120 21ac21ae 21ae21ad 21ac21ac 21a921a8
1112140 21a021ab 21ab21a1 21ab21a8 21a721b1
1112160 21a321af 21b121ad 21a521a8 21af21a3
1112200 219e21a8 21a1219c 21a221a3 21a1219f
1112220 219c219a 2192219a 2191218d 219c219c
1112240 219c2199 219a2197 219d219b 21962191
1112260 21982199 21972196 21982197 2197219b
1112300 219b2196 219221a0 21982195 21962192
1112320 21972196 219b219a 21932193 218d2194
1112340 2193218f 2197219c 2195219a 21912193
1112360 218f2192 218e218f 218c218b 21862186
1112400 21882184 21902199 218c2197 21902193
1112420 218e2190 21982196 218b2193 218f218d
1112440 21922191 218f2189 218f2192 218e218c
1112460 21902190 21832188 2185218a 218d218c
1112500 218f2194 2191218b 218d2191 218b2192
1112520 21952191 21912195 2195218f 219d2193
1112540 21952194 218c2196 2195218f 21952194
1112560 219c218e 218e219c 219a2191 21962194
1112600 21942199 219b219d 219d219b 2198219e
1112620 2191219b 21972198 21982196 21962198
1112640 219a219b 21a62197 21a421a2 2198219e
1112660 219b219d 219e21a1 21a121a2 21a821a2
1112700 21a0219d 219e21a0 21a0219d 21ac21a9
1112720 21a621a7 21ab21ac 219f21a3 21ae21a9
1112740 21a821a9 21b221a8 21ae21aa 21aa21ae
1112760 21a921ac 21af21b0 21b221a5 21ae21b2
1113000 21c021b4 21bb21bb 21b921be 21b421b2
1113020 21b421ac 21b021b2 21b721b6 21c121b9
1113040 21bb21bc 21cd21c6 21bd21c4 21b821bf
1113060 21b121af 21d021b7 21c821ca 21c321c6
1113100 21bf21c7 21c221c4 21c821c2 21c721c1
1113120 21bb21c1 21c021c1 21ca21c2 21cd21cb
1113140 21ce21cf 21c821c5 21ce21cd 21cc21d1
1113160 21d521c7 21d721d9 21dc21d7 21df21d9
1113200 21d121db 21dc21d2 21db21d5 21e921de
1113220 21e021e5 21dc21e1 21d921d7 21d621da
1113240 21db21db 21e021de 21e921e6 21e921e3
1113260 21e221e8 21ee21e8 21ea21e8 21f221ee
1113300 21ec21ec 21ea21ee 21e321e8 21ed21ec
1113320 21e921f7 21ec21e6 21e721eb 21f021ed
1113340 21ea21f1 21e821f2 21ec21eb 21ea21ec
1113360 21f221f2 21ee21f1 21f421f5 21f421ee
1113400 21fb21ef 21f421fb 21f121fa 21f021f3
1113420 21fc21f6 21fd21fe 21fa21f6 21ff2200
1113440 21f721fd 21ff21fc 21fd21fa 21f721f4
1113460 21f221f3 21f821f5 21f821f1 21f921f7
1113500 21fe21fa 21ff2203 21fc21fe 21fd21fc
1113520 21f621f6 220221fe 21fe2201 220321f9
1113540 22072203 22012200 21fb21fc 21fe21fd
1113560 22052201 21ff2203 21ff21fb 220121fc
1113600 22012203 22032205 22082204 22082207
1113620 22032202 220521fe 22022202 220221fd
1113640 22052204 220c2209 2203220f 21fe2204
1113660 220521ff 21f72202 220421fa 22072206
1113700 22032204 22042203 22032203 21fe2206
1113720 2200220c 220021f8 21fa21f3 21fe21f8
1113740 22012201 21fd2203 220b21fd 22032201
1113760 21fd21ff 220b2205 22102209 21fa2203
1114000 220b2203 21fd2202 22022202 22002205
1114020 22022201 220421fd 21fd21fe 21f821fc
1114040 21f521f8 21f521f2 21fd21f2 21f921f5
1114060 21fc21fb 21f621ff 21f221f7 21fb21f7
1114100 21fb21f7 21fa2204 21f221f0 21f121ef
1114120 21ed21eb 21e721ec 21f421ea 21f321f1
1114140 21ee21f0 21e721e8 21ea21e8 21e921e8
1114160 21f521f0 21f321ec 21f121f4 21ee21f5
1114200 21ef21ed 21e021e6 21e321e3 21e921e4
1114220 21ea21eb 21e521ea 21e821e5 21db21e3
1114240 21e621d9 21d621db 21e221dd 21d921e1
1114260 21da21dd 21d921da 21db21db 21d921d8
1114300 21d621db 21cd21cc 21d221cc 21d021d7
1114320 21cd21d4 21d121d5 21cf21d2 21cd21cd
1114340 21d321d4 21ce21cf 21ca21ca 21cd21c9
1114360 21c921c9 21c321c7 21c321c6 21c221bc
1114400 21bb21be 21bf21bd 21bd21be 21be21c1
1114420 21c321c5 21be21b6 21bc21bd 21bc21bc
1114440 21bf21bc 21bc21c2 21bb21bb 21be21b4
1114460 21bf21b5 21b621b4 21ae21ba 21ad21ae
1114500 21b221af 21b021bb 21ab21ab 21b821bc
1114520 21af21ac 21ac21ac 21a521ab 21a521ab
1114540 21a821ad 21a721a1 21a721a5 21a721af
1114560 21aa21a3 21aa21a8 21a921ac 21b021a8
1114600 21a021aa 21a021a5 21a3219c 21a021a1
1114620 21a321a0 21a5219f 21a4219f 21a821a9
1114640 21aa21ac 219a219e 21a121a1 21a521a2
1114660 21a721ad 21ac21a5 21a121a5 21a621a2
1114700 21a821a0 21a621ac 219f2199 21a2219f
1114720 21a121a0 21a221a4 219e21a7 21a0219e
1114740 21a521a0 2199219c 219a2196 21a221a1
1114760 21992199 219c219c 219c2199 21a021a0
1115000 21a621a8 21a721a0 21a421a2 21a821ad
1115020 21ae21ae 21ab21b1 21ad21ab 21ae21a8
1115040 21ab21b1 21ad21ad 21ae21b3 21b021aa
1115060 21ae21ac 21ab21b1 21a921a9 21a521ad
1115100 21a821a9 21b121ad 21ab21ac 21a821ab
1115120 21ac21a9 21ae21b1 21aa21b2 21ad21b0
1115140 21ae21b6 21be21bc 21b721bd 21b421b7
1115160 21af21b6 21ad21b5 21ba21b5 21c121ba
1115200 21c121c4 21bb21bb 21bb21b3 21c221ba
1115220 21ba21bd 21c021bc 21be21c4 21bd21bf
1115240 21c121c4 21c521be 21c521c5 21c621c8
1115260 21c121c1 21c621c1 21c321c8 21cc21c5
1115300 21d121c9 21d121d1 21d421d0 21c921cb
1115320 21d121ca 21d221d0 21ca21d4 21d021cb
1115340 21d121d1 21d321d4 21d021d8 21d121d4
1115360 21d521d5 21d121cf 21da21d6 21d321d7
1115400 21d621d3 21d921d7 21e121dc 21df21e0
1115420 21d221d9 21dc21d9 21d621d9 21da21d9
1115440 21db21d8 21d921d9 21ec21e3 21ec21ed
1115460 21ef21ed 21ed21e2 21ec21ea 21ec21ea
1115500 21f821f5 21fa21f6 21ff21fc 21f521f5
1115520 21f821f4 21f121f7 21f421ef 21f021f3
1115540 21f721ef 21eb21f5 21f021f6 21f021f6
1115560 21f821f3 21f02200 21ed21f4 21f821f9
1115600 21f921fc 22042202 22022202 21fb2203
1115620 22022202 21ff21fa 21fc21fb 21fc21fd
1115640 220321f8 22032208 22002203 21ff21fb
1115660 22012206 22032206 22042206 22012200
1115700 220121ff 22062205 22052205 22062209
1115720 220921ff 220a2205 2209220c 220221fd
1115740 220f2211 220e2208 22112210 220b2211
1115760 22092207 2210220a 220a220d 22082207
1116000 220c2209 220e220d 2215220e 220d2214
1116020 220c2211 22102213 22122212 22152213
1116040 22162217 221c2211 22132217 22102210
1116060 220e2211 22092206 220d2203 2210220f
1116100 22112211 220e2214 22112210 22102210
1116120 220d2212 2208220a 2211220e 220c220e
1116140 2210220e 220f2211 22122214 22172215
1116160 22122211 22112211 22122210 220a2210
1116200 22142218 220e2214 22172214 22182216
1116220 22182213 220d221a 220c220c 2212220d
1116240 22142216 220f2212 220c220c 220a220d
1116260 220e2208 22172210 220d220f 220b220f
1116300 220b220c 2212220d 22112212 22082209
1116320 220b2212 220d220d 2211220e 22152211
1116340 2209220c 22032212 2207220d 220d220c
1116360 2210220a 22082210 220b2209 22022201
1116400 220a2208 22082209 21ff2204 22032209
1116420 22072208 22052201 22052208 21fc21fe
1116440 220021fa 21f321fd 21f821f9 21f721fe
1116460 21fb2200 21f521f7 21f921f9 21f321ef
1116500 21ea21f0 21e921eb 21ec21f0 21e721e6
1116520 21ee21e9 21e921ed 21e921f5 21ef21ee
1116540 21eb21f0 21e521ed 21e321e5 21df21df
1116560 21df21e3 21de21e2 21dd21e3 21df21de
1116600 21e121e3 21dd21e6 21dd21dd 21d921d9
1116620 21dd21de 21d821dd 21d921d8 21d521da
1116640 21d521d2 21d321d4 21c821d0 21cd21ce
1116660 21c921d3 21d021cf 21c521c9 21ce21d3
1116700 21d821d5 21d521d3 21cc21c8 21c121c6
1116720 21c521c4 21c321c9 21bc21c0 21c521c1
1116740 21c821c9 21c621c8 21c821ce 21bf21bf
1116760 21b421b9 21b121b4 21b921b9 21bd21bc
1117000 21ba21bf 21be21bf 21b521bf 21b821b6
1117020 21bc21b7 21b521b3 21b921b6 21b621b6
1117040 21bb21b9 21be21bd 21bb21ba 21bc21b9
1117060 21b121b9 21be21b2 21b421b1 21bb21b5
1117100 21b721b5 21b021b9 21b321b3 21b721bd
1117120 21bb21ba 21ba21b5 21b921b5 21ae21bd
1117140 21b521b4 21b121b2 21b521b4 21a521b9
1117160 21b121aa 21ab21b2 21ae21a8 21ad21ad
1117200 21b821b4 21b921b9 21b021b8 21ad21ad
1117220 21b121a7 21af21b2 21ac21b1 21b521b4
1117240 21b421bb 21ae21b0 21b321a9 21ad21ad
1117260 21ad21b8 21b621ba 21b521b2 21b821af
1117300 21b021b7 21b121b5 21ba21b7 21b521b2
1117320 21b321b4 21ad21b5 21b021b5 21b821ba
1117340 21b721b3 21ba21b9 21bc21b3 21bb21b8
1117360 21b921c3 21b721b6 21bb21b7 21b421bb
1117400 21c121bb 21ba21b9 21c021bb 21b921c0
1117420 21c721c0 21c321d0 21c821bd 21bd21bd
1117440 21c721bb 21c721c2 21c121c9 21c521bf
1117460 21ce21c5 21c821cb 21c721c7 21cf21cc
1117500 21d221cf 21d721cb 21d021cd 21d021cf
1117520 21ce21d2 21d021d1 21d021c9 21c821d1
1117540 21c921ce 21d221d9 21d221d7 21d721d8
1117560 21d521d5 21d121d4 21d321d8 21df21d9
1117600 21df21e1 21e321e2 21e721e4 21e921ed
1117620 21e221e7 21e021df 21dc21dd 21e421e3
1117640 21dc21e3 21e021dd 21e421e3 21e521e9
1117660 21e121e8 21db21ea 21e221d8 21e721e5
1117700 21f221e7 21e821f5 21f321ec 21ed21ed
1117720 21ed21ed 21f021eb 21f121f0 21f421f6
1117740 21fb21f6 220021f9 21fd21fd 22012201
1117760 21fc21f5 21f521f6 21f821f6 21f821fe
1120000 21f321f6 21fd21fe 22032202 220821ff
1120020 21fd2201 21fd21ff 22012202 22042202
1120040 22052200 220021fa 21fc21ff 21fc2202
1120060 21fe2200 220a21fd 22092207 2209220b
1120100 21ff2206 2212220d 220b2203 220a2209
1120120 220f2209 220d220b 2210220c 220e2218
1120140 220e2204 22152213 220e2219 22172214
1120160 220e2212 220c220b 22122212 22142212
1120200 22162219 22172211 22172218 220f220e
1120220 220d220f 22192215 22162215 22172210
1120240 22122212 221e2215 22132216 2214220f
1120260 22112218 22182212 22162217 2222221d
1120300 22232221 2224221e 2220221a 2224221f
1120320 221c2220 2221221e 221b221d 220f2219
1120340 22242221 22202224 22282223 22262224
1120360 22242228 22242225 222b222a 222f2225
1120400 221a221c 22232222 2220221c 22252223
1120420 2222221f 22272219 22212223 221c221f
1120440 22242220 22262226 221a221f b0100492
1120460 00001004 0001000a 00010000 03b16016
1120500 00000ffc 0001000a 1400003c add01f00
1120520 add01f01 add01f02 add01f03 add01f04
1120540 add01f05 add01f06 add01f07 add01f08
1120560 add01f09 add01f0a add01f0b add01f0c
1120600 add01f0d add01f0e add01f0f add01f10
1120620 add01f11 add01f12 add01f13 add01f14
1120640 add01f15 add01f16 add01f17 add01f18
1120660 add01f19 add01f1a add01f1b add01f1c
1120700 add01f1d add01f1e ff000134 00000020
1120720 00000002 b048716a 00000001 deadbeef
1120740 f0000002 b0487156 330b51b2 00000000
1120760 00000134 00001f48 a0110493 22032223
1121000 220021f9 22052202 21fc2207 21f821f8
1121020 21ff2204 21fc21fd 21fa21f8 21fb2202
1121040 21fd21fe 22092201 21fe2200 220621ff
1121060 21fe2201 21ff2205 22042201 22012208
1121100 22062203 220f2207 2207220d 22062200
1121120 220121fd 220c21fa 220f220a 220a220b
1121140 22092213 22062207 2209220a 220c220c
1121160 220e2206 2202220d 22052202 22092204
1121200 22052204 2208220d 220a2211 220e2207
1121220 220f220c 22032206 2205220b 220d220d
1121240 220c220e 22132211 22102214 2215220d
1121260 220b2218 220f2215 220d2211 2208220b
1121300 22082208 2205220a 220b220a 220a2210
1121320 2215220d 22132215 22152213 220b2212
1121340 220f220e 220e220e 220b2206 220e220b
1121360 2212220a 2210220d 2205220d 22082207
1121400 220d2213 2212220d 220f2212 220c220e
1121420 22152214 22152211 2211220f 220a220b
1121440 220a220a 2209220d 21b5220d 1fd120c4
1121460 1e631efb 1db31df6 1d6b1d88 1d551d61
1121500 1d4d1d4e 1d511d4c 1d501d52 1d521d50
1121520 1d531d50 1d3e1d44 1d4c1d46 1d451d46
1121540 1d471d43 1d421d46 1d451d3e 1d481d41
1121560 1d441d43 1d431d40 1d3a1d3f 1d431d39
1121600 1d451d41 1d401d3f 1d401d45 1d411d43
1121620 1d3d1d3c 1d401d3d 1d471d46 1d441d46
1121640 1d451d43 1d481d44 1d491d48 1d4a1d4c
1121660 1d441d40 1d3b1d44 1d431d3c 1d401d3f
1121700 1d491d44 1d481d49 1d451d42 1d451d4a
1121720 1d481d44 1d451d44 1d3f1d40 1d461d48
1121740 1d441d3d 1d451d49 1d411d3e 1d401d48
1121760 1d441d48 1d461d43 1d491d48 1d3d1d49
1122000 1d471d42 1d421d41 1d451d47 1d461d4d
1122020 1d431d46 1d441d44 1d451d41 1d491d42
1122040 1d451d40 1d481d44 1d401d46 1d401d3d
1122060 1d431d42 1d471d40 1d401d40 1d421d46
1122100 1d3f1d3a 1d3f1d39 1d3a1d3d 1d3c1d38
1122120 1d3a1d3e 1d3e1d3e 1d401d39 1d4b1d3d
1122140 1d481d49 1d401d46 1d481d3e 1d451d40
1122160 1d3d1d39 1d431d42 1d401d3f 1d431d44
1122200 1d471d46 1d391d40 1d431d3f 1d4a1d4c
1122220 1d451d4b 1d471d43 1d401d45 1d381d40
1122240 1d451d3f 1d371d43 1d3d1d3d 1d421d39
1122260 1d3e1d3b 1d381d3d 1d3b1d39 1d3e1d3b
1122300 1d451d3c 1d431d38 1d411d47 1d421d42
1122320 1d411d3b 1d431d3e 1d411d42 1d3e1d42
1122340 1d451d44 1d491d42 1d4b1d45 1d501d47
1122360 1d4a1d4e 1d451d4d 1d441d43 1d3f1d3d
1122400 1d431d4a 1d4a1d46 1d521d50 1d4d1d50
1122420 1d501d4b 1d561d52 1d501d56 1d541d55
1122440 1d4d1d50 1d501d52 1d5b1d57 1d5e1d5e
1122460 1d611d64 1d5b1d5f 1d5c1d54 1d621d5f
1122500 1d611d5d 1d551d56 1d621d58 1d5f1d65
1122520 1d551d5d 1d5a1d58 1d581d59 1d621d5c
1122540 1d5c1d60 1d621d5e 1d621d62 1d641d6a
1122560 1d611d69 1d681d68 1d651d6b 1d651d67
1122600 1d651d64 1d661d6b 1d6d1d6a 1d6b1d6a
1122620 1d721d75 1d761d76 1d731d6d 1d671d6e
1122640 1d6d1d6a 1d721d70 1d691d70 1d721d6e
1122660 1d7e1d7e 1d7e1d7e 1d7a1d7b 1d781d82
1122700 1d7e1d79 1d881d7b 1d871d7d 1d8b1d85
1122720 1d8d1d8a 1d8f1d8a 1d881d8d 1d891d87
1122740 1d8f1d86 1d961d96 1d8a1d8e 1d931d8a
1122760 1d8b1d98 1d8f1d93 1d961d94 1d971d8e
1123000 1d921d93 1d941d96 1d941d99 1d9f1d96
1123020 1da11d9c 1da01d9d 1da01d9b 1da51da6
1123040 1da61da9 1dae1da6 1db31da5 1da61da5
1123060 1da91da7 1db41db4 1db61db1 1db31db7
1123100 1db61dba 1db51dba 1db31db4 1db41db2
1123120 1db41db0 1dbe1db6 1dbd1dc3 1dc11dc3
1123140 1dc81dcb 1dc11dc3 1dc51dbf 1dc31dc1
1123160 1dc51dc8 1dc91dcb 1dcb1dc2 1dd11dca
1123200 1dc71dcd 1dd21dcc 1dcf1dd2 1dd61dcc
1123220 1dd31dd7 1dd31dd9 1dce1ddb 1dd31dd3
1123240 1dcf1dcd 1dde1ddb 1de71de2 1dda1de9
1123260 1ddc1ddf 1de41de1 1de11de1 1ddf1ddd
1123300 1de51de3 1de91de6 1deb1ded 1ded1de9
1123320 1de91de8 1df21df0 1ded1ded 1df61df3
1123340 1ded1df3 1df31df9 1df21df8 1de61de5
1123360 1deb1dea 1df41df3 1dfb1df7 1df71df8
1123400 1df21df3 1df81df5 1df51df3 1df91dfb
1123420 1df51e02 1dff1dfa 1dfa1df7 1e001e02
1123440 1e031e03 1e021e01 1e071e02 1e0a1e00
1123460 1e111e02 1dfe1e0b 1e0a1e01 1e071e04
1123500 1e0b1dfe 1e0a1e06 1e111e0e 1e0e1e13
1123520 1e0e1e0f 1e181e12 1e141e10 1e0f1e15
1123540 1e0b1e10 1e111e10 1e181e14 1e1a1e1a
1123560 1e1c1e1a 1e1e1e21 1e1e1e1c 1e1b1e13
1123600 1e201e1d 1e211e1b 1e191e20 1e261e1c
1123620 1e231e1e 1e241e1e 1e1c1e1a 1e1e1e1a
1123640 1e101e17 1e171e11 1e1c1e19 1e211e20
1123660 1e261e22 1e1f1e25 1e241e1e 1e281e2a
1123700 1e281e31 1e331e32 1e2f1e32 1e2c1e2e
1123720 1e301e30 1e2c1e32 1e2e1e31 1e2d1e36
1123740 1e311e2d 1e321e37 1e291e2e 1e2c1e28
1123760 1e2d1e31 1e3b1e2d 1e3d1e3c 1e361e37
1124000 1e391e3a 1e381e3c 1e2c1e28 1e361e2e
1124020 1e311e35 1e371e34 1e391e35 1e3b1e35
1124040 1e321e35 1e361e3c 1e381e3d 1e331e3a
1124060 1e3f1e33 1e3c1e3a 1e331e33 1e3c1e30
1124100 1e371e3a 1e391e39 1e3a1e31 1e391e36
1124120 1e3c1e38 1e391e3b 1e421e3d 1e3c1e40
1124140 1e381e3d 1e3d1e3e 1e3f1e3d 1e3a1e36
1124160 1e451e3c 1e391e42 1e371e3b 1e441e44
1124200 1e371e3b 1e3d1e3e 1e3e1e39 1e3f1e43
1124220 1e3f1e3f 1e3b1e3e 1e3e1e38 1e391e3d
1124240 1e3f1e3f 1e441e4b 1e4c1e47 1e441e4d
1124260 1e371e3e 1e3d1e40 1e3f1e3a 1e3e1e41
1124300 1e401e3b 1e3f1e40 1e481e43 1e481e48
1124320 1e491e3b 1e451e45 1e401e48 1e461e42
1124340 1e451e40 1e3d1e3e 1e441e3b 1e421e43
1124360 1e431e47 1e401e40 1e3b1e3c 1e361e34
1124400 1e3b1e3c 1e371e39 1e3c1e38 1e3c1e3b
1124420 1e3d1e41 1e3c1e3b 1e401e41 1e451e41
1124440 1e3a1e3f 1e451e43 1e361e3d 1e401e40
1124460 1e411e47 1e431e43 1e3a1e3b 1e3a1e3b
1124500 1e461e48 1e411e45 1e3e1e43 1e3f1e42
1124520 1e421e40 1e3c1e43 1e371e37 1e3a1e39
1124540 1e391e3e 1e421e3c 1e411e3b 1e431e3f
1124560 1e431e43 1e411e45 1e451e41 1e4a1e49
1124600 1e4a1e45 1e491e4a 1e421e3b 1e461e4b
1124620 1e4f1e43 1e431e49 1e511e47 1e471e48
1124640 1e441e48 1e3c1e41 1e3c1e37 1e3f1e36
1124660 1e401e46 1e3e1e3e 1e411e43 1e431e41
1124700 1e461e43 1e461e3d 1e441e4f 1e4d1e46
1124720 1e521e57 1e4d1e4c 1e471e4d 1e521e52
1124740 1e491e4d 1e471e4a 1e4e1e46 1e491e4e
1124760 1e4c1e50 1e521e55 1e501e4b 1e551e56
1125000 1e4d1e5a 1e4c1e51 1e541e57 1e561e55
1125020 1e531e56 1e5b1e57 1e591e5c 1e5a1e5a
1125040 1e521e54 1e5e1e51 1e561e59 1e521e59
1125060 1e521e4f 1e5b1e5a 1e611e62 1e611e65
1125100 1e691e64 1e611e5f 1e5b1e5b 1e5b1e5d
1125120 1e611e5c 1e611e67 1e631e66 1e671e64
1125140 1e661e70 1e681e6d 1e6a1e6d 1e661e5e
1125160 1e691e69 1e6d1e63 1e6d1e6f 1e6b1e6f
1125200 1e631e6c 1e671e63 1e6d1e67 1e6c1e6c
1125220 1e791e71 1e7f1e75 1e761e77 1e721e75
1125240 1e721e79 1e751e7a 1e811e7f 1e731e7a
1125260 1e7d1e73 1e761e78 1e7c1e78 1e7e1e86
1125300 1e7d1e7d 1e7e1e7c 1e7b1e7c 1e7c1e84
1125320 1e891e85 1e881e83 1e8a1e86 1e881e88
1125340 1e8a1e8e 1e891e89 1e8a1e81 1e8c1e88
1125360 1e821e84 1e831e85 1e921e8d 1e941e8d
1125400 1e961e92 1e961e97 1e961e95 1e8e1e95
1125420 1e9f1e9f 1e901e96 1e991e98 1e911e91
1125440 1e971e94 1e961e95 1e9e1e98 1ea21e9f
1125460 1e9a1e98 1e981ea2 1ea01e9c 1ea51e99
1125500 1ea11ea2 1e9a1e9c 1e9f1ea5 1ea11e9f
1125520 1ea61e9d 1eab1ea7 1eae1eb2 1eab1eb4
1125540 1ea91eab 1ea81ea6 1ead1eab 1eb21eae
1125560 1eae1eb3 1eb41eac 1eb11eb3 1eb31eb3
1125600 1ea91eb0 1ead1eb3 1eb51eb4 1eb41eb8
1125620 1eb31eb6 1eb51eb7 1eb51eb1 1ebb1eb1
1125640 1ebd1eb9 1eba1eba 1eb41eb8 1ebf1ebb
1125660 1ec01ebc 1ebc1ec3 1ec11eb7 1eb71ebc
1125700 1ec21ec5 1ebc1ebd 1ebf1ec1 1ebc1ebf
1125720 1ec41ec2 1eca1ec4 1ec21ec8 1ec21ec5
1125740 1ebf1ebf 1ec01ebf 1ec61ec5 1eca1ecb
1125760 1ed21ecc 1ecb1ec7 1ecc1eca 1ecd1ecf
1126000 1ed31ecd 1ed21ecf 1ed11ece 1ecb1ed2
1126020 1ed01ece 1ed11ed1 1ed11ed0 1ed11ecc
1126040 1ecf1ed9 1ed81ed6 1ed31ed9 1ed41ece
1126060 1ed11ed4 1ed61ecf 1ed81ed9 1ed61ed3
1126100 1ed41ed7 1ed61ed5 1edb1edb 1edf1edf
1126120 1ed51edf 1edf1ede 1ee61ee1 1ed51ee0
1126140 1ee71edf 1eda1ee2 1ee21ee0 1ee11ee1
1126160 1eda1ee3 1edc1ee2 1ee31ede 1ee61ee3
1126200 1ee31ee1 1eeb1ee4 1ee91ee6 1ee61eea
1126220 1ee71ee9 1edf1ede 1ee71ee8 1eea1ee6
1126240 1ee41ee8 1eed1ee2 1ef11eef 1ef21ef1
1126260 1ef01ef0 1eec1eeb 1eef1eec 1ef51eef
1126300 1eed1ef0 1ef31eea 1efb1ef6 1ef81ef3
1126320 1ef61ef2 1ef61ef3 1ef31ef8 1ef71ef2
1126340 1eed1eef 1efb1eef 1ef81ef5 1ef81ef9
1126360 1ef81ef8 1efc1efc 1efe1efb 1ef31efa
1126400 1ef11ef4 1ef81efe 1ef01eea 1ef31ef5
1126420 1ef31ef9 1ef31ef3 1efe1ef3 1efd1ef7
1126440 1ef31ef6 1ef51ef6 1ef61ef5 1ef51ef5
1126460 1efe1ef6 1eff1efe 1efa1efd 1efc1efb
1126500 1ef71ef7 1ef61ef3 1ef31ef4 1ef61ef4
1126520 1efc1ef7 1ef51efb 1efc1ef4 1efa1efd
1126540 1ef91efe 1f011efc 1f021efd 1f021efe
1126560 1efc1ef9 1efb1f00 1efb1efe 1efd1efb
1126600 1eff1efc 1efd1f02 1ef91efd 1efe1f08
1126620 1f051f02 1f041f07 1f021f07 1f021f08
1126640 1ef61ef9 1f031ef8 1f051f03 1f001efa
1126660 1efd1f02 1f011f05 1f001eff 1f001efe
1126700 1f041efb 1efe1f00 1f031f00 1f011f07
1126720 1f041f02 1f0e1f09 1f021f0e 1efc1f02
1126740 1f011eff 1f081f00 1f081f04 1f061f02
1126760 1f081f12 1f0b1f0c 1f081f02 1f051f06
1127000 1f011f07 1f001f0e 1efd1f00 1f081f04
1127020 1f051f06 1f091f09 1f051f06 1f0e1f09
1127040 1f141f0d 1f031f06 1f071f06 1f0b1f07
1127060 1f0e1f04 1f021f05 1f051f03 1f0a1eff
1127100 1f0d1f0b 1f0d1f0a 1f0f1f0d 1f101f11
1127120 1f151f14 1f121f12 1f081f0b 1f131f0f
1127140 1f0b1f0e 1f091f0e 1f0f1f10 1f1a1f15
1127160 1f151f13 1f161f15 1f121f14 1f1c1f1a
1127200 1f171f1d 1f181f15 1f1d1f1f 1f201f24
1127220 1f1f1f24 1f1d1f1d 1f1a1f1c 1f181f1a
1127240 1f171f18 1f191f1e 1f1a1f1a 1f1a1f17
1127260 1f191f20 1f131f14 1f1a1f17 1f1d1f1b
1127300 1f231f1e 1f251f24 1f251f25 1f251f27
1127320 1f271f24 1f2b1f25 1f271f26 1f271f2b
1127340 1f271f2f 1f2d1f2c 1f291f2f 1f251f32
1127360 1f221f23 1f281f29 1f271f28 1f331f2d
1127400 1f351f36 1f351f33 1f351f37 1f3a1f37
1127420 1f361f32 1f3d1f34 1f331f39 1f361f35
1127440 1f351f36 1f371f31 1f341f38 1f351f33
1127460 1f361f35 1f381f35 1f421f3b 1f3b1f3b
1127500 1f3b1f43 1f3d1f43 1f401f42 1f3b1f36
1127520 1f411f45 1f411f3b 1f451f48 1f481f3e
1127540 1f431f40 1f4d1f43 1f441f4a 1f441f46
1127560 1f421f42 1f411f3d 1f3f1f45 1f4b1f4b
1127600 1f481f4e 1f471f4b 1f481f48 1f441f47
1127620 1f451f44 1f581f51 1f521f51 1f5b1f57
1127640 1f4f1f52 1f591f53 1f5e1f5c 1f551f53
1127660 1f561f4f 1f561f4e 1f551f57 1f581f4f
1127700 1f571f5a 1f581f55 1f591f5e 1f5b1f5d
1127720 1f5e1f67 1f5f1f5b 1f611f5e 1f5c1f65
1127740 1f621f64 1f611f60 1f5a1f5b 1f601f60
1127760 1f5a1f62 1f601f5d 1f5c1f5d 1f591f61
1130000 1f591f5b 1f681f5a 1f601f65 1f6b1f6b
1130020 1f661f6e 1f6f1f71 1f6b1f6f 1f6a1f6a
1130040 1f6d1f6b 1f671f5f 1f6f1f6b 1f671f6c
1130060 1f6d1f69 1f761f70 1f6b1f70 1f741f6b
1130100 1f6c1f6d 1f721f67 1f6e1f6f 1f761f72
1130120 1f771f77 1f731f74 1f6f1f73 1f661f6d
1130140 1f6f1f6d 1f681f6c 1f6c1f67 1f6e1f6d
1130160 1f751f7a 1f731f72 1f741f6f 1f761f70
1130200 1f771f77 1f791f75 1f831f7d 1f871f85
1130220 1f831f7d 1f7f1f7e 1f811f84 1f801f7c
1130240 1f831f7d 1f801f87 1f7d1f84 1f791f7c
1130260 1f7a1f80 1f811f81 1f841f85 1f8a1f86
1130300 1f841f83 1f871f88 1f8e1f88 1f871f84
1130320 1f831f88 1f891f8c 1f7e1f82 1f881f7f
1130340 1f8b1f8c 1f861f7e 1f881f8e 1f8b1f88
1130360 1f8b1f87 1f891f8b 1f891f88 1f8c1f8b
1130400 1f941f8d 1f911f93 1f8b1f90 1f8c1f91
1130420 1f8f1f90 1f921f88 1f961f93 1f8f1f97
1130440 1f971f92 1f971f99 1f9b1f96 1f971f95
1130460 1f971f8e 1f911f96 1f921f9e 1f961f8e
1130500 1f9c1f95 1f981f9a 1f9c1f9f 1fa01f9b
1130520 1f9f1f9e 1fa31f9f 1fa11f9e 1f9b1fa2
1130540 1fa31fa2 1fa41fa3 1fa41fa1 1fa01f9f
1130560 1fa01fa2 1fa41fa8 1fa41fa7 1faa1fa2
1130600 1fb41fa9 1faa1faf 1fb41fa9 1fa71fa2
1130620 1fa81fa0 1fab1fa8 1fad1fae 1fab1fac
1130640 1faf1fad 1faf1fac 1fa71fae 1fa31fa3
1130660 1fa61f9e 1fad1fad 1faa1fa8 1faf1faf
1130700 1fba1fb1 1fac1fb4 1fa51fae 1fab1fab
1130720 1fa51fa9 1fa91fac 1fa31fb1 1fa41fa5
1130740 1fa11fa2 1fa31fa3 1f9f1fa3 1fa01fa5
1130760 1fa71fa0 1faa1fa6 1fae1fac 1fae1fa9
1131000 1fa61fae 1faa1fa8 1fae1fab 1fac1fa7
1131020 1fac1fac 1faa1faf 1faa1fab 1fac1fa6
1131040 1faa1fab 1faa1fab 1fab1fa9 1fa31faa
1131060 1fa71fa2 1fac1fa8 1fa51fa6 1fa61fa5
1131100 1faa1faa 1fac1fa8 1fa61faa 1fa71fa4
1131120 1faf1fb1 1fac1faa 1faf1fab 1fac1fab
1131140 1fa11faa 1fb01fa9 1fb01fb4 1fac1fb4
1131160 1fb01fb2 1fad1fb2 1fae1fad 1fa91fa7
1131200 1fad1fa6 1fae1fae 1fb11fa9 1fb11fb2
1131220 1fb11fb2 1fb21fad 1fb81fb7 1fb71fb7
1131240 1fba1fbd 1fb51fba 1fac1fb9 1fae1fb0
1131260 1fb81fb2 1fb41fb9 1fb31fb7 1fba1fb0
1131300 1fb31fba 1fb31fb2 1fb11fb5 1fb41fb3
1131320 1fb91fae 1fbb1fbc 1fb91fb7 1fb71fc3
1131340 1fba1fbd 1fbb1fae 1fbd1fb8 1fbd1fb9
1131360 1fb91fc0 1fba1fba 1fbc1fc7 1fbb1fbe
1131400 1fbb1fbb 1fc41fbd 1fc61fc9 1fc51fc1
1131420 1fb91fc4 1fc11fbc 1fb61fbb 1fba1fb3
1131440 1fc31fbf 1fc11fc1 1fca1fc5 1fd11fcd
1131460 1fcb1fd0 1fc41fc5 1fbb1fc7 1fc11fc5
1131500 1fc81fc9 1fc81fc6 1fc71fbf 1fc81fc7
1131520 1fc51fcf 1fc81fc7 1fcb1fcd 1fcd1fc7
1131540 1fcb1fcd 1fcc1fc9 1fd01fd2 1fcf1fd3
1131560 1fcf1fca 1fd01fd1 1fcd1fc9 1fd61fd7
1131600 1fce1fd3 1fc81fcc 1fc91fd0 1fda1fd4
1131620 1fce1fd5 1fd11fd0 1fd01fd4 1fd11fd1
1131640 1fda1fd2 1fd21fd3 1fd31fcf 1fdc1fd4
1131660 1fdd1fdd 1fde1fd6 1fd51fda 1fd91fd2
1131700 1fe11fd8 1fdd1fde 1fe01fde 1fdf1fe8
1131720 1fd81fdd 1fe01fe0 1fdf1fe3 1fdd1fde
1131740 1fda1fdc 1fdc1fe3 1fde1fda 1fe61fdf
1131760 1fe61fe3 1fe91fe6 1fe01fe6 1fe81fe6
1132000 1feb1fe8 1fe21fe2 1fe31fe2 1fe61fe7
1132020 1ff21fe5 1ff11feb 1fdb1fe0 1fec1fe3
1132040 1fe11fe1 1feb1fe8 1ff01fed 1fee1fee
1132060 1fea1fe9 1fe51fe8 1fdf1fe3 1fea1fe6
1132100 1ff41fee 1fec1fef 1fea1feb 1ff81fef
1132120 1ff01fe7 1feb1feb 1fef1ff0 1fec1ff0
1132140 1fee1fe9 1fef1ff3 1fee1ff2 1fe71ff1
1132160 1ff41fec 1ff01fec 1fe41ff0 1fec1fea
1132200 1fef1fea 1fec1fea 1ff01ff0 1fea1fee
1132220 1fef1fef 1ff41fef 1ff01ff0 1ff21fee
1132240 1fe91fed 1feb1fee 1ff01fef 1ff41fef
1132260 1ff61fef 1ff31ffc 1ff11ff1 1fed1fec
1132300 1ff51ff9 1ffc1ff7 1ffe1ff8 1ff71fff
1132320 1ffe1ffe 1ffc1ffa 1ffd1ff9 1ff41ffb
1132340 1ff91ff8 1ff61ff9 1ff61ff5 1ff71ff9
1132360 1fef1ff4 1ff61ff7 1fed1ff1 1ff91ff2
1132400 1ffc1ff6 1ff91ff9 1ff41ffb 1ff51ff7
1132420 1fee1ff5 1ff21ff7 1ff61ff7 1ff41ff4
1132440 1ff82002 1ff61ff5 1ff81ffb 1ff41ff9
1132460 1ff81ff4 1ffc1ffa 1ff81ffc 1ffc1ffa
1132500 1ff81ffb 1ffd1ffe 1ffb1ff9 1ffc1ffb
1132520 20011ff8 1ffd1fff 1ffc1ffd 2001200a
1132540 2007200a 20082004 200c200c 1ffa1ffe
1132560 20032007 20002001 200b2005 200b2005
1132600 20012005 20042006 200c200e 200c200c
1132620 200d2010 2007200e 2007200a 20052000
1132640 200c2003 20032007 200b2004 2008200d
1132660 20052004 1fff1ffb 200b2008 200e2010
1132700 200b2011 200f2005 200a200c 200e2011
1132720 200b200f 200e2010 2015200e 200b2013
1132740 200f200a 20182010 200d2010 200e200d
1132760 200c2007 200a2007 20112012 201b201b
1133000 20102012 20012009 2013200d 200b200d
1133020 200f2014 200f2014 201d2016 20142019
1133040 2019201d 20202021 201d201f 201c2015
1133060 20192018 20112018 20132013 20162014
1133100 20152010 20182018 20102017 20142017
1133120 20162011 200d2012 20142012 20162017
1133140 201b201b 20162014 20122012 20112011
1133160 20132010 200f2014 20142017 2020201a
1133200 20172019 20132012 20122014 20212013
1133220 201e2015 2018201a 201e201b 201d2018
1133240 201a2019 201a2015 201b2014 2019201d
1133260 201f2013 2016201c 200e200e 2010200f
1133300 20192016 20192022 20212023 201c2019
1133320 201c201d 2019201e 201b201a 201e201b
1133340 2028201f 201e2024 2021201a 2019201f
1133360 2020201e 201e2021 201f201a 20262022
1133400 20202028 2020201e 20262025 201f2026
1133420 2022201d 20222024 2027201d 20222023
1133440 20252023 20172025 20242024 20262026
1133460 20252024 20222023 20232025 202e202e
1133500 20312032 20352031 2035202e 20312035
1133520 20282031 2034202c 20292032 202b2027
1133540 202d2028 2023202b 20232029 2030202b
1133560 2033202f 202b202b 20312030 20342031
1133600 2034202e 20302033 20312031 20352032
1133620 20312036 202e202e 202e202d 202e2027
1133640 2032202e 20372031 202e2038 20352036
1133660 203b2039 204a2042 20472045 204b203f
1133700 20472047 203f2040 2045204d 203e2047
1133720 2045203e 20472048 2047204b 20482045
1133740 204a2044 204f2045 20522049 20502051
1133760 2052204f 204a2048 20562051 204a204b
1134000 204f204e 204d204c 204c2050 204b2044
1134020 20552052 204c2057 204f2052 204b2044
1134040 204f204a 204b2049 204a2052 204b2050
1134060 20522054 20522053 204e2051 20442046
1134100 204b204f 204c204d 2056204b 20572058
1134120 20572056 205b205d 20562052 205b2057
1134140 20582053 2056205c 20512052 20582055
1134160 20562051 205f2058 2056205c 205b205e
1134200 205b2062 2061205c 2064205f 2061206c
1134220 20622065 205b2062 20682067 205c205b
1134240 20652067 205b2060 20622066 20582059
1134260 20642061 20612065 20652069 206c206e
1134300 206f2068 206e2068 206a2073 20602062
1134320 20622065 20652060 20682060 20632068
1134340 206e2069 20712069 206c2069 20672065
1134360 20702074 206d206f 206c206b 2068206a
1134400 2070206e 20692068 20662069 20672062
1134420 206a2063 20662071 20692062 206c2068
1134440 2069206f 206e206a 2067206a 20642069
1134460 20692069 206c2067 206b2069 2064206a
1134500 2073206d 2066206c 20712061 2068206d
1134520 206a2068 20682068 2069206f 20732071
1134540 206f206b 206d2074 206f2067 20702072
1134560 206c206f 20732073 2072206a 206e206d
1134600 206a206b 2063206b 20612062 206a2064
1134620 206c206e 206b206e 206e206c 2069206c
1134640 206c2069 2067206e 206f2070 2068206c
1134660 206e2064 206b2067 2070206b 20712072
1134700 20732070 206c206d 2066206d 206c206e
1134720 2067206f 20682067 206b2065 2070206d
1134740 20702073 20652077 20642061 2066206a
1134760 206d206c 206d206b 20722070 20712073
1135000 2069206a 2070206d 206f2071 206e2074
1135020 20732072 20772073 206a2070 2069206b
1135040 20682070 206f206e 20742071 20712075
1135060 20722077 20772079 20792070 20792076
1135100 20732073 20732075 20792079 2080207c
1135120 20822081 2077207c 20762078 20702076
1135140 20742070 20742074 206e206c 206b206c
1135160 2076206e 20772073 20802079 207e207c
1135200 207c207f 20762072 20792072 207e2080
1135220 20732078 20742074 20752078 206e2074
1135240 20722074 20752075 20702080 20742071
1135260 20712071 20702077 207c2072 20742078
1135300 207a2074 20752078 20762077 20712079
1135320 207c2078 20772078 20762071 20772078
1135340 20762075 20712075 20722076 207b207c
1135360 20832081 207d207a 207f207e 207a2077
1135400 2082207b 207e207e 207a2086 2077207a
1135420 207d207d 2076207b 2081207c 2081207d
1135440 207a207a 207c207d 20802087 20842083
1135460 207d207c 20812088 20792082 20852081
1135500 207a2083 207e207c 20842086 207b2086
1135520 2079207a 2081207a 207f207b 2083207c
1135540 20842082 20822082 20852080 207d207d
1135560 20832086 207a207a 207e2079 2080207e
1135600 20852084 20892089 208b2085 20852085
1135620 20842086 20832081 20822088 20822081
1135640 20842083 2084207e 208c2084 208b2088
1135660 208c208a 208a208e 20812087 20822086
1135700 20852088 20832085 208b2089 20902092
1135720 208c2091 20932083 20952098 208f2090
1135740 209d2096 2095209b 20982096 2094209d
1135760 20952092 209c2096 2097209b 2096209a
1136000 209f2097 209a209b 20a22098 20a3209d
1136020 20a120a1 20a420a6 20a620a1 20a320a1
1136040 20a220a4 20a0209e 20a6209e 20ae20a7
1136060 20b420b1 20ae20ad 20af20a8 20b220b2
1136100 20b020b4 20ae20ad 20aa20a8 20ac20ae
1136120 20af20a7 20b320b0 20b720b6 20b620b2
1136140 20b020ac 20ab20b4 20b420b3 20b620b7
1136160 20ba20b8 20bb20bf 20b820c3 20b920b4
1136200 20be20b6 20c120c0 20c920d0 20cf20d3
1136220 20cc20c7 20c020c7 20b920be 20c020bc
1136240 20c420c7 20d020c2 20c420c7 20cb20c5
1136260 20c920cb 20d520cc 20d020cc 20ce20cc
1136300 20d120cc 20cf20d2 20db20d3 20d420d3
1136320 20d420d1 20cf20d4 20de20d1 20d420d9
1136340 20d720d2 20e020db 20e120de 20d520d9
1136360 20d620df 20dd20d1 20e220de 20e020dd
1136400 20dc20db 20e420e3 20d620d9 20da20d9
1136420 20d920d6 20da20d6 20d520d8 20ce20cf
1136440 20dd20d1 20cc20d9 20df20db 20e320e3
1136460 20e420e0 20e520e2 20df20e5 20dd20e1
1136500 20e320e2 20e220e1 20e420dc 20e620e2
1136520 20df20e3 20e720de 20e720e8 20e720e5
1136540 20df20ec 20e520e6 20e420e5 20e620e5
1136560 20e120e6 20da20e0 20e020df 20e220e8
1136600 20e620e7 20e720e6 20e020e5 20e120e0
1136620 20dd20e5 20e220e7 20e320ec 20e820e4
1136640 20e220e8 20e320e2 20e820e9 20e720e7
1136660 20e920ea 20e520e4 20ea20ec 20ed20e4
1136700 20f020e3 20ec20eb 20f120e7 20e220eb
1136720 20e320e6 20ea20ed 20e020e6 20e920eb
1136740 20ea20e8 20e920de 20e220df 20e020e5
1136760 20df20df 20e220de 20e220e1 20ea20e1
1137000 20e420e2 20dd20e1 20e520ec 20e520e3
1137020 20e120e1 20e720e7 20e720e3 20e220df
1137040 20eb20e5 20ea20ee 20e920ea 20ea20ec
1137060 20e720ec 20e120e8 20de20e3 20e120de
1137100 20e920e0 20e920e5 20e020e2 20dd20de
1137120 20d920dd 20e420e2 20e320df 20e520e4
1137140 20e720e8 20e120ef 20e020e3 20e820ec
1137160 20e420df 20e320eb 20e420e3 20dd20e0
1137200 20e820e5 20e920e5 20e820e0 20e220e1
1137220 20de20e0 20e020de 20dd20d9 20d920da
1137240 20d820d5 20da20df 20e820e3 20e420e2
1137260 20e620dd 20d020e0 20de20da 20de20da
1137300 20de20dc 20d820d4 20da20da 20dc20dc
1137320 20df20e2 20da20dd 20d320db 20d920d8
1137340 20de20d8 20de20de 20d620de 20cf20d4
1137360 20d520d9 20d520d4 20d920d5 20da20e2
1137400 20e120dd 20d520da 20cc20d9 20dc20d6
1137420 20da20d6 20e120db 20de20db 20de20dd
1137440 20dc20de 20dd20d9 20e120e2 20d520de
1137460 20cd20d7 20cc20cd 20d220cd 20d420cc
1137500 20cc20cf 20cb20c9 20d920d1 20dd20d9
1137520 20da20db 20d520d8 20d520e3 20d620d7
1137540 20d320d4 20cb20d0 20d020ce 20cd20cd
1137560 20c420d2 20c720c8 20d620cb 20d020d5
1137600 20d520d4 20d020d4 20d420d0 20ce20d0
1137620 20ce20ce 20c720ce 20cb20c7 20c720ca
1137640 20d220cd 20cf20ca 20d320cc 20d920d5
1137660 20c520d2 20d920c6 20d120d9 20d820da
1137700 20d420d4 20cd20d5 20ca20cc 20cf20cf
1137720 20cb20cb 20ce20ce 20cc20d0 20cb20c9
1137740 20cc20cf 20cf20ca 20d620d4 20d120dd
1137760 20ce20c8 20cb20cf 20cf20d9 20da20d7
1140000 20da20d8 20d820cf 20d720cf 20d520d7
1140020 20de20d9 20d220d1 20da20d4 20d020d3
1140040 20d220ce 20cd20cd 20d920d6 20e020dc
1140060 20d820df 20d720e0 20d820d8 20dd20db
1140100 20e320d6 20e320e0 20da20db 20db20de
1140120 20dd20d5 20e620d0 20d420de 20d920d7
1140140 20dd20db 20d820d7 20dc20d9 20df20de
1140160 20de20df 20e420e3 20da20e2 20e320e0
1140200 20e320dd 20e020e7 20e620e2 20df20df
1140220 20de20de 20e820e2 20e120eb 20ea20e5
1140240 20f320ed 20ea20ee 20ed20ee 20eb20ea
1140260 20e620e3 20f120eb 20f120eb 20f720f3
1140300 20f820f6 20f120f4 20f120f0 20f120e9
1140320 20fc20f3 20f920fa 21022103 20f720fb
1140340 20fc20f9 20f920fd 20fb20fc 20fe20fe
1140360 20fe20fd 20fc2100 21032107 210a2102
1140400 2102210b 210020fe 21092100 2102210a
1140420 210220fe 21052105 210a2103 210f210a
1140440 21132114 210d210e 210b2108 2109210c
1140460 210a210a 2112210d 211d2118 b0110493
1140500 00001004 0001000a 00010000 03b14bee
1140520 00000ffc 0001000a 1400003c add01f00
1140540 add01f01 add01f02 add01f03 add01f04
1140560 add01f05 add01f06 add01f07 add01f08
1140600 add01f09 add01f0a add01f0b add01f0c
1140620 add01f0d add01f0e add01f0f add01f10
1140640 add01f11 add01f12 add01f13 add01f14
1140660 add01f15 add01f16 add01f17 add01f18
1140700 add01f19 add01f1a add01f1b add01f1c
1140720 add01f1d add01f1e ff000134 00000020
1140740 0000008d 3abd0ae4 00000001 deadbeef
1140760 f000008d 3abd0ad0 3a0ae39f 00000000
1141000 00000134 00001f48 a0104bec 21ee211e
1141020 21f321f3 21f421f5 21f421f0 21f521f5
1141040 21f021ee 21ec21ec 21e721eb 21ed21ee
1141060 21ef21f5 21eb21f0 21ed21ea 21e921ef
1141100 21e821ef 21e921e8 21f121ef 21e421eb
1141120 21ed21eb 21ed21ec 21ec21ec 21e521e8
1141140 21e521e6 21e221ea 21eb21f3 21e621e5
1141160 21e921e2 21e321e8 21e021e4 21e521ea
1141200 21e621e5 21e621e0 21e021e2 21e921e1
1141220 21e321e6 21e621e7 21eb21e5 21ed21f1
1141240 21e621ec 21df21e8 21e921e7 21eb21ee
1141260 21ef21e5 21e621e8 21ef21f4 21ed21ea
1141300 21f321eb 21f021eb 21ea21f4 21ea21ec
1141320 21ee21ee 21f121ef 21e821ef 21eb21ea
1141340 21e321e7 21e921e8 21f321ee 21f421f2
1141360 21fc21fa 21f021f7 21ea21ec 21ed21e7
1141400 21eb21ea 21eb21ec 21e921e9 21f121ef
1141420 21eb21f0 21e721e8 21e721e5 21ea21e7
1141440 21e621ef 21f021f0 21ea21eb 21e921e9
1141460 21eb21ee 21f721f6 21a721ec 1fc820c2
1141500 1e581efd 1db41df2 1d6e1d82 1d621d6c
1141520 1d571d5b 1d541d5d 1d561d58 1d561d51
1141540 1d541d4f 1d5c1d58 1d4e1d56 1d4f1d51
1141560 1d511d4f 1d481d47 1d4b1d51 1d571d52
1141600 1d4d1d58 1d5b1d4d 1d4c1d50 1d501d4e
1141620 1d511d53 1d541d5a 1d5e1d4d 1d591d53
1141640 1d541d58 1d601d5a 1d5b1d62 1d561d52
1141660 1d571d50 1d5a1d57 1d561d55 1d591d5b
1141700 1d5c1d5a 1d611d5a 1d581d5d 1d591d5b
1141720 1d5d1d5c 1d631d61 1d5f1d5c 1d5b1d5a
1141740 1d641d68 1d6b1d65 1d6f1d6b 1d6d1d66
1141760 1d701d60 1d6a1d73 1d6c1d6c 1d6e1d71
1142000 1d711d67 1d6c1d6b 1d681d70 1d681d64
1142020 1d711d69 1d6c1d69 1d6f1d72 1d731d72
1142040 1d7e1d79 1d781d7a 1d7a1d7a 1d711d7d
1142060 1d7c1d7d 1d7d1d81 1d831d81 1d8c1d83
1142100 1d861d84 1d7a1d7f 1d7f1d82 1d821d82
1142120 1d7b1d81 1d891d81 1d8a1d89 1d891d88
1142140 1d811d84 1d851d7f 1d831d84 1d841d84
1142160 1d851d88 1d911d8a 1d931d8e 1d921d90
1142200 1d8b1d90 1d971d93 1d901d90 1d8d1d8f
1142220 1d971d9a 1d961da2 1d911d9b 1d9a1d95
1142240 1d9e1d96 1d991d9f 1d931da0 1d9a1d90
1142260 1d9e1d98 1da51d9f 1d9f1da1 1d9b1d9b
1142300 1d9c1d9d 1d9a1d9b 1d9f1da0 1da21da3
1142320 1da41da4 1da01da3 1d9c1da6 1da31da2
1142340 1da51da9 1dad1da7 1daa1da8 1da81dad
1142360 1da51da7 1daf1daa 1dab1dac 1da11dae
1142400 1da71da5 1dab1daa 1da81db0 1da91dad
1142420 1dae1daf 1db31dac 1db71db4 1db31db9
1142440 1db21db0 1daf1db9 1db31daa 1db11dae
1142460 1daa1daf 1db11dac 1daf1daf 1db71db4
1142500 1daf1db0 1dad1db5 1db91db7 1dbb1dc0
1142520 1db71db4 1db61dba 1dbe1dbc 1dbb1dbd
1142540 1dc11dbf 1dc41dbf 1dc01db9 1dc51dc4
1142560 1dc41dca 1dca1dc9 1dcb1dc7 1dc11dc1
1142600 1dc51dbc 1dc11dc6 1dc61dc1 1dc61dc2
1142620 1dc51dbd 1dbb1dc0 1dc11dc1 1dc01dc7
1142640 1dc11db8 1dc21dba 1dc91dc4 1dc41dc4
1142660 1dce1dc7 1dc71dc9 1dcd1dcd 1dc61dce
1142700 1dc91dc6 1dca1dc9 1dcc1dc5 1dd51dd1
1142720 1dd41dd8 1dd01dd2 1dd41dda 1dcb1dcc
1142740 1dce1dc3 1dd21dd6 1ddc1dd7 1dd91ddd
1142760 1dd71dd9 1dd21dc9 1dcb1dca 1dd51dce
1143000 1dd11dd0 1dd21dcf 1dcb1dce 1dd41dcd
1143020 1ddb1ddb 1dd91ddd 1dda1ddb 1ddd1dde
1143040 1ddc1dd9 1dda1dda 1de31de4 1ddd1ddb
1143060 1dd81dda 1dd91de1 1ddc1ddc 1de51de2
1143100 1de21de0 1ddf1ddf 1de71ddf 1dde1de1
1143120 1de41de3 1de71de3 1ded1de8 1dea1de9
1143140 1de71dec 1de91deb 1df21deb 1df61df1
1143160 1df41df1 1dec1dec 1deb1ded 1deb1de6
1143200 1df21dea 1df31dff 1df71df2 1df11df5
1143220 1def1de3 1df01dee 1dea1df0 1ded1dea
1143240 1df21df5 1df21df2 1df01dee 1dfb1df2
1143260 1df61dfd 1dfa1df9 1dfe1df9 1dfa1df7
1143300 1dff1e00 1dfc1dff 1e031e01 1e041e07
1143320 1e071e06 1e001dfe 1dfc1dfd 1e021e01
1143340 1dff1dfd 1e011e02 1e001e06 1e091e02
1143360 1e011e06 1e0d1e0a 1e0a1e08 1e071e06
1143400 1e041e07 1e081e08 1e0a1e0d 1e0b1e0a
1143420 1e0e1e0d 1e0a1e10 1e001e0e 1e021e04
1143440 1e0a1e09 1e0c1e01 1e0a1e09 1e151e16
1143460 1e0b1e0a 1e0b1e10 1e071e05 1e091e0d
1143500 1e121e10 1e0d1e0f 1e0c1e0d 1e0b1e0c
1143520 1e101e11 1e121e13 1e1c1e14 1e1c1e18
1143540 1e151e1b 1e1c1e21 1e221e1a 1e1e1e1c
1143560 1e1a1e1d 1e181e18 1e1e1e18 1e241e1d
1143600 1e221e1d 1e211e23 1e1d1e1e 1e161e19
1143620 1e151e12 1e171e14 1e1c1e21 1e271e1c
1143640 1e1d1e1e 1e221e25 1e201e25 1e241e23
1143660 1e281e29 1e251e29 1e301e2d 1e281e28
1143700 1e241e28 1e211e20 1e231e27 1e341e25
1143720 1e2e1e24 1e301e2c 1e261e33 1e2c1e30
1143740 1e2e1e2f 1e2a1e29 1e2b1e23 1e201e24
1143760 1e1e1e20 1e2b1e22 1e251e26 1e2c1e2c
1144000 1e291e23 1e231e25 1e271e25 1e2a1e29
1144020 1e2f1e2f 1e291e2e 1e281e28 1e2e1e30
1144040 1e301e2e 1e2d1e2c 1e2d1e30 1e2b1e33
1144060 1e351e2f 1e361e2e 1e3d1e35 1e381e3c
1144100 1e321e2f 1e371e36 1e3a1e35 1e3d1e34
1144120 1e341e35 1e2e1e36 1e331e34 1e3d1e3a
1144140 1e3d1e3d 1e411e43 1e3e1e42 1e351e3e
1144160 1e371e3d 1e4a1e3f 1e3b1e41 1e4b1e43
1144200 1e451e48 1e441e46 1e511e49 1e461e43
1144220 1e491e47 1e511e4a 1e531e50 1e4c1e49
1144240 1e4d1e49 1e491e4b 1e491e49 1e561e4d
1144260 1e4e1e49 1e491e4a 1e4e1e4b 1e531e53
1144300 1e531e4e 1e501e4a 1e4d1e4b 1e581e51
1144320 1e5c1e57 1e541e59 1e571e52 1e571e57
1144340 1e531e54 1e5f1e5c 1e641e60 1e621e61
1144360 1e551e5d 1e5f1e65 1e631e69 1e5d1e5c
1144400 1e641e5e 1e631e5f 1e5d1e60 1e641e60
1144420 1e651e5d 1e6b1e6b 1e5f1e69 1e661e66
1144440 1e661e6e 1e6a1e65 1e6c1e65 1e711e70
1144460 1e6a1e6c 1e6d1e6e 1e6a1e68 1e6e1e64
1144500 1e661e69 1e6e1e6f 1e6b1e6a 1e6e1e6e
1144520 1e6e1e69 1e721e72 1e771e77 1e751e71
1144540 1e711e6c 1e771e71 1e781e75 1e6e1e70
1144560 1e711e73 1e801e72 1e7e1e79 1e7b1e74
1144600 1e741e7a 1e701e76 1e701e6b 1e791e78
1144620 1e7c1e77 1e731e79 1e761e78 1e6e1e75
1144640 1e751e6f 1e6f1e72 1e761e75 1e781e7b
1144660 1e781e75 1e7f1e7b 1e7c1e82 1e7f1e83
1144700 1e711e78 1e861e7c 1e751e71 1e7b1e80
1144720 1e821e8a 1e851e82 1e881e83 1e871e7f
1144740 1e891e86 1e851e8a 1e8a1e85 1e851e81
1144760 1e891e85 1e7e1e84 1e831e86 1e8b1e88
1145000 1e881e8d 1e8d1e89 1e921e92 1e841e88
1145020 1e8a1e8d 1e8f1e8d 1e8e1e87 1e881e8a
1145040 1e881e7f 1e811e84 1e821e85 1e8b1e87
1145060 1e8d1e87 1e831e8d 1e941e8f 1ea01e95
1145100 1e921e95 1e8e1e91 1e8f1e8e 1e921e8e
1145120 1e911e99 1e9a1e8f 1e951e97 1e961e9d
1145140 1e991e9c 1e931e96 1e9e1e98 1e961e95
1145160 1e971e9e 1ea81e9e 1ea51e9e 1ea41ea0
1145200 1ea21e9f 1ea61ea2 1eaa1ea6 1ea91ea9
1145220 1ea01ea1 1ea81ea8 1e9f1eaa 1eac1eaa
1145240 1eab1ea7 1eaa1ea6 1ea61eac 1eab1ea5
1145260 1eac1eb0 1eaf1ea6 1eb21eaf 1eaf1ead
1145300 1ea61eae 1ea81ea8 1ea31ea4 1eb21ea5
1145320 1ead1eae 1eaa1eba 1eb01eb2 1eb21eb2
1145340 1eb41eb2 1eb41eb1 1eb31eba 1eb71eb7
1145360 1eb81eb7 1eb71eb3 1eb91eb0 1eb81ebb
1145400 1eb91eb8 1eb11eb3 1ec21eb4 1eb71ebe
1145420 1ec51ec5 1ebc1ebd 1ebd1ec6 1ebd1ec0
1145440 1ec01ebf 1ec21ec1 1ec01ec0 1ec21ec0
1145460 1eca1ec5 1ec21ebc 1ec51ec3 1ed41ecd
1145500 1ec21ec9 1ece1ec9 1ec21ecb 1ebe1ec4
1145520 1ec51ec4 1ed01ec8 1eda1ed5 1ed01ece
1145540 1ecf1ed1 1eca1ed4 1ece1ecd 1ece1ec8
1145560 1ed11ed1 1ed61ed6 1ed31ed5 1ece1ecd
1145600 1edb1ece 1ed41ed9 1ed01ed3 1ed91ed8
1145620 1ed81ed8 1ed91eda 1eda1edc 1ed91edb
1145640 1ee01edb 1ee11ee2 1ee81ee6 1edc1ee1
1145660 1ee31edc 1edd1ee5 1ee31ee0 1edf1ede
1145700 1edc1ee2 1ee31edd 1ee41ee6 1eee1ee0
1145720 1ee41edf 1ee81ee8 1ee71eec 1ee31ee3
1145740 1ee51ee4 1ee21ee2 1edf1ede 1ee01ede
1145760 1ee71ee4 1ee71ee9 1ef11eec 1ee71eec
1146000 1eeb1ee6 1ee41ef2 1ee11ee3 1ede1ee3
1146020 1ee91ee0 1eea1eed 1ef01eec 1ef31ef5
1146040 1ef31ef4 1ef51ef5 1eed1ef3 1eeb1eea
1146060 1eea1ee8 1ef01ee7 1ee81eea 1ef01eec
1146100 1ef01ef2 1ef71ef1 1efa1ef4 1ef41ef5
1146120 1f011eec 1ef81f02 1ef31ef1 1ef21ef8
1146140 1ef51ef3 1ef81ef6 1eed1ef1 1ef51eec
1146160 1ef51ef5 1ef71ef6 1ef71ef5 1ef51ef8
1146200 1eeb1ef0 1eee1eeb 1ef11ef3 1ef71ef2
1146220 1efa1efb 1eed1ef4 1efb1ef0 1ef31ef8
1146240 1ef31efa 1ef61ef8 1ef61eeb 1efc1ef7
1146260 1ef11ef6 1efb1ef7 1efe1efd 1ef71efa
1146300 1ef21ef1 1eed1eef 1ef31ef4 1efd1ef3
1146320 1ef11ef4 1ef61ef6 1ef31ef2 1ef81ef8
1146340 1efa1ef8 1eff1f02 1f061eff 1f051efe
1146360 1efd1f02 1efc1f01 1efb1efa 1eff1efe
1146400 1efa1ef5 1efb1efe 1efa1efb 1ef91ef9
1146420 1efd1efc 1efd1efe 1ef71efc 1f011efa
1146440 1efa1efb 1f051efd 1f021f02 1f021f00
1146460 1f071f07 1f0d1f07 1f071f0d 1f071f0a
1146500 1f091f0a 1f081f06 1f011f08 1f0c1f02
1146520 1f081f09 1f021f09 1f041f0a 1f0a1f09
1146540 1f1a1f0d 1f101f16 1f0c1f12 1f0b1f0a
1146560 1f101f07 1f0f1f0b 1f0a1f0f 1f0d1f13
1146600 1f0a1f0c 1f161f0b 1f0d1f0d 1f0e1f0d
1146620 1f0d1f0a 1f0f1f10 1f071f0f 1f1d1f0e
1146640 1f0c1f0e 1f0d1f0e 1f0c1f0a 1f181f14
1146660 1f1a1f12 1f0e1f14 1f141f14 1f1d1f1a
1146700 1f151f10 1f1e1f15 1f161f10 1f121f1b
1146720 1f1a1f1a 1f0d1f0f 1f141f10 1f121f18
1146740 1f131f19 1f191f19 1f1e1f14 1f1e1f1a
1146760 1f191f1c 1f181f19 1f161f1d 1f161f12
1147000 1f171f1a 1f1d1f18 1f151f1a 1f141f19
1147020 1f181f15 1f191f1b 1f151f11 1f101f12
1147040 1f1e1f19 1f1a1f15 1f1a1f18 1f181f15
1147060 1f181f15 1f171f17 1f1e1f1b 1f1f1f19
1147100 1f131f16 1f221f20 1f161f1b 1f1e1f15
1147120 1f1d1f19 1f1d1f15 1f1e1f1e 1f261f24
1147140 1f251f28 1f241f21 1f291f20 1f241f28
1147160 1f261f20 1f201f24 1f1b1f19 1f1a1f12
1147200 1f231f23 1f1f1f21 1f231f22 1f201f22
1147220 1f201f20 1f1c1f1d 1f281f28 1f271f22
1147240 1f261f26 1f2c1f29 1f341f2d 1f2c1f30
1147260 1f2b1f31 1f381f30 1f3c1f36 1f331f39
1147300 1f361f34 1f301f32 1f2a1f2c 1f321f34
1147320 1f381f2f 1f2c1f2b 1f2e1f2a 1f341f32
1147340 1f381f3b 1f321f32 1f341f42 1f391f34
1147360 1f361f38 1f3b1f31 1f441f46 1f441f40
1147400 1f441f40 1f3e1f44 1f391f3e 1f2c1f38
1147420 1f351f35 1f3c1f39 1f421f49 1f481f3d
1147440 1f431f45 1f4a1f49 1f491f43 1f431f45
1147460 1f451f47 1f4a1f46 1f401f44 1f431f48
1147500 1f4e1f46 1f4b1f47 1f491f44 1f431f4d
1147520 1f471f41 1f451f42 1f511f4a 1f521f58
1147540 1f521f57 1f4e1f4c 1f511f51 1f511f54
1147560 1f531f50 1f501f55 1f511f53 1f571f56
1147600 1f601f5f 1f551f5d 1f541f5e 1f591f53
1147620 1f641f60 1f641f5f 1f631f67 1f631f66
1147640 1f661f66 1f651f67 1f621f64 1f5f1f63
1147660 1f691f6b 1f691f62 1f661f67 1f651f68
1147700 1f641f65 1f651f69 1f691f69 1f701f6b
1147720 1f6e1f6e 1f701f6d 1f711f6f 1f6e1f6c
1147740 1f711f77 1f791f78 1f751f77 1f741f79
1147760 1f711f77 1f741f75 1f781f73 1f7a1f81
1150000 1f801f8a 1f7d1f7b 1f7c1f7b 1f7d1f7a
1150020 1f7c1f7b 1f7e1f7a 1f7d1f7a 1f851f80
1150040 1f7e1f81 1f7d1f84 1f7f1f82 1f891f7c
1150060 1f931f80 1f871f8a 1f931f8d 1f7e1f8e
1150100 1f841f88 1f911f8c 1f921f8f 1f931f95
1150120 1f891f93 1f831f8b 1f901f8c 1f8c1f93
1150140 1f941f92 1f921f96 1f941f91 1f941f92
1150160 1f9b1f9c 1f981f9a 1f971f95 1f8e1f96
1150200 1f991f8d 1f9f1f99 1f991f9f 1f9a1f9b
1150220 1f9d1f9c 1f9a1f9a 1f961f97 1f931f8f
1150240 1f9c1f98 1fa51fa4 1f9e1fa2 1f941f99
1150260 1f921f92 1f9a1f98 1f991f92 1fa51f9e
1150300 1f9f1fa3 1f9f1fa3 1f9a1fa1 1f9b1f99
1150320 1f9c1f9a 1f911f9e 1f9d1f99 1f911f9d
1150340 1f9d1f92 1f9a1f96 1f9b1f9a 1f991f97
1150360 1f9d1fa4 1fa41f9e 1fa41f9e 1fa31f9f
1150400 1fa01f9d 1fa01fa1 1f9f1fa4 1fa91f9d
1150420 1f9f1fa7 1fa51fa2 1fa61fa7 1f981fa7
1150440 1fa61f9a 1fa61fa0 1fa71fa6 1fa91fa7
1150460 1fa81fa6 1faa1faa 1fa21fa9 1fa51fa8
1150500 1fad1faa 1faa1fa9 1fab1fa6 1faa1fab
1150520 1fa01faa 1fa21fa9 1faf1fa1 1fa91fa5
1150540 1fa11fa8 1fa51fa8 1fa91fa5 1faa1fa2
1150560 1fb01fae 1fb21fa6 1faf1fa2 1fa41fb3
1150600 1fa91f99 1fa81faf 1fa81fa9 1faa1fad
1150620 1fa71fb2 1fad1fa5 1faf1fa8 1fa71fa7
1150640 1fad1faf 1fb61fb5 1fb21faf 1fb21fb0
1150660 1fb01fb3 1faf1fb0 1fae1fb7 1fbc1fb6
1150700 1fb41fb1 1fbe1fba 1fb71fb8 1fba1fb8
1150720 1fb31fb5 1faf1faf 1fb51fb8 1fb61fbb
1150740 1fb91fc0 1fb01fb6 1fae1fb1 1fb11fb1
1150760 1fb11fb2 1fb51fb0 1fad1fb1 1fac1fb0
1151000 1fae1fb1 1fae1fb6 1fb61fb3 1fb01fb1
1151020 1fb21fb1 1fb31fb0 1fb41fba 1fad1fbd
1151040 1faf1fa8 1faf1fad 1faf1fa6 1fb11fad
1151060 1fb91fb3 1fb71fad 1fc11fba 1fb81fbc
1151100 1fbf1fbc 1fba1fc1 1fb61fb6 1fb31fb4
1151120 1fb21fb4 1faf1fb7 1fbb1fb5 1fb91fb2
1151140 1fc31fbe 1fb71fbd 1fb51fb5 1fb71fb8
1151160 1fb91fb8 1fbb1fb6 1fb81fb1 1fb21fb7
1151200 1fac1fb5 1fb41fb0 1fb21fac 1fb71fbb
1151220 1fb81fb7 1fb51fbc 1fb21fb7 1fb51fb6
1151240 1fb61fac 1faa1fb6 1fb01fae 1fba1fb0
1151260 1fc01fbb 1fc01fbf 1fba1fba 1fb51fbc
1151300 1fb01fb2 1fb31faa 1faf1fb5 1fba1fb1
1151320 1fb81fb6 1faf1fb9 1fb81fb3 1fb21faf
1151340 1fb01fb4 1fb51fb8 1fb41fb6 1fb31fb0
1151360 1fba1fb8 1fb41fb5 1fb21fb7 1fb51fb0
1151400 1fb51fb2 1fbb1fb7 1fb91fb4 1fb41fb9
1151420 1fb31fb6 1fbb1fad 1fb51fb9 1fb91fbb
1151440 1fb41fba 1fb81fae 1fbc1fb2 1fbc1fbd
1151460 1fc21fc1 1fc21fc2 1fbe1fbe 1fbd1fbe
1151500 1fba1fba 1fbb1fc0 1fc71fc8 1fc81fc9
1151520 1fc51fc4 1fbe1fc0 1fbe1fc0 1fbe1fbf
1151540 1fbd1fc7 1fc81fc5 1fc21fc7 1fc21fc1
1151560 1fc71fca 1fcc1fc7 1fcb1fcd 1fca1fcf
1151600 1fc61fc9 1fc01fc8 1fc81fc0 1fcd1fc5
1151620 1fc31fc8 1fc61fcb 1fc91fd1 1fc71fc8
1151640 1fc61fcf 1fcd1fca 1fcd1fcf 1fce1fc9
1151660 1fd31fd1 1fd21fd3 1fcf1fcd 1fce1fcd
1151700 1fcc1fc9 1fd31fd4 1fdc1fce 1fd81fd6
1151720 1fd61fd8 1fdb1fd9 1fd71fda 1fd51fdb
1151740 1fd71fd2 1fd61fd8 1fd91fdd 1fe51fdd
1151760 1fee1fe2 1fe21ff0 1fe51fec 1fe91fe2
1152000 1fe21fe6 1feb1fe9 1fe21fe7 1fe31ff2
1152020 1fe91fe2 1feb1fe7 1ff41fe5 1fec1ff1
1152040 1fe71fee 1ff11ff3 1ff01ff1 1ff71feb
1152060 1fec1ff0 1ff21ff6 1ff11ff6 1ff11ff2
1152100 1ff31ffa 1fef1ff0 1ff51ff9 1ffd1ff6
1152120 1ffa1ff8 1ffa1ff4 1ff72000 1ff41ff9
1152140 1ff41fff 1ffb1ff6 1ffd1ffc 1ffc2002
1152160 1ffe2000 20082003 20092008 20042006
1152200 1ffa2002 20031ffe 20022003 20032000
1152220 200c2004 200a2006 2003200a 20132010
1152240 200f200d 20142017 200d2013 2018200b
1152260 201d2015 20162015 20212018 20222020
1152300 2017201c 201b201e 20122015 20172015
1152320 20152010 201d2015 2021201d 2025201a
1152340 20262027 20212025 201a201f 2017201a
1152360 2020201b 202d2025 20242025 20242028
1152400 20212021 20292025 202b2026 2023202b
1152420 20252026 20232024 20272027 202c2028
1152440 202d2027 2032202d 20322033 20302031
1152460 20372034 202f2031 202d2033 202c2035
1152500 20322028 202e202e 202d2030 2032202b
1152520 2035203a 203d202e 20302030 2032203a
1152540 20302032 203a2036 20322032 202f202e
1152560 20312036 2036203b 20462041 20412044
1152600 203f203d 2040203e 203b2040 2041203e
1152620 203e203d 2036203a 203b2038 203d2036
1152640 203c203c 2038203d 20322037 20332032
1152660 203c203c 203f2043 20442037 203f203b
1152700 2043203b 2041203f 20452041 2046203c
1152720 20442045 20472041 20452048 203a203f
1152740 20482044 20482040 20432041 2041203f
1152760 20442045 203f2042 2041203a 203f203c
1153000 2040203f 2049203e 204d2049 204a2043
1153020 2043204a 20432043 20472054 20402047
1153040 204b2048 204a2046 204b204b 2044204b
1153060 20462045 204d2046 204a2045 20482047
1153100 20522049 2052204e 205b2052 204e2056
1153120 204f2050 20562052 2048204e 20482046
1153140 20522048 2047204b 204c204c 204c2048
1153160 204c204d 20402048 203a203d 20442046
1153200 20452045 20452041 204f2048 204a204a
1153220 20472049 20432045 20412047 2044204b
1153240 20452047 20492043 204a2051 204a2047
1153260 204a204a 204a2046 20482044 204d204d
1153300 204b2043 2049204c 204a204d 2046204b
1153320 20492047 20522047 204d2048 204f2042
1153340 204d2052 20492048 2051204c 204e204a
1153360 204f204f 204e204b 20482044 2049203f
1153400 204b2049 20402043 2046204a 20422047
1153420 204a2041 20462042 203e2045 203b203e
1153440 20492040 2045203f 203b203a 203e203d
1153460 2044203d 20432043 2040203e 20432042
1153500 203b203f 20302037 20392036 20322034
1153520 203b2041 203d203a 2040203f 20432041
1153540 204b2045 20412045 20402043 20482047
1153560 20382040 2042203c 203c2047 20372042
1153600 203c2039 203d2039 203d203c 203f2042
1153620 203e2048 20422040 2039203d 203e2035
1153640 203b203a 203c203f 203c203f 203a203b
1153660 203b2040 203f203e 20452044 20422040
1153700 203f203e 20352038 20422043 203d2043
1153720 203d203b 20322039 203e203a 203c2040
1153740 203f2049 2039203c 203a203b 203a2040
1153760 2044203c 20392049 20432040 20402044
1154000 20452040 203c203e 203a203a 2049203c
1154020 20482043 20432044 2041203a 203d2040
1154040 20432046 203f2040 2036203b 203e203a
1154060 2034203e 203e203b 2041203f 204a2041
1154100 20482049 204c2049 20482047 20452041
1154120 2041203d 20462044 2040203f 20422043
1154140 2044203f 20482042 204b204c 20492044
1154160 204e2053 2046204c 204d2045 2044204b
1154200 204a2046 204c204d 204d204f 20482045
1154220 204c2046 204c204f 20552056 20542056
1154240 2056204f 204d2050 20522057 20552058
1154260 20572058 205d2050 2063205b 2053205a
1154300 205d2060 2064205a 206e2061 2061206a
1154320 205f2061 205a205d 2061205c 20662068
1154340 20602065 20612060 205d205c 205f205e
1154360 2061205c 2065205f 205f205f 206b206a
1154400 20612063 20732069 206b206d 206c2070
1154420 206e2075 206a206f 20672063 206b2068
1154440 20702072 206d2074 2073206f 20752074
1154460 207a2073 20862078 20772077 20862080
1154500 207d2075 207f2079 2078207a 20882079
1154520 20862088 20822083 20802080 207d2080
1154540 207d2082 208e2082 2092208b 208d208e
1154560 2083208b 20802085 2082207e 20872082
1154600 208c2086 2089208c 208e2085 208c2089
1154620 20902084 2085208c 208b2098 208d2093
1154640 208d208d 208d208a 20872089 208a2090
1154660 208d2090 2091208d 20912086 20952094
1154700 2093208c 208f2097 2095208c 20942092
1154720 20962091 208d208f 208d208e 209e2094
1154740 20872094 209720a0 208d2096 20912097
1154760 209d2095 209c2095 20a320a0 20a420a6
1155000 209e209d 20a2209d 20a720a6 20a620a4
1155020 20a820a7 20a520a5 20aa20aa 20a120a3
1155040 20a620a4 20a220a2 20a620a0 20a420ab
1155060 20a720a8 209c209a 209c20a3 20a0209d
1155100 20a420a6 20a4209b 20a0209e 20ab20ac
1155120 20b520af 20a920ac 20b120ad 20b020ad
1155140 20aa20b1 20af20a7 20aa20b1 20a920a8
1155160 20a520ac 20b320b2 20b620b0 20b920b9
1155200 20ad20be 20b320af 20a720b8 20b520ac
1155220 20ad20ac 20a920a5 20ad20b1 20ab20af
1155240 20ae20b3 20b220b7 20b220b2 20b320b6
1155260 20b420b2 20bd20bb 20c420bd 20bc20bf
1155300 20b920c0 20b820b9 20bf20bc 20bf20c3
1155320 20bf20c4 20b820bf 20bc20be 20be20b8
1155340 20bd20bd 20bc20be 20b620be 20c120bc
1155360 20bd20b9 20bc20bd 20c120c2 20b620bf
1155400 20b820b8 20b320c1 20be20b8 20bf20bd
1155420 20bb20b8 20b220b8 20b820bd 20b020b4
1155440 20be20b2 20bd20b5 20b820c0 20c620ba
1155460 20c120c9 20c020b6 20bb20bc 20c020c5
1155500 20c620c2 20c120be 20c020c6 20c120bf
1155520 20c420c1 20c420c9 20b920bb 20b720b3
1155540 20bc20ba 20be20bf 20b420be 20b920b8
1155560 20b820b6 20b020b9 20b320ba 20c520c2
1155600 20bd20bf 20bf20ba 20b620b8 20b820b3
1155620 20b920b7 20b120b4 20b120af 20ae20b1
1155640 20b220bc 20b020b6 20b420b5 20aa20af
1155660 20ab20a9 20a820ab 20ac20ad 20ad20ad
1155700 20ad20a9 20a920aa 20b620a8 20b120b7
1155720 20aa20a6 20b420af 20b520ae 20ae20b0
1155740 20ac20af 20ae20a9 20ac20a9 20a820ac
1155760 20a920aa 20b220b2 20af20b4 20b220ac
1156000 20ab20aa 20a820a6 20ab20a5 20ad20ac
1156020 20b020a8 20ab20b1 20a220aa 20ab20ab
1156040 20a920af 20a820a2 20a820a6 209e20ab
1156060 20a320a8 20a420a0 20a620a3 20a820a6
1156100 20a520a7 20aa20a9 20ac20b1 20ac20a8
1156120 20a620ab 20a220ab 20a620a0 20a1209f
1156140 20a320a2 20a1209d 209d20a2 209b209e
1156160 20a0209c 20a520a8 20a020aa 20a520a9
1156200 20a420a5 20a620a1 20aa20a4 20a220a8
1156220 20a420b3 20a220a1 209d209e 20a920a2
1156240 20ac20a5 20a520a5 20a120a8 20a4209e
1156260 209f20a4 20a720a7 209d20a2 20a020a3
1156300 20a020a1 20a520a9 20a420a5 20a220a1
1156320 20a320a6 20ab20a8 20a820a7 20a920ae
1156340 20b320ac 20b320ae 20b120a6 20aa20ae
1156360 20a520a6 209c20ad 20a220a3 209f20a1
1156400 20a120a0 20a720a1 20a320a5 20a520ab
1156420 20aa20b4 20af20b1 20ac20ae 20af20ae
1156440 20b420a7 20b620ad 20b820b5 20af20ab
1156460 20af20b2 20b120ab 20b120b0 20ac20aa
1156500 20ad20b0 20ab20ad 20b020ab 20b520b6
1156520 20b420b3 20af20ac 20af20b1 20b720ae
1156540 20b120ad 20b120ab 20b020b4 20b620b8
1156560 20ba20bb 20b820b8 20bc20b5 20b420b8
1156600 20b620b4 20b520b4 20be20b7 20c320ba
1156620 20b820c3 20be20be 20c520c4 20b920c0
1156640 20c920bc 20c420c1 20c420c8 20c520d0
1156660 20c120c2 20bd20c2 20bd20c3 20c720c0
1156700 20c620c8 20d220d0 20db20ce 20ce20d2
1156720 20cc20d6 20cd20c9 20d420cb 20cb20c8
1156740 20cc20c7 20ca20c4 20ca20c9 20c820cc
1156760 20cf20c7 20da20cf 20d820d4 20cc20d0
1157000 20d420cc 20cd20cc 20d120ca 20d120d2
1157020 20cb20d2 20cc20c8 20d420cd 20d820dd
1157040 20d620da 20d420e1 20de20d5 20de20dc
1157060 20d420dc 20d820d8 20e620da 20e020dd
1157100 20e720ea 20e720e4 20df20e3 20e120e7
1157120 20e420e0 20e320dd 20e320e0 20e220e1
1157140 20dd20ee 20de20d8 20d920e3 20de20dd
1157160 20e920ed 20f020ed 20ec20ea 20ef20e8
1157200 20ec20e8 20ea20ef 20e820e8 20eb20ec
1157220 20e920e9 20eb20e5 20e520e4 20f520ee
1157240 20f020ed 20f020ee 20eb20eb 20e720eb
1157260 20e820ed 20eb20e6 20e920eb 20e820ea
1157300 20e720ee 20f220f0 20f620f7 20f420fb
1157320 20ef20f0 20fb20fa 20f120f2 20f520f4
1157340 20f620ef 20f520fb 20f320f9 20f820fd
1157360 21062102 20f720fc 20f920f8 20f520fb
1157400 20f320f3 20fb20f4 210a2100 20fe20ff
1157420 21052103 20fd2103 210b2105 20ff2102
1157440 21042106 2106210d 210d210b 2104210a
1157460 21082107 210e210e 21032107 21022107
1157500 210b2104 21072107 21102109 210c210a
1157520 2113210f 21132114 2115210d 21132118
1157540 210d210f 210b2110 210e210f 21192113
1157560 210f2112 210a210f 210e210b 21122117
1157600 21152116 21162117 21102118 211b2115
1157620 21112115 211d2111 21142116 21122114
1157640 2113211b 2117210b 21132109 21172120
1157660 21152117 21112124 211b2111 211c2115
1157700 211b211b 211e211e 211d211b 211f211a
1157720 211f2122 211c211d 21172117 2117211c
1157740 211a2119 21242118 211e211f 211d2120
1157760 21212123 2123211b 21242115 211c2121
1160000 211a2120 211b211e 21142117 21172113
1160020 21162117 2119211d 21152123 211d211c
1160040 21132114 210d2112 2109210b 210b210d
1160060 2113210c 21162116 21122113 21122113
1160100 210f2117 21152115 2116211a 21132112
1160120 210e210d 21122116 2116210d 21172118
1160140 21162115 211c2117 210d2111 210c210b
1160160 21162115 210c210d 21082105 210e210f
1160200 2113210f 21162114 210e2113 210f210f
1160220 210a210a 21052100 210b2106 21082106
1160240 2105210b 2109210a 210d2102 21122103
1160260 210e2110 2104210d 2107210a 210d2104
1160300 210e210c 210c210f 21032108 2108210e
1160320 21092109 21092102 21052107 21062107
1160340 21072107 21112109 21122105 210e2103
1160360 20fd2108 210a210c 21042102 210f210e
1160400 21062102 21082105 21002108 20fc2104
1160420 210220ff 210620ff 210e210f 210b2112
1160440 2109210a 20fe2101 21012102 21022101
1160460 21062105 21042103 21092107 21052107
1160500 210e2111 2107210a 21062105 b0104bec
1160520 00000f54 0001000a 00010000 03b14bef
1160540 00000ffc 0001000a 1400003c add01f00
1160560 add01f01 add01f02 add01f03 add01f04
1160600 add01f05 add01f06 add01f07 add01f08
1160620 add01f09 add01f0a add01f0b add01f0c
1160640 add01f0d add01f0e add01f0f add01f10
1160660 add01f11 add01f12 add01f13 add01f14
1160700 add01f15 add01f16 add01f17 add01f18
1160720 add01f19 add01f1a add01f1b add01f1c
1160740 add01f1d add01f1e ff000134 00000020
1160760 0000008d 3b30fa44 00000001 deadbeef
1161000 f000008d 3b30fa31 060b34cb 00000000
1161020 00000134 00001f48 a0114bed 220e2105
1161040 220e2206 220b2201 22052211 220b2212
1161060 220b2202 220a220a 22072201 22052204
1161100 22022208 220d2207 2209220c 22072203
1161120 22002207 220e2209 220a220c 22082207
1161140 220c2205 22042202 21ff2205 220d2209
1161160 22012200 22092202 2203220b 22032201
1161200 22052208 2202220a 220321fd 21fa2200
1161220 21fc2206 21fe21fc 220021f6 21ff21fd
1161240 21fc2202 220121ff 21fe21fb 22052201
1161260 21ff2202 21fa21fb 21fc21f9 21f621ff
1161300 21f921fa 21f821fb 21f921f7 21ee21ee
1161320 21f321f4 220621f9 21ff21fe 22082208
1161340 21fc2203 220621fc 22032207 21fc2201
1161360 220121fe 220021fc 22072209 21ff2207
1161400 21fc21fb 21fd21ff 21f421f9 220221fe
1161420 22002204 21fe21fb 21fb21fe 21f721fa
1161440 21fa21f7 21fe21fa 21fe21fe 21f721f5
1161460 21ff21f5 21f821f6 21fc21f8 21fc21fa
1161500 220121f9 220121ff 20ff21d9 1f1f1ffd
1161520 1e011e76 1d7c1db0 1d611d66 1d4e1d4c
1161540 1d441d45 1d3e1d40 1d3b1d3c 1d351d3c
1161560 1d3c1d33 1d391d30 1d421d4a 1d3a1d3d
1161600 1d3a1d43 1d331d34 1d2d1d30 1d331d38
1161620 1d3e1d37 1d331d3b 1d361d33 1d361d34
1161640 1d391d2d 1d381d36 1d3a1d40 1d441d43
1161660 1d431d43 1d3e1d40 1d3f1d3b 1d3c1d3a
1161700 1d401d42 1d431d47 1d4d1d46 1d451d47
1161720 1d451d43 1d441d44 1d431d40 1d461d44
1161740 1d471d4c 1d441d44 1d411d46 1d441d3f
1161760 1d561d48 1d511d4f 1d4a1d4b 1d491d4b
1162000 1d4c1d47 1d4d1d4b 1d521d4f 1d4d1d51
1162020 1d501d4d 1d521d55 1d571d4f 1d4f1d51
1162040 1d551d5a 1d5c1d5a 1d591d5f 1d551d55
1162060 1d521d4e 1d501d57 1d5e1d5e 1d561d5a
1162100 1d601d55 1d541d58 1d5d1d56 1d631d60
1162120 1d5b1d66 1d5e1d60 1d5f1d5c 1d671d5d
1162140 1d661d69 1d631d61 1d691d62 1d601d61
1162160 1d5f1d66 1d651d6a 1d6d1d65 1d641d6b
1162200 1d651d69 1d6a1d67 1d7d1d70 1d801d7c
1162220 1d7f1d7e 1d721d7a 1d701d76 1d6e1d6f
1162240 1d6d1d71 1d701d6b 1d761d77 1d751d77
1162260 1d711d70 1d771d77 1d7a1d7a 1d721d73
1162300 1d7b1d6e 1d791d7e 1d7c1d73 1d811d7c
1162320 1d861d83 1d7c1d82 1d741d7d 1d741d78
1162340 1d771d79 1d791d7c 1d841d83 1d7f1d81
1162360 1d811d85 1d891d81 1d8b1d86 1d861d87
1162400 1d881d83 1d911d8c 1d991d8a 1d951d91
1162420 1d961d95 1d961d9c 1d901d95 1d911d8d
1162440 1d8c1d94 1d8f1d92 1d901d95 1d951d8f
1162460 1d951d96 1d901d93 1d8f1d92 1d981d93
1162500 1d931d99 1d9b1d9a 1d9a1d97 1d8d1d94
1162520 1d981d96 1d961d92 1d8c1d8e 1d9a1d93
1162540 1d991d9a 1d9b1da3 1d9f1d94 1d981d95
1162560 1d9b1d92 1d9f1da2 1d9d1d9f 1d9f1d9f
1162600 1d981d90 1d991d97 1d9d1d9f 1da41d9e
1162620 1d9e1d9e 1dad1da9 1da61da5 1dab1da7
1162640 1da51da7 1daa1da6 1daa1da4 1da41dad
1162660 1da51da6 1dad1da6 1dac1dab 1db11db2
1162700 1dac1daa 1daf1dab 1db31db2 1db81db1
1162720 1db81db9 1daa1db2 1dbc1db8 1dba1dbb
1162740 1dbb1db9 1dbb1db9 1db51db7 1db71dbc
1162760 1dba1dbf 1dbf1dc2 1dc11dbd 1dc01dc0
1163000 1dc11dc2 1dc71dc5 1db81dbc 1dc71dc5
1163020 1db51dc1 1db91dbf 1db41db5 1dc01db9
1163040 1dca1dbe 1dbf1dc0 1dc61dc0 1dc61dc3
1163060 1dc51dc7 1dc91dc3 1dc01dc4 1dba1dca
1163100 1dc01dc2 1dcb1dcc 1dd31dd2 1dc71dcb
1163120 1dbf1dc5 1dc71dc9 1dc91dcb 1dcd1dd0
1163140 1dcc1dca 1dc71dce 1dc81dce 1dce1dcf
1163160 1dd71dcd 1dd71ddb 1dda1dd9 1dda1dde
1163200 1dd31dd6 1dd01dd2 1dd51dd3 1dc81dcc
1163220 1dd21dcf 1dd31dd3 1dd11dd4 1dd91dd5
1163240 1dd51dd7 1dda1ddc 1de01dd7 1dda1ddb
1163260 1dc61dd5 1dd61dcf 1dd31dd8 1dda1dd4
1163300 1ddc1dd8 1dd51ddc 1dd51dd5 1de11dd4
1163320 1de41de1 1de41ddc 1ddc1ddb 1dd91de2
1163340 1de01de0 1de21de7 1de31de0 1dd41dd4
1163360 1de41de2 1dde1de6 1ddf1de5 1dda1dda
1163400 1dd91dd6 1dd91dd4 1ddb1de0 1de11dd9
1163420 1de81de1 1dde1de3 1ddf1ddc 1de41de9
1163440 1ddf1de5 1ddf1dde 1ddc1de4 1dea1de7
1163460 1df11deb 1def1dee 1df41def 1de71dea
1163500 1de01ddf 1de91de7 1de71de6 1dec1dea
1163520 1dec1deb 1df21de5 1df11df3 1def1de4
1163540 1de61def 1de51ddd 1dea1ded 1df21df1
1163560 1df31df0 1df21dee 1df31df6 1df71df5
1163600 1df71dfe 1df51dfb 1dee1df2 1dee1de2
1163620 1def1dee 1df51df8 1df61df2 1dfd1df9
1163640 1df21df4 1df51df9 1df41df4 1df91df1
1163660 1dff1dfb 1df41df7 1dfb1df6 1e001dfe
1163700 1dfe1e03 1e031dfc 1e001e06 1dfe1e04
1163720 1e001e01 1e021dfa 1e071dfb 1dfe1e01
1163740 1e051e08 1e011e0a 1e0b1e07 1e041e05
1163760 1e091e02 1e0f1e10 1e0c1e12 1e111e08
1164000 1e081e0a 1e0f1e08 1e101e17 1e131e14
1164020 1e131e15 1e151e0c 1e131e0b 1e161e19
1164040 1e141e13 1e1a1e16 1e151e16 1e141e10
1164060 1e121e12 1e1e1e18 1e1a1e18 1e161e18
1164100 1e171e1a 1e181e17 1e1b1e1b 1e251e1c
1164120 1e1f1e1e 1e261e20 1e271e31 1e2c1e2c
1164140 1e211e21 1e2a1e25 1e241e22 1e291e27
1164160 1e391e2e 1e2d1e2f 1e2f1e30 1e2a1e31
1164200 1e2a1e25 1e251e2b 1e2f1e2d 1e391e2e
1164220 1e2d1e38 1e3e1e33 1e2b1e3c 1e331e3b
1164240 1e381e31 1e2b1e33 1e431e36 1e2d1e34
1164260 1e311e34 1e3d1e39 1e381e36 1e371e36
1164300 1e401e3c 1e421e3e 1e4d1e47 1e461e49
1164320 1e4b1e52 1e481e4d 1e491e4e 1e4a1e4a
1164340 1e4c1e47 1e461e49 1e4f1e51 1e541e48
1164360 1e4e1e53 1e521e4e 1e451e52 1e4d1e4c
1164400 1e4e1e48 1e561e4b 1e561e52 1e4e1e4e
1164420 1e5b1e54 1e5b1e52 1e571e59 1e561e5a
1164440 1e601e65 1e5b1e5f 1e5d1e60 1e621e57
1164460 1e631e60 1e6a1e66 1e601e66 1e631e63
1164500 1e5e1e5a 1e5b1e5d 1e5c1e58 1e601e60
1164520 1e6a1e64 1e6d1e6a 1e691e6a 1e681e66
1164540 1e671e6c 1e671e69 1e701e6c 1e6e1e6a
1164560 1e731e72 1e731e75 1e751e73 1e751e71
1164600 1e711e76 1e701e70 1e741e70 1e6f1e70
1164620 1e781e66 1e731e73 1e741e78 1e811e7d
1164640 1e841e79 1e831e79 1e791e81 1e761e75
1164660 1e711e6e 1e7c1e6c 1e861e77 1e801e82
1164700 1e7b1e7e 1e811e7c 1e811e7a 1e7c1e80
1164720 1e811e7e 1e831e81 1e851e81 1e891e86
1164740 1e851e88 1e831e7d 1e821e75 1e8b1e8e
1164760 1e8c1e84 1e901e94 1e871e83 1e831e7f
1165000 1e821e84 1e851e89 1e8f1e8d 1e901e8c
1165020 1e851e93 1e8a1e8b 1e951e8e 1e8d1e92
1165040 1e911e92 1e8d1e98 1e951e99 1e971e95
1165060 1e9d1e94 1e971e95 1e971e99 1e981e9d
1165100 1e951e8f 1e901e8f 1e941e8e 1e971e9a
1165120 1e941e96 1e911e93 1e8e1e91 1e941e8f
1165140 1e911e94 1e911e92 1e9f1e96 1e991ea2
1165160 1e991e95 1e9b1e99 1ea71ea1 1e9d1ea4
1165200 1ea11e9c 1e961ea5 1e9c1e9e 1ea41e99
1165220 1ea11e97 1ea31e9e 1e9a1e9f 1e9d1e9c
1165240 1ea41ea5 1ea61ea0 1ea71ea8 1ea61eaa
1165260 1ea31ea2 1e9d1ea4 1e9b1e97 1e9c1e96
1165300 1ea31e9c 1ea71ea3 1ea51ea5 1eaa1ea8
1165320 1ead1eab 1ea81ea9 1ea61ea4 1ea81ea3
1165340 1ea71e9f 1ea71ea4 1ea91ea9 1ea71eac
1165360 1eac1ea4 1eaa1ea8 1eb01eac 1eb41eb4
1165400 1eac1eb0 1eaa1eaf 1ea61ea5 1ea31ea6
1165420 1ea31ea9 1e9d1ea2 1e9c1ea4 1ea01e9b
1165440 1ea01e9d 1e9f1ea6 1ea31ea3 1e9b1ea4
1165460 1e991ea3 1eab1ea0 1e9d1ea4 1ea81e9b
1165500 1ea71eac 1ea91ea6 1eaa1ea6 1ea71eac
1165520 1eac1ea8 1eb01eb1 1ea81eac 1ea71eab
1165540 1ea21e9d 1e991e97 1e9a1e9a 1eab1ea7
1165560 1ea51ea7 1ead1eab 1eac1eaa 1eac1ead
1165600 1ea91ea6 1ea61ea8 1ea31ea9 1ea41ea6
1165620 1ea91eb2 1ea91ead 1e9c1ea2 1ea51ea0
1165640 1ea51ea6 1eab1eab 1ea51ea3 1e9b1ea3
1165660 1ea01e9e 1ea21ea1 1e9a1ea8 1ea81ea5
1165700 1eab1ea9 1eab1eaa 1ea61eb1 1eac1ea8
1165720 1ea81ea5 1ea41ea2 1ead1ea7 1eac1ea9
1165740 1ead1eb3 1ea51ea6 1eaf1ea4 1eaa1ead
1165760 1ea21eab 1ea11eac 1ea21ea3 1ea61ea6
1166000 1ea61ea9 1eae1ea2 1eb61eab 1eb71eb2
1166020 1eb11eb1 1eac1ead 1eb31eac 1eb51eba
1166040 1eae1eb6 1eb21eae 1eb01eb0 1ea51eaf
1166060 1eac1eb2 1eb11eaa 1ead1eaa 1eae1eb2
1166100 1eaf1eb4 1eae1eb2 1eb21eaf 1eb11eb1
1166120 1eb51eb1 1eb51eb5 1eb81ebc 1eb71eb7
1166140 1eba1eb1 1ebb1eb3 1eb71ebb 1ebd1ebb
1166160 1ebe1ebd 1eb61eba 1eba1eb4 1eb61eba
1166200 1ebd1ebd 1ebc1ec0 1ed51ec9 1ec81ecc
1166220 1ec51ece 1ecb1ecb 1eca1eca 1ecb1ed5
1166240 1ec01ec7 1ec51ec5 1ecb1ec7 1ec61ec5
1166260 1ec91ec2 1ece1ec5 1ec81ec9 1eca1ecf
1166300 1ed71ed3 1ece1ed0 1ed11ecd 1eda1ee0
1166320 1ed61ed7 1edd1edb 1edc1ed7 1edb1ed8
1166340 1edc1edb 1edd1ee2 1edf1edb 1eda1ed4
1166360 1ee31ee4 1ee41ee8 1ee51ee8 1edb1edb
1166400 1ee31ee0 1ee51ee0 1ee31ee1 1ee81ee7
1166420 1ee91eec 1edf1ee4 1eea1ee4 1eec1ef0
1166440 1eec1eee 1eeb1ef0 1ef01eef 1eea1ef4
1166460 1eed1ef6 1ef01ef4 1ef81ef9 1ef81efe
1166500 1efa1ef9 1ef91ef6 1f011ef6 1efb1f00
1166520 1ef81ef5 1ef61ef5 1efd1ef6 1ef91efc
1166540 1efe1ef9 1f001eff 1f061f05 1f001f0a
1166560 1f031f05 1f091f00 1f091f00 1f121f0c
1166600 1f0b1f0d 1f141f14 1f0f1f0a 1f0a1f0a
1166620 1f091f06 1f071f08 1f121f10 1f141f0d
1166640 1f161f13 1f171f15 1f141f13 1f181f17
1166660 1f1b1f19 1f1c1f19 1f221f1c 1f201f1f
1166700 1f1d1f22 1f201f1b 1f1a1f15 1f281f20
1166720 1f1f1f20 1f281f29 1f241f29 1f261f27
1166740 1f271f23 1f201f1d 1f211f25 1f221f17
1166760 1f2d1f29 1f321f2b 1f2c1f32 1f2e1f34
1167000 1f2d1f2a 1f2c1f2b 1f301f2c 1f331f30
1167020 1f361f39 1f361f37 1f371f38 1f341f33
1167040 1f341f36 1f321f34 1f2e1f31 1f391f33
1167060 1f331f34 1f2f1f29 1f301f2a 1f3c1f39
1167100 1f3b1f3d 1f3f1f3e 1f421f3e 1f3e1f42
1167120 1f411f3f 1f421f38 1f401f41 1f471f42
1167140 1f421f49 1f391f46 1f3e1f3c 1f491f3f
1167160 1f401f49 1f421f42 1f3f1f47 1f471f42
1167200 1f461f4b 1f481f4d 1f4b1f4c 1f541f4c
1167220 1f4d1f4e 1f4c1f4d 1f471f55 1f461f4d
1167240 1f491f4c 1f481f45 1f471f49 1f4d1f4d
1167260 1f4a1f4f 1f471f43 1f4a1f4a 1f451f4a
1167300 1f491f50 1f4c1f4d 1f4a1f4a 1f531f47
1167320 1f541f51 1f581f5a 1f5c1f56 1f5e1f60
1167340 1f5b1f5f 1f551f60 1f4f1f51 1f551f55
1167360 1f4f1f51 1f571f54 1f5b1f52 1f5b1f55
1167400 1f571f56 1f5a1f55 1f591f55 1f5a1f5a
1167420 1f611f58 1f591f56 1f651f63 1f5a1f5a
1167440 1f541f5b 1f551f56 1f551f57 1f5a1f56
1167460 1f5f1f58 1f531f61 1f5b1f5d 1f571f54
1167500 1f5e1f60 1f581f5a 1f5c1f60 1f571f5f
1167520 1f5c1f5c 1f621f5c 1f5c1f5e 1f5c1f61
1167540 1f5b1f5b 1f5f1f5d 1f551f56 1f5c1f5a
1167560 1f571f58 1f551f5b 1f521f57 1f581f56
1167600 1f5b1f5a 1f5c1f5d 1f561f5d 1f5c1f55
1167620 1f581f57 1f571f57 1f5a1f5d 1f541f57
1167640 1f5b1f57 1f611f5c 1f5d1f60 1f5d1f5d
1167660 1f551f60 1f4e1f5e 1f531f4c 1f591f4e
1167700 1f571f51 1f501f55 1f4d1f51 1f461f49
1167720 1f491f4b 1f521f54 1f531f4d 1f521f5c
1167740 1f5a1f50 1f4e1f4e 1f571f59 1f541f53
1167760 1f4f1f51 1f4f1f4d 1f551f47 1f511f54
1170000 1f4c1f4e 1f491f4d 1f551f4d 1f5a1f51
1170020 1f481f4e 1f491f51 1f521f50 1f4f1f4d
1170040 1f4d1f4a 1f411f48 1f411f48 1f481f49
1170060 1f4a1f47 1f451f49 1f4e1f47 1f521f4f
1170100 1f4e1f51 1f501f4c 1f4d1f4c 1f4d1f4c
1170120 1f451f4b 1f4e1f47 1f481f4d 1f541f43
1170140 1f401f45 1f501f47 1f451f49 1f411f44
1170160 1f421f41 1f481f44 1f411f4c 1f491f41
1170200 1f471f46 1f4b1f4d 1f481f4b 1f471f47
1170220 1f401f46 1f491f3c 1f4b1f4b 1f471f4c
1170240 1f531f51 1f4b1f54 1f4b1f4c 1f471f4b
1170260 1f4e1f49 1f4a1f4d 1f471f51 1f4f1f4c
1170300 1f531f4e 1f551f58 1f4f1f53 1f581f52
1170320 1f521f52 1f541f54 1f571f5a 1f511f50
1170340 1f521f58 1f5f1f55 1f531f5d 1f511f58
1170360 1f511f55 1f561f52 1f541f54 1f5e1f57
1170400 1f4d1f55 1f571f5b 1f531f54 1f591f59
1170420 1f521f53 1f521f50 1f501f5d 1f5c1f58
1170440 1f611f58 1f5b1f53 1f591f59 1f5b1f62
1170460 1f631f60 1f671f64 1f651f60 1f621f64
1170500 1f601f5f 1f631f65 1f651f65 1f671f64
1170520 1f651f6c 1f651f6c 1f661f6a 1f691f66
1170540 1f721f67 1f701f6f 1f6f1f6d 1f701f6b
1170560 1f701f6b 1f721f6e 1f6f1f74 1f771f79
1170600 1f761f77 1f781f77 1f841f81 1f7b1f7e
1170620 1f7a1f7d 1f751f76 1f771f74 1f701f71
1170640 1f791f7b 1f831f74 1f7d1f83 1f851f7d
1170660 1f7e1f85 1f821f84 1f801f82 1f8a1f85
1170700 1f911f87 1f8a1f8a 1f861f88 1f821f86
1170720 1f8b1f86 1f951f8e 1f911f91 1f8a1f92
1170740 1f901f93 1f8b1f92 1f931f8c 1f901f8c
1170760 1f921f92 1f981f9b 1f9f1fa0 1f9e1f99
1171000 1fa91f9c 1fa31fa4 1f9e1fa5 1fa01fa3
1171020 1f9f1fa0 1fa01f9e 1f9d1fa3 1f9d1f9d
1171040 1fab1fa6 1fa71fa8 1fae1fb2 1fa81faf
1171060 1fa51fa3 1fa81fa6 1fac1fa5 1fa61faa
1171100 1fa61fa6 1fa31fad 1fa71fac 1fb51fa2
1171120 1fb21fad 1fb61fa6 1faf1fb5 1fb61fb6
1171140 1fb61fae 1fc11fb4 1fc21fc0 1fba1fbd
1171160 1fc81fc1 1fc31fc1 1fc51fba 1fc11fbe
1171200 1fc11fc6 1fc11fc4 1fc61fc7 1fc41fc8
1171220 1fbc1fbe 1fc21fc1 1fca1fcd 1fc71fc6
1171240 1fc31fc4 1fcf1fc8 1fcf1fd0 1fcc1fc9
1171260 1fca1fc9 1fcc1fcd 1fce1fd0 1fd51fce
1171300 1fd11fd4 1fd21fd2 1fd41fcf 1fd41fd5
1171320 1fd91fda 1fda1fe2 1fd91fd4 1fd61fd8
1171340 1fd21fd7 1fd81fd4 1fdf1fd5 1fde1fd8
1171360 1fe71fe9 1fde1fd8 1fe11fe5 1fdc1fdd
1171400 1fdf1fdf 1fe11fde 1fe51fe2 1fed1fee
1171420 1fec1fee 1fee1fe5 1fe41fe6 1fe51fe2
1171440 1fec1fef 1ff11fed 1ff01fee 1fed1fe9
1171460 1ff11fed 1feb1ffc 1fe61fe9 1fea1feb
1171500 1fec1fed 1ff21fef 1fed1ff5 1ff21ff2
1171520 1ff61fef 1ff01ff3 1ff61ff0 1ff51ff2
1171540 1ff81ff3 1ffb1fff 1ffd1ff9 1ffa2004
1171560 1ff71ffd 1ffb1ffa 20001ffb 1ff81ffa
1171600 1ffa1ffc 1ffb1ff6 20012002 20021ffc
1171620 20021ffb 1ff51ffa 1ffb1ffe 1ff42000
1171640 1fff1ff7 1ffd1ff8 1fff1fff 1ffe2000
1171660 20012002 20082004 1fff1ffd 20022004
1171700 1ffb2004 20052006 1ffd1ffe 1fff1ffc
1171720 20082000 20042009 20012003 1ffd1ffd
1171740 20012002 1ffb2000 1ff91ffa 1ff81ffd
1171760 1ffe1fff 1ffd1ff6 1ffc1ff7 1ff71ffc
1172000 1ff61ff6 1ffc1ff1 1ffa1ff8 1ffd1ffd
1172020 1ff91fff 1ffe1ffe 1ffa1ffd 1ffa1ff9
1172040 1ff92000 1ff91ffe 1ff61ff4 1ff91ffa
1172060 1ffa1ffd 1ff51ffa 1ffa1ff5 1ff01ffe
1172100 1ff11fec 1ff71ff6 1ff91ff6 1ff11ff1
1172120 1ff21ff8 1ffb1ff3 1ff01ff4 1ff61ff4
1172140 1ff31ff2 1ff41ff4 1fea1fee 1ff71ff5
1172160 1ff41ff7 1ffb1ff7 1ff11ff8 1ff31ff6
1172200 1ff91ff8 1ff21fee 1fee1ff3 1fed1ff2
1172220 1fef1fed 1ff31ff1 1ff21ff8 1ff31ff5
1172240 1fee1ff5 1fe61feb 1fec1fe4 1fe51fe7
1172260 1fdd1fe1 1fe81fe5 1fe81fea 1fe11fe4
1172300 1fe91fe0 1fe71fe4 1fea1fea 1fe71fe8
1172320 1fe51fe1 1fdb1fdd 1fd81fd8 1fe21fd8
1172340 1fdd1fda 1fe61fea 1fe21fe3 1fea1fe6
1172360 1fe61fe4 1fe61fe3 1fe61fdc 1fe01fe0
1172400 1fd91fe4 1fe51fe7 1fe41fdf 1fd61fdd
1172420 1fd91fe1 1fe21fe7 1fe01fe3 1fe01fdd
1172440 1fde1fdb 1fe11fe4 1fde1fe3 1fe61fe4
1172460 1fe71fde 1fe31fdf 1fe71fda 1fe41fe3
1172500 1fe81fec 1fe01fe1 1fe01fda 1fe41fde
1172520 1fec1fe1 1fde1fdc 1fde1fda 1fdf1fe1
1172540 1fe51fe3 1fe71fe7 1fe71fe6 1fdf1fe2
1172560 1fe51fe3 1fe31fe4 1fde1fe8 1fe31fe7
1172600 1fdc1fda 1fed1fd7 1fde1fea 1fe51fdf
1172620 1fe11fe5 1fe11fde 1fe11fd6 1fd91fdb
1172640 1fe41fe3 1fdf1fe5 1fe31fe4 1fea1fe6
1172660 1fea1fe6 1fdc1fe1 1fe41fe0 1fdd1fe0
1172700 1fed1fee 1fe41fe8 1fe91fe8 1ff11ff3
1172720 1fec1fed 1ff61fef 1fed1fed 1fe41ff1
1172740 1fe41fe8 1fec1fea 1ff11fec 1ff01fef
1172760 1fef1fee 1ff41ff0 1ff11ff8 1ffb1ff2
1173000 1ff61ff6 1ff31ff2 1ff21ff0 1ffa1ff6
1173020 1ff91ff5 1ff21ff4 1ff31ff7 1ff61ff9
1173040 1ffa1ffb 1ff91ffe 20022005 1fff2007
1173060 20141ffe 20042006 20032005 20082007
1173100 20032003 20092007 20011ff6 20062002
1173120 200c200b 2008200c 200a200e 2012200c
1173140 2017200a 200e2014 200e2015 2014201a
1173160 20102012 20142016 201f2018 201a201a
1173200 201c201a 2015201b 2012200f 200c200c
1173220 200c200f 201a2013 201d201b 201d201d
1173240 201d2019 201b201f 201f2019 20202024
1173260 20242020 20242021 2023201e 2024201b
1173300 202a201c 202a202b 202e202c 20262028
1173320 202f2022 202a202e 203a202a 203a203d
1173340 20302038 20342031 202e202f 203d202f
1173360 20332037 20382037 20352031 20362035
1173400 20392032 20382040 203c2033 2041203f
1173420 2046203e 20412043 203d2044 203f203a
1173440 20492043 20432045 20432040 20422046
1173460 20452042 2049204a 2044204d 20462047
1173500 204a2046 204e204d 205c2053 2052204e
1173520 205d2057 205c205e 20562057 204e2053
1173540 20532054 205f2056 2057205c 20522057
1173560 205d205d 205c2067 205a2051 20502057
1173600 2056205b 2063205f 205e2066 2064205e
1173620 20662064 2064206b 2065206a 20682065
1173640 20662068 205f2062 20692062 206f206a
1173660 2072206a 206c2069 2070206d 206e207b
1173700 206e206f 2064206b 2071206b 2071206f
1173720 20762074 2079207b 207b207a 207a2075
1173740 207d2078 20732078 20762071 20792075
1173760 20792074 2076207c 20742071 2076207a
1174000 20772078 20762070 20752071 207f207f
1174020 207c207a 20812075 2079206d 207e2084
1174040 20762073 20802081 207f2080 2081207d
1174060 207b2085 2080207a 207f2082 20852086
1174100 2088207c 2086208c 20892090 208c2088
1174120 208f208b 20812089 20812080 20832085
1174140 207f2085 20812083 20832087 2089208a
1174160 208f208b 208f2087 208a2087 208a208c
1174200 20882088 2090208f 208b2092 20842089
1174220 20892080 207c2080 207c207e 2081208a
1174240 20802084 20882082 2088208c 208a2087
1174260 20872086 2087207b 208b208d 208b2087
1174300 20872090 20902087 20812085 20842088
1174320 2085207f 20862083 207b2090 207d207a
1174340 207d207a 2076207d 20782073 2077207f
1174360 20872080 20842082 20842086 207b2087
1174400 207b207d 207f2081 207f207e 207d207b
1174420 20732071 20712074 20772076 2082207a
1174440 207e207c 2080207e 207b207f 207c2075
1174460 207a2071 2077207b 2074207f 207b2077
1174500 207a2079 20792077 20772076 20762079
1174520 2075207a 20772072 207a2078 206d2079
1174540 206a207d 2079206d 20752078 20842077
1174560 206d2074 2069206b 20712071 206e2068
1174600 206e206a 206b2067 20742072 206e2072
1174620 206e2067 20742070 206f206d 207b2073
1174640 206f2074 2067206b 206f2070 20732068
1174660 20672070 206a2068 206d2070 20722067
1174700 206f206b 20722072 206b2072 206a206a
1174720 206f2068 206a206e 20652069 2061206c
1174740 20672067 2069206c 206a206a 206f206e
1174760 206f206b 206e2068 206f206e 2067206c
1175000 205c2064 20632063 20752071 20692066
1175020 206b2073 205c2066 205f2063 206b206b
1175040 20732066 2072206c 2069206b 206a206e
1175060 20712067 2070206f 206d2066 205f206e
1175100 2070206e 206a206d 206f206d 206e2072
1175120 206d206d 206f2075 206f206e 2073206d
1175140 20682070 206b206d 20702072 206a2070
1175160 20732075 20742072 20742077 20762072
1175200 206f206f 20782071 207c2079 20742078
1175220 2070206c 206e2073 2072206d 20732071
1175240 207c2079 207f2077 207b2081 2073207f
1175260 207e2073 20792085 2082207e 207b2079
1175300 20792075 207f2079 207b207b 207a2079
1175320 20772071 207e207a 2086207f 2088208c
1175340 20802088 207a2081 2084207e 20812081
1175360 20782080 2084207f 2083207e 20842081
1175400 2081207f 2086207f 20862083 208a2085
1175420 20882083 20822084 20842085 208d2087
1175440 2091208c 209c2097 209a2094 20932098
1175460 209a2091 20982090 2092208b 20952090
1175500 2091209e 2097209b 20912096 2092208f
1175520 20892092 20902093 20952098 20982095
1175540 209e209c 209e209f 2098209e 20942096
1175560 2098209f 209a2096 20a02099 20a220a5
1175600 2098209c 209920a1 209c2098 209e209f
1175620 209a20a0 20a120a4 20a120a7 20a5209d
1175640 209f20a6 209e20a3 209d209d 20a620a6
1175660 20ac20a9 20aa20a9 20a920a9 20b120ae
1175700 20ab20ac 20a920aa 20a620a6 20a720aa
1175720 20aa20a9 20b120ab 20a920a8 20a920af
1175740 20ae20ab 20b220b1 20b020b1 20b320a7
1175760 20af20ac 20b420ab 20b920c0 20b220af
1176000 20b420bd 20b620b4 20b520be 20b120ba
1176020 20b320b3 20b620b1 20bb20be 20b320bd
1176040 20b720b6 20bd20be 20bb20b9 20b820bf
1176060 20c020bc 20cc20c2 20c420c3 20c420bf
1176100 20bd20c4 20bb20be 20c420c4 20bf20c4
1176120 20c020be 20bd20c0 20c120bd 20c720bf
1176140 20bd20c2 20c920c0 20cd20c9 20d420ce
1176160 20ca20d0 20d420cb 20cc20ce 20d020cf
1176200 20cc20cb 20d020d3 20d020d3 20d520d9
1176220 20d020d4 20d620d3 20d420d4 20d020d0
1176240 20da20d5 20d720d4 20d620db 20cd20d5
1176260 20cf20ce 20cf20d0 20d020d4 20d420d5
1176300 20d720d9 20d620dc 20de20da 20d420cf
1176320 20d520d0 20dd20db 20df20dc 20dd20da
1176340 20d220da 20db20df 20e220dd 20d920dc
1176360 20d620d8 20d020db 20d120d7 20d320d1
1176400 20df20d7 20dc20de 20d220db 20da20da
1176420 20d620d9 20e120db 20e220e0 20dd20e0
1176440 20d920da 20dc20e0 20d820db 20e220d5
1176460 20d920e0 20e120de 20de20dd 20d720d5
1176500 20d820ce 20db20db 20ce20d2 20db20dc
1176520 20d620d8 20d020cc 20d120d6 20d720cf
1176540 20e220d9 20e420dd 20db20e3 20da20d5
1176560 20d720d9 20d220db 20d220d5 20d620d3
1176600 20d720d9 20d920dc 20d820dd 20cf20cf
1176620 20de20d0 20d920da 20dc20db 20d420dd
1176640 20d020ce 20d020cf 20d120d2 20cc20cf
1176660 20d120d1 20c920c7 20d520cb 20d020cf
1176700 20c620cb 20c920cb 20cb20d1 20d820d6
1176720 20d420d9 20d520d4 20d020d4 20cd20ce
1176740 20df20d2 20da20d8 20c620d3 20d520cd
1176760 20cf20d5 20d120cf 20cd20cf 20c720cf
1177000 20d020cf 20d020d7 20d220d0 20d120cf
1177020 20d020d5 20d120ce 20d220db 20d520d4
1177040 20d120d4 20d420d1 20cf20d2 20cf20c2
1177060 20d820d7 20d020d8 20d020d4 20d420dc
1177100 20d620d6 20d620d5 20cf20d4 20c020cb
1177120 20c020c0 20cd20c2 20cd20cd 20d220d8
1177140 20d020d3 20cc20d3 20ce20cf 20ca20c3
1177160 20cf20cf 20cf20d0 20d120ce 20d220d1
1177200 20da20d7 20d720d8 20c620d1 20da20cd
1177220 20d320db 20d720ce 20c720d3 20cb20d0
1177240 20ca20cd 20d220d1 20d920d6 20cd20d4
1177260 20d220ce 20de20dc 20d320d9 20db20d5
1177300 20e220e5 20d920e0 20dc20da 20d520df
1177320 20d920df 20d320da 20d820d8 20d920d5
1177340 20de20db 20d920d8 20da20d9 20d720da
1177360 20e520e1 20d720dc 20d720d3 20d820da
1177400 20dc20d9 20e020e2 20de20dc 20e320d9
1177420 20e020db 20e220dd 20e520e8 20eb20e5
1177440 20ea20e8 20e620e7 20e220e4 20e920f3
1177460 20ee20ef 20e620e1 20ee20e6 20e920e8
1177500 20ea20f3 20ea20e7 20e820e8 20e920e5
1177520 20ea20e8 20f120f2 20ee20ec 20f320ef
1177540 20e920ec 20f720f2 20f320f6 20f320ee
1177560 20ef20eb 20ea20eb 20f420f7 20f420f0
1177600 20f420f8 20f620ef 20f120ec 20e920ea
1177620 20eb20ed 20f420eb 20f220f1 20ed20f3
1177640 20ea20ef 20ee20f5 20ee20ed 20ee20ee
1177660 20f420ec 20f020f5 20fa20f8 20f920f8
1177700 20ff20fd 20fc20fd 20f520f7 20ff20f8
1177720 20fd20fe 20fe20fb 210620ff 20f12103
1177740 210220f8 21002105 210320fe 210120fc
1177760 20f820f8 20f720f9 20fa20f3 210520fd
1200000 00003fe8 0001000a 01003fe8 000afe40
1200020 00000004 00000000 63e50c6f 0000006e
1200040 00000001 00001004 00003fe8 00000000
1200060 00001004 0001000a 00010000 03b16017
1200100 00000ffc 0001000a 1400003c add01f00
1200120 add01f01 add01f02 add01f03 add01f04
1200140 add01f05 add01f06 add01f07 add01f08
1200160 add01f09 add01f0a add01f0b add01f0c
1200200 add01f0d add01f0e add01f0f add01f10
1200220 add01f11 add01f12 add01f13 add01f14
1200240 add01f15 add01f16 add01f17 add01f18
1200260 add01f19 add01f1a add01f1b add01f1c
1200300 add01f1d add01f1e ff000134 00000020
1200320 00000002 b0fa3a7a 00000001 deadbeef
1200340 f0000002 b0fa3a66 1904a7cf 00000000
1200360 00000134 00001f48 a0100494 21d52116
1200400 21e321e2 21e621e3 21e321e2 21df21db
1200420 21eb21e5 21db21e1 21de21e3 21ef21ef
1200440 21e121e6 21f621f0 21e321e6 21e421e8
1200460 21e621e9 21ec21e7 21f121f0 21ed21ed
1200500 21f221f3 21ed21f2 21f721f3 21f421f1
1200520 21ec21ea 21f021ed 220121fc 21f921fe
1200540 21fb21fe 21f521fe 21f521f3 21f921f6
1200560 21f921f9 21fd21fc 21fd21ff 21fa21fc
1200600 21f721fb 21f521fc 220321ff 22092209
1200620 22092209 22012202 22052201 22092206
1200640 220e2206 220a2212 22122212 2214220f
1200660 22182214 22142211 221c2216 220f2217
1200700 220e2219 22112213 220d220e 2210220a
1200720 22122211 22162212 22172218 2218220f
1200740 2209220f 220f220f 22102214 22142212
1200760 22192217 221c221c 2219221f 22162216
1201000 22152213 22152211 221c2219 221f221f
1201020 22162219 22172215 221c2218 221d221d
1201040 221f221d 221e2219 21d2220f 2111216b
1201060 209120c4 205a206f 204b204e 203a2042
1201100 20482042 203a2044 203e203a 203a203f
1201120 20422039 2043203d 20452044 204a2049
1201140 2048204b 20382040 203d2038 202d2037
1201160 2038202c 203b203c 203e2041 20452040
1201200 203e203f 20462044 204b2042 20472043
1201220 2037203d 20392039 20462046 203e2041
1201240 203c203d 2039203a 203c2037 20402040
1201260 203b203f 2040203b 203c2040 2039203d
1201300 2038203d 203b2036 203f203d 20372039
1201320 203c203c 2040203d 203e2041 2038203a
1201340 203a203a 2035203b 2037203d 2037203a
1201360 20382035 20312035 203b2034 2036203a
1201400 2032203b 203c2038 203d203b 203b2041
1201420 2036203d 203d203f 2042203a 20382038
1201440 20372037 2038203b 203d203a 2041203b
1201460 203d203a 202f2031 20332035 20352037
1201500 20372038 202e2035 20322031 20312038
1201520 202f2037 20342031 2029202d 20272028
1201540 20282031 202e2029 20272024 20252029
1201560 20242025 202d202d 202d2029 201e2024
1201600 20232021 2020201f 20262020 20252029
1201620 20252023 2029201c 20222022 201c201d
1201640 201c201d 2020201c 201c201f 2015201c
1201660 20112014 20162010 200f200e 20152016
1201700 200e201a 20152011 20102015 200e200a
1201720 200d200c 20132012 200d200a 20092010
1201740 200e200e 200f200c 20122010 200d200f
1201760 200f200b 200a200b 2012200c 200d200e
1202000 200a2011 200e2007 200c200a 20112015
1202020 200b2015 200e200d 2002200a 20061fff
1202040 1ffe2007 1ffd2003 20011ff8 1ffb1ffb
1202060 1ff81ff9 1ff31ff9 1fed1fef 1ff51ff3
1202100 1ff61ff6 1ff81ff6 1ff71ff9 1ff81ff9
1202120 1ffb1ffe 1ff81ffa 1ff61ffa 1ffb1ffb
1202140 1ff21ff5 1ff61ff3 1ffe1ff9 20031fff
1202160 20051ffb 1ff61ffc 1ffb1ff7 1ffa1ff7
1202200 1ffb1ffa 1ff61ff6 1ff21ff7 1ff81ffc
1202220 1ff21fee 1fef1fef 1ff41fec 1ff51ff4
1202240 1ff61ff9 1ff91ff9 20021ff5 1ffb1fff
1202260 1ff61ff9 20012003 1ffe2003 1ffe1ffc
1202300 1ffd1ffd 1ffb1ffd 1ff61ffd 1ffc1ffa
1202320 20021ffb 1ff72002 1ff51fff 1ff81ff0
1202340 1ff41ff5 1ffe1ff1 1ff81ffb 1ff91ff7
1202360 20002000 20002002 1ffd2009 1ffd1ff6
1202400 20012004 20061fff 200c2006 20082007
1202420 20082003 20012006 20042000 200a2009
1202440 200d200d 20072009 20022006 200f200a
1202460 200a2009 2009200f 200c200d 200f200e
1202500 2012200e 2010200e 2010200f 20122011
1202520 2011200e 20122013 2016200c 201d2015
1202540 201a201a 201c201b 20222020 2023201d
1202560 2020201d 201f2027 20222021 20262025
1202600 201f2022 2025201f 2023201e 2025201e
1202620 202a2029 202c2025 20272024 201e2021
1202640 202e202d 2029202f 2034202e 20322029
1202660 20352039 2038203b 20302037 2037202e
1202700 20342035 2036203a 2034203a 2037203b
1202720 203f203b 2037203c 2042203a 20362040
1202740 203d2040 20482044 20442042 2040203f
1202760 20432045 204c2049 2044204a 20462047
1203000 20422042 204a2043 20472044 2042204b
1203020 20472048 20432048 2048203e 204b204b
1203040 20532050 205a204d 20572055 20522057
1203060 2059205c 205d205e 2057205b 205b2050
1203100 205c205e 2056205e 205d2052 205f2060
1203120 20622063 20602066 206a2060 2066206b
1203140 2066206a 20642064 20602064 20652063
1203160 20642067 206f206a 2062206a 20682064
1203200 2069206c 20662061 206e206a 20602063
1203220 20642068 205f2067 20632066 20652060
1203240 206b206a 2076206f 207b207b 20792074
1203260 207c2079 2079207b 2076207a 2079207b
1203300 2073207a 20762071 207e2079 20722079
1203320 207b207c 2084207e 207d2078 207c207c
1203340 207c2084 2076207e 2084207a 20882082
1203360 20852086 20822087 20842086 20842083
1203400 208a2087 2087208c 20892093 2084208c
1203420 20892084 208b2087 20862089 208b2083
1203440 20842084 20802083 20802083 2076207c
1203460 20862086 2089208a 208e2087 2097208c
1203500 20892089 20812086 20842089 208c2087
1203520 208c208b 208d2093 2086208d 208b2088
1203540 208c2090 208d208e 208f208d 208c2087
1203560 208f208a 208a2088 208c2085 20922092
1203600 208d2097 208f2094 2097208d 20a02090
1203620 208a208f 208a208f 2087208b 2091208f
1203640 20982094 208b2092 20912096 20892090
1203660 208b2090 2091208a 208e2093 208c208b
1203700 208e2091 2093208d 2091208e 208f208e
1203720 2087208c 20872088 20862089 208b2086
1203740 20862083 207d2087 20862084 2081207e
1203760 20872081 2084208a 208c2083 20862086
1204000 2083207f 2082207e 20822085 20872087
1204020 20832085 20852088 2083207c 207f2083
1204040 2078207e 207e2083 2075207e 207a207a
1204060 20742074 20732071 20722077 206e2070
1204100 20732069 2069206e 206e206f 20672069
1204120 20712067 20762074 206f2071 20712073
1204140 206e2073 206e2076 20712071 2072206f
1204160 20672069 20722076 2071206f 2074206f
1204200 206a206c 2070206d 2072206c 205e205f
1204220 20652058 20652061 20682064 2068206b
1204240 20632066 20642064 205d2066 205c205f
1204260 205b2058 2066205d 20652060 205f2066
1204300 205d2064 205e2059 2059205b 20602055
1204320 20592062 205d2057 205c2058 205e2064
1204340 20572055 20562058 2061205f 205f205f
1204360 205d2060 205e2059 205b205b 205a205c
1204400 205a205d 20542057 205a205a 20552059
1204420 20582060 2059205b 20572056 20522056
1204440 205f2056 20562050 2059205d 20592058
1204460 2061205f 205c205f 205d205e 205f2065
1204500 205d2058 205a2056 2059204d 2060205d
1204520 2064205e 2060205c 2061205f 20632065
1204540 205a2058 205e2053 205c205a 2060205b
1204560 205f2062 205d205e 2059205d 205d2060
1204600 205f205c 2060205f 205b2060 205a2062
1204620 2064205e 2067205e 2063205e 205d2060
1204640 2059205d 205f2063 2061205a 205f205d
1204660 205e2063 20622064 206e206a 206d206f
1204700 206b2066 205f2068 20652066 2065206a
1204720 2064205e 20672067 20662068 20682065
1204740 2067206a 20672064 206d206d 206a206a
1204760 20752071 20742072 20722073 2071206e
1205000 20742070 20712071 20742073 206c2064
1205020 206f206e 20752078 20712074 20752073
1205040 207d207b 206c206c 20762074 20712070
1205060 2077207f 20782077 207d2079 207b2077
1205100 207b207c 207d2078 207f207a 2081207c
1205120 207e2081 207f207c 20872083 20902086
1205140 2081208a 207d207a 2083207f 20892085
1205160 20902080 2089208e 208a2089 20872090
1205200 2088208a 20912087 208d2092 208f208b
1205220 208f208b 2097208e 20972092 20902093
1205240 208b208e 20912094 20932091 209c2090
1205260 20942093 2095208f 20982096 2097209a
1205300 209a209b 20962098 20a320a1 2097209c
1205320 20a3209d 209b209f 209f20a3 209b20a2
1205340 20a220a5 209a209e 209a208f 209f209f
1205360 209b209f 20a120a9 20a3209c 20a5209e
1205400 20a720a4 20a420ab 20ad20ac 20a720a9
1205420 20b320a5 20a820aa 20a820a7 20a420ac
1205440 20a820a7 20b520a9 20ad20af 20ad20ac
1205460 20b120b8 20af20ac 20b120b0 20a820b1
1205500 20ad20a5 20b020af 20ac20ab 20b320aa
1205520 20b320ad 20b220b6 20b420bb 20b120b1
1205540 20b420af 20b620b5 20ac20af 20bb20af
1205560 20ac20bf 20b720b7 20b920c3 20b720b9
1205600 20b720bb 20ba20b7 20bb20bb 20b620bc
1205620 20bb20ba 20bd20b9 20c120bc 20bf20b6
1205640 20c020c1 20c320c3 20c120be 20ca20c2
1205660 20c520c3 20c920ca 20c920cb 20c820ce
1205700 20c020c4 20c020bc 20c120be 20be20c8
1205720 20cb20c5 20cd20ce 20d220d3 20c220c1
1205740 20c820c8 20c020c6 20c420c3 20c320b9
1205760 20c320c5 20bb20bf 20c120bc 20c120c6
1206000 20c320c2 20c820c0 20c620c4 20cb20cc
1206020 20cb20c3 20d220c9 20d120d1 20c520d3
1206040 20cc20d6 20c520ce 20c120bd 20c320be
1206060 20c520cd 20c020c5 20c420bf 20ca20cb
1206100 20c820cb 20c420c6 20ca20c5 20cb20ca
1206120 20c920c7 20bd20c0 20bf20c4 20bc20bf
1206140 20bd20bc 20bf20ba 20c620c2 20be20bc
1206160 20c220bf 20c420c7 20ca20c5 20c320c6
1206200 20c320c3 20c120c7 20c720c5 20c720be
1206220 20c320bf 20bd20c5 20ba20bd 20be20bd
1206240 20b620bc 20af20b7 20ae20b1 20ab20ae
1206260 20b220b2 20b220b6 20be20b4 20bb20c4
1206300 20c320c2 20bc20c3 20b520bc 20b520bb
1206320 20b220ba 20b220b5 20b020b4 20b420b1
1206340 20b320b1 20b520b0 20ba20b8 20bb20b6
1206360 20b620b4 20b520bb 20b220b3 20b020b7
1206400 20a820a8 20ae20a4 20ab20a9 20a620aa
1206420 20ad20a4 20aa20ad 20a920a8 20a820a9
1206440 20b120b1 20ac20b1 20a620aa 20a120a4
1206460 20a520a1 20a520a1 20ae20b1 20a520a9
1206500 20a520a6 20a220a0 20aa20a2 20ab20b1
1206520 20ad20a6 20a720a7 20a720a2 209c20a9
1206540 20ae20ad 20a720a3 20ab20a2 20a520a7
1206560 20a320a2 20a620ac 20a920a7 20ae20af
1206600 20b320a6 20a820a1 20a520a6 20a720a7
1206620 20a520a6 20a420a8 20a820aa 20a920b1
1206640 20a820a6 20a920a8 20a220a6 209f20ab
1206660 20a320a9 20ab20a7 20ae20aa 20af20ad
1206700 20ad20ae 20ad20aa 20a620ae 20aa20a5
1206720 20b020a9 20a720ae 20a920a9 20af20ac
1206740 20ae20ad 20ab20af 20aa20ab 20ab20af
1206760 20a320aa 20a620a0 20af20ae 20b420b0
1207000 20b620ab 20b020b0 20b120b0 20ad20af
1207020 20aa20b0 20ad20ab 20a820b0 20b120aa
1207040 20ae20b6 20b520bc 20b220b6 20b620ae
1207060 20c120b9 20b920bc 20ba20b7 20b520b7
1207100 20b720b5 20b920ba 20b820b9 20b820b7
1207120 20c320bf 20c020c4 20c520c2 20bf20c6
1207140 20c420c5 20c620c9 20be20bf 20c020b7
1207160 20c220c4 20c020c1 20bc20c4 20c320c3
1207200 20c420c1 20c720c0 20bf20c7 20c320c6
1207220 20c920c3 20c620c2 20c320ca 20c520c6
1207240 20cb20c5 20ca20c7 20cb20ca 20c520c1
1207260 20c320c9 20ca20d3 20c920c5 20cb20c2
1207300 20cf20cf 20d020d6 20ca20d0 20c320c3
1207320 20d220ca 20cb20cf 20cc20cf 20d520cf
1207340 20d920d3 20d420d0 20d020ce 20d820d8
1207360 20d920de 20e120df 20e020db 20d920de
1207400 20d420d9 20d420d9 20d020d2 20d820d3
1207420 20de20d4 20e120e1 20e920e2 20da20e1
1207440 20e620da 20e220e3 20db20e1 20de20e1
1207460 20e120dd 20e320e0 20e220e1 20dd20e1
1207500 20dd20e1 20e120e4 20e920e1 20df20db
1207520 20e620e5 20e620ec 20e920f0 20ef20e7
1207540 20ee20ef 20e420ef 20e920e5 20e720e4
1207560 20e520ea 20ec20e7 20e420e1 20ef20e8
1207600 20f320e3 20f620e8 20f320f3 20e920f3
1207620 20e420ef 20f020ea 20ec20ee 20ed20ea
1207640 20f320ea 20f420ef 20f820ec 20f120f2
1207660 20e920f2 20ec20f1 20f420f5 20f720fa
1207700 20fe20f9 20f320f8 20f420f4 20f320fb
1207720 20ef20f3 20f120f3 20eb20f2 20f320f6
1207740 20fc20fb 20f920f9 20f520f2 20fd20fa
1207760 20f720f9 20fc20fa 20fb20fa 20fd20f9
1210000 210320f9 20f720fe 20fd20ff 20fd2102
1210020 21012100 21072102 21072102 2114210e
1210040 210a210b 21062107 20fe20fa 20f520f6
1210060 21042102 210520ff 20ff20f9 20f920ff
1210100 20fb20fa 21012101 21022104 210520fc
1210120 20ff2101 20f620fa 20fe2103 20f820ff
1210140 20fb20fe 21032106 210d2112 210b210f
1210160 210f2112 21102110 210d210a 2109210d
1210200 21032103 21052109 21062104 210d2101
1210220 21092109 210b2107 21102108 21082108
1210240 210d210c 21072108 21072105 21072108
1210260 210c2100 2114210e 210b210a 21082109
1210300 210f2110 210c210b 20fc2104 210220fd
1210320 20fb2103 210120fd 21012107 21092102
1210340 20fb2103 20ff2101 21052106 210d2105
1210360 21052104 21002103 21072107 21042106
1210400 2108210a 21052103 21002104 21022107
1210420 21002104 20fc20fc 210220ff 20f82102
1210440 20fd20ff 210620fe 21042104 21042102
1210460 20fc20ff 2107210a 21042101 21022108
1210500 210020fd 20fb2103 210020fd 20ff20fe
1210520 20fb20fc 20f920fb 20f920ff 20fb20f8
1210540 20ff20fb 20f920f7 20f720fa 20f320f9
1210560 20ef20f0 20f820f7 20f020eb 20f220f1
1210600 20f420f4 20f820fa 20f920f7 20fb20f1
1210620 20f220f7 20fc20fb 20f920fb 20ec20f5
1210640 20f620f3 20f120f4 20f420ff 20f720fa
1210660 20f420f4 20ff20f6 20f320f5 20f820fa
1210700 20f420f6 20f120f5 20f520f5 20fe20f8
1210720 20f72100 20f120f1 20f220f1 20fb20f7
1210740 20f320f6 20f520f4 20ed20f4 20f820f5
1210760 20f520f0 20f020f6 20f120f1 20f220e9
1211000 20ee20ed 20f620f5 20fd20f4 20f520fe
1211020 21012107 20ff20ff 20f820fa 20fe20f9
1211040 20fa20ff 20f720f8 20ed20f4 20f620f8
1211060 20f720f5 20f620f7 20fd20fd 20f820fd
1211100 20fd20f3 20fa20fd 20ff2106 21002103
1211120 20fb2105 210220fa 21062102 20fd2104
1211140 21002107 2102210a 20fe2100 20f720fb
1211160 210120fe 20f82101 210220fa 20f920ff
1211200 20f620fd 210c2103 210420ff 21082100
1211220 21022103 21052105 21022107 21092108
1211240 21132112 210f210f 2110210b 210e210b
1211260 210b210b 21042104 21052109 21032105
1211300 21032104 21102109 2112210e 210d210d
1211320 21082105 2106210f 210a210d 21142111
1211340 210e2111 21122111 2110210f 210d210e
1211360 21142112 21192117 2117211a 21132118
1211400 21162113 211a2116 211c211a 21182118
1211420 211b2119 21112113 21102114 21152114
1211440 211a2117 2117211b 21142122 211f2114
1211460 2116211a 211c2111 211d2124 21212121
1211500 212b2126 212a212b 212a212b 21222125
1211520 211f2129 21252127 21312120 21252129
1211540 21272125 2130212a 2128212a 21312123
1211560 21252128 21202126 21212121 21282122
1211600 212a2125 21302128 212d212e 212f212d
1211620 21362133 21342138 21352136 21252131
1211640 21262129 211e211f 2122212c 21312130
1211660 21302132 212f2131 213f2132 21352134
1211700 21352132 212a212b 212b2130 212e212b
1211720 213c2134 21352133 2137213e 2132213a
1211740 21342133 21362133 213a2139 21352138
1211760 21322135 21392136 21362139 21342133
1212000 2132212e 21342132 21352134 212f212d
1212020 212e212b 2131212e 21322136 212f2130
1212040 212e2130 21332138 21332138 21362139
1212060 2134212f 212f2132 21342133 21352135
1212100 21342133 2130212d 212f2130 21352133
1212120 21392134 21382137 21362136 21382139
1212140 21392137 21362138 21392146 213d2137
1212160 2139213a 21322134 213a2130 2135213a
1212200 213e2133 213e213e 213b213c 21312139
1212220 21342137 21302138 2138212d 21382137
1212240 21392140 213a213c 213e2137 213f2139
1212260 2136213a 21312137 21332135 21372135
1212300 21392134 213d2136 2146213d 2137213a
1212320 21372134 213a212e 21352137 21352135
1212340 2133213a 2139213a 21412138 213d213c
1212360 21382136 213d2139 21412142 21412141
1212400 21442142 213f2146 2139213c 21392137
1212420 21372135 213b2139 21402139 2134213a
1212440 21382135 213d2140 212d2135 212a2138
1212460 21352137 213b2133 2135213a 21362132
1212500 21352138 21382133 21372136 213a2133
1212520 212d2130 212f2133 212f2137 212d212e
1212540 212b2129 21272120 212b212d 2137212d
1212560 212b2131 212e2125 212b212e 212a212f
1212600 2135212b 21332130 2128212c 21262124
1212620 212c2125 212a212b 21242127 21212123
1212640 211b211c 2125212c 2121212e 21232121
1212660 211c211a 211f211b 21242124 212c212a
1212700 21242122 2127211f 2124211f 21212127
1212720 21222124 2123211e 21292124 2115211a
1212740 211b211a 211c211f 211a2117 211e2125
1212760 2125211c 211a211d 2114211b 21152115
1213000 21162116 210e2117 21162117 21102113
1213020 21172113 21172119 21182118 2118211d
1213040 210b2113 210e2112 21172113 211a2116
1213060 2112211c 21182119 21182113 21162115
1213100 21162116 2117211c 211c211d 2117211a
1213120 21172115 2119211a 2114211c 2115211b
1213140 2112211d 211a2115 2115211f 211e2119
1213160 21222123 21122117 21222113 2119211a
1213200 2119211b 211d2122 2118211a 211f211e
1213220 2122211d 211b211e 21192121 211c2112
1213240 211f211a 21242121 211e2127 2125212b
1213260 21212124 21222121 2121211e 21242122
1213300 21262122 21242129 2122211d 21262124
1213320 21242129 21212128 21282121 212c2126
1213340 212a212d 212d212d 21262127 21242123
1213360 2123211f 21242123 211f211e 21212122
1213400 2130212d 212d212d 21392137 212d2136
1213420 21312132 2134212e 212f2134 21292131
1213440 212e2128 212f2135 212c212c 21372129
1213460 21362139 213d213d 21372139 213a2134
1213500 213c2138 213c2139 213a2140 213f213b
1213520 21452140 21402140 21422142 213f2143
1213540 21452142 21422142 2147213e 21482146
1213560 214a214a 21482147 21472147 2141213e
1213600 213e2145 21472140 2144214d 2146214b
1213620 21482148 214d214d 214d214b 214f2150
1213640 21582153 215d214f 215e2159 21542153
1213660 21512151 214b214a 21542147 2150214e
1213700 21592157 2158215a 21582153 215a215a
1213720 2162215e 2158215c 215d2164 21582156
1213740 215d215b 2160215c 215f2164 21612163
1213760 21622164 21602165 21602164 21602168
1214000 21632163 21602161 216f2163 216e2166
1214020 2169216e 2167216b 21662161 216a2167
1214040 216d216c 216f2172 21692170 216b2167
1214060 216a2168 2170216a 2173216e 216a2174
1214100 21712173 2171216f 2171216d 2170216e
1214120 21632168 21792173 2168216a 21652171
1214140 2168215e 216f2168 216d216d 21762167
1214160 216e216d 216e216c 21682170 2167216b
1214200 2170216c 21722172 216e216d 216b216d
1214220 216b2169 21742171 216e216e 21752170
1214240 216e2175 216c216b 21702168 21712170
1214260 21752172 216f2177 216e216b 21712169
1214300 216b2173 21742175 21752179 216c2171
1214320 21702168 21752172 21772173 21732175
1214340 21782173 2179217a 21742178 21782175
1214360 217e2180 2180217a 21802178 217e217d
1214400 2177217c 217d2180 21722172 21732171
1214420 216d216e 2172216f 21702171 217b217b
1214440 217a217c 21742175 21722176 21722174
1214460 21722170 216e216c 216d2169 216c216f
1214500 216a216e 216a216b 21642163 216a2166
1214520 21682173 216d216c 216b2170 216e2165
1214540 21692168 21642166 216c216e 216c2168
1214560 216f216f 216d2173 216f216c 2166216d
1214600 21662165 21712170 2168216e 21642168
1214620 21682169 21652166 21672165 2165215b
1214640 21612165 216a215b 21622165 216c2162
1214660 21682164 21662166 21672167 21692171
1214700 21642165 215e215f 215f2162 215c215e
1214720 215a2159 2162215d 2163215f 2157215e
1214740 2158215d 215c215b 21532155 21502154
1214760 215e2152 215d215d 21562154 21502152
1215000 214d214e 21542157 2155215c 21572158
1215020 21572159 21582155 2154214e 21532150
1215040 21452151 21462140 214f2152 2155214e
1215060 21502150 21512150 214c214c 214b214a
1215100 2146214b 2148214a 214c214b 214b2143
1215120 21462148 21482148 213c2144 213e213a
1215140 213e213d 213f2143 213c213c 21432142
1215160 213e213f 21472143 21422147 21372140
1215200 213b213d 213e213d 213c213c 21392139
1215220 2138213b 21352134 213a2136 213b2138
1215240 213a213c 2138213c 21342139 21362132
1215260 21332132 21302130 212c2137 21372133
1215300 2131213b 2135212c 2131212d 21382133
1215320 2141213a 2140213f 21452139 213f2138
1215340 213a2140 2133213e 21372134 213b2137
1215360 213f213b 213b213f 2135213b 213a2137
1215400 213b2134 2132212e 2138213c 21372140
1215420 2136213a 2140213a 213e2138 213d213b
1215440 21432145 213e213e 213d2141 213d213d
1215460 213d2140 21382143 213c213f 21462141
1215500 21432142 21452146 2147214d 214c2145
1215520 21462143 2148214b 2148214d 21432146
1215540 21452143 21412140 21482146 214e214c
1215560 21512151 2151214a 214f2149 2150214b
1215600 214a2151 214e2150 2157214f 2151214f
1215620 2156214c 214d2159 21522153 21542156
1215640 21502156 21502151 214b2152 21592158
1215660 21612165 21682169 21582163 2160215d
1215700 21572158 21692161 21652166 21652160
1215720 21652161 21692162 2168216e 216a2166
1215740 2166216b 2167216a 216f216f 216e2169
1215760 216c2169 216b216f 216a216f 216a216d
1216000 2173216f 21742171 21762174 21752175
1216020 217c2176 217c217d 217a217d 217d217e
1216040 2176217e 217f2183 217d217b 2182217a
1216060 217c2178 2187217f 217f217c 217c2185
1216100 21832183 218c2185 2184218c 2189218b
1216120 2186218a 21972188 218c218e 218d218f
1216140 218d2190 21822184 218f218b 2192218d
1216160 21922190 218e2191 21902191 21962191
1216200 219d2199 219e219d 219e219b 219f219f
1216220 21a3219e 219e219e 219e219c 219a2198
1216240 219a219a 219c219b 219a219b 219b219a
1216260 219d21a0 21a521a4 21ab21a5 21a421a7
1216300 219f21a4 219921a5 21a921a2 21ad21aa
1216320 21ae21b0 21a821b3 21a3219e 21aa21a8
1216340 21a821a7 21ab21aa 21a121a5 21a721a5
1216360 21a621a5 21a721a4 21a4219f 21af21a6
1216400 21b521b3 21b321b4 21b021b2 21b021ae
1216420 21aa21ac 21a721a9 21a921a2 21ab21ac
1216440 21aa21ae 21ab21b0 21b421ad 21b221b3
1216460 21bb21b1 21b721ba 21b121b5 21ae21bd
1216500 21b421b2 21af21b0 21b221b2 21b421b3
1216520 21ac21af 21ab21b1 21a721a5 21a921a6
1216540 21aa21ab 21aa21a9 21b421a9 21b321b4
1216560 21b121b2 21ae21b8 21b121b8 21ae21a4
1216600 21b621af 21ac21ab 21a821b6 21a821af
1216620 21ab21a9 21ad21a8 21ad21a8 21ad21b2
1216640 21b021b5 21ad21ac 21ad21ab 21b121b0
1216660 21b321b4 21b021b2 21a921aa 21a921a3
1216700 21a221a8 21a721ad 21b021ac 21ad21a5
1216720 21ad21a9 21aa21ac 21aa21a9 21a621aa
1216740 21ad21a4 21ab21a9 21a521a9 21a721ac
1216760 21a721a9 21a721a8 21a721a1 21a521a6
1217000 21a221a3 21a021a6 219e21a0 219c2198
1217020 219b219b 21a021a0 219c219d 21982199
1217040 21a22196 2194219c 21a021a2 21992192
1217060 21982194 21a02194 21962199 21962192
1217100 21972199 21942193 2195218e 21962192
1217120 219a219b 21952194 21982194 21942190
1217140 219a219e 21902192 21852191 21882187
1217160 21892187 21872186 2196218a 218e2195
1217200 2184218d 217b2180 2183217e 21822187
1217220 217f2186 217d2181 217e217a 217e2175
1217240 2180217c 21792181 2178217d 217a2173
1217260 217a2172 2174217b 216f2175 21732172
1217300 21702175 21672175 216e2165 216a2173
1217320 2172216e 2170216a 2167216a 216a2174
1217340 216a216c 216a216a 216d216a 21672170
1217360 21652168 21692167 21602163 215f2166
1217400 21662167 21652167 21632164 215c215f
1217420 2157215f 21612159 2156215e 215a2161
1217440 215e215f 215e215a 215a2158 21522157
1217460 21532157 21512151 21562153 214d214e
1217500 21512153 214b214c 214e214f 214e214e
1217520 21522152 215b2155 21552153 21502153
1217540 215b215d 21582157 21582161 21592161
1217560 21512159 21512152 2148214f 21402144
1217600 214f214c 214b214f 21562145 21502150
1217620 21542158 21592157 215b2161 214a214b
1217640 21432147 214f214d 21572159 2151214c
1217660 214d2151 21512148 21522152 21512157
1217700 214f214a 2152214f 21552150 21572160
1217720 215b215d 21582155 21582152 2155215a
1217740 21562154 21502156 21572155 21522150
1217760 21522155 2156215d 21542158 215c2160
1220000 215c215f 214e2154 215d215a 2164215a
1220020 2152215b 215e2153 2152215c 21632158
1220040 215b215a 21622169 21672165 21642163
1220060 2167215f 21672163 21642166 b0100494
1220100 00001004 0001000a 00010000 03b16018
1220120 00000ffc 0001000a 1400003c add01f00
1220140 add01f01 add01f02 add01f03 add01f04
1220160 add01f05 add01f06 add01f07 add01f08
1220200 add01f09 add01f0a add01f0b add01f0c
1220220 add01f0d add01f0e add01f0f add01f10
1220240 add01f11 add01f12 add01f13 add01f14
1220260 add01f15 add01f16 add01f17 add01f18
1220300 add01f19 add01f1a add01f1b add01f1c
1220320 add01f1d add01f1e ff000134 00000020
1220340 00000002 b10a409d 00000001 deadbeef
1220360 f0000002 b10a4089 070ae76e 00000000
1220400 00000134 00001f48 a0110495 2210215e
1220420 22152218 22192219 220d2211 22102215
1220440 2213220e 22052208 220c2209 22052205
1220460 2203220a 22132209 2201220e 22072206
1220500 2206220f 2207220f 2202220c 22072207
1220520 22092208 22062206 220a220d 22092209
1220540 22002201 21ff21fc 2202220b 22022204
1220560 22052204 22082204 22022202 21fa21ff
1220600 22052207 22062205 22072205 22022200
1220620 22032205 21fa21fe 21f921f4 220121f9
1220640 22012203 21ff21ff 22052206 21fb21fc
1220660 21f521f7 21f621f3 21f821fd 21fa21fc
1220700 21f121f5 21f821f2 21f321f2 21f421f7
1220720 21f421f2 21fc21fc 21fb21ff 21fa21f7
1220740 21f521f9 21f321f8 21f521fb 21f621f8
1220760 21ef21f6 21f421f7 21f721f8 21f021f7
1221000 21ee21ed 21ed21e9 21ee21f1 21f221f3
1221020 21f221eb 21ef21ed 21e521f0 21e721ef
1221040 21ef21f1 21f421ed 21f321f2 21fa21f6
1221060 21ee21f7 21ca21ef 200420ff 1e7c1f22
1221100 1dc01e0e 1d771d97 1d5a1d6d 1d5c1d55
1221120 1d5e1d59 1d5e1d56 1d561d5a 1d4a1d50
1221140 1d491d48 1d521d4b 1d4d1d4f 1d4e1d50
1221160 1d531d50 1d5a1d51 1d5d1d54 1d521d55
1221200 1d571d52 1d411d50 1d4b1d4b 1d521d51
1221220 1d4e1d4f 1d4e1d50 1d511d53 1d541d50
1221240 1d581d53 1d4d1d53 1d511d58 1d4a1d4c
1221260 1d471d4e 1d4b1d43 1d471d4c 1d4e1d49
1221300 1d521d4b 1d591d4f 1d591d58 1d511d5c
1221320 1d571d50 1d521d57 1d511d4e 1d551d51
1221340 1d4b1d55 1d501d50 1d4d1d5a 1d501d55
1221360 1d531d56 1d571d56 1d571d58 1d5a1d58
1221400 1d5e1d5c 1d611d5e 1d5b1d60 1d5b1d5f
1221420 1d5f1d5e 1d5b1d59 1d5d1d5e 1d5c1d5e
1221440 1d631d58 1d5b1d64 1d5f1d57 1d641d6a
1221460 1d5f1d60 1d631d5f 1d5d1d61 1d601d5a
1221500 1d611d5a 1d621d64 1d5c1d60 1d5f1d63
1221520 1d641d65 1d681d63 1d671d5f 1d631d69
1221540 1d691d68 1d691d6f 1d651d68 1d6e1d69
1221560 1d6b1d68 1d6c1d73 1d6a1d6b 1d721d68
1221600 1d701d6c 1d6f1d70 1d711d75 1d7a1d73
1221620 1d7e1d81 1d761d7b 1d721d74 1d741d7a
1221640 1d711d72 1d731d6a 1d751d76 1d801d7a
1221660 1d761d7b 1d741d77 1d721d72 1d771d7d
1221700 1d7c1d7f 1d7c1d84 1d7e1d7c 1d811d87
1221720 1d861d7a 1d851d86 1d841d8c 1d851d7c
1221740 1d8a1d81 1d811d87 1d7f1d8a 1d851d81
1221760 1d8a1d84 1d8e1d84 1d8f1d8b 1d8d1d8a
1222000 1d901d95 1d8b1d88 1d921d92 1d9b1d8e
1222020 1d971d9b 1d961d96 1d9a1d97 1d921d90
1222040 1d911d96 1d931d95 1d901d98 1d971d96
1222060 1da31d9d 1d9c1d9f 1d9a1d99 1d931d99
1222100 1d9f1d9e 1da21d9a 1d9b1d98 1d9a1d9a
1222120 1d9a1d9e 1da11da4 1da61d9f 1d9e1da0
1222140 1d9e1da1 1da51d9c 1da21d9f 1daa1da7
1222160 1da41da2 1da71dae 1da81daf 1da91da4
1222200 1db21dad 1dae1daf 1db01dae 1db21db1
1222220 1daf1db5 1db51db5 1dab1db2 1db01dad
1222240 1db41db3 1db71db6 1dbf1db3 1dbb1dbc
1222260 1dbe1db9 1dba1dbd 1dbb1dbf 1dc11dbe
1222300 1dc01dc2 1dc01dbf 1dc41dc8 1dc91dc5
1222320 1dc91dc1 1dc41dca 1dc61dc6 1dce1dcc
1222340 1dd41dd8 1dd31dcc 1dce1dcc 1dd41dcc
1222360 1dd31dd9 1dcd1dd4 1dd21dd1 1dd21dd4
1222400 1dd41dda 1dd21dd6 1dd51dd9 1dd41dda
1222420 1ddf1dd2 1de11dea 1de41dde 1de31de4
1222440 1ddd1de3 1de21ddc 1ddf1de2 1de01de3
1222460 1de71de6 1ded1de7 1de31de8 1de71de8
1222500 1dee1dec 1dea1df1 1df21de9 1dec1df0
1222520 1df01dee 1def1ded 1df81df4 1df71df7
1222540 1df51def 1df51df7 1df31df7 1df61df5
1222560 1df61df3 1dee1df5 1ded1df3 1dec1df6
1222600 1df81df1 1df01df4 1df81df7 1dfb1dfb
1222620 1dfe1dfe 1dff1e06 1dfd1e02 1e041dfd
1222640 1e041e00 1e041e01 1e041e07 1e0d1e04
1222660 1e061e08 1e001e17 1e091e0b 1e081e11
1222700 1e0c1e08 1e081e07 1e041e0b 1e0e1e09
1222720 1e0b1e0c 1e121e0e 1e0d1e0e 1e141e11
1222740 1e091e0f 1e0e1e0e 1e111e07 1e121e13
1222760 1e0f1e08 1e0c1e17 1e0b1e0b 1e0f1e09
1223000 1e101e0f 1e081e12 1e0e1e11 1e151e17
1223020 1e161e14 1e0e1e0c 1e091e0b 1e181e13
1223040 1e131e0f 1e171e13 1e151e15 1e171e14
1223060 1e121e16 1e0a1e11 1e0b1e0d 1e1a1e12
1223100 1e1c1e16 1e1b1e1a 1e141e19 1e1d1e12
1223120 1e1a1e1c 1e1a1e12 1e1d1e15 1e201e25
1223140 1e1c1e16 1e121e1d 1e111e18 1e1d1e17
1223160 1e241e22 1e1f1e21 1e1d1e25 1e1e1e1b
1223200 1e1b1e1c 1e251e20 1e211e1c 1e231e1d
1223220 1e251e22 1e231e27 1e221e24 1e291e29
1223240 1e271e27 1e2d1e29 1e2e1e2c 1e291e2d
1223260 1e2b1e25 1e2c1e1e 1e2d1e2d 1e2f1e2b
1223300 1e301e2d 1e281e2f 1e251e21 1e291e1f
1223320 1e2c1e2a 1e2f1e26 1e331e2f 1e2a1e2f
1223340 1e2a1e2c 1e2e1e2a 1e301e29 1e3a1e37
1223360 1e341e32 1e361e3b 1e331e3a 1e331e33
1223400 1e351e27 1e3f1e3d 1e3e1e31 1e3d1e43
1223420 1e3c1e3b 1e471e3c 1e3f1e41 1e461e40
1223440 1e3d1e43 1e451e3b 1e421e3d 1e3b1e3e
1223460 1e421e3f 1e371e3f 1e3a1e35 1e401e36
1223500 1e3f1e3c 1e3f1e41 1e431e45 1e431e40
1223520 1e4a1e47 1e481e4a 1e461e3e 1e401e41
1223540 1e431e44 1e471e3e 1e431e43 1e481e4a
1223560 1e441e4c 1e481e46 1e471e4b 1e521e52
1223600 1e4e1e55 1e4e1e50 1e551e51 1e501e4e
1223620 1e501e53 1e4a1e51 1e4c1e4c 1e4c1e4b
1223640 1e571e49 1e581e58 1e4b1e4b 1e531e5c
1223660 1e591e55 1e5b1e54 1e571e58 1e5e1e57
1223700 1e561e5d 1e511e53 1e571e51 1e571e56
1223720 1e551e5b 1e5c1e5c 1e5b1e5d 1e581e56
1223740 1e591e54 1e601e5f 1e651e67 1e601e5c
1223760 1e601e62 1e5a1e64 1e641e62 1e5e1e5d
1224000 1e601e63 1e661e5f 1e6b1e67 1e661e6e
1224020 1e631e67 1e6a1e68 1e681e67 1e641e69
1224040 1e601e62 1e651e66 1e6c1e68 1e6d1e73
1224060 1e6a1e70 1e691e68 1e6d1e6c 1e6a1e69
1224100 1e721e6c 1e761e77 1e691e77 1e741e6e
1224120 1e6b1e6e 1e751e6b 1e711e72 1e6f1e71
1224140 1e6f1e6f 1e771e75 1e7c1e78 1e771e78
1224160 1e6e1e79 1e731e7a 1e6b1e72 1e781e71
1224200 1e741e74 1e781e78 1e7d1e7b 1e781e7b
1224220 1e821e7f 1e7e1e80 1e7c1e79 1e7e1e82
1224240 1e821e7b 1e831e7c 1e7c1e76 1e7e1e7c
1224260 1e7c1e79 1e7d1e7c 1e811e7d 1e841e88
1224300 1e861e83 1e8c1e8d 1e841e89 1e7f1e7b
1224320 1e801e7d 1e861e85 1e861e87 1e851e83
1224340 1e8a1e89 1e891e82 1e8d1e8f 1e901e92
1224360 1e831e8c 1e901e88 1e871e84 1e8b1e8a
1224400 1e8b1e97 1e901e88 1e8c1e88 1e901e8a
1224420 1e931e94 1e971e95 1e8c1e90 1e8c1e8c
1224440 1e8e1e8c 1e901e90 1e911e8b 1e8c1e86
1224460 1e911e8f 1e931e8d 1e8c1e92 1e8e1e93
1224500 1e961e87 1e9c1e8e 1e981e9a 1e991ea0
1224520 1e991e9a 1e9a1e9d 1e971e94 1e8e1e8f
1224540 1e9b1e95 1e9c1e9c 1e9c1e9a 1e971e97
1224560 1e9b1e9d 1ea61ea4 1ea61ea7 1ea41ea7
1224600 1ea91ea1 1ea61ea5 1ea61ea7 1ea91ea9
1224620 1e9e1eab 1eb01e9e 1ea81eb1 1ead1eae
1224640 1eaa1eae 1ea51eaf 1ea71ea9 1ea91eaa
1224660 1ea51eab 1ea71ea8 1ead1eab 1eb21eae
1224700 1ead1eae 1eaa1eac 1ea81eac 1eaf1ea7
1224720 1ea91eaf 1eaf1eb3 1eb41eb5 1eb21eb6
1224740 1eb11eb7 1eb61eb2 1ebe1eba 1ec31ebd
1224760 1ebc1ebe 1eba1eba 1ebb1eb8 1eb91ebb
1225000 1ebc1eb9 1ebe1ec0 1ebc1ec2 1ec01ec0
1225020 1eb91eb5 1eba1eba 1eb71eb8 1ebe1eb6
1225040 1ec21ec2 1ebd1ebe 1ebc1ec1 1ebd1ec0
1225060 1ec61ec1 1ecc1eb8 1ec11ec3 1eb81eb6
1225100 1eb71ebf 1eb51eb5 1ec81ec1 1ec81ec7
1225120 1ec61ec6 1ec31eca 1ec91ec4 1ec81eca
1225140 1ec31ebd 1ecb1ec6 1ec71ec8 1ec71ec5
1225160 1ec11ebe 1ec41ecb 1ec31ec5 1ec01ec7
1225200 1eca1eca 1ed11eca 1ec81eca 1eca1ec5
1225220 1ec81ec8 1ec51ecb 1eca1ec8 1ed11ed1
1225240 1ecb1ecd 1ecc1eca 1ec91ecc 1ecc1eca
1225260 1ecc1eca 1ecf1ec7 1ecf1ece 1ecd1ed1
1225300 1ed01ecc 1ecc1ecf 1ec71ec9 1eca1ec7
1225320 1ecf1ec7 1ed51eca 1ecc1ecd 1ed31ed0
1225340 1ecd1ed3 1ed41eca 1ed11ec8 1ecc1ece
1225360 1ecd1ed0 1ecb1ed2 1ec71ec9 1ed01ecd
1225400 1ecd1ed1 1ed11ed3 1ed81ed2 1edd1ed5
1225420 1ee31edb 1ee51edc 1ee01ede 1ee71ee2
1225440 1ee51edd 1ee51eda 1ee71ee7 1edb1ede
1225460 1ee21ee4 1edb1ed8 1ede1edb 1ee51edd
1225500 1edd1ee5 1ee41ee4 1ee21edd 1eed1edf
1225520 1ee21ee3 1ee01edb 1ee11ee1 1ee61edd
1225540 1eea1ee5 1ee11ee9 1ee01ee4 1ee41ee6
1225560 1ee01ee2 1eeb1eea 1ef51eea 1ee91eef
1225600 1eec1ef7 1ef61eee 1ee91ef5 1ef61ef1
1225620 1ef61ef8 1ef01eff 1ef11ef1 1eee1eef
1225640 1eeb1eef 1eee1eed 1ef21ef4 1ef51ef1
1225660 1ef61ef1 1ef61eec 1efc1ef8 1efe1ef8
1225700 1efa1efa 1ef81efb 1ef41ef9 1f011ef6
1225720 1f001f01 1ef91ef8 1f001efc 1ef81efa
1225740 1ef31ef9 1efa1ef4 1efd1f02 1ef91ef9
1225760 1f091f01 1f001f03 1f0a1f08 1f071f09
1226000 1f0d1f0c 1f061f09 1f021f0c 1f011eff
1226020 1f021f04 1f041f06 1f011efd 1efd1f00
1226040 1f031f02 1f0a1f04 1f0c1f0a 1f0b1f00
1226060 1f061f10 1f051f03 1f0b1f06 1f081f07
1226100 1f0b1f0c 1f0c1f0c 1f131f0c 1f161f15
1226120 1f161f18 1f1a1f1b 1f151f1c 1f0f1f11
1226140 1f0c1f0b 1f0e1f0e 1f1a1f13 1f1a1f1d
1226160 1f1c1f23 1f131f1a 1f141f18 1f1c1f1c
1226200 1f161f13 1f151f14 1f161f13 1f1a1f1c
1226220 1f1c1f19 1f201f19 1f1c1f1c 1f241f21
1226240 1f271f19 1f221f23 1f231f25 1f271f20
1226260 1f1d1f1f 1f261f21 1f271f24 1f211f23
1226300 1f221f2a 1f1a1f22 1f1b1f21 1f201f1b
1226320 1f1e1f26 1f271f1e 1f251f21 1f1e1f17
1226340 1f2b1f20 1f2e1f2f 1f2e1f2f 1f2a1f2d
1226360 1f2f1f2d 1f311f31 1f301f2a 1f2b1f29
1226400 1f2c1f29 1f2f1f2a 1f311f2d 1f2d1f2c
1226420 1f2b1f2f 1f311f30 1f341f30 1f371f3a
1226440 1f321f31 1f381f38 1f331f37 1f351f38
1226460 1f2c1f30 1f321f33 1f351f2f 1f341f2e
1226500 1f331f32 1f2c1f31 1f2a1f32 1f2c1f2e
1226520 1f331f30 1f331f2c 1f3a1f38 1f311f35
1226540 1f301f34 1f311f30 1f371f35 1f351f37
1226560 1f301f3a 1f2f1f32 1f3c1f44 1f3d1f3a
1226600 1f421f3f 1f391f49 1f411f42 1f431f3d
1226620 1f461f3d 1f401f42 1f421f43 1f461f48
1226640 1f461f40 1f461f47 1f431f47 1f491f44
1226660 1f461f4c 1f4a1f45 1f511f48 1f441f4a
1226700 1f3f1f49 1f4b1f48 1f411f41 1f431f45
1226720 1f481f46 1f511f50 1f4d1f4c 1f4e1f55
1226740 1f551f53 1f531f58 1f4c1f51 1f531f53
1226760 1f511f4b 1f4e1f4b 1f531f53 1f4d1f51
1227000 1f481f47 1f4b1f3f 1f4f1f4d 1f4b1f46
1227020 1f4d1f42 1f4c1f47 1f4c1f51 1f531f47
1227040 1f5b1f56 1f501f51 1f521f48 1f4a1f50
1227060 1f531f50 1f501f52 1f571f58 1f5a1f54
1227100 1f511f4f 1f591f54 1f4b1f55 1f481f4a
1227120 1f4d1f4e 1f5a1f59 1f551f57 1f581f5a
1227140 1f581f55 1f591f53 1f561f58 1f521f55
1227160 1f571f54 1f5b1f58 1f641f64 1f601f69
1227200 1f631f61 1f591f52 1f511f53 1f551f51
1227220 1f581f51 1f5d1f59 1f5c1f5b 1f5d1f5c
1227240 1f621f63 1f611f5b 1f5b1f5d 1f571f63
1227260 1f561f56 1f581f5b 1f591f5c 1f5c1f4f
1227300 1f5a1f58 1f561f56 1f5b1f5c 1f621f56
1227320 1f5d1f5b 1f5f1f5d 1f571f5b 1f5b1f5b
1227340 1f5a1f59 1f561f55 1f5a1f54 1f591f5e
1227360 1f5d1f56 1f5b1f58 1f5e1f59 1f571f5f
1227400 1f5b1f5e 1f631f59 1f641f57 1f631f62
1227420 1f601f67 1f5c1f5d 1f5d1f5f 1f601f5d
1227440 1f5d1f59 1f5a1f56 1f5b1f5c 1f611f58
1227460 1f641f66 1f611f5f 1f5d1f59 1f591f5a
1227500 1f5d1f55 1f581f57 1f601f59 1f591f55
1227520 1f611f5e 1f661f5d 1f5f1f5e 1f5a1f5b
1227540 1f641f64 1f611f5f 1f681f6a 1f6b1f62
1227560 1f661f68 1f6d1f67 1f661f6c 1f641f67
1227600 1f641f61 1f661f60 1f651f68 1f6b1f68
1227620 1f691f6e 1f661f6a 1f681f66 1f641f6c
1227640 1f671f67 1f5d1f63 1f681f65 1f6c1f65
1227660 1f6b1f6a 1f6b1f70 1f6e1f70 1f6c1f73
1227700 1f711f6b 1f671f69 1f691f6c 1f721f6e
1227720 1f711f72 1f781f6f 1f731f6f 1f741f6e
1227740 1f761f73 1f7c1f7c 1f791f7c 1f761f7a
1227760 1f7d1f7a 1f751f7a 1f731f73 1f7f1f7a
1230000 1f7d1f81 1f7a1f7a 1f831f7b 1f741f79
1230020 1f7d1f7b 1f7d1f77 1f7b1f7a 1f7d1f86
1230040 1f821f83 1f871f7f 1f821f81 1f851f83
1230060 1f7b1f8a 1f7e1f7c 1f801f83 1f891f88
1230100 1f811f90 1f7b1f83 1f861f87 1f8d1f87
1230120 1f871f86 1f831f89 1f931f8d 1f901f91
1230140 1f8f1f8f 1f921f96 1f8e1f8f 1f961f93
1230160 1f951f95 1f971f96 1f951f95 1f8a1f8f
1230200 1f931f9b 1fa21fa1 1f9f1f9a 1fa01f9d
1230220 1fa11f9a 1f9c1f9a 1f9f1f9e 1fa61fa5
1230240 1f9c1f9c 1f931f96 1fa51f9e 1fa31f9f
1230260 1fab1f9c 1faa1fa9 1fa51fa9 1fa21fa5
1230300 1fac1fa1 1fa91fa4 1fac1fa9 1fa51fa7
1230320 1faa1faa 1fac1fab 1fb51fad 1fb61fb6
1230340 1fac1fb0 1faf1fb3 1fb31fb3 1fb31fb1
1230360 1fb01fb1 1fb01fb0 1fb81fb6 1fb71fb7
1230400 1fbd1fbb 1fbe1fbe 1fbb1fb8 1fbc1fbe
1230420 1fbd1fb6 1fbd1fb5 1fb61fba 1fb41fb7
1230440 1fbd1fbb 1fc11fbc 1fbe1fb8 1fbb1fbf
1230460 1fc91fbb 1fc41fce 1fcc1fc5 1fc71fc1
1230500 1fc41fc7 1fc61fbe 1fca1fc7 1fbc1fc9
1230520 1fc41fbd 1fc81fc8 1fc61fc7 1fc81fd1
1230540 1fd11fd2 1fcb1fce 1fd71fcb 1fd11fd0
1230560 1fc51fd1 1fc51fbe 1fd21fca 1fd01fcc
1230600 1fcf1fca 1fd61fdd 1fe41fe3 1fe71fdf
1230620 1fe21fdb 1fda1fda 1fd01fd3 1fd11fd3
1230640 1fdf1fd6 1fd11fd2 1fdc1fd8 1fda1fdd
1230660 1fd71fd8 1fd81fd7 1fd71fdd 1fda1fda
1230700 1fd91fd9 1fe71fdf 1fe71fe4 1fe31fe0
1230720 1fda1fdf 1fdc1fda 1fe11fdc 1fe51fde
1230740 1fe41fe2 1fe51fdf 1fe31fe8 1fe01fe2
1230760 1fec1fdc 1fde1fe5 1fe51fe1 1fe01feb
1231000 1fe51fdc 1fe01fdb 1fde1fe1 1ff01ff1
1231020 1ff21ff1 1ff61ff0 1fe91fea 1fe51fe9
1231040 1fe41fe9 1fe51fed 1fe51fe5 1fed1fe5
1231060 1fe71fdf 1fe11fe7 1fe71feb 1fec1ff1
1231100 1ff51fef 1fef1ff1 1fef1ff0 1ff41ff5
1231120 1ff01ff0 1ff21fec 1fed1ff5 1ff51ff4
1231140 1ff41ff3 1ff81ffa 1ffb1ff2 1ff11fef
1231160 1ff51ff1 1ff41ff4 1ffb1ff8 20011fef
1231200 1ff91ff7 1ff71ff8 1ff21ffd 1fef1ff4
1231220 1fef1ff0 1fef1ff4 1ff31ff2 1ff71ff7
1231240 1ff91ff2 1ff01fed 1fee1fea 1ff71ff2
1231260 1ffa2001 1ffb1ffd 1ff71ff7 1ffa1ff9
1231300 1ff81ffd 1ffa1ffe 20012000 20032005
1231320 1ffc2003 20001ffe 20011fff 1ffd1fff
1231340 20021ffb 1ffa2001 2000200c 1ff72000
1231360 20001ff5 20051ffb 20042006 1ffc1ffe
1231400 1ffa1ffb 20061ffa 1ffb2001 1ffb1ffc
1231420 1ff71ff8 1ffc1ffb 20041ffc 1ffe2000
1231440 1fff2000 1ff51ff5 20041ffa 20032004
1231460 1ffd1ff7 1ffa1ffa 1ff51ffb 20062001
1231500 20011ffe 20082000 1ff71ff6 1ff81ff7
1231520 1ff01ff4 1ff01ff1 1ff01ff7 1ff61fec
1231540 1ff51ff4 1ff51ffa 1ff81ffb 1ffa1ff7
1231560 1fee1ff2 1fed1fe9 1ff21ff5 1ff21ff1
1231600 1ff51ff1 1ff81ff7 1ff51ff5 1ff71ff6
1231620 1ff91ff4 20001ffa 1ff61ff8 1ff21ff7
1231640 1ff21ff1 1ff31ff3 1ff21ff3 1fef1fee
1231660 1fe81fef 1fea1fef 1ff01fee 1fef1fea
1231700 1ff71ff5 1feb1ff2 1ff31ff5 1ff71ffa
1231720 1ff41ff3 1ff21ff5 1ff21ff4 1fee1ff0
1231740 1ff11fe3 1ff21ff4 1ff11ff3 1ff31ff8
1231760 1fec1ff4 1fe81fe7 1fea1fee 1fea1fe3
1232000 1fec1fe6 1fe31fec 1fe71fe6 1ff01fe5
1232020 1ff21fed 1fef1ff1 1ff01feb 1ff01ff7
1232040 1ff11ff2 1ff21ff7 1ff21ffa 1ff11ff1
1232060 1fe61fed 1fef1ff0 1fec1fee 1ff51ff5
1232100 1ffa1ffb 1ff91ff8 1ffd1ff2 1ff01ff5
1232120 1fee1fed 1ff31fef 1ff11fef 1ffd1ff4
1232140 1ffa1ff8 1ff81ff8 1ff61ff9 1ffe1ffa
1232160 1ffc1fff 1ff81ff4 1ff91ffc 1ff61ffa
1232200 1ffa1ff6 1ffc1ffa 1ffa1ffd 20022003
1232220 1fff1ffa 1ffa1ffb 1ff91ff3 1ffd1ffd
1232240 20012002 1ff81ffc 1ffa1ff4 1fff1ff7
1232260 20061ffe 2008200a 20022009 1ffa1ffc
1232300 20041ffe 20072004 20032004 20072002
1232320 20052004 20052002 20052002 200a200a
1232340 200d200f 20022006 2010200b 201a2017
1232360 200d2010 20132013 200e2011 2010200e
1232400 20142013 201a2017 201c2016 20102016
1232420 201b200d 20102017 20142019 20182019
1232440 201c2017 20252017 20142015 20202024
1232460 2020201d 20242024 20232022 20242024
1232500 20202022 202c2027 20242025 20272023
1232520 2026201e 202b2028 2029202b 202f202f
1232540 20382031 20392031 20372035 202e2035
1232560 20322034 20342031 20392036 20362030
1232600 203a2034 203a203a 203c2036 2036203e
1232620 20362036 2032203a 203c2036 203b2039
1232640 203f203c 203e203e 203a2041 203f204a
1232660 2041203b 2041203e 20442047 20492041
1232700 204a2046 204b2047 204f2044 204f2050
1232720 2049204c 20512052 2055205e 204e2054
1232740 204d2043 2049204a 204d204f 20472047
1232760 20462048 204c2048 204a2050 204b204c
1233000 204b204c 2053204b 2055204f 205a2054
1233020 20552054 20572057 20572055 20552053
1233040 205d205a 20602057 2064205c 20602062
1233060 205f205f 205f2060 2066205d 20632063
1233100 20632061 20642066 206d2069 20622067
1233120 20622067 20672061 20682069 206a2069
1233140 206e2071 206d206d 206f206e 20622068
1233160 20692062 20642060 206a2067 20662060
1233200 20632064 206a2061 20662064 2070206d
1233220 20732072 20682071 2070206b 20762068
1233240 2074206f 2070206c 206e2073 20752070
1233260 206e206f 20792073 20762073 2077207e
1233300 207d207b 2078207b 2075207b 20742074
1233320 20772075 20782073 207b207a 207b2076
1233340 207b2079 207d207f 20722081 20792072
1233360 2079206e 207c207b 2077207a 207b2079
1233400 20792076 207c2076 207b2075 207d207c
1233420 20782080 2083207e 20822084 207b207b
1233440 20872084 207c2084 207d207e 2080207b
1233460 207d207f 2082207e 207a2084 20812086
1233500 20852084 2085208b 20882085 208a2088
1233520 207d2089 20842080 207f2080 207e207c
1233540 207f207f 2082207d 20892080 20882084
1233560 207e2080 2078207d 20812080 20832084
1233600 207e207f 2079207e 207f2079 207f2080
1233620 207b207e 20772070 20782077 2082207f
1233640 20792080 20812079 207c2083 20802082
1233660 2082207e 207e2084 207c2087 2079207c
1233700 207b207a 207c2085 207f2077 20752079
1233720 20762074 20792073 207d207e 20762077
1233740 20752071 20792076 2073207a 20702075
1233760 20742079 20742073 20702079 20702074
1234000 207f2075 20782078 20782077 2079207b
1234020 206f2074 20752074 20692068 20772069
1234040 2073206e 206c206d 206f206f 206d2065
1234060 206c206a 206b2066 206a2069 20682074
1234100 20632069 20642067 20622067 205f2065
1234120 20642063 206c2066 206c2071 2068206a
1234140 20692068 206a2068 20652061 20652067
1234160 2065205f 2064205e 20652061 20632069
1234200 20632065 205f2062 205c2060 2065205a
1234220 20602063 20662063 2069206b 20612066
1234240 20652062 20662060 205e2064 2061205d
1234260 20622065 20672069 206f2067 20662063
1234300 205f206c 20602067 2061206b 2064205e
1234320 2061205d 20662066 20602065 2064205a
1234340 20632061 2067205d 20682061 20652068
1234360 2062205c 20632069 206a2061 20692066
1234400 20602065 205f2063 20632055 205e205f
1234420 205f205b 205e2067 20692063 20652065
1234440 206d2066 20702067 206e2072 206d2075
1234460 206e2069 2067205f 20622065 20632065
1234500 20672067 205d205c 206f205f 206b2069
1234520 2071206b 206e2071 2067206b 20682068
1234540 2066206d 2068206f 20702073 206b206d
1234560 20662066 206a2067 206a206c 20762073
1234600 207e207b 20762075 20732076 20792074
1234620 207a207b 20772077 2073207a 207b206f
1234640 20732074 207a2075 207b2074 207e207b
1234660 20762079 20782087 207c2070 207f2080
1234700 2084207d 20882087 2085208a 20842089
1234720 208a2086 20872088 208a2088 20852084
1234740 20852086 20862086 20902085 20892087
1234760 20872090 208a2090 2090208c 2094208f
1235000 20952091 2086208f 20982096 209e209d
1235020 209d2099 20962095 20912092 2092209d
1235040 2094208f 209c2098 20972098 209f20a1
1235060 209d2097 20a120a1 20a520a0 20ab20a4
1235100 209c20a0 20a020a1 209c209e 209f209c
1235120 209a20a4 20ac20a7 209b20a9 20a320a8
1235140 20a320a3 20a820a8 20ae20af 20b220ab
1235160 20b520b1 20b120ab 20aa20ab 20af20a9
1235200 20b120b1 20b320ac 20b620af 20ae20b0
1235220 20af20b4 20bb20b7 20ba20bb 20bc20b2
1235240 20bd20be 20b820bb 20ba20bb 20c420bb
1235260 20bc20b7 20b920ba 20bb20b9 20c620bd
1235300 20c220c4 20bf20c4 20bf20c3 20bc20bd
1235320 20c120c6 20c420c4 20ca20c8 20c320c2
1235340 20c620c9 20c120c4 20c620c6 20d120c1
1235360 20cd20cf 20cb20cc 20c520c7 20d120c8
1235400 20c220cb 20d120d0 20ce20ce 20d120cf
1235420 20cc20c9 20ce20c9 20d420d1 20d720d5
1235440 20da20dd 20d820db 20d620d9 20d220d0
1235460 20d320d5 20d320d2 20d520ce 20dc20d4
1235500 20dc20da 20e420d9 20e720e3 20e120da
1235520 20e120e5 20e620dd 20e220e1 20df20e1
1235540 20e420e5 20e520e2 20eb20e1 20e420e8
1235560 20e620ea 20e620e5 20e820e5 20e620e8
1235600 20ed20e7 20e920eb 20ef20e7 20f020ed
1235620 20ef20ed 20ec20ed 20e820ef 20ec20f0
1235640 20e920e8 20f020e7 20e920e8 20e520e4
1235660 20ec20ed 20f420e5 20f420f4 20ef20f5
1235700 20f120f1 20ef20ec 20f420e8 20eb20ec
1235720 20ee20f0 20f120ea 20ec20ec 20f420ee
1235740 20f020ee 20ed20ed 20ea20f2 20e920ea
1235760 20ef20e9 20ec20ed 20ec20eb 20ee20f0
1236000 20f720ef 20f620f3 20f320f7 20f220f0
1236020 20f420ef 20f520f7 20f620eb 20f520f5
1236040 20f520fa 20fe20fe 20f82102 20f320fa
1236060 20ef20f5 20eb20eb 20f220f0 20e020e6
1236100 20ef20e4 20ea20ee 20ec20eb 20ea20f1
1236120 20ef20ed 20ec20e7 20e520e6 20e720e4
1236140 20ec20eb 20f520e7 20f620ef 20ee20ed
1236160 20e820eb 20e120ee 20e620e1 20e420e5
1236200 20e020e3 20e820df 20e620eb 20e720e4
1236220 20e620e7 20e620e4 20de20e0 20de20e3
1236240 20e620e2 20e420de 20e720e6 20e120df
1236260 20df20e4 20df20e0 20de20df 20da20e0
1236300 20dc20df 20df20dc 20de20e1 20dc20e0
1236320 20d920da 20da20e2 20db20dd 20d520d1
1236340 20e120dc 20e520d5 20d820da 20dd20dc
1236360 20d020d1 20d820d7 20db20d4 20d020d8
1236400 20d620d2 20d320d5 20d520d2 20d520d3
1236420 20d720cf 20d120cf 20d020d3 20ce20ce
1236440 20c920cf 20c920c9 20cf20ce 20ce20c8
1236460 20cf20d0 20ce20c8 20c620cb 20d020cb
1236500 20cc20cc 20cb20c6 20c820cd 20ca20c8
1236520 20cb20cc 20cc20c8 20c820c7 20c520c8
1236540 20c620c6 20c920d1 20cb20cc 20cc20c8
1236560 20ca20cb 20c020c5 20c120c1 20c720c6
1236600 20c520c3 20c020c7 20bc20cc 20cd20ca
1236620 20c620c9 20d620c8 20c720cf 20cb20cb
1236640 20ce20d1 20ce20c6 20d320cd 20c820ce
1236660 20c420cd 20c820c8 20cb20c7 20c820c9
1236700 20d120cc 20cc20ca 20cf20cd 20ce20c8
1236720 20ce20c9 20cb20ca 20ce20cb 20d220d1
1236740 20d220cc 20d120cd 20ca20ce 20cd20cc
1236760 20c720d2 20c720cc 20d020cb 20cb20cc
1237000 20d720cf 20ce20d7 20cb20c9 20d720ca
1237020 20cc20ca 20cc20ca 20d120cc 20c920c9
1237040 20d020cf 20d320d7 20d420d5 20d820d7
1237060 20d020de 20df20d3 20d920d9 20d920dc
1237100 20d020d6 20cf20ce 20d020d6 20cb20cf
1237120 20d420ce 20d320d0 20d520d3 20d820d7
1237140 20d320d9 20d020d5 20d420d4 20d820d1
1237160 20e220da 20d620e1 20d820d6 20d620d8
1237200 20d520d7 20d720d7 20db20dd 20e020de
1237220 20e020e2 20df20dd 20e220e3 20e820e6
1237240 20e120e1 20e720e7 20e820e7 20e420e5
1237260 20e320e4 20e520e5 20e520e6 20e820e5
1237300 20f120e8 20f020ee 20ef20f6 20f620eb
1237320 20ec20f9 20ff20f0 20ea20f7 20f820f2
1237340 20f120f8 20e920ec 20f420eb 20f520f6
1237360 20fd20f5 20f820f8 20f620f3 20f120f3
1237400 20fb20f9 20f62101 20fb2100 20fb20f9
1237420 20fa20f7 210120fa 20fe20fd 20fd20fd
1237440 20fe20f7 210120fa 21032100 210c2106
1237460 21052108 21012105 210a2106 2107210e
1237500 21032110 210b2107 210b210b 21112110
1237520 21132110 2115210c 210d2114 21072109
1237540 2111210a 2114210b 21132113 2115211f
1237560 21122115 21132111 21092113 210c210c
1237600 210f2117 210a210c 21132109 21132115
1237620 21152112 21162117 2119211c 2110211f
1237640 211a2112 211a2116 211e2122 211e211e
1237660 21182115 2118211f 211a211b 211f2121
1237700 2118211a 211d211e 211f2120 211d211e
1237720 21292121 212e212b 21262120 21202123
1237740 2126212b 211b2123 211e2124 211a2121
1237760 2125211b 212a212b 212d212d 2128212e
1240000 212e212b 2131212a 2131212d 212b212e
1240020 2139213a 21332135 21322132 21372133
1240040 2135213f 213c2131 21382139 212c2131
1240060 21352130 2132213c 213d213a 213b2137
1240100 2139213c 213f213d 21392142 b0110495
1240120 00001004 0001000a 00010000 03b16019
1240140 00000ffc 0001000a 1400003c add01f00
1240160 add01f01 add01f02 add01f03 add01f04
1240200 add01f05 add01f06 add01f07 add01f08
1240220 add01f09 add01f0a add01f0b add01f0c
1240240 add01f0d add01f0e add01f0f add01f10
1240260 add01f11 add01f12 add01f13 add01f14
1240300 add01f15 add01f16 add01f17 add01f18
1240320 add01f19 add01f1a add01f1b add01f1c
1240340 add01f1d add01f1e ff000134 00000020
1240360 00000002 b2254b6e 00000001 deadbeef
1240400 f0000002 b2254b5a 2f0a4231 00000000
1240420 00000134 00001f48 a0100496 22102138
1240440 220e2216 220f220b 220b220d 22032203
1240460 22052204 220b2209 22042208 220c220c
1240500 2207220c 2211220a 220f2212 22162213
1240520 221f2220 2212220b 220f2213 220f2208
1240540 22112211 2218220d 22112210 2214220f
1240560 2219220f 22182215 221c2216 22102214
1240600 2210220e 22172213 22112213 22122210
1240620 22142214 2211221a 22112216 220f2218
1240640 22152216 22182217 22152212 22112216
1240660 2210220b 22122210 220e2212 22122211
1240700 220d2212 22192210 2218221a 220b2214
1240720 22102217 22142210 221b2218 22192218
1240740 221b2214 2219221f 22132219 22142214
1240760 22162216 22182213 22172222 221d2215
1241000 221c2224 221f221e 221d221a 22202221
1241020 221f2223 221d2222 221c2219 221a2218
1241040 2219221a 2221221e 221e2221 221b2220
1241060 2217221a 22172214 2217221f 221d221a
1241100 221d2219 221f2220 21b6221f 1ff220d3
1241120 1eae1f3d 1e1f1e54 1de21df2 1dd01dd9
1241140 1dcb1dcd 1dcf1dcf 1dcd1dcb 1dca1dca
1241160 1dcb1dca 1dc91dc7 1dc31dca 1dca1dcb
1241200 1dc71dc8 1dc51dce 1dcd1dd1 1dcd1dca
1241220 1dc81dc5 1dcc1dc7 1dc71dca 1dc41dc1
1241240 1dcf1dcf 1dcd1dcb 1dd21dd0 1dca1dce
1241260 1dcc1dc8 1dc41dc7 1dc11dc6 1dc51dc9
1241300 1dcb1dc9 1dca1dca 1dcd1dcc 1dce1dce
1241320 1dc61dce 1dc71dc9 1dcb1dcc 1dca1dcb
1241340 1dcb1dc8 1dc41dc9 1dc61dc4 1dc21dc5
1241360 1dc31dc5 1dcb1dc2 1dce1dcc 1dc61dd2
1241400 1dd31dd6 1dd41dd3 1de11dd5 1ddf1dd8
1241420 1dd61dd3 1dd61dde 1dd51dd5 1dd41dce
1241440 1dce1dd1 1dd31dd7 1dd61dd8 1ddf1ddb
1241460 1ddd1dd4 1dd21dd7 1dd51dd2 1dd71dde
1241500 1de21dde 1ddf1ddb 1ddb1de4 1de11de1
1241520 1dd81ddd 1dde1ddc 1dda1ddd 1dd81dd7
1241540 1de01dd5 1ddf1ddf 1de31dde 1de61de3
1241560 1de11de1 1de21de8 1de51de7 1de21ddf
1241600 1de31de5 1de11dec 1dde1de4 1de51de8
1241620 1de71de5 1de71de8 1de61de6 1de81de9
1241640 1de91de8 1de51de3 1df11dea 1df61dee
1241660 1ded1df3 1de41dec 1de11de7 1de81de3
1241700 1dee1dea 1df41df5 1dec1df4 1de91dea
1241720 1df11de9 1ded1df3 1def1def 1df31df0
1241740 1def1de7 1dea1ded 1df31de9 1dec1df8
1241760 1df81df5 1df61df7 1df91df7 1df31df9
1242000 1deb1df3 1df41df6 1df51df9 1df61df5
1242020 1df31df7 1dfe1df6 1df41dfa 1df01df4
1242040 1dfb1df3 1df11df9 1df21def 1def1dee
1242060 1df71df6 1e051dfd 1dfc1e00 1df41df8
1242100 1df01df7 1dff1df6 1e041e01 1df51df8
1242120 1df61df7 1dfb1dfd 1dfc1dfd 1e001e01
1242140 1dfe1dfd 1df81e00 1df91dfe 1e061e03
1242160 1dfe1e00 1dff1df6 1e011e04 1e071e03
1242200 1e061dff 1e001dfc 1e011dfa 1dfa1dfe
1242220 1e031dfe 1dff1e01 1e021dff 1dfe1e01
1242240 1dfa1df9 1df91df5 1e021e02 1e0a1dff
1242260 1e041e04 1e021e01 1e011e04 1dfd1e02
1242300 1e071e08 1e0b1e09 1e071e0d 1e141e18
1242320 1e151e10 1e0f1e0c 1e111e15 1e131e13
1242340 1e181e17 1e131e13 1e1a1e14 1e101e14
1242360 1e161e18 1e0c1e10 1e141e13 1e0a1e12
1242400 1e0a1e11 1e101e14 1e0f1e0e 1e101e10
1242420 1e171e18 1e101e1a 1e1a1e13 1e221e1a
1242440 1e201e1e 1e211e19 1e1a1e1c 1e161e1e
1242460 1e271e25 1e1f1e26 1e281e1a 1e1f1e22
1242500 1e201e2c 1e221e1d 1e1f1e21 1e2a1e21
1242520 1e241e2a 1e261e26 1e321e2a 1e2e1e2e
1242540 1e281e27 1e2c1e25 1e341e31 1e331e39
1242560 1e361e35 1e341e31 1e3a1e3b 1e2f1e34
1242600 1e351e44 1e371e32 1e3b1e34 1e451e3a
1242620 1e3c1e44 1e421e40 1e421e3e 1e461e43
1242640 1e4a1e44 1e491e48 1e411e4b 1e491e48
1242660 1e401e45 1e451e49 1e491e4b 1e471e47
1242700 1e4b1e49 1e541e51 1e4f1e4d 1e4c1e45
1242720 1e551e54 1e4b1e4e 1e501e4b 1e4c1e51
1242740 1e501e4e 1e4f1e50 1e561e4d 1e571e54
1242760 1e541e52 1e591e55 1e611e5d 1e601e62
1243000 1e631e59 1e5f1e62 1e641e6c 1e621e69
1243020 1e6a1e61 1e681e5f 1e6d1e67 1e631e6f
1243040 1e6c1e70 1e6a1e72 1e6b1e6d 1e6e1e6b
1243060 1e731e72 1e751e7a 1e7a1e77 1e761e74
1243100 1e731e79 1e741e78 1e701e6f 1e791e6c
1243120 1e741e6e 1e751e76 1e771e77 1e831e7b
1243140 1e831e7f 1e801e82 1e7b1e78 1e7c1e81
1243160 1e741e80 1e701e77 1e7f1e71 1e781e7c
1243200 1e811e7f 1e7c1e87 1e7d1e7d 1e831e7f
1243220 1e8e1e85 1e881e91 1e8f1e8d 1e8f1e8b
1243240 1e931e8e 1e921e92 1e901e88 1e8f1e92
1243260 1e8e1e90 1e8d1e8f 1e941e91 1e961e91
1243300 1e931e96 1e961e98 1e941e91 1e961e96
1243320 1e981e95 1e9a1e91 1e9f1e9b 1e9b1e9a
1243340 1e9a1e9b 1e9c1e9e 1e9c1ea3 1e971e9a
1243360 1e991e91 1e9c1e95 1e951e9d 1e941e9d
1243400 1e981ea0 1e9c1e95 1e9b1e99 1e9e1e9d
1243420 1ea71ea7 1ea11ea6 1e9b1e9e 1e9b1ea4
1243440 1ea21e9c 1e9a1ea1 1e9e1e9b 1ea21ea4
1243460 1ea21ea6 1eac1ea4 1ea21ea7 1e9d1ea1
1243500 1e9e1ea1 1e9b1ea2 1ea61ea2 1ead1eb1
1243520 1ead1ea9 1ea81ea5 1eaa1eaa 1ea41ea8
1243540 1ea41eab 1ea41ea6 1ea71ea7 1e9c1e9e
1243560 1ea01e9b 1eaa1ea8 1ea81ea9 1eab1ea6
1243600 1ea61ea6 1eae1eae 1eaa1eae 1ea31ea6
1243620 1ea91ea6 1eab1ead 1ea81eaa 1ea61ea6
1243640 1eab1ea8 1eb21eb2 1ea81eae 1ea51ea7
1243660 1ea51eaf 1ea51ea9 1ea91ea5 1ea61eaa
1243700 1e9f1ea7 1ead1eab 1ea51ea7 1eac1eaa
1243720 1ea61ea6 1ea91eaf 1eab1ea6 1eaf1eb5
1243740 1eb11ead 1eac1eac 1eae1eb1 1ea81eb2
1243760 1ea71eab 1eaf1ea5 1eb31eb3 1eb81eb9
1244000 1eb21eb4 1eb01eb0 1eb01eae 1eb51eb3
1244020 1eb01eb4 1eb21eb2 1eb31eb0 1ead1eb1
1244040 1eab1ea9 1eb21eb3 1eae1eb7 1eaf1eaa
1244060 1ea81ea5 1ea51ea8 1ea81eb0 1ea91eb0
1244100 1eb01eab 1eb31eb6 1eac1eaf 1eae1ea9
1244120 1eaa1eb3 1eb41eac 1eb81eb8 1eb11eb3
1244140 1eb11eb2 1eb11eab 1ea51eb6 1ebc1eaa
1244160 1eaf1eb2 1eb81eb5 1eb71eb8 1ebd1eb4
1244200 1eb71ebc 1eb71eb8 1eb41eb5 1eb01eb8
1244220 1eb91eb9 1eba1eb6 1eb91ebb 1eb41eb9
1244240 1ebd1ebc 1eb31ebe 1eb01eb1 1eab1eab
1244260 1eb31eb2 1eb81eb3 1eb51eb6 1eb01eb1
1244300 1eb31eb3 1eb31ebc 1eb41eba 1eb31eb2
1244320 1eab1eaf 1eb11eb0 1eb21eb0 1eb01eb1
1244340 1eb21eac 1eb51eb4 1eb71eb5 1eb91eaf
1244360 1eb21eb5 1eb81eb6 1eae1eb1 1eab1eab
1244400 1eb01eb3 1ebc1eb2 1eb31eba 1eab1ea5
1244420 1eb21eb2 1eaf1eac 1eb71ebb 1eb51eb2
1244440 1eb11eb1 1eb91eb0 1eb51eb6 1eae1eb2
1244460 1eaf1eb0 1eb01ead 1eb61eb9 1eb61ebc
1244500 1ebd1ec0 1eb81eb8 1eb31eb8 1ebb1ebf
1244520 1ebb1ebe 1ebd1ebb 1ebd1ebd 1eb51eb6
1244540 1eb21eb3 1ebb1eb7 1ebb1ebb 1ec21eba
1244560 1eba1ebc 1ebd1ec0 1ebf1ec2 1ebf1ec3
1244600 1ebf1ebc 1ebf1ebc 1ec01ec2 1ec71ec3
1244620 1ec61ec7 1ec81ec8 1ec71ec3 1eca1ec2
1244640 1ec01ec9 1ecd1eca 1ed71ed2 1ed71ed6
1244660 1ecb1ecb 1ec91ec1 1ecd1ed4 1ec91ec7
1244700 1ecc1ece 1ed21ec8 1ecb1ed0 1ed51ed2
1244720 1eda1ede 1eda1ed8 1ed81ed9 1ed41ed7
1244740 1ed81ed3 1ed51ed5 1ed61ed6 1ed71ed6
1244760 1ed21ed4 1ee01ee1 1ee61ee3 1ee71ee2
1245000 1eea1ee8 1ee71ee6 1ee91eec 1ee91ee7
1245020 1ee61ee4 1eed1ee3 1eee1ef2 1ef71ef0
1245040 1ef41ef2 1ef81ef7 1ef71ef5 1ef21eef
1245060 1efd1ef8 1efb1eff 1efb1efb 1ef91eff
1245100 1efa1f02 1efc1efc 1efe1efb 1f051eff
1245120 1efc1f04 1efb1efb 1f0b1f01 1f041f0a
1245140 1f071f04 1f041f07 1f021f07 1f021f02
1245160 1eff1eff 1f0c1f01 1f0f1f12 1f0d1f14
1245200 1f151f0d 1f1a1f0f 1f141f0d 1f171f15
1245220 1f111f22 1f1f1f1c 1f1f1f21 1f291f28
1245240 1f221f23 1f1c1f27 1f221f1a 1f231f25
1245260 1f281f28 1f271f2a 1f2a1f29 1f2e1f2d
1245300 1f281f29 1f2a1f2d 1f2e1f26 1f271f2d
1245320 1f311f36 1f341f2d 1f351f33 1f321f32
1245340 1f321f31 1f3d1f39 1f3e1f39 1f411f3c
1245360 1f3e1f3f 1f381f42 1f371f41 1f421f47
1245400 1f401f3e 1f3e1f3e 1f421f40 1f3a1f40
1245420 1f3b1f3e 1f3e1f37 1f3d1f41 1f3a1f3b
1245440 1f3e1f40 1f3c1f3e 1f391f3f 1f461f40
1245460 1f4d1f4c 1f4a1f4b 1f511f4d 1f4b1f4f
1245500 1f501f4e 1f501f50 1f491f52 1f481f43
1245520 1f481f47 1f4c1f48 1f571f53 1f4d1f59
1245540 1f491f4d 1f551f49 1f4e1f4c 1f551f54
1245560 1f521f51 1f531f4e 1f4f1f50 1f581f52
1245600 1f5a1f53 1f581f57 1f561f54 1f591f53
1245620 1f5d1f50 1f561f5e 1f5c1f5c 1f501f53
1245640 1f4c1f46 1f5e1f4f 1f561f59 1f621f61
1245660 1f571f5e 1f601f55 1f511f4f 1f581f51
1245700 1f611f5a 1f5b1f58 1f5a1f5c 1f541f57
1245720 1f5a1f57 1f5f1f5d 1f5c1f5e 1f5b1f5a
1245740 1f5f1f52 1f591f5a 1f621f60 1f601f65
1245760 1f611f57 1f631f5f 1f5f1f69 1f591f5f
1246000 1f5b1f54 1f5b1f5b 1f621f5e 1f5c1f5d
1246020 1f661f63 1f601f65 1f5f1f62 1f601f64
1246040 1f661f5e 1f611f62 1f5f1f5e 1f631f5a
1246060 1f631f67 1f681f67 1f661f63 1f651f61
1246100 1f6b1f68 1f6e1f62 1f6b1f6d 1f621f63
1246120 1f5b1f63 1f5d1f57 1f5e1f63 1f5f1f5b
1246140 1f5d1f62 1f6b1f61 1f6e1f63 1f671f6c
1246160 1f651f63 1f671f67 1f621f63 1f621f5e
1246200 1f601f61 1f5d1f62 1f5f1f63 1f5d1f60
1246220 1f5d1f61 1f541f5c 1f581f59 1f591f61
1246240 1f521f62 1f511f4e 1f571f50 1f661f5d
1246260 1f5a1f5b 1f611f59 1f641f5c 1f651f63
1246300 1f621f61 1f651f60 1f5f1f61 1f621f5c
1246320 1f631f60 1f591f59 1f5b1f61 1f5b1f5e
1246340 1f5a1f60 1f511f58 1f541f57 1f581f57
1246360 1f551f5c 1f541f4f 1f531f5c 1f551f54
1246400 1f571f5b 1f531f55 1f541f57 1f501f52
1246420 1f5c1f5c 1f591f60 1f571f57 1f5e1f5a
1246440 1f531f59 1f591f54 1f5a1f5d 1f5b1f58
1246460 1f591f55 1f531f52 1f591f61 1f531f5c
1246500 1f561f58 1f4f1f55 1f571f55 1f541f58
1246520 1f531f57 1f521f51 1f561f54 1f4f1f51
1246540 1f501f54 1f4c1f4d 1f4c1f4e 1f4e1f49
1246560 1f4d1f52 1f531f4e 1f4d1f4f 1f4e1f4d
1246600 1f541f53 1f4f1f53 1f461f46 1f4c1f50
1246620 1f4c1f4b 1f4b1f4b 1f4f1f4d 1f521f4d
1246640 1f471f4d 1f481f47 1f4e1f48 1f411f46
1246660 1f4e1f42 1f4c1f50 1f4e1f4a 1f521f49
1246700 1f551f51 1f511f4f 1f571f51 1f4e1f51
1246720 1f4c1f4c 1f4c1f47 1f4f1f50 1f531f57
1246740 1f4b1f4e 1f521f4d 1f501f4e 1f4e1f4b
1246760 1f4d1f4d 1f501f51 1f521f48 1f511f4f
1247000 1f4c1f50 1f571f59 1f541f58 1f5a1f57
1247020 1f5a1f5c 1f641f62 1f5b1f5d 1f5c1f5c
1247040 1f581f57 1f591f5b 1f5d1f5f 1f5f1f58
1247060 1f581f4f 1f5c1f52 1f5f1f5f 1f5b1f58
1247100 1f5f1f64 1f5f1f59 1f621f5c 1f601f5f
1247120 1f581f65 1f601f61 1f661f66 1f631f69
1247140 1f5c1f63 1f621f5d 1f641f64 1f6a1f6a
1247160 1f6d1f67 1f671f6a 1f6d1f6e 1f6e1f74
1247200 1f6d1f64 1f711f6b 1f721f6c 1f781f72
1247220 1f7a1f7b 1f781f78 1f811f79 1f7b1f7d
1247240 1f791f7d 1f791f77 1f7e1f7c 1f801f79
1247260 1f851f81 1f811f7f 1f831f84 1f841f8a
1247300 1f861f82 1f7f1f83 1f821f7c 1f871f7f
1247320 1f851f80 1f881f86 1f921f84 1f901f8e
1247340 1f961f99 1f941f96 1f9b1f96 1f9b1f9a
1247360 1f931f94 1f931f97 1f991f96 1f8d1f9d
1247400 1f991f97 1f971f9c 1fa61f9f 1fa91fa2
1247420 1fa81fa9 1fa01faa 1fa91fa4 1faa1fad
1247440 1faa1fad 1faf1fa8 1fa21faa 1fa91fae
1247460 1fac1fac 1faf1fa8 1fa91fb6 1fb01fb0
1247500 1fb11fb2 1fb01fb4 1fbc1fb3 1fb71fb4
1247520 1fba1fb5 1fb61fb9 1fbe1fb9 1fbb1fba
1247540 1fc01fc4 1fbe1fc2 1fbc1fc1 1fbf1fc0
1247560 1fbf1fbb 1fc81fc3 1fca1fc7 1fcb1fcd
1247600 1fd21fd6 1fc31fc5 1fd11fc4 1fd01fcd
1247620 1fd21fd4 1fd21fda 1fd81fd5 1fd41fd0
1247640 1fd41fd8 1fd01fd0 1fd81fdd 1fde1fd9
1247660 1fdd1fda 1fd61fdc 1fd51fd6 1fd61fda
1247700 1fdd1fd0 1fe61fdb 1fe91feb 1fe71fed
1247720 1fe01fdf 1fe81fe8 1fe71fe5 1fe81fe0
1247740 1fed1fe7 1fed1fed 1fed1fef 1fe81fee
1247760 1fec1fe8 1feb1fe5 1fee1fed 1fef1fef
1250000 1ff41fef 1ff31ff5 1ff31fee 1fe91fec
1250020 1fee1fee 1ff21fea 1ff41ff6 1ff91ffb
1250040 1ff61ff2 1fee1fef 1ff71ff2 1ff71ffe
1250060 1ff91ffc 1ff81ff3 1ff91ff3 1ff41ffa
1250100 1ff71ff4 1ff71ff5 1ffe1ffa 1ff91ff4
1250120 1ff81ffd 1ffd1ff7 20042001 1ff92007
1250140 20021ffe 1ffc2000 1ffe1ffd 1ff31ffd
1250160 1ff41ff9 1ff01ff4 1ff51ff2 1ffa1ff7
1250200 1ffb1ffb 20021ffc 20022001 20022000
1250220 1fff2006 1ff41ffb 1ffd1ff9 1ff61ffa
1250240 20041ffc 1ffc2001 1ffc1ffe 20032001
1250260 1ffe2000 20062000 20002004 20062005
1250300 1ffe2006 1ffd2006 20062006 1ff21ffd
1250320 1ff81ff7 1ff31ff7 1ffa1ffb 20042007
1250340 20012002 20041fff 20092003 200a200e
1250360 2006200b 200f2009 20002008 1ff82000
1250400 20031fff 20001ffd 1ffa1ffe 1ffd2001
1250420 20011ffe 1ff71ffa 1ff81ff4 1ffd1ffc
1250440 1ffb1ffc 1fff1ffe 20002001 20042002
1250460 1ffc2001 1ff71ffc 1ffa1ffd 1ff41ffb
1250500 1ff51ffa 1fff1ffe 1ffd1ffb 1ff51ffc
1250520 1ff31ff7 1ff41ff6 1ff61ff5 1ffb1fee
1250540 1ffb1ffd 1ff11ff2 1ff51ff1 1ffa1ff6
1250560 1ff31ff7 1ff81ffa 1ff41ff9 1ff21ff5
1250600 1ff11ff0 1ff51ff4 20031ffb 1ff81ff7
1250620 1ff81ff5 1ff41ff0 1ff21ff6 1ff91ff4
1250640 1ffb1ff9 1ffd1ff4 1ff51ff6 1ff11ff4
1250660 1fe71fed 1fed1feb 1feb1fe6 1fe81fe4
1250700 1fe71ff0 1ff31ff0 1ff11ff7 1ff21ff1
1250720 1fec1fee 1feb1ff0 1fe01fe5 1fe11fe8
1250740 1fe31fe5 1fde1fe0 1feb1fe8 1fea1feb
1250760 1fe91ff0 1fe81fe4 1feb1fea 1fe91fe9
1251000 1fe71fee 1fe91fea 1fe41fe7 1fe91fe5
1251020 1fe51fe3 1fd41fdd 1fe41fdf 1fdb1fde
1251040 1fe81fe1 1fe51fe7 1feb1fe7 1fee1fee
1251060 1fe31fec 1fe71fe9 1fe61fe6 1fe21fe3
1251100 1fde1fe2 1fe31fde 1fdf1fde 1fe31fe3
1251120 1fe11fe4 1fe01fdc 1fdf1fe3 1fe41fe4
1251140 1fdd1fe3 1fdb1fdd 1fda1fd3 1fe01fdf
1251160 1fdc1fe4 1fdc1fdf 1fd91fe0 1fd91fd7
1251200 1fe41fe6 1fe01fdc 1fe81fe6 1fdf1fe3
1251220 1fda1fdb 1fe11fd9 1fe41fdc 1fea1fe9
1251240 1fe51fea 1fe11fdf 1fe21fe1 1fe71fe7
1251260 1fdb1fdd 1fe51fe3 1fe71fec 1fdf1fe1
1251300 1fdf1fdb 1fd71fd6 1fe61fe4 1fe81fe6
1251320 1fe31fe1 1fdf1fe3 1fe01fe2 1fdd1fe0
1251340 1fdf1fe1 1fe61fdf 1feb1fed 1feb1fee
1251360 1fec1fee 1fec1fe7 1ff01fe4 1fef1feb
1251400 1fea1fef 1fed1feb 1ff31ff0 1ff51fee
1251420 1ff01ffa 1ff11ff4 1ff91ff9 1ffc1ffa
1251440 1ff91ff5 1ffd1ff6 1ffc1ffd 1ffc2000
1251460 1ff41ffb 20021ffe 20002002 20002003
1251500 20002002 1ffe1ff9 20011ffe 20001fff
1251520 200b2009 20082007 200d2006 2007200b
1251540 2010200d 20082012 2012200c 200d200b
1251560 20172006 2011200f 20142015 20162013
1251600 20192016 201a201b 201f201e 2018201e
1251620 20172020 2020201c 20202024 2021201d
1251640 201a201c 201d2024 20272023 202b202c
1251660 20272029 20212021 20262027 20312032
1251700 20312030 202d2030 20302033 20342037
1251720 20352039 20342038 20372038 20352033
1251740 203d203e 20332032 203b2034 20372030
1251760 203f2039 203e203b 203f203a 203e2041
1252000 2040203d 2032203b 2039203d 20482043
1252020 20472046 204a2046 20482044 204a2055
1252040 204c204e 204c2045 20462046 204e204c
1252060 20432048 2049204e 204f2044 20512051
1252100 2050204d 20532051 204f204b 2057204a
1252120 204f204b 2053205f 2060205d 205b205a
1252140 20632062 20602059 20652061 2064206a
1252160 20622069 2062205e 20602063 20622069
1252200 20602068 2068206d 2065206a 20632065
1252220 206a2067 20642068 20672066 20682061
1252240 20702071 2069206e 206f2069 206a2074
1252260 20692066 2064206c 20682064 206f2073
1252300 206c206d 20752069 2073206b 20702074
1252320 20782074 20712075 206b206e 206e2075
1252340 20702079 20712073 206e206e 2078206f
1252360 206d2073 20722075 206f2075 20742073
1252400 2077206d 2076207b 20712075 20742079
1252420 207a2076 2078207d 207c207e 2083207c
1252440 20822084 20822085 2084207e 20832083
1252460 2077207e 2077207b 207c207b 20842080
1252500 20882083 20802089 20842082 208a208a
1252520 20822080 20802084 20802084 207e207f
1252540 20802077 20852080 20802081 207f2080
1252560 207f2082 20812086 20802081 20882086
1252600 20862089 2086208b 207b207f 2082207c
1252620 207f2082 207d207f 2085207e 20892086
1252640 208c208b 207f2089 207e208e 20842083
1252660 20852083 208a208a 20862089 20802087
1252700 2083208f 207f207f 207a207c 207e207c
1252720 207e2077 207c207a 2082207e 20832082
1252740 207f207d 207e2079 2078207d 20712074
1252760 207f2070 207f207e 207a207f 20742076
1253000 20702073 2076206d 20782077 20812079
1253020 20832089 207c207e 2080207b 2076207e
1253040 207d2083 2081207f 2079207d 20762073
1253060 20752077 2078207d 20812079 207a207d
1253100 20762072 207b2077 2077207b 20772078
1253120 20732078 20722078 206f2073 20752072
1253140 20712073 20762077 20692070 20692072
1253160 20612069 20692067 206b2068 20692068
1253200 20672065 206c2073 2072206f 206d2070
1253220 206b206b 20692075 205d2061 20632068
1253240 206a2067 206d206d 206e206c 20742072
1253260 2064206b 2064205e 20682061 205d2062
1253300 205f2062 20642061 20632064 206b2064
1253320 20672067 20652063 20622062 20622063
1253340 2067205f 205a2061 20652061 20652067
1253360 20622061 20652060 205f2061 205e205e
1253400 205b205b 205d2060 2061205e 205c205c
1253420 205b205e 205b2057 205d205c 205f205d
1253440 20602057 20592062 205b205f 205b205b
1253460 2067206a 20582065 205b205a 205c205d
1253500 205c205c 205e2062 2059205b 2051205d
1253520 205c205e 205d205a 20642066 205d205d
1253540 2058205b 20582065 2059205a 2061205b
1253560 2066205f 205f206c 2065206a 20682065
1253600 20692064 20662060 20632063 20652068
1253620 20662066 20622063 20622063 206e206c
1253640 2069206e 20672063 206a206e 206a2066
1253660 2068206e 2065206e 20652061 2062205c
1253700 206a2065 206a206a 20742073 2070207c
1253720 20742070 20712072 206d2070 20782076
1253740 206f2077 20732072 2079207a 207c207e
1253760 207f207e 20772076 207d2078 2081207c
1254000 2072207e 20762077 20782072 2080207c
1254020 20872084 20822086 20822086 20882086
1254040 208c2088 20892088 20802088 208b2080
1254060 208f208c 2089208b 208c208a 208e2090
1254100 208b208f 208b2086 208c208b 20912097
1254120 209a209a 209a2099 20a6209e 20a320a0
1254140 20a0209d 209c20a3 20a220a8 20a720a4
1254160 20a420a2 20a120a4 20a020a3 20a620a6
1254200 20a820a1 20b1209e 20ae20b2 20a920a2
1254220 20af20b3 20af20ad 20b520b1 20a920ae
1254240 20b120a8 20ad20ae 20a920ac 20ab20a9
1254260 20b920b7 20ac20b7 20b520bc 20ad20b0
1254300 20ae20ac 20b220b0 20b720b6 20b920bd
1254320 20b620b5 20bf20b6 20bb20b9 20bd20bb
1254340 20bd20be 20bf20b9 20bf20bf 20b920bb
1254360 20af20b9 20ae20b4 20b320ad 20bc20c1
1254400 20bf20bd 20be20bc 20bc20c0 20c520c2
1254420 20c720c4 20d020cc 20d120cf 20d620d3
1254440 20d220d4 20d320cb 20c220cf 20ca20c2
1254460 20ca20cf 20c720ca 20cf20c8 20d620d9
1254500 20cc20d3 20ce20ca 20d720d3 20d120d3
1254520 20d120cc 20d320d1 20d620da 20d720d1
1254540 20ce20dd 20d320d3 20ca20cf 20cd20d4
1254560 20d620da 20de20d2 20cf20d6 20ce20d3
1254600 20d020d4 20d220d1 20d020d0 20d320d2
1254620 20da20d6 20da20db 20d020d4 20d720d6
1254640 20dd20d8 20d520d9 20db20df 20df20dd
1254660 20e220db 20e320e4 20e420e5 20de20e9
1254700 20e520de 20e720dd 20e620e7 20e020e1
1254720 20db20e4 20dc20d6 20dd20e1 20d820db
1254740 20d620d5 20de20da 20e420e0 20e920e9
1254760 20e220e9 20ea20e9 20ec20f0 20ef20f6
1255000 20f620ed 20f320f2 20ec20f1 20e920eb
1255020 20ea20f2 20e720e7 20e920e8 20e220ec
1255040 20e820e9 20e720e9 20eb20eb 20e820ea
1255060 20ed20ec 20f120f2 20ee20f7 20f420ed
1255100 20ef20ee 20ea20ec 20e620e7 20e620e6
1255120 20eb20e6 20e420df 20e520de 20e420e1
1255140 20e720e5 20ed20e3 20eb20ed 20e420ee
1255160 20df20e2 20e820e5 20e120e2 20eb20e3
1255200 20e820e8 20ee20f3 20ed20e5 20e820e9
1255220 20e920ea 20ec20e7 20eb20ea 20f120f2
1255240 20ed20ee 20e820ea 20ec20ef 20e720ef
1255260 20ef20ee 20ef20f2 20e820e4 20de20e5
1255300 20e820e1 20ea20e3 20e020e1 20e420e1
1255320 20e520e3 20e820e5 20e420e9 20e420e1
1255340 20e020e5 20d820db 20d820d8 20da20d6
1255360 20dd20dc 20db20dd 20d620d6 20de20d5
1255400 20e120dc 20db20da 20dc20e3 20d420d9
1255420 20dd20dc 20e320df 20d920d6 20db20dc
1255440 20d220d7 20e420e3 20d720df 20da20d7
1255460 20d120da 20d920d9 20db20d7 20de20dc
1255500 20e420d8 20d620e6 20d720da 20df20df
1255520 20e220dd 20db20db 20d820d9 20d520da
1255540 20cc20ce 20d220cf 20cd20d1 20d020cf
1255560 20cf20c7 20d520d2 20d320d9 20d920c8
1255600 20d420d3 20cc20cc 20cb20d2 20c920c4
1255620 20cd20ca 20d320d0 20d220d4 20d320d1
1255640 20da20db 20dc20d6 20d420d6 20ca20d1
1255660 20ce20ca 20cd20c4 20c920c9 20d120d3
1255700 20c620ca 20d020ce 20ca20cd 20d620c7
1255720 20d720d4 20d920da 20da20e1 20d620d1
1255740 20d420d1 20d720ce 20d520da 20cd20cb
1255760 20d320c9 20ce20c8 20cf20d0 20cc20cb
1256000 20c820cc 20cb20c9 20d520cd 20d220d1
1256020 20d620d4 20d020d9 20d720d1 20d920dd
1256040 20db20d7 20d820d8 20d920dc 20e020d9
1256060 20e020db 20d420d4 20da20d7 20dc20de
1256100 20e220d9 20e220dc 20e320e5 20dd20e2
1256120 20d920df 20df20d7 20df20dc 20df20df
1256140 20d420dd 20ef20e1 20e020e7 20e720e2
1256160 20e720e7 20e120e2 20df20e3 20df20de
1256200 20e020e3 20f020e4 20e520f3 20e720ec
1256220 20e020ef 20e920ea 20eb20ea 20ed20ee
1256240 20ec20ee 20e920e9 20ea20e7 20e920ea
1256260 20e320e9 20e920ee 20ed20ed 20e820ec
1256300 20ee20eb 20f420f0 20ef20f7 20f820f4
1256320 20f820ee 20f420f1 20f620f9 20e920f6
1256340 20f420e7 20f720f3 20f62103 20f720f7
1256360 20f820f2 210120f7 210420fe 20fd2101
1256400 20fb2102 210720fd 20fe20fa 20fc20f8
1256420 20f720f2 210120fc 21062104 20fd2106
1256440 21012104 21002103 20fe210a 210020fd
1256460 210120ff 210720fe 21072109 21062108
1256500 21022106 21082105 210d2103 210b210a
1256520 2108210b 21022107 21092109 21062107
1256540 21022109 210e2105 210d2104 21122116
1256560 21132111 21112113 210f2112 210d2113
1256600 2112210b 210e2111 2107210b 210c210a
1256620 210d210c 21142112 2115210f 21122115
1256640 210f2115 21172112 211c211a 211b2112
1256660 211a211b 21172115 211c2128 2118211d
1256700 2113211b 21172118 211c211b 2116211e
1256720 21172117 21142110 211a2114 211e211a
1256740 2118211f 211a211a 211b2113 211b211a
1256760 211d2121 21152118 2119211a 211a2118
1257000 21152118 211a2119 211d211c 21262122
1257020 212b2123 21252120 21262123 21212125
1257040 21272125 212d212b 212b212c 2122212a
1257060 2126211f 21232127 21252126 21252124
1257100 21292130 212d212a 2135212a 21302133
1257120 2131213c 212c2128 212e212e 21312133
1257140 21302131 212c2130 212c212e 212d2130
1257160 212f2130 21342133 2128212e 2127212f
1257200 21222129 21262124 21292120 212d2124
1257220 212a212e 212c212f 212f212a 212f212c
1257240 21282130 21282124 2123212b 212b2126
1257260 212e2129 212f212d 2128212b 2125212d
1257300 21332129 2130212f 21332132 2136213a
1257320 21362136 21312130 21312132 21302134
1257340 2129212e 212b212d 212f212e 2136212d
1257360 213c2136 2131212f 213b213e 21312139
1257400 213e213c 2137213a 21332137 213b2135
1257420 21302134 2130213e 212a2131 2130212d
1257440 21312131 212e212d 212b212c 212f212f
1257460 212d2130 21362137 21332134 213b2139
1257500 21382136 2137213b 212f2132 213f2133
1257520 21422134 213d213f 21342136 21372135
1257540 21322133 21322132 212f2131 212b2128
1257560 212f212e 212d212d 212c2127 212a212c
1257600 212c2129 212b212f 212e2131 212a2128
1257620 21232127 21352127 2136212a 2124212b
1257640 21312129 212a2130 21282130 21212128
1257660 211f211e 211e2122 21232126 21212120
1257700 2129212d 2127212a 212e2128 21292127
1257720 21242128 21272126 21262120 212d212b
1257740 212a212e 21282125 212b212a 212c2124
1257760 212d2123 21282124 2128212b 21282128
1260000 21262125 21222125 21212123 211c2121
1260020 21212120 211d2121 212b212a 2127212d
1260040 2121212a 2126212a 212c2129 212c212d
1260060 212a212c 212d2130 21232128 211d212a
1260100 212c2123 2127212e 212e212f 21242124
1260120 21212126 21222123 211d2120 b0100496
1260140 00000fcc 0001000a 00010000 03b1601a
1260160 00000ffc 0001000a 1400003c add01f00
1260200 add01f01 add01f02 add01f03 add01f04
1260220 add01f05 add01f06 add01f07 add01f08
1260240 add01f09 add01f0a add01f0b add01f0c
1260260 add01f0d add01f0e add01f0f add01f10
1260300 add01f11 add01f12 add01f13 add01f14
1260320 add01f15 add01f16 add01f17 add01f18
1260340 add01f19 add01f1a add01f1b add01f1c
1260360 add01f1d add01f1e ff000134 00000020
1260400 00000002 b2640cb1 00000001 deadbeef
1260420 f0000002 b2640c9d 0702724f 00000000
1260440 00000134 00001f48 a0110497 21f8212c
1260460 21f221f6 21f521eb 21f021ef 21f421f1
1260500 21fa21f9 21ff21ff 21fc21f5 21ff21fa
1260520 21f521f6 21f921fb 21ff21fa 220021f6
1260540 21fc21f5 21fc21fd 220621f9 220921fc
1260560 22032204 22002203 220121ff 220421ff
1260600 22092203 220f220b 2209220a 21ff2205
1260620 220021ff 21ff2200 21fb21fe 21f821fd
1260640 21fc21f7 22032202 220821ff 22072205
1260660 22032202 22042204 22082209 22072204
1260700 22082205 22032208 22052202 220c220a
1260720 220b2204 220b2209 220d2211 22102212
1260740 2208220d 22052206 220d220a 22132209
1260760 22112210 22122215 22142218 22172212
1261000 22182219 22142215 22182215 220e2214
1261020 22152211 2214220c 22112216 22162210
1261040 22192218 221b2218 22122214 220b2215
1261060 220c220f 22172210 22142214 2211220f
1261100 221c2219 2218221d 22142210 22192214
1261120 22142213 220e2219 21fc2217 219d21cb
1261140 21582177 2130213e 2119211d 21142116
1261160 21182114 21132113 21152111 2113210f
1261200 2116211a 211d211e 2116211e 211a2119
1261220 21142118 211e2114 211a211a 21182115
1261240 2117211b 211a211e 2115211e 21182118
1261260 21112117 21122114 2116210e 21142119
1261300 211a2110 211b211b 211a2119 2116211c
1261320 21172119 211f2120 211a211d 211c211e
1261340 2116211e 2118211a 21132119 21182116
1261360 21192118 211b211d 211a2118 211b2118
1261400 211a2115 211a211c 211e2120 211a211f
1261420 211f211b 211c211e 211c2116 21102111
1261440 21112116 2118211f 21192115 211d2123
1261460 211b211d 211e2122 21212120 2127211f
1261500 211d211b 211c2121 21212122 211b2120
1261520 211f2126 21202124 21202124 211d2127
1261540 211d2119 211c211e 211b2117 21182116
1261560 210c211a 211c211e 2122211d 21222122
1261600 2120211e 2119211a 21102111 21182112
1261620 21202119 211e2123 2117211a 211a2112
1261640 211a2117 21172114 21132112 210f2115
1261660 21112110 2118210f 211d2111 211b2120
1261700 21182119 211b211b 211f211c 211e2121
1261720 211b2119 2112211a 211a2118 2118211d
1261740 21172116 21182119 21192119 21162115
1261760 210d210e 210e210c 21112116 21052114
1262000 2104210c 2111210f 21072107 210f210e
1262020 21072108 21092105 21052107 21022106
1262040 2101210d 210a210c 210a210d 210c210f
1262060 21042101 21072105 21072107 210a2106
1262100 210a2108 21052103 210420ff 21072105
1262120 21032106 21012107 20fd2101 20f820fa
1262140 21012106 20ff20fc 20fc20fe 20fc2103
1262160 20fa20fe 210320fe 21002103 20fc2102
1262200 20f82101 20f620ff 20fb20f9 20fc20fb
1262220 210620fc 2102210a 20fd20ff 20fb2104
1262240 20f820f7 20f920f6 20f120f1 20f820f6
1262260 20f020ed 20f920f2 20f220f0 20ef20ed
1262300 20e320e8 20f220f1 20f020ec 20f120f2
1262320 20f120ed 20ea20ec 20fa20f1 20f620f4
1262340 20eb20f5 20e920e8 20f720ef 20f220f1
1262360 20f120ee 20f220f0 20fc20f6 20fa20f7
1262400 20fc20f5 20f520f1 20f520ee 20fb20f7
1262420 20fb20f9 20f420f9 20f320f4 20f520f5
1262440 20e920f4 20f720ee 20f120f0 20f420f7
1262460 210120fe 20f420fc 20f420fa 20f720f8
1262500 20f520fb 20f220f4 20ef20f2 210520f6
1262520 20f820f8 20f820fc 20f720ff 20f720f8
1262540 210120ff 20fc20fe 20f920f7 20f620f3
1262560 20ff20f8 20fa20f8 20f920fa 21052101
1262600 21052102 21032105 20ff2101 20fa20fe
1262620 210220fa 21052105 210a2106 21022109
1262640 21032107 21052106 210f210b 21062105
1262660 20fb2101 21062101 210f210a 21132113
1262700 2109210b 210b210f 210e210c 21162116
1262720 211d2113 21132117 210e2111 21102114
1262740 21182118 211c210a 2117211c 21222120
1262760 211c2125 21142107 211b2119 21182118
1263000 211d211d 211e211b 211f2117 21212120
1263020 211a2120 211e211e 211d2127 211a2116
1263040 2123211d 21292129 212a212b 212e2129
1263060 2135212e 21272126 21222120 21202128
1263100 212b2127 212d2125 2132212b 21352130
1263120 212e212c 212b212b 212e2133 21342133
1263140 21302130 212e212e 2130212a 21252128
1263160 212b2128 21392131 21362137 2134213d
1263200 213c213d 21382137 213d2137 2136213b
1263220 212b213a 21312137 2148213a 213c2145
1263240 213e213e 2135213e 21362136 213a212f
1263260 213b213a 213f213a 213c2140 21412147
1263300 21472146 213c2139 213c213c 2140213f
1263320 21372137 213b213a 2148213a 21422148
1263340 214b2141 213b2142 213e213e 213c213c
1263360 213a213e 2140213f 21452140 21472146
1263400 21442147 213c2144 213b213b 2141213d
1263420 214a2147 21552149 214f2150 214a2151
1263440 21472145 21462141 2146214d 214f214f
1263460 214f2150 214f214e 2150214a 214a214e
1263500 2150214a 214b2157 21552156 21572159
1263520 21542159 214d2156 214a214c 214f214a
1263540 21562155 21512152 214e2153 214a214d
1263560 2152214c 2153214e 214d2151 214b214c
1263600 21542154 21482150 214d2148 214d2146
1263620 214d214a 214b214f 2151214e 21452144
1263640 21522147 2157214e 21542159 21532150
1263660 21542151 21522150 2147214b 214a2148
1263700 2151214b 21482148 214d2147 214b214b
1263720 21502149 2147214e 214f214b 2152214b
1263740 214f2140 21512150 21432142 214e2147
1263760 214a2146 21492145 214a214b 21492147
1264000 21482143 2151214f 21522146 21522150
1264020 214f214f 214b2146 21442148 21402147
1264040 21442145 21422145 21432146 21432148
1264060 213f2140 2135213b 213d2135 213a2136
1264100 213c213b 21402142 2137213e 214b213e
1264120 21452144 21452144 2140213b 21432144
1264140 21422139 213a2136 21382141 2129212a
1264160 2132212f 21402138 213c2141 2139213e
1264200 21322137 21342133 21342128 21312136
1264220 21342132 21282138 2123212b 212a212d
1264240 21292128 212e2126 2120212b 21282122
1264260 21282129 212a2123 211a2124 21242127
1264300 21242127 21272125 2127211d 2124211f
1264320 21222122 21212126 2123211c 211e2125
1264340 2120211f 211e2123 21182122 2117211a
1264360 211d2117 21192118 211d2118 210e2115
1264400 211b211b 211a211c 210c2112 2112210e
1264420 211e211b 21162119 21162112 210f2111
1264440 210e210b 21102110 21182118 210f211b
1264460 21152109 210f2112 210d210e 210f210c
1264500 21172116 21192116 21152119 210d210d
1264520 210f210a 2111210d 21102118 21102111
1264540 210b210b 2112210f 21122112 210a2111
1264560 2108210a 2112210c 21122116 21192112
1264600 21112114 2113210e 211a2119 21142119
1264620 2116210f 21102117 2113211b 21112116
1264640 21112111 21122111 2112210c 210e2111
1264660 21112110 2110210b 2114210f 21092114
1264700 210d2114 21132113 2112211a 21162112
1264720 2116210d 2119211b 21192119 2113211b
1264740 21122113 2116210c 21142113 21192117
1264760 211c2119 21192117 211c2115 211c211e
1265000 21282127 21252122 21222124 21212121
1265020 211a2121 21202121 21272125 21232123
1265040 2121211d 21292121 2128212c 21252124
1265060 21272123 21232128 21282123 21302131
1265100 21312132 21352130 2125212b 21242125
1265120 21222125 21342126 21312132 212e2137
1265140 213b2132 2139213e 213a2142 21402144
1265160 213f214b 21402148 2136213c 21432142
1265200 21392137 213d213d 213b213a 21422142
1265220 21442149 21462142 214e2141 213e2145
1265240 21412146 2149214a 21492147 21482147
1265260 21492146 214a2141 21472144 214d2147
1265300 21462146 214c214c 21552150 215a2151
1265320 21542152 21532155 21502151 214c2153
1265340 2158214c 215c2159 215c2158 215a2159
1265360 21562161 215e215c 21602162 2162215d
1265400 215c215e 21612161 2164215f 21672163
1265420 21672162 21672162 21672163 2172216c
1265440 21672165 216e2167 21692170 216f216b
1265460 216c216c 216e2173 216f2173 21742172
1265500 2178217e 21792178 21722171 21732175
1265520 21732176 21782175 216d216e 217c2176
1265540 21702178 216f216f 21742178 217a2173
1265560 21782177 21792174 21792177 217d217e
1265600 21802183 21842183 218b2186 217f218a
1265620 21822181 21812180 21802179 217c217c
1265640 217a2180 21802186 217a217a 21822181
1265660 2178217d 2181217a 21862182 2193217e
1265700 217a2183 2183217d 21822185 217f218a
1265720 217e2182 21832180 218a2187 21852188
1265740 21872188 21892182 218e2183 218f2188
1265760 21822181 21802181 21822185 218a2185
1266000 21852183 21832189 21872188 21872188
1266020 21862180 21882189 21862191 2189218f
1266040 21892189 2184218b 21812183 21832186
1266060 2182217f 21802181 21862179 21832185
1266100 21852182 21822186 21752182 21862177
1266120 21872188 2182218e 21812179 21842184
1266140 2187217d 2182217f 21802185 21802185
1266160 217e217f 217f217f 217f217e 2178217c
1266200 2173217a 21742178 21762176 21812178
1266220 217a2175 217a2177 217a2182 217b2180
1266240 21792176 21762178 21742178 216f2170
1266260 21732174 21752179 21752176 2177217b
1266300 21762174 21792174 21722176 21752174
1266320 21722174 2168216c 21702170 2171216f
1266340 2165216e 21662167 21662169 216d2166
1266360 21652163 2161216d 2168216c 21632165
1266400 21652161 21652162 21692168 21592162
1266420 21602161 21532157 21532156 2157215c
1266440 2157215a 21552157 21522152 214e2156
1266460 215b2153 21522155 2154215b 214d214f
1266500 214f214d 2150214d 214f214c 214a214b
1266520 214d2145 2139214b 21462142 214a2147
1266540 21442144 21462144 21402142 21402141
1266560 21432140 2140213f 21462141 213c2142
1266600 213b2137 2149213f 21492140 21402140
1266620 2140213d 2139213f 21312134 21362133
1266640 212e2137 21342135 21372136 212b2136
1266660 2132212b 21352133 2130212d 212a212f
1266700 21272129 2125212b 2130212b 2130212a
1266720 21292134 2132212e 21332129 21342130
1266740 2133212d 212e2136 21312130 2125212e
1266760 21292125 21222124 21272127 2132212c
1267000 21292130 2129212c 212d212a 212a2130
1267020 212f2131 2136213a 2138212c 21392139
1267040 21382134 2135212c 21342131 212f212f
1267060 212d212f 212d212d 212e2131 212d212e
1267100 212e212e 21342137 21382137 213b2138
1267120 21422132 213b2139 213a2134 21362136
1267140 21312132 21322133 21392130 21472143
1267160 213c2143 2141213e 21362138 21312132
1267200 21382132 213a2133 21382138 213c2138
1267220 213c2139 213b213d 213e213f 21442143
1267240 214d214b 214e214f 21482145 213f2145
1267260 2143213e 21472143 21482146 21452149
1267300 213c2149 214b2146 214c214a 2155214f
1267320 21562150 214e2151 214f2151 21572152
1267340 215a215c 215b215e 215b2157 21562157
1267360 21542159 21542151 215a2154 21592164
1267400 21592155 215d215c 21552160 2161215d
1267420 216b2160 21662166 2165216a 21682165
1267440 216b2166 216b2169 216b2169 21702169
1267460 21652168 21712172 21722174 216d217c
1267500 21752170 21762172 21732176 217b2176
1267520 217b2176 2176217b 217b2173 217a217e
1267540 217b2177 21762178 2176216e 217b2175
1267560 217f2183 21852185 21822187 2181217c
1267600 21862180 21822182 2184218c 218b2189
1267620 2190218b 2193218d 219d2194 21882194
1267640 2196218e 21902196 219e2194 219a21a0
1267660 218d2199 21952198 218c218b 21922194
1267700 21932195 2197219a 21982195 219b219b
1267720 219e219e 21a8219c 21a521a9 21a721a8
1267740 219f21a0 21a521a2 21a5219e 219c219f
1267760 219e219f 219f21a3 21a521a1 21a321a6
1270000 21a621a8 21a121a7 21a921a4 21a421a8
1270020 21a621a8 21a521a3 21a521a8 21a921a6
1270040 21a621a4 21aa21a8 21a921aa 21b021b0
1270060 21b321b1 21b321b0 21a721b2 21a421a4
1270100 21a621a7 21a521a7 21b021a9 21b321b1
1270120 21af21ad 21b121b0 21b021b1 21ae21b9
1270140 21b621b9 21b621b6 21b921b6 21b521b2
1270160 21bb21b7 21b421b5 21b221ab 21b521ae
1270200 21b021af 21af21ac 21b621b1 21b921b8
1270220 21ba21ba 21b321ba 21b821b6 21b321ac
1270240 21b121b0 21b221b2 21b621b3 21bf21b5
1270260 21b121b5 21b421b4 21b221b6 21b421b7
1270300 21bf21b7 21b321bc 21bd21b3 21b721b6
1270320 21bc21b6 21bc21b8 21ba21be 21ba21b4
1270340 21ba21c0 21c021be 21b421b8 21b821b5
1270360 21a921ab 21b221b2 21b321b3 21b521ad
1270400 21b421b7 21b021a9 21b221b4 21ac21ad
1270420 21af21ad 21a521b3 21a821ae 21a421ad
1270440 21a821ac 21b521ab 21b621b2 21a921af
1270460 21a521ad 21a821a7 21af21a4 21ac21ad
1270500 21ad21ad 21a721ae 21a121a9 21a3219d
1270520 21ab21af 21a521a5 219a21a2 21a0219e
1270540 21952198 21a221a2 21a021a4 21a321a6
1270560 219a219e 219a219b 219b21a1 21992199
1270600 21962199 218b2193 21942190 21922197
1270620 217d2189 2188218d 21862184 21952186
1270640 21902189 2191218f 2189218a 2183218b
1270660 21822185 21802183 217f2181 2180217f
1270700 21892180 218e2186 2180218e 217c217c
1270720 217e2185 21742184 21762173 21712174
1270740 21742172 216c2172 2175216e 2171216d
1270760 2174216c 21762173 2174217a 216a216e
1271000 2166216c 21612163 21652164 21692169
1271020 21652168 215f2163 2165215e 21632166
1271040 215b215c 21602158 215c215c 215f2159
1271060 21542153 2159215e 21502153 2163215c
1271100 215d2164 21582152 215b215a 21562158
1271120 2156215b 21502154 214e214e 214d2158
1271140 21572151 21552156 21582158 215c2155
1271160 21572158 21592155 2151214f 2151214d
1271200 21502148 214a214d 214b2150 2153214e
1271220 214e214d 214e214f 214e2150 2152214c
1271240 21532152 2147214e 214b214c 214b214f
1271260 21442143 214c2147 21462149 2141214b
1271300 214b214b 214d2150 214d2151 214f214b
1271320 21522152 21592150 214f214d 215b2155
1271340 21502152 214e2150 214b214b 21522147
1271360 21552151 2153214e 214d2152 21532156
1271400 214e2154 21552151 21532153 21572153
1271420 2156215b 214d214c 214a2145 214d2147
1271440 21472149 21572151 21582157 21552159
1271460 215a2155 2155215b 2152215b 215c2157
1271500 215e215f 215d215f 215b2160 215a215e
1271520 21562159 215c2156 215d2159 215d215f
1271540 215a2159 21612158 2160215e 21682164
1271560 216f216c 2161216a 215c2167 216f2164
1271600 2167216b 21762173 21742173 21712172
1271620 21772178 21752177 21772176 21712173
1271640 21772176 21792179 217e217a 217d2179
1271660 21812182 217d2181 2179217b 217b217c
1271700 2178217d 217d2178 217e217f 2180217d
1271720 2184218b 2181217f 2186218e 2190218d
1271740 2191218c 218f2189 218b218e 21842186
1271760 21882183 218f2189 21922194 219a2190
1272000 21962196 219c2196 219f219a 219a21a2
1272020 21a02198 219f21a1 219c2199 21a1219e
1272040 21a321a6 219d2196 219e21a4 21a2219c
1272060 21a3219d 21a021a4 21a621a1 21aa21a5
1272100 21a921a9 21ac21a6 21ab21a8 21b321a6
1272120 21b621b5 21b221b4 21af21b1 21b321b2
1272140 21b621b2 21ab21b7 21b321b2 21b821b0
1272160 21b521ad 21b321b5 21be21bc 21c721c4
1272200 21c421c4 21bc21c0 21bb21b9 21b321b0
1272220 21b621b5 21b821b9 21ba21c0 21cc21bf
1272240 21cc21cc 21c921cc 21c121c6 21ba21be
1272260 21bb21b6 21c621c8 21c821c2 21d321d1
1272300 21cf21d7 21c821d2 21cd21c9 21c521ce
1272320 21ca21c2 21c521cf 21ca21cb 21cc21cf
1272340 21c721cb 21c921c1 21cd21cb 21cc21cc
1272360 21d921d1 21d921d2 21d921d7 21d221d1
1272400 21d521cf 21d421da 21dc21d7 21d721d9
1272420 21db21d5 21d421d6 21d221d4 21d921da
1272440 21d621d3 21d221d6 21d721d3 21d721d8
1272460 21d421d5 21ce21ce 21d721da 21d721da
1272500 21d921dc 21d021d4 21d521d2 21dd21da
1272520 21d921d6 21df21e1 21de21d3 21d821db
1272540 21d621d3 21d021d4 21d821d6 21d921dc
1272560 21db21cf 21cf21d9 21db21d0 21d821d7
1272600 21d221d0 21d221d0 21ce21d7 21e221da
1272620 21d921db 21dd21dd 21d821e0 21d621d9
1272640 21d821d0 21d721d9 21d821d7 21d521d8
1272660 21d321d6 21ce21d4 21d021d7 21d321d7
1272700 21cf21d5 21cc21cc 21d121d0 21d221d5
1272720 21cb21d0 21d021cf 21c721ca 21cc21c5
1272740 21ce21d4 21c821ca 21cf21cd 21c721cf
1272760 21cc21cf 21cb21ca 21d021cb 21c721c9
1273000 21c321bd 21b921be 21b921bf 21b321b8
1273020 21bd21b0 21c021c0 21b621b1 21bb21c5
1273040 21b321bb 21b621ab 21b121b4 21b121b2
1273060 21ae21b1 21a521aa 21a821ab 21a821a3
1273100 21a321a7 21a121a3 21ac21a8 21b221a8
1273120 21a621a5 219e21a4 21ad21ad 21a021a7
1273140 219b21a5 21a321a1 219e21a2 21a221a5
1273160 2199219a 219b219a 21a121a1 219e21a7
1273200 219b2199 219c219a 219d2193 2191219a
1273220 218e218d 2191218f 21932191 2193218b
1273240 2186218e 218d2193 21932191 2192218f
1273260 2196218f 2196218d 21812184 218a218e
1273300 2183218d 217e2182 217c2180 2178217c
1273320 217b2180 217b2183 21782177 217f2181
1273340 217d2182 217a217c 21772177 217f2175
1273360 2175217d 2179217d 2179217a 21762176
1273400 21752171 21732173 216f216c 21772178
1273420 2171216f 21752173 21772174 21742173
1273440 2175217c 21752171 216f2172 2167216f
1273460 216d216b 21622168 216a2165 216b216c
1273500 2169216a 216a216c 21602169 21632166
1273520 2164215f 21672165 2161216f 2170216a
1273540 216d216e 21702168 216e216c 2167216d
1273560 2170216e 216d2171 216e216a 21712170
1273600 216e2167 216a216b 21672168 216f2169
1273620 216b2170 216d2167 216d216a 216d216d
1273640 21702171 21702173 2171216d 21732174
1273660 216d216e 2173216c 216f2170 21712171
1273700 2168216e 216c2170 21652163 216a2168
1273720 21742171 21732171 216a216c 216a2169
1273740 21752175 21752173 2178217d 21782179
1273760 217d2176 216e2171 216f2171 216e2174
1274000 21722173 2175216e 217b217a 217a2177
1274020 2177217c 21822182 2187217d 217f2187
1274040 2180217c 21802184 217e2180 2182217f
1274060 2188217f 21832186 21892181 21832188
1274100 218f2188 218a2187 21852188 21842183
1274120 218d2180 218e218c 21952197 21952198
1274140 21922194 219f2196 21a12197 2197219d
1274160 2195219a 21a22197 219f2199 219c219d
1274200 21952196 21942192 21982195 21932192
1274220 21a0219e 21a221a0 21a1219f 21a421a4
1274240 21af21a4 21ae21a5 21b021af 21b021af
1274260 21b121b0 21af21ab 21b321a6 21a821af
1274300 21b021b1 21ad21af 21af21ac 21ac21ad
1274320 21ae21ab 21b521af 21b421b0 21b321b8
1274340 21b121ae 21b321bb 21b621b1 21bb21ba
1274360 21bd21ba 21bc21be 21be21ba 21be21bf
1274400 21c621b8 21bf21c4 21bf21c1 21bb21b4
1274420 21ba21b7 21c021c2 21c121c3 21c521bf
1274440 21bd21c3 21c321bf 21c421c8 21c221c3
1274460 21c821c3 21c621ca 21cd21c9 21cb21d3
1274500 21c521cb 21c121c0 21bf21b8 21c721c6
1274520 21cd21c8 21cd21ce 21d121cc 21d021c9
1274540 21cf21cd 21d121d3 21d321d4 21db21ce
1274560 21d121d4 21d121ce 21d821d1 21d821da
1274600 21e221d3 21d821de 21e021dd 21e821eb
1274620 21e221e4 21e421e1 21f021e6 21e721ec
1274640 21e621e4 21e521de 21e321e6 21e421e2
1274660 21dd21e0 21e221e3 21e221e2 21e321e0
1274700 21e521dc 21ea21f0 21ea21ee 21e821e9
1274720 21df21e4 21df21e4 21e621e7 21ea21ec
1274740 21e521e2 21ea21e8 21ee21ed 21f021f3
1274760 21e421e7 21e321e8 21e421de 21e021e1
1275000 21e521e2 21df21e4 21e021e8 21e421e3
1275020 21e421e0 21e921df 21eb21ec 21ea21ec
1275040 21ee21e6 21e821e9 21ea21ec 21e221ea
1275060 21dd21e4 21e621de 21e121e4 21e021e7
1275100 21e021e9 21e621e6 21e021e0 21ea21e0
1275120 21dc21eb 21e421e4 21dc21e0 21e621dc
1275140 21e821e3 21e121e6 21e621ed 21e621e8
1275160 21dc21e1 21de21dc 21db21de 21de21db
1275200 21e021e4 21da21d8 21dd21de 21dd21e8
1275220 21cc21dc 21e021d7 21dc21d4 21da21d6
1275240 21df21e0 21d721df 21d221d5 21cd21d1
1275260 21cd21d0 21c621c8 21cb21ce 21cc21ce
1275300 21d721d0 21d121d5 21d321d3 21cf21d6
1275320 21d121d1 21d221d6 21d221cf 21cf21d1
1275340 21c921d1 21c621c8 21cb21cb 21bf21c7
1275360 21ba21be 21bc21b9 21b721bb 21c021c0
1275400 21c421c5 21bd21c5 21bd21bf 21b721bc
1275420 21bd21b9 21b721bc 21b021b5 21b921ba
1275440 21b621b7 21b721b3 21b221b5 21b321b6
1275460 21bb21b3 21c021ba 21b121ad 21aa21ab
1275500 21a121a6 21a921ac 21a721a3 21a721a5
1275520 21b021ab 21ac21b4 21ad21af 21b121af
1275540 21a921a8 21a621a5 219e21a3 21a621a0
1275560 21a821a4 21a821aa 21a521a7 21a921a9
1275600 21ac21a8 21a421a4 21a321a8 219f21a7
1275620 219f21a2 21ac21a0 21a121a3 21a621a1
1275640 21a521a1 219e219a 219e219d 219f21a1
1275660 219f21a0 21a0219b 219f219b 21a1219f
1275700 21a321a4 219621a0 218a218d 21932192
1275720 219d219b 219d2193 21a0219b 219c219c
1275740 21952197 21a2219b 2199219a 219c2198
1275760 21982199 21972195 21a5219c 219a2198
1276000 219d219d 21992197 219c2198 219b219f
1276020 21972196 21a12199 219f21a0 21a0219e
1276040 219b21a2 2194219a 21932198 219c2197
1276060 219721a0 219a2199 219c219f 219d219e
1276100 2198219e 21972197 219a219b 21962199
1276120 2199219f 21a0219c 219e21a0 21a0219d
1276140 21a721a2 219f219e 21a321a3 21a6219f
1276160 219c21a2 21a521a3 21a621a9 21a421a3
1276200 21a421ab 21a221a3 21a521a9 219f21a0
1276220 219c219f 219d219c 21a521a2 21af21a6
1276240 21ab21aa 21a521a1 219e21a0 21a521a8
1276260 21ab21a1 21a221a3 21a721a4 21a921a9
1276300 21aa21a4 21a521ac 21a621a3 21aa21a8
1276320 21a521ab 21b421b0 21b221ae 21ad21aa
1276340 21ae21aa 21a921a8 21b821b6 21b421b4
1276360 21b821af 21b921b6 21b521b8 21bb21b9
1276400 21b821b8 21bb21b0 21b921b7 21bd21b5
1276420 21be21be 21b821c1 21c421c2 21c221c0
1276440 21bc21bd 21b521be 21bf21bd 21b721bd
1276460 21b921bd 21c221bc 21cc21c4 21cc21cb
1276500 21cb21cd 21cd21c8 21ce21c8 21cd21cd
1276520 21c221bf 21c221bd 21c021c8 21c321c9
1276540 21c421cb 21c321c2 21ca21ca 21c221c6
1276560 21c621c9 21c521c6 21ca21c9 21cc21cc
1276600 21d021ce 21d121d1 21cc21cd 21c921c8
1276620 21d021ca 21d421d6 21db21d4 21d721d7
1276640 21d521d5 21d321cc 21d121d0 21da21d5
1276660 21dd21de 21dc21d7 21d521d6 21d421da
1276700 21d521e1 21db21d6 21de21d1 21d521df
1276720 21d321d1 21d421da 21d921db 21e321dd
1276740 21e221df 21e121de 21de21e2 21db21e0
1276760 21de21de 21e821e2 21e721ea 21e521ee
1277000 21e821e8 21ed21ea 21ed21ea 21e821e7
1277020 21de21e5 21e421e4 21ec21e6 21e921f0
1277040 21f321f4 21e421eb 21ed21ec 21e821e2
1277060 21e121e4 21ec21e7 21ef21ed 21f021f1
1277100 21ef21fa 21ee21e7 21f121eb 21eb21f2
1277120 21ed21ee 21f321f2 21f321eb 21f221f3
1277140 21ee21f4 21e821ee 21ee21ee 21ef21e9
1277160 21e421ec 21f321e8 21ec21f2 21ed21eb
1277200 21ec21e7 21e821f0 21e821e7 21f021ec
1277220 21ee21f5 21ed21f5 21e821ec 21ec21ef
1277240 21e621ed 21ed21ec 21f221e8 21e621ea
1277260 21ed21ec 21ee21f2 21f021ec 21f221ee
1277300 21ef21ec 21f121f3 21ed21f2 21e821ea
1277320 21e921ea 21ea21f1 21ed21eb 21e521e9
1277340 21f221ea 21e921e7 21e621eb 21f321e8
1277360 21e821f4 21e621f1 21eb21e3 21ed21e7
1277400 21e321e7 21e821e6 21e521e7 21e721e5
1277420 21da21dc 21e621dd 21de21e1 21ed21e0
1277440 21ea21eb 21de21e0 21e221e3 21ee21e8
1277460 21e321e4 21e521e2 21e421e0 21e221dc
1277500 21dc21db 21da21de 21da21d2 21db21d9
1277520 21df21dd 21de21de 21da21dd 21e121e0
1277540 21da21d8 21d521dd 21da21dd 21d721d5
1277560 21d421cf 21cb21ca 21cc21cf 21cd21d2
1277600 21d221d3 21d421d0 21ce21d0 21d321d0
1277620 21d021d2 21ce21d0 21d121ce 21cd21c7
1277640 21c521c8 21c121c7 21c621bf 21cf21c9
1277660 21c221cd 21ce21c9 21d321ce 21c921c3
1277700 21c721ca 21c821c2 21c021c5 21ce21c9
1277720 21c321c8 21c321c3 21c021bf 21c221c6
1277740 21c321c3 21b821c0 21be21b6 21c021be
1277760 21bd21bc 21c221c6 21cd21c7 21ca21be
1300000 00003fe8 0001000a 01013fe8 000afe41
1300020 00000005 00000000 63e50c6f 0000015b
1300040 00000001 00001004 00003fe8 00000000
1300060 00000038 0001000a 21c421c0 21c221c5
1300100 21be21c7 21bc21b9 21be21bc 21b321b7
1300120 21ae21b3 21b521b4 21bd21c3 21c021c0
1300140 21ba21b8 21b821b6 21bf21bb 21b821b9
1300160 21b421b7 21b021b6 21b321b4 21b121b3
1300200 21b521b3 21b121ad 21b021b1 21b221af
1300220 21b621b0 21b021b5 21b521b0 21ab21b6
1300240 21b021ab b0110497 00001004 0001000a
1300260 00010000 03b1601b 00000ffc 0001000a
1300300 1400003c add01f00 add01f01 add01f02
1300320 add01f03 add01f04 add01f05 add01f06
1300340 add01f07 add01f08 add01f09 add01f0a
1300360 add01f0b add01f0c add01f0d add01f0e
1300400 add01f0f add01f10 add01f11 add01f12
1300420 add01f13 add01f14 add01f15 add01f16
1300440 add01f17 add01f18 add01f19 add01f1a
1300460 add01f1b add01f1c add01f1d add01f1e
1300500 ff000134 00000020 00000002 b2f2a791
1300520 00000001 deadbeef f0000002 b2f2a77d
1300540 000b1e69 00000000 00000134 00001f48
1300560 a0100498 21e421b7 21e421e4 21e421e8
1300600 21e221de 21e121e3 21e521e9 21e721e3
1300620 21e821e1 21e321e6 21e421e3 21e221e4
1300640 21e521e1 21e821e2 21ea21e9 21e621e9
1300660 21ec21f1 21ef21f2 21f921ef 21e721e8
1300700 21e821f0 21f421e9 21f521f0 21ee21e9
1300720 21ed21f0 21f021f0 21e421f0 21f421e7
1300740 21fc21f6 21f221f8 21f221f3 21e921ee
1300760 21ec21e5 21ea21e0 21f121ee 21f121ee
1301000 21f721f8 21f321fa 21f721f6 21f421f7
1301020 21ef21f4 21f421ee 21f621ee 21fb21f1
1301040 21fa21f8 21ee21f5 21ef21f4 21f521ef
1301060 21f221f2 21fe21fc 21eb21f6 21fb21f4
1301100 22062206 220921fd 22092207 2203220b
1301120 21fa2201 22032201 22072201 22012207
1301140 21ff2207 22012202 21ff21fe 22032203
1301160 220b2208 22082209 2209220e 2213220e
1301200 2216221e 220f220f 220f220d 22072210
1301220 22032204 2212220f 2214220d 22092213
1301240 210321dc 1f252003 1e0e1e81 1d9c1dc4
1301260 1d641d7d 1d5b1d5a 1d5a1d58 1d581d59
1301300 1d571d58 1d591d57 1d561d59 1d5a1d55
1301320 1d5b1d5b 1d561d5b 1d511d58 1d581d58
1301340 1d5a1d54 1d581d51 1d501d4d 1d511d55
1301360 1d521d53 1d611d56 1d601d55 1d5f1d5d
1301400 1d581d61 1d5f1d67 1d641d63 1d621d6a
1301420 1d581d64 1d591d59 1d571d57 1d581d61
1301440 1d5c1d5a 1d631d62 1d591d62 1d5e1d60
1301460 1d641d57 1d621d67 1d5b1d5b 1d5f1d62
1301500 1d5e1d67 1d671d5e 1d681d62 1d6a1d6c
1301520 1d731d6f 1d6c1d6f 1d701d6a 1d731d68
1301540 1d741d6d 1d6e1d74 1d6c1d6b 1d651d63
1301560 1d6c1d63 1d651d67 1d601d63 1d641d64
1301600 1d661d67 1d671d66 1d651d64 1d6f1d68
1301620 1d6e1d70 1d731d6b 1d6e1d6c 1d661d6d
1301640 1d6d1d68 1d6e1d6e 1d6f1d6d 1d711d70
1301660 1d691d68 1d6c1d64 1d6c1d73 1d731d75
1301700 1d791d6f 1d721d77 1d7a1d76 1d7b1d85
1301720 1d741d7c 1d761d7f 1d6c1d71 1d791d71
1301740 1d711d76 1d791d7c 1d6b1d72 1d661d6c
1301760 1d691d69 1d7a1d75 1d771d7a 1d7a1d78
1302000 1d751d76 1d761d74 1d6d1d75 1d6d1d6e
1302020 1d791d72 1d781d75 1d741d73 1d731d74
1302040 1d711d73 1d771d78 1d7c1d76 1d781d7d
1302060 1d7e1d79 1d7a1d74 1d7e1d77 1d7d1d76
1302100 1d741d7b 1d761d7d 1d761d75 1d771d78
1302120 1d811d7b 1d791d7b 1d7d1d7d 1d851d83
1302140 1d831d83 1d7c1d82 1d7d1d78 1d831d88
1302160 1d8c1d87 1d8f1d87 1d7c1d83 1d841d7b
1302200 1d8a1d8e 1d8c1d92 1d8a1d88 1d891d86
1302220 1d881d84 1d831d8c 1d871d85 1d8a1d86
1302240 1d831d85 1d811d8b 1d811d84 1d861d88
1302260 1d7c1d86 1d7a1d7c 1d7d1d81 1d871d88
1302300 1d8b1d8b 1d8b1d92 1d821d82 1d851d83
1302320 1d871d88 1d831d79 1d8a1d81 1d811d85
1302340 1d7d1d86 1d821d80 1d831d80 1d851d85
1302360 1d821d84 1d7c1d86 1d841d83 1d811d81
1302400 1d811d82 1d8a1d8b 1d841d8c 1d801d8f
1302420 1d861d86 1d841d83 1d851d7e 1d831d84
1302440 1d861d90 1d811d88 1d871d85 1d861d86
1302460 1d801d85 1d821d8b 1d7f1d80 1d7f1d89
1302500 1d7f1d7e 1d851d80 1d801d7f 1d7e1d84
1302520 1d851d7f 1d861d86 1d8b1d88 1d891d89
1302540 1d861d83 1d821d88 1d851d89 1d841d86
1302560 1d931d8b 1d911d8f 1d921d91 1d8e1d96
1302600 1d931d92 1d911d99 1d8f1d91 1d9a1d95
1302620 1d8d1d91 1d921d8d 1d8e1d92 1d921d8e
1302640 1d931d95 1d9c1d94 1d9e1d9e 1d9f1d9b
1302660 1d9b1d9c 1d981d9a 1d9a1d9c 1d971d97
1302700 1da71d9c 1d9c1dac 1dad1d9b 1da71da7
1302720 1da11da8 1da41da5 1da71da8 1dac1da5
1302740 1dab1dae 1db71db9 1db71db3 1db31db2
1302760 1dae1daf 1db11dad 1db21db2 1db91daf
1303000 1db31dae 1db61db7 1db91db5 1dbb1db8
1303020 1dc41dc3 1dba1dbd 1dbb1dbc 1dbe1dbc
1303040 1dc21dc0 1dc81dc4 1dc21dc4 1dc51dc2
1303060 1dc71dc6 1dc41dc3 1dcb1dcf 1dcb1dd0
1303100 1dce1dcf 1dcf1dca 1dcb1dca 1dc71dd0
1303120 1dd01dcb 1dd61dd0 1ddc1ddb 1dd31ddc
1303140 1ddb1dd9 1de11ddf 1de21dd5 1ddd1dd8
1303160 1ddf1dd7 1de81de6 1de81dea 1ded1de1
1303200 1de31de0 1de51de8 1de91de4 1df01de5
1303220 1df71df1 1df11dfa 1ded1df4 1df11df2
1303240 1dfb1df6 1df21df5 1dec1df0 1dee1df1
1303260 1dfb1df9 1dfe1e00 1e021dfa 1e0f1e06
1303300 1e071e0d 1e081e0d 1e0b1e07 1e0c1e0a
1303320 1e0a1e08 1e061e0d 1e0c1e0a 1e0d1e0d
1303340 1e1d1e14 1e1b1e1f 1e261e22 1e211e21
1303360 1e1e1e20 1e291e22 1e1d1e1f 1e1f1e21
1303400 1e231e22 1e1f1e24 1e1b1e18 1e271e21
1303420 1e1e1e24 1e2e1e23 1e281e27 1e2b1e31
1303440 1e281e29 1e281e26 1e3a1e33 1e371e37
1303460 1e381e30 1e321e33 1e371e34 1e351e36
1303500 1e3a1e37 1e381e33 1e371e37 1e3d1e37
1303520 1e391e3b 1e361e3c 1e3b1e38 1e351e37
1303540 1e3c1e3d 1e461e3d 1e3b1e47 1e361e38
1303560 1e391e3f 1e411e41 1e411e49 1e4b1e45
1303600 1e521e49 1e4f1e52 1e4f1e56 1e511e50
1303620 1e491e47 1e461e45 1e431e43 1e4d1e44
1303640 1e4d1e4c 1e531e52 1e571e55 1e501e52
1303660 1e491e5a 1e501e50 1e4e1e54 1e531e45
1303700 1e561e53 1e541e4f 1e521e4c 1e501e50
1303720 1e561e57 1e5d1e61 1e5d1e5c 1e5a1e58
1303740 1e5f1e5c 1e581e53 1e571e57 1e4f1e56
1303760 1e5a1e58 1e561e58 1e5b1e59 1e5e1e5c
1304000 1e5a1e61 1e601e5f 1e631e6a 1e611e62
1304020 1e611e5f 1e601e61 1e611e61 1e601e63
1304040 1e6c1e65 1e691e68 1e661e6b 1e651e6a
1304060 1e681e63 1e691e63 1e5e1e65 1e5e1e60
1304100 1e631e61 1e641e67 1e631e60 1e691e64
1304120 1e5f1e6a 1e621e6b 1e6b1e68 1e671e6f
1304140 1e6c1e63 1e6a1e68 1e621e6b 1e641e60
1304160 1e611e63 1e581e65 1e5e1e5c 1e661e61
1304200 1e631e65 1e6f1e61 1e671e67 1e6b1e6f
1304220 1e6c1e75 1e701e6c 1e6d1e6d 1e5d1e65
1304240 1e681e68 1e6c1e6a 1e671e6a 1e701e6d
1304260 1e6b1e69 1e651e71 1e6b1e72 1e651e69
1304300 1e6f1e69 1e6e1e6d 1e661e6d 1e6a1e6e
1304320 1e6b1e6e 1e6a1e6f 1e5d1e5c 1e631e60
1304340 1e611e63 1e661e64 1e681e64 1e691e65
1304360 1e5f1e69 1e611e69 1e671e60 1e631e60
1304400 1e641e64 1e611e6b 1e5c1e61 1e641e62
1304420 1e671e63 1e631e62 1e5b1e5a 1e591e5b
1304440 1e5c1e5e 1e5a1e5a 1e571e58 1e561e5c
1304460 1e5b1e63 1e641e5e 1e651e5f 1e5e1e5c
1304500 1e611e64 1e5b1e5b 1e5f1e5c 1e591e57
1304520 1e5e1e5e 1e5c1e67 1e5d1e59 1e651e62
1304540 1e611e5a 1e5a1e5d 1e591e60 1e601e5e
1304560 1e601e59 1e601e58 1e631e5b 1e5b1e5e
1304600 1e591e55 1e591e5a 1e561e58 1e551e60
1304620 1e581e58 1e5d1e64 1e511e56 1e551e4f
1304640 1e541e4e 1e5d1e5e 1e5a1e59 1e611e60
1304660 1e601e5f 1e611e5d 1e581e64 1e551e62
1304700 1e631e65 1e611e60 1e5a1e62 1e561e5c
1304720 1e541e5c 1e541e5b 1e571e4d 1e5e1e5d
1304740 1e581e5d 1e5c1e5d 1e5b1e59 1e5e1e59
1304760 1e591e5d 1e5d1e56 1e591e63 1e521e5a
1305000 1e5a1e52 1e5a1e53 1e5b1e56 1e641e67
1305020 1e611e5e 1e6a1e60 1e5c1e65 1e591e5d
1305040 1e5a1e5c 1e611e5f 1e621e5e 1e671e65
1305060 1e671e68 1e6c1e6c 1e651e62 1e601e5f
1305100 1e611e61 1e701e6d 1e6b1e71 1e691e66
1305120 1e6d1e6c 1e6c1e70 1e771e74 1e721e75
1305140 1e6a1e6f 1e711e6f 1e731e73 1e701e70
1305160 1e721e6e 1e771e76 1e7e1e75 1e7b1e7a
1305200 1e701e7a 1e791e72 1e7a1e7c 1e7d1e78
1305220 1e7c1e7f 1e841e7f 1e861e88 1e871e81
1305240 1e851e8a 1e8c1e89 1e811e91 1e931e8e
1305260 1e8b1e8d 1e8f1e8e 1e8d1e8e 1e8c1e8d
1305300 1e981e90 1e921e8f 1e991e93 1e961e93
1305320 1e8c1e93 1e971e9a 1e9b1e9d 1e971e95
1305340 1e9f1e99 1e991e97 1e931e9f 1ea21e95
1305360 1e9d1ea2 1ea21ea1 1ea71ea5 1ea51ea5
1305400 1ea51ea1 1ea71ea6 1eae1ead 1ea81eae
1305420 1eae1eaf 1eb01eaf 1eb71eaf 1eb41eb2
1305440 1eb01eb5 1eb31eb5 1eb61eb6 1eba1eb9
1305460 1eb81eba 1eb71ebd 1ec01ebf 1ec11ec5
1305500 1ec81ec4 1eca1ec9 1ecb1ed0 1ec81ec8
1305520 1ed21ec9 1ed11ece 1ecd1ed4 1ecb1ecf
1305540 1eca1ecd 1ec71eca 1edb1ecb 1eda1eda
1305560 1ede1ecb 1ed51ed8 1eda1ed9 1ed91edb
1305600 1ee21ee0 1ee91ee6 1ee61ee0 1eee1ee0
1305620 1ee01ee6 1ee31ee1 1ee91eec 1ef01eef
1305640 1ee81eef 1eef1ee8 1ef51ef4 1eee1ef5
1305660 1ef31eee 1ef51ef0 1ef31ef1 1ef81efc
1305700 1ef51ef9 1f011ef8 1efe1efd 1f011eff
1305720 1efe1efa 1eff1efe 1f091f02 1f041f05
1305740 1f0a1f07 1f071f09 1f061f08 1f0c1f07
1305760 1f0f1f0a 1f121f09 1f0e1f0a 1f0f1f0c
1306000 1f121f12 1f141f10 1f141f0f 1f171f17
1306020 1f0d1f12 1f1a1f19 1f111f15 1f0f1f0f
1306040 1f121f11 1f171f18 1f181f17 1f151f1a
1306060 1f161f0f 1f161f07 1f161f1d 1f231f1f
1306100 1f1e1f1f 1f271f24 1f221f27 1f1a1f18
1306120 1f1a1f1d 1f231f23 1f231f1d 1f1e1f25
1306140 1f201f1d 1f221f23 1f2d1f1d 1f301f2c
1306160 1f261f2a 1f221f28 1f2b1f2b 1f241f26
1306200 1f2b1f27 1f2e1f29 1f221f28 1f2c1f29
1306220 1f2f1f29 1f271f29 1f331f2c 1f2f1f33
1306240 1f2c1f27 1f301f2f 1f321f30 1f351f3d
1306260 1f2a1f34 1f331f36 1f331f2f 1f341f31
1306300 1f331f36 1f3a1f38 1f3e1f38 1f3c1f37
1306320 1f2e1f37 1f331f30 1f301f36 1f361f3a
1306340 1f331f38 1f371f35 1f2e1f2f 1f311f34
1306360 1f2c1f2c 1f2c1f2a 1f381f31 1f3d1f41
1306400 1f3a1f3b 1f3a1f3b 1f2e1f33 1f401f34
1306420 1f3d1f42 1f371f3d 1f381f39 1f321f35
1306440 1f301f33 1f381f34 1f2e1f33 1f2e1f31
1306460 1f301f37 1f331f33 1f3d1f33 1f331f30
1306500 1f321f3a 1f351f3f 1f371f39 1f301f33
1306520 1f301f34 1f301f32 1f321f34 1f351f32
1306540 1f2d1f2d 1f1b1f23 1f281f29 1f291f22
1306560 1f291f28 1f311f2f 1f2c1f31 1f2d1f2b
1306600 1f421f38 1f301f2b 1f331f29 1f271f2e
1306620 1f251f2d 1f251f26 1f221f24 1f291f23
1306640 1f2f1f2b 1f2d1f2e 1f271f2e 1f251f26
1306660 1f271f29 1f201f1a 1f1e1f1c 1f261f1d
1306700 1f201f1d 1f1d1f20 1f241f21 1f251f27
1306720 1f291f2a 1f271f21 1f201f1c 1f221f1d
1306740 1f241f23 1f1d1f22 1f241f1e 1f1b1f1b
1306760 1f191f1a 1f1a1f1c 1f1b1f1e 1f181f12
1307000 1f0f1f18 1f0b1f0e 1f131f14 1f221f19
1307020 1f1d1f1f 1f1c1f17 1f151f1d 1f181f11
1307040 1f161f17 1f181f19 1f0d1f0e 1f131f11
1307060 1f141f10 1f1b1f16 1f151f1e 1f111f0a
1307100 1f091f0e 1f0d1f0f 1f0c1f0f 1f121f0e
1307120 1f141f18 1f0a1f17 1f091f0c 1efd1f02
1307140 1f071f08 1f101f07 1f081f0d 1f0a1f08
1307160 1f0a1f0c 1f0b1f0e 1f001f0c 1f051f0c
1307200 1eff1f06 1f0b1f09 1f141f09 1f101f12
1307220 1f0e1f0f 1f0c1f0c 1f0a1f0f 1f071f09
1307240 1f0c1f08 1f031f04 1f0a1f06 1f091f08
1307260 1f111f08 1f081f0b 1f081f08 1f161f10
1307300 1f121f12 1f151f07 1f0c1f06 1f0c1f16
1307320 1f0f1f0d 1f191f18 1f071f0a 1f091f0b
1307340 1f0c1f0c 1f0c1f0e 1f0f1f0d 1f171f0a
1307360 1f091f14 1f101f11 1f101f10 1f0e1f0d
1307400 1f0c1f10 1f151f13 1f1c1f16 1f1c1f19
1307420 1f1e1f19 1f1b1f1d 1f191f19 1f151f14
1307440 1f171f1a 1f201f18 1f251f21 1f211f1d
1307460 1f1d1f25 1f241f24 1f241f2a 1f291f26
1307500 1f2e1f28 1f291f2f 1f271f2d 1f2b1f2d
1307520 1f341f2f 1f331f31 1f2f1f34 1f361f3e
1307540 1f351f3b 1f3b1f33 1f391f34 1f3c1f41
1307560 1f3c1f39 1f3f1f3b 1f361f30 1f3b1f36
1307600 1f431f3d 1f3f1f47 1f3b1f38 1f451f39
1307620 1f411f46 1f431f3c 1f3f1f47 1f411f37
1307640 1f461f3b 1f4d1f48 1f4a1f46 1f4c1f49
1307660 1f4b1f52 1f531f49 1f5f1f53 1f5b1f56
1307700 1f5d1f5c 1f641f5b 1f671f61 1f641f5c
1307720 1f5b1f5e 1f641f61 1f621f63 1f6d1f6c
1307740 1f631f6c 1f641f60 1f681f6b 1f6e1f6c
1307760 1f6a1f64 1f711f66 1f751f70 1f751f76
1310000 1f6f1f76 1f761f73 1f741f78 1f721f72
1310020 1f6d1f78 1f821f7d 1f7c1f75 1f7e1f7f
1310040 1f801f77 1f771f7d 1f761f7c 1f7b1f78
1310060 1f801f7a 1f791f7e 1f7f1f7c 1f8a1f84
1310100 1f851f80 1f871f81 1f851f8b 1f8b1f92
1310120 1f8b1f8c 1f8d1f87 1f8a1f8a 1f931f8e
1310140 1f971f98 1f991f98 1f9c1f9a 1f961f97
1310160 1f951f97 1fa11f9d 1f951f98 1f9e1f9c
1310200 1fa31fa7 1f9e1fa3 1fa21fa2 1f9d1f9b
1310220 1f9f1f9d 1fa21f9b 1fa31f9f 1fa51fa0
1310240 1fac1fa2 1fa81fa6 1fa11fa9 1fa61fa9
1310260 1fa81fa5 1fb01fad 1fa71fac 1fb61fb5
1310300 1fa61fa8 1fb11faf 1fb41fb5 1fad1fb1
1310320 1fb21fb5 1fb21fb5 1fb31fb4 1fb01fb9
1310340 1fbc1fb4 1fb51fb5 1fae1fb5 1fb81fae
1310360 1fbd1fb9 1fb71fb3 1fad1fae 1fb71fb6
1310400 1fb81fb9 1fb81fb3 1fb61fb1 1fbc1fbb
1310420 1fba1fbf 1fc11fbe 1fc41fc9 1fbd1fc1
1310440 1fb61fc0 1fb41fbd 1fbd1fbb 1fc01fbe
1310460 1fc51fbe 1fc51fc4 1fc41fca 1fcd1fcf
1310500 1fc71fcc 1fc41fc2 1fc61fc1 1fc51fbb
1310520 1fca1fc5 1fc11fca 1fb81fbd 1fc91fba
1310540 1fc71fc9 1fce1fca 1fc51fc6 1fca1fbd
1310560 1fce1fc7 1fca1fcc 1fc41fcc 1fc81fc5
1310600 1fc61fc1 1fc71fcb 1fc71fce 1fc51fd1
1310620 1fcd1fcd 1fce1fc8 1fcc1fca 1fd41fd0
1310640 1fd01fd1 1fcb1fcc 1fc81fca 1fd11fca
1310660 1fcb1fcc 1fd31fd3 1fdb1fd9 1fda1fda
1310700 1fd31fd4 1fd11fd4 1fd21fcc 1fd61fd3
1310720 1fd91fdb 1fd51fcf 1fc81fcb 1fd21fcc
1310740 1fc91fc8 1fce1fcf 1fc81fd2 1fd21fcb
1310760 1fc41fc7 1fcc1fc6 1fcc1fc5 1fc61fce
1311000 1fc71fcc 1fbc1fc8 1fca1fbf 1fbe1fbe
1311020 1fc11fc3 1fca1fc7 1fc71fcb 1fce1fc9
1311040 1fd21fcf 1fd61fd0 1fcd1fc8 1fcd1fcf
1311060 1fc71fc6 1fc81fcb 1fcd1fcc 1fc41fc7
1311100 1fc51fc2 1fbe1fbc 1fc21fbb 1fc91fc4
1311120 1fbe1fc5 1fbd1fc2 1fc31fbc 1fbc1fbf
1311140 1fbe1fbd 1fbb1fbb 1fb51fbb 1fc01fc1
1311160 1fc11fc0 1fbe1fbd 1fb81fbd 1fba1fbe
1311200 1fbe1fbc 1fc01fb9 1fba1fba 1fbc1fb7
1311220 1fb71fba 1fb41fb5 1fb61fb8 1fbe1fbf
1311240 1fb61fbb 1fb31fbf 1fb11fa9 1fae1fb4
1311260 1fb71fad 1fb61fb8 1fb51fbc 1fb41fb2
1311300 1fad1fab 1fb21fac 1fa91fad 1fa91fb0
1311320 1fb51fad 1fb31fb3 1fae1fb2 1fae1fb5
1311340 1fb91faf 1faf1fb0 1fa91faa 1faa1fac
1311360 1fb01fb1 1fae1fb0 1fad1fab 1fab1fa8
1311400 1fa61faf 1fa81fa6 1fa51fa9 1fa31fa8
1311420 1fb31fab 1fa71faa 1fac1faf 1fa51fa3
1311440 1fa51fa3 1fac1fa6 1fa21fa2 1fa91fa4
1311460 1faa1fa6 1fa81fa8 1fae1fab 1fa71fad
1311500 1fa31fa7 1fa51fa4 1fa61fa2 1fa81fa7
1311520 1fa61fa1 1faa1fac 1fa51fa4 1fab1fa3
1311540 1fac1fa5 1fb41faa 1faa1fab 1fa41fad
1311560 1fa91fa6 1fad1fa7 1fac1fae 1fa71fad
1311600 1fac1fab 1fad1fac 1fab1fa9 1faf1fb2
1311620 1fad1fae 1fb41fb2 1fab1fae 1faa1faa
1311640 1fb11fb5 1fb61fba 1fb01fb7 1fb21fb5
1311660 1fb11faf 1fae1fad 1fb11fae 1fb81fb6
1311700 1fbb1fb6 1fbb1fbf 1fba1fbe 1fb51fbc
1311720 1fc61fbf 1fc41fc0 1fc41fbe 1fc01fc2
1311740 1fbe1fbf 1fc41fc3 1fc11fc8 1fc31fbf
1311760 1fba1fc5 1fc61fbd 1fc71fcd 1fca1fce
1312000 1fc51fc4 1fc31fbe 1fca1fc8 1fd11fc8
1312020 1fd71fd4 1fd41fd2 1fc81fce 1fc81fce
1312040 1fd11fcc 1fd51fd1 1fdb1fd6 1fdb1fd7
1312060 1fd91fde 1fd61fde 1fd21fd8 1fd41fd8
1312100 1fcc1fcb 1fd61fdb 1fdb1fda 1fd81fd7
1312120 1fdd1fd6 1fd41fd6 1fd71fdb 1fe21fe3
1312140 1fe61fdc 1feb1fdf 1feb1fe7 1fe51fe9
1312160 1feb1fe8 1fe41fe8 1fed1fee 1fe91fe6
1312200 1fec1fef 1ff21ff3 1feb1ff0 1ff51ff4
1312220 1feb1fec 1fef1fe7 1ff72000 1ff21ff2
1312240 1ff81ffa 1ff81ffc 1ff61ff5 1ffd1ffb
1312260 1ffa1fff 1ffc1ffc 20052003 1ffd2008
1312300 20002007 200b2005 2010200b 200f2015
1312320 200b2008 2009200b 2012200c 2012200e
1312340 20172019 200c2017 20152010 200b200e
1312360 200c200f 2012200b 2010200b 20182014
1312400 201f2018 2023201e 20202025 201e2025
1312420 2020202a 20212020 20242020 201f2028
1312440 20222024 20212021 2020201f 2023201d
1312460 20212028 2024201f 202c2024 20222024
1312500 20242021 2014201d 201d201c 202a2027
1312520 202b2027 20342028 202f203b 20342032
1312540 20332035 20332037 202e2036 2032202d
1312560 202b2028 202d2031 20312028 20312032
1312600 203e2036 203a2038 20482043 203e2046
1312620 203a2039 20352037 203c2040 20402038
1312640 20422040 203e2042 20412042 20402040
1312660 203d2045 203d203d 20432040 20452040
1312700 20422040 20462045 2045203d 203e2042
1312720 203f2038 203a2040 203a2049 20412039
1312740 203f2039 20452043 2048203f 2042204a
1312760 20472041 20472045 204b2049 2048204d
1313000 20492051 2050204b 2053204f 20462045
1313020 20432043 20462048 20482045 204e204b
1313040 20472048 204d2049 2050204c 2049204c
1313060 204e204e 2049204a 20502046 204b204c
1313100 204b2048 20512046 204c204a 2048204d
1313120 2049204b 204e2050 204e204f 204c204f
1313140 2052204c 20592056 205c205b 20532055
1313160 204c204f 204e204e 20532054 20542056
1313200 204e204e 2051204c 2040204a 2057204d
1313220 20512056 2058204c 205a205d 2057205c
1313240 2055205a 2054205b 20592059 20512053
1313260 204c2051 2049204f 204d204e 204f204d
1313300 20492051 204f204f 20502053 204f2057
1313320 204c204c 2048204e 204a204c 20512050
1313340 204e2052 2052204f 204b2049 2049204b
1313360 20432047 20482048 2046204b 20432043
1313400 20462043 204a2053 20422048 2046203f
1313420 20432045 2041203b 203a2042 2043203e
1313440 20452040 20432047 20412045 20452044
1313460 2038203f 203e203b 204b2047 203e2043
1313500 203e2045 203e203d 2050203f 204e2048
1313520 203b2048 20452046 204d2045 204a203e
1313540 20422049 203e2047 20342040 203a203b
1313560 203a2037 203e2040 203e2045 20402042
1313600 2042203f 203a203a 203e2038 203a203d
1313620 20382038 203d203e 203d203b 2038203b
1313640 20372039 2035203b 203b2040 203e203e
1313660 20382038 2032203a 203c2037 20342037
1313700 203c203f 203a203b 203c2039 2034203c
1313720 203d203f 203a203b 203d203d 203b2038
1313740 20402047 2039203e 203d2037 203e203c
1313760 203b203b 2044203d 2037203e 2036203a
1314000 20332039 203e2040 203c2044 203b203b
1314020 203e2041 20452040 20492045 20432049
1314040 2045203e 20452043 2041203e 2045203d
1314060 20472048 203d2043 2042203e 20432045
1314100 203f2043 20462044 20532053 2052204e
1314120 204c204e 20452048 20422046 20452046
1314140 20482047 20452042 20452043 2051204c
1314160 20582053 20542053 20572051 20512056
1314200 2057205c 20542050 2052204c 204e2051
1314220 2052205c 20592059 20582057 20562057
1314240 2053205b 20572054 20522055 20592053
1314260 205b2056 2052205c 205a2056 205a2057
1314300 205f2055 206b2068 20562065 20592053
1314320 2061205f 205b2063 20632061 20642062
1314340 20622061 20662069 206c2066 20642063
1314360 20642066 20642065 2066206a 206b2069
1314400 20692072 2070206b 206a206b 20712076
1314420 2070206d 20642063 206b2065 206f206f
1314440 206f2074 2071207b 20712072 206c206a
1314460 2064206b 20722073 20762071 207a2073
1314500 2076207c 207f2081 207f2084 207a2079
1314520 207a2078 207c2074 207d207e 207b207b
1314540 207d207e 2081207a 2084207e 20882083
1314560 208a208b 208b208d 20872088 20892089
1314600 2082208a 20852084 208c208b 208d2092
1314620 20912090 20942090 208f208b 20962094
1314640 2096208e 2095209e 208b208e 208a2088
1314660 208f208f 2095208f 209c2096 2099209b
1314700 2090209a 209d2099 209c2096 209d209c
1314720 20962094 208f2092 2096208b 20972098
1314740 20a22095 209f209f 20a2209e 209a2097
1314760 209d209b 209b209a 209a209b 209b209b
1315000 20982097 20a2209d 209f209d 209b20a3
1315020 209c20a2 2097209b 20a020a3 209f209d
1315040 209d20a1 209f209e 20a020a4 20a420a3
1315060 209d209b 20a120a1 20a020a1 20a220a0
1315100 20aa20a0 20a620a3 20a920af 20a720aa
1315120 20a920a7 20a220a0 20a8209f 20a320aa
1315140 20a220ae 20b420af 20aa20ac 20ad20ac
1315160 20a920af 20a520a9 20af20a4 20a920af
1315200 20a520ac 20aa20ac 20ab20a8 20ad20ad
1315220 20af20b2 20b020a9 20a720a8 20ac20a9
1315240 20ad20aa 20b120ac 20a620ac 20a720aa
1315260 20a720b1 20a920a2 20ab20ad 20b720af
1315300 20b420b3 20b920b5 20bb20c0 20b620b6
1315320 20b120b8 20b220b8 20b720bb 20bd20bf
1315340 20b520bb 20ae20b3 20b420b4 20af20b6
1315360 20b220bc 20b020ae 20ac20ae 20ab20b6
1315400 20a920a6 20b120b5 20bb20b5 20b820b4
1315420 20af20b0 20b320b6 20ad20b3 20af20ad
1315440 20b420b3 20bb20ba 20b620bb 20b720b5
1315460 20bc20b7 20ba20bd 20b020b3 20b720b2
1315500 20b320ad 20b220b8 20b320b1 20b120af
1315520 20b420b5 20b420af 20b620ae 20b920ba
1315540 20b920bc 20b320b6 20ac20b2 20a720a6
1315560 20a920a9 20a120ab 20a120a9 20ab20af
1315600 20a720ab 20a620ac 20a620a5 20a820aa
1315620 20a120a7 20a620a5 20a720a4 20a220a0
1315640 20a420a0 20aa209e 20a620a2 209b20a1
1315660 20a720a7 209e20a7 20a620a7 20a320a4
1315700 20a020a4 20a920ab 20a920a9 20a620a9
1315720 20a020a5 20ab20a4 20a120a8 20a320a7
1315740 20a620a1 20a7209f 20a1209f 20a620a7
1315760 20a520a3 20ae20a7 20af20a7 20aa20ac
1316000 20a520a6 20a320a9 20a920a5 20a920a4
1316020 20ac20a4 20a820a8 209f20a1 20a620a1
1316040 20a420a4 20aa20a8 20a920ac 20a020a5
1316060 20a3209e 209d20a5 20a120a3 20a720a1
1316100 20a8209f 20ae20a7 20ab20aa 20a420a7
1316120 20a5209d 20a620a5 209e20a0 20af20aa
1316140 20ab20ab 20a620a7 20a120a0 20a2209e
1316160 20aa209d 20ae20aa 209d20ac 209e20a9
1316200 20a3209e 20ad20a0 20ac20b3 20a820b1
1316220 20a620ac 20ab20a9 20a920a9 20a720aa
1316240 20bd20ab 20bb20bb 20b120b6 20b520b4
1316260 20ab20af 20a920b0 20a720a6 20b020a8
1316300 20b420ac 20b520b5 20b020b9 20b520b7
1316320 20b320b4 20b720b4 20b520b1 20b520b5
1316340 20b720bc 20c020b6 20b720b8 20bb20b9
1316360 20bd20bf 20c420c5 20b920bc 20c520c0
1316400 20b620bb 20b920b4 20b920b3 20bb20b6
1316420 20b720b3 20b720b7 20c220bf 20c620c2
1316440 20c520c5 20c120c4 20c220c0 20c420c5
1316460 20ca20c5 20d020c6 20d220c6 20c920cb
1316500 20cc20cf 20cd20cb 20d420ce 20d120d1
1316520 20ce20d0 20cb20c9 20c920cf 20cc20cc
1316540 20d420cd 20d120d0 20d120cf 20cf20d5
1316560 20d020d1 20d720d1 20d720da 20d020da
1316600 20d320d5 20da20d1 20dc20da 20d920df
1316620 20d520d5 20df20dc 20d620e1 20e020e7
1316640 20e120da 20dd20e2 20dc20d6 20d920d7
1316660 20d820d6 20d620d8 20dc20da 20da20d7
1316700 20e720e2 20e320e7 20e320e4 20da20db
1316720 20e320dd 20de20dd 20e120df 20dc20e0
1316740 20e120e6 20e320e4 20e820ed 20e820e8
1316760 20e520e3 20e520e8 20e520df 20dd20de
1317000 20e320db 20e720ed 20e620ec 20e420e6
1317020 20e420df 20ec20e3 20f020e8 20f720ee
1317040 20f520f9 20f320f2 20ee20ec 20e920ec
1317060 20ec20ea 20ec20ec 20f220ea 20e920e1
1317100 20e420de 20ef20f6 20e720ec 20ed20e8
1317120 20f020ee 20f020ef 20f920f7 20f620f8
1317140 210120f6 20f520f5 20f420f1 20ec20f5
1317160 20f020ed 20ee20ee 20f420f5 20f420f4
1317200 20e820f2 20ef20ea 20f420f5 20f720f1
1317220 20f120f1 20ec20ed 20f020f4 20f220f2
1317240 20f320f3 20f920f0 20ec20ef 20f720f9
1317260 210020ff 210220ff 20f920fd 20f920f8
1317300 20f920fe 20fd20f9 20fc20fa 21022102
1317320 20fc20fc 21022103 20fa20f7 20fd20fc
1317340 21052102 21042101 21002100 20fe2103
1317360 20fa2100 20fa20fc 20f920f9 20f820fb
1317400 20f820f6 20fe20fc 21032102 20ff2106
1317420 21002100 20f720f8 20fd20f0 20fc20ff
1317440 20fa20fd 20fc2102 210120fd 20fe20f6
1317460 20fc20fd 20fd20fc 20fc20fd 20fb20fc
1317500 21052102 21012101 21012105 20ff2104
1317520 21002102 20fa2100 20f020f2 20f420f6
1317540 20f520f4 20fe20ff 210a2100 210c2107
1317560 21052106 20fe2105 21052100 20fe2102
1317600 20fb20fb 20fd20fa 20fe2100 20f920f5
1317620 210c2105 210420f8 21002100 20ff20fc
1317640 21012102 20fb20fb 20fc20ff 20fb20f9
1317660 210120fc 20fa20f8 20fb20f1 20fa20f7
1317700 20f520fb 20fd20fc 20ff20fd 210220fa
1317720 20f720fe 20fb20fd 20fa20fa 20fe20fa
1317740 20fa20fe 20f720fc 20fd2100 20f120fb
1317760 20f920ff 20f620fa 20f620fb 20f120f7
1320000 20f420f8 20f120e8 20f020ec 20f520fb
1320020 20f420f9 20f120f9 20ee20f0 20f120e8
1320040 20f320ef 20eb20f2 20f520f3 20eb20f4
1320060 20f820ee 20fb20f0 20fb20fa 20f820fa
1320100 20f520f8 20f520fa 20f420f5 20f020f2
1320120 20ef20ee 20ef20f0 20f720f0 20f420f8
1320140 20f520f5 20f220f4 20f320ef 20f220f4
1320160 20ef20fa 20ee20ef 20e920ea 20ea20ee
1320200 20f720f1 20fc20ff 20f720fd 20f020fd
1320220 20f720f4 20f620f4 20fd20f4 20f520f7
1320240 20f920f9 20ee20f2 20f320ea 20f120f9
1320260 20ef20f0 b0100498 00001004 0001000a
1320300 00010000 03b1601c 00000ffc 0001000a
1320320 1400003c add01f00 add01f01 add01f02
1320340 add01f03 add01f04 add01f05 add01f06
1320360 add01f07 add01f08 add01f09 add01f0a
1320400 add01f0b add01f0c add01f0d add01f0e
1320420 add01f0f add01f10 add01f11 add01f12
1320440 add01f13 add01f14 add01f15 add01f16
1320460 add01f17 add01f18 add01f19 add01f1a
1320500 add01f1b add01f1c add01f1d add01f1e
1320520 ff000134 00000020 00000002 b324ef24
1320540 00000001 deadbeef f0000002 b324ef10
1320560 390b3817 00000000 00000134 00001f48
1320600 a0110499 21f620fb 21f521f0 21f221ef
1320620 21f521ec 21f721f9 21f421fb 21f921f8
1320640 21fc21fe 21ff21fe 21fd21fa 21f421f3
1320660 21ef21fa 21ed21fc 220021f0 21ec21f6
1320700 21f221e7 21ef21f6 21e821f1 21ee21f0
1320720 21ef21ed 21f421eb 21ec21e9 21ef21ea
1320740 21ed21ed 21e621ea 21eb21f0 21eb21ed
1320760 21ec21ee 21e521e5 21e321e6 21eb21e9
1321000 21e221e7 21e121de 21ea21ea 21e121e8
1321020 21dd21e5 21e221e6 21dd21dd 21de21d8
1321040 21df21dd 21dd21df 21e021e8 21dd21e1
1321060 21e021dd 21dd21e0 21e221dd 21e321e8
1321100 21de21df 21e421e7 21e621e7 21e821e5
1321120 21e021e4 21e021e2 21dc21db 21d721d8
1321140 21da21dd 21db21de 21e321e0 21e321dd
1321160 21dc21da 21dc21dc 21d821dc 21db21de
1321200 21df21de 21dc21dd 21de21e6 21e621e4
1321220 21e321e4 21e421de 21e121e2 21e121e0
1321240 21d821e7 21de21e3 21dd21df 21e321db
1321260 219821e4 1fad20aa 1e371ed7 1d851dc8
1321300 1d431d59 1d2c1d32 1d301d2d 1d2c1d28
1321320 1d2e1d2a 1d291d2d 1d211d20 1d1d1d23
1321340 1d261d24 1d271d28 1d241d26 1d281d23
1321360 1d291d2e 1d241d2f 1d291d29 1d271d21
1321400 1d1a1d21 1d221d25 1d201d1e 1d281d23
1321420 1d231d24 1d271d21 1d1c1d27 1d2a1d25
1321440 1d351d32 1d371d33 1d3a1d37 1d321d37
1321460 1d381d34 1d381d35 1d321d34 1d361d34
1321500 1d331d39 1d3d1d3a 1d3f1d37 1d3f1d3d
1321520 1d441d3f 1d3f1d3c 1d491d44 1d4a1d43
1321540 1d4c1d4f 1d4c1d50 1d511d54 1d501d4d
1321560 1d521d4e 1d591d50 1d541d57 1d521d55
1321600 1d521d54 1d5d1d5c 1d531d58 1d4f1d54
1321620 1d561d59 1d5e1d5c 1d5f1d57 1d5c1d60
1321640 1d5f1d60 1d6a1d6c 1d6c1d6b 1d7a1d70
1321660 1d6d1d76 1d741d75 1d711d78 1d6f1d72
1321700 1d751d74 1d711d72 1d6e1d7a 1d781d70
1321720 1d781d79 1d801d76 1d751d79 1d7a1d79
1321740 1d841d83 1d831d84 1d841d82 1d871d7d
1321760 1d851d8a 1d8d1d8e 1d8c1d91 1d991d8b
1322000 1d961d99 1d901d93 1d911d94 1d961d8d
1322020 1d931d90 1d9b1d9f 1d961d9c 1d991d92
1322040 1d951d96 1da41d9d 1d9c1da1 1da01d9f
1322060 1d9f1d9e 1dab1d9e 1dab1da4 1daa1da9
1322100 1da71da6 1db11da9 1db01da9 1da31da1
1322120 1daf1db1 1da31dad 1da61dac 1da71da7
1322140 1da61daa 1db01da6 1db41db7 1db81db0
1322160 1db51dae 1db41dae 1dab1db4 1db81daf
1322200 1db61db0 1db51db1 1dbc1db3 1dbb1dbb
1322220 1db71dc2 1db81db7 1dba1db8 1dc31db8
1322240 1dc01dbe 1dbd1dbb 1db81dc0 1dba1db7
1322260 1dbf1dbd 1dc01dbc 1dc51dc4 1dbf1dc8
1322300 1dc31dbc 1dca1dc6 1dcf1dcd 1dc21dca
1322320 1dc31dcc 1dbc1dbb 1dc21dbf 1dc71dc7
1322340 1dc41dc8 1dbd1dc9 1dc51dc3 1dbc1dbb
1322360 1dc71dbb 1dce1dd4 1dd21dca 1dc81dd1
1322400 1dc61dc5 1dc01dc1 1dca1dca 1dcb1dcd
1322420 1dcf1dcf 1dd41dcb 1dce1dcb 1dc51dc4
1322440 1dc61dc5 1dc71dc2 1dc41dcb 1dcd1dc4
1322460 1dcd1dd1 1dd21dd5 1dcd1dce 1dd01dc6
1322500 1dd31dd4 1dcc1dd7 1dd11dd6 1dd11dd3
1322520 1dd61dca 1dd21dd5 1dd61dd3 1dd71dda
1322540 1dcd1dd2 1dcf1dce 1dd51dd3 1dd31dcf
1322560 1dd41dd7 1ddc1dd8 1dd21dd3 1dd41dd1
1322600 1dcf1dcd 1dd21dd5 1dda1dd9 1ddc1dd7
1322620 1dd41ddb 1ddd1ddb 1dd41dd5 1de01dd1
1322640 1dd31dd3 1dda1dd2 1dd41dd7 1dd51dd4
1322660 1dd51dd7 1dd31dd1 1dd61dd2 1dd31dcf
1322700 1dd71dda 1dd91dd7 1ddf1dd2 1dd31dd4
1322720 1dda1dd6 1ddc1ddd 1dd61dd8 1dd01dd3
1322740 1ddb1dd7 1dd31dd9 1dc71dd5 1dd11dd1
1322760 1dd21dcc 1dd41dd2 1dda1dd7 1ddd1dde
1323000 1dda1ddc 1de51de1 1de11de3 1ddb1de1
1323020 1dd81de0 1de01ddf 1de31de3 1dde1de4
1323040 1dd61ddb 1dd91ddb 1dda1dd8 1dd91dd7
1323060 1dd31dd2 1dc81dcf 1dcc1dd0 1ddd1dd1
1323100 1dd51dd1 1dd71dd4 1dd41dd3 1ddc1dd9
1323120 1ddc1dda 1ddb1dd8 1dde1ddb 1ddb1dde
1323140 1de41ddb 1ddf1ddb 1dd91ddd 1dda1ddb
1323160 1dda1ddd 1de01ddb 1dd81dd8 1dd71dd7
1323200 1de01dd7 1dd61ddd 1dde1dd6 1dd21dd3
1323220 1dd71dd4 1dde1dd8 1dda1dd7 1dd71dd6
1323240 1dd41dd2 1dd51dd1 1dd81dd8 1dd81dd6
1323260 1dd81dd2 1dd81dd3 1dcc1dcd 1dd61dd5
1323300 1dd81dd2 1dd21ddd 1dd71dd6 1ddb1dd5
1323320 1ddf1dd4 1de41de0 1de91de8 1de61ddf
1323340 1ddd1de0 1de41de5 1dde1de0 1de21de8
1323360 1ddc1de0 1de31de0 1de21de5 1ddd1ddf
1323400 1ddc1dde 1de91de2 1def1de2 1de91dea
1323420 1ded1de6 1df01df1 1dea1de9 1df31deb
1323440 1deb1de9 1de81dec 1dea1deb 1dea1de3
1323460 1de71de9 1de51de2 1de31de6 1deb1def
1323500 1ded1ded 1df41df0 1df31df1 1df61df6
1323520 1dea1df1 1dee1df0 1df91dec 1df71df2
1323540 1df91df4 1dfc1dfb 1df51df8 1dfe1dfd
1323560 1e021dfd 1e001e04 1e011e01 1dfa1e05
1323600 1dfa1dfa 1e041df5 1e021e06 1e091e06
1323620 1e011e04 1e081e03 1e0c1e07 1e0e1e0d
1323640 1e151e13 1e171e16 1e1e1e13 1e141e1d
1323660 1e191e19 1e1d1e1e 1e1c1e1a 1e201e1a
1323700 1e1f1e16 1e121e18 1e1b1e1b 1e1a1e21
1323720 1e271e19 1e281e28 1e201e22 1e2a1e20
1323740 1e231e25 1e271e22 1e291e21 1e251e2c
1323760 1e2d1e2a 1e331e2b 1e341e30 1e381e31
1324000 1e3b1e3c 1e3f1e40 1e3d1e3d 1e341e33
1324020 1e361e3a 1e3a1e3b 1e331e3a 1e3c1e37
1324040 1e441e39 1e451e46 1e361e45 1e431e3d
1324060 1e451e49 1e501e3f 1e541e4f 1e4e1e53
1324100 1e4e1e52 1e501e4d 1e491e4c 1e4c1e4a
1324120 1e4a1e52 1e551e51 1e5d1e58 1e5c1e58
1324140 1e5b1e5c 1e591e61 1e5a1e61 1e5d1e5d
1324160 1e601e5b 1e5b1e5e 1e571e5c 1e5c1e61
1324200 1e5c1e5a 1e6e1e62 1e6c1e6d 1e691e62
1324220 1e6a1e6e 1e6d1e6b 1e711e6f 1e6e1e79
1324240 1e741e74 1e771e77 1e7e1e78 1e7b1e77
1324260 1e721e75 1e721e6b 1e7d1e77 1e771e73
1324300 1e821e7c 1e7c1e7d 1e7a1e80 1e801e7a
1324320 1e861e86 1e831e81 1e871e8b 1e881e88
1324340 1e831e80 1e841e82 1e891e7f 1e881e83
1324360 1e841e88 1e8b1e8a 1e901e8c 1e951e8e
1324400 1e941e94 1e8d1e8e 1e8a1e7f 1e8d1e92
1324420 1e901e85 1e8d1e8b 1e931e92 1e9a1e99
1324440 1e971e97 1ea21e98 1e9e1e9f 1e9f1ea1
1324460 1e9b1ea3 1ea11e9c 1ea61ea4 1ead1ea8
1324500 1ea21ea7 1ea41ea6 1eaa1ea4 1ea41ea3
1324520 1eaa1ea4 1e9c1ea6 1e9a1e9f 1ea61e9f
1324540 1eae1ea6 1ea51ea4 1ea41ea1 1eab1e9f
1324560 1eaa1e9a 1ea91ea8 1ea61ea5 1eac1eaa
1324600 1eac1eac 1eb41eb3 1ead1eb6 1eae1ead
1324620 1ea81eb1 1eae1ea9 1eb61eb2 1eb91eb3
1324640 1eb01eb3 1eb81eb0 1eb41eba 1ebb1ebb
1324660 1ebd1eb7 1ebb1eb6 1eba1eb1 1eb61eb7
1324700 1eb81eb6 1eb71eb6 1ebc1eb8 1ebd1ec1
1324720 1ec51ec1 1ebc1ec0 1ebe1eb7 1ebd1ec0
1324740 1eb81ebe 1ebe1ec0 1ec01ec0 1ec11ebd
1324760 1ebc1ec2 1ec01ec2 1ec01ec3 1ebd1ebc
1325000 1ec11eb9 1ec01ec0 1ebd1ec3 1eba1ebf
1325020 1ec01ebf 1ec71ebe 1eb81ebf 1ec11ec6
1325040 1ec01ec0 1ec11ec5 1ec11ec1 1ec51eb9
1325060 1ec11ec5 1ec81eca 1ec51ec5 1ec71ec7
1325100 1ec51ec6 1ec51ece 1ecc1ecf 1ec81ec7
1325120 1ec71ec6 1ec31ec1 1ec31ec3 1ec11ecc
1325140 1ec01ec0 1ebf1ebf 1ec21ebb 1ec31ec1
1325160 1ec81ec1 1ec51ec3 1ec41ec5 1ecc1ec9
1325200 1eca1ecd 1eca1ed0 1eca1ec0 1ec61ec3
1325220 1ec01ec8 1ec41ec6 1ecc1ec3 1ec81ec7
1325240 1ec61ec9 1ec11ecc 1ec41ec0 1ec21ec1
1325260 1ec31ec3 1ec31ec4 1ebc1ec5 1ec71ecb
1325300 1ebb1ec2 1ec41ec3 1ec51ec6 1ec31ec2
1325320 1ebf1ec5 1eb81eba 1ec01ec5 1ec11ebd
1325340 1ec01ec5 1ec51ec4 1ec71ec6 1ec01ec0
1325360 1ebc1ec3 1eba1ec5 1ebe1ebe 1ebf1eb9
1325400 1eba1ebf 1eb31ebb 1eb91eb8 1eba1ebb
1325420 1eb41eb8 1ead1eb3 1eb41eb4 1eaf1eb4
1325440 1eac1eae 1eb31eb2 1ebb1eb7 1ebe1ebb
1325460 1ebc1ec6 1ec01ec7 1eba1ec0 1ec01ebd
1325500 1ebe1ebb 1eb11eb4 1eb21ead 1eb61eb5
1325520 1eaf1eb0 1eb81eb4 1eb91ebc 1eb31ebb
1325540 1eb11ebd 1eb71ebb 1eae1eb5 1eb81eb5
1325560 1eb91eb4 1eaf1eb5 1eaf1eb1 1eba1eb2
1325600 1ebc1eb9 1eb71ebd 1ebb1ebb 1ebb1ebe
1325620 1eb81ebc 1eb81eb6 1eb81ebd 1eb11eb5
1325640 1eb81eb7 1eba1eaf 1ebc1eb2 1eb91ebd
1325660 1ec01ebe 1ebb1ec0 1ec31ec2 1ec61ec8
1325700 1ebb1ec2 1ec01ec4 1ec11ec0 1ebd1ec3
1325720 1ebd1ebe 1ec01ebe 1ec21ec2 1ec21ec3
1325740 1eb81ec4 1ec31ec3 1ec11ec3 1ebf1ec4
1325760 1ec21ec2 1ec61ec7 1ec21ecd 1ec61ec7
1326000 1ecc1ec7 1ecc1ec4 1ecb1ed1 1ecc1ecc
1326020 1ecd1ed5 1ec91ec8 1ecd1ec7 1ed61ecf
1326040 1ecf1ed0 1ec71ecc 1ecc1eca 1ecc1ece
1326060 1ed61ed1 1ed71edb 1ed31eda 1ed61edf
1326100 1ee01eda 1eda1edb 1ee61edf 1ee01edf
1326120 1ee11ee3 1ee71ee8 1ee81ee7 1ee31ee4
1326140 1edf1ee2 1ee61ee2 1ee71ee4 1ee31ee4
1326160 1ee51ee8 1eea1eeb 1ee41eea 1eea1eee
1326200 1ef11eef 1eeb1ef1 1eec1ef5 1ef11ef0
1326220 1ef51eee 1ef31ef2 1ef11ef1 1ef41efe
1326240 1efb1ef8 1efa1ef4 1efc1ef9 1ef71ef3
1326260 1ef51efd 1efc1efa 1f061eff 1f021f05
1326300 1efd1f01 1f001efd 1eff1efe 1f091f03
1326320 1f051eff 1f051f05 1f041f05 1f0a1f04
1326340 1f091f06 1f0a1f07 1f051f06 1f0e1f0d
1326360 1f0a1f14 1f121f0b 1f121f12 1f131f15
1326400 1f061f11 1f0c1f0b 1f191f0e 1f181f12
1326420 1f191f17 1f181f1a 1f121f16 1f171f15
1326440 1f191f1b 1f1e1f19 1f1a1f1f 1f191f1f
1326460 1f241f1a 1f2e1f25 1f231f26 1f1c1f25
1326500 1f231f26 1f2b1f2a 1f2c1f2d 1f2d1f32
1326520 1f361f34 1f301f32 1f381f30 1f231f32
1326540 1f2a1f27 1f2a1f30 1f301f2b 1f3c1f35
1326560 1f351f3e 1f391f3b 1f391f3b 1f3e1f3e
1326600 1f391f3a 1f3d1f3d 1f401f44 1f411f42
1326620 1f481f48 1f431f45 1f451f42 1f461f42
1326640 1f461f44 1f511f4d 1f4b1f4c 1f441f45
1326660 1f461f49 1f4a1f4c 1f451f44 1f501f4e
1326700 1f561f53 1f551f59 1f4c1f62 1f501f55
1326720 1f501f4e 1f541f4d 1f571f5b 1f581f58
1326740 1f541f57 1f571f59 1f501f55 1f4b1f4a
1326760 1f421f44 1f4a1f43 1f491f4a 1f4e1f4c
1327000 1f501f51 1f591f56 1f581f57 1f591f57
1327020 1f591f57 1f5a1f4a 1f571f55 1f5b1f56
1327040 1f5e1f56 1f611f5e 1f5b1f5d 1f5a1f5d
1327060 1f561f59 1f561f59 1f591f5d 1f631f62
1327100 1f611f5f 1f5d1f62 1f611f59 1f661f63
1327120 1f621f60 1f601f5f 1f661f64 1f6c1f63
1327140 1f701f69 1f651f6a 1f621f68 1f671f6b
1327160 1f681f67 1f691f64 1f6d1f65 1f701f6b
1327200 1f691f6e 1f6a1f6a 1f651f62 1f5d1f60
1327220 1f671f65 1f701f6b 1f6f1f65 1f6a1f6f
1327240 1f641f60 1f631f6b 1f641f60 1f6c1f6b
1327260 1f6b1f67 1f6d1f6c 1f6b1f65 1f721f70
1327300 1f721f72 1f6a1f6f 1f6d1f70 1f6e1f6a
1327320 1f681f6d 1f721f74 1f6b1f6b 1f731f6c
1327340 1f6d1f6f 1f661f67 1f701f70 1f6c1f68
1327360 1f641f6a 1f701f6f 1f6d1f71 1f6c1f69
1327400 1f701f6c 1f741f71 1f731f72 1f7b1f79
1327420 1f721f72 1f701f69 1f761f70 1f701f79
1327440 1f6b1f6d 1f741f70 1f7a1f71 1f781f77
1327460 1f701f74 1f701f74 1f701f71 1f751f70
1327500 1f661f68 1f741f73 1f6c1f6f 1f6f1f76
1327520 1f731f72 1f7c1f76 1f721f77 1f6d1f6e
1327540 1f681f6d 1f711f6d 1f6f1f7b 1f6e1f6b
1327560 1f691f71 1f761f6e 1f6c1f6a 1f6a1f68
1327600 1f601f69 1f631f68 1f621f65 1f611f60
1327620 1f581f60 1f531f5d 1f661f63 1f631f5f
1327640 1f681f68 1f661f64 1f611f66 1f671f6b
1327660 1f631f63 1f611f6b 1f661f66 1f651f66
1327700 1f671f6a 1f681f6b 1f691f6a 1f691f6a
1327720 1f671f6c 1f661f67 1f621f66 1f651f63
1327740 1f641f67 1f671f67 1f641f62 1f601f63
1327760 1f651f60 1f6c1f6e 1f611f60 1f651f62
1330000 1f691f65 1f691f60 1f671f67 1f6b1f63
1330020 1f621f68 1f661f6e 1f611f63 1f6b1f69
1330040 1f651f68 1f661f6b 1f6c1f67 1f6b1f6a
1330060 1f621f62 1f621f61 1f621f65 1f741f68
1330100 1f681f6c 1f681f6a 1f5b1f63 1f5e1f62
1330120 1f651f63 1f641f66 1f631f60 1f661f64
1330140 1f6d1f6c 1f681f65 1f661f67 1f5e1f62
1330160 1f601f65 1f601f63 1f691f66 1f661f64
1330200 1f651f60 1f641f6a 1f6d1f6a 1f6f1f6b
1330220 1f641f6b 1f6f1f6b 1f6d1f77 1f641f6f
1330240 1f711f6a 1f681f6c 1f711f74 1f741f70
1330260 1f781f6f 1f701f72 1f731f6e 1f6c1f72
1330300 1f711f7b 1f771f76 1f7a1f74 1f821f78
1330320 1f7c1f77 1f7a1f7c 1f7b1f80 1f791f7e
1330340 1f801f75 1f7d1f7b 1f811f80 1f761f7d
1330360 1f721f73 1f7f1f75 1f811f7e 1f801f83
1330400 1f821f80 1f851f86 1f811f7f 1f7d1f82
1330420 1f811f7e 1f861f85 1f871f87 1f871f83
1330440 1f851f82 1f841f7c 1f841f83 1f841f80
1330460 1f941f8f 1f861f8b 1f861f8a 1f851f88
1330500 1f931f90 1f8e1f91 1f911f90 1f851f8b
1330520 1f911f8c 1f911f90 1f921f99 1f9a1f91
1330540 1f931f9e 1f9d1f99 1fa21f9b 1f9d1f9f
1330560 1f951fa0 1f981f9b 1f951f9d 1f9f1f9a
1330600 1f9c1f9c 1fa21f9d 1fa01f9e 1f9d1fa1
1330620 1f9e1fa2 1f9f1fa0 1f991f9c 1f9f1fa2
1330640 1fa31fa2 1fa21f9f 1fa21fa0 1faf1fa9
1330660 1fa61faa 1fae1fa8 1fb21fac 1faa1faf
1330700 1fab1fb1 1fb21fb3 1fab1fb3 1faf1fac
1330720 1fb51fae 1fb01fb0 1fb21fb3 1fa71faa
1330740 1fb41fb7 1fba1fbb 1fbc1fb6 1fb21fbb
1330760 1fb71fb6 1fb61fb7 1fc61fb8 1fb51fbb
1331000 1fbc1fb3 1fb91fb8 1fb41fb5 1fbd1fbc
1331020 1fb71fb2 1fbb1fb4 1fb81fba 1fb81fb7
1331040 1fb61fb7 1fbd1fbf 1fbc1fc2 1fc01fba
1331060 1fc41fc1 1fc61fc3 1fc61fc6 1fce1fcd
1331100 1fcb1fce 1fcb1fcb 1fce1fcd 1fc31fc7
1331120 1fc61fca 1fc81fc4 1fcb1fcb 1fd11fc7
1331140 1fce1fd1 1fcc1fcd 1fd31fcb 1fd01fd0
1331160 1fd11fce 1fcc1fdb 1fd51fda 1fd31fd7
1331200 1fd71fd7 1fd51fd0 1fd41fd8 1fd41fd5
1331220 1fd71fd3 1fdf1fdc 1fd41fcf 1fcd1fd1
1331240 1fd21fce 1fd81fd1 1fdc1fd6 1fe11fd9
1331260 1fda1fde 1fd81fda 1fd31fd1 1fd61fd2
1331300 1fdb1fd7 1fd41fd5 1fde1fdb 1fe31fe4
1331320 1fde1fdb 1fda1fd8 1fdb1fd8 1fdb1fdd
1331340 1fde1fde 1fdd1fdb 1fe41fdd 1fe11fe3
1331360 1fe01fdd 1fe81fe1 1ff51fec 1fed1fea
1331400 1feb1ff1 1fe31fee 1fe81fe9 1feb1fe7
1331420 1ff11fec 1fe61fea 1fe71fe7 1fe81ff0
1331440 1ff41fef 1fe71ff4 1ff41ff5 1fed1fef
1331460 1fea1fef 1fec1feb 1fec1ff1 1fef1fed
1331500 1feb1fed 1fe31fed 1ff51feb 1ff51ff4
1331520 1ff51ff3 1fef1ff5 1ff31ff5 1ff41ff6
1331540 1ff21fed 1ff61ff0 1ff01ff6 20011ffa
1331560 1ffa1ff9 1ffb1ff1 1ffc1ffe 1fee1ff6
1331600 1ff11ff8 1ff81ff5 1ff71ff5 1ff71ff6
1331620 1ff91ff6 1ff71fff 1ffd2002 1ffd1ffd
1331640 1ffb1ff6 1ff61ffb 1ffc1ffe 20012006
1331660 1ffe2001 20001ffd 1ff92000 20011ffd
1331700 20051ffb 2000200b 20021fff 1ff02002
1331720 1ffc1ff2 20021fff 1ff61ff5 1ff41ff2
1331740 1ff31ff8 1ff51ff7 1ffd1ffd 1ffd1ffc
1331760 20001ffe 1ff11ff7 1ff61ff6 1ff51ff7
1332000 1ff01ff0 1ff41ff4 1fed1ffd 1ff21fef
1332020 1ff51ff4 1ffd1ff1 1ff51ff6 20021ff5
1332040 20012005 1ffe1ff8 20001ff8 20012005
1332060 20031ff9 1fff2007 20022001 1ffe1fff
1332100 1ff91ff8 20021fff 1ff91fff 1ffb1ff7
1332120 1ff61ff5 1ff71ff5 1ffa1ff8 1ffc1ffc
1332140 1ff61ff5 1ff21ff1 1ffc1ff4 20022002
1332160 20092005 20052002 1ff72002 1ff71ffe
1332200 1ff51ffe 1ffc1ffa 1ffe2001 20071ffa
1332220 20062003 20022005 1ffd2006 1fff2003
1332240 1ffd1ffc 1ff41ff9 1ff61ff9 1ff71ff8
1332260 1ffd1ffa 20011ff9 1ffc1ffe 200b2008
1332300 1ffc2009 20011ffd 1ffd1ff7 1ff61ff6
1332320 1fff1ffe 1ffd1ff9 1ffd1ff8 20011ffd
1332340 20012005 1fff1ffd 1ffb1fff 1ffe2001
1332360 20062007 200e2002 200d200d 200b2004
1332400 200b200f 2003200c 20022007 20072002
1332420 1ffd2005 20101ffc 200b2013 200a2006
1332440 200f2014 2008200e 200b2004 200e200e
1332460 200f2010 200a200d 200c2008 200b2007
1332500 20082006 20092009 2002200d 2010200f
1332520 20122011 20142015 20182019 20132014
1332540 2015201b 20102015 20172013 20132014
1332560 2014201b 201e201c 201c201e 201c200e
1332600 201a201d 2017201e 201a201b 2018201d
1332620 201e2018 2018201c 20182019 20182014
1332640 201a2015 20242024 20202022 20232021
1332660 201f201e 20222018 20212020 201a2017
1332700 201a201d 20232021 20222023 2022201d
1332720 201f2023 20252024 20282029 20242025
1332740 202c2028 20292027 2025202b 2027202e
1332760 20302023 202d2028 202d202c 202b2028
1333000 2028202b 202a202a 2037202c 2029202f
1333020 20292029 202c202b 202f202c 202f202e
1333040 2033202d 202f202c 20332031 20392034
1333060 203a2033 203b203e 2039203c 203f203e
1333100 20442042 20412045 203e203c 203d203a
1333120 20372040 20372045 20382034 203b2032
1333140 20412032 20402045 203c2042 203e2042
1333160 20432044 20442044 203c2046 203c203a
1333200 203d203e 203d2040 2039203c 203d203a
1333220 203c203c 203e2043 20372041 203a2041
1333240 2041203a 203d2042 2046203c 20492045
1333260 20482047 2046204b 204e204a 203f2040
1333300 203e2042 203c203d 2043203d 20442043
1333320 204a2045 2047204d 20452048 20482048
1333340 2045204d 20442048 20432048 20472046
1333360 20472045 2041203a 20482045 20482051
1333400 20472043 2046204d 204b2045 20452042
1333420 204f204e 2048204e 20502051 20532051
1333440 20542058 20532055 204f204e 204d204d
1333460 20502051 205a2052 205b2062 20582059
1333500 20552056 204c204e 204e2056 20512050
1333520 2052205b 20512051 20532053 2051204e
1333540 20592059 20522059 2057205c 205e205a
1333560 2062205b 205d205d 205f2065 20672067
1333600 20712068 20652067 20622063 205d2062
1333620 205a2060 205d205b 205a2058 205d205c
1333640 2055205b 20692067 205c2062 2061205a
1333660 205d2062 20622060 20682065 20652061
1333700 2066206b 20652065 20632063 206a206b
1333720 206b206b 2065206a 20642062 20662066
1333740 206a2065 206a206c 2065206a 20642068
1333760 20632065 20692064 20672064 20662060
1334000 20632065 206c2069 206f206f 20722073
1334020 20742072 20672070 206a206e 20722076
1334040 206f2073 206f206a 206d206f 206f2071
1334060 206b206c 206a206a 20662068 2070206b
1334100 20722070 20772070 206e2072 20692067
1334120 206b206d 2066206d 206b206c 2066206c
1334140 206e2067 206e2071 20702074 20772070
1334160 207e207b 20782080 2076206c 206d2074
1334200 2076207a 2081207b 207a2071 2079207b
1334220 20752077 20792079 20772074 20762075
1334240 20732077 20712074 20712076 20722072
1334260 2070206e 2070206d 206f206d 20742070
1334300 2070206d 2071206e 206f206c 2070206f
1334320 206a2075 20762070 2072206f 206e2074
1334340 206e206f 206f2075 20772070 2071206f
1334360 20722080 2076206f 207a2083 2078207d
1334400 207b2073 20772072 2076206e 2075207c
1334420 2081207b 207b2075 20762079 20762075
1334440 207f2082 20822084 20832082 207d2084
1334460 20752078 20772079 20762078 206f2075
1334500 20752075 20742074 20732079 207b2075
1334520 207e207f 20882080 20882089 2082208d
1334540 207f2084 2081207e 2084208a 2082208a
1334560 207a2087 207a207b 20852078 20892089
1334600 2086208b 2087208c 2080208d 2087207f
1334620 20912084 208e2093 208b208c 2092208c
1334640 208a2082 208c2088 208c208c 2090208e
1334660 208b208d 20932089 208c2088 20852089
1334700 2085208c 2088208b 20912091 208d2091
1334720 208e208a 20902092 208b208f 208e208a
1334740 20912087 2090208e 208d208b 2087208a
1334760 208b2086 208d208a 20962090 209b209b
1335000 20a020a1 20a12098 20a320a6 20a220a1
1335020 209e20a4 209f209f 20a520a3 2097209c
1335040 2095209f 20a0209b 20a220a3 20a020a2
1335060 20a120a1 20a220a4 209c209e 20a2209b
1335100 209a2096 20a0209c 20a420a4 20a620aa
1335120 209d20a3 20a6209d 20a3209e 20a620a1
1335140 20a920a2 20a620a4 20ad20a9 20a920a4
1335160 20a920a9 20ac20b2 20b420a6 20ad20a8
1335200 20a520a3 20a520ab 20a720a8 20a420a4
1335220 20ad20a9 20aa20a4 20ae20a6 20ac20ac
1335240 20b420b0 20b120ac 20ac20ae 20ad20b3
1335260 20b120b4 20b420b6 20b320b6 20aa20b1
1335300 20ab20a6 20b220a6 20b420af 20b520b1
1335320 20b420b6 20ad20b5 20a520ba 20b520ab
1335340 20ae20af 20b220aa 20aa20b6 20b220b5
1335360 20b320b8 20b920b2 20c120b7 20bb20c3
1335400 20b820c5 20b820bd 20b820bf 20b620b8
1335420 20b820b8 20b720b5 20ba20b7 20bb20b2
1335440 20bc20b4 20b420b3 20b820b6 20b120b2
1335460 20a620a8 20b420ad 20b220b0 20b220b0
1335500 20aa20b4 20b220b0 20a620b0 20b220b2
1335520 20c020c3 20bc20bb 20b720b5 20b120b3
1335540 20b520b3 20af20b3 20b120ac 20ac20b2
1335560 20b320ab 20b920bc 20b420bb 20b520b1
1335600 20b520b8 20b520b7 20bc20c0 20c420c1
1335620 20c220bf 20c220c0 20c320c9 20c120be
1335640 20c220c1 20c220ba 20bd20b7 20b420b1
1335660 20bd20b8 20bb20be 20c320be 20c620bf
1335700 20b720b9 20bd20b9 20c220c1 20bb20b7
1335720 20b420ba 20bb20b7 20b920bd 20b820bb
1335740 20b920b5 20bd20bc 20b720c0 20b820c0
1335760 20be20be 20be20bf 20c320c1 20be20c0
1336000 20bd20c3 20c320c6 20c120c1 20bd20bd
1336020 20c120bc 20be20c1 20c120c2 20c620c3
1336040 20cb20c4 20c420bd 20be20c2 20bc20bd
1336060 20c020c3 20be20bb 20bf20c4 20bf20c4
1336100 20c420c4 20c620c0 20c320c3 20c220c0
1336120 20bf20c5 20c020c0 20bc20ba 20b620b7
1336140 20b920bb 20bd20b9 20bb20bc 20be20c0
1336160 20c620c1 20c320c9 20c920c0 20ca20ca
1336200 20cc20c7 20cc20c5 20c320ca 20c920cc
1336220 20cd20ce 20c820c6 20c620c9 20c620cd
1336240 20c920ce 20c520cc 20c820c4 20ce20c6
1336260 20cd20c5 20c820d2 20bc20c8 20bd20c5
1336300 20c420bf 20c120c4 20d320c8 20ce20d5
1336320 20cf20cb 20cd20ce 20cb20be 20c820c2
1336340 20c920cb 20c920c7 20cd20ca 20cc20d2
1336360 20cc20cb 20c420cb 20cb20bf 20ca20c5
1336400 20cd20ca 20c820d3 20cf20d0 20d120d0
1336420 20cd20d1 20d320cd 20c920ce 20c620cb
1336440 20cd20cf 20c920c4 20c620c7 20c420ca
1336460 20cc20cf 20c220c7 20c620c9 20cf20cf
1336500 20cd20d1 20cf20d1 20cd20d2 20d120c8
1336520 20d220cf 20cc20d1 20cf20cf 20cf20d1
1336540 20cd20cd 20ca20c9 20cf20c6 20cf20d1
1336560 20cd20cd 20d120ce 20c920cf 20d020d3
1336600 20d420d2 20d920d1 20d620d5 20d520d5
1336620 20df20da 20de20e0 20d120dc 20db20d9
1336640 20d820d6 20dd20d8 20db20df 20d520d5
1336660 20d520d1 20dd20df 20d920d9 20e020df
1336700 20df20e1 20e520e1 20e120df 20db20df
1336720 20db20e0 20dc20e5 20df20e1 20e120df
1336740 20e320e6 20ed20df 20dc20e5 20e220dc
1336760 20e320e6 20df20e4 20e020e4 20e420e4
1337000 20e220e0 20e920e4 20e620e7 20e820f0
1337020 20ea20e0 20e820de 20f220f0 20f820e9
1337040 20f620ff 20f320f3 20f920ef 20f720f8
1337060 20f820f9 20f120fc 20ef20f2 20f720ee
1337100 20fa20f8 20ff20fc 20f520fd 20ff20f9
1337120 210120fb 21022105 21032108 21052106
1337140 21052107 21052102 21062105 21052100
1337160 210a2108 21032104 210220ff 21042100
1337200 210120fe 21052100 210520ff 210c2109
1337220 21092109 21022104 21022103 2108210d
1337240 2118210d 21182110 21172113 21132113
1337260 210f210e 2115210f 21192115 210d2115
1337300 21152112 2114210f 21132116 211b211a
1337320 2119211b 2123211d 211f211f 21242122
1337340 2115211c 2119211a 2116211b 21122114
1337360 211b2110 211b2119 211d211b 21232116
1337400 211c211f 211d2119 211b211c 21202116
1337420 211d2125 212e2125 212e2121 2128212e
1337440 21272128 212a2123 212a2123 21242128
1337460 21212124 21292124 2133212f 212a212c
1337500 212f2131 212f212b 2131212a 21322133
1337520 212f212a 2130212d 21352138 212b213a
1337540 2127212e 212b212d 213d2121 212f2136
1337560 21282128 212f2135 212f212e 212e2129
1337600 212e212b 2133212c 21322131 2134212f
1337620 21312135 21332136 21342134 21312132
1337640 21302132 21332131 2133212f 2136212e
1337660 21372137 21322131 21362135 21352134
1337700 212e212e 212e2134 212e2130 21302129
1337720 2136212f 212c2131 212a212d 212e2127
1337740 2129212a 21292129 212b212d 212b212b
1337760 2128212c 212e212a 2134212f 21312138
1340000 2122212b 2134212d 21372131 21322133
1340020 2120212b 21262125 2130212b 21212124
1340040 21292127 212e2133 21332132 21332132
1340060 212c212e 2127212c 212e212b 2123212b
1340100 21232126 212d2126 21262123 2128212b
1340120 212f212f 212b2134 212c2131 2127212b
1340140 2124212c 212d212e 212a212f 2132212a
1340160 212b2130 21212124 21242127 21252123
1340200 2125211f 21242122 2129212b 212d2132
1340220 212c212f 212e212d 212c2124 21292132
1340240 212d2126 21272127 211f212b 21252116
1340260 2127212a 21262121 21232122 21242122
1340300 21232122 b0110499 00001004 0001000a
1340320 00010000 03b1601d 00000ffc 0001000a
1340340 1400003c add01f00 add01f01 add01f02
1340360 add01f03 add01f04 add01f05 add01f06
1340400 add01f07 add01f08 add01f09 add01f0a
1340420 add01f0b add01f0c add01f0d add01f0e
1340440 add01f0f add01f10 add01f11 add01f12
1340460 add01f13 add01f14 add01f15 add01f16
1340500 add01f17 add01f18 add01f19 add01f1a
1340520 add01f1b add01f1c add01f1d add01f1e
1340540 ff000134 00000020 00000002 b3a42de5
1340560 00000001 deadbeef f0000002 b3a42dd1
1340600 260b4c52 00000000 00000134 00001f48
1340620 a010049a 2201212a 21fd21fd 21ff21fa
1340640 220421fb 22032201 220c2204 220c220e
1340660 220e220e 220b2203 220e220c 2204220a
1340700 22022205 220a2204 22062207 22042206
1340720 220a220d 22132208 220d220c 2211220d
1340740 220c220f 2210220f 220a2209 2215220a
1340760 2213220f 22112219 2209220b 2212220d
1341000 220c220a 220b2206 220c2210 220f2211
1341020 2207220b 220b2201 2212220a 22142217
1341040 220f2212 2215220d 22122209 2214220e
1341060 220e220e 22102213 220f2214 220e220f
1341100 22062210 220e220b 22152218 22082213
1341120 220f220a 22122211 22192215 22142213
1341140 220a220d 220c220b 220b220c 2206220d
1341160 22112210 2210220a 2211220a 220e220a
1341200 2205220d 2205220e 22052203 22052202
1341220 220b2207 22132206 22052210 220c2207
1341240 2209220d 22022204 22102205 220b2203
1341260 220a2206 22042205 22072207 22082206
1341300 217921fe 1f882077 1e261ebc 1d921dc7
1341320 1d581d6b 1d491d47 1d441d3e 1d3f1d3d
1341340 1d331d36 1d2a1d35 1d291d33 1d301d2c
1341360 1d2f1d2c 1d2f1d2e 1d241d28 1d2b1d2b
1341400 1d301d31 1d341d37 1d311d2d 1d291d2a
1341420 1d2a1d2c 1d2d1d2a 1d2d1d2a 1d281d26
1341440 1d231d2a 1d261d2c 1d251d24 1d291d2a
1341460 1d261d23 1d311d2c 1d2c1d31 1d271d29
1341500 1d281d27 1d251d26 1d2d1d2a 1d301d26
1341520 1d2b1d34 1d2f1d32 1d261d2e 1d281d2c
1341540 1d231d2d 1d271d23 1d2c1d2b 1d321d28
1341560 1d2f1d2d 1d1e1d2d 1d281d27 1d291d28
1341600 1d211d2d 1d211d2a 1d2f1d26 1d2c1d2a
1341620 1d311d27 1d271d25 1d241d25 1d281d25
1341640 1d2a1d29 1d301d2e 1d271d2a 1d2d1d2e
1341660 1d2b1d2e 1d311d35 1d2a1d29 1d301d32
1341700 1d311d2f 1d2a1d29 1d311d30 1d351d31
1341720 1d2f1d36 1d321d30 1d3d1d38 1d301d36
1341740 1d3c1d38 1d2e1d38 1d331d2d 1d361d39
1341760 1d2f1d33 1d301d35 1d321d31 1d3d1d33
1342000 1d3a1d3f 1d361d3f 1d381d3d 1d2e1d34
1342020 1d351d37 1d381d3a 1d391d37 1d3b1d31
1342040 1d2f1d35 1d381d37 1d3c1d39 1d3d1d3a
1342060 1d471d3a 1d431d3f 1d3c1d37 1d3c1d44
1342100 1d451d3e 1d411d38 1d3b1d3f 1d441d45
1342120 1d491d4f 1d461d48 1d441d41 1d4a1d48
1342140 1d481d4c 1d4e1d4e 1d501d4d 1d511d50
1342160 1d5c1d53 1d551d5c 1d561d5c 1d5d1d54
1342200 1d5d1d5b 1d4a1d57 1d5e1d58 1d5c1d5f
1342220 1d571d5b 1d581d5c 1d5b1d53 1d5a1d57
1342240 1d591d5b 1d631d66 1d621d64 1d671d64
1342260 1d641d67 1d661d6e 1d6f1d6d 1d6d1d70
1342300 1d6d1d71 1d701d75 1d6a1d71 1d6c1d6a
1342320 1d721d75 1d701d78 1d701d72 1d741d78
1342340 1d771d74 1d7a1d72 1d761d78 1d771d72
1342360 1d721d77 1d7f1d7a 1d7f1d7f 1d7b1d83
1342400 1d841d86 1d891d84 1d821d83 1d851d87
1342420 1d901d8f 1d8c1d91 1d971d94 1d911d99
1342440 1d8e1d8f 1d881d8d 1d911d86 1d9d1d9b
1342460 1d991d96 1d971d9e 1d9b1d98 1d9f1d9c
1342500 1d9d1da3 1da01d9f 1d9d1da1 1daa1da6
1342520 1d9f1daa 1da71dac 1da31da6 1da91da5
1342540 1db01db0 1da61dac 1da71da7 1da51da7
1342560 1dac1dac 1da81dab 1db11daf 1daa1dad
1342600 1db31dae 1db31db3 1dbd1dbb 1dbb1dbb
1342620 1dba1dbe 1db31db5 1db61db4 1dbf1db3
1342640 1dc01dc0 1dc41dc5 1dc51dc6 1dcb1dce
1342660 1dc51dc4 1dc61dc7 1dc21dbf 1dc51dc2
1342700 1dc51dc2 1dc21dc2 1dcb1dc7 1dca1dcf
1342720 1ddf1dcb 1ddb1ddf 1dd31dd6 1dd31dda
1342740 1dd11dd1 1dcf1dd1 1dd61dce 1dd41dd2
1342760 1dd11dd6 1dd71dd4 1dd81dd8 1de11dd7
1343000 1dda1ddf 1ddf1de4 1dda1de1 1ddf1dd7
1343020 1dd41dd4 1dd61dd5 1dda1ddc 1de31de0
1343040 1ddd1dde 1de11de3 1de11de1 1de61de9
1343060 1ded1df1 1de91dea 1ded1de8 1df31df1
1343100 1df31df2 1df31df2 1dee1ded 1df31df2
1343120 1df31df4 1df31df3 1df11df0 1dff1dfb
1343140 1dfd1dfa 1df61dfd 1df51dfb 1df11dfa
1343160 1df01df2 1df71def 1dfa1dfe 1e011df7
1343200 1df51e00 1dfb1df8 1dfa1df9 1dfa1e03
1343220 1dfa1dff 1df71e03 1df91df8 1df91df2
1343240 1dfb1dfa 1df91dfa 1e031e03 1e071e03
1343260 1e091e00 1e011e05 1df71dfd 1e021dff
1343300 1e081e06 1e031e0a 1e061e0a 1e021e04
1343320 1e061e08 1e0e1e08 1e041e0a 1e061e0c
1343340 1e0b1e0c 1e061e0a 1e041e09 1e071e06
1343360 1e091e06 1e051e0d 1e111e0c 1e121e14
1343400 1e131e16 1e101e12 1e081e0a 1e0a1e0a
1343420 1e101e0a 1e131e13 1e121e12 1e111e10
1343440 1e151e13 1e101e07 1e0d1e09 1e0a1e10
1343460 1e0d1e09 1e091e08 1e031dff 1e071e09
1343500 1dfe1e01 1e0c1e04 1e091e0a 1e0e1e0b
1343520 1e0e1e0b 1e001e09 1e011e08 1e071e10
1343540 1e071e0d 1e051e0a 1e051e06 1dfd1e07
1343560 1e041e03 1dfc1dff 1e061dff 1e041e02
1343600 1dfd1dfa 1df91e03 1e021e00 1e051e01
1343620 1dff1e02 1e0b1e00 1e051e08 1dfe1e02
1343640 1e001dfd 1dfa1dff 1dff1dfd 1dfd1df9
1343660 1dff1dfe 1e041e01 1e041e07 1dfc1e04
1343700 1df31def 1dfa1dfc 1e061ded 1e031e05
1343720 1dff1e04 1e091e06 1dfd1dfb 1df91dfb
1343740 1dfb1dfe 1df51dfe 1dfd1dfa 1dff1df7
1343760 1dfc1df7 1df81df5 1e021df9 1dfb1dff
1344000 1df81df4 1dff1e02 1e041e0a 1dfd1e05
1344020 1dfa1dfa 1dff1df9 1dfc1dfb 1dfc1df9
1344040 1df51dfe 1df41df6 1dfb1df8 1e011df7
1344060 1df81e00 1df71dfe 1dfa1dfc 1df81dfc
1344100 1dfd1df8 1dfa1df7 1e001dfb 1df31df7
1344120 1df61df5 1dfd1df7 1dff1df9 1df21df4
1344140 1df51dff 1dff1e00 1dff1dfa 1dfe1e02
1344160 1dfc1dfd 1e0e1e05 1e061e05 1e071dfe
1344200 1e041e02 1e001e05 1e081e0c 1e0a1e02
1344220 1e0a1e05 1e041e07 1e021e03 1e001e0a
1344240 1e021e01 1e071dff 1e061e01 1e091e06
1344260 1e091e06 1e001e0c 1e071e02 1e071e02
1344300 1e091e08 1e0a1e08 1e0b1e0e 1e091e07
1344320 1e071e04 1e0a1e0b 1e131e12 1e0b1e13
1344340 1e141e12 1e0f1e10 1e121e0f 1e161e16
1344360 1e1a1e19 1e1a1e15 1e141e16 1e161e19
1344400 1e1a1e1f 1e1c1e17 1e101e16 1e1f1e19
1344420 1e181e1e 1e241e1e 1e221e1f 1e291e1f
1344440 1e251e2e 1e1f1e23 1e251e2f 1e261e1e
1344460 1e211e1d 1e2e1e22 1e301e2b 1e2e1e2e
1344500 1e2a1e30 1e321e2b 1e3a1e30 1e321e35
1344520 1e341e34 1e2f1e33 1e2c1e2f 1e371e32
1344540 1e401e38 1e3d1e45 1e391e37 1e391e3c
1344560 1e451e3b 1e431e3d 1e441e47 1e431e40
1344600 1e401e43 1e491e47 1e491e48 1e481e4e
1344620 1e4b1e42 1e4c1e47 1e4a1e49 1e501e46
1344640 1e511e58 1e591e55 1e591e56 1e591e5c
1344660 1e521e54 1e5e1e52 1e641e61 1e601e5d
1344700 1e571e58 1e541e55 1e631e6a 1e641e68
1344720 1e681e65 1e6a1e62 1e671e68 1e661e68
1344740 1e691e66 1e6f1e6c 1e6c1e6f 1e6d1e6b
1344760 1e6d1e70 1e6e1e6f 1e741e6f 1e741e72
1345000 1e801e74 1e801e82 1e841e7a 1e811e7d
1345020 1e821e81 1e881e7c 1e8c1e8e 1e8c1e8b
1345040 1e8e1e8d 1e871e89 1e8b1e8a 1e8d1e92
1345060 1e8c1e89 1e941e8d 1e981e94 1e9c1e9b
1345100 1e951e9c 1e961e9a 1e991e93 1e9b1e96
1345120 1ea21ea3 1e9a1e94 1e9b1ea1 1e971e99
1345140 1ea11ea4 1e9c1ea1 1ea91ea9 1eaa1ea8
1345160 1eac1ea9 1eae1ea9 1ea41eac 1ead1eaf
1345200 1eab1ea7 1eb41eac 1eb11eb3 1eb41eb0
1345220 1eb11eb1 1eb41eaf 1eb91eb5 1ebb1ec0
1345240 1eb81ebb 1eb31ebc 1eb71eb4 1ec11eba
1345260 1ec41eba 1ebf1ec3 1eca1ec6 1ecc1eca
1345300 1ed01ecc 1ec81ecb 1ed01ece 1ed21ecf
1345320 1ed71ed0 1ed61ed4 1ed01ed4 1ed01ecd
1345340 1ec81ec8 1ece1ec8 1ed21ed0 1ed01ed0
1345360 1ed61ed8 1ed51ed6 1edc1ed9 1ee11ed8
1345400 1edc1edf 1eda1edf 1ee41eda 1edd1ee4
1345420 1eda1eda 1ed41ee1 1ed41ed2 1edd1ed9
1345440 1edc1eda 1ee41ee0 1ee61eeb 1eda1ee0
1345460 1ee51ee5 1ee81ee6 1ee81eea 1eec1ee7
1345500 1ee71ee6 1eed1eea 1eee1eed 1eee1eec
1345520 1eea1eea 1ee21ee8 1eed1ee5 1ef21ef5
1345540 1eef1ee9 1eef1ef6 1ef21ef9 1eef1ef8
1345560 1ef01ee8 1eec1eee 1ee91eef 1ef11eef
1345600 1ee91eec 1ef01ef0 1eef1ee8 1eef1eea
1345620 1ef71ef4 1ef51ef4 1efe1ef0 1ef11eef
1345640 1eed1ef5 1eeb1eed 1ef71ef3 1ef11eef
1345660 1eed1eea 1ee51ee4 1eed1ee8 1eee1ef1
1345700 1ef61ef3 1ef41ef6 1eee1ef7 1ef41ef6
1345720 1ef61ef2 1efb1ef1 1ef71eef 1ef41ef4
1345740 1eea1eed 1eed1eea 1ef21eea 1eec1eee
1345760 1ee01ee8 1ee21ee1 1eeb1eea 1eee1eeb
1346000 1ee81ee5 1ee61ee9 1ee91ee7 1ef31eec
1346020 1ef81ef1 1ef81eec 1eed1eeb 1eef1eee
1346040 1eef1eec 1eea1eeb 1ee31ee0 1eda1edb
1346060 1ed71edb 1eda1edc 1ee11edd 1ee11edf
1346100 1ee61ee5 1ee71ee8 1ee31ede 1ee71ee0
1346120 1ee61ee2 1ee11ee0 1edf1ee0 1edf1ee1
1346140 1edd1edc 1ee01ed6 1ed81ed4 1ed81edd
1346160 1edb1eda 1ed41ed5 1ed61ed6 1edf1ed7
1346200 1ed91edf 1eda1ed5 1ed51ed8 1edc1ed7
1346220 1ee21eda 1ed61ed6 1ed81edc 1ee01eda
1346240 1eda1edb 1ede1ede 1ed71edf 1ed71eda
1346260 1ed91edd 1ed11ed0 1ed31ed8 1ed21ed8
1346300 1eda1ed8 1ed11eda 1ed61ecd 1ed51ed0
1346320 1ed11ed7 1ee21ee0 1edb1ed7 1ed61ed4
1346340 1ede1ed6 1ede1eda 1eca1ed1 1ed51ed1
1346360 1ecd1ec9 1ecd1ec7 1ed31ec8 1ece1ed9
1346400 1ecd1ed4 1ed01ecd 1ed01ecb 1ecd1ed2
1346420 1ed51ed0 1ed11ed1 1ed01ecf 1ecb1eca
1346440 1ecd1ece 1ecb1ec7 1ed41ecb 1eda1ed7
1346460 1ed61eda 1ed61ed8 1ed01ed0 1ed81ed0
1346500 1ed71ed5 1ed91ee0 1ed51ed4 1ed31ed6
1346520 1ed21ece 1ed71ecf 1ed61ed9 1ed71ed8
1346540 1edb1edb 1edf1edd 1edd1edb 1edb1edf
1346560 1ed61edb 1edf1eda 1edf1edd 1ee01edb
1346600 1ede1ee6 1ee41ee5 1ee11ee1 1ee41ee6
1346620 1edb1edf 1ee11ee0 1edb1ed7 1ee41ee3
1346640 1edc1ede 1ee61ee4 1ee41ee9 1ee81ee5
1346660 1eea1eed 1ee41ee7 1ee71ee5 1eed1ee4
1346700 1ee91eed 1eef1ef0 1eee1ee8 1ef31ef1
1346720 1ef11ef0 1eee1ef2 1ef41ee9 1ef31ef3
1346740 1ef51ef4 1ef11ef0 1ef21eec 1ef21ef2
1346760 1ef31eec 1ef81ef3 1ef61ef0 1ef41ef9
1347000 1ef41ef7 1efa1ef3 1f021ef7 1f051f05
1347020 1ef51f01 1efb1efa 1efd1f00 1efa1efc
1347040 1efb1ef4 1f051ef4 1f061efd 1f0e1f10
1347060 1f021f13 1f0d1f07 1f031f03 1f061f01
1347100 1f0c1f0c 1f141f09 1f051f0b 1f0e1f08
1347120 1f0c1f0c 1f131f09 1f101f11 1f111f0f
1347140 1f111f12 1f171f16 1f1a1f14 1f1c1f1c
1347160 1f1a1f20 1f141f1a 1f151f19 1f131f18
1347200 1f141f12 1f151f18 1f1d1f1b 1f171f20
1347220 1f1b1f1f 1f1d1f1a 1f251f24 1f1e1f1e
1347240 1f231f26 1f291f1f 1f2a1f23 1f2d1f2c
1347260 1f331f32 1f321f32 1f321f32 1f331f2d
1347300 1f301f2b 1f371f39 1f3c1f35 1f3d1f38
1347320 1f361f34 1f391f33 1f401f45 1f3c1f3a
1347340 1f3f1f3e 1f411f2f 1f481f44 1f421f43
1347360 1f411f42 1f451f43 1f471f44 1f491f48
1347400 1f431f4a 1f481f4b 1f451f45 1f441f44
1347420 1f4c1f48 1f4a1f4d 1f531f50 1f501f54
1347440 1f581f54 1f5b1f58 1f5f1f5a 1f571f56
1347460 1f4f1f4f 1f521f53 1f5a1f55 1f5c1f57
1347500 1f551f5e 1f5f1f5b 1f641f60 1f611f5b
1347520 1f601f60 1f681f65 1f6d1f67 1f651f66
1347540 1f611f64 1f6b1f62 1f6d1f73 1f681f66
1347560 1f621f67 1f661f60 1f6a1f67 1f6a1f69
1347600 1f781f6e 1f6c1f6b 1f701f70 1f6a1f65
1347620 1f721f6d 1f6b1f70 1f691f6a 1f6f1f71
1347640 1f701f7a 1f741f7c 1f7c1f7c 1f7d1f7c
1347660 1f751f7b 1f781f7c 1f7d1f83 1f791f81
1347700 1f7e1f79 1f7f1f81 1f791f7f 1f811f83
1347720 1f901f8d 1f841f88 1f821f87 1f811f80
1347740 1f841f85 1f8e1f8a 1f921f85 1f8c1f91
1347760 1f8a1f91 1f8c1f8e 1f881f85 1f8b1f86
1350000 1f941f91 1f861f90 1f8f1f8d 1f931f95
1350020 1f8c1f94 1f911f90 1f871f92 1f8b1f94
1350040 1f8f1f8d 1f901f89 1f971f8b 1f941f97
1350060 1f8d1f97 1f931f8e 1f881f86 1f891f83
1350100 1f901f88 1f941f89 1f911f8d 1f8e1f8f
1350120 1f871f87 1f871f87 1f8a1f88 1f8a1f85
1350140 1f8a1f81 1f871f86 1f8f1f8e 1f881f92
1350160 1f891f87 1f8b1f83 1f851f86 1f871f86
1350200 1f8c1f88 1f8d1f8d 1f8a1f8a 1f851f8c
1350220 1f8e1f8d 1f911f8f 1f911f90 1f931f8d
1350240 1f811f89 1f831f85 1f811f83 1f891f85
1350260 1f831f8a 1f821f81 1f831f82 1f7d1f7f
1350300 1f891f8a 1f901f8e 1f881f89 1f8c1f92
1350320 1f931f8c 1f921f93 1f8a1f90 1f821f87
1350340 1f851f87 1f881f89 1f861f88 1f861f86
1350360 1f821f8b 1f821f83 1f871f87 1f871f8a
1350400 1f871f7f 1f881f8a 1f861f8b 1f871f8a
1350420 1f821f87 1f871f7c 1f801f81 1f791f84
1350440 1f7e1f7e 1f8a1f7f 1f831f83 1f811f84
1350460 1f821f7e 1f821f87 1f7a1f7d 1f781f7f
1350500 1f781f7d 1f831f7e 1f8a1f84 1f841f85
1350520 1f7c1f7c 1f801f7e 1f751f78 1f751f79
1350540 1f761f77 1f791f7d 1f761f7d 1f7d1f7d
1350560 1f741f7b 1f771f73 1f7d1f79 1f7c1f77
1350600 1f7a1f80 1f7d1f80 1f7d1f82 1f781f7d
1350620 1f761f79 1f7e1f80 1f7a1f77 1f811f82
1350640 1f821f7c 1f7d1f7d 1f831f82 1f841f87
1350660 1f7f1f85 1f801f7a 1f7b1f76 1f811f84
1350700 1f7c1f8a 1f821f7e 1f811f7e 1f7e1f84
1350720 1f831f83 1f821f81 1f881f7e 1f8a1f81
1350740 1f811f85 1f881f84 1f7f1f88 1f871f89
1350760 1f891f81 1f8d1f82 1f851f86 1f861f8c
1351000 1f861f89 1f841f83 1f851f7d 1f881f86
1351020 1f7f1f8f 1f7f1f7b 1f831f81 1f8e1f85
1351040 1f851f87 1f861f89 1f801f84 1f811f81
1351060 1f831f7e 1f861f84 1f891f82 1f8d1f8a
1351100 1f871f89 1f831f83 1f871f86 1f881f8b
1351120 1f7d1f88 1f881f87 1f831f7b 1f861f8a
1351140 1f931f8e 1f991f8f 1f961f94 1f961f95
1351160 1f9b1f97 1f981f99 1f901f8b 1f911f8b
1351200 1f8a1f88 1f8d1f99 1f8d1f93 1f921f90
1351220 1f921f8f 1f9a1f95 1f9b1f99 1f9b1f9b
1351240 1f961f95 1f931f93 1f961f90 1f9c1f94
1351260 1fab1f99 1f9f1fa1 1fa31f9d 1f991f9e
1351300 1f9e1f97 1f9f1fa2 1fa21fa1 1fa61fa0
1351320 1faa1fa7 1fa71fa6 1fb11fa7 1fae1faf
1351340 1fb01fb3 1faa1fac 1fa11fb0 1fa11fac
1351360 1fa31fa1 1fa11fa6 1fa41fa2 1faa1fa3
1351400 1fb31fa8 1faa1faa 1fac1fac 1fa81fad
1351420 1fac1faf 1fb01fb0 1faf1fb0 1fad1fb0
1351440 1fae1fac 1fa51fa8 1fa81fa6 1fb31fb1
1351460 1fb91fac 1fac1fb0 1fad1fad 1fb11fae
1351500 1fb01fb0 1fb61fae 1fb61fb2 1fbe1fb5
1351520 1fb61fbd 1faf1fb8 1fb71fac 1fb11fb3
1351540 1fb31fae 1fb61fba 1fbf1fb7 1fbe1fbe
1351560 1fbe1fc4 1fc71fc8 1fc81fc6 1fc11fca
1351600 1fc21fc6 1fc91fc5 1fc71fc6 1fca1fc6
1351620 1fc31fc8 1fca1fbf 1fc11fcb 1fc21fc1
1351640 1fcf1fc8 1fcd1fcc 1fc61fca 1fcc1fca
1351660 1fcd1fce 1fcb1fce 1fd21fca 1fd41fd6
1351700 1fd61fd5 1fd01fd6 1fda1fda 1fd81fd4
1351720 1fdd1fdd 1fce1fd3 1fd81fcf 1fd91fd7
1351740 1fda1fd6 1fde1fe6 1fde1fde 1fd91fe2
1351760 1fe31fda 1fdf1fdc 1fe41fe5 1fe51fe6
1352000 1fd71fdd 1fe11fe1 1fdb1fdb 1fd31fd7
1352020 1fd91fdc 1fe81fe3 1feb1ff1 1fe41ff0
1352040 1ff21fe8 1fee1fef 1fee1fea 1ff01fee
1352060 1ff11fec 1fed1fea 1fee1fe9 1fea1fec
1352100 1fe51feb 1feb1fe7 1fe81fe7 1fef1fef
1352120 1feb1fee 1fe71fea 1fe81fe3 1fe81fe9
1352140 1fe21fee 1fea1fe8 1fed1fec 1ff11ff0
1352160 1ff91ff6 1fee1ff0 1ff31ff2 1ff41ff3
1352200 1fef1ff5 1ff51ff4 1ff51ff1 1ffa1ffa
1352220 20011ffd 1fff1fff 1ff61ffc 1ff71ffb
1352240 1ffb1ff6 1ffe1ff5 1ffc2000 1ff81ff2
1352260 1ff62000 1ff61ff9 1ff41ff2 1ff01feb
1352300 1ffa1ff0 1fec1fed 1ff81ff4 1ffb1ff7
1352320 20052002 1fff2001 1ffd1ffd 1ff61ff8
1352340 1ff41ff9 1ff61ff2 1ff31ff4 1fff1ffb
1352360 1ffc1ff9 1ff81ff6 1ff61ff2 1ff61ff5
1352400 1ff01ff2 1ff51fee 20001ff7 1ffc1ffe
1352420 1ffe1ffc 1ff81ffb 1ff41ff6 1ffa1ffa
1352440 1ff91ffb 1ff71ff6 1ff61ffb 1fee1ff5
1352460 1ff71ff5 1ff91ff5 1ff41ff0 1ffc1ff9
1352500 1ffa1ffb 1ffd2008 20072010 1fff2004
1352520 20022000 20021ff9 20072009 1ffd2003
1352540 1ffa1ff9 1ffc1ffe 1fff1ff5 20002001
1352560 20021ffe 20011ff8 1ffb2000 1ffd1ffe
1352600 1ffe1ffb 1ff41ff7 1ff91ff9 1ff31ff8
1352620 1ff51ff3 1ff11ff3 1ffa1ff7 1ffb1ff4
1352640 20011ff8 1ff71ff9 1ff82002 1ffd1ff8
1352660 1ff91ffb 1ffb1ffa 1fff1ff9 20002006
1352700 1ff91ffa 1ffe1fff 1ffa1ffe 1ffa1ffb
1352720 1fff1ffd 1ffb1ffe 20031ffe 1ffe2000
1352740 20072003 20012004 20002002 1ff71ffd
1352760 20041ffd 1ffc1ffb 20011fff 20011ffe
1353000 20031ffd 1ffb2003 20011ffc 20042005
1353020 20051ffe 20031fff 20072009 2009200b
1353040 200f200e 200c200e 20082007 1ffd2006
1353060 1fff1fff 200b200c 20092003 200d2004
1353100 200e200e 200f200c 20112012 2012200e
1353120 200e200d 200b2013 200d200f 2012200e
1353140 200c2011 2011200e 200b200f 20082013
1353160 2010200a 2014200a 2013200f 201b2012
1353200 20172016 2010201b 20102018 201a2014
1353220 201c2019 201e2021 201d201e 20212025
1353240 201e201e 2018201c 20202019 2024201e
1353260 20252024 2020201f 20212021 201f201e
1353300 20202024 2026201d 202d2024 201c2022
1353320 20202024 202e202c 2029202c 201e2028
1353340 20252024 201d201b 20262024 202d2029
1353360 202f2034 20312036 20312034 20322034
1353400 2031202f 20352032 203b2039 2033203b
1353420 20332036 202a202c 202c2028 202c202c
1353440 202e2031 20322037 202e2033 203a202f
1353460 20312032 203c2032 203c2034 20452041
1353500 203b2040 203b2041 203c2043 2041203e
1353520 203a2040 20332038 203e2033 203e203e
1353540 20392040 20422049 20482044 20462048
1353560 20462045 20442040 20472044 2047203d
1353600 204c204d 20482051 2040204c 2043203f
1353620 2048203e 204a204c 20502052 20542050
1353640 2056204e 2050204b 204d204f 204f2053
1353660 20552050 204a204c 204d204c 2049204f
1353700 204b204a 2058204e 2056205b 20502059
1353720 20532051 204e2050 20562052 20612053
1353740 2057205d 205a2051 2058205c 20562057
1353760 205a205b 20612059 205c2054 20532059
1354000 2059205a 20622062 20582055 20542056
1354020 205c205d 20612061 205d205f 2062205a
1354040 205e2064 205e2062 205a205b 205d2056
1354060 2063205a 205d205d 2062205e 20672067
1354100 20662064 20632060 2060205f 205b2060
1354120 20602063 20622067 20622060 205a205f
1354140 20632065 20632064 20602068 206c2068
1354160 2070206a 20692068 2068206f 2071206f
1354200 2070206f 206f206c 20772076 2065206c
1354220 206c206c 206e206a 20722075 20682071
1354240 2069206f 20682071 20672069 20662065
1354260 206c2070 206f206e 206c2071 2073206b
1354300 2070206c 20742072 207a207d 20722077
1354320 206b206e 2069206a 2074206b 206d206f
1354340 20712077 20752078 20742074 20732076
1354360 206f207c 20762077 20732078 20712074
1354400 20732074 206f206c 20772074 20782076
1354420 20742076 206f2071 20742073 207a207b
1354440 207a207a 20712075 20702073 2076207b
1354460 20772071 2079207b 20722075 206f2074
1354500 2066206f 20702066 206b206f 2071206d
1354520 2068206f 2064206a 206c206c 206f206b
1354540 206b2070 206a206a 206d206b 2070206b
1354560 206d2065 206b206e 20652066 206c206b
1354600 20732065 206d2076 2074206e 206a206b
1354620 206b206e 20692069 206a2066 206e206d
1354640 20732070 2072206f 20662072 2073206e
1354660 206b206c 206d2069 206b2072 2063206f
1354700 206b2065 2061206c 20692066 20732076
1354720 2066206a 20642060 20612062 20692068
1354740 20642067 2064205c 20612060 20672065
1354760 20662068 20682071 206d206c 206d206c
1355000 2061206c 205d2065 20632060 20652062
1355020 206c2064 206a206a 2066206b 206f206f
1355040 2071206b 2071206e 2063206f 206b206b
1355060 206a206d 2069206c 206a2068 20652061
1355100 20652063 2069206b 206c2066 206b2067
1355120 20622065 2061206c 206a2066 20652067
1355140 20682065 20662062 20652062 20762068
1355160 206c206d 206d2069 206b206b 206b206a
1355200 20672069 205e2066 20682062 206f206f
1355220 206e206f 20732075 20772073 206e2070
1355240 206c2070 2072206d 2076206e 206f206c
1355260 20782077 20742076 207c2073 207b2081
1355300 20742074 20752071 207e2074 2076207e
1355320 2081207d 207f2080 2079207f 207a207a
1355340 2078207f 2078207e 2082207f 2081207a
1355360 20842081 2078207f 20812082 207f2089
1355400 2085207f 208b208a 208b2089 20882084
1355420 2080208a 208c2083 2092209a 208a208a
1355440 20922091 20922091 20982097 20902099
1355460 20902090 208b208e 20952092 2086208f
1355500 2088208c 208c208f 20932090 209d2092
1355520 20a02097 2097209a 209c209c 209d20a0
1355540 209d2098 209c2098 209c2097 209d209f
1355560 20a120a5 20a920a7 20a6209f 20a220a3
1355600 20a220a5 209e20a3 20a520a3 20a820aa
1355620 20ab20a9 20a920ad 20a820a7 20b120af
1355640 20b120b3 20a520a5 20a120a9 20a920aa
1355660 20af20b6 20b820b0 20be20bb 20af20ad
1355700 20b220b9 20a920ac 20aa20a9 20ad20ae
1355720 20b620af 20b820bd 20ba20b6 20b920b6
1355740 20ba20b9 20b520b9 20bc20bf 20bd20bc
1355760 20b920c1 20b920b5 20be20b7 20b720ba
1356000 20be20b5 20bf20b9 20c720c2 20c920c6
1356020 20c820cb 20d420ce 20d620d6 20cf20d0
1356040 20cd20cc 20ca20c8 20c720c7 20c520cd
1356060 20cd20cd 20ce20d2 20cd20d0 20cb20d6
1356100 20d220cb 20d120d4 20cd20c5 20d220d3
1356120 20d220d0 20d620d2 20d320cc 20cd20d5
1356140 20de20d8 20d620dc 20e120df 20d920e8
1356160 20d020dc 20d420d3 20d520d4 20e120dc
1356200 20dc20dd 20d620da 20db20e0 20d620da
1356220 20de20df 20e020df 20df20e3 20db20e4
1356240 20db20d8 20e120da 20df20e2 20db20e3
1356260 20dc20df 20db20dd 20e120dc 20e220d9
1356300 20d720e6 20db20d9 20d220d3 20d820d8
1356320 20d620d3 20e120d7 20e520e1 20f120e7
1356340 20e620e4 20e820e3 20e420ec 20e420e6
1356360 20e520df 20e720e4 20ee20f1 20ec20e6
1356400 20ea20f4 20e820ed 20ec20e5 20f120ee
1356420 20e620e9 20df20e6 20da20dd 20e120dd
1356440 20e120db 20e720e9 20e620e7 20ec20eb
1356460 20e920e9 20e420e6 20e420e6 20e120e4
1356500 20e820e2 20ea20eb 20e720e6 20e520e1
1356520 20e120e6 20e620db 20ec20e0 20ea20e2
1356540 20e320e9 20e920e7 20df20e0 20e420de
1356560 20e020e7 20e420ea 20e320e2 20e320e4
1356600 20ea20e1 20e020e4 20e320de 20e020df
1356620 20e520db 20e620ea 20e120e7 20d820e3
1356640 20dd20d9 20dc20d7 20e020d9 20e420e1
1356660 20dc20d8 20e120de 20df20da 20e120d7
1356700 20dc20de 20d420d8 20d720d6 20e120d9
1356720 20df20df 20cf20da 20d920d9 20d720d7
1356740 20d720d8 20e120dd 20dd20e1 20db20df
1356760 20d520d3 20d820d3 20d520d4 20d020d1
1357000 20d520d6 20d020d2 20c920cc 20d620c5
1357020 20d720d1 20ce20d3 20c820cb 20c720ca
1357040 20c320c8 20c920c8 20c120c7 20cc20c7
1357060 20ce20c7 20ca20c6 20c820c6 20bf20c9
1357100 20cc20c5 20d020d1 20cd20d0 20cb20c6
1357120 20ba20c1 20b920ba 20bf20bb 20ca20c1
1357140 20ca20c2 20c520cb 20c820c5 20c520c4
1357160 20c420bf 20c220c2 20b520bc 20c220be
1357200 20bb20bf 20c220bb 20c720c3 20be20c7
1357220 20c020c0 20bc20be 20b620ba 20b320ba
1357240 20af20b5 20bc20bd 20b620be 20ba20bc
1357260 20b620bd 20bb20b9 20bc20b9 20c620c0
1357300 20b720bf 20b220b0 20b020b5 20ae20b7
1357320 20bc20b2 20bf20c7 20bc20bd 20b420bb
1357340 20ae20b1 20af20ae 20bc20bd 20bd20bc
1357360 20b520b6 20be20ae 20c120be 20b420b2
1357400 20b120bd 20af20ae 20b320b3 20b220ad
1357420 20b720b1 20ba20b9 20ba20b8 20b320be
1357440 20b020b3 20b820b5 20bb20bc 20be20be
1357460 20be20bf 20c020c1 20bf20b9 20b520af
1357500 20b220b5 20c420ba 20c320c2 20bf20c5
1357520 20c520c3 20c320c2 20cc20cb 20cf20c9
1357540 20cf20cf 20c620ca 20cc20ca 20c220c4
1357560 20c820c5 20d120c9 20d020cf 20ca20d9
1357600 20ce20ca 20c720cb 20dc20d0 20d120cf
1357620 20d320d3 20ce20cd 20c820cd 20d620ce
1357640 20cf20d7 20d220c6 20d320dd 20dc20de
1357660 20da20d8 20d320db 20d020d7 20d420d4
1357700 20dd20d0 20e320db 20e320de 20e120e0
1357720 20de20e3 20e420e2 20e620ed 20e720ea
1357740 20e920e3 20e520e7 20e420e6 20f120ea
1357760 20f020ed 20e220ea 20ea20ed 20eb20e1
1360000 20ec20ed 20e620eb 20ea20ec 20f020f2
1360020 20f320ea 20f820f4 20fc20f4 20f720f3
1360040 20f820fc 20ff20fe 20fa20fc 20fa20f9
1360060 20ff2101 21022100 20ff20fc 20fa20fc
1360100 210a20fe 20fc2106 20ff2102 21032102
1360120 21082109 2109210d 21052110 2111210f
1360140 210c210d 21102108 2111210d 2114210c
1360160 210e2115 21172114 21172118 211a211f
1360200 2117211e 211c2117 211e211f 21162117
1360220 21162119 21162113 21162117 21112119
1360240 2120211a 2125211e 21212127 2121211d
1360260 2121211e 2125211b 21262120 21272123
1360300 21242123 212d2126 21322129 21242123
1360320 21262125 b010049a 00000f90 0001000a
1360340 00010000 03b1601e 00000ffc 0001000a
1360360 1400003c add01f00 add01f01 add01f02
1360400 add01f03 add01f04 add01f05 add01f06
1360420 add01f07 add01f08 add01f09 add01f0a
1360440 add01f0b add01f0c add01f0d add01f0e
1360460 add01f0f add01f10 add01f11 add01f12
1360500 add01f13 add01f14 add01f15 add01f16
1360520 add01f17 add01f18 add01f19 add01f1a
1360540 add01f1b add01f1c add01f1d add01f1e
1360560 ff000134 00000020 00000002 b3dcd5f0
1360600 00000001 deadbeef f0000002 b3dcd5dc
1360620 1e0ac306 00000000 00000134 00001f48
1360640 a011049b 22052132 22112203 220c2209
1360660 2207220d 22032204 2202220c 22062208
1360700 22022209 22072205 220a220d 22092209
1360720 2204220d 22012200 21fe21fd 21fb2201
1360740 21fc2202 21fe2200 21fb21fd 21f921ff
1360760 21fb21fd 220221fd 22002205 22072200
1361000 22002200 21fe2200 220021fe 220421fd
1361020 21ff2202 21fc21fc 21fb21ff 21fe21fb
1361040 21f621f9 21fc21f9 22012202 22032204
1361060 2209220b 220021fc 220621ff 21fb2201
1361100 21fe21fd 21fe21fc 21fb21f6 21fe21ff
1361120 21fb21f9 21f921ff 21f321f5 21f421f2
1361140 220121fb 21fd2201 21fa21fc 21fb2202
1361160 21f421f9 21f921fd 21fc21f5 21f421fc
1361200 21fa21f7 21f321f8 21fa21f8 21f621f8
1361220 21fd2201 21f821fe 21f821f5 21f821f4
1361240 21f221f6 21f521f3 21f621f9 21f721f4
1361260 21fd21f6 21f521fa 21fa21f4 21f421f7
1361300 21f321f5 220121f9 21ff21fa 21ec21fc
1361320 215d21f4 1f7f2062 1e5b1ed6 1dd21dff
1361340 1d9e1db2 1d921d9b 1d931d8c 1d931d94
1361360 1d841d84 1d8c1d8b 1d8b1d8e 1d8d1d8f
1361400 1d8c1d8e 1d871d88 1d861d89 1d861d8f
1361420 1d921d8c 1d8e1d91 1d871d86 1d871d87
1361440 1d811d82 1d851d86 1d8b1d89 1d881d87
1361460 1d901d8d 1d8a1d8f 1d8a1d87 1d901d8c
1361500 1d981d90 1d951d95 1d951d96 1d911d8c
1361520 1d8d1d91 1d971d97 1d8f1d98 1d931d94
1361540 1d991d93 1d941d93 1da01d98 1d9b1d9c
1361560 1da11da2 1d9a1d98 1d9c1d99 1d901d98
1361600 1d9e1d95 1d961d9c 1da11d9d 1d9a1d98
1361620 1d9b1d9e 1d9d1da3 1da21d9c 1d9d1d9f
1361640 1da81da2 1da21da8 1da61dae 1dab1da8
1361660 1dab1daa 1dac1dac 1da71db0 1da61da7
1361700 1da31da8 1da61da5 1dad1da3 1daa1dac
1361720 1db41db3 1dbb1dba 1db91db6 1dbb1db7
1361740 1dbe1dbc 1db71db7 1dbc1db7 1db51db2
1361760 1db91dac 1dba1db9 1dc21dbc 1dc01dbd
1362000 1dbb1dbe 1db91db6 1dc01dba 1dbc1dbd
1362020 1dc01dc6 1db71dbd 1dc41dc1 1dbb1dbf
1362040 1dcd1dc9 1dc11dc5 1dc41dc4 1dc81dc2
1362060 1dcb1dc9 1dcb1dcb 1dcf1dcd 1dc11dc6
1362100 1dcb1dc1 1dc41dc4 1dcf1dc7 1dcb1dcd
1362120 1dcb1dcc 1dcc1dc5 1dd11dd3 1dd01dd0
1362140 1dc61dcc 1dc91dc8 1dca1dc4 1dd11dca
1362160 1dd11dd1 1dd41dd9 1dd51dd3 1dd81dd7
1362200 1dd81dd9 1dd71dd4 1dd51ddc 1dd81dd7
1362220 1ddd1dd1 1dd71dd8 1dda1dd5 1dd61dd8
1362240 1dd61dd4 1dcf1dd1 1ddc1dd1 1dd51dd5
1362260 1dd51dd9 1dd61dd1 1ddc1dd6 1dd71dd9
1362300 1dda1dd9 1dcb1dd9 1dd91dd5 1dde1dd7
1362320 1ddd1dd9 1ddb1ddc 1ddc1ddb 1ddd1dde
1362340 1dde1dde 1de21de1 1de21de4 1de51de2
1362360 1de71dde 1de41de1 1de01de7 1de31de1
1362400 1de01de6 1de01de1 1dea1de6 1ded1de7
1362420 1de51deb 1dea1deb 1de91de9 1dec1de9
1362440 1de51de9 1de71de8 1deb1de6 1dea1deb
1362460 1de71de7 1ddf1de1 1de31de7 1de01de6
1362500 1de51ddb 1dea1de5 1dde1de9 1ddc1dea
1362520 1de01ddc 1de41de3 1de31de3 1dec1de7
1362540 1def1de6 1de61deb 1deb1de2 1de81de0
1362560 1de71de0 1de91de7 1def1dec 1df71df4
1362600 1ded1df2 1deb1dea 1de41deb 1de61de7
1362620 1deb1de7 1df31df0 1df61dee 1df81dfc
1362640 1df71df7 1dfa1df6 1dfc1df3 1df91df3
1362660 1def1def 1df71dfb 1df21df7 1df51df8
1362700 1df41df8 1df21df3 1df31df6 1df51df7
1362720 1df61df5 1dfb1dfb 1dfc1df7 1dfc1e00
1362740 1df41df8 1dfa1df5 1df91df8 1df81dfd
1362760 1dfb1dfb 1df61df7 1df31dee 1df31df7
1363000 1df41dfa 1df91e01 1df71df3 1e001dfc
1363020 1e001e00 1e051e08 1dfd1e01 1e081e02
1363040 1e031e0b 1e021e03 1e011e03 1dff1e00
1363060 1e0c1e06 1e0c1e05 1e0b1e0c 1e081e05
1363100 1e061e09 1e021e08 1e0c1e05 1e071e06
1363120 1dfd1e03 1dfd1e00 1e061dfc 1e011dfd
1363140 1e031e02 1e0e1e09 1e081e02 1e021e06
1363160 1e031dfc 1e051e03 1e0c1e0c 1e061e03
1363200 1e061e04 1e081e08 1e0b1e0c 1e0f1e0d
1363220 1e091e0d 1e101e10 1e161e12 1e191e16
1363240 1e0e1e13 1e061e10 1e091e0e 1e0d1e06
1363260 1e0d1e16 1e131e14 1e0f1e10 1e0e1e11
1363300 1e121e12 1e0c1e05 1e0b1e0b 1e111e11
1363320 1e151e14 1e131e13 1e191e18 1e0f1e18
1363340 1e101e12 1e141e13 1e111e17 1e1c1e13
1363360 1e171e23 1e1c1e20 1e171e20 1e1b1e16
1363400 1e191e1a 1e1d1e1f 1e201e1b 1e251e1d
1363420 1e261e29 1e261e23 1e2a1e22 1e251e2a
1363440 1e251e27 1e261e2a 1e1f1e23 1e241e27
1363460 1e2f1e33 1e2a1e28 1e301e28 1e2d1e2d
1363500 1e2a1e2c 1e321e31 1e331e2f 1e361e2e
1363520 1e2f1e2a 1e2d1e2c 1e2c1e2b 1e391e35
1363540 1e3a1e33 1e3a1e34 1e3a1e38 1e3a1e3f
1363560 1e381e43 1e3e1e41 1e391e3f 1e3d1e38
1363600 1e4a1e42 1e471e45 1e3e1e41 1e461e47
1363620 1e441e48 1e491e4b 1e411e43 1e411e3e
1363640 1e4b1e48 1e431e48 1e481e43 1e511e4a
1363660 1e531e4f 1e4a1e4e 1e501e51 1e541e59
1363700 1e581e58 1e621e5e 1e5b1e5f 1e591e58
1363720 1e591e5d 1e581e59 1e661e5b 1e621e64
1363740 1e651e63 1e601e60 1e601e64 1e681e61
1363760 1e691e67 1e791e6d 1e6f1e75 1e711e6b
1364000 1e691e6f 1e681e63 1e751e6e 1e741e78
1364020 1e6c1e6e 1e661e72 1e781e76 1e721e72
1364040 1e751e6e 1e7c1e75 1e7a1e7c 1e7c1e77
1364060 1e741e79 1e791e80 1e771e78 1e781e75
1364100 1e811e79 1e851e82 1e831e7f 1e891e80
1364120 1e8f1e8d 1e8b1e8c 1e871e8a 1e8d1e88
1364140 1e851e84 1e891e85 1e8a1e80 1e931e8d
1364160 1e941e94 1e8d1e8c 1e931e91 1e911e93
1364200 1e951e97 1e981e9b 1e911e93 1e951e8f
1364220 1e911e97 1e941e9c 1e951e9f 1e951e95
1364240 1e9c1e9c 1e9a1e93 1e9a1e99 1e981e9b
1364260 1ea11ea4 1e9d1e9b 1e9b1e98 1e9f1e9e
1364300 1ea41ea0 1ea71ea0 1ea01ea0 1ea01e9d
1364320 1ea11ea2 1ea61ea3 1ea91eaa 1ea91ea1
1364340 1ea61ea9 1ea71ea8 1ea81ea9 1eac1eae
1364360 1ead1eaf 1ea81eab 1ead1ea6 1eb11eb6
1364400 1eb01eaf 1eae1eae 1eb11eb4 1eb31eb7
1364420 1eb91eb5 1eba1eb9 1ebc1eb1 1eb71eb6
1364440 1eb11ec0 1ead1eb7 1eb11eaf 1eb21eb0
1364460 1eae1eaf 1eb11eb2 1eb41eaa 1eb01eac
1364500 1eab1eb6 1ebb1eb3 1ebb1ec0 1ebd1eb8
1364520 1eb41eb6 1eb01eb0 1eaf1eb1 1ead1eb0
1364540 1eb31eb4 1eb21ebd 1eb11eb1 1eae1eaf
1364560 1ea81eb2 1eb21eb3 1eb61eb6 1eb91eb6
1364600 1eb91eb5 1eba1ebe 1eba1ebe 1eb61ebb
1364620 1ec11eb8 1ebc1ec0 1ebb1ec2 1ec81ec8
1364640 1ebd1ec0 1eb51eb6 1ebc1ebc 1ec01ebe
1364660 1eb91ebf 1ebd1ebb 1eba1ebf 1ebb1ebd
1364700 1ebf1ec5 1ebf1ec8 1ebf1ebd 1ebe1ebc
1364720 1ebf1ebc 1ebd1eba 1ebd1ebf 1eb81ebf
1364740 1ebb1eb1 1eb71eb0 1ec31ebf 1ec41ec4
1364760 1ec51ec1 1ec31ec0 1ebf1ebd 1ec11ec1
1365000 1eba1ec0 1ec11ec1 1ec71ec1 1ecb1ecb
1365020 1ec81ec7 1eca1ece 1ec21eca 1ec61ec3
1365040 1ec21ec8 1ec61eca 1ec61ec9 1ec91ec5
1365060 1ec11ec1 1ec71ec4 1ebf1ec2 1ec31ec3
1365100 1ec51ec2 1ec71ec2 1ecc1ec5 1ecb1ec8
1365120 1ec61ec9 1ecf1ecd 1ecc1ecc 1ed21ed6
1365140 1ec71ecc 1ecd1ece 1ebf1ec7 1ecd1ec6
1365160 1ec71ecd 1ec31ec4 1ec71ecc 1ed41ecc
1365200 1ecf1eca 1ed01ed3 1ec91ed5 1ec51ec4
1365220 1ece1ecf 1ed61ec6 1ed31ed6 1ecc1ed5
1365240 1ed11ec6 1ec91eca 1ecf1ecf 1ed21ed4
1365260 1ecc1ece 1ed31ecf 1ed21ed3 1ece1eca
1365300 1ecf1ed0 1ed21ed1 1ecb1ed0 1ec51ecc
1365320 1eca1ec8 1ec31eca 1ece1ec6 1ecc1ecf
1365340 1ed51eca 1ec41ed1 1ecb1ecb 1ecb1ece
1365360 1ecd1ed7 1ece1ed2 1ed31ed6 1ecb1ed5
1365400 1ec01ec9 1ec41ecf 1ec91eca 1ec71eca
1365420 1ecd1ec5 1ecc1ed2 1ecd1ecf 1ed11ed3
1365440 1ed21ed2 1ec91eca 1ecb1ecd 1ed01ecd
1365460 1ece1ecf 1edc1ed1 1eda1edf 1ed81edc
1365500 1ed91ee2 1ed11ed4 1ed71ed2 1ed21ed6
1365520 1ed91ed7 1ed51ed0 1edf1eda 1edf1edf
1365540 1edb1edc 1ed81edf 1edd1edb 1edf1ed7
1365560 1edb1edc 1ed61eda 1ed61ed8 1ed81ed8
1365600 1ede1ee0 1ee01ed8 1edb1edc 1edf1ee0
1365620 1edd1ee2 1ed91eda 1ede1ede 1ee91ee0
1365640 1ee71ee6 1ee81eed 1eec1eee 1eef1eec
1365660 1eea1eee 1eea1eed 1eeb1eeb 1ee91eea
1365700 1ee31eea 1ee81eeb 1ee71eee 1eee1eeb
1365720 1ef21ef2 1eed1ef0 1ef51ef9 1eeb1ef0
1365740 1efa1ef8 1f001efd 1f001ef1 1eff1f00
1365760 1efd1efe 1efe1f03 1efd1efb 1f001efd
1366000 1f051f01 1f071f09 1f051f0c 1f0b1f0a
1366020 1f0e1f08 1f0d1f06 1f111f0e 1f0d1f10
1366040 1f101f0e 1f191f10 1f121f0f 1f0d1f16
1366060 1f0f1f1e 1f151f10 1f161f14 1f141f12
1366100 1f171f14 1f211f24 1f171f1d 1f201f1c
1366120 1f1f1f16 1f201f26 1f211f21 1f1d1f25
1366140 1f261f1d 1f271f26 1f271f30 1f291f2c
1366160 1f241f27 1f2d1f32 1f341f31 1f311f3a
1366200 1f3a1f35 1f331f33 1f381f27 1f361f34
1366220 1f301f3e 1f351f3a 1f3a1f36 1f401f3b
1366240 1f401f42 1f391f39 1f441f3e 1f3c1f39
1366260 1f461f3e 1f3f1f42 1f3b1f44 1f401f45
1366300 1f421f44 1f431f3b 1f461f45 1f451f45
1366320 1f471f4c 1f521f4d 1f511f46 1f501f4f
1366340 1f531f4b 1f5a1f52 1f541f55 1f551f54
1366360 1f5c1f57 1f5b1f5e 1f5e1f5e 1f5b1f5a
1366400 1f5b1f5c 1f561f57 1f591f57 1f5f1f5a
1366420 1f5a1f5c 1f5d1f55 1f621f54 1f5f1f5c
1366440 1f6b1f6a 1f5b1f67 1f681f65 1f5f1f65
1366460 1f5f1f68 1f5c1f64 1f5f1f62 1f6a1f6b
1366500 1f711f6b 1f791f73 1f6c1f7b 1f6e1f6e
1366520 1f701f6e 1f651f67 1f6a1f68 1f6e1f6e
1366540 1f691f70 1f701f68 1f6d1f6c 1f671f6c
1366560 1f771f76 1f7b1f77 1f7c1f74 1f711f79
1366600 1f6d1f72 1f721f76 1f751f75 1f731f72
1366620 1f781f7a 1f761f76 1f7b1f7b 1f781f7e
1366640 1f7a1f78 1f771f71 1f731f7a 1f781f73
1366660 1f841f82 1f7e1f7e 1f7c1f7f 1f891f88
1366700 1f871f85 1f7b1f7b 1f831f80 1f831f84
1366720 1f7f1f7d 1f7d1f7f 1f781f7a 1f801f73
1366740 1f7e1f7d 1f741f7a 1f7c1f7d 1f801f75
1366760 1f821f82 1f861f7e 1f821f87 1f791f81
1367000 1f7c1f79 1f7a1f7c 1f7a1f79 1f7d1f7c
1367020 1f7d1f7e 1f7c1f83 1f8d1f80 1f841f89
1367040 1f831f82 1f801f88 1f831f85 1f8b1f82
1367060 1f831f8e 1f801f86 1f801f7d 1f881f87
1367100 1f831f83 1f7c1f79 1f7d1f7b 1f7b1f7a
1367120 1f881f84 1f8a1f89 1f881f87 1f8d1f8c
1367140 1f841f8a 1f751f7c 1f7f1f83 1f781f79
1367160 1f851f85 1f7f1f82 1f841f86 1f821f85
1367200 1f7c1f7a 1f7c1f7c 1f831f87 1f821f7c
1367220 1f841f7f 1f811f84 1f7e1f7f 1f721f79
1367240 1f791f75 1f7f1f7f 1f811f80 1f8a1f86
1367260 1f831f87 1f831f84 1f851f8a 1f801f7a
1367300 1f7b1f79 1f7f1f78 1f821f77 1f831f7a
1367320 1f7b1f7c 1f761f79 1f7e1f7d 1f7c1f7a
1367340 1f7b1f7f 1f831f7e 1f811f86 1f771f83
1367360 1f7d1f84 1f801f78 1f7c1f79 1f7e1f78
1367400 1f7c1f7f 1f761f7e 1f741f78 1f721f7a
1367420 1f7c1f79 1f711f7d 1f7a1f75 1f721f74
1367440 1f721f6c 1f681f73 1f6f1f73 1f791f75
1367460 1f7b1f7c 1f781f7a 1f711f74 1f731f77
1367500 1f721f6f 1f6e1f6f 1f6c1f6c 1f6f1f76
1367520 1f711f7a 1f731f73 1f761f76 1f7b1f7a
1367540 1f7d1f7e 1f7c1f7f 1f801f77 1f781f78
1367560 1f711f6f 1f6c1f6f 1f701f6f 1f681f70
1367600 1f731f68 1f6f1f6f 1f6f1f6a 1f771f71
1367620 1f721f75 1f751f6b 1f6f1f73 1f7b1f79
1367640 1f741f73 1f771f75 1f7f1f7a 1f731f6b
1367660 1f6c1f68 1f771f72 1f6a1f70 1f711f73
1367700 1f6f1f6d 1f6b1f70 1f751f6d 1f711f75
1367720 1f7c1f79 1f7c1f85 1f6f1f77 1f6b1f68
1367740 1f721f72 1f6f1f6f 1f621f71 1f651f6a
1367760 1f691f6a 1f6b1f6e 1f721f6c 1f741f72
1370000 1f741f74 1f701f78 1f7c1f70 1f761f78
1370020 1f731f76 1f6f1f76 1f6d1f6b 1f6e1f6e
1370040 1f741f77 1f6d1f73 1f701f75 1f771f79
1370060 1f801f77 1f791f80 1f731f78 1f6a1f70
1370100 1f7a1f6f 1f7a1f7b 1f7f1f7d 1f7a1f81
1370120 1f7d1f81 1f871f7e 1f7c1f84 1f8b1f89
1370140 1f8b1f8e 1f7e1f89 1f811f7c 1f841f7e
1370160 1f881f85 1f801f80 1f821f88 1f8a1f84
1370200 1f8b1f89 1f8c1f8c 1f901f8f 1f8f1f8d
1370220 1f901f92 1f891f8a 1f921f89 1f941f90
1370240 1f981f94 1f931f8e 1f9a1f95 1f9e1fa0
1370260 1fa01fa1 1fa01fa0 1fa11fa2 1fa71fa9
1370300 1fa31fa2 1fa71fa4 1faa1fa6 1faf1fae
1370320 1fa41fab 1fa51fa6 1fac1fa7 1fa91fa9
1370340 1fae1fa9 1fa41fa4 1fac1fa9 1fa71fab
1370360 1fae1fb3 1fae1fac 1faa1fb0 1fb41fa3
1370400 1fb31faf 1fc01fb3 1fbe1fb7 1fbb1fb5
1370420 1fc01fbb 1fb61fba 1fb51fb8 1fb51fb8
1370440 1fbe1fba 1fc21fc2 1fca1fcc 1fcb1fc8
1370460 1fcb1fcc 1fc51fc9 1fc61fc6 1fc41fc9
1370500 1fc91fcc 1fd21fc9 1fcd1fcd 1fce1fcd
1370520 1fd61fd0 1fd11fd3 1fcd1fdb 1fd61fd6
1370540 1fd61fd3 1fd31fd3 1fd81fd4 1fd91fd8
1370560 1fdf1fdd 1fe11fd9 1fde1fdb 1fdf1fe2
1370600 1fdf1fda 1fe41fe3 1feb1fdd 1fe81fe3
1370620 1fe21fe2 1fe71fe5 1fdf1fde 1fe51fe3
1370640 1fe21fec 1feb1fe0 1ff01fef 1ff21fec
1370660 1fe91fea 1ff01ff2 1fec1fe9 1ff11ff2
1370700 1fee1fed 1fee1fef 1ff11ff2 1ffd1ff3
1370720 1ff41ff4 1ffb1ff7 1fff1ffa 1ffc1fff
1370740 1ffd1ff6 1fff1ffb 20001ff9 1fff1ffb
1370760 1ffd1fff 20052002 20022003 20052001
1371000 20032007 200b2005 20062006 1ff72007
1371020 20012002 20012000 20021ffe 20041fff
1371040 2006200e 2009200c 2009200c 1ffe2006
1371060 20052001 20072006 20022004 20042005
1371100 1fff2000 20111ffb 2008200f 20032004
1371120 2008200f 200a200d 200b200d 200d200a
1371140 2018200e 200d200a 200c200f 2009200a
1371160 200d200f 2008200a 20052008 20082007
1371200 20092007 2013200e 2012200f 20192013
1371220 2016201a 200f2011 2016201f 200e2013
1371240 200d200d 200e2011 2015200f 20102015
1371260 200e2012 20162011 200f2013 20132013
1371300 20162013 20162012 201b2014 201b2021
1371320 201f201c 201b201e 20112017 20172010
1371340 201f2019 20182017 2014201d 20232012
1371360 201d2023 201f201d 2017201d 201a201a
1371400 201b201a 201c201c 20142017 20142016
1371420 2019201a 201b201a 20192017 20172019
1371440 20172014 20072016 20172014 20192017
1371460 20132010 200b200f 2011200f 20182010
1371500 20152017 20192013 20142011 20122019
1371520 20142014 2017200f 20192017 200e201b
1371540 20142013 20192013 2018200e 20102016
1371560 200d2014 20132013 200e2015 200e200c
1371600 2012200c 20112011 20152014 200f200b
1371620 200f2013 2011200f 2019201b 20172011
1371640 20192014 200f2011 200b200d 2008200a
1371660 200a200d 20032007 200b2007 200e200d
1371700 2006200b 200a200b 20052003 200c2005
1371720 20002008 1ffe2004 20002005 1ffc2000
1371740 1ffa1ffa 1ffa1ffc 20022003 20042003
1371760 1ff91fff 1fff2003 1ff92002 1ff12000
1372000 1ff31ff6 1ff51ff3 1ff71ff2 1fff1ff5
1372020 1fff1ffb 20062002 20032011 20012006
1372040 1ffa2002 1ff11ffa 1ff21ff7 1ff71ffa
1372060 1ff31ff3 1fee1fef 1ffc1ff7 1ff51fed
1372100 1ffa1ffb 20021ffe 1ff61ffc 1fef1ff7
1372120 1ffc1ff8 1ff61ffb 1fff1ff8 1ffa1ff9
1372140 1fff1fff 1ffc1fff 1ff51ff8 1ffd1ff8
1372160 1ff31ff8 1ff61ffb 1ffc1ff9 1ff31ffd
1372200 1ffa1ff1 1ffa1ffd 1ff61ffb 1ff82001
1372220 1ff81ffe 20021ff7 1ff91ff5 1ff41ffe
1372240 1ff81ffa 1ffd1ff3 20041ffc 20051ffd
1372260 1ff81ffd 1ffc2002 20051ffe 20071ffd
1372300 1fff1ffc 1ffa1ff9 1ffe1ffa 20021ff8
1372320 1ffe1ff8 1ffd1ffc 20061fff 1ffa2003
1372340 20062002 1ffe2003 200b2004 20062005
1372360 20042006 200d2009 2009200c 20052006
1372400 20012009 20012002 20052004 200c2009
1372420 200c2015 200a2007 2010200e 20172011
1372440 20132011 200a2009 200a2008 200f200c
1372460 20162011 200d2010 2008200c 20052009
1372500 2010200f 20172017 20132013 201b2016
1372520 2024201c 2017201b 20182018 201e201b
1372540 20162014 201b201a 201a2021 2024201f
1372560 20292029 20272023 202a2030 202b2030
1372600 2031202a 202e202e 202e2029 202c2031
1372620 202b202f 20332033 20372036 20372033
1372640 20382036 203a203b 20362038 20342038
1372660 20302030 202f202f 20322033 20392039
1372700 203c2035 203f203d 20452044 20442046
1372720 203d2043 204e2046 20462046 203e203d
1372740 20482042 204b2040 204e2047 204f204e
1372760 204e204d 204b204c 204a2049 204a204a
1373000 20572054 20502052 2059205c 205e2057
1373020 20612056 205a2055 20502051 205c2057
1373040 20662053 20562058 2063205f 2055205c
1373060 20602059 20652064 206a2064 20652068
1373100 205f2064 20602061 205f2062 205f205f
1373120 206c2068 20692067 2068206c 2065206a
1373140 206a2067 2068206a 206b206d 206b2076
1373160 20762071 20732073 2073206e 206e206e
1373200 20762072 2075207a 20792076 20722073
1373220 20762076 207b2077 207e2083 2076207c
1373240 20752076 20792070 2081207e 20892084
1373260 20832084 207f2080 20732079 2083207f
1373300 2080207f 2081207e 207e207e 2085208c
1373320 20872089 20802082 20862085 208a2084
1373340 208f208a 2088208c 20872086 20862083
1373360 20842083 20832082 207f2081 2080207f
1373400 20802074 2080207d 2085207b 20812082
1373420 20882084 208e2087 20912088 20802086
1373440 2080208a 208a2086 2093208f 208e2094
1373460 2088208b 20882086 208a208b 2094208b
1373500 20912092 208b208f 208b208d 2087208b
1373520 2090208d 208b2089 208b208d 20892090
1373540 20912087 20992089 208f2096 20872098
1373560 2097208d 20892091 208c208c 208b208c
1373600 208c2086 20942097 20932091 2098209b
1373620 20902097 2090208d 20922095 20942090
1373640 20932090 208b208f 20942091 208d2094
1373660 2092209b 2090208f 20922097 20942091
1373700 208d208f 2092208b 20942093 208a2091
1373720 208a208c 2091208b 208e2089 2091208e
1373740 20902091 208c208b 2093208e 20962093
1373760 20962091 2090208f 2096208b 2090208e
1374000 20962095 20952093 2091208e 208c208d
1374020 20982085 20862090 20862080 20822087
1374040 20952087 208b2092 2091208b 2089208b
1374060 20822085 20852089 208a2087 208a2086
1374100 20842088 20862083 20832082 20882085
1374120 20822087 20852081 207b2087 207f207a
1374140 207c2081 207f207f 20842079 20882084
1374160 20822084 2081207d 20852086 207e2083
1374200 2082207c 207a2085 207a207b 207f2080
1374220 207d207c 207c207a 2075207b 20772078
1374240 207b2073 207c2079 207d207c 20702074
1374260 20712073 20762069 2070206b 2073206f
1374300 20692071 206c206f 206f206e 2072206f
1374320 206f206d 20732074 206a2071 206b206c
1374340 206d206a 2067206b 2069206c 20742070
1374360 20742073 206e206d 2071206f 206d2071
1374400 206e2073 206e206b 20712070 206d206d
1374420 206b206e 2065206c 2065206a 206a2068
1374440 2070206a 2066206d 20692067 206d2066
1374460 206e2066 20692068 206d206f 206a206c
1374500 20692070 206b2064 206b2068 2067206e
1374520 206a206e 20682069 206c2067 20702069
1374540 20672065 206c2074 20682069 206c206e
1374560 2070206f 20722074 2070206f 20702068
1374600 20742074 206e2073 206e2070 20732073
1374620 20712076 20732070 206f206f 206d206b
1374640 206f206f 20742074 2076206d 20852075
1374660 207e2086 20812081 207b207f 2076207a
1374700 20742073 2077207b 20782079 207b2079
1374720 2078207f 20752079 207a2081 20822080
1374740 2080207f 207f207e 2078207e 207d207a
1374760 207c207f 207c207f 207e207c 208b207f
1375000 20802086 208b208c 2085208b 20952086
1375020 208b2089 208a2089 20882087 208c208b
1375040 2091208d 20902097 208e208e 208d2094
1375060 20942095 208a208b 20852084 208a2087
1375100 2094208b 20932098 20932093 20982096
1375120 20932096 208f2096 2092208f 20922088
1375140 2091208d 209e2099 209d20a0 209c209d
1375160 209e209b 209a209a 209d209c 20a120a0
1375200 20a3209b 20ac20a8 20a420a3 20a0209f
1375220 20a020a5 20a520a2 20a920a3 20a720a2
1375240 20a820af 20ae20a7 20ac20ac 20af20a4
1375260 20a420ae 20a720a9 20b120af 20b320ae
1375300 20b120b3 20b220b5 20b420b1 20af20b6
1375320 20b220b0 20b820b2 20b820b3 20b220ba
1375340 20bd20bc 20c020bf 20ba20b6 20b420b7
1375360 20b120b5 20b920b6 20b820b5 20bc20b4
1375400 20bf20ba 20bf20c0 20c420bc 20c620c7
1375420 20bd20bd 20c120c2 20bf20bb 20be20be
1375440 20c220c1 20c020c1 20c420ba 20c120bf
1375460 20c220c3 20c520c3 20c920bd 20c020c1
1375500 20be20ba 20c220c4 20b720c5 20c120b6
1375520 20cb20cc 20bf20bd 20ce20cd 20cf20d0
1375540 20cf20d2 20c720c8 20c820cc 20c420ca
1375560 20ca20d2 20ce20d3 20c520cc 20cc20cc
1375600 20c920cb 20c920d1 20d420d1 20cc20ce
1375620 20d420d0 20d220d6 20ce20d9 20cd20cd
1375640 20cb20d3 20d220c9 20d620d1 20d120d4
1375660 20dc20cc 20d920d3 20d920d6 20d720da
1375700 20dc20d2 20d820d3 20e120e1 20d720df
1375720 20dd20e0 20de20df 20dc20d8 20e120e0
1375740 20dc20d8 20de20dd 20da20dc 20dd20db
1375760 20dd20e5 20de20dc 20e320e3 20d920df
1376000 20e520d9 20e720e6 20dc20e1 20d520df
1376020 20d820d5 20d420cd 20dd20d7 20da20dd
1376040 20d920dd 20db20de 20e320db 20da20dc
1376060 20de20e2 20de20e0 20e320dd 20df20da
1376100 20dc20e6 20d620d8 20d520d4 20e020de
1376120 20e520e1 20ed20e7 20e620e9 20e120e2
1376140 20e020e8 20ea20e3 20e020e1 20d520e1
1376160 20e120e3 20e120e1 20ee20de 20ea20e7
1376200 20e420ed 20e420e9 20dc20da 20e820db
1376220 20e120e2 20dd20e0 20e520e7 20dc20e0
1376240 20eb20e2 20db20e4 20d920dc 20db20e3
1376260 20e220db 20de20df 20d220db 20d620d6
1376300 20db20d9 20d820dd 20cd20d5 20d620d5
1376320 20ce20d1 20d620da 20d320d9 20d420d0
1376340 20cc20d4 20cb20d2 20cc20d2 20d420ce
1376360 20db20da 20d920dc 20d520d9 20db20da
1376400 20d820da 20e020d5 20db20e3 20d820d3
1376420 20d520dd 20ce20d6 20d420cd 20d120d4
1376440 20d420d1 20d720d5 20d620d6 20e120d3
1376460 20d620d4 20d120cc 20d720d3 20c220cf
1376500 20d220c5 20cc20d8 20d420d6 20dc20e1
1376520 20d320da 20d420d4 20d020d3 20d720d1
1376540 20d020cd 20cd20d0 20ce20c8 20d420cf
1376560 20d320d2 20cd20d4 20ce20d5 20d420cb
1376600 20cd20ce 20cb20d1 20cd20d4 20d020cd
1376620 20ce20cc 20c120c9 20bb20c4 20c720c7
1376640 20ce20ca 20cd20ca 20c920cb 20c720c9
1376660 20c420c9 20d020cd 20cc20c7 20d220cd
1376700 20d020d3 20ca20cd 20d020d0 20c620c6
1376720 20c720c8 20c720c8 20cd20c7 20c020cc
1376740 20ca20be 20bf20cc 20ca20c3 20d420cf
1376760 20cc20d5 20cd20c9 20d020cc 20c220cc
1377000 20c720cf 20ca20c8 20ce20ca 20c820c9
1377020 20cf20ca 20d320cf 20cf20d2 20cf20d2
1377040 20c620cd 20cc20cc 20d320cc 20d720cc
1377060 20d920d3 20d720d5 20d120db 20d820da
1377100 20da20d6 20d820d4 20d120cf 20d120cf
1377120 20d720d5 20d520d1 20df20d1 20dd20dc
1377140 20de20e0 20e320df 20d820e3 20da20d8
1377160 20da20df 20dc20e2 20df20de 20dd20df
1377200 20e620df 20d920de 20d320d2 20ce20d7
1377220 20df20dd 20de20dc 20d720d8 20e120e1
1377240 20df20e0 20e720df 20e420e4 20e820df
1377260 20e720eb 20e220ed 20e320e5 20ec20e5
1377300 20ea20e8 20e420eb 20e420e6 20eb20e3
1377320 20e720e5 20eb20eb 20ea20ea 20e520e9
1377340 20e320e6 20e920e3 20ef20f0 20ed20ec
1377360 20f020f0 20f020f1 20f120ef 20ea20ec
1377400 20ed20ed 20f420ff 20f320ea 20f220f2
1377420 20f420f3 20fd20fb 20f720f5 20fa20f4
1377440 20f620f8 20ed20e9 20ec20e8 20f520f7
1377460 20f020ed 20f820f5 20f420f6 20f720f6
1377500 20fe20ff 20fe20f5 20f220f1 20f420f0
1377520 20f420f8 210220fc 210720ff 20ff2101
1377540 20fd2103 20f620fd 210a20ff 210920ff
1377560 21072104 21062104 21072108 210a2105
1377600 210c2105 210b2103 21062108 210a2106
1377620 2106210d 21092102 210f210f 2107210a
1377640 2106210b 210a2109 21042107 21052107
1377660 21052108 210a2109 21062107 21112108
1377700 210f210f 2102210a 210e2116 21092111
1377720 21042107 21132110 2114210c 21152117
1377740 21152117 2112210e 210f2111 21162114
1377760 21142116 210e2113 210b2110 2115210e
1400000 00003fe8 0001000a 01013fe8 000afe42
1400020 00000005 00000000 63e50c6f 00000252
1400040 00000001 00001004 00003fe8 00000000
1400060 00000074 0001000a 21132115 21182116
1400100 21112115 210f210c 21162110 21192115
1400120 21172117 21152117 21182117 2117211a
1400140 21192114 21112116 21182118 21132115
1400160 211d211b 211f2120 211c2122 211e2122
1400200 211a2117 211a2118 21212122 2125211e
1400220 21252127 21202122 211f211e 21182119
1400240 2119211d 2114211b 21162119 21262124
1400260 21202123 21222129 21232126 211f2117
1400300 212b2123 21242121 21292126 212c212b
1400320 21222124 2124211d 21222125 211a2121
1400340 21172123 211e211f 211e211a 2120211f
1400360 2122211f 21212120 211d211b 21222128
1400400 21262125 21242127 211d2122 21272124
1400420 2130212a 212e212d 2129212c b011049b
1400440 00001004 0001000a 00010000 03b1601f
1400460 00000ffc 0001000a 1400003c add01f00
1400500 add01f01 add01f02 add01f03 add01f04
1400520 add01f05 add01f06 add01f07 add01f08
1400540 add01f09 add01f0a add01f0b add01f0c
1400560 add01f0d add01f0e add01f0f add01f10
1400600 add01f11 add01f12 add01f13 add01f14
1400620 add01f15 add01f16 add01f17 add01f18
1400640 add01f19 add01f1a add01f1b add01f1c
1400660 add01f1d add01f1e ff000134 00000020
1400700 00000002 b47032d3 00000001 deadbeef
1400720 f0000002 b47032bf 310a8aa6 00000000
1400740 00000134 00001f48 a010049c 220b2126
1400760 22012208 220c2204 22092206 220c220c
1401000 220d220d 220b2213 220b220e 22162211
1401020 221b2213 22132213 22162210 2212221c
1401040 220f2210 22092207 220d2211 2209220c
1401060 220d220c 220a220c 2209220c 2212220f
1401100 2211220f 220a220c 2206220d 220b220a
1401120 22142213 22132211 2213221b 22182216
1401140 2216221d 22162215 220b2215 22132212
1401160 220e220a 22042207 220a220e 2210220e
1401200 22182218 2222221a 2215221b 22132211
1401220 22142212 2210220f 22102210 2209220f
1401240 2207220c 220b220f 22162219 2215220f
1401260 22182217 22132211 2211220e 220a220a
1401300 220b220a 2213220b 22132211 220f220e
1401320 22142215 22122210 220d220e 2212220e
1401340 2211220b 221b221b 22142217 220c220c
1401360 2209220a 220e220a 220b2213 220b220b
1401400 2208220f 2210220e 220b2208 220b220e
1401420 220c2209 220f2209 21b5220d 1fdd20cc
1401440 1e981f22 1dee1e2d 1db21dc3 1da21dae
1401460 1da01d9a 1da21d9a 1d991d9c 1d9d1d9b
1401500 1d991d99 1d991d9c 1d941d95 1d871d8a
1401520 1d8b1d89 1d871d8c 1d861d8b 1d871d88
1401540 1d8d1d8c 1d901d8a 1d8a1d8e 1d8f1d8e
1401560 1d8a1d8b 1d841d8c 1d8d1d8b 1d8c1d91
1401600 1d891d89 1d921d91 1d891d90 1d8a1d8b
1401620 1d8e1d89 1d8b1d8a 1d8d1d8a 1d911d8f
1401640 1d8a1d87 1d951d8f 1d8d1d90 1d891d8c
1401660 1d8b1d7f 1d911d87 1d991d96 1d8a1d95
1401700 1d891d85 1d881d8b 1d911d86 1d941d94
1401720 1d911d93 1d8d1d8f 1d971d8c 1d971d91
1401740 1d911d94 1d931d93 1d911d93 1d891d8f
1401760 1d901d89 1d901d8e 1d8f1d90 1d8e1d90
1402000 1d8b1d8b 1d981d8a 1d931d98 1d971d9a
1402020 1d961d9b 1d9e1d93 1da31d9a 1d9b1d9d
1402040 1d991d9d 1da01da3 1d9f1d9c 1d9b1d97
1402060 1d981d99 1d981d91 1d9e1da1 1d9b1d97
1402100 1d981d9a 1d9c1d96 1d911d97 1d951d96
1402120 1d9a1d97 1d9d1d9a 1d9a1d9d 1d9a1d9a
1402140 1d991d9b 1d9c1d9f 1d9d1d9b 1da41da5
1402160 1d9d1da1 1da61da9 1da51da4 1da91da1
1402200 1da71da8 1daf1daa 1da71dac 1da61da4
1402220 1d9f1da2 1da21d9c 1da71da0 1daa1dae
1402240 1da81da8 1dae1db4 1dac1dab 1da11dae
1402260 1dac1dae 1db41db1 1db01dab 1da61dab
1402300 1dad1db8 1db21db3 1db51db0 1db41dbd
1402320 1dbf1dba 1dbf1db9 1dbd1db9 1dbd1dbd
1402340 1dc11dc7 1dbe1dbe 1dba1db0 1dbf1db9
1402360 1dbf1dba 1dcb1dc5 1dc41dc4 1dc11dbe
1402400 1dc41dc4 1dc21dc0 1dc11dcc 1dcc1dc4
1402420 1dc71dd1 1dc81dc9 1dce1dcf 1dcd1dcb
1402440 1dcc1dca 1dc81dc9 1dcf1dcb 1dd31dd2
1402460 1dd41dcb 1dcd1dda 1dd61dd0 1dd11dd2
1402500 1dd01dce 1dd21dd1 1dda1dd8 1dd91dd6
1402520 1ddc1ddf 1ddb1dd3 1ddc1dd5 1dda1ddb
1402540 1dda1de0 1de31de0 1de11de3 1de51de5
1402560 1de91dec 1dea1deb 1de51dee 1de41de2
1402600 1de21ddc 1dec1de4 1de81de8 1de71dea
1402620 1de81de2 1ded1de7 1df11ded 1df01df0
1402640 1def1df1 1dec1df2 1dee1deb 1df71de9
1402660 1df11dfa 1dfd1df4 1df51df6 1df21df1
1402700 1df31df3 1df31df2 1df81df1 1df41df3
1402720 1dfb1df6 1dfa1df9 1dfd1dfe 1e011e05
1402740 1e031dfd 1e041dfd 1e071e04 1e061e08
1402760 1e061e04 1e0e1e02 1e001e06 1e041dfe
1403000 1dfd1e0a 1e091e06 1e0b1e08 1e121e08
1403020 1e081e0d 1e0b1e0a 1e081e07 1e031e0b
1403040 1e091e0b 1e071e13 1e0b1e0b 1e111e15
1403060 1e131e10 1e121e0f 1e0f1e17 1e0c1e11
1403100 1e151e11 1e0d1e12 1e121e0f 1e0d1e10
1403120 1e0e1e14 1e181e1a 1e191e15 1e1a1e14
1403140 1e1e1e1c 1e1c1e1c 1e131e19 1e181e19
1403160 1e201e1c 1e201e22 1e241e26 1e2b1e25
1403200 1e251e27 1e271e26 1e2b1e28 1e2b1e2d
1403220 1e2e1e30 1e331e2a 1e311e2f 1e2e1e2e
1403240 1e311e32 1e321e39 1e331e30 1e341e30
1403260 1e371e33 1e2b1e35 1e351e35 1e341e37
1403300 1e371e30 1e3b1e3a 1e351e39 1e381e38
1403320 1e331e39 1e371e34 1e3d1e36 1e3e1e3a
1403340 1e3f1e45 1e3e1e43 1e401e38 1e391e39
1403360 1e471e40 1e491e43 1e3d1e44 1e3b1e3b
1403400 1e431e3e 1e421e43 1e421e3c 1e471e43
1403420 1e491e45 1e421e46 1e431e46 1e481e4c
1403440 1e491e49 1e491e48 1e451e48 1e3e1e4a
1403460 1e451e3e 1e451e3e 1e3a1e3f 1e3e1e3f
1403500 1e441e3f 1e411e48 1e471e49 1e461e48
1403520 1e461e45 1e4b1e44 1e4f1e50 1e491e4c
1403540 1e501e44 1e4c1e4d 1e481e4b 1e4e1e4a
1403560 1e511e4c 1e4f1e4e 1e4a1e49 1e4d1e56
1403600 1e551e53 1e481e52 1e561e4a 1e501e54
1403620 1e521e54 1e511e53 1e581e50 1e501e43
1403640 1e571e51 1e4e1e4e 1e521e54 1e551e52
1403660 1e591e52 1e4e1e59 1e461e51 1e4a1e4b
1403700 1e4c1e48 1e4e1e4d 1e541e55 1e541e59
1403720 1e5d1e58 1e561e5b 1e5d1e54 1e591e5b
1403740 1e571e53 1e531e59 1e531e55 1e5b1e50
1403760 1e681e65 1e581e65 1e561e5e 1e591e56
1404000 1e541e54 1e561e5b 1e521e53 1e571e56
1404020 1e581e58 1e631e60 1e541e5c 1e501e57
1404040 1e5a1e5a 1e5b1e59 1e5b1e55 1e551e5a
1404060 1e561e53 1e581e5c 1e5e1e59 1e581e60
1404100 1e521e5d 1e561e52 1e5f1e60 1e581e5f
1404120 1e5f1e5a 1e5c1e5b 1e601e5e 1e621e66
1404140 1e541e5f 1e541e51 1e5a1e53 1e651e5f
1404160 1e6a1e67 1e661e68 1e621e61 1e5a1e61
1404200 1e591e53 1e591e57 1e621e59 1e651e5a
1404220 1e661e60 1e611e64 1e631e66 1e661e69
1404240 1e6b1e68 1e641e72 1e6f1e69 1e671e65
1404260 1e661e6b 1e661e63 1e621e66 1e621e62
1404300 1e6a1e66 1e6c1e6d 1e691e67 1e6c1e6d
1404320 1e791e76 1e741e74 1e6c1e6f 1e781e6d
1404340 1e751e7a 1e711e76 1e771e6f 1e781e84
1404360 1e7d1e74 1e7e1e7d 1e7c1e7d 1e831e81
1404400 1e851e89 1e8c1e8b 1e821e85 1e891e85
1404420 1e841e89 1e821e81 1e7f1e7d 1e7c1e7a
1404440 1e831e81 1e8b1e84 1e881e8a 1e861e8b
1404460 1e8a1e87 1e8e1e8c 1e931e93 1e921e92
1404500 1e8b1e8c 1e8e1e8f 1e8c1e90 1e911e91
1404520 1e931e90 1e941e96 1e901e89 1e961e94
1404540 1e921e95 1e8f1e9a 1e9b1e92 1e961e93
1404560 1e9b1e99 1ea11ea2 1e9d1ea0 1ea51ea5
1404600 1e9e1ea3 1ea21e9f 1ea91ea4 1ea61eaa
1404620 1eae1ea3 1ea61eac 1ea51ea6 1ea91ea4
1404640 1ea71e9f 1eaa1eae 1ea51ea3 1eaf1ead
1404660 1eb21eb6 1eb11eb0 1eb11eb3 1eb81eb3
1404700 1eab1eaf 1eaa1eaf 1eaf1eac 1eb61eb4
1404720 1eb11eb4 1eb21eb3 1eb01eba 1eb61eb7
1404740 1eb81eb3 1ebd1eba 1eb51eb6 1eb71ebc
1404760 1ebc1eb7 1ec41ebe 1ebf1ebf 1ebf1ebf
1405000 1ec01ebf 1ec11ec0 1ec71ec4 1ec81ec9
1405020 1ec01ec2 1eca1ec9 1ecf1ec8 1ed71ed6
1405040 1ecc1ed2 1eca1eca 1ed71ed9 1ed81ed7
1405060 1ed31ec4 1edb1ed8 1ec71ecf 1ed01ece
1405100 1ed21ecd 1ed71ed1 1ed31ecf 1ed51ecd
1405120 1ed61edc 1ed31ed7 1edb1ed1 1eda1edb
1405140 1edf1ee0 1ee01ee2 1edb1edd 1edc1ed5
1405160 1ee81ee0 1ee41eea 1ede1edd 1edd1ed9
1405200 1ee21edc 1ee41edd 1ee11ee1 1ee41ee5
1405220 1eeb1ee2 1ee61ee7 1ee81ee9 1ee11ee5
1405240 1ee01ee6 1ee31ee8 1ee81edf 1eed1eee
1405260 1ef01ef1 1eee1ef5 1eef1ef3 1eec1ee9
1405300 1ee71ee6 1eea1ef0 1ee71eea 1ee91ee4
1405320 1eea1ee4 1eea1eed 1eea1eeb 1eee1ef1
1405340 1ef01ee9 1eea1ef2 1ee91eee 1eea1ef0
1405360 1ef21eef 1eea1eed 1eec1eed 1eef1eeb
1405400 1efa1ef6 1f021ef7 1efc1efb 1ef81eff
1405420 1ef61ef5 1ef71ef7 1eef1efa 1ef31ef3
1405440 1f041efb 1efc1ef6 1ef21efa 1ef51ef5
1405460 1ef61ef8 1efa1ef7 1efe1efc 1eff1efb
1405500 1f021f04 1f031f01 1f021ef8 1ef91efb
1405520 1f011efe 1efd1f03 1f0a1f02 1efa1efa
1405540 1efb1f00 1ef91ef7 1ef91efc 1efe1f00
1405560 1f031ef9 1f041f00 1f0d1efe 1f001f0e
1405600 1f041efc 1efc1f04 1eff1efc 1eff1efd
1405620 1f0b1f08 1f101f0f 1f0c1f13 1f0c1f08
1405640 1f0b1f0a 1f081f0c 1f071f09 1f081f06
1405660 1f001efd 1efe1f02 1efe1f05 1eff1f01
1405700 1f021efe 1f081f02 1f0a1f08 1f0a1f0e
1405720 1f0a1f09 1f091f0c 1f0d1f09 1f011eff
1405740 1efd1f03 1efb1ef8 1eff1ef9 1f031f04
1405760 1f081f06 1f091f01 1f081f07 1efd1f06
1406000 1f021f01 1efc1f07 1ef81efd 1efc1f00
1406020 1eff1efd 1efc1efd 1ef71efa 1ef71f00
1406040 1ef81ef8 1efd1ef9 1f041efe 1eff1f02
1406060 1f011f00 1f041f02 1ef81efe 1ef81efa
1406100 1efb1ef9 1efd1efa 1f021f02 1f051f02
1406120 1f071f01 1ef91f00 1ef91efd 1ef81ef7
1406140 1f001efc 1efd1efb 1eff1ef8 1efe1f01
1406160 1eff1ef9 1efb1f00 1ef71ef9 1efb1efb
1406200 1f041f05 1ef71ef9 1ef51ef9 1ef31ef4
1406220 1ef51ef4 1ef51ef9 1ef91efa 1efb1ef3
1406240 1ef81ef8 1ef31ef8 1ef21ef2 1ef41ef6
1406260 1efb1ef3 1efd1ef3 1ef71ef8 1efd1ef7
1406300 1efb1eff 1efd1eff 1ef51ef4 1ef51ef9
1406320 1ef51ef7 1ef71ef3 1ef91f02 1f061efd
1406340 1efa1efb 1ef81ef5 1efa1ef5 1f011efa
1406360 1f051f07 1f031efd 1eff1f08 1f001f01
1406400 1f051f01 1f061f01 1efc1eff 1f071f02
1406420 1f081f09 1f0f1f07 1f041f06 1f051f03
1406440 1f041f02 1f0a1f09 1f121f0e 1f0b1f07
1406460 1f0d1f10 1f111f10 1f161f10 1f0f1f0b
1406500 1f061f0e 1f051f08 1f041f09 1f121f0b
1406520 1f1c1f10 1f161f1b 1f171f14 1f131f0f
1406540 1f161f17 1f171f0d 1f0c1f0b 1f0d1f12
1406560 1f141f17 1f151f13 1f181f0d 1f181f19
1406600 1f1b1f1e 1f211f1e 1f201f25 1f201f1f
1406620 1f201f1d 1f191f21 1f211f1f 1f251f23
1406640 1f2a1f1c 1f201f27 1f211f25 1f221f24
1406660 1f271f26 1f271f23 1f271f29 1f221f1d
1406700 1f261f26 1f2c1f26 1f361f34 1f331f2f
1406720 1f2f1f2d 1f381f2e 1f381f35 1f351f2f
1406740 1f381f36 1f331f34 1f2f1f36 1f371f35
1406760 1f3b1f2f 1f401f40 1f3e1f41 1f401f3f
1407000 1f401f3d 1f3e1f43 1f471f3e 1f491f43
1407020 1f471f49 1f581f49 1f4b1f49 1f4d1f4d
1407040 1f4d1f4c 1f571f59 1f591f58 1f481f52
1407060 1f4d1f46 1f4c1f4b 1f5d1f58 1f5d1f5d
1407100 1f5b1f66 1f5f1f5c 1f551f54 1f591f53
1407120 1f5a1f50 1f621f59 1f5a1f5a 1f561f5e
1407140 1f6a1f66 1f611f66 1f5f1f61 1f651f65
1407160 1f5d1f63 1f5c1f5f 1f631f5d 1f6d1f64
1407200 1f651f6d 1f651f6c 1f6c1f6e 1f671f6a
1407220 1f751f68 1f741f71 1f6d1f6f 1f741f74
1407240 1f7d1f81 1f761f77 1f701f78 1f741f70
1407260 1f731f7e 1f7b1f76 1f791f76 1f831f79
1407300 1f7c1f7b 1f771f7e 1f7d1f7d 1f861f7d
1407320 1f841f81 1f7c1f74 1f831f8a 1f861f85
1407340 1f821f85 1f831f80 1f881f8c 1f941f94
1407360 1f8c1f91 1f8e1f8a 1f911f8f 1f8e1f8d
1407400 1f8f1f8d 1f8d1f89 1f8b1f8c 1f841f88
1407420 1f851f84 1f911f8a 1f941f8d 1f8a1f94
1407440 1f841f92 1f841f86 1f8c1f89 1f8b1f8d
1407460 1f961f90 1f921f93 1f901f94 1f921f91
1407500 1f911f91 1f8f1f8d 1f8f1f8c 1f8e1f8d
1407520 1f8e1f8e 1f9c1f92 1f941f9d 1f911f89
1407540 1f951f9d 1f971f93 1fa11f9e 1fa21f9e
1407560 1fa21fa1 1f961f9a 1f981f98 1f9a1f94
1407600 1fa71f98 1f9e1f9d 1f971f9c 1f9c1f97
1407620 1f9c1fa0 1f9c1f9b 1f9f1f9a 1fa21fa0
1407640 1fa31fa2 1faa1fa3 1f9d1fa4 1f9f1f9d
1407660 1fa41f9d 1f9c1f99 1f9e1fa0 1f9e1fa1
1407700 1f9a1f96 1f9c1fa3 1f9c1fa1 1fa31fa5
1407720 1fac1fa2 1fa71fa3 1f9f1fa3 1f9e1f9c
1407740 1fa41fa2 1fa61fa4 1fab1fad 1fa31fa2
1407760 1fa01fa3 1f9e1fa0 1fa21f9b 1fa21f9d
1410000 1fa31fa7 1f9e1fa1 1fa21f9f 1f9f1fa0
1410020 1fa21f97 1f9c1f9b 1fa61fa3 1fa01fa1
1410040 1fa31f9d 1fa41f9e 1fa41fad 1fa61fa5
1410060 1fa41fa6 1f9e1fa2 1fa01f9f 1f9b1f9d
1410100 1f9b1f95 1f9c1f9b 1f9e1f9a 1f951f9e
1410120 1f961f9a 1f9c1f97 1f951f9c 1f991f96
1410140 1f9a1fa0 1fa21f9d 1fa31fa0 1fa51f9e
1410160 1fa21fa1 1f9e1f9e 1f9d1fa2 1f9e1fa0
1410200 1f9e1fa1 1fa01f9f 1f961f99 1f941f95
1410220 1f9d1f9f 1f901f96 1f901f8d 1f921f97
1410240 1f951f9d 1f951f90 1f981f96 1f8c1f8b
1410260 1f8c1f90 1f931f91 1f9d1f9a 1f941f9a
1410300 1f941f89 1f8f1f8f 1f8c1f8c 1f921f90
1410320 1f911f8e 1f911f92 1f8e1f90 1f881f89
1410340 1f891f8b 1f871f89 1f831f84 1f8b1f82
1410360 1f8c1f85 1f911f92 1f891f8d 1f851f84
1410400 1f831f83 1f881f8a 1f831f84 1f811f84
1410420 1f7c1f7d 1f791f7e 1f821f81 1f851f89
1410440 1f821f81 1f831f7e 1f7f1f89 1f831f88
1410460 1f8c1f88 1f881f87 1f871f8b 1f861f84
1410500 1f811f81 1f7f1f7e 1f871f8e 1f851f85
1410520 1f891f8e 1f881f86 1f871f8c 1f861f84
1410540 1f8d1f83 1f811f8a 1f7f1f82 1f821f85
1410560 1f7c1f81 1f831f82 1f881f87 1f881f84
1410600 1f801f87 1f841f83 1f881f86 1f7f1f83
1410620 1f7f1f7e 1f811f88 1f801f89 1f851f82
1410640 1f881f8b 1f821f8d 1f7f1f86 1f801f87
1410660 1f861f7d 1f881f85 1f8f1f8b 1f841f86
1410700 1f841f86 1f921f81 1f821f87 1f8d1f85
1410720 1f8e1f8c 1f8e1f8c 1f8b1f8e 1f8a1f8e
1410740 1f8d1f89 1f941f8e 1f9c1f91 1f8b1f8d
1410760 1f991f95 1f861f91 1f971f99 1f9c1f98
1411000 1f9f1f9a 1f971f9a 1f961f9b 1f9e1f97
1411020 1f961f9f 1fa31f9c 1f971f9c 1f971f9a
1411040 1f931f9a 1f991f9c 1faa1fa2 1fa71fa1
1411060 1fa91fa7 1f9f1fa5 1faa1fa3 1fab1fac
1411100 1fa21fa6 1fa71fac 1faf1fb1 1fb51fae
1411120 1fa91fae 1faf1fae 1faf1fb2 1fb21fb1
1411140 1fbb1fb7 1fb71fb9 1fb91fbd 1fbd1fbc
1411160 1fc01fc0 1fc01fc2 1fc01fc2 1fbe1fbf
1411200 1fbc1fbc 1fc61fc9 1fc81fc0 1fbd1fc6
1411220 1fc91fc8 1fc81fc7 1fca1fcc 1fcd1fc5
1411240 1fcc1fcd 1fd11fcc 1fd71fd2 1fd41fdb
1411260 1fcd1fcf 1fd11fd5 1fcd1fcc 1fcf1fc4
1411300 1fd21fd8 1fdf1fde 1feb1fde 1fee1fea
1411320 1fe11fe6 1fdd1fe3 1fe71fe4 1fe91fe8
1411340 1fed1ff3 1fec1ff1 1ff01feb 1fe71fe7
1411360 1fe81fe3 1fe31fe4 1fe51fe8 1fe71fe8
1411400 1fef1fef 1ff61ff0 1ff91ff4 1ff51ff7
1411420 1ffa1ff6 1ffd1ffb 20002000 1ffe1ffd
1411440 20012001 20072004 20062005 20062006
1411460 1ffb1fff 1ff21ff4 20022003 1ffe2005
1411500 20102008 200a200b 20082009 2009200a
1411520 20082006 200f2007 200f2011 20192013
1411540 20162017 201b201a 20182016 20122014
1411560 2012200e 201f2018 2022201c 201f2019
1411600 201c201e 20202021 201f201f 2020201f
1411620 201c201a 20242021 20232023 20262022
1411640 20272022 20202024 20202025 20202027
1411660 2023201f 201f2018 2028201b 202e2029
1411700 202f2030 20302034 20212028 20262023
1411720 2028202b 202b202b 20312034 20312028
1411740 20362035 202d202c 202d202d 202a202c
1411760 2030202e 20312035 20342037 203b2039
1412000 20312039 203b2034 20412037 2036203a
1412020 20342034 20362035 20362036 203a2038
1412040 20392039 20322031 2033203d 202f2032
1412060 20372032 202e2032 20382034 203a2040
1412100 20392037 203b203b 203d203d 2041203f
1412120 203a203d 203d203c 203f203c 203e203e
1412140 2042203b 203e2041 20392036 203e203c
1412160 203e203e 20362033 20402037 203e203a
1412200 203d203e 20372034 20362042 203d2038
1412220 203a2037 203f203f 2044203f 203b203c
1412240 20352037 203e203e 203d2035 203a203d
1412260 203f203a 20392040 20392037 20362039
1412300 20382034 20382040 203c203d 20372038
1412320 202f2037 20372030 20302039 202b202c
1412340 2033202f 20322027 20302035 20352036
1412360 20342034 202e2033 2030202d 202f202e
1412400 2030202f 20372035 20312031 202a202c
1412420 202c202f 20282027 202e2027 2025202f
1412440 20202020 20282025 2024202b 20252020
1412460 2021201e 20292021 20212021 201d201d
1412500 2020201f 20202021 201c201d 201d2022
1412520 2021201e 2020201e 201b201d 20212020
1412540 2011201a 20172014 20162019 20162015
1412560 201a201c 200f201a 20182018 20162012
1412600 20162018 201a2018 200d200f 2013200f
1412620 20152014 2014200f 20142012 20172015
1412640 2017201d 20132017 20192015 20122015
1412660 200d200e 200f2013 2008200d 200c2006
1412700 20062006 20031ffb 1fff1fff 20112012
1412720 200d200c 200c200f 200a200a 200c2006
1412740 200b200c 20122003 200f2015 200a200a
1412760 20072006 200a200d 20122010 200e200d
1413000 200b2013 20062012 2005200d 20062005
1413020 200c2004 200f2009 20092005 20122013
1413040 2012200d 2012200d 20042005 20082006
1413060 20052009 20112007 200e2009 200c2009
1413100 20092006 200f200a 20162010 20102011
1413120 2013200d 200d200e 200f200e 2010200f
1413140 200b200b 2005200b 200e200f 200f2015
1413160 20152010 2017200a 200c200d 20172014
1413200 20142018 2014200d 20112016 200a200d
1413220 200b2010 2017200f 2013200e 20142012
1413240 2018201c 20182019 201f201f 201f201e
1413260 2025201a 201d201b 201a201d 201b2015
1413300 201c2016 201f201c 20212020 201d201f
1413320 201f2024 20232023 2025201e 20282023
1413340 20322027 2032202e 202c2033 20312028
1413360 202c2031 2025202b 202a202e 2032202f
1413400 20342037 20342031 202b2034 202a2029
1413420 2032202d 20312036 203c2032 203c2041
1413440 203f203c 20472044 20402039 2046203e
1413460 20442046 203d2041 2044203f 2047203f
1413500 20472049 2047204f 204f2054 20482052
1413520 2051204b 204d204f 20542051 20552050
1413540 20532053 2049204b 2051204d 20522056
1413560 20552052 20542056 2063205c 205d205c
1413600 205d205d 205f205c 2060205c 205c205e
1413620 2061205b 205a2061 2062205f 206a2064
1413640 20682063 206a206c 206c206d 206c2073
1413660 20752071 206d2075 207a2074 207b207e
1413700 2072206d 20702071 20722072 207d2074
1413720 2078207e 2082207f 207e2082 207d2077
1413740 2079207d 2080207f 20872080 208f2085
1413760 20922093 208a208c 208a2094 20892088
1414000 20902090 20872091 20882088 208f208c
1414020 208e208f 20952091 20932092 20972099
1414040 20942096 20932095 2092208f 209c2096
1414060 209d209b 209b209b 20982097 209f2099
1414100 20a620a0 209c20a0 209f209e 209b20a3
1414120 209f209f 20a2209f 20a7209e 20a020a7
1414140 20a4209e 209f20a7 20a620a0 20a420a3
1414160 20a520ac 20ae20ab 209f20ab 20ab20a3
1414200 20a820ad 20ab20ad 20b120b0 20b620b0
1414220 20b920b5 20b120af 20ac20b4 20b220af
1414240 20b820b5 20b620b3 20b420b6 20b920ba
1414260 20b420ba 20b320b9 20b320b4 20b320b2
1414300 20b120b3 20b120b1 20ac20ab 20b620b2
1414320 20bd20b5 20be20bc 20bb20c0 20b920c4
1414340 20bb20b8 20b820c0 20b520b5 20ba20b9
1414360 20bd20bc 20b620bb 20b320b3 20af20b2
1414400 20b720b8 20b020b4 20af20ac 20aa20b0
1414420 20b020b4 20b420af 20be20b6 20ba20bc
1414440 20b120b9 20b420b7 20b520ba 20ba20bf
1414460 20be20b9 20b720b9 20b420b6 20ba20b3
1414500 20ba20bf 20ba20b3 20ba20bb 20b520ba
1414520 20b220ba 20af20b0 20b320ac 20b520b6
1414540 20ad20ae 20b220b2 20b920ae 20b520b7
1414560 20b620b6 20b420ba 20b620b7 20b320b2
1414600 20b020b1 20ac20ab 20a820ae 20a720a7
1414620 20a520a9 20a920a1 20a720a7 20a420a0
1414640 20ac20a7 209e20a3 20a5209b 209920a1
1414660 20a1209a 20a120a5 209d209d 20a6209e
1414700 20a020a5 209720a2 209d209f 209d209e
1414720 20a120a4 209a209b 2095209a 208f2092
1414740 208a208e 208f2090 2091208f 208c208c
1414760 2086208c 208a208e 20872082 20812081
1415000 20862084 2083208a 20832083 20872082
1415020 20872087 2087208a 208c2086 20872087
1415040 20882081 20882083 2087208e 20852089
1415060 207c2086 20812088 20852085 20842083
1415100 20812085 207e2082 2088207d 207c208a
1415120 2085207f 20812087 207b207e 20762071
1415140 206f2074 207a2076 207c207c 2083207d
1415160 20802085 207e2084 2079207b 20712077
1415200 20782076 207e2079 20712077 20762073
1415220 207e2079 20742078 20742071 206a2071
1415240 206c2073 20752074 20772074 2076207c
1415260 20792078 20712073 206e206d 20722064
1415300 2075206d 20772074 206e206f 2079207d
1415320 20742078 2074206e 206e2076 206e2071
1415340 206f206b 206f2076 2068206e 2069206e
1415360 20752072 2067206d 20722065 20712068
1415400 20702072 20732074 206c2078 2074207c
1415420 20722076 207e2071 207b207c 207e2080
1415440 207a2078 20732079 207a2079 20812079
1415460 20802083 207b2082 207e207f 20782081
1415500 207a2078 207d207b 207e207a 2083207d
1415520 207f207d 20772078 20782078 207b2074
1415540 207c207a 20792081 207d2082 2078207e
1415560 207e2078 207f207c 2086207d 2086208d
1415600 20862087 20822080 2083207d 208d2089
1415620 208c208c 208f2090 208f2093 2093208c
1415640 20912094 20912093 20962094 20962099
1415660 20982099 2091209a 20972095 209a2093
1415700 20a2209f 20a020a1 209820a1 208d2096
1415720 209c2094 2099209d 20a420a6 20a620a2
1415740 20a520b0 20a220a6 20a720a7 20af20a6
1415760 20b220ab 20ad20b3 20a420ab 20a920a6
1416000 20b020a8 20ad20af 20b120b3 20b420b9
1416020 20b120bb 20b620b7 20b320b6 20bf20b3
1416040 20b920bb 20c320bd 20bd20bb 20b220b6
1416060 20af20ae 20b020b1 20be20b3 20b420bc
1416100 20cb20c2 20c220c8 20c820c9 20c720c6
1416120 20ca20ca 20cc20c9 20cc20cc 20c920d0
1416140 20cd20cc 20ca20c8 20ce20c1 20d020d0
1416160 20d420d4 20cd20d0 20db20d3 20ca20cc
1416200 20c920cf 20d820d0 20d020ce 20d820d4
1416220 20dc20d9 20d620d8 20dd20e5 20da20da
1416240 20d320d9 20dc20da 20dd20da 20e220e1
1416260 20ec20ea 20e620e6 20ea20e0 20e520e5
1416300 20e620eb 20e520e1 20ea20dd 20f120ea
1416320 20ea20ea 20e320eb 20e720ea 20e820eb
1416340 20e320ec 20e220de 20ef20e8 20ec20e9
1416360 20f220ef 20f820f3 20f220f1 20fa20f1
1416400 20f620fc 20f920fe 20f720f5 20f220f4
1416420 20f120f4 20f620fd 20fc20f7 20f320f7
1416440 20fb20fd 210120ff 2108210a 21052101
1416460 20fc20f9 20fa20fa 20f520ee 20fd20f7
1416500 20ff2102 210420ff 21002101 21052102
1416520 21012104 210320fc 21002100 20fa20fa
1416540 20fe20ff 21022106 210f2102 210b210a
1416560 21032106 21032100 21012106 2110210a
1416600 21122113 2107210e 210f210e 21002105
1416620 210f2110 210a2112 21052109 210d210b
1416640 2108210e 21012101 2107210c 210e210d
1416660 21132110 21132115 21112111 2106210e
1416700 21012105 21022102 21092109 21062107
1416720 210b2104 21062109 210b210d 21082109
1416740 210c210a 210b210f 2104210b 210b210f
1416760 2111210f 2114210e 210c2107 2108210d
1417000 21082110 210d2108 2107210a 210020fd
1417020 20fd20ff 210c2107 210c2109 21072103
1417040 2106210a 21002101 210c210e 21072105
1417060 2106210b 20fd2109 20fb2102 20f820fd
1417100 210720fa 210320ff 21002100 21002100
1417120 21022102 21072104 20fc20ff 20f920f9
1417140 20f520f7 20f320f5 20f920fd 20fc20f6
1417160 20f720f5 20e820ea 20ea20f0 20f020ef
1417200 20ed20e8 20f020e7 20ec20e9 20f220eb
1417220 20f420ec 20f520ec 20f520f0 20ed20f2
1417240 20ed20f1 20f520ea 20ee20ed 20ec20ec
1417260 20e620eb 20e520ee 20e220e3 20dc20dd
1417300 20df20e0 20e620e2 20e720ea 20e020ea
1417320 20e720e3 20de20e6 20e920e6 20e020dd
1417340 20e220e8 20e720e0 20df20e4 20df20e3
1417360 20d920df 20d920d9 20e020d8 20d920d9
1417400 20db20da 20d920dd 20d620db 20df20d9
1417420 20e120e2 20e320dc 20d820e3 20db20db
1417440 20d520d8 20dd20d2 20d920e3 20de20db
1417460 20de20dc 20e420dc 20e220e2 20df20e1
1417500 20d320d7 20d020d7 20d620d6 20d720d1
1417520 20ce20d9 20d520cf 20d620d4 20de20d5
1417540 20d820d3 20ce20d6 20d420d0 20d520d3
1417560 20e020d7 20d620e2 20d820d7 20da20e1
1417600 20d320d3 20e520d0 20e020e0 20de20e7
1417620 20d120d9 20cb20ce 20d320cd 20d520ce
1417640 20cf20cc 20ca20d0 20cf20ce 20d720d5
1417660 20d820d6 20d920d4 20d420df 20db20df
1417700 20e020de 20df20da 20e220de 20e220ea
1417720 20e620e7 20e320dc 20e820e6 20e420e4
1417740 20e420e7 20e220dd 20eb20e3 20e720ee
1417760 20e420ea 20e220e5 20dc20db 20e620e2
1420000 20e820e3 20e020e8 20e220e2 20e320e3
1420020 20df20dc 20d820e0 20e420dd 20df20dd
1420040 20ed20e6 20e420e2 20ec20eb 20f720f5
1420060 20f520f7 20fa20f6 20f320f5 20f420f7
1420100 20f320f1 20f620f8 20f120f3 20f220ec
1420120 20f520f2 20f520ed 20ee20f1 20ee20f0
1420140 20ef20f0 20f120ee 20f120fa 20f920f3
1420160 20fd20fb 20ff20fe 210220ff 20fb20fb
1420200 21042108 2107210a 2101210b 21002106
1420220 210a2107 21072107 21072106 2108210c
1420240 2107210b 21062101 21052107 21062109
1420260 21132108 21162112 21132117 210d211b
1420300 21152117 2111210b 210f2115 211a2117
1420320 21102113 2114211a 21172114 211a211a
1420340 21152118 211d211e 211c211c 2120211d
1420360 21212116 21222120 21252127 211e2121
1420400 2125211d 21212124 211b211d 211c2120
1420420 21282123 2130212d 21272129 21252122
1420440 212c2128 212c212f 21302128 b010049c
1420460 00001004 0001000a 00010000 03b16020
1420500 00000ffc 0001000a 1400003c add01f00
1420520 add01f01 add01f02 add01f03 add01f04
1420540 add01f05 add01f06 add01f07 add01f08
1420560 add01f09 add01f0a add01f0b add01f0c
1420600 add01f0d add01f0e add01f0f add01f10
1420620 add01f11 add01f12 add01f13 add01f14
1420640 add01f15 add01f16 add01f17 add01f18
1420660 add01f19 add01f1a add01f1b add01f1c
1420700 add01f1d add01f1e ff000134 00000020
1420720 00000002 b4bedf3c 00000001 deadbeef
1420740 f0000002 b4bedf28 000b3453 00000000
1420760 00000134 00001f48 a011049d 21ed212d
1421000 21ec21ed 21ef21f1 21ef21eb 21f321e9
1421020 21f021ef 21f221f7 21f621f4 21f221f4
1421040 21ed21f4 21f121f2 21f521f2 21fb21f7
1421060 21f321f5 21ed21ef 21ee21f2 21ef21f2
1421100 21f121f2 21f221f2 21f321f2 21f421f3
1421120 21f021f2 21ef21f6 21f121eb 21f221f4
1421140 21f521f5 21f521f7 21f021f5 21f221f2
1421160 21f121ea 21ef21ed 21f221f0 21f321f0
1421200 21f121f9 21f821ea 21f421f9 21f421f4
1421220 21f621f0 21f121f8 21fd21fa 21fd21f5
1421240 21fc2200 21f721f9 21f721f9 21fc21f2
1421260 21f221f8 21f221f4 21fc21fc 21f62200
1421300 21f721f4 21f521f7 21f321f6 21f421f8
1421320 21fb21f4 21f021f3 21f721f8 21ed21f6
1421340 21f221f4 21f921f8 21fb21f7 21ff21f9
1421360 22022202 21fd21fe 21f421f8 21fb21fc
1421400 21fa21fd 21f421f9 21f421f6 21fd21f9
1421420 21f821fe 21f521f0 21fa21fa 21fe21ff
1421440 21fe21fc 21ef21f7 20f021ca 1f0c1fee
1421460 1dfb1e6a 1d7f1db1 1d531d63 1d431d47
1421500 1d481d48 1d4e1d4d 1d451d42 1d431d43
1421520 1d3c1d3e 1d401d3c 1d361d3e 1d3f1d3e
1421540 1d3c1d38 1d481d46 1d411d3f 1d391d3f
1421560 1d361d3e 1d3f1d35 1d3d1d3a 1d431d39
1421600 1d431d41 1d3e1d3e 1d341d39 1d2d1d31
1421620 1d351d35 1d3a1d3b 1d401d3a 1d3c1d3d
1421640 1d411d3c 1d3e1d41 1d421d42 1d431d42
1421660 1d471d3b 1d3e1d44 1d381d43 1d3f1d3d
1421700 1d3e1d44 1d431d3c 1d451d47 1d391d3e
1421720 1d471d3f 1d3d1d46 1d4a1d3e 1d451d44
1421740 1d3f1d47 1d411d49 1d471d43 1d481d44
1421760 1d451d4b 1d4b1d4c 1d491d54 1d4b1d4c
1422000 1d4d1d47 1d471d47 1d4a1d46 1d4f1d4d
1422020 1d501d4f 1d501d4f 1d4c1d4c 1d4d1d52
1422040 1d4f1d51 1d521d4a 1d4d1d4e 1d471d4e
1422060 1d491d40 1d491d46 1d451d45 1d461d43
1422100 1d441d41 1d421d48 1d481d4d 1d4d1d4b
1422120 1d521d4d 1d501d52 1d4e1d4e 1d451d4c
1422140 1d421d42 1d4e1d44 1d421d4f 1d4a1d45
1422160 1d511d4a 1d4f1d53 1d511d4f 1d4f1d52
1422200 1d551d50 1d4e1d53 1d4f1d4f 1d4e1d4b
1422220 1d521d55 1d4a1d50 1d551d4c 1d521d4f
1422240 1d531d4e 1d561d56 1d4b1d50 1d531d51
1422260 1d4d1d47 1d4b1d4f 1d4c1d47 1d4b1d4e
1422300 1d491d53 1d4e1d51 1d581d52 1d561d56
1422320 1d551d51 1d551d56 1d571d58 1d501d56
1422340 1d551d51 1d561d58 1d561d57 1d541d52
1422360 1d551d54 1d531d51 1d571d53 1d561d60
1422400 1d621d5a 1d631d62 1d671d66 1d641d6a
1422420 1d5a1d69 1d5d1d5e 1d651d5a 1d671d67
1422440 1d671d68 1d621d65 1d611d5e 1d621d64
1422460 1d6d1d66 1d721d6d 1d6c1d71 1d6b1d6f
1422500 1d691d69 1d671d68 1d641d6e 1d741d6e
1422520 1d6f1d7a 1d741d6f 1d6c1d69 1d6f1d71
1422540 1d761d77 1d741d74 1d741d76 1d781d77
1422560 1d7b1d7e 1d781d77 1d7b1d7e 1d801d7b
1422600 1d811d7c 1d771d84 1d7f1d83 1d841d7f
1422620 1d851d86 1d8f1d8c 1d8a1d8e 1d901d8a
1422640 1d911d8f 1d901d93 1d8b1d93 1d8b1d8d
1422660 1d931d8f 1d991d8c 1d9f1d8d 1d941d95
1422700 1da01d99 1da01da4 1da11da3 1d971d98
1422720 1d941d92 1da11da2 1da51da8 1da31da9
1422740 1da51da5 1da91dab 1daf1da9 1daf1db4
1422760 1dac1dab 1da81da5 1dab1da7 1dae1daa
1423000 1dac1dac 1db01db0 1db01dac 1dae1da7
1423020 1db11db2 1db61db0 1db71db6 1db31db7
1423040 1db71db8 1db21db9 1db21db9 1dbc1dbd
1423060 1dbd1dc1 1dbd1dbd 1dbd1dbe 1dc01dc4
1423100 1dc11dbf 1dc91db8 1dc51dc8 1dd11dcb
1423120 1dd11dd1 1dca1dcc 1dc91dc8 1dc81dc3
1423140 1dd61dc8 1dcf1dd5 1dce1dcc 1dcf1dc5
1423160 1dd51dcb 1dd71dd5 1dd81dda 1dd91dd7
1423200 1ddb1dd8 1dd81ddb 1dc81dd0 1dd51dd3
1423220 1ddc1dd6 1ddd1de0 1de01de5 1ddb1de3
1423240 1de61de3 1ddf1de0 1de61de3 1deb1de5
1423260 1de61dea 1df01def 1ded1de7 1ded1df2
1423300 1df11df0 1df31df5 1df31df1 1dee1def
1423320 1df21deb 1dee1dec 1df11deb 1deb1df0
1423340 1df31dec 1df41df5 1df81df5 1df51dfa
1423360 1dff1e01 1df91dfb 1dff1dfc 1dfb1df7
1423400 1dfd1e02 1dfa1e02 1dfd1dfa 1e001e00
1423420 1dfb1df1 1df51df4 1dff1dfe 1e041e03
1423440 1e021e03 1e041dff 1e091e07 1e031e08
1423460 1e0b1e02 1e0e1e05 1e0d1e0a 1e0a1e10
1423500 1e091e0d 1e051e0b 1e071e07 1e071e0b
1423520 1e0e1e0f 1e061e11 1e111e0e 1e111e13
1423540 1e0e1e12 1e0d1e15 1e071e10 1e111e0c
1423560 1e161e10 1e131e17 1e161e13 1e141e1c
1423600 1e1c1e19 1e211e1d 1e1a1e1e 1e181e1e
1423620 1e111e1a 1e141e13 1e101e13 1e141e14
1423640 1e1b1e12 1e111e17 1e0d1e11 1e1c1e0d
1423660 1e121e12 1e101e12 1e131e18 1e141e18
1423700 1e201e1f 1e1f1e21 1e231e25 1e241e27
1423720 1e281e21 1e1d1e21 1e221e1f 1e211e20
1423740 1e1d1e1f 1e1e1e1e 1e211e21 1e261e23
1423760 1e231e2b 1e211e27 1e261e22 1e1f1e1d
1424000 1e221e23 1e1d1e26 1e201e23 1e291e23
1424020 1e271e23 1e211e2a 1e221e20 1e271e26
1424040 1e231e26 1e291e20 1e271e22 1e271e32
1424060 1e291e2d 1e241e27 1e271e23 1e1e1e25
1424100 1e1e1e27 1e1d1e22 1e2a1e27 1e2e1e29
1424120 1e251e21 1e261e2a 1e201e1b 1e291e29
1424140 1e2a1e28 1e281e27 1e281e28 1e271e2c
1424160 1e291e23 1e281e28 1e251e27 1e251e21
1424200 1e2a1e29 1e221e29 1e211e22 1e281e22
1424220 1e241e23 1e211e25 1e221e22 1e231e1b
1424240 1e231e24 1e201e25 1e1f1e28 1e231e22
1424260 1e261e27 1e1b1e24 1e1a1e1c 1e1e1e1e
1424300 1e1c1e1d 1e201e1c 1e211e22 1e1d1e24
1424320 1e261e2a 1e261e24 1e261e20 1e211e22
1424340 1e251e1f 1e221e27 1e1f1e20 1e1d1e21
1424360 1e191e21 1e1f1e1d 1e1e1e22 1e1a1e1a
1424400 1e131e19 1e141e13 1e1f1e1d 1e201e1c
1424420 1e261e1e 1e281e23 1e2d1e29 1e191e24
1424440 1e261e20 1e281e1b 1e241e22 1e221e27
1424460 1e201e1f 1e221e22 1e281e2c 1e281e28
1424500 1e321e32 1e2b1e2f 1e241e24 1e271e23
1424520 1e281e24 1e281e25 1e251e25 1e1c1e25
1424540 1e291e25 1e291e23 1e2c1e2a 1e2a1e2e
1424560 1e2b1e2b 1e2c1e28 1e251e23 1e2d1e2b
1424600 1e2c1e2d 1e2b1e31 1e2d1e2c 1e291e24
1424620 1e271e21 1e241e30 1e2e1e34 1e281e30
1424640 1e341e2c 1e301e29 1e331e2f 1e2e1e38
1424660 1e2e1e34 1e381e36 1e2e1e2c 1e351e34
1424700 1e3a1e3b 1e3a1e39 1e381e36 1e371e36
1424720 1e331e38 1e351e39 1e371e38 1e3a1e36
1424740 1e3a1e37 1e3c1e37 1e3b1e37 1e3b1e37
1424760 1e441e41 1e471e4a 1e451e44 1e451e46
1425000 1e421e43 1e481e4a 1e4e1e46 1e4d1e4f
1425020 1e561e55 1e551e58 1e541e56 1e571e54
1425040 1e511e56 1e591e53 1e5e1e5e 1e5c1e5b
1425060 1e601e61 1e601e5d 1e5a1e5d 1e591e5a
1425100 1e5e1e59 1e571e5d 1e631e65 1e631e64
1425120 1e681e62 1e671e65 1e651e64 1e661e67
1425140 1e641e68 1e721e68 1e711e6b 1e751e71
1425160 1e741e71 1e781e79 1e741e76 1e6f1e71
1425200 1e6f1e6f 1e771e74 1e781e7b 1e7e1e82
1425220 1e821e87 1e831e7f 1e7a1e7e 1e871e8a
1425240 1e8a1e87 1e8b1e86 1e8a1e90 1e841e8a
1425260 1e8c1e88 1e891e84 1e8c1e88 1e931e8a
1425300 1e8e1e98 1e941e91 1e931e94 1e9d1e93
1425320 1e9e1e97 1e961e9c 1e951e99 1e9d1e9d
1425340 1ea11e99 1e961e8f 1e9d1e9c 1e981e9c
1425360 1e9e1e9a 1ea81ea6 1ea71ea4 1eaa1ea7
1425400 1ea71ea3 1eaa1eaf 1eb61eb6 1ead1eb3
1425420 1ea81eaa 1eac1ea8 1eb01eac 1eb61eb0
1425440 1eb91eb5 1ebb1ebd 1ec01ebf 1eba1ebd
1425460 1ebc1eb7 1eba1eba 1ebe1ebe 1ec01ec1
1425500 1ec41ec4 1ec41ec1 1ec71ec5 1ec21ec8
1425520 1ec61ecb 1ec71ec8 1ecb1ec9 1ec61ec8
1425540 1ecd1eca 1ece1ecc 1ec51eca 1ec81eca
1425560 1eca1ecd 1ed31ed3 1edd1ecf 1ed41ed0
1425600 1ec81ece 1ed11ec9 1ed11ecd 1ec71ec7
1425620 1ed31ec5 1ed81ed3 1ed51ed9 1ed21ed9
1425640 1ed81ede 1edf1ed8 1ee31edc 1edd1ee5
1425660 1ed71edb 1ed71ed6 1ed61ed7 1ece1ed0
1425700 1ed91ed5 1edd1ed7 1ee01edc 1eda1ed9
1425720 1ee31ee6 1ee21ee7 1ee31ede 1ee41ee5
1425740 1ee31ee6 1ee31ee0 1ee31ee0 1eec1ee7
1425760 1ee71eeb 1ef01eeb 1eee1ef1 1ef01ef5
1426000 1ee71ef1 1ee91eeb 1eec1eef 1eeb1eea
1426020 1eef1ee5 1ef41eed 1ef51ef2 1ef61ef8
1426040 1ef21ef8 1ef81ef7 1ef41efd 1ef71efa
1426060 1ee61eef 1ef61eea 1ef01eec 1ef11ef2
1426100 1ef01ef4 1eef1ee8 1eee1eed 1eea1eee
1426120 1ef01eee 1efb1ef7 1ef51ef6 1ef91ef9
1426140 1ef71ef7 1ef11ef6 1ef61efa 1ef41ef6
1426160 1ef21ef6 1ef71ef8 1ef71efb 1ef51eee
1426200 1ef91eec 1efb1efd 1ef91ef7 1efd1efe
1426220 1efa1efb 1ef31ef0 1efb1ef3 1ef61ef7
1426240 1ef41ef5 1efe1ef3 1f001f02 1f091f00
1426260 1f011f02 1efc1f02 1efd1f04 1efc1ef6
1426300 1efd1efe 1efd1ef9 1ef71ef7 1ef21ef6
1426320 1ef11ef6 1ef71ef5 1efb1ef8 1f021f01
1426340 1efa1f05 1efb1efd 1efe1efb 1ef81efb
1426360 1ef71efd 1efa1efb 1ef91ef4 1ef31ef0
1426400 1ef01ef4 1ef41ee8 1eed1eec 1eef1eec
1426420 1eed1eed 1eed1ef4 1ef21ef2 1ef41ef3
1426440 1ef51efb 1eea1eea 1ede1ee2 1eeb1eeb
1426460 1eeb1eed 1ee91eea 1ef01eeb 1ee21ee2
1426500 1eed1ee5 1ee41ee7 1ee71ee0 1eeb1ee6
1426520 1eef1eeb 1ee91ee8 1eeb1eed 1ee81ee9
1426540 1ee01ee4 1edd1ee2 1edc1edd 1edf1ee1
1426560 1ee81ee3 1ee91ee5 1ed41ed8 1ee51ee9
1426600 1ee01edc 1edf1ee6 1eda1edc 1edc1ed8
1426620 1edd1edd 1ee31edc 1ee31edd 1edc1edd
1426640 1eda1ee0 1ede1ee2 1ee21ee2 1ed71ee1
1426660 1edb1ed9 1ecf1edb 1ed81eda 1ed61ed5
1426700 1edd1eda 1edd1ed7 1ee11eda 1ed81ed9
1426720 1edd1ed7 1ed71edc 1ed61ecf 1ee01ee3
1426740 1ee11ee6 1edc1ee1 1edc1edf 1edb1edc
1426760 1ed71edc 1ed81eda 1ed01ed6 1ed71ed5
1427000 1ed91ed5 1ede1edd 1eda1ed7 1ed61ed8
1427020 1edb1ed8 1edb1eda 1edb1edd 1ee21edf
1427040 1edd1edc 1edd1ee2 1ed41ed5 1ed11ed6
1427060 1ed71ed5 1edf1ede 1eeb1ee0 1ee51eea
1427100 1ee11eea 1ee31ee5 1ee21ee3 1ee41ede
1427120 1ee81ee6 1eee1ee8 1ee71eea 1ee81ee5
1427140 1ee61ee7 1eec1ee5 1ee81ee7 1edb1eed
1427160 1ee21eeb 1ee31ee9 1ee91ee1 1eeb1ee8
1427200 1ee61eea 1eef1eed 1eef1ef1 1ef21eee
1427220 1ef51ef3 1eea1ef1 1eea1ef1 1ef01eee
1427240 1ef11eee 1eee1eec 1eea1eea 1eec1ef1
1427260 1ef11eed 1eee1ef0 1ef01ef0 1ef81ef0
1427300 1ef51ef1 1f011efe 1eff1f00 1efe1f03
1427320 1f031eff 1f061f01 1f061f04 1f101f07
1427340 1f0a1f0d 1f051f09 1f061f0a 1f091f04
1427360 1f0b1f09 1f0b1f11 1f041f08 1f0c1f0a
1427400 1f101f0c 1f141f0c 1f0f1f0e 1f111f12
1427420 1f111f15 1f101f0c 1f121f0c 1f161f16
1427440 1f161f16 1f191f19 1f1c1f1a 1f271f1d
1427460 1f1b1f1b 1f1c1f21 1f191f1b 1f1f1f24
1427500 1f211f1e 1f311f2b 1f2f1f32 1f2f1f39
1427520 1f2c1f2c 1f391f35 1f321f34 1f341f30
1427540 1f2b1f34 1f331f36 1f321f32 1f3f1f36
1427560 1f2f1f36 1f331f33 1f3c1f38 1f361f2f
1427600 1f3d1f39 1f421f42 1f441f47 1f3b1f3f
1427620 1f481f41 1f441f3e 1f521f4b 1f4f1f4e
1427640 1f501f4a 1f4e1f47 1f471f4e 1f4b1f43
1427660 1f511f47 1f541f52 1f511f4c 1f521f55
1427700 1f551f54 1f4f1f52 1f511f50 1f581f56
1427720 1f581f54 1f5f1f5e 1f591f5d 1f5e1f61
1427740 1f601f62 1f621f5c 1f5a1f60 1f5c1f60
1427760 1f591f63 1f651f56 1f631f60 1f691f66
1430000 1f611f65 1f5d1f62 1f5b1f68 1f6a1f5d
1430020 1f611f65 1f671f60 1f691f66 1f6b1f66
1430040 1f701f68 1f6d1f6b 1f711f73 1f741f74
1430060 1f791f76 1f7d1f77 1f701f7c 1f751f72
1430100 1f6b1f6f 1f721f71 1f721f76 1f7f1f79
1430120 1f7d1f83 1f731f78 1f731f6d 1f741f73
1430140 1f781f78 1f7b1f77 1f791f7f 1f7e1f7d
1430160 1f881f7b 1f821f84 1f7f1f83 1f821f82
1430200 1f7e1f7d 1f811f7a 1f851f7c 1f8a1f84
1430220 1f831f87 1f8a1f8b 1f841f8b 1f801f8a
1430240 1f821f87 1f831f82 1f8d1f89 1f8c1f8a
1430260 1f881f8b 1f811f83 1f811f7f 1f851f80
1430300 1f8b1f85 1f8d1f87 1f8b1f8c 1f8a1f8f
1430320 1f941f8a 1f901f93 1f931f8f 1f931f97
1430340 1f931f8f 1f931f8f 1f921f9b 1f961f90
1430360 1f921f98 1f931f8e 1f921f8e 1f8a1f8a
1430400 1f8e1f8f 1f961f92 1f901f95 1f921f91
1430420 1f971f90 1f971f93 1f951f97 1f8f1f96
1430440 1f8f1f8c 1f8d1f8d 1f851f8b 1f8e1f8b
1430460 1f8c1f8b 1f901f87 1f8a1f94 1f8b1f90
1430500 1f901f88 1f911f91 1f951f93 1f991f9a
1430520 1f931f95 1f871f84 1f9b1f8d 1f8d1f94
1430540 1f9c1f9b 1f991f9b 1f931f93 1f911f8e
1430560 1f901f89 1f961f99 1f8f1f98 1f8e1f92
1430600 1f8e1f93 1f911f8e 1f991f94 1f9a1f9e
1430620 1f9c1fa0 1f911f94 1f8d1f8d 1f851f8d
1430640 1f8b1f8c 1f901f8c 1f8d1f95 1f891f87
1430660 1f881f8a 1f8f1f8a 1f8a1f8d 1f8b1f86
1430700 1f831f87 1f8a1f87 1f861f88 1f8d1f8b
1430720 1f8b1f8d 1f8d1f85 1f8a1f8e 1f861f85
1430740 1f8b1f89 1f8b1f87 1f871f88 1f861f84
1430760 1f7f1f83 1f891f84 1f8d1f8d 1f841f8e
1431000 1f811f83 1f791f83 1f7e1f84 1f8a1f86
1431020 1f841f83 1f851f83 1f861f84 1f831f85
1431040 1f831f7f 1f861f83 1f7e1f84 1f811f84
1431060 1f851f81 1f8e1f8c 1f821f81 1f7c1f83
1431100 1f781f80 1f7b1f7a 1f7b1f79 1f7d1f78
1431120 1f821f7c 1f7b1f81 1f871f7d 1f811f7c
1431140 1f801f7e 1f7b1f81 1f801f84 1f731f7a
1431160 1f771f7d 1f7c1f78 1f801f7c 1f7b1f81
1431200 1f881f80 1f911f83 1f8a1f91 1f7b1f84
1431220 1f7e1f7e 1f811f7a 1f791f86 1f701f7a
1431240 1f7b1f70 1f701f7e 1f7f1f7a 1f821f7e
1431260 1f831f80 1f891f84 1f871f7f 1f891f89
1431300 1f861f85 1f881f8e 1f841f84 1f811f89
1431320 1f881f87 1f8d1f8a 1f911f8e 1f891f92
1431340 1f8b1f87 1f8f1f92 1f8e1f8e 1f941f86
1431360 1f911f90 1f8e1f89 1f8d1f9c 1f921f91
1431400 1f911f95 1f951f93 1f961f98 1f8b1f93
1431420 1f941f91 1f961f8e 1f921f91 1f9b1f9b
1431440 1f9d1fa0 1f961f97 1f901f92 1f991f94
1431460 1f9f1f9f 1f9a1f9e 1fa21f9e 1fa01f98
1431500 1fa11f9c 1f961fa2 1fa61f9e 1fa01fa4
1431520 1fa51fa1 1fa51fa4 1fa11fa4 1fa31fa4
1431540 1f9e1fa3 1fa21f9a 1fad1fa5 1fa71fa9
1431560 1fa91faa 1fa81fab 1fab1fa9 1fac1fb0
1431600 1fa91fab 1fa41faa 1fac1fa8 1fb71fb4
1431620 1fb01fb7 1fb71fb8 1fb71fbf 1fb31fb2
1431640 1fbb1fb7 1fb61fbc 1fb71fbd 1fc21fc1
1431660 1fc31fc6 1fc51fbe 1fbb1fb9 1fbf1fbb
1431700 1fc11fc2 1fba1fbb 1fc01fba 1fc51fc4
1431720 1fbf1fc5 1fc71fca 1fc71fc7 1fcb1fcb
1431740 1fc81fcc 1fc31fc2 1fcb1fbe 1fd81fd4
1431760 1fd21fce 1fd11fd4 1fd01fd4 1fd21fce
1432000 1fcb1fd2 1fd41fcb 1fd31fd5 1fcf1fcd
1432020 1fd01fd4 1fcf1fca 1fd71fd4 1fdf1fe3
1432040 1fe41fe1 1fdd1fde 1fe61fdd 1fe31fdb
1432060 1fe21fe1 1fe21fea 1fe71fe5 1fe61fe5
1432100 1fd91fe1 1fd61fdc 1fed1fe4 1feb1fe9
1432120 1fe41fea 1fe31fe5 1fe41fe4 1fe61fe4
1432140 1fe81fed 1fe41fe7 1fe61fe3 1fef1fe7
1432160 1fe61ff1 1ff61feb 1ff21ff6 1ffa1ff6
1432200 1fee1ff7 1ff31fef 1ff51ff9 1ffc1ff8
1432220 1ff91ff5 1ffa1ff8 1ffd1ff5 1ffb2000
1432240 1ffa1ffc 1ff41ff6 1ff91ff6 1ff31ff4
1432260 1ff71ff4 1ff81ffa 20031ff4 1ffa1ff8
1432300 1ffd2003 1ffc1fff 1ffd1ffc 1ffb1ffd
1432320 1ffa1ff6 20001ffc 1ffa1ffc 1ffa1ffa
1432340 20011ff7 20021fff 20002002 200b200c
1432360 200f2010 200a200a 2003200f 20052000
1432400 200a2009 2004200c 20062007 20042007
1432420 1ffb2007 20072006 20022001 2006200b
1432440 2009200d 2006200c 2010200d 2004200b
1432460 1ffd2000 20091fff 20082005 200e200d
1432500 2009200b 20012008 20012008 2004200d
1432520 2011200f 200a200c 20112010 2012201b
1432540 2018200e 201e2017 20212019 20132016
1432560 2012200c 20112013 20112010 20142011
1432600 200f2014 2010200f 2011200d 2007200d
1432620 200f200d 20132009 200d200b 20132015
1432640 20142013 2010200d 200d2008 2016200b
1432660 2016200e 20152017 20152018 200c2010
1432700 20112015 200c200d 20112013 2009200e
1432720 200f200f 201f2011 200c201a 201b2011
1432740 200b2017 201a201f 201c201a 200e2014
1432760 200f2010 2013200a 201c2018 2011201a
1433000 200e2014 20162010 200e2010 20112011
1433020 20092011 200c200d 200f2011 200f200f
1433040 2011200f 200b200e 200d200e 2010200d
1433060 20112011 200d200e 2009200a 2009200a
1433100 200c200d 20042008 20062006 20061ffd
1433120 200a2008 20032003 1fff2006 200b2003
1433140 20042001 20002004 1fff2006 20031ffe
1433160 20082000 20032009 1ffc1fff 20052009
1433200 20022002 20062000 1ffc2002 20012001
1433220 20012001 20042000 200a2000 20052004
1433240 2008200b 20052004 200d2004 1ffe2006
1433260 20032004 20062005 2004200a 200b200a
1433300 200a2004 20082003 200c200d 200a2011
1433320 2005200b 20071ffd 20092007 20032005
1433340 200c2008 2008200c 20092005 200c200b
1433360 20082008 20012005 20052002 200b2007
1433400 2007200d 2007200f 20042008 20041ffe
1433420 200e2006 20082002 20062004 20082003
1433440 20021ffd 2008200b 20012006 20052011
1433460 20062004 20032005 1fff2000 200e2008
1433500 200d200b 20112012 20152011 200f2018
1433520 200b200e 2012200d 20122014 200c200a
1433540 2010200a 2017200b 20122012 201c2020
1433560 201b2022 201e2017 201b2018 20122016
1433600 20182019 200f2011 201d2015 201a201c
1433620 201f201f 2021201a 201d201d 201a201a
1433640 2021201c 201a2020 2018201d 201a201b
1433660 2018201a 201b201b 20212020 201f2025
1433700 202b2029 2030202e 20262026 2031202c
1433720 2027202b 202e2028 203b2034 2038203b
1433740 202f202b 20272036 2034202e 20322032
1433760 203e203a 203a203e 2042203b 203e2042
1434000 20442040 20452044 203b2046 203e2040
1434020 203b203c 20402037 20442042 2044204f
1434040 2047204b 204b204c 2051204a 204e204b
1434060 204f204d 204f204a 20532050 20572052
1434100 20542054 20522058 205d2059 205d2060
1434120 205b205d 205e205b 2059205d 205b2059
1434140 20592056 205f205a 2059205c 20622066
1434160 205f2061 20682066 206a2063 20662065
1434200 20672065 206d206a 2072206e 20642068
1434220 20672068 20672067 20672066 20622068
1434240 2066206b 20782068 206b2074 20762076
1434260 20752070 2077206d 20752078 20702074
1434300 2077207a 20712076 20792072 207a207c
1434320 2077207b 207e207b 2075207a 20742075
1434340 207a2079 207b207a 20872080 207f2082
1434360 20872084 20842086 20812084 20832083
1434400 20862085 208a2088 20872085 20892087
1434420 20842082 20912089 207f2089 20862089
1434440 20852081 208a208a 20862088 208b2083
1434460 208a2091 20872087 20852085 207e207f
1434500 20852078 208b2086 208b208a 208b208e
1434520 208c208d 208b208a 2086208e 20802089
1434540 20882089 208b2089 2085208b 20812083
1434560 2088208a 208d2092 208b208b 208f208c
1434600 208e2094 208f208c 20842086 20882086
1434620 20832083 20852085 208e208d 20952094
1434640 2094209a 208a2089 20892090 2090208c
1434660 20972094 20942097 2093208e 20992096
1434700 20922094 20902096 20902093 20962094
1434720 208a2097 2088208a 208d2090 2089208d
1434740 20922090 208e2095 20952090 20972094
1434760 208b208e 208f208a 2091208c 20962099
1435000 20912090 208e2091 2091208f 2089208f
1435020 20842087 208f2088 2088208f 208d208c
1435040 208b208e 208a208e 2081208b 20872083
1435060 208a2086 20842082 20842086 20832087
1435100 20862083 208b208b 2086208b 2080207f
1435120 20802081 2082207f 2083207d 208d208b
1435140 207f2084 20812089 207c207b 2081207e
1435160 20862083 207f2082 207f2084 2079207c
1435200 207d2077 20702078 20752074 20772079
1435220 207a2070 2079207c 20792075 20762075
1435240 20752079 2076206f 20762072 20742074
1435260 20702077 206f206f 206f206c 20682068
1435300 20722062 2066206c 206e206f 20692067
1435320 20662062 20642067 205f205f 20662068
1435340 20632063 20602063 2063205f 205b2057
1435360 2063205f 20632066 20642061 20622065
1435400 205d205a 20602062 205d2059 205d205f
1435420 205f2061 20622063 205c205f 2058205b
1435440 204f2058 20532051 205b205a 20562056
1435460 20532056 20542051 2057204d 20582058
1435500 2057205d 20532050 20512054 20542050
1435520 20562054 205d205a 20552056 20562051
1435540 20542050 20532057 205a2057 2051205e
1435560 204f2053 2058204c 204a2052 2052204d
1435600 20542055 20522055 20582057 20562053
1435620 20592054 2051205b 205f2056 205b205a
1435640 204a2053 204b204d 20512051 20542048
1435660 20572058 2058205a 205e205d 20582054
1435700 2056205e 20592054 20532059 20522058
1435720 20562053 205a2055 2055205e 2057205a
1435740 2061205d 205c205d 2063205a 20632066
1435760 206b206a 2066206f 2065205f 20642063
1436000 20652064 20692069 20602063 20622067
1436020 206a2063 206a206d 20662068 2076206d
1436040 206d206e 20752071 20712073 206f2073
1436060 20732070 2077206d 20742072 2072206d
1436100 20752075 207a207e 207c2084 207b2072
1436120 207c2079 207c2078 20792080 207e2082
1436140 20882079 20872088 2084207e 20882089
1436160 2091208d 2091208c 208a2088 20892085
1436200 208c2088 20892093 2092208e 20982093
1436220 2094209a 209b209c 209d209a 209e209d
1436240 2099209e 2096209f 20a1209c 20a2209f
1436260 20a5209c 20a620a6 20a720ab 209f209f
1436300 20a3209d 20a6209c 20a720a6 20a420a7
1436320 20aa20a4 20ab20ad 20a520a6 20ad20a6
1436340 20af20ad 20af20b3 20b620b7 20b720b0
1436360 20ba20bc 20b620b7 20b520bf 20bb20bb
1436400 20c920c2 20c420c5 20ca20c9 20c320c6
1436420 20c120c6 20be20bd 20c120c1 20bf20c6
1436440 20c020be 20c020c0 20d020ca 20d020d0
1436460 20cb20d4 20d320d0 20d620d1 20ce20cd
1436500 20cb20cc 20cf20d2 20cf20d5 20db20d9
1436520 20d320d2 20d220d9 20db20d7 20dc20d4
1436540 20e920df 20e820e4 20e420e8 20e320eb
1436560 20e320e6 20e120e3 20e820df 20ea20ee
1436600 20ef20f1 20ec20f2 20e820ec 20f020e2
1436620 20e920f0 20eb20e7 20f320f6 20ec20f3
1436640 20e920f1 20e220e6 20ed20e9 20f020f8
1436660 20f420ed 20f720f1 20f520f9 20f920f4
1436700 20fc20fd 20ee20f2 20ef20ee 20ec20ef
1436720 20f120ed 20ec20f0 20f220f1 20f520f4
1436740 20fa20fb 20f920f0 20fa20fb 20fc20f8
1436760 20fe20f9 20fb20f5 20f620fc 20f820fc
1437000 20f820f7 210220f7 21002103 20ff20fc
1437020 210420fc 210b2103 21052105 21032104
1437040 21072102 20fd2103 20ff20fe 20fd20fc
1437060 210020fb 20f72102 21082102 20fb20fa
1437100 20ff20f7 20f820fe 20f02101 21002103
1437120 21102109 210d2109 21082114 21032108
1437140 20f92103 20fc20fc 20fc20f5 21042104
1437160 21012103 21022108 210020fe 20ff2100
1437200 21082109 2103210c 20fe2105 20fe20ff
1437220 210a20fe 21012100 20fe20fe 21022102
1437240 210020ff 21042102 21012104 21002107
1437260 20fd20fe 20f720f7 20fb20f3 210020ff
1437300 20fc2100 20fe20fe 20fe2105 20fe2104
1437320 20fc2101 210520fd 2106210b 20f72101
1437340 21012101 20f620fc 20f920f4 20fa20fc
1437360 20f720f3 20f220ed 20f420f5 20ee20ee
1437400 20ef20eb 20f120f4 20ff20f7 20f620f7
1437420 20f220f7 20e620f0 20e620e8 20ef20e5
1437440 20e820ef 20e520e9 20ee20ec 20e620e7
1437460 20e920e5 20e420ea 20de20e2 20e220dd
1437500 20e420ed 20ec20e7 20e320e6 20e020df
1437520 20dd20de 20e020d9 20e320de 20dd20e4
1437540 20dc20e1 20d820d6 20cf20d7 20d520cc
1437560 20cf20da 20d720db 20d220dc 20cf20d6
1437600 20e020d4 20cf20d4 20d420d2 20cd20db
1437620 20cc20cd 20d020cd 20cc20ca 20d820d3
1437640 20cf20d5 20d020ce 20d120c9 20cb20cd
1437660 20ca20ca 20cb20c5 20c420c6 20c520c3
1437700 20ca20bf 20c920cb 20c420ca 20c420ca
1437720 20be20bf 20bf20ba 20c220bb 20cb20c5
1437740 20ba20c3 20c120bb 20b820bd 20b720b6
1437760 20af20bd 20ad20ab 20af20ac 20b520b9
1440000 20b520b2 20ba20ba 20c020b8 20bc20b8
1440020 20be20bb 20b420bd 20b620b5 20b820b0
1440040 20b620b8 20af20b1 20b320b5 20ae20b3
1440060 20b020b0 20be20b5 20b920bc 20b120b4
1440100 20b220b8 20b220b6 20b920b7 20b820b5
1440120 20b120bd 20bd20ba 20b920b8 20bf20bb
1440140 20b420b4 20ad20b0 20a620af 20a920aa
1440160 20b520aa 20b320b6 20b820bd 20be20be
1440200 20c120b9 20c420b9 20bb20bc 20bd20bc
1440220 20be20ba 20ba20c5 20b620b8 20b820b9
1440240 20c320ba 20c520c4 20be20be 20c320bb
1440260 20c220c5 20bf20c1 20c020bd 20c520c4
1440300 20ca20c3 20d220d0 20cd20ca 20c420c4
1440320 20d120cc 20c620c7 20d020cc 20cf20d1
1440340 20d120d3 20d420ce 20d320d0 20d520cb
1440360 20d220cd 20d120db 20cc20cf 20d020ce
1440400 20d520ce 20ce20ce 20d820d0 20d820d9
1440420 20dd20d2 20cf20da 20d320d7 20d720d3
1440440 20de20dc 20e320df 20e320e1 20e020e3
1440460 20e420e0 20df20df 20e420e1 b011049d
1440500 00001004 0001000a 00010000 03b16021
1440520 00000ffc 0001000a 1400003c add01f00
1440540 add01f01 add01f02 add01f03 add01f04
1440560 add01f05 add01f06 add01f07 add01f08
1440600 add01f09 add01f0a add01f0b add01f0c
1440620 add01f0d add01f0e add01f0f add01f10
1440640 add01f11 add01f12 add01f13 add01f14
1440660 add01f15 add01f16 add01f17 add01f18
1440700 add01f19 add01f1a add01f1b add01f1c
1440720 add01f1d add01f1e ff000134 00000020
1440740 00000002 b5048ba0 00000001 deadbeef
1440760 f0000002 b5048b8c 250b2ec5 00000000
1441000 00000134 00001f48 a010049e 21f420e2
1441020 21fb21f4 21f621f4 21fe21f5 21fb21fb
1441040 21f521f7 21f621f4 21fe21fb 22032200
1441060 2208220b 22032204 22042200 22032201
1441100 22002208 21f92205 21fe21fc 220621fd
1441120 22042206 220c2208 2213220a 2210220f
1441140 22052209 22042208 2203220a 22122211
1441160 220d2211 220b220d 2211220e 220f2212
1441200 220d220e 2213220c 2217220c 22182214
1441220 22132217 2207220d 22122210 220d2213
1441240 22162214 22122211 22142216 22132217
1441260 22182211 221a221a 2218221a 2223221d
1441300 221f221f 221d221d 2223221d 22212226
1441320 22202222 2217221d 221d221c 221d2221
1441340 22162219 2227221d 22282224 2229222a
1441360 22272228 22232226 222a222b 22242221
1441400 22232222 2227221d 22242226 2222222a
1441420 22282221 22312227 222a222c 22272229
1441440 22232227 2227222a 222d2229 2228222b
1441460 2232222b 22342235 21992231 1fa0208c
1441500 1e541ee1 1dbd1df1 1d891da2 1d7d1d85
1441520 1d761d75 1d811d79 1d7a1d7b 1d701d79
1441540 1d671d67 1d6d1d69 1d6a1d68 1d6b1d6b
1441560 1d751d77 1d781d76 1d721d6e 1d771d70
1441600 1d771d7f 1d751d72 1d731d72 1d721d6f
1441620 1d741d6f 1d771d74 1d731d74 1d771d73
1441640 1d7a1d71 1d761d73 1d771d79 1d701d74
1441660 1d701d77 1d771d77 1d811d77 1d721d72
1441700 1d761d75 1d771d74 1d7d1d7d 1d7f1d84
1441720 1d791d7c 1d7c1d7d 1d731d73 1d6e1d77
1441740 1d7c1d75 1d741d71 1d7c1d7d 1d7c1d79
1441760 1d791d7c 1d7d1d7a 1d781d76 1d761d7c
1442000 1d731d7a 1d791d7b 1d761d7a 1d801d7a
1442020 1d7f1d82 1d821d7a 1d7a1d79 1d721d7c
1442040 1d781d78 1d7e1d7d 1d7b1d7e 1d771d77
1442060 1d791d74 1d7c1d7d 1d7d1d7d 1d7f1d7e
1442100 1d7c1d79 1d7f1d7d 1d701d76 1d751d75
1442120 1d721d7a 1d811d7d 1d711d79 1d751d78
1442140 1d791d6f 1d771d76 1d801d7d 1d721d7d
1442160 1d711d73 1d6b1d76 1d771d70 1d791d79
1442200 1d841d7d 1d7d1d7b 1d791d75 1d791d81
1442220 1d781d79 1d7d1d7d 1d771d80 1d7c1d80
1442240 1d661d7b 1d741d69 1d771d71 1d791d77
1442260 1d771d7f 1d761d7a 1d741d7a 1d7b1d7d
1442300 1d801d81 1d781d7d 1d741d73 1d811d7c
1442320 1d7c1d7f 1d7a1d80 1d7b1d7d 1d6d1d71
1442340 1d751d71 1d751d6b 1d6e1d76 1d6d1d79
1442360 1d721d70 1d731d6a 1d781d74 1d751d74
1442400 1d711d74 1d731d78 1d701d76 1d781d6f
1442420 1d7f1d7c 1d791d79 1d7e1d79 1d771d7c
1442440 1d7d1d7e 1d761d7c 1d791d72 1d7b1d76
1442460 1d7b1d73 1d781d7e 1d7d1d7a 1d791d7d
1442500 1d751d7d 1d721d6b 1d761d76 1d6f1d72
1442520 1d781d7e 1d7d1d7c 1d7b1d7f 1d811d83
1442540 1d7d1d7f 1d7b1d80 1d771d7f 1d861d82
1442560 1d831d7f 1d831d85 1d881d85 1d861d86
1442600 1d911d85 1d8c1d8d 1d851d88 1d831d81
1442620 1d8c1d85 1d8a1d86 1d981d8d 1d8a1d8f
1442640 1d8c1d8e 1d951d8e 1d8d1d8e 1d851d87
1442660 1d8d1d8d 1d8d1d94 1d931d8e 1d8f1d8c
1442700 1d921d90 1d8f1d91 1d941d9b 1d971d98
1442720 1d9e1d8b 1d9e1da3 1d9a1d9d 1d9e1da4
1442740 1d9a1d9e 1d991d96 1d9e1d98 1d991d9c
1442760 1d9a1d9e 1da41da0 1daa1da0 1d9d1da2
1443000 1da81da8 1d9c1dab 1da11d9e 1dab1da7
1443020 1db61db2 1dba1db7 1db51db9 1dae1dae
1443040 1daf1daa 1db01dae 1db91db5 1db71db8
1443060 1dbd1db3 1db81dba 1dc11dba 1db71db9
1443100 1dbb1dbc 1db61db7 1db91db8 1dc21dbd
1443120 1dc01dc6 1dbf1dc5 1dc41dc3 1dc81dc6
1443140 1dc71dc1 1dbc1dbc 1dc11dc1 1dc51dc1
1443160 1db81dc4 1dcd1dc1 1dbf1dc0 1dcd1dc8
1443200 1dc81dc7 1dcc1dc9 1dd51dca 1dd11dd3
1443220 1dd41ddd 1dd51ddc 1ddb1ddc 1de01dd6
1443240 1ddd1dd9 1ddc1de4 1de51dde 1de21de6
1443260 1ddb1de3 1ddf1ddf 1de51ddc 1de81de3
1443300 1dec1de8 1dec1de9 1dec1dea 1dee1def
1443320 1dec1df3 1df41ded 1de81de8 1def1de7
1443340 1df21dee 1df71df3 1dfc1df4 1dfa1dfd
1443360 1df51dff 1df81df8 1e041df4 1e011dff
1443400 1dfc1dfc 1dff1e04 1e011e05 1dfc1e01
1443420 1dfc1df9 1e031e02 1dfc1dfe 1df91df8
1443440 1df91e03 1e0c1e00 1e111e06 1e0a1e11
1443460 1e091e0b 1e071e06 1e031e01 1e051e04
1443500 1e0a1e09 1e081e0c 1e061e0c 1e0a1e06
1443520 1e101e13 1e131e0f 1e0f1e16 1e171e12
1443540 1e181e15 1e1b1e19 1e1f1e1d 1e1b1e23
1443560 1e1c1e1b 1e181e1d 1e151e15 1e211e1b
1443600 1e211e20 1e241e1e 1e261e17 1e241e22
1443620 1e221e27 1e281e29 1e2f1e26 1e271e24
1443640 1e261e1e 1e271e21 1e291e2d 1e2c1e2d
1443660 1e2f1e2b 1e271e2e 1e291e2b 1e381e2a
1443700 1e381e34 1e3b1e33 1e361e3a 1e2f1e38
1443720 1e381e30 1e2f1e30 1e3c1e31 1e431e43
1443740 1e311e3c 1e3a1e35 1e341e3c 1e481e3e
1443760 1e361e44 1e3e1e3c 1e3b1e3d 1e3d1e36
1444000 1e3c1e39 1e351e36 1e3d1e3a 1e461e40
1444020 1e4d1e47 1e4b1e45 1e481e45 1e3b1e42
1444040 1e441e44 1e421e46 1e4a1e4d 1e461e3f
1444060 1e3c1e43 1e431e45 1e3a1e3e 1e461e40
1444100 1e4a1e4c 1e441e4f 1e4d1e49 1e4f1e50
1444120 1e4c1e49 1e4d1e4c 1e4b1e4f 1e4f1e49
1444140 1e421e4e 1e551e4b 1e4e1e4f 1e481e4d
1444160 1e461e4c 1e4a1e4a 1e4b1e4a 1e521e48
1444200 1e461e4c 1e4d1e4c 1e4a1e54 1e471e46
1444220 1e481e46 1e4a1e4b 1e451e47 1e491e4b
1444240 1e4a1e45 1e541e4a 1e4c1e50 1e4d1e4b
1444260 1e4c1e41 1e4c1e45 1e421e48 1e471e45
1444300 1e471e4a 1e4c1e48 1e451e4c 1e441e42
1444320 1e491e49 1e4d1e4d 1e531e4d 1e501e45
1444340 1e4c1e4f 1e471e4c 1e451e4d 1e481e49
1444360 1e521e4d 1e4b1e4f 1e471e4d 1e431e41
1444400 1e3f1e41 1e421e35 1e491e4a 1e451e41
1444420 1e441e4b 1e4a1e48 1e4c1e47 1e4b1e49
1444440 1e441e48 1e431e45 1e4b1e49 1e4e1e48
1444460 1e481e44 1e421e46 1e401e47 1e491e3b
1444500 1e4e1e47 1e4c1e47 1e4d1e46 1e461e45
1444520 1e451e40 1e431e45 1e3f1e3c 1e4b1e43
1444540 1e4d1e4a 1e471e48 1e491e48 1e491e44
1444560 1e451e49 1e511e4f 1e4d1e50 1e4a1e4b
1444600 1e4c1e47 1e4a1e51 1e4d1e4f 1e551e51
1444620 1e571e4a 1e4a1e4c 1e4f1e4b 1e4c1e4f
1444640 1e4d1e4e 1e521e50 1e521e54 1e4a1e45
1444660 1e4f1e4f 1e451e4c 1e591e4e 1e551e56
1444700 1e541e51 1e531e4f 1e4f1e4a 1e4e1e52
1444720 1e4f1e54 1e571e55 1e561e5d 1e611e5b
1444740 1e651e64 1e611e64 1e5d1e62 1e5c1e62
1444760 1e5d1e5c 1e5e1e59 1e5f1e58 1e5f1e5c
1445000 1e641e61 1e5e1e5f 1e5c1e60 1e5a1e59
1445020 1e5f1e5b 1e651e67 1e5c1e62 1e661e5d
1445040 1e641e62 1e6b1e5f 1e6a1e6b 1e621e62
1445060 1e671e64 1e681e6c 1e601e6a 1e651e64
1445100 1e6e1e65 1e6b1e66 1e691e65 1e691e68
1445120 1e731e74 1e6e1e6f 1e811e74 1e771e80
1445140 1e7e1e7d 1e751e81 1e741e75 1e781e75
1445160 1e741e72 1e751e70 1e801e80 1e831e80
1445200 1e841e7e 1e7e1e7b 1e791e79 1e7a1e81
1445220 1e821e83 1e841e86 1e891e88 1e801e86
1445240 1e831e82 1e841e85 1e8e1e87 1e8e1e8c
1445260 1e8e1e8c 1e8d1e92 1e961e8e 1e971e91
1445300 1e891e94 1e951e9b 1e9a1e97 1e9e1e9a
1445320 1e9f1e9f 1e9e1e9e 1e8f1e8c 1e981e99
1445340 1e9b1e98 1e981e9a 1e9e1e9d 1e9b1ea0
1445360 1ea61ea0 1e941e9d 1e9b1e99 1e9b1ea0
1445400 1ea11e9c 1ea21ea7 1e9f1e9e 1ea61e9e
1445420 1ea41ea8 1ea91ea0 1ea71ea4 1ea71ea5
1445440 1ea21ea9 1ea71eaa 1ea91eaa 1ea71eac
1445460 1eaf1eaa 1eab1ead 1eaf1eab 1eb01eaf
1445500 1eb81eb5 1ead1eb0 1eb01eae 1eb51eb7
1445520 1eb41eb4 1ebf1eb8 1ec21ebd 1ec01ec1
1445540 1ec41ebd 1ebc1ec1 1eb21eb9 1eb21ebb
1445560 1eb61eb8 1eac1eb9 1eb71eb1 1ebf1eba
1445600 1eb41ebd 1ebe1eb9 1ebd1ebc 1ec91ec8
1445620 1ecf1ec7 1ec61eca 1eca1ebc 1ec91ed0
1445640 1ecd1ecb 1ecd1ed2 1ec51eca 1ece1ec6
1445660 1ec81ecd 1ec81ecc 1ec91ecb 1ec51ec8
1445700 1ed11ecd 1ed31ed9 1ecb1ecd 1ecf1ed0
1445720 1eca1ecb 1ec91ec5 1ed11ece 1ed51ed1
1445740 1ed91ed8 1ed51ed4 1ed71ed7 1eda1eda
1445760 1edc1ed8 1ed81ed4 1ed81ed7 1ed61ed1
1446000 1ee11ed8 1edd1ee2 1eda1ee0 1ee01ede
1446020 1edf1ee1 1ee31ee5 1ee41ee9 1ee01ee0
1446040 1ee71ee1 1ee21ee4 1edb1ee0 1ee11ee1
1446060 1edb1ee6 1ee21ee3 1ee91ee6 1ef11eec
1446100 1ee21ee3 1ee81eee 1ee81ee8 1eed1ee7
1446120 1ef01ee7 1ef01ef2 1ee61ef6 1ef11eee
1446140 1eeb1eec 1eea1ee9 1ee81ee7 1eed1eea
1446160 1ee61eea 1eea1ee3 1ee71eea 1eea1ee7
1446200 1ef41ef5 1ef31ef6 1efe1ef7 1ef91ef7
1446220 1ef61efa 1ef61ef6 1efd1ef7 1efa1efa
1446240 1ef81efa 1efb1efc 1ef51eff 1ef81ef9
1446260 1ef31eef 1ee91eeb 1eff1efa 1efe1efd
1446300 1f021efe 1ef91ef5 1ef31ef2 1eed1ef6
1446320 1ef61ef7 1efa1efc 1ef61efe 1eee1ef9
1446340 1ee71ef1 1f001ef9 1eec1ef4 1efc1eee
1446360 1ef11ef7 1ef31efa 1eee1ef8 1ef31efa
1446400 1ef71efc 1ef81ef0 1efa1f00 1ef71ef7
1446420 1ef51ef5 1ef51ef2 1ef31efa 1ef41ef1
1446440 1ef01ef4 1ef11ef1 1ef41eef 1ef91ef7
1446460 1ef91ef5 1efb1ef9 1efa1eee 1efc1ef7
1446500 1eec1eef 1eeb1eee 1ef21ef0 1eef1ef5
1446520 1ef01eec 1eef1ef5 1ef01eef 1eee1ef2
1446540 1ef41ef2 1ef91eee 1ef51ef2 1ef21ef2
1446560 1eec1ef3 1eee1ef2 1ef11ef1 1eee1ef4
1446600 1ef31ef6 1ef31ef8 1efa1ef5 1ef71eea
1446620 1ef01ef8 1efb1ef4 1ef71efc 1efb1ef7
1446640 1ef31ef2 1ef11eed 1eec1ef2 1eed1ef4
1446660 1ef51eef 1efe1ef5 1efa1eff 1ef61ef8
1446700 1efa1efb 1ef91efa 1f001f04 1ef71efe
1446720 1ef41ef4 1ef81efb 1ef51ef5 1efb1ef5
1446740 1ef81ef6 1ef21ef7 1ef81efa 1ef91f00
1446760 1ef71ef8 1efb1ef9 1efa1ef6 1efd1ef7
1447000 1f001ef8 1ef81ef8 1efe1efc 1efb1ef6
1447020 1f041f00 1ef81ef9 1ef51ef4 1efd1f02
1447040 1f041f01 1f011f08 1ef51ef5 1efd1ef2
1447060 1ef81efe 1f061f02 1f0b1f0a 1f011efd
1447100 1f011f00 1f051f09 1f0b1f0c 1f041f07
1447120 1f081f05 1f091f08 1f0a1f06 1f021f0c
1447140 1f061f08 1f0a1f0d 1f101f0d 1f151f13
1447160 1f0d1f0e 1f0e1f0f 1f121f12 1f141f0c
1447200 1f191f15 1f1b1f1e 1f201f1d 1f1e1f18
1447220 1f1d1f1c 1f1d1f1e 1f201f1b 1f1b1f18
1447240 1f211f1a 1f251f1e 1f231f20 1f1f1f24
1447260 1f271f29 1f221f27 1f231f22 1f2d1f2a
1447300 1f221f29 1f271f29 1f271f24 1f321f26
1447320 1f301f36 1f351f2b 1f381f35 1f371f2e
1447340 1f3a1f37 1f411f3e 1f371f38 1f361f3d
1447360 1f381f33 1f391f3a 1f351f39 1f3a1f3b
1447400 1f3d1f3f 1f3a1f3d 1f401f42 1f441f40
1447420 1f451f47 1f481f48 1f431f42 1f4a1f49
1447440 1f451f40 1f451f43 1f531f4e 1f511f53
1447460 1f541f4c 1f511f52 1f471f4b 1f4a1f4b
1447500 1f4e1f4f 1f541f4d 1f571f59 1f571f5d
1447520 1f531f50 1f561f52 1f581f51 1f561f5e
1447540 1f5a1f52 1f5d1f5e 1f661f5f 1f5f1f61
1447560 1f651f5c 1f6a1f65 1f701f6f 1f691f61
1447600 1f671f69 1f5e1f5d 1f621f5d 1f651f64
1447620 1f671f63 1f701f6b 1f671f69 1f6c1f66
1447640 1f731f73 1f761f7b 1f781f79 1f791f7d
1447660 1f751f77 1f781f76 1f701f76 1f721f73
1447700 1f6c1f71 1f731f74 1f7b1f7a 1f821f7a
1447720 1f7e1f7f 1f831f7e 1f7c1f84 1f7c1f7e
1447740 1f851f87 1f861f7f 1f7f1f84 1f851f8a
1447760 1f831f85 1f831f82 1f7d1f7a 1f7d1f7a
1450000 1f7a1f81 1f851f81 1f811f86 1f831f81
1450020 1f831f80 1f8b1f86 1f901f8f 1f861f86
1450040 1f8c1f86 1f861f8a 1f8d1f8b 1f881f8e
1450060 1f8d1f8d 1f8c1f8c 1f861f88 1f8a1f8b
1450100 1f911f8f 1f941f91 1f941f96 1f931f94
1450120 1f951f95 1f871f98 1f8a1f8a 1f961f90
1450140 1f921f91 1f961f94 1f9a1f9c 1f941f98
1450160 1f941f94 1f931f97 1f921f9c 1f931f93
1450200 1f951f99 1fa01f97 1f9b1f9b 1f9b1f96
1450220 1f9a1f99 1f9a1fa0 1f9a1fa2 1f9a1f97
1450240 1f9d1f9c 1fa51f9f 1fa11fa0 1f9a1fa2
1450260 1f9d1f94 1fa21f9e 1f9d1fa0 1f9e1f9f
1450300 1fa71f9d 1f9c1fa4 1fa41f9f 1fa71fa7
1450320 1fa21fa3 1f971f93 1f961f97 1fa51f9e
1450340 1fa71fa0 1f991fa4 1fad1fa2 1fa41fab
1450360 1fa11fa6 1fa31fa7 1f9f1fa3 1fa11fa4
1450400 1fa11fa1 1fa41fa4 1fa21fa4 1f9b1f9f
1450420 1fa51fa2 1fa51fa6 1fac1fb1 1fad1fa5
1450440 1fa11fa5 1f9e1f9e 1fa61fa7 1fae1fa6
1450460 1faa1fac 1fac1fa6 1fa71fa4 1fab1fa3
1450500 1fa91fa8 1fa61fab 1f9d1f9d 1f9d1f9d
1450520 1f9c1fa0 1f9b1f9c 1f9f1fa2 1f9b1f9e
1450540 1f991f97 1f9a1f9b 1fa11fa0 1f971f98
1450560 1f951f90 1f991f95 1f9d1fa3 1f981f9f
1450600 1f9b1fa1 1f991f9a 1f9a1f93 1f951f95
1450620 1f921f97 1f981f9a 1f9c1f9a 1fa21f94
1450640 1f9a1f9b 1f991f9b 1f9d1f9b 1f9b1f9d
1450660 1f991f9e 1f971f9a 1f9f1f9f 1f9a1f9c
1450700 1f971f93 1f951f91 1f8e1f99 1f901f91
1450720 1f921f8e 1f951f91 1f961f92 1f971f9b
1450740 1f931f93 1f931f94 1f901f88 1f951f8e
1450760 1f901f92 1f951f95 1f971f9e 1f971f90
1451000 1f971f92 1f911f90 1f921f94 1f871f91
1451020 1f8c1f82 1f881f8c 1f8a1f8a 1f841f7f
1451040 1f891f8b 1f801f8b 1f8e1f89 1f951f88
1451060 1f871f8d 1f891f89 1f8b1f8d 1f921f8d
1451100 1f8e1f91 1f861f8e 1f811f82 1f811f82
1451120 1f811f8b 1f881f84 1f801f86 1f801f88
1451140 1f8d1f83 1f911f88 1f8f1f8a 1f8d1f8f
1451160 1f8e1f88 1f831f89 1f861f82 1f901f89
1451200 1f921f8f 1f941f90 1f8e1f91 1f941f8e
1451220 1f891f88 1f881f8a 1f8b1f88 1f8d1f8a
1451240 1f8f1f88 1f981f96 1f911f97 1f8c1f97
1451260 1f981f93 1fa11f9f 1fa41fa2 1f961f9c
1451300 1fa11f9d 1f9f1fa1 1f9a1f98 1f9c1f98
1451320 1f931f9c 1f941f91 1f971f98 1f9a1f92
1451340 1fa71f95 1fa01fa1 1f991fa0 1fa11fa6
1451360 1fa31fa5 1f991f98 1f9e1f9a 1fa11fa3
1451400 1fa31fa5 1fb11fab 1fb11fb2 1fac1fb1
1451420 1faf1fb0 1faa1fac 1fac1fa5 1fb11fb0
1451440 1fad1fb6 1fad1fad 1fbb1fad 1fb41fb4
1451460 1fb31fb4 1fb11fb4 1fb81fb7 1faf1faf
1451500 1fb61fb3 1fb71fb8 1fb71fb7 1fb91fb6
1451520 1fb91fbe 1fb61fbd 1fb51fb0 1fba1fc0
1451540 1fc51fb6 1fc21fbe 1fba1fba 1fbf1fba
1451560 1fcb1fc7 1fca1fc8 1fc41fc9 1fc91fc5
1451600 1fcd1fce 1fd01fd0 1fc51fc9 1fd11fc8
1451620 1fda1fd1 1fd21fd4 1fcf1fd2 1fd01fca
1451640 1fd81fda 1fe21fdd 1fe21fe1 1fe41fe8
1451660 1fe41fe7 1fe51fe0 1fe41fe5 1fdd1fe9
1451700 1fe31fe1 1fea1feb 1fec1feb 1fec1fe4
1451720 1ff21fe9 1fed1ff6 1ff01ff5 1ff91ff1
1451740 1ff21ff2 1ff91ff5 1ff91ff9 1ff11fee
1451760 1ff51ff4 1ffa1ff6 1ffe1ff8 1ffe2005
1452000 1ffc1ffb 20042003 1ffa1ffe 20022008
1452020 20052005 1fff2006 20052009 200c2008
1452040 20062004 2005200c 20072003 20062006
1452060 20152011 20132014 20162011 2012201b
1452100 20162018 201c2017 2020201d 20172020
1452120 201f201e 201e201e 20212024 20182018
1452140 20142016 20132016 201d201d 201c201e
1452160 20242025 20272027 20222022 20232023
1452200 2025201a 20142019 20202021 20242022
1452220 20252021 2024201c 2027201b 20322026
1452240 20182026 202f2025 20202023 20292025
1452260 20272028 20282026 20252023 202b202a
1452300 2026202d 202b202c 202c2032 202f202c
1452320 202e2024 2028202c 20282027 202c202d
1452340 202d202e 202e2031 2029202f 202d2028
1452360 2033202e 2035202d 20322034 202f202c
1452400 202f2031 2030202f 202c2027 20282031
1452420 202e2033 202f2031 20322034 2034202e
1452440 2031202f 20322037 20332033 202e2031
1452460 2030202e 20342030 20322032 202b2030
1452500 20292035 202c202c 202d202b 20342031
1452520 202b2036 202e202f 20312026 2030202e
1452540 20322032 202d2033 202e2030 202a202f
1452560 202f2028 2028202f 202b2029 202d202f
1452600 2024202e 20222021 20282028 202b2033
1452620 20362030 20372038 20302030 20342034
1452640 2029202f 2023202c 20262024 202b202a
1452660 20272029 2034202a 2030202d 2031202a
1452700 202a2029 20312028 2026202a 2029202a
1452720 202a202a 202c2028 2027202b 20242027
1452740 2024202c 20272026 2029202a 20202018
1452760 201b2022 201f2017 201b201f 20172021
1453000 20232023 201c201d 2016201f 20162018
1453020 201e2015 201c201a 201a2019 201e201a
1453040 201a2018 20172013 20102016 20142012
1453060 200c2017 20152010 20172012 20102010
1453100 20112010 200a2016 20091fff 20122010
1453120 2006200d 200f200e 200c200b 2014200c
1453140 200a2009 2008200a 20042009 2006200b
1453160 20092005 200f200f 2010200d 20072009
1453200 200f200d 2008200a 20052004 1ffe2000
1453220 200a200b 200b200e 200a2009 20052006
1453240 20001ffc 1ffd1ffb 1ffd2001 1ffa1ffd
1453260 20031ffd 1ffe1ff8 20002002 1ffe2005
1453300 1ff81ff8 20001ffc 20062004 1ffd1ffa
1453320 1ffe2001 20001fff 1ff71ff8 1ff61ff2
1453340 20011ff9 2004200a 20022003 20042001
1453360 20032005 20022001 1fff1ffe 1ffa1ffd
1453400 1ffb1ff9 20001ffa 20011fff 1fff2000
1453420 1ffe1ffa 1fff1ffd 1ffe1ffb 20001ffc
1453440 20052002 20052002 1ffb1fff 20001ff9
1453460 20092004 200a2014 20092003 1ffe2006
1453500 20062003 200b200c 1ffc2009 20022004
1453520 1ffd2001 200a2004 200b2011 2004200a
1453540 1fff2002 20081fff 20062004 20052008
1453560 20072009 20092008 2010200a 20152014
1453600 20142019 200f2013 200f2010 20162014
1453620 20112011 200c2012 201e2013 201a2016
1453640 201c201b 2013201e 201a201a 201b2019
1453660 2018201d 2021201e 2022201e 201e2024
1453700 201c2022 201f201e 20252020 20282028
1453720 2023202c 20232023 202e2027 2035202d
1453740 2032202d 202f203b 20342034 202c2032
1453760 20302030 20352031 20372039 2033203c
1454000 20382030 2045203a 203c203f 203e2041
1454020 2041203e 20422044 20492043 2048204d
1454040 2040204c 20432047 2043203e 20482041
1454060 20422048 20442048 2052204c 2054204d
1454100 205d2055 20592057 2056205b 2059205f
1454120 2054205c 205a2057 205e205b 20672069
1454140 206f2068 20662066 206c2061 206d206f
1454160 2064206c 20662068 206d2064 206c2063
1454200 2068206c 206b2063 206b2071 206b206c
1454220 20792071 206c206d 20742076 2080207e
1454240 20752079 20772074 20802082 2084207f
1454260 207f2082 207d2078 207a207b 20842080
1454300 20822086 2092208d 20902090 2090208e
1454320 20892083 208b208b 20912093 2097208e
1454340 20922092 20902091 20902092 208e2092
1454360 2091208d 209a2090 20922091 20952096
1454400 209f209c 20a420a4 20a5209d 20a2209b
1454420 20a5209b 20a320a7 209f20a2 2091209b
1454440 20942098 209a209e 209e209e 20a92097
1454460 20ab20ae 20a7209d 20a120a3 20ac20a9
1454500 20ab20ab 20a920a8 20a820ac 20a820b3
1454520 20aa20b2 20ac20ae 20a820ae 20a620a7
1454540 20a920a1 20ad20b1 20ae20ae 20ad20ae
1454560 20b120b3 20b720b8 20b720b5 20ad20b4
1454600 20b220b2 20af20ab 20ac20ac 20b020ac
1454620 20af20b4 20b720b4 20ba20b7 20b420bb
1454640 20b920b8 20bc20b9 20b020b2 20ad20b1
1454660 20b020af 20b320b4 20b820b5 20ba20b4
1454700 20b820b5 20b820b6 20b320ba 20b120af
1454720 20ac20b8 20b320b1 20b820b6 20b420be
1454740 20b520b6 20ad20b6 20c020b5 20b920bb
1454760 20b420b7 20bb20ba 20b520c1 20b320b9
1455000 20bc20b7 20b820b5 20be20bd 20b820ba
1455020 20ba20bc 20b620b6 20b820ba 20b220b2
1455040 20b220b1 20ab20ac 20ab20ad 20b020aa
1455060 20ac20ab 20b220a9 20b720af 20b120b6
1455100 20b620b2 20b120a9 20b520b6 20be20b6
1455120 20bd20c0 20b920b9 20b620ba 20b420b2
1455140 20a420b3 20a820a6 20a620ae 20b420b2
1455160 20a920a9 20a820aa 20a620ab 20ae20ac
1455200 20a820ac 20b120a8 20a920b1 20a320aa
1455220 209f20a6 209f20a8 20a6209b 20a020a2
1455240 20a220a7 209f20a8 20a720a6 20a320a0
1455260 209b209f 208b209c 20972092 20992098
1455300 2097208f 20942093 208c2094 2092208f
1455320 2093208f 20912097 20942091 208c208d
1455340 2091208e 208a208f 2084207b 208b207e
1455360 208b2088 20832083 207a207e 20812074
1455400 2084207e 207c2086 20882083 207b208b
1455420 2082207c 2082208a 20732081 2085207b
1455440 207d207c 20832081 2075207c 2075207d
1455460 2081207d 207c207d 2081207d 207f2081
1455500 207c2081 207d2086 2078207a 20752079
1455520 20752077 2081207c 20742079 206e206e
1455540 207b207d 20742070 206f2076 20722073
1455560 207c2076 2075206d 206f2075 20692071
1455600 2068206f 2071206d 2074206f 20762073
1455620 206f2075 20782077 20722071 20752074
1455640 206d2078 206f206f 206f2071 206d2073
1455660 2075206b 2073206f 2069206d 2073206d
1455700 2075207b 20762075 2076207a 20722074
1455720 206b2070 206e206d 2077206e 20742072
1455740 20722071 2076207c 20782078 20702077
1455760 20792077 20742079 20742074 20752076
1456000 20782076 207d2080 207a2078 20802077
1456020 207c207d 2080207c 2077207f 20772077
1456040 207f207e 2081207e 20842082 207c2086
1456060 2083207a 20802081 207b207f 2081207c
1456100 20802084 20822080 20862086 208b2086
1456120 2091208e 20952096 20942097 2087208d
1456140 208f208f 20892088 20872090 20892088
1456160 209a2094 209a2096 209c2097 2097209a
1456200 20942096 209b2097 20992098 20a3209b
1456220 209f209e 209f209c 20a72099 20a0209f
1456240 20a020a3 20a020a2 20a620a1 20a820a6
1456260 20a520a8 20ae20a6 20a420a8 20a420a8
1456300 20a720a9 20aa20aa 20b720ad 20b720b6
1456320 20b920bc 20bd20bc 20b520bc 20b320b3
1456340 20b720b5 20b520b6 20bc20b7 20c420bd
1456360 20c220c4 20c120c2 20bf20c4 20bf20c8
1456400 20c420c1 20c420c0 20cc20cb 20d020cd
1456420 20cf20d5 20cd20cd 20d620d0 20d820d2
1456440 20d220d5 20d420d7 20d720d2 20de20d5
1456460 20d520d9 20d420d8 20de20db 20e020dc
1456500 20e220e2 20ea20e2 20e220e7 20e320e2
1456520 20e520e2 20e020e1 20e320df 20db20e7
1456540 20e920e0 20ea20ee 20eb20ee 20e920f0
1456560 20ed20f1 20ea20eb 20ee20eb 20ec20f0
1456600 20f020ef 20f320f8 20f720f2 20f320f4
1456620 20f520f6 20f820fd 210320fe 210a20ff
1456640 21082106 20f62101 21062101 21012107
1456660 21062108 210b210f 21052111 21052108
1456700 21022106 21022103 210a2105 21162106
1456720 210b2113 21082109 2108210a 21052100
1456740 210720ff 2112210c 2110210a 210f2111
1456760 2117210f 2118210f 211e211b 21152116
1457000 210e2119 2111210f 21192116 21152118
1457020 2118211b 21152119 21192114 21152113
1457040 21172116 21172117 211a211c 21192118
1457060 211f2117 211e211e 211e211c 211a2120
1457100 211e211b 2123211d 21232118 2123212b
1457120 21252121 21252124 21252121 21232120
1457140 211d2118 21262120 2127211c 21252124
1457160 21252126 211d2124 21202123 211c211d
1457200 211f211c 21262124 21222126 212a212a
1457220 21232122 211c211d 21242121 21202126
1457240 2129212b 2125212b 21252125 21252127
1457260 2124212a 212b2126 21202126 211b211a
1457300 21212121 2110211a 21172113 21152118
1457320 211c211a 211e2117 211a211e 2116211c
1457340 211e2115 211d211b 211f2116 21252122
1457360 21172118 211c2117 21102119 211c2113
1457400 21192115 2116211b 211d2120 21172112
1457420 21122113 210d210e 210e2111 210f210f
1457440 210c2103 210d210c 210a2109 2110210f
1457460 210a2108 210a210d 210a2107 21042105
1457500 20fe2104 21062103 21082100 2106210a
1457520 210220fe 2103210b 210620ff 20fc20ff
1457540 20f420ff 20ff20fa 20fe2100 210120fe
1457560 20f620f8 20f320f5 20ec20f0 20f920f6
1457600 20ec20f8 20fa20ec 20f120f2 20fb20f5
1457620 20f220f1 20f020ea 20eb20e4 20f020e7
1457640 20e820ec 20e920e8 20e620e6 20e920e8
1457660 20e320e2 20de20e0 20df20e0 20e420e8
1457700 20e820e4 20e420e0 20dd20e2 20df20e2
1457720 20d820de 20dc20d6 20df20d7 20e420dc
1457740 20e520da 20e920e2 20f120e4 20e920ea
1457760 20e120e8 20e220e6 20e420e6 20d720db
1460000 20d920d1 20d620d0 20d220df 20d220d8
1460020 20d220d0 20ca20d6 20cc20cd 20cc20d2
1460040 20cc20cc 20d520d1 20ce20d3 20cf20ce
1460060 20d420d1 20dd20d7 20d620de 20db20d2
1460100 20dd20e2 20d820d9 20d720d3 20d820d4
1460120 20d520d8 20cd20ce 20d120cc 20d720d5
1460140 20d720d5 20d520da 20d520d0 20d020d7
1460160 20cc20dc 20d120cf 20c720cf 20d120d2
1460200 20ce20cb 20c620c9 20ce20ca 20d220d1
1460220 20cf20cb 20d020d2 20d120d4 20d220cd
1460240 20d320d3 20d120d1 20d820d2 20d220d0
1460260 20d820d2 20d620d9 20dd20dc 20e420e4
1460300 20d620db 20d820d6 20d420d5 20d520d3
1460320 20d120d4 20d320d4 20db20d3 20e120d3
1460340 20dc20e3 20e520dc 20e620ee 20e320e0
1460360 20e520df 20de20eb 20e320e1 20e220de
1460400 20e720e6 20e520e2 20ea20e9 20ec20ea
1460420 20e920e3 20ec20e4 20f120ea 20f120ea
1460440 20f720f3 20f320f6 20f020f1 20f020f6
1460460 20f020f0 20ea20ea 20ee20eb 20ef20ee
1460500 20f120f0 20f020f1 20f520f5 b010049e
1460520 00000f54 0001000a 00010000 03b16022
1460540 00000ffc 0001000a 1400003c add01f00
1460560 add01f01 add01f02 add01f03 add01f04
1460600 add01f05 add01f06 add01f07 add01f08
1460620 add01f09 add01f0a add01f0b add01f0c
1460640 add01f0d add01f0e add01f0f add01f10
1460660 add01f11 add01f12 add01f13 add01f14
1460700 add01f15 add01f16 add01f17 add01f18
1460720 add01f19 add01f1a add01f1b add01f1c
1460740 add01f1d add01f1e ff000134 00000020
1460760 00000002 b5b8cce4 00000001 deadbeef
1461000 f0000002 b5b8ccd0 2304f1de 00000000
1461020 00000134 00001f48 a011049f 222620fb
1461040 22202224 222d2221 22282224 222c2229
1461060 2230222f 22262229 2229222d 22232226
1461100 2224222b 22282221 2229222b 22262226
1461120 22202220 22282225 222c222f 222c222a
1461140 22302227 222d222a 22282228 2223222d
1461160 2229221f 22262225 221b2221 2220221e
1461200 221f2216 22262224 22262221 22282228
1461220 22212225 22232227 222a221f 22242223
1461240 2221221c 221c2226 22202222 2222221d
1461260 22212220 221e221f 22222221 22222221
1461300 22272221 22212222 22192220 22162225
1461320 22102215 22132213 22122212 22152211
1461340 2213221b 22112216 2214221e 22132211
1461360 22132213 220f2211 22122210 2213220e
1461400 22172210 22142215 22132211 221e220f
1461420 22182211 220a220e 220c2214 220c2213
1461440 220f2208 220b220e 22082209 220b220c
1461460 220b220d 21fe220c 22082207 22102205
1461500 2202220c 21fb2206 21ce21fe 20e8215a
1461520 2047208b 1ff92015 1fdf1fe7 1fdc1fdc
1461540 1fd61fd5 1fd51fd5 1fd81fd3 1fd31fd7
1461560 1fcf1fd4 1fcd1fcf 1fcd1fd0 1fd31fd9
1461600 1fce1fd0 1fd61fd2 1fce1fd0 1fd41fd0
1461620 1fcf1fd0 1fc71fcb 1fce1fc5 1fcb1fcf
1461640 1fc41fcd 1fc61fc7 1fbd1fc4 1fc71fbe
1461660 1fca1fca 1fce1fc6 1fc91fc7 1fc31fc9
1461700 1fbd1fbd 1fc21fbf 1fc01fbd 1fbb1fc8
1461720 1fbe1fc4 1fb91fc3 1fc21fbd 1fca1fc1
1461740 1fce1fc8 1fc51fc5 1fc21fc4 1fbb1fbd
1461760 1fbb1fb6 1fb61fba 1fbb1fbe 1fc01fc7
1462000 1fc31fc4 1fbc1fba 1fbe1fbb 1fb81fb9
1462020 1fbb1fc1 1fb81fba 1fc11fb9 1fbc1fbf
1462040 1fba1fc1 1fbe1fc3 1fc51fc0 1fc31fc5
1462060 1fc31fc5 1fc81fc3 1fcb1fcc 1fc51fc4
1462100 1fc51fc7 1fc61fc4 1fc31fc6 1fbf1fc4
1462120 1fba1fc2 1fc31fc0 1fbb1fc4 1fc31fc7
1462140 1fc61fc7 1fc31fbc 1fb71fb7 1fc41fbe
1462160 1fba1fc2 1fc81fcb 1fcd1fce 1fc61fcc
1462200 1fc91fc9 1fc81fc8 1fc91fca 1fcd1fd1
1462220 1fd21fce 1fca1fcd 1fca1fd0 1fcb1fd0
1462240 1fcb1fcb 1fcb1fc5 1fc81fc9 1fcb1fc8
1462260 1fca1fcf 1fce1fc6 1fca1fcd 1fd31fcc
1462300 1fd81fd7 1fdb1fd4 1fd11fd0 1fd61fd1
1462320 1fd21fcf 1fda1fda 1fe61fda 1fd61fe0
1462340 1fde1fd8 1fe51fe3 1fe81fe9 1fe21fe6
1462360 1fe41fda 1fe31fe5 1fe31fe3 1fe91fe5
1462400 1fe61fe9 1fe41fe1 1fdb1fda 1fe11fdd
1462420 1fd71fdd 1fe31fe4 1fda1fe1 1fe11fdb
1462440 1fe51fe1 1fe91fe7 1fe31fec 1ff31fea
1462460 1fed1feb 1fe61fe2 1ff11fee 1ff91ff3
1462500 1ffd1ffc 1ff51ffd 1ff71ff8 1ff71ffa
1462520 1ff61ff6 1ffa1ff7 1ffe1ffd 1ffe1ffe
1462540 1ff91ffb 1ff91ffb 1ff82001 1ffd1ff9
1462560 20002004 20032005 20072007 20002004
1462600 20042001 20022003 200a2003 20052008
1462620 200c200a 2014200d 201b2014 20132013
1462640 200e2010 200c200c 2010200a 200e200b
1462660 20082006 201e201a 20112016 20152018
1462700 20152017 20172015 201f2020 20252025
1462720 20252023 20222022 20212022 20232022
1462740 2022201e 202a2024 202b202b 20242029
1462760 201f202b 20222024 2031202f 202c202c
1463000 20272029 20222023 20262029 20312032
1463020 2032202d 2023202b 20242031 202e2026
1463040 2033202d 2037202d 202f2031 20352030
1463060 20382034 203d203a 2040203c 2035203a
1463100 203b203a 2042203f 203d2038 203b2037
1463120 2042203d 203b204a 20342033 2040203e
1463140 203c203a 203d203f 203b203c 2040203b
1463160 20412041 20412042 203c2041 203d2042
1463200 2040203b 2049203d 2044203d 20412048
1463220 203d2045 20442047 20402049 20492047
1463240 20492048 204d2049 204c2049 2055204a
1463260 20542051 20522057 204e2059 204a2048
1463300 204a2048 20552045 20502050 205b2059
1463320 20592059 20502056 20562052 204b2050
1463340 204d204e 2049204c 20532055 2058205c
1463360 20552054 20572053 20592049 204f2058
1463400 20542052 204c2058 20522050 20562054
1463420 2058204e 2057205c 20562057 205b205e
1463440 20552058 20592058 20552057 204f205a
1463460 20562059 20582058 205d2051 2057205a
1463500 205f2060 20642060 2062205c 205b205a
1463520 205b2058 20562051 205c2060 2056205a
1463540 205b2058 2062205f 205f205f 205a205f
1463560 205b205e 20582055 2061205f 205b205f
1463600 2065205f 20662063 205c2058 20592058
1463620 205b2058 20632063 20572064 205d2060
1463640 2058205a 205e205c 20592053 205b205b
1463660 205a2057 205d2056 20542060 20572055
1463700 20552055 2053204d 20512051 20552055
1463720 20522056 20592056 204f204f 2051204c
1463740 20562056 20552056 204f2051 20562050
1463760 205a2057 20512057 204d2055 204a204c
1464000 204b204d 20492048 2048204a 2052204b
1464020 20512050 204c204c 204a204f 20482052
1464040 20452047 204c204a 20522051 204c2052
1464060 204b204b 204f2055 204f204b 204e2045
1464100 20522051 20442058 204a2046 2049204d
1464120 204d2041 20462044 20422046 2041204b
1464140 20472040 20462048 20452044 20462047
1464160 2040204b 20482041 20442043 20432043
1464200 204b204c 203c2042 2042203f 2044203f
1464220 2044203d 203e203e 203f2040 20412046
1464240 20482047 2041203c 20432040 20442047
1464260 20462041 20402041 2040203b 20442048
1464300 2044204a 20462041 20422041 2042203f
1464320 203f2043 20462042 20472049 20452041
1464340 20372038 203a203e 2047203f 20432042
1464360 20502045 20462047 20442040 204d204a
1464400 20452046 20442043 2040203c 203b2041
1464420 20422042 20442047 20422042 20432041
1464440 20432043 20452046 204c2049 204e204b
1464460 204f204b 20452050 204b204b 2054204c
1464500 20462052 204d2048 20472049 204c204e
1464520 20512053 204e2052 204c2052 2051204f
1464540 2053204f 20512051 20522048 20552053
1464560 20562058 204e2055 2050204d 2050204d
1464600 204f204d 20592051 20602058 205e205c
1464620 2064205e 205c2060 20652059 20672062
1464640 205e205b 20612059 2050205b 205e2061
1464660 20562057 2064205e 20672064 20642065
1464700 205d2061 2062205b 2061205f 20622068
1464720 206a2066 20672061 206c2071 20632064
1464740 20662065 206e206a 2067206a 20792070
1464760 20742074 2071206d 206d206e 2068206d
1465000 20712071 20722069 206f2070 2077206d
1465020 206f2071 20702075 206e2072 207d2074
1465040 2077206f 20742078 20702077 207a2074
1465060 207d2071 207c207d 207b207b 207b207f
1465100 20742078 20752075 20772072 20772072
1465120 207d2078 207f207a 207d207e 20782081
1465140 207b207f 20792078 207c207a 207b207d
1465160 20822083 2076207a 2074207e 20762080
1465200 20772074 207f207b 207f207d 20832082
1465220 20822089 208b2085 207e2080 20882082
1465240 20832085 208d2089 208b2085 2093208a
1465260 208d2091 208a208e 208a208a 2088208b
1465300 208d2091 2089208e 20872091 208e208e
1465320 2086208a 2087208a 2081207d 208f2088
1465340 20882088 208f208b 2088208a 2082208c
1465360 20842089 20852086 2084208a 2080207e
1465400 208a2083 2088208d 20872091 208e2088
1465420 208a208d 2091208c 208d2090 208f208c
1465440 20932088 208d208e 20952092 209c209d
1465460 209b2098 20962097 208f2094 208f208b
1465500 2099209e 20922096 209d2094 209c209b
1465520 20942099 20922091 20952095 20962090
1465540 20942094 20972095 209f209e 20a020a0
1465560 209a2099 20952099 20992096 20a3209e
1465600 209c209a 209b209b 209820a1 209c2099
1465620 20a0209f 209f20a2 20a0209d 2099209b
1465640 209c209a 20a6209f 209f2099 209f209e
1465660 20a220a6 20a020a8 20a320a7 209f20a3
1465700 209f209e 209f2099 209d20a0 209f20a6
1465720 209d20a0 209d209c 209d2099 209a209e
1465740 209b209b 20a4209e 20a5209c 209e20a1
1465760 2098209e 20a7209e 20a320a6 20a720a1
1466000 20a120a2 20a020a1 209f20a6 209e2099
1466020 2099209a 20932099 20912096 20a120a2
1466040 209720a0 209f2097 209c20a0 20982090
1466060 20942091 20912097 20932093 20972098
1466100 209c209d 209e20a1 2096209c 20a2209d
1466120 20aa20a4 209e20a7 20a520aa 209820a0
1466140 20982091 209d209a 20a220a2 20a02098
1466160 20a120a1 209e209d 20932095 2097209a
1466200 2094208e 209f2095 20a22099 209b20a3
1466220 20972096 209e2096 20982095 209e209a
1466240 208d2092 20952091 2097209e 20952092
1466260 209b2094 20962096 208c2091 208e2092
1466300 2094208f 209e2092 20902099 20902092
1466320 208e2096 208c208a 208c2085 20902092
1466340 2090208c 2092208d 208b2096 2097208d
1466360 20982094 209e2097 2095209b 20982093
1466400 208f2094 208c208e 20892094 208d208c
1466420 208f2095 20952092 208c208b 2089208b
1466440 20912091 209d2092 209a2095 20902093
1466460 208f208f 208c208f 20902092 20942094
1466500 20912092 20932097 20912094 20982090
1466520 2091208e 20992091 209c209e 2093209a
1466540 209b2097 20952096 208c208f 20962097
1466560 208c2091 20922093 2091208f 20942095
1466600 20952095 20922098 209c2096 209c20a0
1466620 2097209e 20912094 2098209a 208f2096
1466640 20a12096 20a1209f 209920a0 209e209c
1466660 20992099 209c2093 209a2098 209f2099
1466700 20ac20a3 20a820ac 20a520a8 20a120a5
1466720 209a209b 20a1209d 20a3209e 20a720a8
1466740 20a420a5 20a820a8 20a820a6 20a620a7
1466760 20a420a5 20a120a9 20a720ab 20a820aa
1467000 20a920ab 20ab20a5 20a420a5 20a0209f
1467020 20aa20a3 20a520a5 20b220a6 20b020ad
1467040 20a620b3 20aa20af 20ad20ac 20ad20ad
1467060 20b020b0 20ab20ab 20aa20ad 20aa20ab
1467100 20a720a7 20aa20ab 20b020af 20b720b7
1467120 20b620b1 20bc20b9 20b120b6 20b520b8
1467140 20b620b8 20b920b4 20b820ba 20bd20bd
1467160 20c820bf 20be20c2 20ba20b7 20bc20bc
1467200 20bb20ba 20b620bb 20b520b9 20c320bc
1467220 20c020c0 20b620b9 20b720b9 20b720b9
1467240 20bb20b2 20be20b7 20b820bd 20bb20bc
1467260 20c420be 20b620c4 20c620c3 20c120c4
1467300 20c220c6 20be20c0 20bd20ba 20cc20c7
1467320 20c820ce 20ce20cf 20d120d3 20c520cb
1467340 20c720c6 20bd20c9 20c120c8 20c220c8
1467360 20c220bb 20be20c0 20c220c1 20cc20c7
1467400 20c920cb 20c920c8 20d520c9 20d420d2
1467420 20cb20ca 20cd20d2 20cd20cc 20ce20cf
1467440 20c720ca 20c220ca 20c920ca 20c420cd
1467460 20ce20c8 20c820c5 20c720c3 20c720c8
1467500 20ce20c7 20cf20cc 20c420c7 20c520c6
1467520 20c520c7 20be20c1 20cd20c3 20c720cc
1467540 20cd20ca 20c920cc 20cf20cd 20d620d0
1467560 20d820d5 20ce20d7 20c520c6 20ce20c8
1467600 20ce20c3 20d120d3 20c620cb 20cc20cb
1467620 20ce20ce 20cc20c8 20cb20c9 20c820c9
1467640 20d320d2 20cf20ce 20cd20c8 20cd20c8
1467660 20ce20d2 20cd20d2 20cc20cb 20d520d2
1467700 20d120d7 20cb20d1 20ca20cf 20d620ce
1467720 20d520d3 20d320cc 20cf20d0 20ce20d0
1467740 20d720d9 20ce20cd 20d420cf 20d020d2
1467760 20d120d7 20d620d8 20c820d1 20c320cb
1470000 20d220cc 20c920d3 20d220d5 20db20d1
1470020 20d620d4 20d120d2 20d620d6 20d620d1
1470040 20ce20ce 20cf20d0 20cd20cb 20d120cc
1470060 20ca20d4 20ce20c4 20ca20c5 20d120cd
1470100 20d420d0 20d220d3 20d620d0 20d820d5
1470120 20d520d5 20cf20d4 20cd20cb 20d320c9
1470140 20d020d0 20d220d3 20d920d4 20db20d7
1470160 20db20d4 20d820d3 20de20da 20dd20e2
1470200 20db20df 20d920d7 20cc20d3 20d120cc
1470220 20d120d4 20d120cd 20d420d3 20db20d1
1470240 20e020db 20d220d5 20d320d2 20d620dd
1470260 20d720d4 20d620d2 20d320d7 20d920d1
1470300 20dd20d9 20d220d9 20ce20d5 20cf20d1
1470320 20cf20ce 20d520d0 20d720d8 20dc20d6
1470340 20cf20d9 20da20d1 20d620ce 20d620d8
1470360 20d020ce 20d420cf 20d420d2 20d620d3
1470400 20db20d7 20d320d1 20dc20dd 20db20df
1470420 20e220e2 20d820d9 20d020cc 20c520ce
1470440 20c420c6 20cc20c9 20d020c8 20d320ce
1470460 20d220d8 20cb20d1 20d420d1 20ce20d0
1470500 20cb20d4 20c720cc 20cf20ca 20d220d1
1470520 20d720d1 20cb20d8 20d620d8 20d520d7
1470540 20d420d0 20c820d0 20cd20cf 20ce20d3
1470560 20d220d0 20d620d2 20dc20d8 20de20dc
1470600 20dd20d8 20d320d8 20d920d9 20d020d8
1470620 20d620d5 20d220da 20d420d3 20d520d5
1470640 20da20d9 20da20dc 20dc20db 20d820de
1470660 20dc20d8 20d320d8 20d820e0 20d720d5
1470700 20dc20d2 20e020db 20d320da 20d120d8
1470720 20d920d8 20e120da 20df20db 20e120df
1470740 20d420e0 20df20df 20da20de 20da20d8
1470760 20e020de 20e220e6 20eb20e9 20dd20e9
1471000 20e720e9 20e920e2 20e520e9 20e920e7
1471020 20e920e9 20ef20ee 20ec20f0 20f220f6
1471040 20ea20f3 20eb20f7 20f120ef 20f120f0
1471060 20e520ee 20ed20e6 20f120ed 20ef20e8
1471100 20ec20e8 20ee20eb 20ed20ee 20eb20eb
1471120 20ec20e8 20ec20f1 20f020f2 20f320f6
1471140 20f420f5 20ff20fd 20f920fb 20fc20fd
1471160 20fe20fc 20f820fa 20fc20fd 20f320f6
1471200 20f820f9 20f620fd 21002101 210b210a
1471220 210f210a 2102210b 2107210a 20fe2102
1471240 21052105 210f210d 210e2110 2114211a
1471260 21082113 210a2104 21072103 21062107
1471300 210f210c 210e2108 21112113 21132111
1471320 21102111 21172117 21162113 21142119
1471340 21122112 211a2110 211e211c 211a211c
1471360 211b2119 211c2118 211b2118 211d2122
1471400 211b211b 211e211e 211e211b 2115211f
1471420 211a2117 211f211e 211d211c 21152116
1471440 211d211a 211c211e 2120211c 21212120
1471460 2123211c 211b2126 2128212a 2126211b
1471500 211f2122 211e211e 2121212c 21222126
1471520 2123212b 212a2124 21222124 211d212a
1471540 211f211d 2124211f 211e211d 211d2122
1471560 21292124 212e2131 21302129 2131212b
1471600 212a2132 2124212b 21302128 212c212f
1471620 21272129 21282128 21312122 21322135
1471640 21302132 212e2128 212c2131 212c212c
1471660 2126212a 21232125 212e212d 212b212a
1471700 2130212d 21302135 212c2134 2124212b
1471720 21292124 2131212b 21382136 212d212f
1471740 2134212d 212b212f 212f2130 21372131
1471760 212e2134 21352134 2130212e 21302135
1472000 212c212f 212f212d 2129212d 21212120
1472020 211c212a 21272124 21212120 212d2121
1472040 212c2127 21262123 21242128 21272128
1472060 212b212a 21252126 2125212d 2127212a
1472100 21282127 21242126 21292124 21232126
1472120 2125212f 2129212e 212a212e 211b2125
1472140 211f211b 21222122 21282120 212d212c
1472160 2131212e 2127212d 212c212d 2129212e
1472200 212e212d 2120211e 2131212d 2129212b
1472220 212c2128 2128212a 21232124 212a2129
1472240 212b2128 212c2126 212a2122 2126212d
1472260 2128212a 21232127 212a2127 21252127
1472300 21232120 21202127 2121212a 2123211a
1472320 21222124 211d211b 211c2120 211c211d
1472340 2120211b 2124211b 21232122 21222123
1472360 21262123 2122211e 21202122 211e211c
1472400 211e211e 2119211d 211c211a 21222117
1472420 21222124 211e2121 211a211f 211d211c
1472440 211d2115 211d2115 21202125 2118211a
1472460 2117211c 21102115 210e210c 210b2114
1472500 2111210d 21142118 211c2115 21112117
1472520 21122110 210e211a 211c2117 211b211a
1472540 211b2117 21162119 21122112 2111210e
1472560 210e210f 210f2107 2107210b 2109210d
1472600 210b210c 21072109 21022104 21082109
1472620 210a210c 210d210c 210a210d 210d210c
1472640 2102210f 21032106 21072104 21092103
1472660 21032106 21002102 2107210a 21092103
1472700 210720fc 21072104 210a210a 20fe2101
1472720 21012104 21062100 210c210a 21072110
1472740 2104210f 21042106 210a2105 21062100
1472760 2105210a 20fe2108 21022101 21042101
1473000 21022106 21022108 210c2107 21082103
1473020 210b2102 21062105 210320fd 21042104
1473040 20fd20ff 21072101 21052106 21032102
1473060 2106210e 21032104 21082100 2101210b
1473100 21072107 2101210a 20fc2103 210020fd
1473120 21032100 21052105 210b210a 2111210c
1473140 210e2109 210f210f 2104210d 20fe2106
1473160 2111210e 210c2106 21112112 210f2114
1473200 21082111 210b210b 210b210b 210c2110
1473220 2109210c 21192117 211d2119 2122211d
1473240 21142114 21102116 2114211f 211a2116
1473260 211d2121 2117211b 21172119 211b211c
1473300 211b211a 211b2119 2125211c 21252129
1473320 211f2124 211e211c 211f2121 2122211f
1473340 211f2124 21212127 21242125 21272120
1473360 21232123 21252128 21292127 212b2128
1473400 21252126 212c2122 212f212e 212f212a
1473420 21362135 212d2131 213e213a 212d2134
1473440 21392138 2139213c 21342133 213a2134
1473460 21392136 213a2138 2138213c 213f2137
1473500 21402142 213c213d 213f213f 213a2141
1473520 213b2137 213d2143 2143213d 21492140
1473540 213f2148 214b214b 21492147 214e214f
1473560 21492149 21492148 214d2146 214f2150
1473600 2150214d 214f214c 214e214e 21502146
1473620 2150214f 2152214e 214b2156 215a215a
1473640 215e2157 21522156 21562152 21532156
1473660 21532155 21542156 215f2154 21582166
1473700 215e2154 2161215a 21562159 21592159
1473720 21552159 21542159 21552154 21622154
1473740 215e215c 215c215f 21622169 2163215e
1473760 21622161 215c215f 2161215a 21662165
1474000 21632167 21612160 21612160 2168216b
1474020 21682167 2162215f 21692164 216f216e
1474040 216e2170 2167216f 21662167 216a2163
1474060 21622164 2161216a 21702166 2174216e
1474100 216f216f 21662166 21632165 21632163
1474120 216e216b 2172216a 21712179 21622173
1474140 2168216f 2164216e 216b2163 216e216b
1474160 215e2164 21662167 21632163 21642161
1474200 21602167 21642168 21632166 21632162
1474220 216a2160 2170216f 21722176 216f2177
1474240 21652168 216e216e 2168216a 2168216f
1474260 216a216e 21682166 21662169 2165216d
1474300 21642169 216a216d 216e2169 216d216b
1474320 2164216f 2168216a 216a2173 216d216b
1474340 216e2169 21682167 216c216b 21692166
1474360 216a2163 216c2168 216d216c 216b2166
1474400 21742166 216a216e 21672167 2165216f
1474420 21692162 216c2167 216b216d 216d216b
1474440 2161216c 21652162 21652167 2161215f
1474460 2160215b 215f215d 21662165 21622166
1474500 215e215f 21632166 215c2168 216e216c
1474520 2160216a 21632161 2164215f 21642162
1474540 215e215d 2163215c 2158215e 2159215b
1474560 21582158 2155215b 215d215f 21632159
1474600 215d215a 214f2155 21552155 215c2156
1474620 21622159 215a2157 2153215b 21562153
1474640 2150215a 214e214c 215b2147 21572156
1474660 215e2157 214e2157 214e214e 2152214e
1474700 21542153 21512157 21572151 2158215a
1474720 21562154 21512155 21512155 21512156
1474740 214e2154 214f2151 214c214f 214b2145
1474760 214a214b 2151214c 214c214c 2145214e
1475000 21462148 21442148 21422143 21462149
1475020 2146213f 213e2148 213a2140 213e213b
1475040 21372138 21352135 213c2136 21412142
1475060 213c2142 213e2139 213f2142 213e213d
1475100 2136213a 21392135 213e213c 21462148
1475120 213a213a 213c2140 2133212b 21392132
1475140 21372138 213b213b 213c213c 213d2135
1475160 21362135 212c212f 212f212e 21342134
1475200 21322134 21362134 21312135 21322137
1475220 21302137 21322137 212f2134 212d2132
1475240 212b2128 212f212b 212a212a 21322130
1475260 213b212f 2138213a 212f2135 212c212d
1475300 212d212e 212b2130 2128212b 212c2134
1475320 212e212e 213b2131 212c212e 212d212f
1475340 21342130 21302135 212e212c 212b2128
1475360 212d2128 21372138 2132212c 21332132
1475400 2131212f 2133212f 21302139 212e2131
1475420 213a2135 21372131 21312134 2139213a
1475440 2139213a 2144213b 2139213e 213a213e
1475460 21322139 21342134 21362138 2139213a
1475500 213a213d 213e2138 21372135 213e2138
1475520 213f213b 213a2146 213e2141 2140213b
1475540 21432142 21452146 21452141 214d2149
1475560 21472146 21432145 214b2142 21452148
1475600 21452144 21442141 21492143 2148214a
1475620 2150214e 21532151 21442148 214c2149
1475640 213f2140 21472146 21492142 214f2147
1475660 214e2150 21502152 214d2151 21522153
1475700 21592152 21562155 21532155 21532156
1475720 21572151 215b2153 21542153 21592158
1475740 21552153 2160215c 2160215f 215a215c
1475760 21632161 21652165 21652164 21622169
1476000 21652166 215f215e 215f215d 21642162
1476020 216d2166 216d2169 21712170 21672173
1476040 216a2165 216b216a 21712169 216c2168
1476060 216a216d 2163216a 21682168 2172216f
1476100 216b216c 216f216d 21762171 21712178
1476120 2176216f 21752175 217c2179 21762178
1476140 21722178 21782176 21732179 21752171
1476160 21742172 216d2175 217c2171 217a217a
1476200 217b2177 2179217d 21752175 217a217b
1476220 2178217b 217e2179 2180217f 21812183
1476240 218a218b 21822183 21832184 217f2182
1476260 21852180 218d2184 218b2189 2189218a
1476300 2184218d 218f218e 21932187 218f218f
1476320 2189218f 218b218f 218b2184 218c2190
1476340 2188218f 218d2188 21842190 21822182
1476360 21892180 21862186 218b2188 2188218d
1476400 218c218b 2190218d 218c218b 218b218e
1476420 218c218a 21852183 21872182 21892188
1476440 218d218f 218c218c 21842186 218d218c
1476460 218b218e 21982193 21922196 218b2190
1476500 218e2192 2185218b 21882185 21922190
1476520 218b218d 2192218d 2190218d 218f2191
1476540 218f2192 2198218b 219f2195 219a219b
1476560 21942197 218a2191 21882188 21932192
1476600 218b218d 21902192 21932199 218b218c
1476620 218d218d 21912185 2190218c 21892191
1476640 21932190 21952191 21922195 218b218f
1476660 218c2195 21882184 21892188 2193218f
1476700 218d2191 21902193 218b218c 21842189
1476720 218d218b 21882189 21862188 2188218f
1476740 2190218a 2195218b 21872191 218d218a
1476760 21902196 2189218e 2191218f 21862187
1477000 218d218d 21882187 218f2182 21862189
1477020 2188218a 2186218e 218a218a 21902187
1477040 2187218e 218a218b 218c2188 21832185
1477060 2191217e 21862190 2189218e 2186218a
1477100 217a217d 21832180 2180217c 21812181
1477120 2184217e 21812182 2187217f 21822186
1477140 21872184 217d217d 21812182 21832183
1477160 217a217c 2180217a 217c2180 217e217f
1477200 2181217f 217d217f 2179217c 2177217c
1477220 21732175 2178217c 2183217d 21812182
1477240 21712178 21782171 217a2179 21782177
1477260 217b2176 217f2184 217a2182 217c2178
1477300 21772178 217d2174 217d217a 2178217a
1477320 217e216e 217a217c 21752176 21792176
1477340 21732172 21762170 2171216e 2171216e
1477360 21662170 21752170 21762174 21772173
1477400 2177217e 21752174 21742177 21782172
1477420 2174216f 21712174 21752172 216d2172
1477440 216b216c 2167216a 21722173 21722176
1477460 216a216e 216d216b 216c2170 21692168
1477500 216c2172 216c216e 2176216d 216e2172
1477520 21672170 2169216b 216c2165 21742169
1477540 2174216f 21712172 216e2173 216a2172
1477560 216e2169 216f215d 21742175 216d2170
1477600 2173217a 21732171 21722174 2175217f
1477620 217d2179 21792179 217a2179 217a2178
1477640 21712179 2178217f 2176217b 217e2177
1477660 217d217a 2179217c 217a2180 217e217c
1477700 217e217b 2178217c 2175217c 2179217a
1477720 217b217d 2182217f 217e2184 21792182
1477740 217f2184 2181217f 218c2182 2186218a
1477760 21852182 21852185 218a2182 2192218b
1500000 00003fe8 0001000a 000120c4 000afe43
1500020 00000003 00000000 63e50c6f 0000038a
1500040 00000001 00001004 000020c4 00000000
1500060 000000b0 0001000a 218a218a 2184218e
1500100 21822188 218b2185 218f2182 21862188
1500120 218d2185 21872189 2194218c 21892185
1500140 218b218c 218f218a 218f218c 218e218d
1500160 2190218a 2194218a 21922190 21942195
1500200 2194219a 21922191 21962197 219e2198
1500220 219621a1 21902194 219e2197 219c219a
1500240 21912191 219e2198 219c2198 219d21a1
1500260 219f21a0 21a121a4 219e21a2 21a1219b
1500300 21a0219d 219f2199 219b21a0 219d219f
1500320 21a521a8 21a821a4 219f21a9 21a321a1
1500340 21a221aa 21a521a8 21a521a0 21a021a5
1500360 21a521a5 21a621b0 21ae21b4 21ad21a7
1500400 21b021b4 21aa21ad 21a821a4 21ad21ac
1500420 21b521b2 21b021b2 21ad21a9 21a821ab
1500440 21a921aa 21ad21a6 21a121a3 21a321a4
1500460 21ac21ab 21a521a4 21a421a5 21aa21aa
1500500 21a921aa 21ad21ae 21a721a2 21ac21aa
1500520 21b321ae 21bd21b3 21b921bb 21af21b0
1500540 21b321b2 21b321af 21b621b9 21b121b9
1500560 21a921af 21b421ab 21b421af 21b321bb
1500600 21b221b3 21b121b8 21b121b1 21ad21a9
1500620 21ad21b5 b011049f 00001004 0001000a
1500640 00010000 03b16023 00000ffc 0001000a
1500660 1400003c add01f00 add01f01 add01f02
1500700 add01f03 add01f04 add01f05 add01f06
1500720 add01f07 add01f08 add01f09 add01f0a
1500740 add01f0b add01f0c add01f0d add01f0e
1500760 add01f0f add01f10 add01f11 add01f12
1501000 add01f13 add01f14 add01f15 add01f16
1501020 add01f17 add01f18 add01f19 add01f1a
1501040 add01f1b add01f1c add01f1d add01f1e
1501060 ff000134 00000020 00000002 b60f7df7
1501100 00000001 deadbeef f0000002 b60f7de3
1501120 2505e5e6 00000000 00000134 00001f48
1501140 a01004a0 21c621b0 21c621c6 21c521c8
1501160 21c221c4 21c921c4 21bf21c0 21be21c2
1501200 21c421bf 21bf21c4 21c321c4 21c121bb
1501220 21c021c0 21bf21c4 21b521b7 21c121c0
1501240 21c221c5 21c121c2 21bf21c0 21be21c1
1501260 21c321c0 21c421c7 21cc21cd 21c721c9
1501300 21c121ca 21cc21bf 21c021c8 21c621be
1501320 21bd21bb 21c321c0 21cb21ce 21cd21cb
1501340 21d021cc 21c721c6 21ce21cc 21ca21cc
1501360 21c721cb 21c021c3 21ca21c4 21cd21d1
1501400 21cd21d1 21d121d0 21d021d1 21d421d3
1501420 21d421d3 21d621d6 21db21d6 21da21d7
1501440 21d621d4 21d421d2 21d821d8 21d621d9
1501460 21d821d2 21d421d4 21da21dc 21d521d5
1501500 21d221d0 21e221d8 21de21e2 21df21d8
1501520 21da21dc 21db21d6 21d521dc 21db21dd
1501540 21e321df 21df21e9 21df21ea 21e821db
1501560 21e521ed 21ea21ea 21ec21f7 21ec21ec
1501600 21eb21e8 21ec21ec 21ef21ef 21e921f0
1501620 21a721ec 20b32128 20002046 1faa1fce
1501640 1f891f97 1f831f84 1f821f7d 1f841f84
1501660 1f811f82 1f811f7c 1f791f7e 1f7f1f7c
1501700 1f7f1f7c 1f791f7c 1f7b1f74 1f761f77
1501720 1f831f7f 1f771f87 1f7d1f7d 1f831f86
1501740 1f811f82 1f841f7d 1f7a1f82 1f7f1f7e
1501760 1f861f7f 1f8d1f86 1f8f1f87 1f841f8b
1502000 1f8d1f8c 1f861f92 1f8b1f88 1f8e1f87
1502020 1f881f8b 1f961f87 1f8a1f95 1f951f8c
1502040 1f871f8b 1f861f90 1f8c1f89 1f8a1f8b
1502060 1f8d1f86 1f8c1f8a 1f8c1f8e 1f921f90
1502100 1f911f97 1f911f91 1f991f93 1f9b1f93
1502120 1f931f94 1f961f95 1fa01f96 1fa01f9c
1502140 1fa71f9f 1f9e1f9b 1f981f99 1f9d1f9c
1502160 1f9c1fa2 1f9e1f9e 1f981f9a 1f9e1f9c
1502200 1fa01fa0 1fa21f9f 1fa41fa0 1faa1fa8
1502220 1fa31fab 1faa1faa 1fa81f9e 1fa01f9b
1502240 1f9a1f9b 1fa21fa1 1fa21fa1 1fa21fa9
1502260 1f9f1fa0 1fa71f95 1fab1fac 1faf1fa8
1502300 1fb41fad 1fb11fb4 1faa1fa6 1fad1fa9
1502320 1fa61faa 1fa31fa5 1fa81f9e 1fa91faf
1502340 1faa1fab 1fa81fad 1faa1faa 1fb11fab
1502360 1fa61faa 1fac1fab 1fa81fa8 1fa41fa2
1502400 1fab1fa8 1fb21faa 1fa71fae 1fad1fa9
1502420 1fa91fb4 1fad1fa9 1fab1faa 1fac1fae
1502440 1fa91fab 1fa61fa9 1fa81fac 1fa71fa5
1502460 1faf1fae 1fba1fb3 1fbc1fb2 1fb51fb5
1502500 1fb31fb9 1fb51fb9 1fb31fb7 1fc01fba
1502520 1fb41fb7 1fb01fb5 1fae1fb2 1fb91faf
1502540 1fb91fb8 1fbb1fb1 1fae1fb9 1fb11fb3
1502560 1fab1fad 1fb41fae 1fae1fae 1fb11fad
1502600 1fae1faf 1fb21fb1 1fb91fb5 1fb91fb6
1502620 1fb21fb9 1fb11fb0 1fb01fac 1fb21fb3
1502640 1fb01fbb 1fb01fb3 1fb81fb8 1fb11fb6
1502660 1fb01fac 1fa81fab 1faa1fac 1fb21fb4
1502700 1faa1faa 1fb71fb2 1fb01faf 1fab1fb1
1502720 1fac1fb5 1fad1faf 1fb01fa8 1fb11faf
1502740 1fb11fb0 1fb11fb3 1fb41faf 1fb11fb1
1502760 1fae1fa3 1fab1fb1 1fa61fad 1fa71f9d
1503000 1fa81fa9 1fa71fa2 1fa81fb2 1f9e1faa
1503020 1fa21f9d 1fa31fa4 1fa81fa3 1fb01fa9
1503040 1fb71fb3 1fac1fb1 1fa91fb0 1fa41fa2
1503060 1fa61fa0 1fa71faa 1fa61fa4 1f9e1fa3
1503100 1fa91fa3 1fa31fa9 1fa51fa8 1f9e1fa7
1503120 1fa91f9e 1fa61faa 1fa31fad 1fa51fa3
1503140 1fa71fa1 1fa91fa4 1fa01fa3 1f9e1fa2
1503160 1f991f9d 1f9a1f95 1fa51f9b 1fa71fa8
1503200 1f9f1fa1 1fa11f9e 1f9c1fa2 1fa01f9c
1503220 1f991f9d 1f9a1f99 1f931f9b 1f931f91
1503240 1f921f94 1f921f99 1f901f90 1fa21f90
1503260 1f9d1f95 1f9f1fa0 1f961f9b 1f911f99
1503300 1f991f93 1f9a1f9a 1f981f97 1f971f9e
1503320 1f951f93 1f991f96 1f981f9a 1f9b1f90
1503340 1f9e1f96 1f981f9a 1f931f9b 1f8c1f8f
1503360 1f931f91 1f941f97 1f971f98 1f9a1f99
1503400 1f9e1f9e 1f9b1f9c 1f951f95 1f951f95
1503420 1f9a1f99 1f9d1f9f 1f9b1f9e 1f951f9a
1503440 1f921f92 1f951f91 1f971f93 1f9b1f95
1503460 1f981f96 1f9e1f9b 1f911f97 1f911f95
1503500 1f961f93 1f9d1f9d 1fa21fa4 1f9a1f93
1503520 1fa01fa1 1fa01f98 1fa11f9c 1f9f1fa4
1503540 1fa01f9a 1f951f9c 1f9c1f97 1fa01f9d
1503560 1fa11fa4 1fa31faa 1faa1fa6 1fa31faa
1503600 1fa71fa0 1f9f1fa7 1fa51fa4 1fa61fa7
1503620 1fa21f9c 1fb11fb0 1fa81faf 1faa1fab
1503640 1fab1fa8 1faa1fac 1fb21fad 1fa41fb0
1503660 1fab1faa 1faf1fa3 1fb31faa 1fab1fab
1503700 1fb21fb5 1fb31fb4 1fb51fb6 1fb71fb9
1503720 1fbb1fb8 1fb81fc1 1fbd1fba 1fc91fc5
1503740 1fc71fc0 1fba1fbe 1fc31fc2 1fc61fc0
1503760 1fc71fc4 1fc51fbc 1fc01fc7 1fc91fc4
1504000 1fc31fca 1fc21fbe 1fc91fc3 1fc91fc5
1504020 1fbe1fc6 1fcb1fcd 1fcc1fc9 1fcd1fca
1504040 1fca1fcb 1fc41fc7 1fc41fcb 1fca1fce
1504060 1fd21fcc 1fd71fcf 1fd01fd7 1fd31fd6
1504100 1fd41fd1 1fd71fd5 1fd51fd8 1fd41fda
1504120 1fdd1fde 1fdb1fdd 1fdf1fe4 1fde1fda
1504140 1fe61fe0 1fec1fe5 1fe21fe5 1fe71fe1
1504160 1fe41fe4 1fe61fe5 1fe91fea 1fe61fe8
1504200 1fea1fef 1fe81feb 1fe41fec 1ff31ff3
1504220 1ff61ff6 1ff61ff3 1ffb1fff 1ff01ff8
1504240 1ff71ffe 1ffc1ffe 1ff71ff7 1ffe1ffd
1504260 1ff51ff9 20012000 20072000 20002003
1504300 1ff81ff9 1ff81ffa 20002004 2009200c
1504320 20022004 1ffd1fff 1ff71ff9 1ffc1ffb
1504340 20082006 20112008 200e200e 2008200d
1504360 20042001 20022006 200d2005 200b2006
1504400 20092006 200d2011 20012008 20112008
1504420 2007200f 20112014 20132009 200c200f
1504440 2013200e 2019201a 2019201a 201e2026
1504460 201e201e 201c2017 20242025 20192022
1504500 20222023 2020201d 2029202a 20202021
1504520 201b201a 20242026 2024201e 201f2017
1504540 2016201a 201a201e 201d2016 20192019
1504560 201d2019 201c201d 2019201b 202c2022
1504600 201e2025 2019201c 201e2014 2023201f
1504620 2024201f 2020201d 2020201d 2023201c
1504640 201f2022 20262027 2025202b 20242020
1504660 20282022 20242026 20242023 20222024
1504700 2020201c 20292020 202a202b 2024202a
1504720 20272028 202b202b 202f202d 2022201e
1504740 20292027 20232027 202a202c 20252023
1504760 2031202b 20232030 202b2029 202a2035
1505000 202c202a 20322034 2027202c 20282027
1505020 20332026 2031202c 202d202c 202e202b
1505040 2028202a 20232025 20232025 20242022
1505060 2028202c 202e202c 202e202b 20322031
1505100 202a202b 20252024 202d2027 202d202f
1505120 202f202a 202f202f 20302030 20362036
1505140 20342030 202b2030 202a2026 202d202d
1505160 2031202e 2033202f 2029202e 2028202d
1505200 202b2027 201f202d 20212026 20252020
1505220 202e2028 2026202a 202a2026 202d2027
1505240 20272024 20242028 202a202c 202b2027
1505260 2029202c 20212024 20202023 20212027
1505300 2027201f 202c2024 202d2028 20222027
1505320 2020202d 20272024 202e202a 202c202c
1505340 20252029 202d2028 201e2024 2019201d
1505360 20182014 201d201d 201a201a 201b201a
1505400 20182018 201f2019 20222020 201e2024
1505420 201c2017 20172019 20112011 201a2012
1505440 20242021 20132022 20152012 200f2016
1505460 200e2006 2019201a 20122019 201b2013
1505500 20172012 201b2013 20152017 20102019
1505520 200f2011 200b2008 2007200f 200e200b
1505540 2007200a 200b200a 2010200e 20132015
1505560 20172018 20182014 2014201b 20102014
1505600 20062012 2016200e 201a2018 20172014
1505620 2011200f 20172013 2014201e 200d2018
1505640 2015200e 200f200f 200a200f 200c2010
1505660 200f2008 20152010 20112014 20102014
1505700 200f200d 20132012 2012200c 200e2013
1505720 200b2004 20102015 200e2016 200e200f
1505740 2014200a 200c200a 2009200f 2012200d
1505760 2010200c 20162012 200d2010 20142015
1506000 2014200e 20182013 200d2012 200f200e
1506020 20162014 2014201b 20112012 201b2015
1506040 20182020 20182019 201b2014 20172014
1506060 20142012 201b201a 20212022 20252022
1506100 20232023 201b201e 20182019 201d201d
1506120 201e2017 2022201b 2020201e 2017201e
1506140 201b201e 201e201d 20252025 202b202b
1506160 201c201c 20292027 2018201d 20232020
1506200 2024202a 202a2026 20302031 202b2028
1506220 202c2029 202b2027 202b202b 202f2031
1506240 202b2030 2031202a 20352032 20322036
1506260 20322035 2033202f 2029202c 2032202e
1506300 20302031 20342036 20302037 20402038
1506320 20412042 203d2041 20372037 20382037
1506340 203c2030 203b203c 203c2039 20422040
1506360 203d2043 20412043 20422046 20422044
1506400 20492042 20422041 20452042 20422047
1506420 20432043 204a2044 203d2045 204c203e
1506440 20462048 204e204c 204e2057 2050204c
1506460 204e204e 2050204c 204a2047 20482054
1506500 2048204e 204f2040 204c2048 2053204e
1506520 20532053 2062205d 205d205a 20562057
1506540 20512059 20572053 205a205c 205d205a
1506560 205c2062 20662068 205f2065 20642061
1506600 20662061 20622064 205e2060 205e2068
1506620 20532059 20602057 2066205c 206a2060
1506640 20682068 206c2068 20722067 20752071
1506660 206d206e 2074206c 206e2070 20742068
1506700 2077207d 207e206f 20792083 2070207c
1506720 206c2071 206d206b 20752075 206c206f
1506740 20742072 20782073 20762077 2073207a
1506760 20762077 20792073 20762072 2076207b
1507000 20782078 20792074 206a206e 207a206c
1507020 20812078 20822081 2083207e 2083207c
1507040 2082207d 207f207a 207f2079 20812080
1507060 20802075 207e2076 207f207f 20882086
1507100 20812089 20852089 208b2087 20872085
1507120 207f207e 207d207c 20812076 208b2088
1507140 20862090 208b208c 20882091 20832084
1507160 2086207e 20852084 208a2086 2085208d
1507200 208b208b 20902088 208a208c 2085208b
1507220 2088208f 20872081 20892087 20802086
1507240 20882086 20882084 2084208d 20862087
1507260 20882086 208d2087 208a2085 20882091
1507300 208f2087 2083208f 2084208a 20882084
1507320 2093208f 208d208b 20952090 20882090
1507340 208a208c 208f2091 2081208b 20872086
1507360 2094208b 208f2093 208e2091 2086208b
1507400 20892091 20982090 20912095 2091208c
1507420 20972094 2096209d 20912091 20912093
1507440 208c208b 2094208e 20932090 20962091
1507460 209b209d 20992095 2092208c 20882085
1507500 2088208c 20892088 2093208d 20992097
1507520 208d2097 208c2094 208d2096 2093208f
1507540 2089208a 20822089 208a2088 208c208c
1507560 20882086 20882088 208a2089 20882092
1507600 2083208c 208a2088 20832083 20832086
1507620 20802081 20842086 20862084 20852085
1507640 20812084 207a207e 20792082 2088207b
1507660 207e2083 207c207d 20832082 20882088
1507700 207d2085 207b2085 207a2086 2079207d
1507720 20842084 20882082 2087207f 207b2084
1507740 2076207c 2079207b 206f2075 207c207d
1507760 207a207e 207e207c 20822084 20782085
1510000 2085207e 207d207d 2079207e 2078207e
1510020 207e2077 20752071 207a2079 207e207d
1510040 20862080 20882087 20852084 20822088
1510060 207d2082 20862087 2085208b 20892081
1510100 2084207f 207d2082 20742079 20832075
1510120 20802082 207e207e 20802086 207b207b
1510140 208c2085 208a208a 20822085 207e2089
1510160 207f2089 20822083 20802080 20802084
1510200 207c2082 207c207b 20852080 20882083
1510220 208f208a 20822086 207c2086 207f207e
1510240 207e2083 2081207e 2081207f 20822084
1510260 2080207f 20812080 20822080 2082207e
1510300 207d2086 207e207e 2086208b 2080208a
1510320 20832085 20852083 208a2088 208c2089
1510340 208c208c 2084208a 20862084 208a2084
1510360 2092208b 2092208e 20932092 2089208b
1510400 208e208b 2087208c 208d208b 208c2088
1510420 20912090 20912091 20932091 208d208c
1510440 20882088 2091208d 20922092 2093208c
1510460 2096208e 20912099 20922097 2089208c
1510500 208d2092 208c208d 20892084 208f208c
1510520 20922092 20942093 20952096 20902098
1510540 208c2087 20972090 20982099 2096209d
1510560 208e2093 208d208b 208f2091 20942096
1510600 20902097 209b2099 20aa20a3 20a320a1
1510620 20a320a1 20972095 20a320a4 209c2098
1510640 20a220a8 20a4209e 20a020a6 209f20a0
1510660 20a720a8 20a620a6 20ac20a9 20a320a8
1510700 209c20a1 209b209c 20a4209d 20a2209e
1510720 20ac20a6 20a620ab 20a420a7 20a220a4
1510740 20a220a3 20a3209c 20a820ac 20ae20ae
1510760 20b420b5 20b020b0 20af20ae 20a320ac
1511000 20a620a7 20a3209f 20a320aa 20aa20a6
1511020 20a920a8 20a720aa 20a620b0 20a920a8
1511040 20a820aa 20ac20ab 20b120ab 20ae20b0
1511060 20b720ad 20ae20b0 20aa20aa 20b020ae
1511100 20b220b9 20bc20ae 20af20b5 20b120b2
1511120 20b120ba 20b120b4 20b520b3 20af20af
1511140 20b520b2 20c020b2 20b520bb 20b220ae
1511160 20b920b5 20ad20b5 20b720ab 20b120b5
1511200 20ba20b0 20b520b7 20b620b5 20b220ba
1511220 20bc20b6 20bc20bd 20bb20b8 20b520b5
1511240 20ba20c2 20c420be 20c120c3 20c120be
1511260 20c120ba 20c220c6 20bd20bb 20b520b3
1511300 20c020b8 20c620c3 20c220cb 20b920b7
1511320 20bb20b8 20bd20ba 20b720b4 20c320be
1511340 20bc20ca 20be20bc 20c220bf 20c720c1
1511360 20c620c8 20cc20c9 20c620c1 20cb20c0
1511400 20d020c4 20d120d5 20cd20cf 20c720c7
1511420 20c220c7 20cb20ca 20ce20d0 20c720cf
1511440 20c820c9 20c620c8 20cb20c9 20cc20cd
1511460 20d420cc 20cc20c9 20cd20cc 20d120d0
1511500 20d320d2 20d020d3 20cd20cd 20d320d1
1511520 20d920d9 20d920da 20cf20cb 20ca20d3
1511540 20cc20d0 20d220d3 20ce20d1 20d420d1
1511560 20db20d5 20d520d8 20d020c8 20cc20d1
1511600 20cc20cb 20d320d3 20cb20d6 20cf20ce
1511620 20d120ce 20ce20cb 20cb20c6 20cd20cc
1511640 20d420d3 20d620d4 20d820dc 20db20d8
1511660 20de20dd 20d720d8 20d720db 20d920d8
1511700 20e420dc 20d420dd 20cc20d4 20d820d1
1511720 20d520d3 20cf20d0 20cf20d3 20da20d4
1511740 20d220d4 20dc20d2 20e120db 20da20d8
1511760 20d920d9 20d520dc 20ca20cf 20ce20c9
1512000 20d120d1 20d520cf 20d420da 20d920cf
1512020 20d320c9 20ce20ce 20d020cf 20cc20ca
1512040 20d720d7 20d720da 20d720de 20d820d4
1512060 20dc20e2 20cb20d6 20d520cf 20d220d7
1512100 20d120cf 20c920cf 20ca20d0 20c920cb
1512120 20cf20cf 20d520d8 20cf20d2 20cf20d0
1512140 20d720cf 20d820d7 20d620d7 20d320d9
1512160 20e120da 20dd20d5 20d620d5 20d320d2
1512200 20d920d2 20d320d8 20d220d6 20da20db
1512220 20dc20da 20d220e3 20d720d6 20d720d4
1512240 20d320d7 20d720d1 20cf20cd 20d120d2
1512260 20d820d4 20d920d9 20d620db 20d320de
1512300 20d920d9 20d820d3 20d720dc 20d920d7
1512320 20d420d7 20d120cb 20d520d8 20da20d0
1512340 20d720dc 20d320dc 20d720d6 20d620d1
1512360 20da20d4 20d220db 20d120da 20d220d3
1512400 20d120cf 20d420d7 20d620d2 20de20dd
1512420 20db20df 20d320d1 20d920d6 20d520d3
1512440 20d520d6 20d720d8 20d620d2 20d820d6
1512460 20dc20de 20df20e1 20dd20d9 20e320da
1512500 20dc20e3 20d820d8 20db20d9 20d720d5
1512520 20dc20d6 20e220da 20e220dd 20dd20e0
1512540 20dc20db 20dd20d8 20e120e0 20dc20da
1512560 20d520de 20e120d4 20db20db 20e020d7
1512600 20d920de 20d020df 20df20db 20e520e4
1512620 20e520e8 20e320e6 20e520ea 20e720e9
1512640 20e220e6 20e320e1 20e520e5 20dc20e6
1512660 20e020e0 20e420e7 20e420e9 20e020e1
1512700 20e620db 20e420e7 20e720e7 20df20e6
1512720 20e020e4 20e120e7 20eb20e2 20e920e5
1512740 20e620ed 20e520e8 20e520e5 20e520e7
1512760 20e520ed 20e820ed 20e320eb 20e220ea
1513000 20e220e5 20e020de 20e620e6 20e120e4
1513020 20e620ed 20eb20ea 20e220e2 20ee20e6
1513040 20e620ef 20ef20f0 20f420f5 20f420f0
1513060 20f220f5 20ef20ef 20ee20f0 20ee20ed
1513100 20f320e3 20f020eb 20f020ee 20ef20eb
1513120 20f020f0 20f320f5 20ee20eb 20ef20ec
1513140 20f720f3 20e820f2 20e620eb 20ef20f0
1513160 20ed20f1 20f920fa 20f620f5 20ed20e7
1513200 20eb20ec 20f320ec 20f82100 20f720ed
1513220 20ee20ec 20ef20e9 20ed20f0 20ee20f5
1513240 20ed20ef 20f820ed 20f820f5 20f720fa
1513260 20ed20ee 20f520ef 20f820ee 20f420ee
1513300 20f120f4 20f020eb 20ee20f5 20f320ea
1513320 20fe20f8 20f020f7 20ff20fd 20f320f4
1513340 20f920f2 20f520f3 20f520fa 20fc20ff
1513360 20f220f1 20f220f0 20f320f5 20f320f2
1513400 20f220f2 20f420ee 20ee20ee 20f420f5
1513420 20f720f3 20f320f6 20ed20ee 20ec20eb
1513440 20ee20ed 20f220f1 20f720f3 20fb20f5
1513460 20f820f6 20f620f1 20f520fb 20f220f9
1513500 20f320f7 20f520f5 20f420f5 20f120f6
1513520 210020fc 20fa20fb 20fc2101 20fd20f5
1513540 20fb20fb 20ee20f3 20f720f4 20f120f3
1513560 20f720f0 20f020f5 20f520f5 20f820f8
1513600 20f620f3 20f620f5 20fc20fb 20fe20fb
1513620 20fd2102 21022103 21032103 20fa20fc
1513640 210320fd 210120fc 210420ff 21082105
1513660 20fe20fd 20fd2107 21082101 21052107
1513700 210120ff 20f620ff 20ff20fd 20fc20f1
1513720 20fc2100 20fd20fa 20fd2104 210420fc
1513740 21022106 21042105 210520fc 21022102
1513760 21082108 21012104 21092101 20fe2100
1514000 21072109 21012101 210920fd 2104210e
1514020 21092108 20ff210a 21052106 21012102
1514040 21082105 20fc2105 21052104 210f210f
1514060 21112110 2112210c 2115210f 210e210e
1514100 2109210c 210b2109 21092108 21042102
1514120 20fe2105 210120fb 21062100 2104210a
1514140 210a210b 2108210d 210f210f 2116210d
1514160 21102111 210f210d 21082109 21022108
1514200 210420fc 21062104 2107210b 21072108
1514220 21042107 21042109 210b2103 21092107
1514240 21042108 21012107 210a2110 210e2110
1514260 20fe2102 21012101 210320fe 210f210b
1514300 21132111 21032106 20fb20fe 20fa2100
1514320 21042101 21032107 21022104 21062108
1514340 2110210d 210a210a 210a210e 210a210a
1514360 21062102 21022105 21042105 21042100
1514400 21032109 21022101 210b210e 210f210d
1514420 210a2112 210e210b 210a210d 210a210f
1514440 21042104 21032105 210220fc 2111210b
1514460 210e210a 210f210f 21122109 2108210d
1514500 210c2107 21182113 21192117 210c2115
1514520 21102114 21172114 210f2115 21132115
1514540 21162111 21182116 2112211a 211a211e
1514560 21192116 21202115 211e2125 21112116
1514600 21162114 211c2117 211f211a 211c211e
1514620 211b2117 2118211a 211c211d 211b2113
1514640 2115211e 21192119 211c211d 21282127
1514660 21282120 21222120 211c2121 211d2122
1514700 211f211a 211e211f 211d2120 2116211c
1514720 211a211b 211c2114 2125211b 2125211e
1514740 21232128 212e212d 212a212d 212b2130
1514760 212a2128 212e2129 21262126 2124212e
1515000 2121211e 21282124 212f212d 2128212f
1515020 2120212b 2126211f 21232121 212d2122
1515040 21302131 21332132 2132212a 21202129
1515060 21262124 212b2127 21262127 2129212b
1515100 2131212d 212f212d 21322130 21322130
1515120 21362130 2136212e 21372136 21382140
1515140 21342134 21342133 212b212f 21312133
1515160 21322134 212e2132 212f2128 2131212e
1515200 212d212f 21332131 213a2137 213c213d
1515220 21372139 2130213a 21342135 213d2135
1515240 213c2141 213d2138 2132213a 21302130
1515260 213c2133 21382137 213b213d 21392138
1515300 2137213d 2140213a 213f213b 2138213e
1515320 21332137 213a213b 2142213c 21442140
1515340 21362139 21342130 213c213b 213f2136
1515360 2139213f 21402140 213d213c 2137213a
1515400 21392135 213f2135 213f2143 213c2143
1515420 213a2143 213c2139 2144213e 21362138
1515440 2136213d 21402140 21372142 213c213b
1515460 213c2138 213a2137 21392136 2139213c
1515500 213f2132 2142213c 21342141 213f2140
1515520 213a2143 21362133 2139213b 21382135
1515540 21392138 21332139 21332131 21372136
1515560 21372139 21342135 21372132 21372135
1515600 21342137 2130212e 212d2130 2130212d
1515620 21362130 212c2133 2134212b 213c2135
1515640 2132213c 2136212d 21362133 212f2133
1515660 213a213b 213c213e 213f213c 213b2135
1515700 2139213f 213d213b 213c213f 21392137
1515720 21342135 21322130 212c2131 21362131
1515740 213b2136 213c213c 21302135 21382139
1515760 21352133 2138212f 213a213f 21342135
1516000 213b2140 21342138 21342139 212d2136
1516020 2130212a 21362131 2133212d 212d2131
1516040 21332131 2136213a 2131213b 212f212a
1516060 2135212b 212b2132 212c212d 21312130
1516100 21352138 21382135 21392138 2139213b
1516120 2135213e 2139213b 213f2137 21382138
1516140 21342134 21382136 212f2135 212f2131
1516160 212e2134 212a212a 21332133 212a2132
1516200 21272127 2128212a 2127212d 21312133
1516220 212f2131 213b2128 213c2137 21342138
1516240 2141213e 2138213c 213e2132 2137213b
1516260 213b213c 2135213f 2133212d 21322131
1516300 21332132 21332132 213a213b 21332138
1516320 213a2134 213b2137 2132213a 21312131
1516340 21322130 21342135 212c2132 21282129
1516360 2131212c 2130212f 2135212b 21352130
1516400 212e2135 212d2131 2134212f 21342130
1516420 21382136 21342139 212f2135 212d212d
1516440 21362133 21312132 212e2127 212f2131
1516460 212b2139 21322128 212d213d 21322132
1516500 21342133 21332133 213e2132 21322136
1516520 21322133 21322136 21302134 212e212e
1516540 212c2130 2134212d 2131213d 21322133
1516560 2144213c 2134213c 2139213e 21412141
1516600 21362137 212e212b 21292132 21312130
1516620 21332138 21342131 212f2134 21322136
1516640 213a2132 2139213d 213e213d 213b2142
1516660 21392142 21382142 21372134 2138213b
1516700 2142213f 2143213d 213f2144 2142213e
1516720 213d2136 2147213a 213d2141 21422136
1516740 213e2144 21392137 213d213e 21402144
1516760 213e213f 2144213b 213e213d 213c213b
1517000 213c213f 2142213b 214b2145 214e214a
1517020 214c214a 214c2149 21452146 2150214e
1517040 214d2148 21572156 214f2148 214a2149
1517060 2147214c 2149214a 214f2144 214b214c
1517100 214d2151 21582154 21532152 21522153
1517120 21522158 2158215a 21532157 21582157
1517140 215d2159 21612164 21632162 21582164
1517160 21512154 2156215b 215b2165 21572153
1517200 2166215f 215f2156 21632163 21642164
1517220 2166215d 21692169 216a2165 21602164
1517240 215f2166 2169215e 216b2167 216c216b
1517260 21652169 21672169 21642168 21652168
1517300 215f2167 2166216a 2165216b 2170216f
1517320 2176216c 21722174 21742172 216d2170
1517340 2171216d 21742173 21762177 216e216d
1517360 216f2169 21632166 216f216b 216d216d
1517400 216d216e 216e216c 21702172 2172216e
1517420 216b2170 216e216d 21752176 2172216f
1517440 21712175 2177216d 21722175 217f2176
1517460 21742178 21772176 21752173 21752176
1517500 21782178 21762178 217e217e 21802182
1517520 217c2177 21752175 21792173 217a217f
1517540 217a217b 217c217b 2179217b 217a2177
1517560 217e2180 2189217e 21832183 21862182
1517600 21812186 217a2180 2180217e 21832187
1517620 217b2182 217d2179 21812182 2181217f
1517640 217b2179 217a217d 217e2182 218d2183
1517660 21832187 21812185 217f217e 2179217e
1517700 21832180 2180217e 21822171 21792186
1517720 2178217c 217d2181 217c217e 2180217e
1517740 21802185 217f2180 217d2186 21782175
1517760 2178217b 217c217e 217c217b 217e2184
1520000 217b2178 21792179 217a2175 217d2178
1520020 217a217a 21762177 217d2174 2176217a
1520040 217e2179 217b217d 21722173 216d2174
1520060 21712176 216f216b 21732178 21722173
1520100 217a2176 216c216e 2165216f 21732176
1520120 21712173 216e216e 21702172 21722176
1520140 21702176 216e216d 217c216d 216c217a
1520160 2179216f 2170217c 21712174 2174216f
1520200 21742170 21772170 21772178 21742175
1520220 217b2175 21792179 2176217a 217c217e
1520240 217f217f 217e217a 217b2173 217e2181
1520260 217c217e 21792176 21722171 2173216e
1520300 216d216d 216b216f 2167216d 216d216d
1520320 2168216d 216c2167 21692166 2169216c
1520340 21712165 2171216b 21662168 2167216a
1520360 216d216d 216d216e 21652166 21692169
1520400 2170216d 2166216d 216d216e 2161216e
1520420 21662162 2165216e 2168215c 21662165
1520440 21632166 2160215d 21632166 2163215f
1520460 21672163 21632160 21682162 216c2167
1520500 21672167 21662169 21652164 21672169
1520520 21642165 21622164 216f2166 21652162
1520540 21622162 21662165 215a2164 21662157
1520560 21652166 215d215b 21582160 215c215c
1520600 215b2155 215a215a 21542156 2158215a
1520620 2161215e 21642164 215f2168 215d2161
1520640 21602161 b01004a0 00001004 0001000a
1520660 00010000 03b16024 00000ffc 0001000a
1520700 1400003c add01f00 add01f01 add01f02
1520720 add01f03 add01f04 add01f05 add01f06
1520740 add01f07 add01f08 add01f09 add01f0a
1520760 add01f0b add01f0c add01f0d add01f0e
1521000 add01f0f add01f10 add01f11 add01f12
1521020 add01f13 add01f14 add01f15 add01f16
1521040 add01f17 add01f18 add01f19 add01f1a
1521060 add01f1b add01f1c add01f1d add01f1e
1521100 ff000134 00000020 00000002 b656bb2d
1521120 00000001 deadbeef f0000002 b656bb19
1521140 200a6efb 00000000 00000134 00001f48
1521160 a01104a1 220c2157 2206220a 220921fc
1521200 220021fe 21f821ff 21fc2200 22042205
1521220 21ff2201 220b2203 220421ff 21f421fd
1521240 21fc21fa 220121f8 220521ff 22072209
1521260 220a2203 220b220b 22022203 220b21fb
1521300 2209220b 22042208 2209220e 220b2209
1521320 22122209 220d2209 220d220d 2206220b
1521340 220d2209 2210220a 220f220f 220b2210
1521360 220e220a 220e220b 2214220b 22132216
1521400 22192214 221f221b 221b2219 22182213
1521420 22192215 22182217 2214221a 22172214
1521440 22122214 22142211 22152213 221b2215
1521460 22162216 22112213 22102214 2212220f
1521500 22192214 221a2213 221b2212 22182217
1521520 22162219 22192215 221c2219 221d221a
1521540 22162216 221b2211 221c2229 22262222
1521560 2221221b 221e2222 2217221d 221e221e
1521600 2217221c 221d2215 22192217 221c221b
1521620 221c221c 22192215 221f2215 221c221b
1521640 21852215 1fb92098 1e901f0f 1e091e3c
1521660 1dd01de3 1dc31dd1 1dc51dc6 1dbd1dc0
1521700 1dc01dbd 1dbe1dc1 1dbc1dba 1dba1dc6
1521720 1dbf1dc2 1dbb1dbf 1db61dbb 1db61db7
1521740 1daf1db8 1da91dad 1db31db4 1dae1dab
1521760 1dab1db0 1db71db6 1db01db1 1db51db3
1522000 1db21daf 1da71daf 1db31dae 1daa1daa
1522020 1daf1dad 1da51da8 1daa1da7 1da71da9
1522040 1da31da7 1da91da6 1daa1daa 1da21da9
1522060 1da71da7 1dae1da9 1db31da9 1daa1dab
1522100 1da91da8 1dad1dad 1dad1da4 1da91da9
1522120 1da21da6 1da91da7 1da01da5 1da61d9e
1522140 1da51d9d 1d9f1da2 1da41da5 1da51da0
1522160 1da51da3 1da11d99 1d9c1d9d 1d9f1da0
1522200 1da91da3 1dad1da8 1db21da7 1da51daa
1522220 1da41da2 1d9c1da5 1da11da2 1da01d9a
1522240 1da51da1 1daa1da9 1dac1daf 1da71da5
1522260 1da91da9 1d961d9b 1da11d9c 1da01da5
1522300 1da21da1 1da81da9 1da01da3 1da11da4
1522320 1d9d1da2 1da11d9e 1da01da3 1da81dad
1522340 1da01da5 1da41da7 1da61da3 1dae1da4
1522360 1da71da9 1da11dac 1da41da6 1da31da1
1522400 1da41da0 1d9a1d9a 1d9e1d99 1da11d9f
1522420 1d9e1d9e 1da11d9f 1da21da5 1da11da5
1522440 1da61da5 1dad1da9 1da91da6 1da81daa
1522460 1da01da9 1da61da6 1da81dad 1da41dad
1522500 1daa1da7 1da91da7 1da81dac 1da71da3
1522520 1da71da2 1d9f1da6 1d991d97 1d9e1da3
1522540 1d9f1da3 1dac1d9d 1d9e1da2 1da71da8
1522560 1dad1db2 1dad1dac 1dad1dae 1da71dad
1522600 1dac1da5 1db41dad 1db01daf 1dbe1db1
1522620 1db01db0 1db41dab 1db31db8 1db81db1
1522640 1dbb1db9 1db31db5 1db21db0 1db71db2
1522660 1db61db2 1dba1db4 1db51db2 1db81db7
1522700 1dbb1dbd 1dbe1dba 1dbc1db2 1db91db9
1522720 1dba1dbb 1db91dbd 1dbc1dba 1dc11dbf
1522740 1dc11dc0 1dbe1dc1 1dca1dc6 1dc51dc7
1522760 1dc91dce 1dd51dce 1dc71dcc 1dd31dcc
1523000 1dc51dc7 1dc31dbe 1dc31dc4 1dcc1dc9
1523020 1dcb1dd1 1dcc1dcf 1dce1dcc 1dd01dd4
1523040 1dcf1dd3 1dd11dd8 1dd71dd6 1dde1dcf
1523060 1ddd1dda 1de11ddf 1ddb1de4 1de11ddb
1523100 1dde1de0 1de41de0 1de81de8 1deb1de7
1523120 1de81de3 1de71de5 1dea1de9 1de81de6
1523140 1df51dee 1df21df0 1df01dee 1de81de7
1523160 1df31def 1df81dfc 1df21df3 1df21df0
1523200 1df31df3 1dea1ded 1df01df1 1df71df9
1523220 1e061dfe 1df81e02 1def1dfb 1e071e04
1523240 1dfb1dfc 1e071e04 1dfc1dff 1e021dfb
1523260 1e081e06 1e0d1e08 1e0d1e06 1e061e0e
1523300 1e091e07 1e121e0f 1e0d1e10 1e101e13
1523320 1e0a1e06 1e0c1e0a 1e101e0f 1e101e16
1523340 1e0d1e10 1e141e0d 1e151e1a 1e1c1e1c
1523360 1e1b1e17 1e191e19 1e191e1c 1e201e1b
1523400 1e1e1e1a 1e261e1f 1e211e1b 1e1d1e21
1523420 1e211e25 1e2a1e28 1e341e2e 1e321e2d
1523440 1e311e37 1e2b1e32 1e301e2e 1e2a1e2f
1523460 1e2d1e2b 1e341e38 1e3b1e38 1e381e37
1523500 1e331e2f 1e331e2f 1e291e33 1e381e30
1523520 1e3c1e34 1e341e37 1e391e37 1e3d1e37
1523540 1e3c1e3c 1e3d1e40 1e3f1e41 1e451e43
1523560 1e421e47 1e4c1e49 1e4e1e49 1e4b1e49
1523600 1e4d1e4f 1e411e3d 1e421e45 1e541e51
1523620 1e511e50 1e4c1e49 1e491e45 1e471e3e
1523640 1e481e45 1e4a1e47 1e4f1e4c 1e581e53
1523660 1e561e57 1e5a1e4d 1e561e57 1e591e59
1523700 1e581e5f 1e621e5f 1e5a1e60 1e5a1e53
1523720 1e5a1e5c 1e631e65 1e5a1e60 1e5d1e5d
1523740 1e681e65 1e601e59 1e611e67 1e5e1e61
1523760 1e621e68 1e621e65 1e651e5f 1e5c1e5c
1524000 1e4f1e59 1e5d1e54 1e681e5d 1e6d1e66
1524020 1e6e1e6f 1e711e71 1e641e74 1e691e68
1524040 1e721e72 1e6c1e72 1e6a1e6e 1e6d1e6c
1524060 1e6d1e6a 1e721e66 1e701e73 1e751e75
1524100 1e7b1e78 1e741e79 1e7a1e76 1e731e7a
1524120 1e741e74 1e791e7b 1e7a1e78 1e781e7b
1524140 1e6d1e76 1e6d1e72 1e6f1e72 1e7a1e72
1524160 1e7d1e74 1e841e7d 1e711e78 1e781e76
1524200 1e731e6e 1e771e79 1e7b1e7b 1e731e7a
1524220 1e7a1e7b 1e751e7b 1e7b1e77 1e7f1e7a
1524240 1e761e7b 1e791e71 1e7a1e76 1e771e7d
1524260 1e701e7a 1e751e77 1e851e78 1e831e82
1524300 1e811e84 1e831e83 1e811e7e 1e7f1e83
1524320 1e741e7f 1e7a1e74 1e791e73 1e7c1e74
1524340 1e7a1e77 1e7a1e75 1e7a1e75 1e7d1e82
1524360 1e751e7a 1e7d1e7b 1e7d1e7f 1e831e78
1524400 1e741e7c 1e721e75 1e741e78 1e781e73
1524420 1e781e72 1e7d1e76 1e711e77 1e7e1e75
1524440 1e7b1e7f 1e7d1e7d 1e7f1e81 1e7a1e7c
1524460 1e7c1e77 1e811e81 1e761e78 1e721e75
1524500 1e741e73 1e7c1e7b 1e7e1e77 1e6e1e79
1524520 1e721e77 1e7c1e7a 1e7f1e84 1e801e82
1524540 1e801e7f 1e7a1e7a 1e7b1e76 1e7f1e87
1524560 1e811e7f 1e851e7f 1e791e7e 1e741e78
1524600 1e771e7a 1e7c1e7c 1e851e79 1e831e7d
1524620 1e831e7b 1e7b1e84 1e821e7c 1e7f1e84
1524640 1e7f1e82 1e831e80 1e851e8a 1e861e8c
1524660 1e891e87 1e8d1e88 1e821e8d 1e831e87
1524700 1e8b1e81 1e861e86 1e811e85 1e7d1e81
1524720 1e891e7e 1e821e88 1e861e81 1e811e8b
1524740 1e8a1e86 1e891e8c 1e891e8b 1e8a1e84
1524760 1e851e85 1e8a1e89 1e8f1e89 1e8a1e8f
1525000 1e7f1e83 1e8e1e86 1e921e8d 1e991e98
1525020 1e9c1e9c 1e981e98 1e941e8d 1e981e94
1525040 1e941e93 1e951e96 1e9b1e97 1e941e8f
1525060 1e921e90 1e961e94 1e9c1ea0 1ea11e9c
1525100 1e991e9c 1e9d1ea1 1ea21e9f 1ea11ea2
1525120 1ea21e9b 1e9e1e9e 1ea51ea0 1ea71ea9
1525140 1ea61ea2 1ea81ea8 1eaa1ea5 1ea21ea1
1525160 1eae1ea6 1ea41ea5 1e9e1e9e 1eb21ea5
1525200 1ea51eaf 1eb11eb2 1eb11eaf 1eb51ead
1525220 1eae1eb6 1eb01ea9 1eb31eb0 1ebe1eba
1525240 1eba1eb7 1eb51eb5 1ead1eb1 1eb51eb8
1525260 1eb91eb8 1ec01eba 1ebf1ebd 1ebd1ec1
1525300 1ebf1ec0 1ec11ebe 1ec31ec2 1ec21ec7
1525320 1ec01ec6 1ec51ebd 1ec31ec0 1ec31ec2
1525340 1ec61ebf 1ec41ec7 1ec51ec9 1ed01ec8
1525360 1ecd1ecd 1ed01ed1 1ecb1ece 1ed01ecc
1525400 1ed31eca 1ed01ed2 1ec81ecd 1ed21ecf
1525420 1ed31ed1 1ed51ed1 1ed91eda 1ee01edb
1525440 1ed71edb 1ee21eda 1ed61ed0 1ee11ed9
1525460 1ee11ede 1ede1edd 1ede1ee0 1ee21edd
1525500 1edb1edd 1edb1eda 1ee21ee3 1ee71ee4
1525520 1ede1ee4 1ee41ee1 1ee41ee4 1ee21ee0
1525540 1ee71ee3 1eeb1ee3 1eef1eee 1ee81ee9
1525560 1ee11eed 1ee81eea 1ee51ee3 1ee81ee6
1525600 1ee81ee5 1eef1eeb 1ee41eee 1ee71ee4
1525620 1eeb1ee2 1ef61eee 1ef81efb 1ef21efd
1525640 1ef61efa 1ef51ef6 1eef1ef0 1ef11ef6
1525660 1efa1ef8 1eff1efa 1eff1efe 1f031eff
1525700 1f011efe 1f031f08 1f011efc 1efd1f09
1525720 1f001f00 1f061f07 1f031f02 1f061f00
1525740 1f061f0a 1f071f03 1f061f0b 1f071f0a
1525760 1f091f03 1f0b1f09 1f091f0a 1f091f08
1526000 1f131f0d 1f0d1f12 1f141f0a 1f0c1f0d
1526020 1f0d1f10 1f0b1f0e 1f121f12 1f181f12
1526040 1f111f17 1f0f1f0a 1f0d1f0c 1f121f11
1526060 1f0d1f11 1f101f0e 1f131f14 1f151f0f
1526100 1f161f16 1f0d1f14 1f151f18 1f181f19
1526120 1f131f14 1f161f18 1f1a1f19 1f1a1f18
1526140 1f181f1c 1f1a1f1a 1f191f17 1f241f1e
1526160 1f231f21 1f221f27 1f1e1f1f 1f1d1f20
1526200 1f1a1f1e 1f221f1a 1f1c1f24 1f1a1f1e
1526220 1f1f1f19 1f221f20 1f2b1f27 1f281f28
1526240 1f2d1f2c 1f2e1f27 1f311f29 1f2b1f2a
1526260 1f291f2c 1f301f2f 1f2d1f2a 1f2c1f24
1526300 1f2a1f28 1f2f1f29 1f2e1f32 1f311f35
1526320 1f311f28 1f271f2d 1f1b1f21 1f261f1f
1526340 1f251f27 1f281f27 1f2a1f25 1f271f29
1526360 1f291f26 1f341f2f 1f341f33 1f2c1f2f
1526400 1f381f34 1f361f39 1f2b1f30 1f361f1e
1526420 1f251f25 1f281f28 1f281f31 1f2f1f26
1526440 1f2c1f29 1f2f1f2c 1f341f30 1f371f38
1526460 1f351f30 1f381f2e 1f2d1f30 1f2d1f2d
1526500 1f271f2b 1f221f27 1f2e1f26 1f2f1f30
1526520 1f2a1f2b 1f271f2a 1f291f26 1f2d1f26
1526540 1f241f23 1f221f21 1f2a1f25 1f281f26
1526560 1f351f31 1f321f31 1f331f35 1f2c1f30
1526600 1f2f1f29 1f361f2f 1f281f30 1f2d1f25
1526620 1f261f29 1f261f29 1f251f24 1f211f26
1526640 1f241f26 1f2a1f2c 1f2d1f24 1f2c1f2a
1526660 1f221f23 1f301f25 1f2a1f31 1f2d1f29
1526700 1f2c1f2f 1f2a1f34 1f2f1f32 1f331f28
1526720 1f341f2c 1f2c1f2f 1f2a1f2d 1f361f2f
1526740 1f341f37 1f301f30 1f281f27 1f341f2a
1526760 1f311f32 1f321f33 1f301f31 1f2f1f30
1527000 1f311f2f 1f2a1f27 1f2a1f32 1f3a1f37
1527020 1f341f35 1f2c1f30 1f2c1f2c 1f341f34
1527040 1f311f30 1f3b1f36 1f3a1f3b 1f341f34
1527060 1f311f3c 1f2f1f30 1f331f2f 1f341f31
1527100 1f2f1f3a 1f341f35 1f3b1f3b 1f351f3d
1527120 1f301f33 1f331f33 1f401f3b 1f361f3a
1527140 1f431f39 1f3d1f3c 1f331f39 1f391f38
1527160 1f3d1f3f 1f3f1f3b 1f3d1f40 1f431f49
1527200 1f481f45 1f4a1f3e 1f471f45 1f451f47
1527220 1f4a1f4c 1f481f4c 1f4c1f4b 1f551f4d
1527240 1f4d1f51 1f531f4d 1f551f53 1f5a1f5d
1527260 1f581f59 1f5b1f5b 1f581f5b 1f5b1f5b
1527300 1f5d1f58 1f541f56 1f551f55 1f541f4f
1527320 1f531f53 1f511f55 1f5b1f4e 1f5c1f5c
1527340 1f611f65 1f641f67 1f6c1f66 1f681f68
1527360 1f6c1f6a 1f691f66 1f651f69 1f5e1f67
1527400 1f701f66 1f621f68 1f631f62 1f6e1f70
1527420 1f641f69 1f641f5f 1f621f63 1f6d1f68
1527440 1f6b1f6b 1f751f6c 1f731f6e 1f711f72
1527460 1f6e1f71 1f701f70 1f6c1f70 1f761f72
1527500 1f781f71 1f771f7f 1f7c1f81 1f801f78
1527520 1f781f75 1f711f73 1f721f6c 1f771f80
1527540 1f791f80 1f7a1f79 1f7c1f78 1f851f83
1527560 1f841f85 1f881f87 1f811f7d 1f7d1f80
1527600 1f871f89 1f8b1f89 1f881f85 1f831f86
1527620 1f841f81 1f821f8a 1f861f80 1f8a1f84
1527640 1f8b1f80 1f951f93 1f8a1f93 1f861f8f
1527660 1f8e1f89 1f921f8e 1f931f98 1f931f95
1527700 1f961f92 1f981f94 1f9c1f9d 1f9a1f94
1527720 1f981f95 1f921f9b 1f9f1f9c 1f9f1fa0
1527740 1f9a1f9d 1f961f9c 1f981f9b 1f991f9c
1527760 1fa21f9c 1fa01f99 1fa41fa4 1f9e1fa3
1530000 1fa11f9f 1f9b1fa0 1f9a1fa2 1f951f99
1530020 1f9b1f9c 1f9f1fa3 1fa51f9e 1fa51fa0
1530040 1f961fa5 1fa21f9f 1f9e1f9e 1faa1f9c
1530060 1fa41faa 1faf1fa9 1fa71faa 1fa81fa7
1530100 1fa61fa3 1fa81fa0 1fa51fa1 1fa51fa7
1530120 1fa21fa4 1fb21fa8 1fb31fab 1fb01fb1
1530140 1fab1fb1 1fa41fa6 1fa51fa5 1fa71fa5
1530160 1fa61fa7 1fad1faa 1fac1faa 1fac1fab
1530200 1fab1fad 1faa1fa6 1fa71fac 1fb31fb2
1530220 1fb31faa 1fae1fb1 1fae1fb4 1faf1fb3
1530240 1fab1fad 1fb01fb4 1fb71fb8 1fb51fbb
1530260 1fb31fb9 1fb31fb8 1fb51fb4 1fbb1fc0
1530300 1fb61fb8 1fb91fbc 1fbe1fbb 1fb91fb5
1530320 1fac1fb2 1fab1fad 1fab1fb0 1fb01fb2
1530340 1fbb1fb0 1fb81fbc 1fbf1fbe 1fb51fb3
1530360 1fbf1fba 1fb71fb2 1fb81fbc 1fc01fba
1530400 1fbd1fbe 1fbd1fbe 1fc01fb5 1fc11fba
1530420 1fb81fbb 1fb81fbb 1fba1fb8 1fb71fbb
1530440 1fbd1fb6 1fb91fbb 1fba1fc0 1fbc1fba
1530460 1fb41fb2 1fb31fb5 1fbc1fb9 1fb71fb2
1530500 1fb51fbd 1fbb1fb7 1fb51fba 1fb61fbc
1530520 1fb51fb6 1fb21fb1 1fbc1fb1 1fab1fb1
1530540 1fab1fb8 1fb31fba 1fbb1fbe 1fb81fbb
1530560 1fae1fb6 1fbb1fb6 1fb71faf 1fb91fb1
1530600 1fc01fbe 1fbd1fb9 1fbc1fc6 1fb71fb7
1530620 1fb31fac 1fbe1fbb 1fb11fb1 1fac1fad
1530640 1fbb1fb7 1fb81fbb 1fb61fb6 1fb71fb3
1530660 1fb21fba 1fb41fb6 1fb21fae 1fb81fb1
1530700 1fb41fb5 1fb01fb2 1fac1fb0 1fb21fac
1530720 1fb61fb2 1fac1fb0 1faa1fac 1fb61fb3
1530740 1fb21fb0 1fae1fae 1fae1fb4 1faf1fb6
1530760 1fae1fb0 1fab1faa 1fad1fa9 1fad1fad
1531000 1fad1fae 1fb41fb1 1fa81faf 1fa71fa8
1531020 1fa91faa 1fa71fa6 1fa51fad 1fae1fa8
1531040 1fac1faa 1fa11fa6 1fa31fa0 1fa91fa5
1531060 1fa81fb0 1fb61fb3 1fb01fb1 1fb01fb1
1531100 1fa71fa9 1fac1fb2 1fb01fb1 1fae1fac
1531120 1fb61fb8 1fae1fab 1faf1fb2 1fb11fb1
1531140 1fb01fa0 1faa1fb2 1fb31fb3 1fb51fac
1531160 1fb11fab 1fb31fb2 1fab1fab 1fb61faf
1531200 1faf1fb3 1fb71fb4 1fb51fb5 1fb81fb3
1531220 1fb71fb9 1fad1fae 1fb11fb0 1fb01fb1
1531240 1fac1fb3 1fb41fb5 1fb71fb1 1fbd1fbb
1531260 1fbb1fbc 1fb61fba 1fb91fb9 1fbc1fba
1531300 1fc21fbf 1fc21fbd 1fbc1fbd 1fbc1fbf
1531320 1fbe1fba 1fbf1fbd 1fbb1fba 1fbd1fb2
1531340 1fc01fb8 1fc71fbd 1fbc1fbf 1fb61fb6
1531360 1fbc1fb6 1fb71fc0 1fc51fc1 1fbd1fc4
1531400 1fc31fc2 1fca1fc8 1fbc1fc4 1fc51fc6
1531420 1fc81fcd 1fc61fc8 1fc81fd1 1fcb1fce
1531440 1fcc1fcd 1fce1fc9 1fcc1fc7 1fca1fca
1531460 1fce1fce 1fcc1fd0 1fdc1fce 1fd11fd2
1531500 1fd81fd8 1fdd1fd9 1fd81fde 1fdb1fd7
1531520 1fda1fdd 1fde1fde 1fe41fdb 1fe11fe3
1531540 1fdc1fde 1fe71fdf 1fe31fe0 1fe11fe2
1531560 1fec1fe4 1fe61fe7 1fe01fe6 1fe01fdb
1531600 1fee1fef 1fe81fe7 1fe61fe4 1fe71fe7
1531620 1fee1ff4 1ff31ffc 1fec1ff1 1ff21fea
1531640 1ff51ff2 1ff71ff5 1ff61ff9 1ffa1ffa
1531660 20021ffe 1ffb1ffb 20002003 20082002
1531700 20022001 20082006 1ffe2001 20062009
1531720 20092009 2008200a 20082006 200c200c
1531740 200f200f 200e2012 200b200b 200b200b
1531760 200b2008 200c200a 20162013 20132011
1532000 20112012 20172015 201d201e 20212020
1532020 201a201e 201d201e 201e201a 20192016
1532040 201d201a 20172015 2024201c 2014201f
1532060 20212020 20222025 201e2022 201f201b
1532100 201a201d 201c2022 201d2024 20212020
1532120 20242022 20262020 2028202d 2028202e
1532140 20222024 2031202a 2028202b 20282022
1532160 202d202d 20312030 2033202a 202d2035
1532200 202a202f 20292036 202c2028 202f202e
1532220 20312033 20302032 20382038 20382036
1532240 203d2038 2036203b 203a2033 20372037
1532260 2039202f 20302033 20352034 20392039
1532300 2034203b 20362038 20392034 2039203e
1532320 20392037 2031203a 20392038 203f2037
1532340 203d2041 203a203e 2037203b 20362040
1532360 203b203d 20432040 20402041 20402042
1532400 203d203c 203c2039 2045203f 20402041
1532420 203f2041 20412044 203c203b 20362036
1532440 203d203c 2039203d 20432038 203b203f
1532460 203a203c 20462041 203f2043 20402043
1532500 203c203d 203b2041 20392037 20402044
1532520 2049203f 20472042 20412044 20422045
1532540 2044204b 204c2048 2041203f 202f203c
1532560 20382035 203b2040 203c2036 20392036
1532600 203e203c 2037203c 20392035 203b2042
1532620 203d2041 203d2041 2039203c 203a2043
1532640 20442042 20392039 203d2042 2040203e
1532660 20422042 20402043 203f203c 203f203e
1532700 203c203b 203f2042 203e203b 203a2036
1532720 20332035 203b203b 2047203e 2032203a
1532740 20372037 20332036 2034202f 2034202b
1532760 203e2033 2034203a 2034203c 20382039
1533000 20412045 2040203c 203b203b 2039203c
1533020 203c2035 203d2045 20302032 20302034
1533040 20232025 20272027 202f203a 202f202e
1533060 20242025 20292026 202b2024 20322034
1533100 20302030 202f2035 202d202e 202a2030
1533120 202b202d 2028202a 202c2028 20292024
1533140 2028202e 202b2029 2026202a 2027201e
1533160 2029202c 202a2029 20252025 202b2021
1533200 20252025 2023201d 20212027 20282020
1533220 20262025 20292024 20272023 20212025
1533240 20262022 2021201a 2021201a 20232020
1533260 20242025 20222023 201d201c 2029201b
1533300 20192029 201c201c 20242026 20262027
1533320 20272020 20212020 20242027 20252027
1533340 20272022 20282022 201d2021 20192018
1533360 201d2019 2019201a 201e201a 201d2019
1533400 20182017 20242023 20262023 201c201d
1533420 2022201c 20212025 201d2020 20212022
1533440 20282028 20272029 201f202a 201a201d
1533460 2023201c 2028201d 20222028 20222025
1533500 2022202e 20282021 20292025 20202025
1533520 201f2024 20242023 20232021 20292029
1533540 20232030 20252026 202e202f 20312029
1533560 20352033 20312038 20302034 20382037
1533600 20352034 20322037 203c2034 20332036
1533620 2033203b 202b2031 20352034 20342031
1533640 2035203b 2039203b 20352030 20342034
1533660 203f2040 203c203f 20412043 204f204c
1533700 204e2047 20452044 20442047 20412040
1533720 20432046 20442043 20462048 204a2045
1533740 204c204c 204d204b 204f204d 20452051
1533760 204a204f 204a204d 204a204b 20522046
1534000 20512048 204c204f 204a204d 2055205d
1534020 205d2055 20622053 20542053 2061205d
1534040 20572060 205c205f 2057205e 2064205c
1534060 206b206b 206c206d 2072206c 20682067
1534100 205f206f 20712069 206d206d 2074206d
1534120 20762075 20702076 2074206f 207a2074
1534140 2086207e 2087207f 207c2084 20852081
1534160 20852081 20892084 207d2083 2082207d
1534200 20842081 2084207f 20852080 2084208a
1534220 208b2084 2086208d 20862083 20882081
1534240 20872088 2093208c 208e2090 209a209a
1534260 208b2092 208d2099 20902099 20922097
1534300 20952094 209a2096 2095209c 20a0209d
1534320 20a020a5 20a220a4 20a1209b 209b209b
1534340 209c209d 20a5209f 209f20a7 209e20a1
1534360 20a020a2 20a420a2 20ab20ac 20aa20a9
1534400 20ab20a5 20a920aa 20aa20aa 20b220a7
1534420 20b120ae 20b120ad 20ab20ad 20b020ae
1534440 20ae20b1 20b120ad 20b420b4 20ba20b7
1534460 20b820c0 20c120c0 20b820bd 20b920b7
1534500 20b320b7 20b820b1 20ba20ba 20c520c0
1534520 20be20bf 20b820b3 20b320b8 20b220b2
1534540 20bb20ae 20b720b6 20b920b5 20b320b6
1534560 20ba20b9 20c120bf 20bd20be 20bb20c5
1534600 20be20c1 20c720c0 20cc20c1 20c520c7
1534620 20b920bf 20c120c3 20c920c5 20c120c1
1534640 20c520c7 20bc20bf 20ba20b9 20bb20b7
1534660 20c420c2 20cd20c5 20c120c8 20bc20c2
1534700 20c520c3 20bd20c3 20c320be 20ba20c3
1534720 20c020c6 20c120c2 20c220c4 20c820c5
1534740 20c320c6 20c520c2 20c720c6 20c920cd
1534760 20d920d2 20c920c6 20be20c0 20bc20c2
1535000 20ce20cc 20cb20c6 20be20be 20c420c3
1535020 20c220c1 20c620ca 20c420c9 20cd20c5
1535040 20c520cc 20c120c5 20c020c1 20c820c3
1535060 20c820c7 20c120c3 20c420bf 20c820bf
1535100 20c620c1 20c120be 20c920ca 20c120c5
1535120 20be20c1 20c320bf 20c020b8 20bb20c2
1535140 20bd20bb 20bb20b8 20b820ba 20bb20b7
1535160 20b420b5 20b520b2 20b220b6 20b620b7
1535200 20b520ba 20b120b3 20b620b4 20b620b3
1535220 20b320b3 20b020b6 20c020be 20b120bc
1535240 20b820ac 20b020b1 20ac20a9 20ab20b1
1535260 20a920a6 209a20a0 209e2096 20ad20a3
1535300 20a220ab 209620a0 209c209c 20a02096
1535320 20a420a1 20a020a3 20a320a6 209c209c
1535340 209b209a 209a209b 20952099 209c20a0
1535360 20942095 20952094 20972093 20942096
1535400 209f209a 209720a4 209d2099 20a2209d
1535420 2094209a 20952098 208e2090 208f2088
1535440 2086208f 20882083 208d2090 208c208e
1535460 2091208e 20992094 20972099 208a2097
1535500 20932091 208f208d 209a2093 20902091
1535520 2087208e 208b208f 208a2086 207c2084
1535540 2080207f 20832082 20852085 20892083
1535560 208d208a 208c2089 208c208a 208a2087
1535600 20822082 207f2088 20822085 2089208a
1535620 208a208b 20892085 208c208d 20822087
1535640 20822080 207f207e 208a2086 20842089
1535660 207e2082 20832082 207e2082 20802079
1535700 2081207e 207e207e 20802085 20892084
1535720 20842085 2089208a 2082208e 20812084
1535740 207f207e 2080208c 2086207f 2083208b
1535760 2092208a 208b2088 2087208b 20892087
1536000 2089208c 2086208d 2084208a 208b2088
1536020 208e208a 2086208f 208b2095 208d208d
1536040 20892090 20912089 20942094 208e208d
1536060 20902094 208f208a 2096209a 20932096
1536100 209a2095 20962093 20992095 20982097
1536120 20942094 209b2099 20a1209f 209d2098
1536140 209c209b 209c20a3 20a220a1 20a0209f
1536160 209a209c 20a4209e 20ab20ae 20ab20ad
1536200 20b620b6 20be20b4 20aa20ab 20b120b3
1536220 20ad20a8 20ac20b1 20b220aa 20b720b3
1536240 20b220b7 20b220b5 20b820b3 20bc20b5
1536260 20bf20c3 20c120be 20bc20be 20b520b7
1536300 20c020b3 20c120be 20c120c8 20c320c7
1536320 20bf20bf 20c220be 20c720c4 20c620c4
1536340 20c320c6 20c520c3 20c820c1 20cf20c2
1536360 20c920c7 20d520d0 20db20d7 20dc20d9
1536400 20da20df 20da20d9 20d820dd 20d320dc
1536420 20df20da 20d920e2 20db20df 20e220df
1536440 20e420e4 20ec20e8 20e920e8 20ee20e5
1536460 20e820f3 20ec20e9 20e320ec 20ea20ee
1536500 20f120e9 20ed20f3 20f020f1 20e920f3
1536520 20ee20e8 20f520f1 20f020ef 20f820f7
1536540 20f720f0 20ee20f9 20f220f8 20f620f7
1536560 20fa20fa 20f820f1 20f920f9 20ff20f8
1536600 21042109 21032100 2109210a 21022109
1536620 21062107 210d210a 21042101 21012102
1536640 21032106 21032104 210d2108 210e2105
1536660 210f210d 21062110 210d2111 21122110
1536700 210c2111 21112109 210b2109 20ff210e
1536720 21132117 2111210f 21212110 210e2117
1536740 21162119 211b211a 2116211c 21112112
1536760 21172112 210d2115 21162112 21152114
1537000 21272116 21292123 21252124 21292127
1537020 21272128 21282127 21242124 211e2121
1537040 211f211c 211e2120 21262119 21202122
1537060 211e2124 211e2122 211f2120 2128211b
1537100 211d2122 211c211d 2126211c 21292129
1537120 212a2127 21252127 2124212b 21262126
1537140 21222124 211e2121 21282124 21252123
1537160 212d212b 211e2126 212c2122 211c2121
1537200 211f2122 212a2122 21242125 2130211d
1537220 21202124 211b2114 211f211a 2126211f
1537240 21252126 212a212b 2122212b 21262121
1537260 21202126 21222121 211c2124 211b2125
1537300 211a211c 211e2119 211d211e 211e2121
1537320 21162119 21112116 210f2111 211b210d
1537340 21132119 21152118 21152116 21182118
1537360 2120211a 2121211d 21212123 211b211f
1537400 210f211a 21152113 21192112 21202119
1537420 211b2123 211d2116 2122211b 2110211f
1537440 21132114 2117211a 21112115 21122117
1537460 210a2109 21092107 210d210f 2111210e
1537500 2105210d 2109210a 20fa20fe 20fe2101
1537520 21072105 21042104 20ff2105 21032102
1537540 2101210b 21032107 210b2108 21082108
1537560 20fb20fd 20f720fe 20fd20fa 20f820f6
1537600 20ec20f1 20f020f4 20f020f1 20ee20f6
1537620 20ec20ef 20f320f2 20fa20f5 20f120ef
1537640 20ea20ed 20f020e7 20e320e5 20ed20ed
1537660 20f220f2 20ef20f4 20ee20f2 20ec20ea
1537700 20e620e8 20e620e6 20e620de 20e720e4
1537720 20de20e6 20e420e3 20e720e7 20e620e3
1537740 20e520e4 20e420e1 20e220e2 20e420ed
1537760 20e620e5 20e220df 20d620da 20d520db
1540000 20d020d8 20dd20da 20da20da 20de20dd
1540020 20d920d5 20d820db 20da20d6 20df20d6
1540040 20dd20de 20d920e0 20d720d8 20dd20d8
1540060 20e520dc 20e220e6 20df20de 20d820de
1540100 20df20d9 20d520d6 20d820d9 20cc20d1
1540120 20d320d5 20d220d0 20d520ce 20d020d1
1540140 20d120dc 20d120e8 20d720cf 20da20db
1540160 20d520d6 20d820d9 20d320da 20dc20d6
1540200 20d620db 20d220d1 20d320d3 20da20da
1540220 20da20db 20db20d2 20d720d6 20d520d7
1540240 20cb20d7 20d020d1 20dc20d3 20d820db
1540260 20dd20d7 20e020e3 20e420dd 20eb20df
1540300 20e720e1 20dd20df 20e420e1 20e520e0
1540320 20e320e4 20e020df 20e920e6 20e420e0
1540340 20e220e6 20e220e1 20e820e5 20e420e2
1540360 20e420e1 20e820eb 20ec20e7 20ef20f0
1540400 20f020ee 20f120f8 20e920f1 20f620ea
1540420 20f320f3 20ff20f5 20fa20f4 20ef20f0
1540440 20f420ef 20ed20f1 20ed20f1 20f420f0
1540460 20f320f0 20f320f7 20fc20f9 20f920fa
1540500 20f420fd 20ff20fd 210220fb 20ff20ff
1540520 21022101 21112104 210b210a 2113210f
1540540 2112210e 2110210e 210c210a 21062107
1540560 210c2103 210b2107 210c210f 21102116
1540600 21172114 211a2114 21172114 21122113
1540620 21182119 211c2118 2122211d 21192118
1540640 2119211d 211a211b 211e211d 212b211e
1540660 21292128 b01104a1 00001004 0001000a
1540700 00010000 03b15ce3 00000ffc 0001000a
1540720 1400003c add01f00 add01f01 add01f02
1540740 add01f03 add01f04 add01f05 add01f06
1540760 add01f07 add01f08 add01f09 add01f0a
1541000 add01f0b add01f0c add01f0d add01f0e
1541020 add01f0f add01f10 add01f11 add01f12
1541040 add01f13 add01f14 add01f15 add01f16
1541060 add01f17 add01f18 add01f19 add01f1a
1541100 add01f1b add01f1c add01f1d add01f1e
1541120 ff000134 00000020 00000000 d7d42518
1541140 00000001 deadbeef f0000000 d7d42504
1541160 240b215e 00000000 00000134 00001f48
1541200 a0100160 22062205 22032209 22002205
1541220 22032204 22092202 220b2207 22052208
1541240 22072202 22062207 2206220b 22012206
1541260 220e2207 220e220c 2211220f 220e2217
1541300 2212220a 22162216 22122214 221b2215
1541320 22142217 2213220e 22162216 22182218
1541340 22142217 22152212 22112212 22172214
1541360 22172212 220d2215 220e2210 2219220b
1541400 22102216 220d2212 22102209 2207220a
1541420 22192213 221f2218 2213221a 22152218
1541440 22142213 22162215 221c2212 22162214
1541460 22122216 220f2215 221b2216 22162217
1541500 22102216 22162210 22142217 22162213
1541520 221d2215 22202214 22172220 22112215
1541540 221a2213 220a2217 22172213 22152217
1541560 2219221a 2221221c 22182219 22132215
1541600 220a2213 220d220b 22112207 2212220e
1541620 2209220f 2207220f 220f2212 22112210
1541640 2215220e 220e220f 22102212 220f2212
1541660 217b2206 1f87207b 1e301ebe 1da41ddb
1541700 1d6a1d83 1d561d5c 1d551d54 1d4f1d53
1541720 1d4e1d4e 1d4c1d4f 1d4e1d4a 1d511d44
1541740 1d521d51 1d4c1d4f 1d481d48 1d481d43
1541760 1d4c1d4c 1d4b1d48 1d481d4d 1d4a1d43
1542000 1d4d1d4b 1d491d4a 1d521d48 1d441d51
1542020 1d481d41 1d441d43 1d421d48 1d491d47
1542040 1d4e1d49 1d531d4f 1d4d1d4d 1d4a1d4e
1542060 1d451d46 1d471d47 1d4b1d43 1d531d49
1542100 1d4a1d4f 1d441d4a 1d471d49 1d501d4e
1542120 1d4a1d47 1d4c1d4d 1d441d48 1d471d4f
1542140 1d461d47 1d4c1d49 1d511d50 1d421d49
1542160 1d411d4b 1d471d44 1d4d1d44 1d4d1d4d
1542200 1d511d52 1d551d54 1d4f1d4d 1d4b1d45
1542220 1d4c1d4b 1d4c1d52 1d4e1d51 1d511d4e
1542240 1d561d55 1d501d59 1d531d51 1d461d53
1542260 1d591d4e 1d501d52 1d501d56 1d571d5a
1542300 1d541d50 1d591d59 1d581d4f 1d581d4f
1542320 1d501d50 1d591d57 1d541d54 1d591d53
1542340 1d521d57 1d511d4e 1d541d4f 1d531d4f
1542360 1d5a1d4e 1d5c1d59 1d531d5e 1d511d58
1542400 1d491d4b 1d491d46 1d501d4c 1d4d1d54
1542420 1d561d53 1d521d53 1d531d55 1d501d50
1542440 1d531d59 1d511d57 1d551d50 1d531d4d
1542460 1d521d53 1d521d51 1d491d50 1d491d52
1542500 1d501d45 1d561d4f 1d4b1d54 1d4b1d4e
1542520 1d531d56 1d501d53 1d551d55 1d4b1d4f
1542540 1d4e1d58 1d4c1d52 1d581d52 1d551d56
1542560 1d571d5d 1d551d58 1d641d61 1d681d59
1542600 1d5f1d63 1d5c1d63 1d661d64 1d5f1d60
1542620 1d5f1d62 1d5a1d64 1d631d5f 1d601d59
1542640 1d5f1d5f 1d651d5e 1d6a1d68 1d611d61
1542660 1d601d69 1d641d66 1d681d63 1d681d61
1542700 1d6a1d6a 1d731d6c 1d681d6e 1d6e1d72
1542720 1d721d74 1d6c1d70 1d6e1d71 1d6d1d6e
1542740 1d751d6f 1d771d74 1d771d74 1d7f1d78
1542760 1d841d7f 1d831d87 1d811d7c 1d731d7e
1543000 1d781d7c 1d891d7e 1d841d82 1d801d80
1543020 1d7b1d85 1d811d7d 1d831d83 1d841d82
1543040 1d891d8b 1d881d8a 1d8d1d8b 1d8e1d90
1543060 1d8a1d8c 1d911d8a 1d8a1d93 1d8c1d8f
1543100 1d8f1d8f 1d8f1d89 1d901d8c 1d991d96
1543120 1da01d9a 1da21da6 1da31da4 1da51da2
1543140 1da01da7 1da51da4 1da81d9f 1db41da8
1543160 1daf1db4 1da41dae 1dae1dad 1daf1dac
1543200 1db01dad 1dad1dac 1db51db0 1db31db3
1543220 1db51db4 1db71dad 1db41dae 1db61db8
1543240 1db91db9 1dba1dbc 1dc31dbb 1dbd1dbb
1543260 1dbd1dbd 1dc01db8 1dbe1dbf 1dbf1dbb
1543300 1dc51dc0 1dc51dcd 1dc11dc6 1dc11dbb
1543320 1dd01dc3 1dd61dd4 1dd21dd2 1dd51dda
1543340 1dd61dd5 1dcd1dd2 1dd21dd0 1dd01dd7
1543360 1dd51dd8 1dde1dd4 1de01dde 1ddc1ddc
1543400 1de21ddf 1de31de5 1de21ddd 1de61ddf
1543420 1de41de2 1de61dea 1de71de7 1ded1de9
1543440 1df21dea 1df21df2 1df21def 1df31df5
1543460 1dfa1df0 1df91dfc 1dff1dfa 1df51e00
1543500 1dfc1df8 1dff1e00 1df91df3 1e061dfe
1543520 1e031e08 1e011e0a 1dff1e00 1e021dfc
1543540 1e051e04 1e001e01 1e021e0e 1e051e07
1543560 1e051e04 1e061e00 1e011e09 1e0e1e0f
1543600 1e071e0b 1e0d1e10 1e081e0e 1e151e15
1543620 1e1e1e20 1e1c1e1a 1e1a1e19 1e181e18
1543640 1e211e17 1e1a1e1f 1e101e17 1e151e18
1543660 1e1f1e1f 1e191e22 1e221e22 1e1a1e19
1543700 1e201e19 1e1e1e25 1e151e1c 1e1c1e1b
1543720 1e241e1b 1e2a1e28 1e241e2a 1e1d1e26
1543740 1e261e27 1e2d1e2d 1e241e26 1e281e25
1543760 1e2d1e25 1e281e2b 1e271e25 1e2c1e24
1544000 1e341e26 1e321e2a 1e301e2e 1e351e2e
1544020 1e341e32 1e381e33 1e2b1e34 1e291e2f
1544040 1e2a1e2f 1e291e24 1e231e2b 1e231e28
1544060 1e301e2d 1e2d1e30 1e2c1e2e 1e391e33
1544100 1e361e35 1e361e39 1e301e3b 1e391e36
1544120 1e381e30 1e3b1e3d 1e3b1e3a 1e3a1e3d
1544140 1e451e43 1e481e48 1e441e44 1e3c1e41
1544160 1e311e33 1e391e32 1e3c1e40 1e371e3f
1544200 1e3f1e3f 1e431e3d 1e471e47 1e3f1e3e
1544220 1e3c1e3f 1e371e3a 1e391e3b 1e3e1e3b
1544240 1e3e1e44 1e3d1e39 1e431e40 1e3c1e45
1544260 1e401e3f 1e3c1e42 1e401e48 1e461e4a
1544300 1e481e46 1e471e42 1e3f1e43 1e361e3a
1544320 1e401e3d 1e461e42 1e401e42 1e431e3f
1544340 1e3e1e3f 1e421e48 1e421e42 1e421e3e
1544360 1e471e3f 1e491e49 1e4a1e44 1e441e4d
1544400 1e4a1e45 1e441e40 1e431e48 1e441e3e
1544420 1e421e44 1e4f1e44 1e4a1e4b 1e451e4e
1544440 1e421e47 1e431e43 1e471e39 1e3e1e3c
1544460 1e421e44 1e381e45 1e481e3d 1e471e47
1544500 1e3d1e3a 1e381e36 1e361e3c 1e421e40
1544520 1e3e1e3e 1e3f1e41 1e3a1e3d 1e411e3a
1544540 1e3e1e40 1e3e1e40 1e3f1e41 1e3e1e3e
1544560 1e411e3d 1e411e3f 1e3d1e3f 1e3d1e42
1544600 1e371e40 1e3e1e3e 1e421e3b 1e3e1e41
1544620 1e3d1e33 1e381e3a 1e361e39 1e391e39
1544640 1e3d1e38 1e391e43 1e381e3f 1e371e3a
1544660 1e3a1e39 1e3b1e3b 1e411e3d 1e431e3d
1544700 1e3d1e4a 1e3d1e3a 1e401e3f 1e401e40
1544720 1e3b1e39 1e331e3b 1e3b1e2f 1e331e34
1544740 1e371e33 1e3f1e3f 1e3a1e3d 1e361e37
1544760 1e331e2e 1e391e34 1e341e39 1e391e3e
1545000 1e341e35 1e3a1e39 1e391e3a 1e341e38
1545020 1e331e33 1e361e34 1e3a1e3e 1e351e34
1545040 1e401e3e 1e3f1e3e 1e3c1e39 1e361e35
1545060 1e421e43 1e3a1e3e 1e3b1e3e 1e3f1e3c
1545100 1e3f1e3b 1e411e48 1e481e46 1e4b1e48
1545120 1e401e41 1e451e3a 1e451e40 1e451e42
1545140 1e451e43 1e461e48 1e521e4c 1e471e4f
1545160 1e481e50 1e491e56 1e541e48 1e531e4d
1545200 1e501e4a 1e4c1e48 1e541e53 1e501e51
1545220 1e531e53 1e541e4e 1e4c1e4e 1e511e4e
1545240 1e521e50 1e521e4e 1e591e54 1e5a1e57
1545260 1e5d1e5e 1e521e54 1e541e4e 1e571e4e
1545300 1e561e56 1e521e55 1e511e54 1e581e55
1545320 1e5f1e59 1e571e58 1e601e58 1e5e1e59
1545340 1e5f1e5b 1e651e64 1e601e60 1e601e5e
1545360 1e661e60 1e691e63 1e631e66 1e6d1e6b
1545400 1e711e74 1e6c1e6e 1e6e1e6f 1e6f1e6d
1545420 1e6f1e6c 1e721e77 1e721e6e 1e701e76
1545440 1e691e67 1e6e1e72 1e6c1e6e 1e701e76
1545460 1e741e78 1e721e75 1e721e74 1e791e7a
1545500 1e7a1e78 1e7f1e81 1e7e1e7b 1e841e7f
1545520 1e891e82 1e891e86 1e8b1e84 1e8c1e8c
1545540 1e8f1e8f 1e961e91 1e921e91 1e911e92
1545560 1e8d1e93 1e901e8e 1e941e90 1e981e92
1545600 1e981e94 1e9a1e97 1e9b1e99 1e9e1ea0
1545620 1e9e1e9f 1e9d1e9c 1e911e9e 1e971e9d
1545640 1e991e9c 1ea51e9e 1ea41e9e 1e9f1ea3
1545660 1e9e1ea2 1e9d1e9a 1ea21e9c 1ea01ea7
1545700 1eaf1ea1 1ea61ead 1eab1eaa 1eac1eaf
1545720 1ea71eaa 1eae1eac 1ead1eaf 1eb21eb1
1545740 1eb51eaf 1eb01eaf 1eb21ead 1eb51eb9
1545760 1ebb1ebb 1ebc1ebb 1ebb1ebb 1ebd1ebc
1546000 1eb91ec2 1eb91ebc 1ebf1ebe 1ec91ec8
1546020 1ec21ebf 1ec61ec9 1ec51ec8 1eca1ec5
1546040 1ecc1ec5 1ece1eca 1ed11ed1 1ecf1ece
1546060 1ed51ed0 1ed41ecf 1ed21ed5 1ed11ed7
1546100 1ed61ed7 1ed11ed5 1ecf1ecb 1ed41ed3
1546120 1ece1ecc 1ed41ed0 1edc1edb 1ed51ed5
1546140 1edf1ed9 1ee11ee2 1ecd1ed4 1edc1ed5
1546160 1ee41ed2 1ed91edd 1edb1ee1 1ee31ee2
1546200 1ee21ee4 1ee11edc 1edf1ee3 1edf1edd
1546220 1ee41ee6 1ee71ee9 1ee41ee2 1ee41edf
1546240 1ee81ee3 1eeb1eee 1eef1ee9 1ef51ee8
1546260 1ee41eed 1ee01ee9 1eeb1eea 1eee1eec
1546300 1eeb1eeb 1eee1eea 1ee91eef 1ef91ef0
1546320 1efd1ef6 1f041ef9 1ef81efa 1ef81ef4
1546340 1ef21ef8 1ef71ef7 1ef91ef5 1efd1f01
1546360 1f021efd 1eff1f07 1eff1f02 1ef91efc
1546400 1ef51ef3 1ef11ef2 1efe1ef8 1efb1eff
1546420 1ef91ef2 1eff1efe 1eff1ef6 1eff1f01
1546440 1efb1ef5 1efa1efc 1f061efb 1f021f02
1546460 1ef81f09 1f011efc 1f021f00 1f0c1f04
1546500 1f091f11 1f081f06 1f111f10 1f131f0b
1546520 1f0d1f0b 1f031f05 1f071f0f 1f071f05
1546540 1f0f1f03 1f061f09 1f071f09 1f121f15
1546560 1f0b1f0e 1f041f07 1f071f08 1f111f13
1546600 1f161f0b 1f111f0f 1f091f09 1f031f0b
1546620 1f091f0a 1f0f1f0c 1f141f0e 1f1f1f0e
1546640 1f191f16 1f0d1f15 1f121f0b 1f171f0f
1546660 1f0f1f0e 1f111f09 1f0b1f16 1f131f15
1546700 1f151f13 1f121f0e 1f101f12 1f0e1f16
1546720 1f0f1f14 1f051f0d 1f031f05 1f021f0a
1546740 1f0e1f08 1f111f16 1f111f13 1f101f15
1546760 1f101f0f 1f0d1f10 1f0f1f0b 1f0c1f0d
1547000 1f0c1f0d 1f0f1f0b 1f0b1f12 1f111f11
1547020 1f0f1f0f 1f111f0a 1f0a1f0c 1f0d1f0d
1547040 1f101f10 1f161f0c 1f1b1f0c 1f111f11
1547060 1f0e1f10 1f0e1f0b 1f1a1f13 1f171f18
1547100 1f181f17 1f131f14 1f101f19 1f151f11
1547120 1f0d1f0f 1f0b1f0e 1f0f1f0a 1f0f1f1b
1547140 1f0d1f0d 1f091f04 1f091f0a 1f121f0d
1547160 1f111f11 1f131f19 1f1b1f13 1f0e1f0d
1547200 1f0c1f11 1f101f12 1f131f10 1f0f1f0e
1547220 1f121f13 1f111f11 1f101f13 1f171f15
1547240 1f191f1b 1f161f15 1f111f12 1f101f0c
1547260 1f101f15 1f171f19 1f131f15 1f051f17
1547300 1f101f0a 1f131f0b 1f101f0e 1f101f16
1547320 1f181f14 1f0f1f1f 1f111f0a 1f161f11
1547340 1f151f17 1f131f1b 1f151f20 1f181f17
1547360 1f1f1f1a 1f131f16 1f111f0e 1f151f17
1547400 1f111f15 1f0f1f12 1f181f12 1f1b1f1b
1547420 1f1f1f23 1f1d1f1b 1f221f20 1f281f21
1547440 1f2a1f2a 1f221f25 1f1a1f1d 1f1e1f1a
1547460 1f231f1a 1f1b1f1f 1f1b1f23 1f221f1f
1547500 1f241f23 1f1f1f21 1f221f1b 1f1e1f20
1547520 1f211f1a 1f221f20 1f211f1b 1f241f25
1547540 1f261f21 1f231f1f 1f261f21 1f2b1f27
1547560 1f241f29 1f1d1f27 1f211f23 1f211f1a
1547600 1f261f21 1f261f23 1f311f2d 1f341f32
1547620 1f3d1f30 1f391f39 1f361f30 1f351f32
1547640 1f2b1f33 1f2b1f29 1f2d1f30 1f311f2f
1547660 1f2f1f30 1f2f1f2e 1f2f1f35 1f2f1f31
1547700 1f3b1f33 1f401f36 1f3c1f35 1f3c1f38
1547720 1f371f3e 1f381f34 1f3d1f37 1f431f3a
1547740 1f3e1f3d 1f391f3b 1f3c1f40 1f3c1f3d
1547760 1f411f40 1f451f3e 1f491f43 1f451f43
1550000 1f431f48 1f3e1f43 1f461f42 1f481f45
1550020 1f4a1f43 1f491f4b 1f461f4c 1f521f49
1550040 1f4c1f4e 1f471f4c 1f491f45 1f401f3e
1550060 1f451f3e 1f471f49 1f4f1f4a 1f571f55
1550100 1f5c1f56 1f541f53 1f571f5f 1f471f55
1550120 1f531f54 1f531f53 1f4f1f50 1f511f4d
1550140 1f471f4d 1f4e1f51 1f531f4c 1f531f4c
1550160 1f561f56 1f581f5a 1f5a1f59 1f5f1f59
1550200 1f5b1f57 1f5e1f59 1f671f5d 1f601f61
1550220 1f561f59 1f571f57 1f5c1f5d 1f581f5d
1550240 1f5c1f60 1f5d1f5c 1f621f5d 1f641f60
1550260 1f671f64 1f661f66 1f6b1f66 1f6b1f66
1550300 1f631f68 1f661f66 1f641f67 1f651f69
1550320 1f6b1f66 1f631f6f 1f5f1f5d 1f6b1f69
1550340 1f641f68 1f671f67 1f6f1f6c 1f641f68
1550360 1f6a1f6f 1f631f67 1f691f69 1f671f69
1550400 1f681f67 1f721f6b 1f741f70 1f701f70
1550420 1f711f73 1f771f76 1f791f76 1f711f71
1550440 1f6f1f71 1f731f6f 1f741f73 1f731f75
1550460 1f791f6d 1f7f1f7d 1f751f76 1f761f77
1550500 1f831f7a 1f7a1f7c 1f7e1f7e 1f791f7b
1550520 1f751f77 1f711f79 1f781f77 1f821f7e
1550540 1f7c1f81 1f781f76 1f7b1f7e 1f821f77
1550560 1f821f7b 1f831f83 1f7e1f7f 1f821f85
1550600 1f891f82 1f8a1f81 1f8d1f88 1f821f90
1550620 1f8b1f81 1f7e1f8e 1f861f7d 1f861f84
1550640 1f871f83 1f921f8b 1f8b1f88 1f901f8a
1550660 1f831f8d 1f801f88 1f8d1f8d 1f8d1f87
1550700 1f981f89 1f8e1f93 1f8d1f8d 1f941f89
1550720 1f8f1f89 1f941f88 1f941f8e 1f8f1f97
1550740 1f921f9a 1f931f90 1f961f91 1f921f8e
1550760 1f951f97 1f931f99 1f8a1f8d 1f871f8d
1551000 1f8d1f8e 1f8c1f8c 1f8a1f8c 1f891f88
1551020 1f941f8d 1f901f93 1f931f90 1fa01f96
1551040 1f9e1f9b 1f9e1f9d 1fa41fa5 1fa31fa1
1551060 1fa41fa0 1f9d1f9f 1fa01f98 1f911f9e
1551100 1f901f90 1f921f91 1f931f9b 1f931f96
1551120 1f961f94 1f9c1f96 1fa11fa1 1f991f9d
1551140 1f991f98 1f991f95 1f9a1f98 1f941f92
1551160 1f9c1f9e 1f9a1f98 1f981f9b 1f9e1f9a
1551200 1fa31f99 1f9b1fa1 1fa01f99 1f951fa2
1551220 1f9a1f99 1f9f1fa1 1f981f9c 1f9b1f9b
1551240 1f9b1f9a 1fa31fa3 1fa81f9f 1fa31fa2
1551260 1fae1f9f 1fad1fa7 1f9f1fa6 1f9b1f9d
1551300 1f9b1f94 1fa11f98 1f9c1fa2 1fa51fa5
1551320 1f9c1fa3 1fa71f9f 1f991fa0 1fa41fa3
1551340 1f9e1fa9 1fb01fa3 1fa71fa3 1fa51fa6
1551360 1fa51fa8 1fa21fad 1fa01fa1 1fa01fa2
1551400 1faa1fa7 1fa31faa 1fa91fa4 1fad1fa9
1551420 1fb01fab 1faa1fa7 1fb11fa9 1faa1fad
1551440 1fad1faf 1fa81fa6 1fb01fac 1fac1fac
1551460 1fa21faa 1fa41fa7 1fa81fa3 1faa1fa9
1551500 1faa1fa8 1fb11fab 1fab1fb1 1fb31fad
1551520 1fb51fb3 1faa1fa9 1fb11fb5 1fb31fb2
1551540 1faf1fae 1fb81fb3 1faf1fbc 1fb51fb8
1551560 1fbb1fc0 1fbe1fbf 1fbe1fbf 1fb81fb6
1551600 1fb21fb6 1fb91fb9 1faf1fbb 1fb71fb5
1551620 1fc21fbc 1fb81fc3 1fba1fba 1fbc1fba
1551640 1fc01fb7 1fbe1fbd 1fbd1fc2 1fb61fbc
1551660 1fb51fb3 1fb71fb2 1fbc1fba 1fb71fb4
1551700 1fc01fbc 1fc31fc1 1fc21fbf 1fbb1fc4
1551720 1fc51fc2 1fc41fc7 1fbf1fc3 1fcc1fc1
1551740 1fca1fcb 1fd21fcf 1fc91fd1 1fc71fcc
1551760 1fca1fcc 1fc71fcb 1fc61fc7 1fc51fc9
1552000 1fce1fc7 1fcc1fc7 1fc71fcd 1fca1fca
1552020 1fd51fcc 1fd51fd1 1fd51fd4 1fd61fda
1552040 1fda1fdf 1fdf1fd6 1fdd1fd9 1fdb1fd3
1552060 1fd01fdb 1fd81fd0 1fdb1fd6 1fdc1fd8
1552100 1fe81fdd 1fe31fe3 1fdf1fd9 1fda1fe2
1552120 1fde1fe0 1fe31fe0 1fe41fe1 1fe71fe9
1552140 1fe61fe6 1fe01fe5 1fdf1fde 1fda1fe0
1552160 1fdd1fdc 1fe31fe2 1fe11fe0 1fdf1fdb
1552200 1fdf1fe3 1fe31fe0 1fdd1fe1 1fe81fe2
1552220 1ff01fed 1fec1fed 1fe81fe9 1fe81fe5
1552240 1fe71fe9 1fe91fe7 1fe51fe2 1fe91fe8
1552260 1fe91fe9 1fe91fe3 1ff31fec 1fec1fec
1552300 1fe41fea 1ff11fe9 1ff21ff3 1ff31fee
1552320 1ff51ff7 1fe21fed 1fef1fea 1ff01fec
1552340 1ff51ff4 1fea1ff5 1fe71fed 1fed1fed
1552360 1ff31fec 1ffc1fee 1ffe2001 1ff71ff8
1552400 1ff11fed 1ffa1ff5 1ffb1ff9 1fff1ffa
1552420 1ff91ffc 1ffd1ffc 20012001 1ffe1ffb
1552440 1ff61ffc 1ff31ff4 1ff51ff6 1ff61ff2
1552460 1ff51ff1 1fed1ff4 1fed1fee 1fef1ff4
1552500 1ff21ff0 1ff51fec 1ff01ff1 1ff61ff9
1552520 20001ffc 1ffa1ffa 1ff91ff9 1ff41ffb
1552540 1ff51ff5 1fff1ffb 20081ffc 1ffa2001
1552560 1ff21ff2 1ff41ffa 1ffb1ffc 20001ffc
1552600 1fff1ffd 1ff71ff8 1ff81ffa 1fff1ffe
1552620 1ffc1ffc 1fff1fff 1ffa1ffe 1ff61ff9
1552640 1ff01ff3 1fef1fed 1ff51ff2 1ff81ffb
1552660 1ffa1fff 1ff51ff9 1ff71ffa 1ffa1ffb
1552700 1ffc1ffb 1ffa2001 1ff71ff8 1ff71ff4
1552720 1ffe1fef 20051ffe 20031fff 1ffd2005
1552740 1ffd2007 1fff1ffe 20062005 20062003
1552760 20022007 20012000 20082007 20001ffd
1553000 1ffe1ff8 1fff2006 20032003 20062001
1553020 20072005 20022008 200a2002 20072008
1553040 200e2001 200b2006 20072003 2009200a
1553060 20092004 20062005 20082009 200a2006
1553100 1ffc2004 1fff1ffd 1fff2007 20052002
1553120 20091fff 20032008 20042006 20032006
1553140 20062000 20072004 20032003 20072002
1553160 20062009 20062000 1ffb200a 20022000
1553200 200a2000 200c2004 200b2014 200d200f
1553220 20182011 200f200c 200b2009 20102015
1553240 20142017 20162019 20102017 201a2015
1553260 2014201f 20102013 20102011 20152014
1553300 2014200d 201d201a 20082017 2010200b
1553320 200d200f 2012200c 20162011 2014200f
1553340 20122013 200f200a 200d200d 20102015
1553360 20072015 2013200c 20182011 20142013
1553400 200d200d 20122015 2013201b 200b200f
1553420 200d200e 200d200a 200a2010 2011200d
1553440 20162011 200f200e 20122011 200d2012
1553460 200e200f 200f200e 200e200b 2006200b
1553500 200f200e 20122012 20122016 20192016
1553520 20212019 2015201a 200e200b 201b2018
1553540 20172015 201a2015 20152016 2015200f
1553560 201e201a 201f2020 2021202c 201a201f
1553600 2018201c 201a201b 20172019 20262019
1553620 20202027 20232023 201d201f 201d201e
1553640 2019201c 2022201d 20262025 2027202a
1553660 20202024 20252021 201c2020 20262023
1553700 20232025 20292029 20242029 202a2027
1553720 20292025 202d2026 2021202a 202b202d
1553740 202b202e 202e2034 202c2026 20272025
1553760 20292027 202d2031 202c202b 2035202e
1554000 203b203b 203f2035 20302043 20342035
1554020 203b2034 20382032 2037203e 203b203d
1554040 203a203f 203d203d 203d2036 20402042
1554060 203b203e 20352037 203c203f 2048203f
1554100 203e203e 203f2041 20432047 20412043
1554120 20462043 203f2044 20422044 20492047
1554140 204c204c 2049204b 204d2051 204f204b
1554160 204c2049 20422048 20512046 20512050
1554200 20542055 20562056 20512059 20542051
1554220 2050204f 2054204a 20562057 2059205a
1554240 20582056 20612057 205a205b 205b205f
1554260 20522056 20582055 205d205d 2065205e
1554300 20612068 2063205f 20662064 20602060
1554320 205b2058 20632061 20632063 20672063
1554340 206a206d 20672065 206f206d 206c206e
1554360 2069206b 20692065 20642069 206e206f
1554400 20732071 20732074 2070206b 206c2071
1554420 206f2072 207a2076 207a207c 20742075
1554440 20732077 2079207e 20782078 207c2076
1554460 2078207b 207d207e 207c207c 20792078
1554500 207a207d 207e207c 20842086 20892079
1554520 207f2082 2074206f 2076207c 2082207d
1554540 20822083 2077207a 207a2077 20832077
1554560 207c2082 20852083 2089207f 208b2080
1554600 208b2090 2088208c 20842089 20852086
1554620 208d2086 20892084 20912089 208c2090
1554640 20982090 208d208f 20872088 207e2080
1554660 207f2081 2081207e 207e2080 20862083
1554700 20872083 2083208a 208a2082 208d2087
1554720 20872087 2086208c 20812085 20822087
1554740 20832080 207f207e 207e2082 2080207d
1554760 2084208a 20822081 20852087 20832087
1555000 20892087 20852085 20842088 20842086
1555020 20832084 2087208f 2096208c 208d208b
1555040 208a208a 208e208b 20772086 2084207a
1555060 20842084 208a2085 20892089 2086208c
1555100 2090208f 208c2092 20802089 20792082
1555120 20812080 20832082 207e2081 207e2086
1555140 207e2080 20892082 208e2088 208a2089
1555160 20842083 207d2085 2084207f 207a2079
1555200 20762076 20792076 207f2083 20842083
1555220 20852081 207f2077 208a208c 207a2081
1555240 20812084 207e207c 2082207c 207d207a
1555260 2086207e 208a2088 20872088 20892087
1555300 208a2084 207f2083 20862086 20802081
1555320 2081207a 207f2083 207e2083 20802081
1555340 2080207f 20872083 20842081 2085208d
1555360 20872084 207d2082 20782075 2080207c
1555400 2080207f 207d2086 2082207e 2082207e
1555420 20852087 20872085 20862087 20872089
1555440 20842083 20832086 207f2080 207f2082
1555460 207f207b 20792085 20872082 20802082
1555500 2087208a 2084207d 20822082 2075207a
1555520 207e207d 20802083 20792078 207e2079
1555540 20772080 207f2080 20882080 207c207d
1555560 207f207f 207f207c 20772076 207b2079
1555600 2071207d 20862075 207a207b 207b2079
1555620 2076207d 20742075 207a2076 20782075
1555640 20772075 207a2076 20782078 20752072
1555660 207c207c 207e207f 2080207e 207b207d
1555700 207d2076 20772081 207e207b 20842079
1555720 207d2081 2081207b 20772076 206f2076
1555740 207b207c 207c2080 2084207d 207b207c
1555760 20782078 207a207f 20762080 20812074
1556000 207f207e 20812080 2079207d 207c2077
1556020 207c2077 207d207a 207a207a 20862085
1556040 207e2082 207c207b 20722071 20762077
1556060 207d2079 20802080 20872082 208b208a
1556100 2089208c 20892085 2087207e 2087208a
1556120 208c2087 2081208d 2089208b 20892087
1556140 208d208c 20802089 20842088 208a208b
1556160 20872088 208c2085 208c208a 209d208b
1556200 209e2099 209b2098 209e2097 20912097
1556220 208e2090 20942090 20932094 209f209a
1556240 20a020a1 209b2095 20a320a9 20a320a7
1556260 20a520a8 209c209e 20a320a2 20a020a8
1556300 20a420a7 20a120a1 20a2209e 20a820a7
1556320 20a720a6 209f20a9 2093209b 20a4209b
1556340 20a620aa 20ae20ad 20a220a5 20a920aa
1556360 20a820a5 20b120ac 20ba20b5 20b120ab
1556400 20ae20b1 20a420aa 20b120aa 20b320b3
1556420 20be20b7 20bd20b7 20b620bc 20be20ba
1556440 20bd20c1 20b120b9 20cb20c0 20bc20c5
1556460 20c120c4 20bd20bf 20b820be 20c120bb
1556500 20c920bd 20d820cc 20d020d4 20cc20d8
1556520 20d020cd 20c820cb 20cc20c2 20d520d4
1556540 20d720cf 20d020d8 20d120cd 20d520d4
1556560 20d220d0 20c920cc 20c920ca 20d020cf
1556600 20cf20d2 20d820d6 20d720de 20da20d8
1556620 20de20d8 20dd20dc 20e120e0 20e120e5
1556640 20d920dc 20e220d9 20e920e0 20e520e6
1556660 20e120e5 20e420dd 20da20de 20e120e0
1556700 20e520e4 20e620e5 20ed20ea 20df20e6
1556720 20e220e2 20de20df 20e620e2 20e420df
1556740 20e220e1 20e420e7 20e820ee 20e220e1
1556760 20f020e4 20e920e4 20f120f0 20e120e6
1557000 20e920e7 20ec20e9 20ef20ef 20ed20ed
1557020 20ef20f4 20f220f4 20f620f3 20eb20ed
1557040 20e820e9 20ee20f1 20f420ec 20f020f0
1557060 20f320ef 20f520ec 20f320ee 20ee20f0
1557100 20f320ea 20eb20ef 20f220f2 20f120fc
1557120 20ef20f2 20f720f5 20f120f1 20f620f6
1557140 20f920f3 20f720f4 20f920f1 20f820ef
1557160 20f320ed 20f720fa 20f220f1 20f220fb
1557200 20f520f1 20f320f1 20f420f8 20f420f7
1557220 20fa20f8 20ee20f5 20ec20f2 20f420f4
1557240 20f820f7 20f520ee 20f320f3 20f320f5
1557260 20ee20f2 20eb20ec 20ee20ef 20f420f0
1557300 20f820f6 20f920f6 20f220f3 20f120ed
1557320 20f020f4 20f020fd 20ed20ee 20ef20ed
1557340 20f120f0 20ec20ee 20ec20f4 20f520f3
1557360 20f020f7 20f320ea 20f420f2 20f920fb
1557400 20f720f7 20f120fb 20f720f2 20f320f0
1557420 20f420f4 20f120ee 20ee20eb 20f520f0
1557440 20f620f3 20ee20f4 20f320f2 20ef20f2
1557460 20f420ee 20f420f8 20eb20f3 20f120ed
1557500 20f120f1 20e920eb 20ec20e7 20e820ec
1557520 20e720e9 20e420e8 20e620e5 20e520e3
1557540 20e420e5 20e320e0 20e320e4 20e820e3
1557560 20e720ea 20e420ec 20e720e9 20e420e6
1557600 20e020dd 20db20de 20dd20db 20e320dd
1557620 20ec20e4 20e920ea 20e020e7 20da20e5
1557640 20d420dc 20da20d7 20e920dc 20db20e1
1557660 20e020e4 20df20e3 20db20e7 20df20d6
1557700 20de20e0 20e920d9 20e220e1 20e320e8
1557720 20da20dc 20d420d2 20d620d9 20df20dd
1557740 20de20e9 20da20e1 20d920dd 20d520da
1557760 20d720da 20d320d4 20d720d7 20dc20d6
1560000 20d620d1 20d320d3 20dc20d2 20dc20e6
1560020 20d420df 20d120d4 20d320d7 20d420d4
1560040 20d620d9 20d320d7 20cb20ce 20d420d0
1560060 20d320cf 20cf20cb 20d920d6 20d620d9
1560100 20d620d0 20d520cc 20cd20ce 20cc20cd
1560120 20cd20cf 20d320cc 20d320c7 20ce20cb
1560140 20bd20ce 20cf20ca 20bf20cb 20c720c7
1560160 20c720c2 20c820c9 20ce20c5 20d020d3
1560200 20ce20cf 20d320cc 20cd20d0 20ca20d1
1560220 20d720d0 20db20d8 20d420d8 20d020d3
1560240 20d920d7 20ce20d7 20d720d3 20df20d4
1560260 20e020d7 20d020d4 20dc20d7 20db20d6
1560300 20d920d8 20d520d4 20d420d0 20d520d5
1560320 20d520d3 20d620d6 20dc20df 20d420da
1560340 20d920de 20e320dd 20de20e2 20d820dd
1560360 20d920d9 20d920da 20dd20dc 20e320dc
1560400 20dd20dc 20dc20d1 20d620e1 20db20da
1560420 20da20da 20d720dd 20d620d8 20d720dd
1560440 20e220db 20e120e6 20e320e4 20e020de
1560460 20e220de 20e220e3 20ea20e6 20f620ea
1560500 20ea20ed 20f220f0 20f620f2 20f120f9
1560520 20ea20ed 20e220ec 20ea20ea 20eb20eb
1560540 20f320eb 20f020f5 20ef20f4 20f520f0
1560560 20f420f0 20f320f1 20f820f7 20f820f7
1560600 210020f7 21072101 21062100 20fb2103
1560620 20fe20fb 20fe2102 20fd20fc 20f920fc
1560640 210320fa 20fe2103 210d2108 20ff20ff
1560660 21092105 21072103 21002108 21092106
1560700 21092108 b0100160 00000f18 0001000a
1560720 00010000 03b15ce4 00000ffc 0001000a
1560740 1400003c add01f00 add01f01 add01f02
1560760 add01f03 add01f04 add01f05 add01f06
1561000 add01f07 add01f08 add01f09 add01f0a
1561020 add01f0b add01f0c add01f0d add01f0e
1561040 add01f0f add01f10 add01f11 add01f12
1561060 add01f13 add01f14 add01f15 add01f16
1561100 add01f17 add01f18 add01f19 add01f1a
1561120 add01f1b add01f1c add01f1d add01f1e
1561140 ff000134 00000020 00000000 d8112a29
1561160 00000001 deadbeef f0000000 d8112a15
1561200 0b0222b5 00000000 00000134 00001f48
1561220 a0110161 21d52109 21e021dc 21eb21e2
1561240 21de21dc 21dc21e0 21d821d5 21da21e4
1561260 21dd21da 21dc21de 21dc21da 21e121e6
1561300 21e321ec 21e921e6 21e421e0 21e321dc
1561320 21de21e2 21e321dd 21e321e5 21e421e3
1561340 21e121e4 21e021e2 21eb21eb 21e821f1
1561360 21e721e6 21de21e0 21e121e3 21e121e6
1561400 21da21e0 21e821dd 21eb21e9 21e621ea
1561420 21e721ea 21e821e6 21e821e9 21e421ec
1561440 21e021e0 21ec21dd 21e721ed 21f421e4
1561460 21e821ef 21e021e3 21e621eb 21e721e6
1561500 21e521e4 21e321e7 21e621e8 21e921e5
1561520 21ed21eb 21ec21ee 21f121ea 21eb21ed
1561540 21f221f5 21f121f5 21f121f0 21e821f2
1561560 21f621f1 21ec21f2 21f121f7 21ef21f1
1561600 21eb21e8 21f321f2 21f221f2 21f421ee
1561620 21f421f9 21f221f2 21f521f5 21fa21fb
1561640 21f721f6 21f521f5 21fb21f8 21fe21f8
1561660 22002203 22012204 220021fc 21f02202
1561700 21a321ca 21562176 21272134 21082110
1561720 2107210b 21012106 2105210a 210c2107
1561740 210a2107 21022107 21072105 210d2110
1561760 2113210e 21092105 21052109 21122107
1562000 211d2119 21182115 21112114 210d2111
1562020 210e210d 21082111 210d210d 210a2110
1562040 210e2112 21132111 21092112 210a210a
1562060 210a210b 210f210f 210c2112 21112114
1562100 2117210e 211b2114 2117211a 21112112
1562120 211b2115 21192119 21142116 21152115
1562140 21162115 211b211f 21142119 211f2117
1562160 2113210c 2112211f 211b2117 211c2122
1562200 211e211a 21142117 2116211a 21202122
1562220 21132113 21182117 21112113 21152113
1562240 211b2117 21172116 211a2117 211e211f
1562260 211c211a 211a211b 21162118 211a2119
1562300 21122118 2117211d 2118211a 2112210e
1562320 2114210f 21142111 21162117 2119211a
1562340 21132115 211e2111 211a2117 211d211b
1562360 211f2116 211e211e 211c211e 2119211f
1562400 21242120 212a2128 21272129 212a2127
1562420 21252128 21192124 211a211c 21202120
1562440 211c211d 2117211a 2125211e 21212125
1562460 211b211a 2118211f 211f2116 211b211c
1562500 21202120 211e211d 211b211f 211a2118
1562520 21232121 211c2123 211f211d 211f211c
1562540 211d2120 211b211c 21192117 2117211a
1562560 211d211a 211b211b 21102119 21182112
1562600 21142117 21162112 2114211e 211a211a
1562620 2123211a 211d211a 211f211b 21192118
1562640 2117211a 2123211e 211d211e 211a2112
1562660 211a2118 21102118 21162116 211c2120
1562700 21132119 2110211c 210b2112 211b2115
1562720 2119210f 21192111 21172119 21152120
1562740 2116211c 21162114 21232117 2111211b
1562760 21192115 21112114 21092112 210e210d
1563000 2105210f 210d210c 210f2111 210b210a
1563020 210e210a 21102113 210f2112 210c2113
1563040 210c2110 210e2108 210f2119 211a2119
1563060 2115211a 210b2111 210b210c 21032101
1563100 20fb20ff 210420ff 21122104 210f210f
1563120 2102210d 2108210b 21112115 21112113
1563140 20ff2108 20ff2102 20fa20fd 21042102
1563160 210b2108 210220ff 21032106 21042105
1563200 21012103 21052101 210720ff 20f92105
1563220 20fe20fb 20fe2100 210320ff 210120ff
1563240 210420ff 20fa20fe 210720ff 21092104
1563260 21082106 21012103 20fc2101 20fd2102
1563300 21012101 21062100 20fd20fe 210120fb
1563320 21052106 21042105 21082104 21022106
1563340 21092106 21052109 20fd2101 20ff20ff
1563360 20f920fd 210020fd 21002104 20fd2101
1563400 20ff20fa 210220fa 21002102 20fe2102
1563420 20fd2100 21092105 21122108 21072108
1563440 21142113 210d2117 210d2109 2108210c
1563460 210e210d 2110210d 210d2114 2111210d
1563500 21102111 210c210e 2112210b 21092106
1563520 210a2107 210c2108 210b2112 2111210f
1563540 210c210b 21102111 21192111 21182119
1563560 21152114 21182118 210e2112 21192116
1563600 2112211d 2115211a 21192118 211a2119
1563620 211e211f 2123211f 211e2121 211f211c
1563640 21272122 21262121 212a212d 212a212c
1563660 212c212b 21242121 212e2128 21272131
1563700 212b212c 212c212a 2135212a 2131212f
1563720 21252129 21292123 21222125 212d2127
1563740 2124212c 2129212b 212a2125 212e2128
1563760 21322129 21342136 21392138 2136213c
1564000 21342130 213a2138 2131213b 21382136
1564020 21412136 2144213e 213d213f 21402140
1564040 2136213a 21392139 213f213c 2142213e
1564060 213e213c 213e2144 2137213c 21392139
1564100 213e213c 2141213c 21312140 21332137
1564120 2135213b 213b2131 21452148 21452145
1564140 21432144 21432145 21442144 2149214a
1564160 21552146 214d2152 2153214c 2152214d
1564200 21502151 214d214e 214c214f 214d214b
1564220 21522150 2151214f 214e2158 2150214b
1564240 214c214b 215a2150 21542155 21502153
1564260 21572158 2158215e 215b2158 215a2159
1564300 2161215e 21612167 21632162 215e2159
1564320 2156215d 21592153 2158215d 21542158
1564340 215d2158 215a2160 21552160 2161215f
1564360 215b215c 215f2156 21622163 215f215f
1564400 2166216a 215a2160 215f2151 2157215a
1564420 215f215c 21582160 2155214c 215c2153
1564440 21592155 2163215b 2153215c 2156214e
1564460 21532155 21522157 21552157 21572157
1564500 2152215b 215c2158 21592159 215a2160
1564520 2159215a 215e215a 215d215a 21542157
1564540 21552156 21582158 215a2156 214d2150
1564560 21562151 2156215d 215a215c 2163215c
1564600 21542151 21522151 21542156 215a2158
1564620 2159215b 215b2159 2157215d 21592153
1564640 215a2162 215c2155 21552158 215e215e
1564660 215b215a 214e2155 214c214f 21562151
1564700 215b215d 21552158 2159215a 214f2151
1564720 21552151 214f2157 214e214c 21512151
1564740 21542156 215c2153 21522155 21592157
1564760 21512159 21502154 214a214e 21492149
1565000 2153214f 21552156 2153214e 21592155
1565020 215c2158 21542153 214f2155 21522151
1565040 214a214c 214c2152 21512154 21522153
1565060 21542153 2152214e 2158214c 2149214b
1565100 214a214c 21442146 21472146 214e214a
1565120 214b214a 214a2151 21482145 214c2149
1565140 2144214b 2148214b 2142214a 213e2141
1565160 2140213c 21402140 213f213d 213d213e
1565200 21402137 213c2136 2137213a 213a213a
1565220 213e213a 21402140 213e2142 213b213f
1565240 21372138 21352139 21312136 213a2138
1565260 21362137 21382131 2132213c 21352135
1565300 21312130 212d212e 2128212b 21342136
1565320 21312138 2131212d 21312132 21302138
1565340 21292139 21252125 212d2128 21272120
1565360 21272126 211a2121 212b2123 211b2124
1565400 2124211c 2124212a 212e2127 2129212a
1565420 21262126 211e2120 2121211f 2121211d
1565440 21202120 2126211f 21282128 2129212d
1565460 21252124 2128212d 212a2124 212b212a
1565500 21232124 211b212a 211f2118 21222119
1565520 211a211c 2123211e 211d2121 2120211c
1565540 212b2123 211e2121 211f2122 2121211f
1565560 211d211f 2123211d 21262122 2122212c
1565600 211d211d 211d211c 21222122 211e2118
1565620 2128212a 2118211c 21152114 2119211b
1565640 21232120 211f2121 21212123 21212126
1565660 211f211e 2127211f 21272127 2126212a
1565700 21222121 212b2128 212a2126 21262128
1565720 2122212b 21262128 2127212a 21292128
1565740 21302131 21312130 2122212a 21252122
1565760 212e212a 21322131 212d2132 21302132
1566000 2133212c 2134212f 213a213a 21312139
1566020 212b212d 2136212e 213a2139 21382140
1566040 213a2139 213b2141 2137213e 213f2137
1566060 2138213e 2149213a 21462146 2142213e
1566100 2142213e 213f213e 21442140 214c2143
1566120 21482145 214b2142 214a214e 214a2145
1566140 214e2149 214c214b 21522149 214b214b
1566160 214c214f 21512151 21522156 21632155
1566200 21612158 2163215a 21662166 2160215c
1566220 21662166 215e215a 215c215f 21622160
1566240 2163215c 215d2160 2162215f 215e215f
1566260 2162215d 21602162 2166215a 21632164
1566300 216a216e 2164216a 21672164 21612164
1566320 215d2164 216c2166 21672165 216f2162
1566340 21642166 21682168 2169216c 216b2167
1566360 216e216a 216d2167 216b216e 216b216b
1566400 216f2174 2171216b 2171216d 21742172
1566420 2173217b 217b2178 217f217b 217c2180
1566440 2177217b 216f2172 21712171 21792173
1566460 217b217b 21782170 21792178 217a2171
1566500 217c2170 2178217f 21732177 2177217b
1566520 2185217a 21802182 217d217f 217f217c
1566540 217f2184 217c217b 21832182 21822185
1566560 2176217d 21852173 218f218e 2185218a
1566600 21872190 2182217f 217e2182 21892189
1566620 21882185 218d2192 21882189 21882187
1566640 218e218e 218f2189 21942192 2190219a
1566660 21972195 218a218d 21842180 21842184
1566700 218c218b 218a218a 218b2189 218c218b
1566720 218e2185 218d2187 218b218f 21882186
1566740 218b2187 218a218a 21942188 21922192
1566760 2186218d 21882186 218a2183 21882181
1567000 21882185 2187218c 218b218c 2188218d
1567020 218b2185 218f218a 218a2192 218b2185
1567040 2191218f 21802187 217f218e 21862183
1567060 21892187 218c218e 218b218d 218f218c
1567100 218e2190 218b2187 2188218d 21812186
1567120 21852186 21852185 217d2187 218b2181
1567140 21812184 2183218d 217d2186 217a2179
1567160 21812177 217d2181 21822185 2184217e
1567200 2180217d 21882184 21862185 2180217f
1567220 21892181 21832180 21892186 218a2183
1567240 218b2186 21852187 21852184 21872187
1567260 21802184 21862189 218a2183 2184217b
1567300 217b2185 217c2179 21762186 217f2179
1567320 217c217e 217b217a 217e217a 2177217d
1567340 21792179 217f217b 217e217b 217b2181
1567360 217b217d 217c2175 2178217d 21762175
1567400 21742175 216b2172 216d216d 216b2169
1567420 216a2170 21692165 216a2169 216c216e
1567440 216a216e 2170216d 21702170 21712168
1567460 216d2173 216f216c 21652166 21652162
1567500 21632169 21642163 21652166 215a2162
1567520 215c2167 2165215f 21642167 2167216c
1567540 2161215f 2160215f 2160216c 21572158
1567560 215e2156 215b215b 21562161 215c2161
1567600 2155215b 215b2159 215a215f 214f2154
1567620 21512152 214a2152 21472149 2152214c
1567640 21532150 2159214f 215a2157 21512154
1567660 2148214e 2143214b 214d2148 2151214f
1567700 214d214d 214b214c 2148214d 21452148
1567720 213c2143 21492142 214d214f 214d214c
1567740 21492150 2145214c 21452143 2146214b
1567760 21452144 21472147 2151214d 214b214d
1570000 214c214c 21462150 21562148 2144214e
1570020 21472144 214c2147 214a214c 214b2151
1570040 21492143 214b214c 21462148 214d214d
1570060 214e2152 214b2145 213a2142 21442141
1570100 21442145 214b214a 21442145 21442142
1570120 214d2144 21482147 21472151 214f214a
1570140 21512144 2144214a 21482141 214c214d
1570160 2146214d 214f214e 214f2151 214d214e
1570200 214f214c 21512153 21522154 21532151
1570220 2153214f 21552157 21572155 21522154
1570240 21562154 21592154 2156215e 21542158
1570260 21562155 214e215e 214f2153 21542159
1570300 21542153 21582153 215a2159 215f2158
1570320 21602163 21582161 215d2155 2162215b
1570340 215f215e 21602164 21682166 21662168
1570360 21652165 21642168 21662168 216c2164
1570400 216e216f 21712171 216a2168 21762174
1570420 21702170 216f2168 215f2166 21662166
1570440 21662165 216e216a 2173216f 21712173
1570460 21732174 2173216e 217c217a 217a2178
1570500 216c2177 2172216f 217c2176 2177217c
1570520 2179217b 21832185 21782184 2182217f
1570540 217b217a 2179217d 21882181 21812189
1570560 217e2184 21832184 2185217e 21762183
1570600 21782184 21802180 2189218a 218a2184
1570620 21882182 21842184 21842181 218a2183
1570640 21852183 21912186 2186218c 218c218d
1570660 2193218b 2189218b 2190218d 21902191
1570700 218f2190 218f218b 21962194 21902190
1570720 2188218f 21952193 21992192 218d2190
1570740 21932192 21972194 21932199 218d2191
1570760 21932192 21942192 218b218e 21932196
1571000 21912192 21922191 21992191 2198218c
1571020 21972196 21982198 21a12198 219b21a3
1571040 21932199 2196219a 21942196 21942196
1571060 21962198 21952196 219b219d 219d219a
1571100 219e2195 2196219c 2197219a 21992197
1571120 2199219b 21932194 219b219b 219a2199
1571140 21a22198 21a121a0 2199219d 21942193
1571160 21912192 219a2198 219c2197 219a2199
1571200 21982198 21992197 219c219f 2195219d
1571220 21a1219c 21a3219f 2196219d 21a22199
1571240 219d21a1 21a6219d 21a221a0 2199219b
1571260 219a2197 219c21a3 21a021a7 219f219d
1571300 219c219c 21a0219e 21a021a0 219d219f
1571320 2199219b 219f219c 219f21a3 219b2197
1571340 219e2199 219821a1 21992199 2198219b
1571360 219f219b 219e219c 2193219d 21942194
1571400 21972199 21982196 219a2198 219b219e
1571420 219f219a 219e219f 219a2191 219e219b
1571440 21a321a4 21982199 2199219c 2197218d
1571460 21942193 21932192 21982198 21942191
1571500 21962194 218d2194 21972196 21892190
1571520 21902199 218b2190 21912194 21952199
1571540 218f2191 2193218e 2197218c 219a2198
1571560 21962197 219a219e 21932196 21922194
1571600 218b2196 218f218f 218b218e 218a2189
1571620 21872184 21872183 21862181 2189218b
1571640 2187218e 21822188 2183217b 21832181
1571660 2184217d 21842186 217e2180 21752179
1571700 21722175 2178217b 21762177 217b2176
1571720 217b2178 217c217b 2176217a 217f2177
1571740 217e217c 21782174 217c2185 21732174
1571760 21762180 217d2171 217c2173 21762177
1572000 217e217c 21772178 2177217f 21752176
1572020 21732178 217a2178 2174217d 21722172
1572040 216f216c 216f2169 2168216f 216f2168
1572060 2167216c 21672165 21652163 21672164
1572100 2168216d 216f2168 2170216c 2168216e
1572120 21652166 21692171 21702167 2171216b
1572140 21682166 21642161 21602166 21632167
1572160 21662168 216b2164 216b2172 216b216e
1572200 216a2172 2177216e 21742172 2163216e
1572220 216f2168 21602162 21672164 216c216d
1572240 216e2169 21692176 21682168 21672166
1572260 21632164 2166216b 2171216e 2169216a
1572300 216a2160 21652167 2167216b 216d2175
1572320 216a216a 2174216d 21732175 216b216d
1572340 21692172 216b216f 216a2169 2173216d
1572360 21732173 2175216e 21712176 21762169
1572400 2174216e 216f2171 21752176 21772177
1572420 21772174 217a2181 21722181 2175217a
1572440 21722175 21792175 21732178 216c2173
1572460 21832172 217d217f 217f217d 216f217e
1572500 21782170 21732175 217b2176 21832182
1572520 21812183 217f2180 21822187 217c2182
1572540 217e2179 21822179 21802189 217a2184
1572560 21832186 21832187 21862184 2181217d
1572600 218c2183 218e2189 218e218b 2191218d
1572620 218e2190 2186218d 2190218c 218f218f
1572640 21952191 219b219b 21982196 218d2190
1572660 21942196 218b2192 2187218d 218d218c
1572700 2188218f 21952191 21952196 21932196
1572720 21962195 2193219b 219d2193 21a1219d
1572740 21a4219f 219f21a9 2199219e 219c219c
1572760 21922192 21a4219a 219f21aa 219d219f
1573000 21a521a1 21a0219f 21a521a3 219e21a2
1573020 219b21a0 21a721a1 219e21a0 21a021a3
1573040 21a921ab 21aa21a9 21a521a0 21a221a3
1573060 21a6219f 21ad21ae 21aa21ac 21ae21a1
1573100 21af21ae 21af21b5 21b021b1 21a921ab
1573120 21aa21a9 21a921ab 21a821b0 21a421a8
1573140 21a221a7 21a421ac 21ab21a6 21ad21aa
1573160 21ac21ad 21a721ae 219f21a3 21ae21a3
1573200 21a721a6 21b221aa 21a521ac 21a521a5
1573220 21a121a9 21a821a9 21b421b0 21a921a7
1573240 21a721a2 21af21ab 21ae21a9 21ab21b2
1573260 21b521b3 21b021b1 21ae21ac 21aa21aa
1573300 21ab21ad 21a421a6 21b121a9 21b021b0
1573320 21ae21b5 21b021b3 21a421b0 21ae21a8
1573340 21ac21b0 21b621b4 21b821b5 21b821b6
1573360 21ae21b7 21b221ab 21a721ae 21ab21a8
1573400 21b721ac 21b021ad 21af21ad 21b021aa
1573420 21b221ad 21b221b3 21ad21ac 21b221b6
1573440 21ac21b6 21ab21ad 21a721ab 21b021a0
1573460 21a621a7 21ac21b1 21aa21a9 21b221ad
1573500 21a921aa 21a821a7 21a521aa 21af21a9
1573520 21ab21a8 21b121ae 21b421b4 21ad21ae
1573540 21ae21ae 21b521ad 21ac21a9 21b421b1
1573560 21b321b6 21b021b9 21b121b2 21ae21a9
1573600 21a621ae 21a821a8 21ac21af 21ad21af
1573620 21a921a7 21a421a4 21a121a3 21a021a9
1573640 21a021a0 219d21a1 219d21a2 219e219e
1573660 219b21a1 219a219a 21a121a0 219c21a3
1573700 219e219a 2196219c 219f2197 2194218f
1573720 219a2195 219f2196 219d219c 21a421a0
1573740 219b2196 2199219c 21962195 219b219c
1573760 21922195 219b2199 219c2198 2199219c
1574000 219a21a1 21942196 2196218e 2189218e
1574020 21892187 21912188 21942193 218f218c
1574040 218c218e 2181218a 21882189 218e218a
1574060 21892188 21842182 21872189 21862188
1574100 21842182 217f217f 21862184 21812184
1574120 21802183 21842182 2183217b 217a2174
1574140 2179217f 217e217a 218b2181 217b217c
1574160 217c2180 2174217f 21782174 217e2179
1574200 217c2178 21772180 21742178 2178217a
1574220 2178216e 21782170 21802176 217b217e
1574240 217a217f 217d2180 2178217b 217e217b
1574260 21722179 21722178 216b2176 21712171
1574300 21752175 217a2174 21742176 21742170
1574320 21762173 216e216a 216b2168 21712171
1574340 21702170 217a216f 21732175 216f216f
1574360 21722177 2178216f 21752175 21712171
1574400 2170216f 21782175 2176217a 216a2176
1574420 217a2173 21722173 2176216e 21732177
1574440 2169216d 2173216c 217a2175 2177217d
1574460 21752178 216e2171 21772172 21732173
1574500 216c2179 21772170 21782173 21772177
1574520 21772178 217e2177 217a2176 2183217a
1574540 21862184 2182218f 217f2189 217c217f
1574560 21842182 217c2183 217a217e 21812179
1574600 2181217c 218d2188 21862189 218c2188
1574620 218c2184 21892186 21852187 218c2189
1574640 218a218e 21862190 21832188 21872185
1574660 21882189 218a218f 218a2188 2190218d
1574700 2192218c 218d2192 21932195 219d2195
1574720 219c219c 21922195 219e2199 219a219b
1574740 219d219c 219d2198 219e219b 219821a4
1574760 219a219f 21a421a5 21a021a0 21a2219c
1575000 21a321a1 21a821a6 21ab21ac 21a921a9
1575020 21ab21a8 21ab21ab 21a721aa 21aa21ab
1575040 21af21aa 21b521b3 21b721b2 21b621b8
1575060 21af21bc 21bc21b5 21b921b5 21b721b4
1575100 21bf21b8 21c021c1 21c121c2 21bf21bf
1575120 21bf21bb 21c021b6 21b821bb 21c321ba
1575140 21be21b9 21c221c1 21b921c0 21bf21be
1575160 21c521c6 21bb21be 21c321c1 21c321c2
1575200 21c121cc 21c221c0 21c321bf 21c221bc
1575220 21be21c0 21c021c3 21ca21c9 21c821c7
1575240 21c821cc 21c621c8 21c621c7 21cb21ce
1575260 21cb21c9 21cf21cb 21da21d3 21d821d4
1575300 21d721d3 21dd21e0 21d721d9 21d221dc
1575320 21c921c8 21cf21cd 21d821d2 21d221d7
1575340 21d021d7 21d321dd 21d121cd 21d121d6
1575360 21d721d9 21d721d7 21d421d6 21d521db
1575400 21d221cb 21d521d3 21d521d1 21de21de
1575420 21d821dc 21d821d9 21e021db 21db21dd
1575440 21db21dd 21e721df 21e721e4 21df21e5
1575460 21e121e0 21e221e3 21dd21d7 21e421dd
1575500 21e421e4 21dc21dd 21d821dd 21db21e1
1575520 21da21d8 21df21dc 21db21de 21de21dd
1575540 21da21e0 21dd21de 21dd21df 21dd21df
1575560 21da21e6 21d821e2 21df21dd 21df21df
1575600 21e421e3 21e621e1 21df21de 21e321e1
1575620 21e921e6 21e321e4 21df21db 21d721db
1575640 21d721d7 21e121e2 21d621d8 21e321e0
1575660 21d721db 21de21d9 21dd21dc 21cf21d7
1575700 21d921d9 21de21d5 21dd21de 21de21e1
1575720 21dc21e3 21de21df 21da21d8 21e021d8
1575740 21db21e1 21dc21e3 21d421d9 21d221d0
1575760 21cd21d0 21d721cf 21d721d2 21d321d4
1576000 21d321cf 21d021c9 21cd21ca 21c621cc
1576020 21c721c7 21c621c6 21d121c6 21bf21c1
1576040 21c721c8 21c821c3 21c621c9 21c821c4
1576060 21c421ca 21c421c2 21c121c5 21c221c3
1576100 21c621c4 21c321bf 21b121bb 21bc21b9
1576120 21bf21c2 21c121c3 21c221be 21c121b7
1576140 21c321c5 21bd21bf 21c721c2 21be21c0
1576160 21ba21b8 21bb21bd 21b921b4 21ba21b3
1576200 21b421b6 21b021b7 21b421b7 21af21b3
1576220 21b521b1 21b521b4 21b321b8 21b621bd
1576240 21b921b8 21b221af 21ad21af 21ae21ae
1576260 21a021aa 21a621a5 21ab21a9 21a621a5
1576300 21a021a7 21a0219c 219a21a2 219e2199
1576320 21a2219c 219d219c 21a1219e 21a721a5
1576340 21a421a1 219f21a9 2190219e 21902195
1576360 21972199 218e218e 2191218f 218b218c
1576400 219a2190 21962193 21942190 218d218c
1576420 218c218b 218d2195 218b218e 2189218a
1576440 218d2188 218d218f 218c2190 2189218a
1576460 217d2180 21832184 217f217f 217c2180
1576500 21832186 21832185 21802184 21822180
1576520 21812180 217f2180 2186217f 21852186
1576540 21832188 21802183 21862189 2186217f
1576560 21852182 217d2184 21812181 2183217e
1576600 2183217d 21842186 21802185 217d2188
1576620 217e2177 2178216d 217e217d 2178217b
1576640 21852188 2178217f 217a2175 217a2178
1576660 217e2178 2175217c 2174217a 21762173
1576700 2178217b 2183217a 21872188 21872187
1576720 2179217e 217b2176 217b217b 21842180
1576740 21842182 2188218a 21832184 21842180
1576760 217f217f 21892185 218a2186 218c218e
1577000 2182218e 21882189 21832183 218f2185
1577020 21832185 21882180 21862189 218c2188
1577040 21862185 21852189 21762182 217f2181
1577060 21852183 21842184 21952192 21862188
1577100 2189218e 21872182 21842185 218e2188
1577120 2195218f 2199219f 21922194 219e2196
1577140 2196219a 21982197 2197219b 21a12198
1577160 219f219e 219b21a1 219a21a4 21a3219f
1577200 21a321a2 21a2219e 21ab21a1 21a021ac
1577220 21a921a7 21ab21ac 21a821a6 21b021aa
1577240 21a921ae 21b421b9 21b621b3 21b921bc
1577260 21b821b5 21b021b8 21b621b7 21b321b0
1577300 21b721b7 21b721b8 21b421b5 21bb21b8
1577320 21b821be 21c121bc 21c121ba 21b621c4
1577340 21c521be 21c421c5 21c121b8 21c221b9
1577360 21c421c7 21c321c9 21bd21b9 21ce21c7
1577400 21cc21cf 21d721ce 21ce21d0 21d021cb
1577420 21ce21cd 21d521d3 21d621d5 21d821d7
1577440 21de21db 21ce21d6 21d021d8 21ca21d4
1577460 21d521d3 21e021d3 21dc21da 21db21d5
1577500 21db21d4 21dc21de 21d721d5 21de21d0
1577520 21de21dd 21de21e2 21dd21e2 21d321e0
1577540 21e221dd 21dd21dd 21eb21e0 21eb21e5
1577560 21ea21e4 21e921e5 21e821e5 21f121e1
1577600 21e821e8 21ec21f1 21eb21e2 21e921f7
1577620 21e321ea 21ed21ea 21eb21ec 21ef21e9
1577640 21ed21f7 21e921e7 21f021ee 21e821ee
1577660 21f121e6 21f121e9 21f321f1 21f521f5
1577700 21ee21f1 21ef21eb 21ec21ee 21ee21f0
1577720 21ef21ef 21fa21f0 21f821f0 21f621f2
1577740 21f021f5 21f221ee 21ed21ed 21f821f3
1577760 21f521f2 21f521ec 21f921fd 21fe21fd
1600000 00003fe8 0001000a 01003fe8 000afe44
1600020 00000004 00000000 63e50c70 0000002b
1600040 00000001 00001004 00003fe8 00000000
1600060 00001004 0001000a 00010000 03b16025
1600100 00000ffc 0001000a 1400003c add01f00
1600120 add01f01 add01f02 add01f03 add01f04
1600140 add01f05 add01f06 add01f07 add01f08
1600160 add01f09 add01f0a add01f0b add01f0c
1600200 add01f0d add01f0e add01f0f add01f10
1600220 add01f11 add01f12 add01f13 add01f14
1600240 add01f15 add01f16 add01f17 add01f18
1600260 add01f19 add01f1a add01f1b add01f1c
1600300 add01f1d add01f1e ff000134 00000020
1600320 00000002 b68a09b0 00000001 deadbeef
1600340 f0000002 b68a099c 180b4202 00000000
1600360 00000134 00001f48 a01004a2 22062126
1600400 220e220a 22042209 21fe2203 21f621ff
1600420 21f921f8 220821fa 22082202 21fc21ff
1600440 21f521fc 220121fe 220321ff 21fe2203
1600460 21fb21f1 21fa21f6 21fa21f9 21fe21fb
1600500 220321fc 21fe21fd 21f021fc 21f121f2
1600520 21f821f1 21f521f8 21f821fb 21f421f7
1600540 21f521f8 21f421f9 21f221f1 21f621f1
1600560 220121f9 21f521f6 21fc2204 21f221f6
1600600 21fd21fa 21fa21fc 21ec21f2 21e821e7
1600620 21ef21ed 21ec21ec 21ee21e9 21f321ec
1600640 21ee21f3 21e621e9 21f021eb 21ed21ec
1600660 21ea21e9 21e821e7 21e921ea 21ec21f0
1600700 21e721eb 21e221e3 21e721e0 21e721e8
1600720 21ed21ea 21ee21e6 21e821e3 21e621e8
1600740 21e021de 21dd21dd 21d921dc 21de21dd
1600760 21e021e4 21e121e3 21e321df 21e021e2
1601000 21d921da 21e121e2 21e121e5 21df21de
1601020 21db21df 21d421d5 21da21d7 21d421d5
1601040 21d621d2 21ca21d2 212121cc 1f2f201d
1601060 1def1e77 1d6b1d9a 1d2c1d40 1d241d21
1601100 1d181d1b 1d0f1d1b 1d121d0f 1d101d18
1601120 1d0d1d13 1d0b1d09 1d111d11 1d041d06
1601140 1d0c1d08 1d0d1d07 1d091d04 1d071d04
1601160 1d121d0f 1d0e1d0e 1d081d0e 1d011d03
1601200 1d041d02 1d081d00 1d021d07 1d071cfd
1601220 1d091d0b 1d0b1d0c 1d051d02 1d071d08
1601240 1d041d08 1d051d0a 1d051d05 1d061d00
1601260 1d051d04 1cfd1d03 1cfe1d01 1cfe1cf9
1601300 1d0c1cfe 1d031d03 1d0c1d0b 1d121d0b
1601320 1d061d07 1cff1cfc 1d041d02 1d031d03
1601340 1d031d01 1cfc1d00 1d091d04 1d051d07
1601360 1d0c1d02 1d0e1d0c 1d0a1d0f 1d0d1d0a
1601400 1d0b1d09 1d121d0f 1d0c1d12 1d141d10
1601420 1d0d1d10 1d101d13 1d111d14 1d0b1d0d
1601440 1d0f1d11 1d161d0d 1d0d1d15 1d1b1d19
1601460 1d181d20 1d161d1a 1d1b1d18 1d1d1d1b
1601500 1d1e1d17 1d1c1d1a 1d191d18 1d1c1d1d
1601520 1d1f1d1d 1d281d24 1d251d2a 1d2b1d29
1601540 1d2c1d2c 1d221d24 1d271d29 1d271d24
1601560 1d281d2c 1d311d2c 1d2c1d2d 1d341d30
1601600 1d281d2c 1d2c1d26 1d301d2d 1d391d3b
1601620 1d2c1d39 1d311d34 1d3a1d32 1d411d3c
1601640 1d3a1d3a 1d371d43 1d3d1d40 1d3b1d3a
1601660 1d3b1d3d 1d3b1d3b 1d3c1d3d 1d401d3d
1601700 1d451d46 1d4b1d47 1d461d4c 1d3f1d4a
1601720 1d481d47 1d511d48 1d501d53 1d4c1d4b
1601740 1d571d52 1d581d5d 1d5d1d5a 1d621d56
1601760 1d5f1d5e 1d611d61 1d581d63 1d5b1d5e
1602000 1d621d5e 1d601d5b 1d671d6e 1d631d68
1602020 1d701d75 1d731d6b 1d741d76 1d6e1d77
1602040 1d711d7b 1d781d72 1d7e1d78 1d771d7d
1602060 1d751d7b 1d801d7d 1d7b1d85 1d7f1d82
1602100 1d891d8b 1d8c1d86 1d841d83 1d7e1d80
1602120 1d861d82 1d891d86 1d8c1d92 1d901d94
1602140 1d931d8c 1d911d8c 1d8f1d8f 1d901d96
1602160 1d901d8f 1d9a1d94 1d961d98 1d9c1d99
1602200 1d9e1da0 1d9c1d99 1da01d99 1d9f1d95
1602220 1d9f1da4 1d9a1da1 1d9e1da0 1da51da9
1602240 1da41da7 1da71da1 1db41daa 1daa1dae
1602260 1dad1da8 1dad1da2 1db21db8 1db81db7
1602300 1dbc1dba 1db91db7 1db91db4 1dba1dbd
1602320 1dbe1dbe 1dbf1dbb 1dbd1dbc 1dbf1dbc
1602340 1dba1dbe 1dc01dc0 1dc41dc6 1dc81dbc
1602360 1dc91dc3 1dc71dcc 1dd11dd0 1dc61dcb
1602400 1dce1dc8 1dd01dc5 1dce1dd1 1dcc1dd0
1602420 1dcd1dd0 1dd31dd0 1dd41dcf 1dce1dcc
1602440 1dcb1dc8 1dcd1dd1 1dc81dcd 1dd01dc8
1602460 1dd11dd0 1ddb1dd9 1ddd1dd5 1dde1dde
1602500 1dde1dda 1dd31dda 1dd41dd3 1dd91dd7
1602520 1de21de2 1ddd1ddc 1ddd1ddb 1dcf1dd7
1602540 1ddc1ddb 1ddf1dd6 1de61ddb 1ddd1ddb
1602560 1dd61ddc 1dd61dda 1dda1dd5 1ddd1ddd
1602600 1de61ddd 1ddf1dde 1de61de3 1def1dec
1602620 1de71de8 1de41de2 1de51de3 1de61de7
1602640 1de31ddf 1de31de5 1dea1de4 1de41de5
1602660 1de11de3 1de91de6 1de81de0 1df01dec
1602700 1de41de3 1de61de0 1de41de1 1dee1de7
1602720 1dee1def 1de81def 1de01de9 1dea1ddf
1602740 1deb1de4 1dec1df1 1dee1deb 1deb1df0
1602760 1df01dee 1dea1de6 1dee1deb 1deb1de8
1603000 1ded1df8 1df11df0 1dec1ded 1de41de9
1603020 1deb1dec 1de81df2 1def1dea 1de81dea
1603040 1de41de5 1de81de3 1dec1deb 1de61de8
1603060 1deb1df2 1de61de9 1de31de9 1de81de4
1603100 1de11ded 1de71de2 1de81de4 1deb1de9
1603120 1dec1df1 1df31def 1df71ded 1de81dee
1603140 1dec1ded 1dea1deb 1de71de9 1dea1deb
1603160 1de71dea 1de31de3 1de61de5 1de51de7
1603200 1def1de6 1dee1de7 1df01de7 1ded1def
1603220 1de81df3 1de71de4 1de51de2 1de61de9
1603240 1deb1deb 1de71df0 1dec1de7 1ded1deb
1603260 1dea1dea 1df71dee 1def1df2 1dec1de8
1603300 1de61de9 1dec1dea 1df41df2 1de71dec
1603320 1de61de5 1de61de9 1de71de3 1de21dea
1603340 1de61de1 1de81de8 1dde1ddd 1ddc1de1
1603360 1de11ddf 1de71de2 1de71de6 1de01dea
1603400 1de71de9 1de11de5 1ddd1dde 1de21de2
1603420 1ddf1ddb 1de71de5 1de01de7 1ddf1dd8
1603440 1de11dda 1de41ddf 1de11de1 1de61dde
1603460 1de61de7 1de31de1 1de11de3 1ddc1de8
1603500 1ddf1dde 1dde1de1 1de51dd8 1deb1de9
1603520 1de31de7 1ddb1ddd 1dde1dde 1de81de4
1603540 1ddd1de1 1de31de6 1dec1de6 1de61de7
1603560 1deb1def 1de11de7 1de11de7 1dea1de6
1603600 1de71de2 1de81de8 1df11df0 1dec1deb
1603620 1def1dec 1df31df2 1dec1dea 1def1def
1603640 1dee1dee 1df11dec 1de31de7 1de71de8
1603660 1ded1de8 1dec1ded 1df41df0 1df61dfa
1603700 1df51df5 1df01df9 1df81df1 1df41dfa
1603720 1dfd1dfe 1dfa1dfb 1dfe1df9 1df41df8
1603740 1dfa1df7 1dfd1dfb 1df91dfb 1e001dfe
1603760 1df91df7 1e041e02 1e011e03 1e031e01
1604000 1e0a1e05 1e011e0b 1e031e06 1dfd1dfb
1604020 1e0c1dfe 1e0c1e03 1e061e07 1e0c1e13
1604040 1e141e13 1e151e0e 1e181e10 1e181e14
1604060 1e191e1a 1e1f1e1b 1e1e1e16 1e181e1c
1604100 1e211e18 1e1e1e1c 1e1b1e21 1e1b1e16
1604120 1e211e1e 1e291e22 1e251e22 1e241e24
1604140 1e261e23 1e2e1e28 1e291e32 1e331e30
1604160 1e311e32 1e311e2b 1e371e35 1e341e38
1604200 1e3a1e35 1e391e36 1e301e37 1e3c1e33
1604220 1e331e3c 1e351e35 1e331e30 1e3f1e35
1604240 1e491e40 1e3d1e43 1e4a1e48 1e3f1e3e
1604260 1e4c1e45 1e511e4b 1e4a1e53 1e581e55
1604300 1e561e53 1e551e50 1e571e5a 1e5a1e5b
1604320 1e571e56 1e531e53 1e571e57 1e631e5d
1604340 1e5e1e63 1e651e5f 1e631e63 1e631e63
1604360 1e681e64 1e661e68 1e6f1e6b 1e711e6b
1604400 1e721e70 1e761e6f 1e7d1e7d 1e831e81
1604420 1e791e7e 1e781e73 1e7b1e77 1e801e78
1604440 1e7d1e7c 1e7b1e7a 1e781e77 1e811e72
1604460 1e871e91 1e841e7f 1e871e90 1e861e80
1604500 1e851e87 1e8a1e8c 1e8a1e8d 1e891e8c
1604520 1e981e8f 1e941e93 1e961e8e 1e911e90
1604540 1e8f1e95 1e941e8c 1e9a1e8f 1e931e9a
1604560 1e991e95 1e921e9a 1e961e9a 1e951e96
1604600 1e9b1e9a 1e951e9d 1e9a1e9c 1ea51e9d
1604620 1ea91ea8 1ea91ead 1ea51ea8 1ea81ea5
1604640 1eab1ea5 1eab1ea3 1ea71ea5 1eb31eab
1604660 1eac1eb1 1eac1eaf 1eb01ead 1eaf1eb6
1604700 1eb31eb1 1eb31eba 1eb21eb1 1eb31eaf
1604720 1eaa1eb0 1eb21eaa 1eb81eb1 1ec11eb6
1604740 1ebe1ebd 1eba1ebe 1eb71eb9 1eb41eb8
1604760 1eb71eb7 1ebb1ebe 1eb81ebb 1eb71ebf
1605000 1eb01eb5 1eba1eae 1eb91eb7 1eb91ebb
1605020 1ec21eb9 1ebc1ebe 1ebe1ebd 1ec41ec3
1605040 1ec81ec6 1eba1ecc 1ec11ec6 1ebf1ec0
1605060 1ebf1ebb 1ec31ebe 1ec51ecb 1ece1ecc
1605100 1ec81ecb 1ecf1ecc 1ed01ed1 1ecb1ecd
1605120 1ecc1ecd 1ecd1ecb 1ed01ed1 1ed01ecf
1605140 1ed21ecb 1ecc1ecd 1ece1ec9 1ecb1ecc
1605160 1eca1ecd 1ed11ecf 1ed61ed8 1ed01ed0
1605200 1ed41ed3 1ebd1ecc 1ecf1eca 1ecc1eda
1605220 1ecc1ec6 1ec71ecc 1ecb1ec9 1ed61ec9
1605240 1ed21ed6 1ed51ed3 1ed31ed3 1ecc1ed1
1605260 1ed11ecd 1ecc1ecb 1ece1ed0 1ec91ecc
1605300 1ece1ecb 1ed11ece 1ed21ecc 1ed31ecd
1605320 1ed21ed4 1ece1ecc 1ec71ecb 1eca1ecf
1605340 1ecf1ec6 1ed51ed1 1ec31ed1 1ec61ec8
1605360 1ec91ecc 1ec91ed0 1ece1ecb 1ecb1ece
1605400 1ed31ece 1ed71ed6 1edf1ed5 1ecd1ed5
1605420 1ece1ecb 1ed61ecb 1ecd1ecb 1ec21ec5
1605440 1ecf1ecc 1ec31ed5 1ecf1ecf 1ec61eca
1605460 1ecc1ec4 1ec51ec6 1ec21ec0 1ed51ecb
1605500 1ed71ec6 1ed01ed5 1ecf1ecc 1eca1ecc
1605520 1ecc1ecf 1ec41ec8 1ec71ec1 1ec81ec4
1605540 1ecb1ec9 1ec81ecd 1ec11ecc 1ec21ec0
1605560 1ec31ec2 1ebb1ebe 1ebf1ec0 1ebb1ec1
1605600 1ebf1ebc 1ebb1eba 1ebd1ebb 1eba1ec2
1605620 1eb91eb9 1eba1eb7 1ebe1eb6 1ebe1ebe
1605640 1eb71eb3 1eb31eb7 1eb61eb7 1ebc1eb7
1605660 1ebd1ebc 1eb61ebd 1ebd1eb8 1ebc1ebf
1605700 1ec21eb8 1eb11ec0 1ebd1eba 1ebb1ebd
1605720 1eb51eb3 1eb81eb5 1eb81eb0 1ebf1ebd
1605740 1eb51eb8 1eb11eb5 1eb31eb3 1eb91eb6
1605760 1eb71ebd 1ebd1ebc 1eb51eb5 1eb31eb6
1606000 1eb91eb6 1ebd1eb9 1ebe1ebb 1eb61ebb
1606020 1eb21eb8 1ebc1eb7 1eb51ec1 1eb71ebb
1606040 1eb91ead 1ebd1ebc 1ebb1ec1 1eb81ec3
1606060 1eba1eb9 1eb71eb8 1eb81eba 1eb51eba
1606100 1eb71eb1 1eb91eb8 1ebe1ebe 1eb91eb7
1606120 1eb91eba 1eb71ebd 1ebd1ebd 1ec41ec1
1606140 1ec31ec3 1eba1ec6 1eb91eb6 1ec11ebb
1606160 1ec91ebb 1eca1ece 1ec71eca 1ecb1ec5
1606200 1ebf1ec7 1ec41ebd 1ebc1ec2 1ec41ebd
1606220 1ec31ec0 1ec21ec3 1ecc1ec5 1ec81ecd
1606240 1ec81ec4 1ec81eca 1eca1ecd 1ed61ed0
1606260 1ed61ed1 1ed01ed4 1ed31ecf 1ed21ecd
1606300 1ed31ed6 1ed31ed7 1ecd1ecf 1ed51ed0
1606320 1ed41ed1 1ed41ecf 1ed41ed9 1ed41ed6
1606340 1ed51ed5 1edb1ed2 1edb1ee0 1ed91edb
1606360 1edf1edc 1ede1edd 1ee31edd 1edd1ee1
1606400 1ee01edf 1edf1ee3 1ee41ee1 1eef1eea
1606420 1ee61ee7 1ef21eee 1eea1eea 1eee1ef0
1606440 1ee91eef 1ef41ee7 1ef71ef5 1efa1ef7
1606460 1f021f04 1f071f04 1f021efc 1f031f00
1606500 1efc1efc 1f021efe 1f031f04 1f0a1f06
1606520 1eff1f09 1f031f03 1f0b1f08 1f111f0b
1606540 1f111f17 1f0b1f0b 1f0f1f11 1f131f13
1606560 1f0a1f0d 1f101f08 1f141f15 1f101f17
1606600 1f151f17 1f231f1a 1f1f1f1e 1f221f1c
1606620 1f221f23 1f211f22 1f1e1f22 1f1f1f17
1606640 1f1e1f1e 1f221f21 1f231f29 1f291f24
1606660 1f2f1f25 1f2e1f31 1f2b1f2c 1f321f35
1606700 1f301f2f 1f311f2f 1f2f1f3a 1f301f2b
1606720 1f361f32 1f311f2c 1f341f28 1f2d1f34
1606740 1f2e1f2d 1f371f2f 1f3a1f35 1f391f35
1606760 1f371f35 1f361f30 1f381f3b 1f391f3b
1607000 1f421f3c 1f3b1f3f 1f401f43 1f461f44
1607020 1f471f49 1f481f49 1f461f45 1f481f4b
1607040 1f491f4d 1f4e1f47 1f521f50 1f531f52
1607060 1f531f54 1f511f4f 1f551f53 1f501f51
1607100 1f501f51 1f571f50 1f4b1f54 1f521f4b
1607120 1f4f1f4e 1f5e1f4b 1f521f56 1f5d1f54
1607140 1f5a1f61 1f5e1f59 1f601f62 1f5e1f5a
1607160 1f611f65 1f621f5a 1f5d1f5d 1f5e1f5f
1607200 1f671f69 1f611f66 1f5f1f61 1f5d1f59
1607220 1f601f60 1f5f1f5d 1f6a1f66 1f691f6e
1607240 1f701f6b 1f691f73 1f601f68 1f601f5f
1607260 1f5d1f5e 1f6a1f65 1f641f64 1f691f6b
1607300 1f6d1f6f 1f6e1f6e 1f701f72 1f681f6b
1607320 1f6e1f6e 1f6f1f71 1f6c1f69 1f671f64
1607340 1f6c1f6e 1f6d1f71 1f781f73 1f721f74
1607360 1f771f73 1f6d1f78 1f6f1f6d 1f751f74
1607400 1f781f7c 1f7c1f74 1f741f79 1f731f7a
1607420 1f781f78 1f6d1f71 1f781f70 1f701f71
1607440 1f731f6e 1f741f75 1f781f74 1f761f76
1607460 1f761f70 1f721f75 1f711f77 1f7b1f76
1607500 1f751f6b 1f701f71 1f6d1f73 1f771f72
1607520 1f7a1f78 1f731f73 1f7d1f78 1f7c1f7c
1607540 1f7a1f78 1f791f72 1f7b1f76 1f7c1f7a
1607560 1f731f7a 1f741f78 1f701f72 1f701f6b
1607600 1f751f73 1f771f74 1f7a1f7d 1f731f7a
1607620 1f6c1f6e 1f721f6a 1f6c1f70 1f6c1f6e
1607640 1f821f73 1f741f71 1f771f73 1f6c1f73
1607660 1f721f7a 1f781f73 1f711f72 1f6c1f6d
1607700 1f701f77 1f711f6e 1f731f74 1f6f1f71
1607720 1f771f78 1f741f7c 1f6b1f74 1f681f69
1607740 1f6f1f68 1f6c1f69 1f661f6f 1f681f67
1607760 1f6b1f65 1f691f6b 1f691f63 1f641f68
1610000 1f631f66 1f671f66 1f6b1f63 1f691f67
1610020 1f5b1f61 1f661f63 1f621f64 1f5f1f65
1610040 1f5e1f5e 1f601f64 1f641f64 1f641f61
1610060 1f601f61 1f5d1f64 1f5b1f5e 1f5e1f61
1610100 1f631f5c 1f581f5c 1f611f59 1f541f5e
1610120 1f5f1f59 1f581f55 1f5e1f5b 1f611f60
1610140 1f641f61 1f5f1f6b 1f641f60 1f621f62
1610160 1f5b1f5b 1f5c1f5f 1f5e1f56 1f5a1f5c
1610200 1f5e1f5c 1f581f57 1f4f1f55 1f531f56
1610220 1f5a1f59 1f5a1f5c 1f581f59 1f561f55
1610240 1f581f58 1f5c1f57 1f5f1f5c 1f591f5f
1610260 1f5e1f56 1f561f5a 1f5d1f5c 1f5b1f58
1610300 1f5b1f60 1f5f1f5e 1f5b1f55 1f571f54
1610320 1f581f55 1f511f5c 1f541f5b 1f631f56
1610340 1f591f60 1f591f55 1f5b1f54 1f561f5e
1610360 1f581f59 1f551f63 1f631f56 1f5d1f5b
1610400 1f5c1f5f 1f581f5b 1f621f5c 1f6b1f63
1610420 1f631f67 1f631f6b 1f5e1f5f 1f5e1f5a
1610440 1f611f5c 1f621f67 1f601f67 1f661f67
1610460 1f671f6b 1f6c1f63 1f641f69 1f671f68
1610500 1f6f1f6e 1f6d1f6d 1f761f71 1f711f75
1610520 1f701f73 1f701f74 1f6f1f6a 1f751f70
1610540 1f761f7c 1f751f76 1f7b1f72 1f751f74
1610560 1f781f72 1f761f77 1f7b1f72 1f791f76
1610600 1f791f7a 1f751f71 1f771f77 1f771f75
1610620 1f7a1f76 1f7c1f7e 1f811f7b 1f7e1f82
1610640 1f791f7a 1f821f7e 1f7a1f81 1f831f80
1610660 1f861f85 1f881f80 1f8b1f85 1f8f1f8a
1610700 1f881f8b 1f851f87 1f8b1f88 1f901f8c
1610720 1f931f8d 1f941f8c 1f8e1f92 1f951f98
1610740 1f961f98 1f9a1f92 1f961f96 1fa01f96
1610760 1f9f1f9d 1f9d1f9d 1fa11f96 1f9d1f9b
1611000 1f9b1fa0 1fa41fa5 1fa31fa9 1fa21fa9
1611020 1fa21fa1 1fa41fa2 1fa11fa4 1fa71fa9
1611040 1fa21fa4 1faa1faf 1fab1faa 1fa31fa9
1611060 1fa51fab 1fba1faa 1faf1fad 1fb51fac
1611100 1faa1fac 1fad1fb0 1fa91fab 1fb41fa9
1611120 1fb71fae 1fb31fb6 1fb51fb7 1fae1fb6
1611140 1fb11fb1 1faf1fb7 1fb51fb4 1fbd1fc2
1611160 1fbc1fb9 1fbf1fb6 1fc11fc2 1fc41fc6
1611200 1fbd1fbf 1fbf1fc3 1fc51fbf 1fc51fc9
1611220 1fc31fc9 1fc91fc6 1fce1fd2 1fd11fcc
1611240 1fd31fcf 1fd01fcf 1fca1fcc 1fcb1fca
1611260 1fd61fca 1fd91fd8 1fd31fda 1fd31fd0
1611300 1fd31fd1 1fce1fd2 1fd21fd5 1fd61fdb
1611320 1fde1fd2 1fdb1fd2 1fd01fd7 1fd61fd3
1611340 1fd71fda 1fe51fe2 1fdb1fde 1fd91fd4
1611360 1fdd1fdb 1fd71fdf 1fe01fe0 1fe61fe5
1611400 1fe01fda 1fda1fd9 1fd21fd7 1fd81fda
1611420 1fd31fdb 1fdf1fd9 1fe31fe2 1fe61fe0
1611440 1fe21fea 1fe51fe4 1fe71feb 1fe81fe5
1611460 1fe81fed 1fe71fe3 1feb1fe1 1fea1feb
1611500 1ff01fec 1feb1ff2 1fec1ff2 1fee1fea
1611520 1fe91fe8 1fe71fe2 1fee1fe9 1ff31ff4
1611540 1fec1ff2 1ff01ff4 1fe71ff1 1fe41fe9
1611560 1feb1fe9 1ff41ff0 1ff51ff3 1ff31ff2
1611600 1fe61fef 1ff91fed 1fe81ff0 1fee1ff2
1611620 1ff11ff6 1ff11ff0 1fec1ff7 1ff81ff2
1611640 1ff71ffa 1ffc1ffd 1ff31fff 1ffa1ffd
1611660 1ff11ff1 1ff01ff4 1ffa1ff8 1fee1ff4
1611700 1ffc1ff1 1ffd2000 20052002 1ffa200a
1611720 1ffd1ffc 1ff92001 1ffa1ffb 1ffb1ffc
1611740 1ffa2001 1fff1ffc 1ff71ff8 1ffd1ffb
1611760 1ffa1ff4 1ff51ff6 1ff31ff7 1ffc1ffa
1612000 1ffb1fff 20001ffa 20002002 1ffb1ffe
1612020 1ff92000 20002000 20072001 2008200a
1612040 1ffe2003 1ffb1fff 20001fff 20061ffd
1612060 20022008 1ffd1ffa 20001ff7 20002002
1612100 20062001 1fff2006 1ffd1ffd 1ff92001
1612120 1ff71ff6 1ffd1ffa 1ff51ffa 1ff81ffd
1612140 1ffd1ffa 1ffb1ffa 1ffd1ff8 1fff2004
1612160 1ffb2006 20012007 1ffd2001 1ff61ffb
1612200 1ffa1ffa 1ffc1ff8 1ff81ff7 1ffd1ff9
1612220 1fff1ff7 1ff81ff9 1ff41ff7 1ff41ff6
1612240 1fed1ff4 1ff51ff3 1ffb1ffb 1ffd1ffc
1612260 1ff81ff6 1ff41ffb 1ffe1ff4 1fee1ff3
1612300 1ff21fec 1ffd1ffc 1ff41ffa 1ff51ff0
1612320 1ff61ff2 1fee1ff2 1ff41ff6 1ff21ff0
1612340 1ff01fec 1fec1ff3 1ff11ff1 1fef1ff3
1612360 1fef1fe9 1ff41ff5 1ff41ff5 1ff31ff5
1612400 1ff61ff6 1fef1ff0 1feb1fec 1fec1fea
1612420 1ff01fef 1ff31ff2 1ff51ff7 1ffc1ff7
1612440 1fef1ff5 1fef1fec 1fec1fec 1ff31fe8
1612460 1ff31fef 1ff91ff3 1ff51ff4 1ffb1ff9
1612500 1ff71ffd 1ff81ff9 1ff91ff9 20012001
1612520 1ff41ff9 1fef1ff3 1ff21fee 1ff31ff2
1612540 1feb1fef 1ff11ff1 1ff01ff5 1ffd1ff3
1612560 1ffc2005 1ffd1ff3 1ffa2001 1ff51ff3
1612600 1ffb1ff1 1ffd1ffe 20001ffe 20002001
1612620 20051ffb 20011ffe 20031ffe 20002000
1612640 1ffa2000 1ff91ffd 1ffd1ff8 1ff71fff
1612660 20011ff8 20022008 1fff2001 20031ffb
1612700 20011ffb 200e2008 2006200c 2003200b
1612720 20102002 200b200d 20102010 2006200e
1612740 20052006 20062005 20072006 2004200b
1612760 2005200b 200a2006 2010200c 200f2011
1613000 2015200c 20152017 20112015 20152014
1613020 2013201e 200c200d 200c2015 20142006
1613040 20102010 20112014 20192013 2017201a
1613060 201b2019 201f201b 201b2017 201d201c
1613100 201f2018 201e201c 201c201b 20152014
1613120 20112016 201c2014 20262021 20252028
1613140 2021201e 20222020 202a2029 202b202a
1613160 20262026 20272024 2027202b 202b2026
1613200 202d2029 202e202c 20302030 2025202e
1613220 202b202d 202f2029 202f202e 2028202c
1613240 202c2032 2027202c 20262028 202e2028
1613260 202b202e 2029202c 20332036 2028202f
1613300 202e202a 202c202b 20332030 203f203c
1613320 203b203e 2037203a 20302038 20392033
1613340 20342036 203a2036 2040203d 203a2039
1613360 203e203b 203f2040 203c2039 203b2040
1613400 203a203f 203d203d 203e2044 203e203c
1613420 2041203c 20442041 204b2045 204d204c
1613440 20532051 20532050 2049204f 20402046
1613460 20472040 204e2050 2057204a 2049204d
1613500 2048204d 2043204a 20452045 204b2048
1613520 204c204a 204a204b 204a2049 20432045
1613540 2054204c 2045204c 20482045 2047204a
1613560 204e204f 20532045 204f2048 20592053
1613600 20562054 204c2051 20512051 20512058
1613620 204b2050 20572057 20542055 20592053
1613640 205a2052 205a205b 205f2061 20582056
1613660 205b205b 20552056 2056205e 205b205d
1613700 2058205b 20582059 205d205c 20542059
1613720 20572055 205a2051 205a2057 20562052
1613740 20642058 206b2063 20692062 20662067
1613760 20602060 20632061 205e2066 20622059
1614000 20672061 2065206b 206e2064 20692072
1614020 206f2068 20702072 2060206b 2069206b
1614040 206b206c 20622066 206a2068 2065206a
1614060 20632062 2063205d 206c2061 206c2066
1614100 206f206d 2071206d 206e206f 2071206c
1614120 2071206c 206c2069 20682063 206a2062
1614140 206e2068 206e206a 20622067 20732066
1614160 20742072 20742079 2077206e 2071206b
1614200 206b206c 20682069 2070206d 206e2072
1614220 206c2073 206e2071 206f206f 206c2074
1614240 207e2078 2078207e 2075207b 207f207e
1614260 207d2075 20712075 20762073 20772075
1614300 207e207a 20712075 20732073 20742070
1614320 206d206e 206d206d 2071206b 20762073
1614340 20772077 20772076 206f2076 2076206f
1614360 20732070 207a2071 207c207d 2076207e
1614400 20702073 2071206d 20742071 2072207a
1614420 2075206b 206a2068 206c2069 2066206b
1614440 20672066 2067206c 20702071 2072206c
1614460 206f2072 206f206f 20782070 206e207a
1614500 2072206b 20672069 20612073 20712071
1614520 206f206d 20722064 2071206f 20642067
1614540 2068206a 20682065 206c2066 206b2066
1614560 20712071 20722076 206e206f 206d206e
1614600 2071206d 206d2071 206a206b 206d2073
1614620 2074206f 20712072 2070206f 207c2078
1614640 207c207f 2079207e 20712076 206b206b
1614660 206e2073 20752079 20712079 2073206e
1614700 20712076 20702078 20712071 207a2071
1614720 20762075 20752070 20732070 20702071
1614740 20732075 207b2078 2077207f 206d207a
1614760 20782079 20772075 207b2076 20772078
1615000 20752077 2078207b 2074206f 207a2076
1615020 2076207e 20772079 20732074 20752071
1615040 206d206b 207d2072 20752074 207f2078
1615060 207a2077 2086207b 207c207f 2082207a
1615100 2083207e 2081207b 207e207d 20802085
1615120 2080207d 207d2076 20872083 2088208a
1615140 20862088 2086208b 20862086 20852084
1615160 2089208a 207e2088 2082207f 20852080
1615200 20882081 20882087 208b2089 2091208f
1615220 20962090 2093208a 208e208c 208a2091
1615240 209a2099 209e2099 209d209b 209d209e
1615260 20992093 20962093 208f208f 20962092
1615300 209a209f 20992095 20a0209c 209c209d
1615320 209a209a 2095209a 20972097 20992096
1615340 209d209c 209f209b 20a020a0 20a3209f
1615360 20a820a8 20aa20b1 20a820a8 20a120a5
1615400 209b209a 209f20a0 20a9209e 20a920a8
1615420 20a920a7 20a320a9 20ad20ab 20b420ac
1615440 20ab20b1 20a120a4 20a920ab 20ab20af
1615460 20b020af 20b520a9 20bc20b3 20aa20b6
1615500 20b120a8 20a720aa 20af20a7 20b120af
1615520 20ab20af 20b320b0 20af20aa 20af20a9
1615540 20a820a5 20a920af 20b220af 20b520ad
1615560 20ba20b0 20b420b2 20b120b0 20b120ad
1615600 20b120b1 20b320b0 20b920b0 20b920b6
1615620 20b520b5 20b020b4 20b320ae 20b320b2
1615640 20b520b3 20b520ba 20b620b6 20b520b6
1615660 20b220b7 20b220b4 20ac20b6 20b620b5
1615700 20b720b5 20b520b8 20b320b7 20bb20b7
1615720 20b820b6 20c020b8 20bb20c1 20ba20b9
1615740 20c420bf 20ba20c0 20c520b7 20b820be
1615760 20b120b6 20af20ae 20b520b4 20b820b2
1616000 20b820bb 20b520b5 20b620b1 20b620b3
1616020 20b820b4 20b320bc 20b120b1 20b920b5
1616040 20be20ba 20c420bf 20c020c6 20bf20c0
1616060 20bf20ba 20c120bc 20bd20b9 20b620b7
1616100 20b020b9 20b020bc 20b420b6 20bc20b3
1616120 20b620be 20bc20ba 20bc20c2 20b420bb
1616140 20bd20b8 20b420ba 20ba20bb 20c820bd
1616160 20c720c9 20c220c1 20b420bc 20c120bf
1616200 20bb20c2 20bd20c4 20c720b9 20bc20c5
1616220 20c020bc 20bd20b8 20b720b8 20ba20b2
1616240 20bb20b8 20c320bd 20be20be 20be20be
1616260 20c620c5 20c920c6 20d020cc 20c820cd
1616300 20c120c5 20c320c1 20c520ca 20bf20be
1616320 20bc20c1 20be20be 20be20c1 20c320bf
1616340 20c020bb 20c620bf 20c220c5 20c120c0
1616360 20c120c8 20be20c7 20c120c8 20c420c4
1616400 20c320bf 20c720c2 20bb20c4 20bc20be
1616420 20bf20b6 20c220bf 20be20be 20bc20c4
1616440 20bd20c2 20c220b9 20b820bb 20bc20bc
1616460 20bf20c8 20c820c5 20ca20cb 20bd20c1
1616500 20b720be 20c020bc 20c220c5 20bf20c1
1616520 20bc20bc 20b920bf 20bc20bb 20c620c5
1616540 20c620c4 20c920c3 20c120c0 20bc20ba
1616560 20c420c6 20c420c8 20c820c5 20c420c4
1616600 20c220c4 20c220c3 20bb20c1 20c220be
1616620 20bc20c0 20b920bd 20bf20bd 20bd20bc
1616640 20be20bd 20c920c2 20c120be 20c220c4
1616660 20c320c7 20c720bf 20bd20c4 20b820c1
1616700 20b820c1 20bf20bb 20c220bc 20c320bc
1616720 20bd20cb 20c320be 20c320c7 20c920bc
1616740 20c620c9 20c220c6 20c120c3 20bc20bb
1616760 20c020be 20bf20b7 20c120ba 20c120c3
1617000 20bc20c5 20bf20bf 20bf20bc 20c720c5
1617020 20c820d0 20bf20c0 20bf20bd 20b620bf
1617040 20cc20be 20c020ca 20ba20c2 20c120be
1617060 20c020c7 20c520ca 20c920c1 20be20c5
1617100 20c120c4 20cb20c4 20c520ce 20cc20cf
1617120 20ca20ca 20c820c4 20c820c5 20c820c2
1617140 20c820c4 20cb20c7 20cd20cd 20cb20ce
1617160 20c920cf 20cd20c8 20cc20cf 20d320ca
1617200 20d620d3 20cf20d5 20dc20dc 20d620d9
1617220 20da20d6 20d420d6 20d120d9 20de20d7
1617240 20d620d9 20db20da 20d320da 20d120d3
1617260 20cf20cf 20d720d6 20dd20d9 20da20d5
1617300 20de20da 20dd20d9 20e220e1 20e320e0
1617320 20e620e9 20df20e1 20e520e7 20e420e3
1617340 20dc20dd 20e220e5 20e120e4 20e320e3
1617360 20e920e7 20f520ef 20f220f2 20ee20ee
1617400 20e520ec 20e920e7 20eb20ed 20eb20f0
1617420 20eb20ee 20ee20f2 20f720f5 20e920f4
1617440 20ee20f2 20f320ea 20f120f1 20fc20fc
1617460 20fb20f7 20ff20fe 20f520fc 20fe20fd
1617500 20f820f6 20fd20fe 210120ff 20f920fc
1617520 20ff2101 20fc20fa 210220fb 21032103
1617540 210520fe 20fc20ff 21022101 21042109
1617560 2112210a 21072106 21032105 21122106
1617600 210f210f 21102111 21182114 21122114
1617620 21122112 2107210c 2111210c 210b210f
1617640 21162112 21132111 21182108 211d2112
1617660 21132114 210e2111 2114210b 2110210f
1617700 21142113 21132116 2117211a 2116211a
1617720 2116211c 211c211a 211c2118 211a211e
1617740 211b211b 211e211c 2123211b 2119211d
1617760 21172118 21182118 21272118 21172123
1620000 211e211b 212b2127 21232120 21202120
1620020 211e211d 21142118 21182121 21132114
1620040 211b2112 211c2117 21202119 211a211e
1620060 211b211d 2121211c 21162117 b01004a2
1620100 00001004 0001000a 00010000 03b16026
1620120 00000ffc 0001000a 1400003c add01f00
1620140 add01f01 add01f02 add01f03 add01f04
1620160 add01f05 add01f06 add01f07 add01f08
1620200 add01f09 add01f0a add01f0b add01f0c
1620220 add01f0d add01f0e add01f0f add01f10
1620240 add01f11 add01f12 add01f13 add01f14
1620260 add01f15 add01f16 add01f17 add01f18
1620300 add01f19 add01f1a add01f1b add01f1c
1620320 add01f1d add01f1e ff000134 00000020
1620340 00000002 b731688d 00000001 deadbeef
1620360 f0000002 b7316879 3a0a673d 00000000
1620400 00000134 00001f48 a01104a3 2203211f
1620420 22012206 22062205 220e220b 22022205
1620440 22022200 21ff2201 22052204 21fa2202
1620460 220421fb 22042207 22012206 22062204
1620500 220b2207 22092201 220a220c 220b220d
1620520 220c220f 22092205 220c2209 220c220e
1620540 22062209 2205220a 22082205 22072207
1620560 2204220c 220b2208 220c220e 22032209
1620600 220c2207 2209220b 2210220c 2207220e
1620620 220a220a 220f21fe 22052206 22032206
1620640 22072208 220a220b 220d220c 22032204
1620660 21fa2203 21fb2205 22032207 220c2207
1620700 2213220e 220f2212 2213220f 22132213
1620720 2212220f 22132217 22152206 22102205
1620740 22172216 220d220c 220f221b 220d220a
1620760 22092212 22072200 220c2201 220b220b
1621000 220b220f 2211220f 220d2212 2210220c
1621020 2207220a 220f2208 22122211 220f2211
1621040 2212220f 220d2211 220c2210 220a2208
1621060 220b220a 2214220d 210021cb 1f402009
1621100 1e411eb0 1dd81e03 1db81dbe 1dad1daf
1621120 1da41da5 1da11da2 1da61d9f 1d9e1d9e
1621140 1d9e1da3 1d9b1d99 1d9f1da3 1d9f1da0
1621160 1da21d9c 1d961d9c 1d9b1d9f 1da31da5
1621200 1da51d9c 1da11d99 1d991da0 1d931d95
1621220 1d9b1d9a 1d981d98 1d9e1d8f 1d9c1d9a
1621240 1d9a1d98 1d9e1d9a 1d9f1d9d 1d9e1d9a
1621260 1d9f1d9d 1d9f1da0 1d9c1da6 1d9a1d9a
1621300 1d9b1d9d 1da01d9f 1d9f1da2 1da01da2
1621320 1da31da2 1da01d97 1da11d9a 1da41da2
1621340 1da61da1 1da81da5 1da41da5 1da61da7
1621360 1d9f1da4 1da71da7 1da71dab 1daa1daf
1621400 1dab1da9 1da51da2 1daa1da6 1da91da0
1621420 1dad1dac 1db21db1 1dad1db1 1daf1db3
1621440 1d9e1db0 1da71daa 1db91daf 1daf1dbd
1621460 1db21db0 1db21dae 1db01da8 1dae1dad
1621500 1db21dac 1dba1dbd 1dbe1db4 1db71db9
1621520 1db51dbc 1db11db5 1dad1db8 1db51dac
1621540 1dad1dad 1db01db8 1dae1dac 1daf1db1
1621560 1db11db2 1dbc1db9 1db91db7 1dbc1dbe
1621600 1dbb1dbf 1dbd1db7 1dc21dbf 1dc61dc2
1621620 1dc51dc7 1dc51dc8 1dc21dc2 1dc71dca
1621640 1dc21dc7 1dbd1dc2 1dbe1dc7 1dcc1dbe
1621660 1dc71dc3 1dc91dc8 1dcd1dce 1dc21dc8
1621700 1dcd1dcf 1dcb1dc8 1dcd1dcc 1dce1dd7
1621720 1dce1dcf 1dcf1dce 1dcb1dca 1dce1dd2
1621740 1dcf1dd1 1dcf1dcd 1dd31dd1 1dd21dd4
1621760 1dc91dcd 1dc01dc5 1dcf1dcd 1dd91dd0
1622000 1de01dd3 1dd71dd8 1dd91dd7 1dd91ddf
1622020 1dda1dd5 1de01ddb 1ddc1ddf 1dd91ddd
1622040 1de21ddb 1ddb1ddd 1ddd1dd8 1ddc1ddf
1622060 1ddf1de7 1de21de3 1de41de0 1de41ddc
1622100 1de11de1 1de11dda 1de21dde 1ddf1de1
1622120 1de71dde 1deb1de7 1de51de8 1ddb1de9
1622140 1ddc1de0 1de21de2 1de31de1 1ddf1ddf
1622160 1dd81de7 1de91de7 1de51de5 1de71de4
1622200 1de51de2 1de41de7 1dea1de5 1de61de4
1622220 1df11dea 1de61df0 1def1dee 1de71df3
1622240 1df31def 1de91de9 1dec1dee 1def1df4
1622260 1df21ded 1df71def 1df11df2 1df91dfd
1622300 1df71df9 1df41df0 1df41df3 1df11df0
1622320 1def1df8 1df81df8 1df31df0 1dfd1e00
1622340 1dfc1dfd 1dfd1dfd 1dff1dfe 1df91dfc
1622360 1dfa1df5 1dfb1dfa 1dfc1df9 1df61df9
1622400 1df81df8 1e031dfd 1dfa1e01 1e001e03
1622420 1e011e03 1e021dfd 1e011e01 1e041dfd
1622440 1e021e07 1dfa1e05 1e021e01 1e001dff
1622460 1e0a1e04 1e091e09 1e0a1e08 1e0b1dff
1622500 1e121e0e 1e111e0e 1e0a1e0e 1e0d1e06
1622520 1e081e0e 1e0c1e08 1e0d1e09 1e061e0e
1622540 1e0d1e10 1e131e15 1e141e10 1e0f1e11
1622560 1e101e12 1e181e19 1e1a1e16 1e1b1e16
1622600 1e191e1d 1e171e1b 1e171e14 1e171e21
1622620 1e1e1e14 1e261e1b 1e221e23 1e241e22
1622640 1e261e24 1e291e1f 1e251e22 1e271e2c
1622660 1e2a1e2e 1e281e26 1e261e2a 1e241e23
1622700 1e2a1e2a 1e2a1e26 1e2c1e2e 1e2e1e2d
1622720 1e311e2f 1e321e2f 1e391e34 1e351e35
1622740 1e371e33 1e381e3c 1e321e3f 1e3a1e3d
1622760 1e3f1e3b 1e3f1e3b 1e441e3c 1e441e40
1623000 1e461e4b 1e4b1e4c 1e4f1e45 1e401e47
1623020 1e3c1e42 1e441e46 1e4c1e48 1e461e44
1623040 1e481e47 1e461e4f 1e4d1e4d 1e501e53
1623060 1e531e4b 1e501e53 1e4c1e4f 1e471e52
1623100 1e461e4d 1e471e48 1e4d1e4b 1e4c1e4a
1623120 1e571e56 1e571e56 1e551e4c 1e4d1e54
1623140 1e521e5c 1e531e5c 1e581e5a 1e571e50
1623160 1e591e56 1e5f1e5d 1e5a1e62 1e5d1e5a
1623200 1e5d1e5e 1e5c1e5d 1e5b1e5a 1e601e5d
1623220 1e601e5f 1e601e5c 1e5c1e5c 1e5e1e61
1623240 1e621e63 1e641e60 1e611e5a 1e651e5f
1623260 1e611e62 1e691e65 1e6f1e68 1e6f1e6d
1623300 1e701e74 1e6a1e6e 1e681e69 1e6b1e6b
1623320 1e6b1e63 1e681e6c 1e6c1e6a 1e741e6d
1623340 1e751e72 1e6e1e69 1e6f1e68 1e701e6d
1623360 1e731e72 1e721e6f 1e721e70 1e7a1e75
1623400 1e7c1e7a 1e711e78 1e811e77 1e801e7d
1623420 1e891e7b 1e751e7e 1e791e76 1e7c1e83
1623440 1e751e79 1e7e1e75 1e7a1e7c 1e741e7c
1623460 1e801e7a 1e841e82 1e871e83 1e831e8a
1623500 1e811e80 1e811e82 1e761e79 1e7a1e76
1623520 1e751e7b 1e831e7d 1e831e86 1e801e7c
1623540 1e811e7d 1e7c1e84 1e811e81 1e8b1e85
1623560 1e8e1e8b 1e851e89 1e7f1e88 1e861e83
1623600 1e7f1e8a 1e891e80 1e8a1e8c 1e811e8b
1623620 1e891e84 1e881e83 1e8a1e8b 1e8b1e88
1623640 1e821e88 1e861e80 1e8a1e81 1e8c1e87
1623660 1e8d1e8f 1e7d1e87 1e7f1e7b 1e891e86
1623700 1e8f1e85 1e8d1e8d 1e891e92 1e951e93
1623720 1e8b1e8a 1e961e8d 1e941e8f 1e8a1e96
1623740 1e8a1e8f 1e931e88 1e941e94 1e8e1e8f
1623760 1e931e8e 1e8d1e8f 1e951e91 1e981e94
1624000 1e8a1e96 1e8c1e88 1e8a1e8e 1e901e8d
1624020 1e911e8d 1e8d1e92 1e8b1e94 1e8a1e98
1624040 1e8c1e8e 1e8a1e8c 1e8a1e92 1e911e8f
1624060 1e921e95 1e971e93 1e9a1e96 1e941e96
1624100 1e911e96 1e911e99 1e951e96 1e9a1e98
1624120 1ea11e96 1e9c1ea0 1e981e99 1e931e99
1624140 1e991e94 1e991e96 1e9e1ea3 1ea61eaf
1624160 1ea21ea8 1e9a1e96 1ea21e9f 1ea11ea5
1624200 1ea11ea2 1e9b1ea2 1e9a1e9d 1e981e9e
1624220 1ea41ea3 1e9f1ea2 1ea21e9c 1ea11e9e
1624240 1ea41e9d 1ea61ea6 1ea11ead 1ea41e9d
1624260 1ea41ea1 1ea11e9e 1ea71ea8 1e9e1e9e
1624300 1e9f1ea1 1ea41e9c 1ea41ea4 1ea91eab
1624320 1ea61eac 1ea21eae 1ea91eae 1e9e1ea8
1624340 1ea21ea0 1ea31ea1 1ea31ea4 1ea91ea1
1624360 1ea61eab 1eaa1eae 1eab1ea9 1ea91eac
1624400 1ea81ea1 1ea51eaa 1ea31ea8 1e9d1ea0
1624420 1eaa1ea7 1ea11e9e 1ea01e9c 1eac1ea9
1624440 1ea51ead 1ea81ea8 1ea51eaa 1ea71ea5
1624460 1ea11ea2 1ea31ea7 1ea71ea9 1eae1ea5
1624500 1ea31ea2 1ea71ea4 1eac1ea5 1eb21eb0
1624520 1ead1ea9 1eaa1eaa 1eaa1eb1 1eaa1ea6
1624540 1eae1ea4 1eb01eb3 1eb51eb9 1eb71ebb
1624560 1eb91eb8 1eb51eb9 1eb91eb1 1ebc1ebd
1624600 1eb01eb3 1eb51eb3 1eb71eb6 1ebf1eb1
1624620 1ec01ec3 1ebf1ec5 1ebc1ed0 1eb71eb6
1624640 1ec81ebe 1ec11ebb 1ebd1ebe 1eba1ec6
1624660 1eb51eb5 1ebc1eb9 1ec31ebb 1ebd1ec1
1624700 1ebf1ec0 1ec31ec1 1ebe1ebc 1ec21ec3
1624720 1ec51ec6 1ecb1eca 1ec61eca 1ec81ec5
1624740 1ec31ec8 1ec41ec6 1ec51ed1 1ec41ec3
1624760 1ec21ec5 1ec81ec5 1ec91ec0 1ed11ed3
1625000 1ecd1ed1 1ecf1ed4 1ece1ed2 1ece1ed1
1625020 1ed51edb 1ed41ed6 1eca1ecb 1edb1ed8
1625040 1ed81eda 1ed41edf 1eda1ed1 1ee31ed8
1625060 1ee21ee5 1edf1ee2 1edd1ee8 1ee21ee6
1625100 1eea1ee4 1eda1ee3 1ee11ed9 1ee31ee0
1625120 1ede1edc 1ee41ee2 1ee81ee3 1ee41eed
1625140 1ee71ee3 1ee81ee6 1ee11edf 1ee41ee2
1625160 1eea1ee9 1eec1eec 1eea1eed 1eeb1ee9
1625200 1ef21eec 1eec1eee 1eec1eeb 1eed1eea
1625220 1ef41eeb 1ef31eef 1ef41ef1 1ef31efb
1625240 1ef11ef1 1ef81ef4 1efa1ef4 1ef71efa
1625260 1efb1ef8 1f021f05 1f011f04 1efe1efb
1625300 1f021efa 1f021f08 1f011efd 1f0d1f03
1625320 1f101f11 1f0d1f0e 1f0b1f0f 1f0d1f03
1625340 1f0c1f12 1f1a1f16 1f0f1f0e 1f131f1e
1625360 1f0f1f0d 1f171f0a 1f111f10 1f101f11
1625400 1f131f18 1f151f18 1f191f11 1f201f1d
1625420 1f1c1f23 1f1f1f24 1f1a1f1d 1f201f1d
1625440 1f221f21 1f1a1f1d 1f1a1f21 1f171f17
1625460 1f201f1c 1f1f1f1a 1f221f1e 1f291f24
1625500 1f221f29 1f2a1f22 1f271f24 1f201f22
1625520 1f271f29 1f271f26 1f261f2c 1f221f27
1625540 1f2a1f2a 1f381f30 1f321f31 1f391f35
1625560 1f341f34 1f381f38 1f341f36 1f351f2f
1625600 1f3d1f39 1f3c1f3b 1f331f34 1f361f3a
1625620 1f391f36 1f451f3c 1f3c1f42 1f3b1f43
1625640 1f3e1f3e 1f3f1f3e 1f451f3c 1f381f39
1625660 1f321f36 1f3d1f39 1f411f3d 1f431f41
1625700 1f3f1f48 1f431f46 1f411f46 1f431f46
1625720 1f411f45 1f3e1f41 1f421f43 1f461f43
1625740 1f401f42 1f441f3d 1f471f46 1f451f49
1625760 1f501f4a 1f471f4a 1f471f48 1f401f43
1626000 1f4d1f49 1f431f46 1f431f45 1f451f4c
1626020 1f481f42 1f3d1f43 1f421f4a 1f421f42
1626040 1f491f40 1f481f46 1f481f46 1f481f46
1626060 1f4a1f4d 1f4e1f46 1f471f4d 1f471f49
1626100 1f4f1f46 1f4a1f45 1f521f51 1f591f56
1626120 1f571f51 1f521f52 1f4c1f49 1f481f4d
1626140 1f451f49 1f471f4d 1f501f50 1f4e1f55
1626160 1f551f4e 1f491f55 1f511f53 1f571f55
1626200 1f4f1f54 1f501f4b 1f4f1f4e 1f531f51
1626220 1f541f58 1f521f50 1f4a1f52 1f4d1f4c
1626240 1f451f4e 1f581f50 1f541f58 1f531f51
1626260 1f561f53 1f561f54 1f5d1f5a 1f5b1f59
1626300 1f5e1f5a 1f511f5a 1f561f57 1f591f58
1626320 1f5a1f59 1f5b1f54 1f5a1f59 1f571f55
1626340 1f5b1f59 1f611f5c 1f5f1f59 1f601f5e
1626360 1f611f5c 1f5e1f5f 1f5b1f5d 1f691f5d
1626400 1f5f1f62 1f5a1f5d 1f5d1f61 1f581f5d
1626420 1f561f5d 1f501f54 1f4f1f51 1f551f5a
1626440 1f601f5f 1f631f60 1f621f5e 1f581f5e
1626460 1f581f5f 1f571f4f 1f5d1f59 1f581f5c
1626500 1f571f5b 1f531f58 1f591f5b 1f621f5b
1626520 1f5d1f60 1f5d1f5a 1f5d1f57 1f531f50
1626540 1f571f59 1f581f58 1f5e1f5f 1f5b1f5b
1626560 1f5a1f59 1f5e1f5b 1f531f60 1f5a1f56
1626600 1f511f58 1f511f4e 1f601f56 1f5b1f62
1626620 1f641f59 1f5b1f5c 1f5b1f5e 1f581f51
1626640 1f5a1f58 1f5a1f5e 1f521f51 1f4d1f4f
1626660 1f531f4a 1f4c1f4d 1f4e1f51 1f4d1f56
1626700 1f571f51 1f5c1f53 1f5f1f5e 1f571f61
1626720 1f591f5e 1f591f56 1f561f54 1f521f51
1626740 1f581f57 1f561f59 1f511f52 1f541f52
1626760 1f511f55 1f4b1f53 1f501f56 1f521f58
1627000 1f581f52 1f591f59 1f561f59 1f551f59
1627020 1f5a1f57 1f591f55 1f561f57 1f591f55
1627040 1f581f5e 1f5b1f5a 1f5f1f59 1f5f1f60
1627060 1f5f1f60 1f561f5c 1f601f56 1f611f5b
1627100 1f601f5f 1f5d1f5b 1f531f5c 1f591f5f
1627120 1f5e1f56 1f531f5a 1f591f56 1f5b1f5b
1627140 1f5d1f59 1f5f1f5d 1f5d1f5f 1f5f1f65
1627160 1f691f6e 1f6f1f6b 1f641f62 1f5e1f61
1627200 1f651f60 1f601f60 1f651f65 1f661f64
1627220 1f651f6a 1f681f64 1f6a1f6d 1f6e1f6e
1627240 1f731f6e 1f721f6d 1f6e1f6c 1f721f6e
1627260 1f681f63 1f6d1f6d 1f701f6e 1f6c1f71
1627300 1f671f74 1f781f6f 1f6d1f72 1f751f6e
1627320 1f741f74 1f761f75 1f7c1f78 1f7b1f72
1627340 1f771f78 1f791f75 1f781f79 1f781f7a
1627360 1f7b1f77 1f741f7f 1f781f7f 1f781f7b
1627400 1f7f1f7d 1f7e1f7c 1f7d1f80 1f811f7e
1627420 1f851f85 1f8d1f89 1f8b1f84 1f8a1f86
1627440 1f881f8b 1f8b1f8e 1f861f88 1f8f1f8e
1627460 1f8b1f8e 1f8f1f8f 1f911f98 1f931f8f
1627500 1f951f98 1f911f93 1f991f9b 1f951f9b
1627520 1f9b1f9a 1f991f96 1f971f91 1f921f9b
1627540 1f9d1f95 1fa21f9c 1fa31fa5 1fa21fa4
1627560 1f9d1fa6 1f9a1fa2 1fa81f9f 1fa61fa8
1627600 1faa1fab 1fa31fa4 1fa41fa3 1fa51fa5
1627620 1fa91fa6 1fa81fa9 1fae1faf 1fac1fb2
1627640 1fb01faa 1fad1fac 1fb51fad 1fad1fac
1627660 1fa91fb1 1fac1fab 1fb21fb3 1fb21fb1
1627700 1fae1faf 1fb61fb6 1fb91fb9 1fbb1fb5
1627720 1fbf1fc0 1fb71fbf 1fbc1fbd 1fbc1fbf
1627740 1fbb1fbd 1fbc1fbc 1fc21fbf 1fc01fbf
1627760 1fbd1fc1 1fb91fb9 1fbb1fb5 1fc41fbe
1630000 1fcf1fcb 1fc81fc8 1fcf1fc3 1fc51fc6
1630020 1fcb1fd1 1fc51fce 1fc31fcd 1fbd1fbc
1630040 1fc01fb9 1fcf1fc5 1fcd1fd1 1fd01fd0
1630060 1fca1fc5 1fc91fd0 1fc51fc8 1fc61fc8
1630100 1fd91fd1 1fd01fd2 1fce1fcf 1fd51fd7
1630120 1fdf1fdb 1fd61fd8 1fda1fdc 1fd31fdb
1630140 1fd81fd7 1fd41fdc 1fcf1fd6 1fd11fcd
1630160 1fd91fd8 1fda1fd6 1fdb1fda 1fdc1fd4
1630200 1fdf1fe4 1fd61fde 1fda1fdb 1fd71fd8
1630220 1fd41fd6 1fd91fd3 1fdc1fd6 1fe31fe5
1630240 1fec1fe8 1fe81fe4 1fe61fe8 1fe81feb
1630260 1fe51fe7 1fe41fe4 1fea1fe2 1fe31fe4
1630300 1fe41fe1 1ff21fe9 1fe71fec 1feb1fe6
1630320 1fe31ff0 1fe71fe4 1fe31fe5 1feb1fe5
1630340 1feb1fee 1ff41feb 1fe71fee 1fe21fe7
1630360 1fe61fe7 1feb1fe5 1fe71fe5 1fe11fea
1630400 1fe11fea 1fe41fe8 1fe81fe8 1fea1fe9
1630420 1fec1fe8 1ff01fec 1fe81ff1 1fea1ff3
1630440 1fec1fe4 1feb1fed 1fec1fe9 1feb1fe9
1630460 1fee1fe8 1fec1fef 1ff51ff3 1fee1ff2
1630500 1ff41ff8 1ff01ff7 1ff61ff7 1ff31ff5
1630520 1fed1ff9 1fee1ffd 1fed1fe9 1ff61ff7
1630540 1ffe1fed 1ffc1ffb 1ff61ff8 1ffb1ff3
1630560 1ff31fec 1ff21ff0 1fec1fee 1ff31ff5
1630600 1ff01ff5 1ff71ff3 1ff41ff2 1fea1ff4
1630620 1fe81fef 1fea1ff3 1ff11feb 1ff61ff2
1630640 1ff41ff2 1feb1ff8 1ff31ff9 1ffc1ff8
1630660 1ff51ff8 1fef1ff6 1fe71fed 1fed1fee
1630700 1fe91fe5 1fe91fe9 1ff31ff0 1fe91fec
1630720 1ff01ff4 1ff31fee 1ff21ff7 1ff21ff6
1630740 1fef1fee 1fee1fe9 1ff51fef 1ff71fed
1630760 1ff31ff4 1ff61ff1 1fee1ff2 1fee1ff1
1631000 1fdf1fe9 1fe81fee 1fe31fe0 1fe61fea
1631020 1fe11fe5 1fe51fe6 1fe81fe8 1feb1fe9
1631040 1ff11fe5 1fe41fe7 1fe41fe6 1fe21fe2
1631060 1fe41fe0 1fe61fe6 1fe61fe6 1fe91feb
1631100 1feb1ff2 1fe81fe8 1fe81fee 1fe21fdf
1631120 1fe61fdf 1fe61fe4 1fe11fde 1fe11fde
1631140 1fe01fe3 1fdd1fe3 1fde1fe3 1fde1fe2
1631160 1fe41fde 1fe11fdb 1fde1fda 1fdf1fe4
1631200 1fdd1fec 1fe11fde 1fe51fdc 1fd61fe0
1631220 1fe31fe0 1fdb1fe2 1fdb1fdd 1fda1fd5
1631240 1fdd1fce 1fe11fe2 1fdb1fd6 1fe31fdf
1631260 1fec1fe8 1ff01fec 1fee1ff0 1fe81fec
1631300 1fe81fe2 1fdd1fdf 1fdb1fdc 1fdd1fdb
1631320 1fde1fd6 1fd71fdb 1fda1fd7 1fde1fd2
1631340 1fe01fdd 1fe71fe2 1fe31fe4 1fe71fe2
1631360 1fe01fdb 1fe61fe5 1fe51fe0 1fe41fe4
1631400 1fe61fe9 1ff01fea 1ff01fea 1fea1ff2
1631420 1fec1fe4 1fe51fdf 1fe51fe6 1fe71fdf
1631440 1fea1fed 1fe51fdc 1fe41fde 1fe41fe2
1631460 1fe41fe5 1fe21fdf 1fe61fe0 1fe51fe4
1631500 1fed1fe9 1fee1fea 1fe31fe9 1fe81fe4
1631520 1fe01fe8 1fe81fe9 1ff11fea 1fe71fe8
1631540 1ff31fee 1ff01ff2 1ff51ff6 1fed1fe9
1631560 1ff81ff5 1fed1ff2 1ff21ff0 1fed1fee
1631600 1fe81fe9 1ff21fee 1ff51ff7 1ffc1ff8
1631620 1ffd1ffc 1ff51ffc 1ff31ffc 1ff41ff4
1631640 1ffd1ffa 1ff21ff6 1ff71ff4 1ff71ff7
1631660 20001fff 20052001 1ffd1ffb 20062004
1631700 2005200a 20012000 20022003 20062003
1631720 20062009 200a200a 20032006 20012009
1631740 20032000 200b200e 20102013 200c2000
1631760 20152012 20102008 200e2010 20112015
1632000 20152017 200f2018 200f200c 200f2017
1632020 200e2015 2010200f 20162010 20122016
1632040 20162018 201c201c 2019201b 201f2014
1632060 2019201b 201d201c 201d2019 201c201b
1632100 2023201c 201f2022 201e201f 20232020
1632120 2029201d 20292021 20302026 2033202f
1632140 20292032 202e202b 2036202c 20362035
1632160 20302032 20282031 2029202d 202f2025
1632200 202f202e 20312033 20322032 20322032
1632220 20432039 20342037 20362039 20342035
1632240 20352038 20432037 20432043 203e2040
1632260 2036203d 20362038 20332031 2040203e
1632300 2043204d 20452043 20462045 20452041
1632320 20432042 203c2046 2042203f 20442040
1632340 20512049 2049204f 2045204a 20482041
1632360 2046203e 204b204b 204d204f 20482052
1632400 2052204b 204d204d 20492049 20452044
1632420 20472044 2050204d 204f204f 20492049
1632440 20482040 2046204f 2054204f 20562054
1632460 205e2059 20552061 2055205b 2051205c
1632500 205e205a 205d2063 20632062 20662061
1632520 2057205d 2064205c 205f2063 205f205d
1632540 205e2065 206a2062 206f2067 2071206a
1632560 20652068 20672067 2071206a 206f206b
1632600 2073206b 206d2067 2067206b 2064206b
1632620 20682061 20662063 20682068 206e2066
1632640 2069206b 206e2068 206a2068 2068206a
1632660 20652062 20722066 2069206b 2070206b
1632700 206d206d 2074206e 20772075 20772077
1632720 2076207f 207c2074 20732075 2077207b
1632740 20712078 20762074 20792076 206e2073
1632760 20722075 2070206f 207b2072 20792071
1633000 20752076 20702079 20762073 207e2072
1633020 207c2074 20732077 2077207a 20782076
1633040 20792074 20752073 20752078 20782075
1633060 20772071 207b207a 207d2075 206a2070
1633100 20702074 207a2070 20762070 20782075
1633120 20772078 20752076 20742072 207a206b
1633140 20772073 207b2083 207b207a 207d2077
1633160 20762079 207a2076 2079207b 206c2078
1633200 2078207e 2071206d 20762079 206b2078
1633220 20762077 20702075 20792073 20722078
1633240 206d2077 2072206f 20722077 20772070
1633260 206f2075 20712070 206e2075 2072206d
1633300 20792070 20762076 20772074 20732075
1633320 20702070 206d206d 206d206b 20662069
1633340 206d206a 206a206f 206c2063 206e2068
1633360 206d206d 206d206a 20752067 206e2070
1633400 20722072 206f2074 206e206b 20632069
1633420 20602064 20642065 20642068 20682065
1633440 20642060 20692066 20742070 20692070
1633460 206b2071 206d2068 206e2068 206e206f
1633500 20662060 2064206d 20682065 206c206a
1633520 20622068 206b206e 206e2072 206c2065
1633540 20692068 20652068 2068206f 20672065
1633560 20632064 206b2064 2071206a 206c2070
1633600 2073206d 2066206d 206a206a 20652065
1633620 206b206b 2068206c 2072206c 206d2067
1633640 206b206b 20642070 20642064 20682064
1633660 206f206b 2066206b 2061206f 20662068
1633700 20682068 20692064 20712065 206e2075
1633720 206a206e 20672074 206a2065 206a206a
1633740 20662065 20632066 206a206c 2070206f
1633760 206f206e 20742076 20732074 20712073
1634000 20712069 20762072 207b2078 2077207c
1634020 2073206f 2067206a 2066206a 206a2066
1634040 206e206a 206e2071 2075206c 2079206f
1634060 20762078 20762076 2079206f 2079207a
1634100 20782078 20722073 20732070 206d206f
1634120 2078206c 20762071 20752079 2079207f
1634140 207b2078 2079207c 2075207b 2070207b
1634160 207b2076 20822080 2084207a 207a2081
1634200 20802081 20802088 20792085 20872081
1634220 207e207f 207b207d 20842084 208c2084
1634240 208e207f 2088208a 20842088 208a208e
1634260 208e2087 208e208c 208d2091 20872084
1634300 208f2087 2093208e 20942090 20912094
1634320 208e208d 208f208e 208f208c 2093208e
1634340 20992094 20912091 2086208f 2091208b
1634360 208e2091 20912091 20942097 208f2094
1634400 208a2090 208f208f 20992092 2099209b
1634420 2092209a 20a120a0 2095209b 209a2099
1634440 2091209b 208e2094 209d2093 20982092
1634460 209c209a 20a2209e 20a320a4 209c209e
1634500 20a4209c 20a320a4 209e20a0 209b209e
1634520 20a620a1 20ab20a0 20a920a4 20a720ac
1634540 20ab20ac 20a420a5 20a320a5 20a920a3
1634560 20ac20aa 20a620a9 20a120a4 20aa20a1
1634600 20a320a4 20a520ab 20a520b0 20b120b2
1634620 20af20ac 20af20b0 20aa20b0 20ad20b5
1634640 20ab20ae 20b120b1 20b520b5 20b920b9
1634660 20b920b9 20b520bc 20b320b7 20bf20b6
1634700 20b520bc 20b420ba 20ae20a7 20ae20a9
1634720 20b320b3 20bb20b8 20bd20ba 20bd20bc
1634740 20c120be 20ca20c2 20ca20c6 20c520c7
1634760 20c120bf 20be20be 20c120be 20c920c5
1635000 20c420c4 20c020c2 20c020b6 20c320c1
1635020 20bf20be 20c020c7 20cb20c8 20d420ca
1635040 20cc20cd 20c520c8 20c920c5 20d120c6
1635060 20cf20cf 20c820ca 20c420ca 20cf20cc
1635100 20d720d1 20d320d5 20d620d2 20cb20ce
1635120 20cb20cf 20d520d2 20d020d0 20dd20cd
1635140 20d820d5 20da20d4 20cf20d8 20d620cf
1635160 20d620d3 20d720da 20d620da 20d220d2
1635200 20d820d7 20d620d3 20dc20de 20db20d8
1635220 20db20da 20dc20d7 20e020db 20d920da
1635240 20e120e3 20d920d8 20e220dd 20da20d9
1635260 20da20dc 20e020e4 20e520e6 20e620e0
1635300 20e520df 20e320e9 20de20e3 20e120db
1635320 20dd20d9 20da20e4 20db20e4 20dd20dc
1635340 20e020e1 20e020dc 20df20e1 20dd20db
1635360 20d920dd 20d520da 20dc20d4 20de20e0
1635400 20dc20db 20dc20d5 20db20e1 20e320e1
1635420 20e320e0 20dc20e1 20e920eb 20e720e8
1635440 20dc20dd 20d720da 20de20db 20e020e1
1635460 20e220d9 20dc20db 20d720de 20dd20d9
1635500 20d720de 20db20d4 20da20d3 20db20d8
1635520 20d420d7 20d520d7 20d420dc 20db20d4
1635540 20d020d7 20d420dd 20dc20d7 20dd20db
1635560 20df20d9 20db20dd 20d920d9 20d420dd
1635600 20dc20db 20db20d9 20d820d6 20d920dc
1635620 20d920de 20e020d5 20dd20d9 20e420e2
1635640 20d020db 20d520d4 20d820db 20cc20ce
1635660 20dc20d7 20d920da 20d520d7 20d920d1
1635700 20e220d9 20dc20df 20d820d9 20d320df
1635720 20d820d7 20d320d6 20d320d6 20dc20df
1635740 20db20db 20d620d9 20d820cf 20d620d1
1635760 20d820d7 20d620e2 20d420de 20dd20d4
1636000 20d320da 20dc20da 20d220dc 20d620d9
1636020 20db20d3 20dc20e0 20d920dd 20d520da
1636040 20db20da 20db20de 20e020d8 20d620df
1636060 20d620d9 20dc20d8 20d920db 20d120d5
1636100 20d520d5 20d720d5 20de20db 20d920df
1636120 20e420de 20d620dc 20e420e2 20dd20db
1636140 20de20dd 20df20e0 20da20de 20e220db
1636160 20dc20db 20e020dc 20e620df 20df20e4
1636200 20de20e0 20dc20df 20dd20da 20da20d8
1636220 20d720d5 20d320d3 20ce20d4 20d620d1
1636240 20db20d4 20d820d9 20e020da 20e520db
1636260 20e420e7 20da20e9 20d920d8 20dc20dc
1636300 20dc20d9 20e220e1 20d920df 20db20db
1636320 20e320e6 20de20e7 20e320df 20df20dd
1636340 20da20dc 20e120db 20e220e1 20da20d9
1636360 20e220d6 20de20de 20e120dd 20e120ee
1636400 20ec20e9 20e620e6 20eb20e6 20e920e6
1636420 20de20e0 20e820df 20e320dd 20d920e8
1636440 20e620e6 20e320ea 20e320e5 20e520e2
1636460 20df20e4 20d820db 20df20d8 20e420e2
1636500 20e620df 20e220e9 20ea20e8 20f120ea
1636520 20ef20f1 20de20e6 20e920e5 20ec20f3
1636540 20f420eb 20e620e9 20ea20e7 20ed20f0
1636560 20ea20ee 20e920ec 20f120ea 20f320f3
1636600 20eb20ef 20f220f5 20f720f3 20f920f5
1636620 20f420fb 20f120fd 20f820f4 20f620fe
1636640 20f820f6 20f020f5 20f020f4 20f920f8
1636660 20f820f7 20fd20f8 20fc20fc 20f620fd
1636700 20f920fc 20f520f5 20f620f6 20f720f5
1636720 20f220f9 20f020f5 20f720f8 20fb20f6
1636740 210220fa 210620ff 20ff2106 210020fd
1636760 21052102 20f920fb 20fa20fc 210020fc
1637000 20fa2103 210820fd 20fd2101 20f820fa
1637020 20fc20f8 210120fe 20fd20ff 21032101
1637040 21042106 21052100 21052105 210520fe
1637060 21022107 20ff2103 21152107 210f2115
1637100 21182112 21122116 21102109 21142117
1637120 21142113 21192112 210c210b 2114210c
1637140 210d2117 210f2111 2116210f 210c2112
1637160 2110210a 210d210f 2111210a 210e210d
1637200 2113210c 2115210b 21142117 21212119
1637220 211c211a 210e2115 21152111 21142119
1637240 21132110 21152117 211d2115 21192117
1637260 21152116 2116211b 211a211a 21192119
1637300 21242122 2122212c 211c2123 211b2116
1637320 211e211a 2122211e 21192127 21212116
1637340 212a211f 212c212c 212e2129 212c2130
1637360 21252125 21222122 21232127 211a2125
1637400 211f211f 21242120 212c2126 21282127
1637420 21252128 21212128 212b2127 21282124
1637440 21262127 21262122 21242124 21272122
1637460 212f212d 21372133 21282134 2128212a
1637500 212c2128 212e2126 212e2126 21242120
1637520 212b212a 212a212e 212c2128 2129212f
1637540 212b212c 212e2134 2130212c 212e2130
1637560 2134212d 2129212f 2134212e 2129212d
1637600 21342134 213d213c 21362136 213f213b
1637620 212e212c 212f2134 2128212c 212c212c
1637640 21362131 2134212f 21352134 212e2130
1637660 213c2136 213b2137 21312132 212e212d
1637700 21312129 212b212a 21322132 21312136
1637720 2133212d 21332134 21302132 21382138
1637740 213d2139 2140213a 2137213e 2137213d
1637760 21342137 21362138 2138212f 21342137
1640000 21312131 2132212c 2131212d 2135212e
1640020 21352132 212d2137 21372132 21362132
1640040 21352139 212a2136 2126212f 21332130
1640060 212d2133 21352135 2136213a 2135213a
1640100 213b2133 212b2133 2130212c b01104a3
1640120 00001004 0001000a 00010000 03b16027
1640140 00000ffc 0001000a 1400003c add01f00
1640160 add01f01 add01f02 add01f03 add01f04
1640200 add01f05 add01f06 add01f07 add01f08
1640220 add01f09 add01f0a add01f0b add01f0c
1640240 add01f0d add01f0e add01f0f add01f10
1640260 add01f11 add01f12 add01f13 add01f14
1640300 add01f15 add01f16 add01f17 add01f18
1640320 add01f19 add01f1a add01f1b add01f1c
1640340 add01f1d add01f1e ff000134 00000020
1640360 00000002 b7e3af49 00000001 deadbeef
1640400 f0000002 b7e3af35 280adc21 00000000
1640420 00000134 00001f48 a01004a4 22032134
1640440 22002205 22052200 21fe21ff 220321fe
1640460 21f42201 22032200 22052207 220d220e
1640500 220f220b 22002201 22012202 21fb2201
1640520 21fd21f7 21ff21fe 220121fc 21fd2200
1640540 220121fd 22022205 220921fe 220a2209
1640560 2207220a 22082211 220a220c 220e220b
1640600 220b220d 22042208 220d220e 22082209
1640620 2206220b 22092206 21fe2206 21ff2206
1640640 21fb21fd 22022201 22002204 22052207
1640660 22062200 22072208 22062210 22042203
1640700 22062204 21fe220d 21ff21ff 220621f6
1640720 2203220b 220d2204 2210220f 22042207
1640740 21fb21ff 21f721fe 21f921f9 21fe21fd
1640760 21fa21f2 21ff21f6 220721ff 21f921ff
1641000 21f921fe 21f821fa 21fb21f9 220321fb
1641020 22072202 220c2206 220b2210 22072201
1641040 22032209 22012204 22042209 220121ff
1641060 21fc2203 21fd2203 21fa2200 21fd2200
1641100 21fb21fb 21fe21ff 21882201 1f97208a
1641120 1e501edc 1dbd1dfd 1d8e1d99 1d721d7f
1641140 1d6a1d74 1d6b1d6b 1d661d69 1d701d6e
1641160 1d711d6e 1d651d6c 1d6c1d68 1d611d6b
1641200 1d6c1d68 1d651d6a 1d681d60 1d631d66
1641220 1d681d63 1d661d62 1d611d64 1d631d64
1641240 1d631d66 1d661d63 1d5f1d5b 1d601d5f
1641260 1d631d61 1d601d64 1d5b1d5a 1d5f1d5a
1641300 1d5d1d57 1d5d1d5e 1d581d5a 1d581d56
1641320 1d581d59 1d5e1d5b 1d5e1d5d 1d621d5f
1641340 1d5d1d61 1d521d55 1d5c1d5a 1d5a1d61
1641360 1d5b1d60 1d591d5d 1d5e1d58 1d531d5d
1641400 1d5c1d5e 1d671d5b 1d5c1d60 1d5f1d5a
1641420 1d5b1d5d 1d5b1d66 1d641d5d 1d581d60
1641440 1d641d5b 1d651d63 1d5f1d63 1d661d6c
1641460 1d5f1d69 1d651d60 1d601d63 1d5e1d60
1641500 1d5d1d60 1d5b1d61 1d661d5d 1d641d61
1641520 1d661d5b 1d621d62 1d6c1d68 1d6a1d69
1641540 1d651d68 1d611d62 1d5d1d5f 1d641d5e
1641560 1d6b1d68 1d671d6b 1d621d67 1d6c1d6c
1641600 1d731d6b 1d6c1d6d 1d711d6c 1d6f1d6f
1641620 1d6b1d70 1d6b1d6d 1d6d1d72 1d711d6d
1641640 1d701d76 1d671d6d 1d721d6e 1d731d76
1641660 1d741d7d 1d7d1d7d 1d7b1d78 1d711d73
1641700 1d7f1d75 1d6c1d79 1d771d74 1d7f1d74
1641720 1d721d79 1d781d7c 1d7a1d7d 1d7e1d7e
1641740 1d831d83 1d831d7e 1d7c1d7a 1d821d7e
1641760 1d871d7a 1d7e1d81 1d7f1d81 1d891d7f
1642000 1d8d1d82 1d8c1d8a 1d871d8f 1d881d86
1642020 1d871d8c 1d811d84 1d8a1d86 1d901d96
1642040 1d8f1d92 1d8f1d8e 1d931d89 1d961d95
1642060 1d971d96 1d921d91 1d971d92 1d9a1d8f
1642100 1d9e1d9a 1d9c1d9f 1d971d9b 1d9f1d9e
1642120 1d991d9d 1da31d9c 1d9e1da5 1da11da2
1642140 1da81d9b 1da81da8 1dad1dad 1db11daf
1642160 1db21db2 1dbb1db1 1db21db7 1dbd1db2
1642200 1db81db9 1db41dbd 1dba1db8 1db61db7
1642220 1db61db5 1dbc1dbe 1dc11dba 1dba1dba
1642240 1dba1dba 1dbd1dba 1dc21dc1 1dc61dc2
1642260 1dc51dc0 1dc61dd0 1dc91dca 1dc81dc8
1642300 1dd01dd5 1dc91dcf 1dc71dc5 1dc71dc8
1642320 1dcd1dcd 1dcc1dce 1dd21dca 1dc81dd5
1642340 1dd61dd0 1dd41dd8 1dd81dda 1dd71dd5
1642360 1dda1dd8 1dd31de1 1dd51ddf 1dd91dd6
1642400 1de21ddf 1de31de4 1dda1de3 1de71de0
1642420 1de41de6 1ded1de9 1de51df0 1de71de5
1642440 1dec1deb 1de61deb 1de91de5 1def1dea
1642460 1df31dee 1def1dec 1dec1dee 1def1dec
1642500 1df11ded 1df61ded 1df11df3 1dfe1df4
1642520 1dfa1dfa 1df01df7 1def1df1 1df51dec
1642540 1df91df0 1df91dfd 1df61df7 1df31df7
1642560 1dfd1dfe 1df91dfe 1dfe1df6 1e001df8
1642600 1e031e02 1e031e06 1e021dfd 1e091e03
1642620 1e091e0c 1e041e09 1e0e1e0c 1e0f1e0b
1642640 1e0c1e08 1e0e1e0e 1e071e12 1e121e07
1642660 1e0d1e14 1e1b1e0a 1e0e1e16 1e101e0b
1642700 1e1b1e10 1e101e11 1e1d1e16 1e1a1e1b
1642720 1e101e0d 1e151e0e 1e1a1e17 1e1c1e12
1642740 1e1a1e1c 1e1c1e18 1e221e1a 1e191e19
1642760 1e1b1e1c 1e131e17 1e0f1e13 1e1d1e12
1643000 1e161e15 1e171e0f 1e171e10 1e1f1e1c
1643020 1e1f1e25 1e261e26 1e201e1e 1e271e1d
1643040 1e271e26 1e221e27 1e1e1e24 1e201e24
1643060 1e231e26 1e1b1e21 1e201e1e 1e1b1e1c
1643100 1e1f1e1f 1e241e27 1e291e27 1e301e31
1643120 1e2e1e34 1e2c1e26 1e2c1e30 1e2e1e2d
1643140 1e341e2e 1e3a1e36 1e381e2f 1e2e1e31
1643160 1e2d1e26 1e2b1e2d 1e2f1e2f 1e2a1e28
1643200 1e2d1e2e 1e301e33 1e2e1e28 1e2e1e30
1643220 1e301e2b 1e281e32 1e311e34 1e2d1e34
1643240 1e321e32 1e331e35 1e2c1e2e 1e281e2c
1643260 1e331e2f 1e381e33 1e321e2e 1e2d1e2e
1643300 1e2c1e2d 1e321e32 1e2b1e2d 1e2f1e31
1643320 1e321e2d 1e2b1e2e 1e311e31 1e321e35
1643340 1e2a1e32 1e291e2a 1e251e27 1e291e27
1643360 1e2f1e2c 1e301e29 1e2c1e39 1e301e2c
1643400 1e2c1e37 1e2b1e2b 1e311e2e 1e2c1e2c
1643420 1e311e2b 1e2e1e35 1e351e2d 1e321e2e
1643440 1e2f1e29 1e2f1e2d 1e341e31 1e341e38
1643460 1e2f1e31 1e321e33 1e351e32 1e3a1e36
1643500 1e361e38 1e391e35 1e361e2f 1e2f1e2a
1643520 1e281e2c 1e2e1e28 1e2c1e2b 1e2a1e2a
1643540 1e2e1e33 1e2d1e29 1e321e31 1e311e31
1643560 1e311e29 1e2e1e30 1e321e23 1e301e31
1643600 1e351e31 1e341e33 1e271e2f 1e2e1e25
1643620 1e291e2a 1e2c1e2d 1e311e32 1e301e29
1643640 1e291e33 1e2b1e29 1e271e28 1e2b1e2e
1643660 1e291e28 1e2a1e29 1e291e24 1e321e25
1643700 1e2e1e2b 1e231e27 1e261e25 1e2b1e2d
1643720 1e291e2a 1e2c1e31 1e2b1e30 1e2e1e30
1643740 1e281e2b 1e341e2b 1e2f1e2f 1e2e1e30
1643760 1e311e31 1e321e31 1e391e31 1e311e33
1644000 1e301e30 1e341e37 1e321e2f 1e341e2b
1644020 1e341e32 1e361e38 1e311e32 1e331e35
1644040 1e3b1e38 1e3a1e36 1e391e3a 1e331e39
1644060 1e3e1e38 1e421e3f 1e3c1e3e 1e381e3b
1644100 1e481e47 1e3a1e41 1e471e3d 1e461e41
1644120 1e421e3b 1e4b1e46 1e491e48 1e4b1e4c
1644140 1e491e49 1e4d1e54 1e4c1e4e 1e4c1e49
1644160 1e451e47 1e4e1e48 1e4e1e4b 1e4f1e4a
1644200 1e541e58 1e5a1e51 1e511e4c 1e4c1e50
1644220 1e4b1e4f 1e4c1e4d 1e541e4e 1e5a1e50
1644240 1e5b1e62 1e5b1e63 1e5d1e55 1e591e64
1644260 1e5e1e60 1e5a1e5e 1e621e5f 1e6f1e63
1644300 1e721e6b 1e6c1e69 1e691e66 1e621e6b
1644320 1e651e66 1e6a1e6b 1e6b1e6a 1e731e69
1644340 1e771e73 1e6d1e71 1e741e6e 1e6c1e70
1644360 1e6f1e72 1e751e72 1e741e81 1e801e7b
1644400 1e7d1e7e 1e861e7c 1e811e89 1e861e84
1644420 1e891e81 1e841e7f 1e7c1e89 1e811e7e
1644440 1e881e85 1e911e8b 1e961e90 1e8d1e8d
1644460 1e8d1e8d 1e8a1e8d 1e941e8e 1e921e93
1644500 1e971e96 1e981e9a 1e951e9a 1e991e92
1644520 1ea01ea2 1ea41eab 1ea21e9d 1ea01ea3
1644540 1ea21ea5 1e9f1ea4 1ea01ea5 1ea21ea4
1644560 1ea11ea1 1eab1ea6 1ea51ea6 1ead1ead
1644600 1eb01ead 1ead1ea9 1eb31ea5 1ead1eb7
1644620 1eb61ead 1eb61eb9 1eb61eba 1eb71eb6
1644640 1eb81eb3 1ec31eb3 1ec11ec4 1ec21ebf
1644660 1ec31ebe 1ec31ebb 1ebc1ec1 1ebc1ec3
1644700 1ec11ec1 1ec91ec5 1ecd1ec9 1ece1ed1
1644720 1ecc1ed0 1ece1ecc 1ed51ecf 1ed31ecf
1644740 1ed21ed2 1ed01ed1 1ecf1ed0 1edb1ecd
1644760 1ed11ed5 1ed01ed1 1ed41ece 1ed61ecc
1645000 1ed41ed3 1ed51ed6 1ecd1ed1 1edc1ed3
1645020 1edc1ee6 1ee21ee2 1ee51ee4 1ee91ee7
1645040 1ee21ee1 1ee21edf 1eec1ee5 1ee51ee9
1645060 1eda1ed7 1ee21ee0 1ee21ed5 1ee81ee7
1645100 1ee81eec 1eea1ee8 1ee91eea 1ee81eed
1645120 1eec1eee 1ee31eeb 1edf1ee1 1ee11ee8
1645140 1ee91ee7 1eea1ee7 1ee81ee5 1eeb1eea
1645160 1ee51eeb 1ef11eea 1eee1eef 1ee61eee
1645200 1eea1eeb 1ef01eec 1eea1eee 1eed1eeb
1645220 1eee1ee8 1ef11ef4 1ef31efa 1ef91ef6
1645240 1eff1efe 1ef41ef8 1eff1efb 1ef61efc
1645260 1efb1ef7 1efc1efd 1efa1ef7 1efc1efc
1645300 1efa1efc 1eff1efe 1f061efb 1f021f05
1645320 1ef61f03 1efe1efd 1efc1f02 1f061f02
1645340 1f041f05 1efc1f00 1ef91f03 1efd1ef7
1645360 1f071efb 1efd1f05 1efa1eff 1eff1eff
1645400 1f041f00 1f041f04 1f011f02 1f041f02
1645420 1f071f07 1f011f00 1f021efc 1ef91ef6
1645440 1ef11ef4 1ef11ef1 1ef51ef2 1ef81ef7
1645460 1ef71ef8 1ef71ef4 1efe1efb 1efb1ef4
1645500 1efd1ef4 1efa1ef9 1ef81efa 1efd1eff
1645520 1ef71ef8 1efc1ef5 1efb1ef8 1ef41ef8
1645540 1ef81ef7 1ef31ef5 1efd1ef7 1ef41efb
1645560 1ef91ef8 1efd1efc 1efa1efd 1ef81ef6
1645600 1ef71ef6 1efd1efc 1f041efe 1ef81efe
1645620 1efd1ef7 1ef91efb 1ef61ef6 1ef51ef8
1645640 1efc1ef4 1efa1ef7 1ef41ef6 1ef31ef1
1645660 1ef01ef6 1ef61eeb 1ef71ef1 1eed1ef0
1645700 1ee71eea 1eea1ee9 1ef01eee 1eee1eed
1645720 1eef1ef1 1eec1eea 1ef11ef0 1eeb1ef0
1645740 1ee71ee2 1ee61ee2 1ee31ee0 1eec1ee5
1645760 1eec1eec 1eeb1eea 1ee61eeb 1ee11ee3
1646000 1ee11ee4 1ee21ee5 1ee41ee6 1eec1ee9
1646020 1ee21ee7 1ee21ee9 1ee81ed8 1eea1ede
1646040 1ee61ef1 1ee81ee5 1ee11eef 1edc1ee0
1646060 1ede1ed7 1edc1ed6 1edd1ed5 1ee61ee7
1646100 1ee51ee0 1ee31ee5 1ee61ee6 1ee01ee7
1646120 1eec1eea 1ee81ee7 1ee41ee2 1eec1eec
1646140 1ee11ee7 1ee31ee5 1ed71ee5 1ee41ee1
1646160 1eda1edf 1eeb1ee1 1ee01eea 1ee71ee4
1646200 1ee91ee5 1ee51ee7 1ede1ee4 1ee31ee0
1646220 1ee41ee4 1ee11ee0 1ee31ee5 1ee11ee0
1646240 1ee51ee5 1ee81ee9 1ee71ee5 1ee21ede
1646260 1ef31ee6 1eeb1eeb 1ee41ee7 1eee1ee8
1646300 1ee81eed 1eea1ee7 1eee1eee 1eea1ee8
1646320 1ef51ef5 1ef01ef4 1ef41ef2 1ef91efb
1646340 1ef01eef 1eef1eeb 1eee1eef 1ef01eed
1646360 1ef51efd 1f001f02 1efb1eff 1ef71ef8
1646400 1efa1efc 1eff1f01 1efa1f00 1eff1ef7
1646420 1efa1efd 1ef51efc 1efe1efb 1efb1f00
1646440 1f041efe 1f081f00 1f0c1f11 1f061f0d
1646460 1f051f03 1f0d1f02 1f0b1f0c 1f0b1f0a
1646500 1f171f14 1f181f17 1f121f12 1f171f13
1646520 1f101f0f 1f131f17 1f141f11 1f0e1f12
1646540 1f151f1c 1f141f1c 1f211f1b 1f1b1f20
1646560 1f1c1f16 1f1c1f1b 1f1e1f23 1f221f27
1646600 1f251f27 1f291f29 1f2a1f24 1f251f25
1646620 1f2a1f24 1f2e1f26 1f311f29 1f251f25
1646640 1f2f1f2e 1f311f32 1f341f30 1f3d1f38
1646660 1f351f41 1f371f37 1f381f3d 1f401f3c
1646700 1f3e1f41 1f3e1f3e 1f461f42 1f441f4b
1646720 1f481f43 1f471f46 1f521f4b 1f541f4d
1646740 1f531f58 1f541f56 1f501f4e 1f501f4d
1646760 1f4c1f4e 1f511f50 1f5d1f61 1f5f1f5d
1647000 1f641f5f 1f651f5b 1f631f66 1f601f61
1647020 1f6c1f61 1f671f6d 1f741f6f 1f731f6d
1647040 1f681f6e 1f6a1f5e 1f681f69 1f661f64
1647060 1f671f6d 1f721f63 1f731f74 1f761f79
1647100 1f741f7a 1f741f77 1f731f70 1f7d1f78
1647120 1f7c1f79 1f771f7a 1f791f7c 1f841f7e
1647140 1f861f86 1f801f87 1f821f82 1f861f7e
1647160 1f8e1f81 1f871f8a 1f871f83 1f831f89
1647200 1f8e1f8e 1f921f88 1f991f90 1f981f93
1647220 1f951f98 1f961f9a 1f931f95 1f9a1f91
1647240 1f961f97 1f911f8c 1f931f95 1f991f99
1647260 1f9f1f94 1f9b1f9c 1fa11f9b 1f9c1f9c
1647300 1f9d1f96 1f9f1f97 1fa91faa 1fa21fa2
1647320 1f991f9d 1fa31f9b 1f9e1f9f 1fa01fa7
1647340 1fa51fa0 1fa51fab 1fa31fa4 1fa41f9f
1647360 1fac1fa1 1fa21fa5 1f9e1faa 1fa71fa5
1647400 1fa71fa3 1fa91fa8 1fad1fb2 1fab1fad
1647420 1fa81fb6 1fab1fa6 1fac1fa3 1fa41fa3
1647440 1fa51fa9 1fa91fa7 1fb31fb1 1fae1fb0
1647460 1fad1faa 1fab1faf 1faf1fac 1fb11fb1
1647500 1fb01fb0 1fb01fb3 1fae1fb0 1fb51fb5
1647520 1fc61fb5 1fba1fc0 1fb11fb3 1fb31fbd
1647540 1fb11faf 1fbd1fbb 1fbb1fb6 1fbb1fbc
1647560 1fba1fc1 1fbd1fbc 1fbb1fbb 1fb51fbb
1647600 1fb51fba 1fb21fb3 1fb51faf 1fb81fb8
1647620 1fb91fb8 1fb01fb8 1fb21faf 1fb81fb5
1647640 1fb31fba 1fb71fbb 1fb91fbf 1fba1fb5
1647660 1fba1fb4 1fb41fae 1faf1fb2 1fb21fb7
1647700 1fba1fbc 1fb51fb5 1faf1faf 1fad1faf
1647720 1fb21fb4 1faf1fb0 1faf1fb1 1faa1fac
1647740 1fb21fb3 1faa1fae 1faf1fb1 1fb61fb0
1647760 1fb51fa8 1fb01fb0 1fa81fb0 1fb51faf
1650000 1faa1fb1 1fb01fa6 1fab1fab 1fa91fab
1650020 1fa81fae 1fa91fa5 1fb31fa6 1fa81faf
1650040 1fa81fab 1fa31faa 1fa31fa8 1fa61fa0
1650060 1fa81fa2 1fa51fa6 1fa21fa6 1fa11fa4
1650100 1f991f9b 1fa31f98 1fa11fa1 1fa31fa6
1650120 1f9f1f9f 1f9c1f9d 1f9e1f9d 1f9b1f9a
1650140 1f9a1f9e 1f9c1f93 1f9c1f9e 1f8b1f95
1650160 1f8f1f8c 1f961f95 1f8e1f93 1f901f93
1650200 1f911f87 1f8b1f8c 1f981f93 1f971f8d
1650220 1f921f96 1f951f92 1f971f8e 1f961f93
1650240 1f8b1f8c 1f901f95 1f8a1f8a 1f8c1f8b
1650260 1f911f8e 1f8a1f8c 1f891f87 1f801f88
1650300 1f871f86 1f8d1f8e 1f881f89 1f871f84
1650320 1f7d1f87 1f801f86 1f811f81 1f881f8d
1650340 1f831f87 1f751f80 1f7c1f7b 1f841f85
1650360 1f831f7f 1f881f83 1f871f89 1f801f89
1650400 1f7f1f8c 1f821f82 1f8a1f7f 1f851f86
1650420 1f851f83 1f7d1f85 1f7d1f80 1f801f81
1650440 1f7d1f82 1f7e1f7a 1f7c1f7e 1f751f82
1650460 1f851f82 1f8a1f82 1f861f8d 1f7d1f8e
1650500 1f821f79 1f841f7b 1f7c1f7d 1f791f7a
1650520 1f7f1f81 1f831f7a 1f8d1f85 1f8c1f86
1650540 1f881f87 1f881f89 1f8e1f89 1f8b1f89
1650560 1f8a1f83 1f861f89 1f831f87 1f861f86
1650600 1f971f8f 1f881f8e 1f8f1f91 1f8c1f95
1650620 1f811f8a 1f881f82 1f881f80 1f8c1f89
1650640 1f8c1f8b 1f8f1f88 1f941f91 1f8f1f8f
1650660 1f901f8d 1f971f90 1f911f92 1f9f1f8f
1650700 1f931f94 1f9a1f95 1f991f92 1f9c1f95
1650720 1f9c1f99 1f9d1f9b 1f931f99 1f951f96
1650740 1f941f95 1fa51f9d 1f9f1fa7 1f9c1fa1
1650760 1faa1fa1 1fa21f9c 1fa81fab 1fa01fa8
1651000 1f9f1fa8 1fa91faf 1fa81fa4 1faf1fa3
1651020 1fae1fb2 1fb11fae 1faf1fb6 1fb61fad
1651040 1fb51fb7 1fb71faf 1fae1fb4 1fb31fb4
1651060 1fb21fb1 1fae1fac 1fb71fb5 1fbb1fb8
1651100 1fb51fc0 1fc21fc4 1fc81fc5 1fc61fc6
1651120 1fc41fc6 1fc11fcb 1fca1fc8 1fcc1fcd
1651140 1fd01fce 1fd41fd3 1fc81fd5 1fd11fd0
1651160 1fd01fd0 1fce1fc6 1fd21fd6 1fd11fd5
1651200 1fd21fd3 1fd71fd5 1fcc1fd1 1fdb1fd1
1651220 1fe31fea 1fe01fe1 1fe31fe9 1fe41fdd
1651240 1fe51fe5 1fe41fe6 1fec1feb 1fef1fed
1651260 1fe81fec 1fe11fea 1fe81fe9 1ff61feb
1651300 1ff81fef 1fef1ff0 1ff41ff3 1ff31ff2
1651320 1ff61ff9 1ff01ff5 1ff41ff9 1ff71ff0
1651340 1ffb1ff6 1ffd1ffa 20031ff4 1ffd1ffe
1651360 1ffb1ffb 20042003 20092007 20052004
1651400 200a200c 200b2009 200d200d 200a2007
1651420 200b2007 200e200d 2008200b 200c2008
1651440 200a2017 201c2019 20182017 20152017
1651460 201d2020 200f200f 201b2015 20172015
1651500 20212020 201f2023 20272020 2025201d
1651520 20252020 2023202b 20212029 20282024
1651540 20272025 2021201c 20242022 201f2028
1651560 2020201c 201e201c 20282026 2029202a
1651600 20292030 2024202b 20272023 20282029
1651620 202b202b 2028202f 20322033 20332031
1651640 202d2029 2035202a 20362033 203d2034
1651660 203d2039 203d203e 203c203e 203a203a
1651700 203a203a 20382033 20392036 203c203c
1651720 203f203c 203b2038 2043203b 2030203b
1651740 203b2037 20402045 2038203d 2040203a
1651760 20362037 20402045 20442044 2038203f
1652000 203d203b 203b2038 2040203d 203d2041
1652020 203c203f 2046203c 20472042 20452044
1652040 203e2046 203d2042 2042203e 203a2041
1652060 20352039 20352036 203d203a 20422039
1652100 20472042 20432047 2038203d 20362038
1652120 203c2035 2042203f 20392040 203d2041
1652140 2042203e 203b203d 2038203a 2033203d
1652160 20382034 20382031 20372038 203f2044
1652200 20372036 20402040 2040203e 203d203f
1652220 203f2040 2039203f 203b2040 20382037
1652240 20412037 203a203f 202f2036 203e203d
1652260 2039203d 203e203d 2032203b 20352032
1652300 20372032 20332034 20302037 20312032
1652320 202c202a 202e2027 20262029 20252021
1652340 20282024 202a2028 202c202d 20252027
1652360 2021201e 201d2020 20242021 20272027
1652400 20272027 201e201e 20162019 2019201c
1652420 2022201e 20262024 2025202b 20252028
1652440 20102020 2019200c 201b2020 201b2017
1652460 201a201a 20142017 201e2015 201c2018
1652500 201b201d 2012201c 2019201a 20182015
1652520 2010200b 2015200f 2010200e 20172013
1652540 20142013 200e2017 200c2012 200f2011
1652560 2010200e 200f2010 200e200a 20132008
1652600 20102011 2013200e 200e200c 2007200d
1652620 200f200a 20122012 20102010 20072008
1652640 20032005 200c2007 200b200d 20072004
1652660 20072005 20132006 200c200b 20092005
1652700 20002007 20061ffb 2012200a 20072008
1652720 200a200b 20092001 200e2009 20072009
1652740 20052007 20002007 20082005 20132012
1652760 20122019 20152013 200e200e 20062008
1653000 20092008 200e200c 20112013 20132011
1653020 20132012 20082010 200d200c 200e200d
1653040 20142011 200c2010 200b200e 2007200c
1653060 200a2008 200b200a 200c2007 200d200d
1653100 200e200a 2008200a 200b2008 200d2008
1653120 20112016 20132011 201c2017 2019201b
1653140 200f201a 20172016 201c2016 20172019
1653160 2023201f 201c201c 201d2025 2015201c
1653200 20202019 2021201f 201e2024 20242024
1653220 20212024 20242024 20262020 201f2024
1653240 20242028 20282020 20232026 202d202d
1653260 202f202b 20312030 2029202d 202f202b
1653300 202f2027 20292027 20382032 203a2033
1653320 20392030 20362037 20372038 203b203c
1653340 203b2034 2040203d 203f2042 2040203d
1653360 203e203e 203a2042 2043203c 20442041
1653400 20432042 20452048 20402046 20492047
1653420 2045204f 2048204c 204f2047 204f204a
1653440 20522051 20562050 20592055 2058205f
1653460 20572051 20532055 20562053 205c205a
1653500 2057205d 20572059 2061205b 20642061
1653520 20642065 20682066 206b2068 20682065
1653540 205f2064 205c205f 20612061 20622061
1653560 20682068 20692064 20662068 2069206a
1653600 20662063 20702069 20742074 20742073
1653620 20702077 2073207d 207b2077 20752074
1653640 207b2079 207e207e 207a207b 207a2074
1653660 206f2072 20752079 20812079 207c2084
1653700 208d207b 20862087 207d207f 20862083
1653720 20832087 2089207b 20872086 208d2086
1653740 20852087 208e208a 208c2091 2090208e
1653760 2094208a 20932096 208f208f 208d2089
1654000 208f2092 20902090 20902091 208d208a
1654020 20932091 20962093 209c2094 209f209c
1654040 20972095 20992091 209b20a4 20972097
1654060 2099209b 20a0209b 209c20a0 209d209b
1654100 209c209e 20a5209c 20a520a5 20a820a7
1654120 20aa20ad 20a9209f 20b220ad 20b220af
1654140 20ae20af 20aa20b2 20b020ae 20b220b1
1654160 20b120ad 20b220af 20b120af 20af20ae
1654200 20a920b1 20a620a5 20ae20ac 20aa20ac
1654220 20a420a3 20a420a7 20a920a6 20a520a8
1654240 20a720a8 20b120ac 20b020b1 20b320b0
1654260 20b020b1 20ae20ac 20b520b5 20b420b4
1654300 20af20b4 20b220b0 20b420b1 20a720b1
1654320 20b920b0 20ad20ae 20af20a6 20b020b1
1654340 20b420b0 20b820b1 20b620b7 20b620b3
1654360 20bb20b6 20b520bb 20b720b8 20ac20ac
1654400 20b520ab 20a720ae 20ae20ad 20ae20ad
1654420 20af20af 20b020b2 20aa20ac 20ab20a8
1654440 20a720a8 20ae20aa 20ad20a9 20ab20ae
1654460 20ab20a6 20aa20ad 20aa20a7 20a720a3
1654500 20a2209e 20a120a7 20a020a1 20a120a1
1654520 20a22099 209b209a 209b2099 20a020a5
1654540 20b020a5 20b620b6 20a520ad 20a320a4
1654560 20a620ae 20a720a5 20a820a4 209920a6
1654600 20a520a0 20aa20a3 20a720a7 20a620a8
1654620 20a420a4 20a420a7 20a120a7 209c2092
1654640 209f209c 20992097 20a52099 209620a0
1654660 209b2096 209d2097 209f209b 209b20a4
1654700 20a220a2 2098209b 2098209c 2094208f
1654720 208e2093 20972093 20882091 208e208b
1654740 208e2092 20922091 20962093 208e2092
1654760 208f2091 20942089 20942094 209a2094
1655000 208e208e 2090208a 2089208c 2095208a
1655020 20932091 208e2090 2090208d 20892088
1655040 208d208e 208a2092 2088208e 208a208c
1655060 208e2090 208c2092 2089208d 20872086
1655100 208a2091 208c208d 208c2088 208a2092
1655120 2094208b 20862089 20832087 20882087
1655140 208e208e 208b208e 208f2090 20902091
1655160 208f2094 208b2092 208d2088 208c2084
1655200 208a208b 2089208c 208e208d 208e208a
1655220 2091208e 208c208f 20922094 20892097
1655240 20952094 2090208a 2090208e 208a2088
1655260 208f2094 2089208f 208f2089 2093208d
1655300 20902090 20952095 20892092 208e208e
1655320 208f2093 20982096 2096209b 2094209a
1655340 20982096 209c2096 20892092 20862090
1655360 20952090 20962099 209c2094 20962097
1655400 20962098 209e2098 2098209b 20a02099
1655420 209a209d 20a1209a 209d2098 209a2096
1655440 2093209a 208e2094 20a02095 209f209d
1655460 209f20a0 209c209a 20a120a5 20a8209f
1655500 20ab20a8 20af20a4 20a920a6 209a20a3
1655520 20a620a7 20ac20ac 20b120aa 209f20ae
1655540 20a620ab 20a820a9 20a820aa 20af20ac
1655560 20b420b4 20b720b8 20b320b4 20af20ac
1655600 20b820ae 20b420b3 20b020ae 20af20b3
1655620 20bd20b3 20bc20be 20c420ba 20be20c8
1655640 20c120bd 20be20bc 20be20b9 20c920c4
1655660 20c020c4 20c220c0 20bf20c3 20c020b7
1655700 20be20b6 20c320c2 20ca20c2 20c920d1
1655720 20cd20c6 20c920c6 20c720cd 20ce20cb
1655740 20d020d3 20d220cc 20d220cf 20d420cc
1655760 20d120d2 20cd20d3 20d220cb 20d420d8
1656000 20d820db 20da20dc 20d420cf 20d020cd
1656020 20d920d1 20dd20d3 20da20d7 20e020dc
1656040 20e420dd 20da20db 20d720e1 20da20dc
1656060 20df20dc 20d920d4 20e220d3 20e720e4
1656100 20e920e8 20e220e9 20ea20e1 20eb20e5
1656120 20e820ee 20ea20eb 20e520ec 20e720ea
1656140 20e320de 20e220e3 20e920e5 20e820e2
1656160 20e220e4 20e820e5 20e520e6 20ed20ec
1656200 20ef20ec 20ef20f1 20f220ef 20e820ed
1656220 20ed20ec 20f020ee 20f220f2 20f020f6
1656240 20f120f3 20e620f0 20f020ee 20ed20ec
1656260 20f320f3 20f620f7 20f920f7 20f120f8
1656300 20f120f1 20f320f7 20fb20f5 20fa20fb
1656320 20fd20f4 20f920f9 20fd20fe 20fb20fe
1656340 20f420f3 210120f6 20f920fa 20ff20fc
1656360 20fe2103 20f720fb 20f920f8 20f520f2
1656400 210320f8 20f820fd 20f720f3 20f520f9
1656420 20fa20f6 20fa20fe 21032101 20ff2108
1656440 20ff2109 210720fc 21072101 2106210d
1656460 20fe2104 20fe20fc 210b20ff 210b2108
1656500 21062106 210a210d 20fc2103 21052101
1656520 210220fb 21032107 21062103 20fe2102
1656540 20fd20ff 21012104 21062103 210c2105
1656560 2105210a 210120fe 20ff2103 20f420fa
1656600 20e220fd 20f920e7 210120fe 210b20fc
1656620 21052100 210a2102 21092108 2107210c
1656640 21012102 20fc2109 21002100 20fb2100
1656660 210220fc 21042102 20fc2103 20fe20ff
1656700 21072102 210d2105 21032106 20fc20fd
1656720 20fc20fd 20fd20fa 20fc20f8 20fa20f9
1656740 20f620f6 20f92100 20fa20fe 210420f7
1656760 20fa20fb 20f420fa 210220fe 20f820f9
1657000 20f620f0 20ef20f3 20f120ed 20f320f2
1657020 20f520f1 20ea20ee 20eb20e5 20ee20f3
1657040 20ee20f1 20ed20f1 20fd20f9 20eb20ec
1657060 20f620f6 20ec20ee 20f220ee 20f420ef
1657100 20e920f0 20ea20ea 20f020f3 20e520e9
1657120 20e920e0 20e520e2 20e520e2 20e620e9
1657140 20e820e4 20ea20e8 20ef20e8 20e520ed
1657160 20e220ec 20e620e9 20ee20e9 20e620e7
1657200 20eb20ed 20ee20e7 20ea20ee 20eb20f1
1657220 20e220e8 20e220e6 20e820e2 20e520e6
1657240 20ec20e4 20e420e5 20e120e5 20e120e3
1657260 20e320e0 20e420e7 20e820e8 20e520ec
1657300 20ec20ea 20eb20e7 20eb20e7 20ea20e0
1657320 20e820ee 20e820ec 20e820e1 20ea20e6
1657340 20e620e6 20e620e4 20e520ea 20e420e8
1657360 20e820e2 20e520e9 20e720e5 20e020e9
1657400 20ec20e1 20eb20e1 20e620e5 20eb20e4
1657420 20ee20ed 20ea20e8 20e220e4 20e120e6
1657440 20dd20dd 20de20e7 20e420e7 20e820e8
1657460 20ec20e8 20e920ec 20ec20ed 20e520e9
1657500 20ec20e6 20ea20eb 20e120e7 20e620e8
1657520 20e120ec 20ea20e2 20e620e8 20e420e7
1657540 20e820ea 20ee20ec 20ee20ea 20ec20f1
1657560 20f920e8 20ea20fb 20f420e9 20ef20f0
1657600 20fc20f3 20f420f7 20ec20ef 20ea20f5
1657620 20f320e7 20ef20ef 20e920ed 20f220ec
1657640 20ed20ef 20f420f5 20f820f1 20f420f3
1657660 20fe20fb 20f020f5 20f720ee 20f720f7
1657700 20f220f4 20fc20fb 20ff20f7 20fd20f7
1657720 20ff2101 20f920fc 20ed20f1 20f620f8
1657740 210220f9 21092106 20fc2100 20fb20fd
1657760 20fd20f9 20fd20fd 20fa20ff 20fd20fd
1660000 21042107 20fc2102 20ff20fe 20fd20f9
1660020 20fc20fc 20f920ff 21042103 2109210e
1660040 21082100 21042108 21082105 210a2104
1660060 210a2106 2109210a 210b2107 2116210d
1660100 21172112 2111210c 2110210f 210f2114
1660120 21122116 21152115 21182113 b01004a4
1660140 00000fcc 0001000a 00010000 03b16028
1660160 00000ffc 0001000a 1400003c add01f00
1660200 add01f01 add01f02 add01f03 add01f04
1660220 add01f05 add01f06 add01f07 add01f08
1660240 add01f09 add01f0a add01f0b add01f0c
1660260 add01f0d add01f0e add01f0f add01f10
1660300 add01f11 add01f12 add01f13 add01f14
1660320 add01f15 add01f16 add01f17 add01f18
1660340 add01f19 add01f1a add01f1b add01f1c
1660360 add01f1d add01f1e ff000134 00000020
1660400 00000002 b803cba6 00000001 deadbeef
1660420 f0000002 b803cb92 080078e6 00000000
1660440 00000134 00001f48 a01104a5 220b2113
1660460 220c2214 220b2207 2204220f 22052202
1660500 21ff2203 22072201 22082205 22072206
1660520 22032208 22042205 2207220b 22002203
1660540 22052206 22082208 22082204 21fe21ff
1660560 21f821fc 22032205 22052209 21fa21ff
1660600 22042201 21fd2202 22052207 22032206
1660620 22072203 21f82200 21f921fd 21ff21fb
1660640 22002203 21fd21fe 21f621fa 21f921fa
1660660 21f821f5 21f721f7 21fc21f0 21fc21fa
1660700 21f121f4 21f221f9 21f021f0 21fa21f0
1660720 21e821ec 21ed21eb 21f121f4 21ed21f2
1660740 21ed21ee 21ef21f6 21e721f1 21ed21ef
1660760 21e021df 21ef21eb 21f421ef 21ea21f0
1661000 21ea21e7 21e521e5 21e021e7 21e321e5
1661020 21dc21eb 21e621e3 21ea21e8 21ea21ed
1661040 21e321f0 21e621e9 21e621ee 21ea21ec
1661060 21e521e9 21dc21df 21db21d9 21d921df
1661100 21da21db 21e421e7 21dc21e0 21d821e0
1661120 21c821cd 21b121ba 21a321a3 2199219e
1661140 21962199 21932197 21912192 21932192
1661160 21952199 21962197 21942197 21962199
1661200 21902197 218f218e 2193218f 21942197
1661220 21972192 219e219c 2198219d 219a219b
1661240 21a1219b 219721a2 21a32197 219b21a0
1661260 219c219a 219f219f 21a5219d 21a5219f
1661300 21a321a2 2195219b 219e219d 2191219e
1661320 219c219e 219d219c 21972195 219b219c
1661340 219a2199 21ab21a9 21aa21a7 21a821a6
1661360 21a921af 21ad21a7 21a921a8 21a921a8
1661400 21a521a8 21a321ac 21a821a6 21ab21a4
1661420 21a621a2 21a421aa 21a721a2 21ac21a9
1661440 21b821af 21b221b5 21ac21b0 21af21b1
1661460 21ac21ab 21b021a9 21b421aa 21b521b3
1661500 21b021b7 21b121b3 21ad21a5 21b621af
1661520 21b521b2 21be21ba 21be21c0 21c521c0
1661540 21bc21bc 21c121c0 21c321c4 21b721c0
1661560 21bc21c3 21bb21b9 21c021bd 21ba21be
1661600 21b721bd 21c421be 21bb21c5 21c321c4
1661620 21c721c7 21c221bf 21be21c5 21c121bd
1661640 21cc21ce 21d021ce 21cb21c7 21c621c7
1661660 21c721cc 21c921cc 21cf21cb 21ce21c5
1661700 21ce21cb 21cb21ca 21d321c5 21cc21d0
1661720 21c921cf 21cd21ca 21cc21c8 21c921ce
1661740 21cd21cb 21da21d7 21d621d4 21dd21dc
1661760 21cc21dc 21d621d4 21da21d2 21e221d7
1662000 21dc21d8 21da21df 21d821dc 21d021dc
1662020 21ee21de 21df21e7 21eb21e2 21e421e9
1662040 21e221e6 21e921e7 21e621e6 21ec21ee
1662060 21e521e6 21ea21ea 21f021ec 21e421eb
1662100 21e521e5 21ee21e8 21ec21e6 21ed21e8
1662120 21ea21e5 21e921f0 21f021e8 21f321f4
1662140 21f621ef 21eb21f0 21e921ec 21ed21ee
1662160 21eb21ed 21ed21e9 21f421f0 21ed21ef
1662200 21e621ee 21f821f2 21f821f2 21ef21f5
1662220 21ea21f4 21ef21ed 21f321ec 21f721f2
1662240 21fb21f8 21f421fa 21f421f6 21f721ee
1662260 21f721f3 21ef21f9 21f421f3 21fb21fb
1662300 21fa21f7 21f821ee 21f621ed 21f421f6
1662320 21ed21fa 21f021ed 21f521ef 21f521ed
1662340 21f421f2 21ee21f1 21f121f4 21f121ef
1662360 21f921ee 21f721f1 21fb21f1 21ed21f4
1662400 21f721e9 21f421f1 21f621f4 21f721fe
1662420 21fa21f8 21fd21fe 21eb21f4 21f521f1
1662440 21f521f4 21f921e9 21ef21f5 21f821f8
1662460 21f121f2 21ec21ef 21f421ee 21fe21f6
1662500 21f521fb 21f321f3 21f721f5 21f621f0
1662520 21f621f2 21f121f1 21f221eb 21f021f9
1662540 21ee21e9 21f021f0 21ee21f0 21f221f1
1662560 21ed21ef 21f221ed 21f221ed 21eb21f3
1662600 21ea21ec 21eb21eb 21f321eb 21ea21ee
1662620 21e921f0 21e921f0 21e821ed 21e621e4
1662640 21e621e6 21e521e7 21e921e6 21e021e4
1662660 21e221e1 21ea21e5 21dd21e0 21e121df
1662700 21df21e2 21e521e5 21e421e4 21e821e1
1662720 21e621e1 21e821ed 21e221e2 21e321e7
1662740 21d421dd 21dc21d6 21de21d9 21d921db
1662760 21e121dc 21d921d8 21d821db 21d221dc
1663000 21d721d6 21dd21d6 21da21dc 21d421d8
1663020 21d221d6 21d221d1 21d021cc 21d521cc
1663040 21cd21cd 21d421d5 21ce21cf 21cd21ce
1663060 21c821cb 21c621c9 21ce21c6 21ca21cc
1663100 21ca21c7 21cb21cb 21c521ce 21c421c8
1663120 21c721ca 21c121c5 21c621c5 21c121c6
1663140 21c421c8 21c421c3 21bd21c5 21c521c3
1663160 21bd21c3 21c521be 21c421c2 21b621b8
1663200 21b521bb 21be21ba 21bb21b9 21ba21b7
1663220 21c121b7 21b221b2 21b421b5 21af21b2
1663240 21a821ae 21bc21b1 21b021bb 21b521b6
1663260 21b521b4 21b521b7 21b421b7 21af21ae
1663300 21b321b2 21b021b5 21b421b0 21b021ac
1663320 21a821b0 21ac21ac 21af21a9 21a921a9
1663340 21a921a6 21ad21ae 21ac21af 21a721b0
1663360 21ab21a7 21a921ab 21a521a6 21a621a8
1663400 21b321ac 21a421ad 21ab21ac 219f21a4
1663420 21a121a8 21af21ab 21ad21ab 21a621a9
1663440 21a421a0 219f21a6 21a521a6 21a621a1
1663460 21a121a0 21ab21a5 21ad21a9 21a221ab
1663500 21ac21a2 21a921a7 21a321ac 21a621a7
1663520 21aa21ad 21ae21b2 21ac21a7 21ab21aa
1663540 21a321a7 21aa21ac 21ad21b1 21af21ae
1663560 21a921ab 21a921a7 21ae21ab 21b421b1
1663600 21ad21ab 21b621aa 21b521ad 21aa21ae
1663620 21ac21ad 21ac21ae 21a921ad 21b121ae
1663640 21b521b5 21b021af 21b721b4 21b121b8
1663660 21b321b5 21b521ae 21b921b8 21ba21b6
1663700 21be21ba 21b821c0 21c121b9 21be21bf
1663720 21bb21c2 21c321c3 21c421c4 21c521c0
1663740 21c921c5 21c121c5 21b721c1 21c421c0
1663760 21c921d1 21c821c7 21d121d6 21d321ce
1664000 21d021d0 21cc21cd 21cc21cc 21ce21c8
1664020 21c821c8 21d121cc 21d021d6 21d421d3
1664040 21cf21d3 21c921d1 21d021cd 21d921d6
1664060 21d721d8 21cf21ce 21d321d6 21ce21d4
1664100 21ce21d5 21d521d0 21d721d1 21db21dc
1664120 21e021d7 21d721d9 21cf21d9 21d921d8
1664140 21d621dc 21d421dc 21e121e1 21da21d8
1664160 21de21de 21de21dd 21e021e0 21e221df
1664200 21e021e4 21df21e1 21d921da 21e421e2
1664220 21ea21f0 21f121f1 21f621f6 21f021ef
1664240 21eb21f3 21ed21eb 21f121ed 21f721ec
1664260 21f321ee 21f321f3 21f221fa 21f421f3
1664300 21f421ee 21fa21f5 21fb2201 21f921f8
1664320 21fc21f6 21fb21f7 21fb21f8 21f621f7
1664340 21f421f2 21f621ed 21f621f7 21f421fb
1664360 21f321fd 21f62200 220021fb 21fe21fb
1664400 21f321f3 21f321f4 21f721f5 21fe21fa
1664420 21fd21fe 220221ff 22012204 22052207
1664440 22022207 220321fc 22052200 21ff2205
1664460 21fe2201 21fd21fb 2208220b 22002202
1664500 220221fd 21fd21ff 22062202 22072208
1664520 220d220c 220d2208 22042213 22022206
1664540 22032204 21ff2204 22022200 21fe2200
1664560 21fd21ff 220521ff 220c2207 2207220b
1664600 2208220b 220b2204 2208220b 220e220c
1664620 220c2215 220d2211 22092209 220121fd
1664640 22002201 21f921f9 21fc2200 22082203
1664660 220a2202 220b2206 220e220a 220d220f
1664700 2208220b 220a21ff 2209220a 22012205
1664720 21fc2204 21fe21f8 220121fe 21f421fc
1664740 21fa21f8 22022203 220621fa 220521ff
1664760 21f92200 21f921fa 21ff21fe 21fe21fa
1665000 21f521f4 21fa21fa 21fc21fd 21f721fd
1665020 21fb21fb 21fb21f8 21fd21fc 22092209
1665040 22012202 21f72202 21f821f8 21f821fb
1665060 21fb21fb 21fd21fc 21fa21f6 21f421f6
1665100 21f221f7 21ed21f3 21ec21ef 21ef21ed
1665120 21f521f4 21f621f6 21ef21f8 21e921ef
1665140 21e521e9 21e621e3 21e421ea 21e821e6
1665160 21e721ea 21f021ec 21e521eb 21ec21e7
1665200 21fd21ed 21e521f6 21e821e6 21e221e3
1665220 21e321e2 21e521e8 21e921eb 21de21e3
1665240 21d721dc 21d321d5 21d421d8 21d821d8
1665260 21d121d4 21d521d2 21e321dc 21e221dc
1665300 21dc21e3 21d421d4 21da21d6 21cb21d0
1665320 21ce21d2 21d721da 21d421dc 21d921d3
1665340 21d521d3 21da21d8 21cf21d3 21d221d2
1665360 21cd21d4 21cd21cd 21d121d3 21d421d2
1665400 21c621cd 21d221c3 21c421c5 21c021bd
1665420 21ca21c3 21c121c6 21bf21be 21bf21b9
1665440 21b821bf 21b721bd 21b821b0 21b521b4
1665460 21b321b3 21b521ba 21b221bc 21b721b4
1665500 21b721b0 21b421b7 21b821b4 21bb21b5
1665520 21af21b0 21b321b2 21ac21b5 21a421b1
1665540 21ac21a6 21ac21ae 21ae21ac 21b121b6
1665560 21ae21af 21b021b3 21a321b0 21a121a5
1665600 21a021a4 21aa21a4 21ac21a8 21a821a9
1665620 21a921a3 21a321a1 21a321a8 21a121a3
1665640 21a921a7 21af21ad 21a421a7 21aa21a4
1665660 21aa21ab 21af21a6 21ae21a9 21a421a7
1665700 21a721a8 21a521a7 21a12198 21ab21b0
1665720 21ae21a3 21a421ac 21ab21a6 21ae21ac
1665740 21a921a6 21aa21ab 21a121aa 21a021a4
1665760 21a721a4 21ae21a5 21a821a9 21a121aa
1666000 21a721ab 21a921a3 21ad21ae 21a721b0
1666020 21ad21ab 21b421ae 21ae21b1 21b021ae
1666040 21b021b8 21b221b4 21b921ba 21b321ad
1666060 21b521b1 21b421b2 21b421b6 21b421b8
1666100 21ae21b3 21a921b1 21af21ae 21ae21b0
1666120 21be21c0 21bf21c0 21c421bd 21b821c3
1666140 21b321b7 21bf21bf 21b721ba 21b321b6
1666160 21b721af 21c221c6 21bc21b9 21c321c0
1666200 21c021bf 21c321c5 21bf21c3 21bf21c7
1666220 21be21c1 21bd21bc 21be21b8 21c521c5
1666240 21c421c6 21bd21c1 21c621c1 21d221ca
1666260 21cb21cc 21cd21d1 21d221d3 21d421d2
1666300 21cc21ce 21c721d0 21cc21cb 21cf21cf
1666320 21da21d6 21cf21d2 21d921d3 21e221da
1666340 21db21db 21d721dd 21ce21d3 21d321d0
1666360 21dd21d5 21e221dc 21e121e0 21d621d7
1666400 21dc21e2 21d921df 21e121dd 21e321e8
1666420 21ea21eb 21ef21ed 21e521ef 21f221e6
1666440 21e321e4 21e821e2 21e721ea 21e521ea
1666460 21eb21ed 21ed21ec 21ed21ea 21ed21ee
1666500 21f021ef 21f921f4 21ee21f4 21f621f4
1666520 21fb21f5 21f721f7 220121fe 21f821fe
1666540 21fa21f3 21f121fa 21fb21fa 21fa21f8
1666560 21f721f6 21fc21fd 220121fd 22042202
1666600 21f721fa 21f321f7 21f721f9 21fa21f7
1666620 22032207 2211220b 220a2207 22002200
1666640 21fc2201 22042200 22002204 22052204
1666660 220c2204 22042213 2207220d 22102204
1666700 220e220b 220c2206 22112214 220c2210
1666720 220d220b 22022206 22102207 220a2209
1666740 220a220f 220c220c 220a220a 220d220d
1666760 22092208 2209220b 22102206 22102215
1667000 2211220a 2211220a 220f2216 220e2215
1667020 22102209 2209220d 220e2213 220c2210
1667040 22132213 2213220e 221a221a 220d2212
1667060 2208220d 22062209 2210220d 22122215
1667100 221a2213 22192217 221a221a 220f2213
1667120 2214220f 22192215 221d2218 22202217
1667140 22122220 22162217 22112218 220e2212
1667160 22112211 220c2207 220b220c 220d2213
1667200 22122213 22172214 2219221b 22142213
1667220 2208220d 22102212 220f2214 2209220c
1667240 2211220f 220d220f 2210220b 220b2213
1667260 22072204 220f220b 2207220b 22022207
1667300 21ff21fd 220121fb 22072201 22012202
1667320 22032206 22062203 22062207 21fd2209
1667340 21fd21fe 22022203 22052202 21ff2205
1667360 21fe2203 21fe2201 21ff2200 21f221f9
1667400 220421f8 21fc21f8 21f921ff 21f621fa
1667420 21f621f3 21f421f3 21f221ee 21f521f3
1667440 21fb21fd 21f121f1 21eb21e7 21ea21ed
1667460 21e521ea 21ed21f0 21e521f0 21ed21eb
1667500 21e521f0 21eb21e6 21e921ed 21e421e4
1667520 21e821e4 21e021ea 21e321e5 21e321e8
1667540 21e121e0 21d821dd 21d621da 21d921dc
1667560 21d921da 21da21da 21d321d5 21d621d4
1667600 21cf21cc 21cc21d0 21d021ce 21c921cf
1667620 21c721c9 21c821c8 21c821c8 21c621ce
1667640 21ce21c6 21c521c7 21c121d2 21c521c2
1667660 21c721d0 21ca21c8 21c121ca 21bd21bf
1667700 21bc21ba 21ba21bd 21c521bf 21c021bf
1667720 21bd21c2 21b721bd 21ae21ab 21b521b3
1667740 21b621b4 21af21af 21aa21ad 21a621a7
1667760 21a8219d 21a621ae 21a721a7 21a721a7
1670000 21b521b1 21b421b2 21af21b8 21a621b0
1670020 21aa21ab 21ad21a8 21b621b4 21a921ac
1670040 21ab21a9 21a821b2 21aa21a6 21a321ac
1670060 21a421a5 21a321a2 219d219b 219a219d
1670100 21a0219f 21aa21a6 219f21a0 219a219f
1670120 21ac21a4 21ac219d 21a021a9 21a4219f
1670140 21a921a6 21a721a4 21b121ab 21ad21ac
1670160 21a621a9 21a321a4 21a621a3 21a921a5
1670200 21a021a3 21a121a4 219f219c 219f21a3
1670220 21a4219c 219d219b 21a321a1 219f21a3
1670240 21972198 21a02198 21a021a1 21ab219c
1670260 21a921af 21a821af 21af21a4 21ab21a8
1670300 21a721ab 21a421a4 21a021a8 21a4219a
1670320 21a321a5 21a921a9 21a821ae 21a721a9
1670340 21ad21a8 21a921ad 21b921af 21b421b5
1670360 21c121af 21b521b8 21bd21bf 21b321bb
1670400 21b621b6 21b721ae 21b421b1 21b321b5
1670420 21af21b4 21b421b2 21be21b1 21b921bd
1670440 21b921bb 21bf21bb 21b721c0 21c121b9
1670460 21c421bb 21bc21bd 21c121c1 21c521c7
1670500 21b921c3 21bd21c2 21b321be 21c321c0
1670520 21c921c7 21c321c7 21c921c8 21ca21c0
1670540 21ce21d2 21d021d2 21ca21d6 21cf21cb
1670560 21c721c7 21ce21c9 21d121cd 21c921d3
1670600 21d221ce 21d521d4 21d921d4 21d721d3
1670620 21d721d8 21dc21d3 21da21d3 21d521de
1670640 21e021de 21dd21da 21db21da 21d721d9
1670660 21db21df 21df21d9 21dd21da 21df21db
1670700 21e821e9 21e321ed 21ec21f1 21ea21ea
1670720 21e221e2 21e521e4 21e821e7 21ea21eb
1670740 21ea21e5 21f521eb 21e621f4 21f121e9
1670760 21ee21f7 21f221ee 21f921ef 21f321f1
1671000 21f421f2 21e921f1 21e921e9 21ef21ef
1671020 21f521e6 21f821f2 21f921f7 21f821f5
1671040 21f221f5 21fb21fa 22002200 21ff21fc
1671060 21fe21ff 220821fa 220a220d 22042207
1671100 22082204 21ff21ff 220121fe 22002201
1671120 220c2205 22112217 22022211 220c2204
1671140 22072207 220b220c 22162214 22182214
1671160 22152218 2214221b 22182210 22042209
1671200 220b2205 220d220a 2201220b 22042207
1671220 220a2206 220a2208 2212220d 22142210
1671240 220a2211 2210220f 2212220d 22152213
1671260 220d2217 22112210 22112215 22082213
1671300 220f2210 22142212 22152217 220b2211
1671320 220b2208 220e220a 220e2212 2205220c
1671340 220b2208 22122212 2214220f 22112215
1671360 2213220d 22172215 22152214 22122212
1671400 2206220e 2203220c 220a2208 22132211
1671420 22122212 220d2210 220b2210 22122213
1671440 2205220e 220f2209 2210220f 22132212
1671460 22102219 220f220d 221a2214 22152213
1671500 22162216 2217221e 22162211 220c2211
1671520 2211220e 220e220d 22152212 220e2211
1671540 22092204 22022205 22042201 22082205
1671560 2209220c 220b220c 22012208 21f92200
1671600 220a2207 22162207 220d220a 22092206
1671620 21fa2205 22032206 220021ff 21fb21fc
1671640 21fd21fb 21f521ff 22032204 21fc21fe
1671660 21fb21fe 21f821fe 22002202 21ff2202
1671700 22012204 22022203 21f121f8 21f421f5
1671720 21fa21fb 21f921fb 21f921f4 21f721f4
1671740 21f421f8 21ef21f6 21ea21eb 21ee21ec
1671760 21ee21ef 21ea21f1 21ec21ef 21e821ee
1672000 21ed21eb 21e421ee 21f121ee 21e921eb
1672020 21ea21e8 21e521dc 21dd21de 21dd21dd
1672040 21dc21e4 21db21de 21d621d4 21dd21d5
1672060 21db21e1 21e721df 21cf21da 21d221cb
1672100 21d421d8 21d221ce 21cc21d2 21c921ce
1672120 21cc21c8 21cb21cf 21c521c8 21c621cc
1672140 21c821c8 21cd21c9 21cb21d1 21d021d1
1672160 21ce21d1 21c621c6 21c721c2 21c821c3
1672200 21c221c4 21c021c5 21c121c4 21c621c2
1672220 21c621c5 21c321be 21c321c6 21c021bf
1672240 21c521b7 21c121c5 21c121c5 21c621c6
1672260 21c421bc 21c721c2 21c621cd 21c021be
1672300 21b921b8 21b921b8 21bb21be 21b821be
1672320 21b621bf 21ba21b1 21bd21bc 21ba21b6
1672340 21be21bc 21b621c8 21c121bc 21bb21b9
1672360 21b821b8 21bb21bc 21b421b6 21b821bc
1672400 21ac21b1 21b221b0 21b021b0 21b721b6
1672420 21b521ba 21ba21be 21b121b7 21b621af
1672440 21ba21af 21b421ba 21b521b3 21bd21af
1672460 21b821b9 21be21bf 21c021be 21b921bc
1672500 21be21bb 21b921b5 21b721ba 21bc21bb
1672520 21be21bc 21bb21b5 21b021b6 21b121be
1672540 21bc21be 21bf21bc 21bc21bb 21ba21b8
1672560 21b321b4 21b221bb 21bb21b8 21b521bd
1672600 21c421bb 21bd21bc 21c221be 21c121bc
1672620 21c321c2 21c721c7 21c421c0 21cb21cd
1672640 21c921c9 21bd21c4 21ba21c3 21bb21ba
1672660 21c121c1 21c121c3 21c221c6 21ba21c2
1672700 21c021bd 21cc21c7 21d121ce 21d221cb
1672720 21cc21cc 21c521cf 21cc21d1 21c821c8
1672740 21cf21cb 21cb21d0 21cd21ca 21d221cb
1672760 21cf21c8 21d521ca 21d921da 21d121d5
1673000 21d021d5 21db21d4 21e221dd 21de21dc
1673020 21db21df 21e521dd 21e421e1 21db21e4
1673040 21df21dc 21dc21db 21e121e0 21d821db
1673060 21e221de 21df21dd 21dd21dc 21dd21e7
1673100 21e021e2 21f021ec 21e921e5 21ec21ec
1673120 21e421ef 21e621e5 21f321e8 21f521f7
1673140 21ed21f0 21f021f6 21ee21ee 21f121ea
1673160 21f221ee 21f521f2 21f321f3 21f921f6
1673200 21f721f4 21f921fa 21f821fd 21fd21fe
1673220 21ec21f9 21f021ef 21f021f0 21f821f9
1673240 21fc21fb 220121f6 21fc21fe 21fa21f5
1673260 21f121f6 21f121f1 21f221f2 220221f9
1673300 21fc21fd 21fb2200 21f521fc 220421f9
1673320 22022200 22002200 21fe21fc 220221fe
1673340 21ff2202 220621fd 22002206 21fe21fe
1673360 22092208 2208220f 22062205 22052206
1673400 2212220a 2207220a 22092206 22042206
1673420 22022203 2206220c 22002209 22082208
1673440 22062200 22062208 2209220e 2203220a
1673460 22032204 22042205 22132208 2209220c
1673500 220d220e 220e2211 2209220a 220a220f
1673520 220d220d 220e2210 2209220b 220c2204
1673540 220d220d 2213221f 22162214 22172216
1673560 22142209 22192217 220d2211 22132214
1673600 22172212 22192212 221a2221 22102211
1673620 22182213 22142211 22132215 22152217
1673640 22122213 22112212 22152212 2215220f
1673660 22152217 2220221b 22162218 22112212
1673700 22162211 22192214 2219221a 22142213
1673720 22102216 2214220e 2213220d 221b2215
1673740 221f221e 22152216 2215221b 2211221b
1673760 22102210 22062210 22062207 220e220c
1674000 2211220b 2209220c 22092212 221a2216
1674020 220b2214 2214220c 22152212 220d2215
1674040 220e2210 2212220a 220f220f 220c220e
1674060 220f2210 2214220d 22122211 22052209
1674100 22072204 220d2206 2207220b 22042206
1674120 220421ff 22012205 22062203 21fb21ff
1674140 220021ff 220021fb 21fa2201 21ff21fc
1674160 21f721fd 21fb21fa 21fb2200 21fd2200
1674200 21fc21fd 21fa21f5 21fa21fb 21f521fa
1674220 21ee21f3 21f621f9 21f221f4 21ec21f0
1674240 21f521f4 21f721f1 21ef21f0 21f121ee
1674260 21f321f5 21ee21ef 21e921ef 21ea21ee
1674300 21f021ee 21ef21f6 21ee21f2 21ee21eb
1674320 21ed21ec 21e521ee 21ea21ee 21eb21e2
1674340 21eb21e8 21e621e9 21e521ea 21e721e5
1674360 21db21e7 21db21e1 21df21e4 21d921db
1674400 21df21dc 21da21df 21da21d5 21d521dc
1674420 21d321cf 21dc21d8 21d421e2 21d821d4
1674440 21d121db 21dc21d9 21e521db 21de21e1
1674460 21db21dd 21d721df 21df21da 21d521dc
1674500 21d021d5 21cf21d0 21d921db 21c621ce
1674520 21c821c1 21ce21c7 21c721ce 21cc21c9
1674540 21ce21cf 21ce21cb 21d121c7 21ce21d5
1674560 21d221cb 21d321d4 21d521d3 21db21da
1674600 21d521d5 21d621d6 21cd21c7 21cd21c3
1674620 21c621c7 21d321cf 21cf21d3 21d121d1
1674640 21d321cf 21cb21d1 21d021cb 21d221d3
1674660 21d421ce 21d421d7 21d121d3 21ce21cc
1674700 21d121d5 21d921d5 21d021d6 21c521d5
1674720 21cf21ca 21cd21ce 21c921c7 21d521cc
1674740 21df21dc 21da21df 21d221d3 21c521d0
1674760 21d121cb 21d621d6 21cc21da 21d821d6
1675000 21cc21da 21de21cf 21d621d7 21d021d4
1675020 21d421da 21d321db 21d721d6 21db21df
1675040 21e021e2 21de21e2 21d521d9 21d921d5
1675060 21d721d8 21d221d2 21d521d8 21d821d7
1675100 21dc21d6 21d621db 21db21d8 21e021e0
1675120 21e821e6 21e521e7 21db21de 21d021db
1675140 21d521d6 21de21d5 21dd21da 21d521dd
1675160 21da21d7 21db21db 21db21e4 21df21e8
1675200 21db21e3 21de21e3 21da21d9 21e221e3
1675220 21ec21e9 21e421eb 21e021e1 21e521da
1675240 21ec21f1 21eb21e5 21e321e6 21e621e5
1675260 21ed21e6 21e421ed 21e421ea 21e121e5
1675300 21e621e2 21ea21ec 21ec21ec 21ea21ef
1675320 21e321e6 21ea21e6 21f221ec 21eb21f1
1675340 21e921e7 21ed21f1 21f121f1 21f021eb
1675360 21ee21ee 21f221f0 21ee21f0 21f221fb
1675400 21f021ef 21ee21ee 21ef21f1 21ef21f8
1675420 21e421f2 21f621f3 21f221f0 21f921ef
1675440 21fd21f6 21f421f9 21f721f1 21f521f6
1675460 21f721f3 21f321f6 22002200 22042207
1675500 22042204 21fc21ea 220321fa 21f121fa
1675520 21f721f8 21fc21f6 22022200 220021fd
1675540 21f82201 21fc21f6 21f421f6 21fa21f2
1675560 21fb21f9 21f121f7 21f721f9 220021f7
1675600 22002204 21fa2202 21f521fd 21fd2200
1675620 21ff2202 220a2202 220021fa 22042201
1675640 21ff2203 220021fc 220821fc 2207220a
1675660 22082211 22082208 220c2207 22072208
1675700 22062205 22072202 22092207 220b220e
1675720 220a2208 22002204 22092202 21ff2209
1675740 220021ff 220d21fe 22132211 220b220e
1675760 22132217 22112212 2210220d 22132218
1676000 2211220d 220c2210 220d2207 22092207
1676020 220b2202 22112215 22142218 22102214
1676040 220e220d 220b220d 220b220d 22182211
1676060 220a220b 220e220a 220e220e 220e220e
1676100 2219220e 22162211 2207220b 220a2206
1676120 220b220b 2211220f 22132214 22122212
1676140 220b220e 220b220d 220e220c 220c220e
1676160 22042207 22052204 220221fd 22082209
1676200 2208220d 220d2208 2207220d 21fa2202
1676220 22122202 22032209 22122203 220d220d
1676240 220d220a 2205220f 22092205 220e2207
1676260 22072208 22082209 220a220c 220d2209
1676300 2207220c 22002207 220a2209 22032209
1676320 220721fe 21fe2203 21ff2203 21fc21f9
1676340 220121fa 21fe2201 21fb2200 21fb2200
1676360 21ee21f6 21f921fd 21fa21fa 21f921fb
1676400 21f421f6 21f121f3 21f721f6 21f621f4
1676420 21f621f3 21f121f8 21f221fb 21fc21f7
1676440 21f421fe 21fe21ef 21f721f6 21f621f2
1676460 21f621f7 21f421f1 21f821f1 21f221f2
1676500 21f121f1 21f121ef 21eb21e9 21ee21eb
1676520 21ee21ed 21ed21ec 21ef21f0 21ef21ec
1676540 21ed21ea 21ec21e9 21e921eb 21f321ec
1676560 21f121ea 21ee21e6 21e721e9 21e421e4
1676600 21e521e5 21e621e1 21e921e8 21e721e9
1676620 21e921e8 21e621ef 21de21e1 21dd21df
1676640 21df21de 21e021de 21e421e6 21e321dd
1676660 21e121e3 21e621e8 21e521e2 21e621ea
1676700 21dc21e0 21e121d9 21db21e3 21e121dd
1676720 21ed21e8 21f021e7 21e021e3 21e221e2
1676740 21e321dc 21df21e5 21e021e0 21e321df
1676760 21e721e6 21e321e8 21e521e0 21e021e1
1677000 21df21e0 21e021df 21df21d9 21e521e3
1677020 21e221e5 21dc21db 21db21d9 21db21da
1677040 21e021dd 21dd21de 21df21dc 21d921dc
1677060 21e021de 21df21e5 21da21e2 21db21de
1677100 21e321db 21df21e1 21e121e5 21dc21e1
1677120 21e021dc 21e021e0 21e521e6 21e521e5
1677140 21e521e7 21ea21e7 21ea21eb 21e421e9
1677160 21e321e7 21e421dd 21e021d8 21e521de
1677200 21e621e7 21e621e5 21e721e7 21e621e4
1677220 21e421de 21e721e7 21ec21ed 21e821ee
1677240 21ee21e6 21ea21e9 21ea21e5 21ed21eb
1677260 21ef21e4 21f321f2 21f521f7 21ea21f2
1677300 21e321eb 21ef21e8 21ea21e9 21ee21e8
1677320 21f221f3 21f321f4 21f721f8 21f621f4
1677340 21f721f6 21f521fb 21ee21f2 21f621f8
1677360 21f121ed 21e921f1 21eb21f4 21ee21eb
1677400 21f821ef 21f421f8 21f521f9 21f221f5
1677420 21fd21f3 21f621f7 21f521f5 21fa2201
1677440 21fa2204 220121fa 22072208 220621fe
1677460 21fc21fd 21f221fa 21f621f7 21fe2201
1677500 21fc21fe 21f12200 21f821f5 21fa21fb
1677520 21fb21f9 21fb21fe 220421fe 21ff21ff
1677540 21ff21fd 21fb21fa 21ff2200 220121fd
1677560 22012201 22002204 22002202 22022206
1677600 21f721fd 21f92201 220121fb 21f921fe
1677620 220621fc 22002206 22032203 22032206
1677640 21fe2203 220621ff 22082207 22002209
1677660 21ff2203 22092206 22112203 220c220b
1677700 2209220d 22022203 220e2205 220f220f
1677720 2206220e 22042206 22092201 220f220c
1677740 22072206 22042207 21fc220b 220121fe
1677760 21ff21fe 22102203 220a2208 21ff2207
1700000 00003fe8 0001000a 01013fe8 000afe45
1700020 00000005 00000000 63e50c70 00000122
1700040 00000001 00001004 00003fe8 00000000
1700060 00000038 0001000a 22012206 220d2201
1700100 22092206 2204220d 22042204 22012201
1700120 21fc2200 22002206 21ff2200 220b2202
1700140 21fe2208 21fd21fa 22082206 220a220a
1700160 21fd2205 220b220b 22022209 22052202
1700200 220021fd 21ff2202 2206220a 22042201
1700220 220621ff 220c2204 220f2213 21fe220b
1700240 21f92201 b01104a5 00001004 0001000a
1700260 00010000 03b16029 00000ffc 0001000a
1700300 1400003c add01f00 add01f01 add01f02
1700320 add01f03 add01f04 add01f05 add01f06
1700340 add01f07 add01f08 add01f09 add01f0a
1700360 add01f0b add01f0c add01f0d add01f0e
1700400 add01f0f add01f10 add01f11 add01f12
1700420 add01f13 add01f14 add01f15 add01f16
1700440 add01f17 add01f18 add01f19 add01f1a
1700460 add01f1b add01f1c add01f1d add01f1e
1700500 ff000134 00000020 00000002 b84e7a60
1700520 00000001 deadbeef f0000002 b84e7a4c
1700540 3f0a8318 00000000 00000134 00001f48
1700560 a01004a6 21c62200 21d021c9 21ce21c9
1700600 21ce21d1 21c921d1 21cd21ce 21d521d0
1700620 21d021d7 21d521d1 21d221da 21da21d2
1700640 21d921dd 21d721d0 21d221cb 21cf21ce
1700660 21d621db 21dd21da 21df21e1 21dc21de
1700700 21df21d7 21e121da 21d521e2 21d821d6
1700720 21d921d9 21d421db 21db21d4 21d521d8
1700740 21d721d4 21da21d8 21d121d0 21d021d5
1700760 21d721d4 21db21db 21d321d3 21d621d4
1701000 21d921d7 21e021d8 21e421e8 21e421e4
1701020 21e321e6 21e121d8 21e321e2 21e221e6
1701040 21e821e0 21d821e2 21dc21dd 21de21db
1701060 21ea21e2 21ec21e5 21ec21e5 21dd21e2
1701100 21e721e5 21e421e8 21ed21e4 21e521e5
1701120 21eb21ec 21ea21f3 21e821ed 21e921e4
1701140 21e221e8 21e621e5 21ec21ef 21ec21ec
1701160 21f221f3 21e921f3 21e321e9 21ed21eb
1701200 21f721ee 21f121f2 21f321f7 21ed21f2
1701220 21fc21f9 220121fd 220121f8 21f021f4
1701240 21bb21f0 200220ee 1e941f2f 1deb1e24
1701260 1da41dbd 1d8f1d99 1d961d99 1d8f1d8f
1701300 1d8d1d90 1d911d96 1d8d1d8d 1d921d95
1701320 1d8b1d92 1d891d91 1d891d8c 1d921d91
1701340 1d9c1d99 1d941d9b 1d961d96 1d8d1d93
1701360 1d8f1d8e 1d981d94 1d951d97 1d9a1d96
1701400 1d901d95 1d951d91 1d941d91 1d9b1d90
1701420 1d9a1d94 1d961d99 1d981d98 1d9b1d98
1701440 1d9f1da3 1da11d9e 1d9e1d9e 1da91da3
1701460 1da91da8 1da51dac 1da11da4 1da51da1
1701500 1da81da8 1da41da1 1da21da2 1da71da0
1701520 1daa1da8 1da91db4 1dac1db3 1dac1dab
1701540 1daf1daa 1db61dad 1db31db6 1db61db8
1701560 1dbc1dbe 1db61db7 1db31dbb 1dba1db5
1701600 1db71dbe 1db61db8 1dbf1db5 1db21dc1
1701620 1dbd1dae 1dc11dbb 1db31db3 1dc11db7
1701640 1dba1dc4 1dc31dc4 1dc31dbd 1dc51dc1
1701660 1dc11dbf 1dbc1dc3 1dc61dbc 1dc91dc9
1701700 1dce1dca 1dd11dcb 1dcc1dcf 1dc71dcd
1701720 1dc51dd1 1dd61dce 1dce1dcc 1dc81dd0
1701740 1dc01dc3 1dc11dc7 1dc71dc1 1dd11dc8
1701760 1dce1dd0 1dc71dd0 1dcf1dd3 1dcc1dcc
1702000 1dcb1dc8 1dd21dcf 1dd81dd2 1dd71dda
1702020 1dcf1dd6 1dce1dd1 1dd31dd4 1dcc1dd8
1702040 1dcf1dcf 1dcf1dcc 1dd31dcd 1dd01dd7
1702060 1dd81dd8 1dd01dd7 1dcf1dca 1dc81dd1
1702100 1dcd1dc9 1dd11dce 1dd01dd1 1dd01dd1
1702120 1dcd1dcf 1dcd1dcb 1dcc1dcf 1dd21dd5
1702140 1dd91dd7 1dd81ddb 1dd41dda 1dcb1dd4
1702160 1dd61dd6 1dd71ddc 1dde1ddd 1dda1dd9
1702200 1dda1dde 1dd71dd4 1dd41dd0 1ddc1dda
1702220 1dce1dd4 1dd81dd6 1dd01dd9 1dd11dd1
1702240 1dd41dd8 1dd51dd4 1dd51dd1 1dd61dd7
1702260 1ddb1de1 1dda1dd5 1ddb1dda 1dd91ddb
1702300 1de11ddf 1dd81dd6 1dd61dd5 1dd51dd3
1702320 1dd61dc7 1de11de0 1dd71dd2 1dd81ddc
1702340 1dd01dd0 1dd41dd2 1dcc1dd1 1dd51dd4
1702360 1dd41dd4 1dd21dd1 1ddb1dd6 1dcf1dd6
1702400 1dda1dda 1de01de2 1dd91ddd 1dd81dd6
1702420 1dde1ddc 1ddf1de5 1dd81ddb 1ddd1ddf
1702440 1ddd1dd9 1dd81dd8 1de21ddc 1dde1ddb
1702460 1dde1ddb 1de31de0 1ddf1deb 1de01de5
1702500 1de11dde 1de51de0 1de91de8 1dea1def
1702520 1de81dea 1de31ddd 1ddd1de1 1de91de2
1702540 1dec1dea 1df11df1 1de91de8 1dde1de4
1702560 1de01ddf 1de51dea 1de91dde 1de61dec
1702600 1df41dea 1deb1dec 1de61dea 1de51dea
1702620 1de01de3 1de51deb 1dea1de9 1df21df4
1702640 1def1deb 1df41def 1df01deb 1ded1df2
1702660 1df71df5 1df11dec 1df11df1 1df01df6
1702700 1df21def 1dee1def 1df01df4 1df21def
1702720 1df91df9 1dfa1dfb 1dfa1dfa 1dfc1df7
1702740 1e051dfc 1e021dfc 1dff1e01 1e051e05
1702760 1e051dff 1e081e06 1dff1e00 1dff1dfd
1703000 1e021dfe 1dfe1e04 1e031dfe 1e051e0a
1703020 1e091e05 1e091e04 1e061e03 1dfe1e07
1703040 1e031dfe 1e031e0b 1e061e0d 1e071e0d
1703060 1e091e06 1e121e0c 1e0a1e19 1e0a1e0a
1703100 1e0f1e0c 1e141e0f 1e141e17 1e1e1e18
1703120 1e1a1e18 1e1c1e18 1e1d1e1a 1e181e17
1703140 1e121e16 1e111e10 1e141e15 1e1a1e19
1703160 1e1d1e20 1e1c1e20 1e201e2c 1e241e1f
1703200 1e1f1e1e 1e261e24 1e241e1b 1e2b1e20
1703220 1e2c1e27 1e271e22 1e231e26 1e2b1e27
1703240 1e321e31 1e2e1e30 1e251e27 1e251e20
1703260 1e2c1e29 1e2c1e2a 1e291e2a 1e2a1e24
1703300 1e321e2e 1e231e2e 1e301e27 1e351e2d
1703320 1e3b1e2d 1e331e35 1e391e3a 1e3a1e3a
1703340 1e381e38 1e3b1e3b 1e3b1e3a 1e3e1e3c
1703360 1e411e39 1e3c1e3e 1e451e3d 1e471e4d
1703400 1e441e50 1e451e43 1e431e45 1e461e42
1703420 1e4c1e4e 1e451e4c 1e461e44 1e4b1e48
1703440 1e501e4b 1e501e4d 1e4b1e4d 1e4f1e4b
1703460 1e5b1e4f 1e571e54 1e501e52 1e4a1e4c
1703500 1e4a1e4e 1e541e4e 1e501e50 1e4f1e4f
1703520 1e501e50 1e561e53 1e571e56 1e5e1e53
1703540 1e551e5f 1e531e61 1e5d1e57 1e5a1e59
1703560 1e651e58 1e671e61 1e5d1e65 1e651e60
1703600 1e651e61 1e631e5d 1e621e60 1e631e64
1703620 1e691e6a 1e721e67 1e731e6b 1e6c1e6f
1703640 1e711e6e 1e781e75 1e741e74 1e751e77
1703660 1e741e74 1e7a1e7a 1e761e7d 1e801e7e
1703700 1e771e7c 1e771e78 1e7a1e7a 1e831e7e
1703720 1e831e80 1e781e77 1e7e1e7c 1e7b1e7c
1703740 1e7d1e7a 1e7a1e81 1e891e78 1e801e87
1703760 1e871e89 1e8b1e85 1e851e86 1e881e86
1704000 1e891e8d 1e8d1e8a 1e891e87 1e861e8f
1704020 1e8c1e81 1e841e90 1e861e87 1e8b1e82
1704040 1e861e89 1e901e86 1e8b1e8c 1e911e8b
1704060 1e8c1e92 1e921e94 1e951e8e 1e9b1e97
1704100 1e9e1e9a 1e9c1ea4 1e8f1e93 1e971e9b
1704120 1e981e97 1e9a1e99 1e9a1e9f 1e9a1e9c
1704140 1e9a1e98 1e971e99 1e981e9e 1e9b1e98
1704160 1e9c1ea1 1e9b1e93 1ea21e99 1ea11ea6
1704200 1e9d1e9f 1e991e99 1e941e8f 1e941e94
1704220 1e951e8f 1e9a1e99 1e9c1e9b 1e9d1e93
1704240 1e9e1e9a 1e981e9b 1e971e9b 1e9a1ea1
1704260 1e991e8e 1e931e9b 1e9a1e98 1e981e97
1704300 1e9d1e9c 1e9f1e99 1e9f1e99 1e991e92
1704320 1e981e97 1e9c1ea1 1e9d1e96 1e981e9e
1704340 1e9d1ea1 1e9a1e98 1ea11ea3 1e9f1e97
1704360 1ea11e9d 1e9d1ea4 1e9f1e9e 1e9a1e9c
1704400 1e991e9b 1e901e98 1e951e98 1e9c1e9f
1704420 1e9f1e9b 1ea41e9c 1e9b1ea0 1ea41ea0
1704440 1ea01ea8 1ea31ea6 1ea41e9e 1ea21ea7
1704460 1ea31ea6 1ea21ea9 1ea31ea9 1ea61eaa
1704500 1ea21ea3 1e9f1ea1 1ea01ea4 1ea41ea1
1704520 1eaa1ea9 1ea11eab 1ea61ea3 1ea41eab
1704540 1ea91ea2 1eaf1ea6 1ea21ead 1eab1ea9
1704560 1eac1eb1 1ea81eac 1eaa1ea6 1ead1eae
1704600 1eb51eb5 1eac1eae 1ea91eae 1eb11eb2
1704620 1eb11eb0 1ea51eac 1eaa1eb3 1eb31eac
1704640 1eb41eb0 1ea81eab 1ea61eac 1eab1eae
1704660 1eab1ea8 1eaf1ea7 1ea51eaa 1ea81eab
1704700 1eac1eaa 1eab1ea6 1eab1ea8 1ea71eac
1704720 1eaa1eb2 1eb91eb3 1eb51eb1 1eb31eae
1704740 1eb11eb2 1eb81eb2 1eb51eb8 1eb11eb0
1704760 1eba1eb4 1ebd1eb7 1eb21eb0 1ebc1ebd
1705000 1eb31eb5 1ec31ec1 1ec81ec5 1ebf1ec0
1705020 1ebf1ebe 1eb91ec0 1ecb1ec5 1ec31ec1
1705040 1ec01ebe 1ec11ec0 1ebf1ebe 1ebf1eba
1705060 1ec41ebe 1ec31ec7 1ec51ec4 1ec61ec0
1705100 1ec91ec6 1ec91ec5 1ec11ec6 1ed11ec9
1705120 1ec61ec8 1ecd1eca 1eca1ecc 1ecb1ecd
1705140 1eca1ec4 1ec71ec7 1ed21ece 1ece1ed2
1705160 1ecc1ecc 1ecf1ed2 1ed01ed2 1ed01ed3
1705200 1ed21ecf 1ec91ece 1eda1ed3 1ed21ed7
1705220 1ecf1ed2 1ed11ed1 1ee21edd 1ee21edf
1705240 1ee11edd 1ee21ed8 1ed21ede 1ed41ed7
1705260 1ed21ed5 1ed81ed7 1edf1eda 1edb1ed9
1705300 1edf1ede 1ee51ee0 1ede1ee0 1ee01ed9
1705320 1eda1ed5 1ee01edb 1ee51ee2 1ee11edf
1705340 1ee21ee1 1ede1ee0 1ee11ee3 1eeb1eee
1705360 1ef01ee8 1ef01eea 1ee81eee 1ee81ee4
1705400 1eeb1ee6 1eec1eec 1eea1ee7 1ee61eeb
1705420 1ee81ee7 1ee71ee5 1eec1ee6 1eee1eef
1705440 1ef51ef3 1ef01ef0 1eed1ef0 1eed1ef4
1705460 1ef01ef0 1eef1ef2 1ef01ef1 1eee1ef1
1705500 1eec1ef2 1efc1eec 1ef41ef8 1f001ef7
1705520 1efd1eff 1efe1f01 1efb1efc 1ef81ef5
1705540 1eff1ef9 1f001f02 1eff1eff 1f061efc
1705560 1efd1efa 1ef01ef5 1eff1f00 1efb1eff
1705600 1f011efc 1ef91f01 1f011f00 1f001f03
1705620 1eff1eff 1f071f00 1f031f01 1efe1eff
1705640 1efa1efd 1efe1efa 1f051f02 1f0a1f09
1705660 1f011f06 1efd1f01 1efb1eff 1f021efe
1705700 1f001f02 1f061f06 1f021f07 1f0c1f0b
1705720 1f0e1f07 1f0e1f02 1f0b1f0d 1f021f04
1705740 1f0b1f06 1f1c1f0f 1f081f0c 1f0c1f0d
1705760 1f0d1f0e 1f111f0b 1f171f0c 1f121f12
1706000 1f141f16 1f161f1b 1f171f17 1f0f1f16
1706020 1f111f0d 1f121f12 1f181f18 1f1b1f15
1706040 1f1e1f1e 1f121f19 1f151f19 1f1a1f1f
1706060 1f1d1f1b 1f251f1c 1f1d1f21 1f181f16
1706100 1f161f19 1f161f19 1f221f1d 1f211f24
1706120 1f191f1d 1f1d1f20 1f211f1d 1f291f28
1706140 1f271f28 1f281f28 1f1c1f21 1f281f1d
1706160 1f2c1f26 1f2a1f24 1f331f29 1f291f30
1706200 1f271f26 1f221f25 1f211f22 1f2a1f1f
1706220 1f201f1f 1f2c1f24 1f201f21 1f281f23
1706240 1f201f2e 1f2a1f29 1f221f25 1f231f27
1706260 1f271f1d 1f291f20 1f301f30 1f2b1f2e
1706300 1f2b1f2c 1f2f1f2e 1f351f30 1f341f3b
1706320 1f371f2d 1f391f3b 1f301f33 1f2e1f32
1706340 1f2f1f39 1f2d1f31 1f311f2c 1f2a1f2e
1706360 1f341f31 1f331f2e 1f321f33 1f271f2a
1706400 1f341f2e 1f341f2e 1f331f31 1f2b1f35
1706420 1f281f2f 1f2d1f2e 1f2b1f2d 1f301f29
1706440 1f2f1f2d 1f291f29 1f351f2a 1f331f34
1706460 1f2b1f31 1f291f2e 1f2c1f33 1f381f34
1706500 1f301f34 1f331f37 1f341f36 1f381f33
1706520 1f361f37 1f371f37 1f361f3c 1f331f36
1706540 1f361f29 1f371f38 1f301f33 1f371f33
1706560 1f2e1f33 1f341f35 1f371f36 1f381f3f
1706600 1f301f3b 1f331f35 1f381f34 1f351f38
1706620 1f3a1f3a 1f391f38 1f351f3b 1f371f2a
1706640 1f331f32 1f411f35 1f3a1f40 1f401f3f
1706660 1f3f1f39 1f421f41 1f3a1f46 1f341f3d
1706700 1f371f35 1f3e1f3a 1f3e1f39 1f3b1f3a
1706720 1f441f42 1f3e1f49 1f341f35 1f3e1f3c
1706740 1f351f34 1f2e1f33 1f3b1f3d 1f461f3d
1706760 1f401f43 1f3f1f3f 1f471f47 1f3d1f37
1707000 1f3e1f40 1f3b1f3d 1f371f3a 1f411f39
1707020 1f451f49 1f4a1f4a 1f451f44 1f451f46
1707040 1f471f42 1f4c1f47 1f4a1f48 1f411f49
1707060 1f471f42 1f4b1f52 1f491f49 1f4d1f45
1707100 1f4c1f4b 1f471f47 1f4d1f49 1f4f1f4c
1707120 1f4f1f4b 1f4e1f51 1f541f56 1f4f1f4f
1707140 1f511f50 1f4d1f4a 1f501f4e 1f4d1f4c
1707160 1f511f55 1f4e1f4d 1f561f4e 1f4e1f57
1707200 1f571f58 1f571f64 1f581f51 1f571f54
1707220 1f561f57 1f5e1f57 1f621f62 1f5f1f59
1707240 1f621f61 1f621f6b 1f591f61 1f5c1f56
1707260 1f5b1f5a 1f611f5c 1f6a1f66 1f6d1f6c
1707300 1f6d1f6c 1f6b1f66 1f6c1f68 1f651f66
1707320 1f681f6c 1f6f1f6d 1f6c1f69 1f6c1f61
1707340 1f6d1f6d 1f681f6a 1f6e1f69 1f731f70
1707360 1f701f6e 1f6f1f74 1f661f72 1f741f6f
1707400 1f721f75 1f771f7a 1f781f78 1f741f73
1707420 1f7e1f7c 1f7f1f7d 1f871f7e 1f7f1f81
1707440 1f7a1f79 1f841f7b 1f751f83 1f7c1f79
1707460 1f821f7e 1f7b1f83 1f841f86 1f811f8c
1707500 1f831f7f 1f891f83 1f881f8a 1f8e1f8d
1707520 1f911f8e 1f8e1f8f 1f8e1f94 1f901f8b
1707540 1f961f92 1f951f95 1f961f95 1f911f96
1707560 1f951f97 1f951f9a 1f981f90 1f8f1f8d
1707600 1f8b1f91 1f991f90 1f981f94 1f8b1f8f
1707620 1f941f94 1f8f1f98 1f8c1f8f 1f961f93
1707640 1f9c1f9a 1f9e1f9d 1f961f98 1f8f1f94
1707660 1f921f92 1f9c1f9a 1f991f97 1f9e1f9a
1707700 1fa51fa1 1fa71faa 1f9c1fa2 1f9d1f99
1707720 1f971f98 1f991f93 1f9e1fa5 1fa41fa4
1707740 1fa81fa8 1fa71fa5 1f9e1f9f 1fa21fa8
1707760 1fa31fa7 1fa31fa4 1f9c1f9b 1fa31fa4
1710000 1fa21fa6 1fa71fa6 1fae1fa2 1fa81fa9
1710020 1fa71fa5 1fa81fa5 1fa41fa4 1fa91fa7
1710040 1fab1fa8 1fa71faf 1fa51faa 1fa91fa3
1710060 1faa1f9f 1faa1fa7 1fae1faa 1fb31fb1
1710100 1fae1fac 1fb21fae 1fb61fb4 1fb21fb9
1710120 1fb01fb2 1fa81fac 1fad1faa 1faa1faf
1710140 1fa91fad 1fb61fb2 1fc21fbf 1fb41fb5
1710160 1fb91fbd 1faf1fac 1fb01fb9 1fb31fae
1710200 1fb71fb5 1fbb1fba 1fb61fc0 1fb91fb7
1710220 1fb71fb8 1fbb1fb9 1fba1fb6 1fb41fb2
1710240 1fc21fb8 1fbf1fc2 1fbb1fbe 1fbb1fc3
1710260 1fc51fc1 1fbf1fbe 1fba1fbb 1fbe1fbd
1710300 1fc11fbf 1fbb1fbf 1fbf1fbf 1fbd1fbc
1710320 1fba1fc0 1fc01fc0 1fb91fbd 1fbd1fb9
1710340 1fb61fbe 1fbf1fbb 1fbe1fbc 1fb81fb8
1710360 1fbf1fbc 1fc41fc0 1fc61fc5 1fc71fc5
1710400 1fc01fc9 1fc41fbd 1fc11fbb 1fb81fbd
1710420 1fc01fbf 1fba1fbb 1fc91fc3 1fc51fc4
1710440 1fc91fca 1fca1fc5 1fc11fc5 1fc91fc9
1710460 1fc61fc3 1fc81fc4 1fc71fc3 1fc91fcd
1710500 1fc31fcb 1fc61fc7 1fcf1fc0 1fc71fca
1710520 1fc71fcc 1fbe1fc7 1fc41fc2 1fc31fc8
1710540 1fc51fbf 1fca1fc4 1fc51fc8 1fc11fc0
1710560 1fc81fc2 1fcb1fd0 1fc01fc0 1fc31fc8
1710600 1fc21fcb 1fc21fc1 1fbd1fc8 1fc11fc1
1710620 1fc91fc7 1fc31fbc 1fc21fc0 1fc61fc2
1710640 1fce1fcb 1fc21fd1 1fc21fc2 1fbc1fb9
1710660 1fb81fc0 1fbb1fc4 1fbc1fbf 1fc41fc9
1710700 1fc61fc1 1fca1fc8 1fbc1fc7 1fbe1fbd
1710720 1fbb1fbb 1fc21fbb 1fb81fbf 1fbc1fbb
1710740 1fc31fbc 1fbc1fbf 1fc41fbd 1fbb1fbf
1710760 1fb81fb7 1fbc1fbd 1fbb1fbb 1fc01fb5
1711000 1fbd1fbf 1fbc1fba 1fbf1fc5 1fca1fc2
1711020 1fd31fc6 1fbe1fc6 1fc01fc5 1fbe1fc0
1711040 1fbc1fbe 1fc71fbf 1fc51fc5 1fbd1fc5
1711060 1fc01fc4 1fbc1fc0 1fc21fbf 1fbb1fc0
1711100 1fbc1fbc 1fc31fc4 1fca1fc4 1fbf1fbd
1711120 1fbd1fbf 1fb91fbb 1fc41fbe 1fc61fcc
1711140 1fca1fc7 1fc21fcd 1fc71fc6 1fc21fc1
1711160 1fc71fca 1fc61fc3 1fc41fc8 1fc61fc7
1711200 1fc81fc9 1fc51fc4 1fc71fcb 1fca1fca
1711220 1fc81fcf 1fd61fd3 1fd11fd0 1fd41fcd
1711240 1fce1fd3 1fc91fd4 1fc61fcc 1fcc1fc8
1711260 1fcf1fcb 1fcd1fcc 1fcf1fd1 1fc91fd1
1711300 1fd01fd2 1fd01fcf 1fd21fd1 1fce1fd4
1711320 1fda1fdb 1fd81fdb 1fdd1fdc 1fdd1fd7
1711340 1fda1fdd 1fd61fe6 1fde1fe0 1fdd1fda
1711360 1fdf1fe4 1fd81fdf 1fd71fe0 1fe11fdc
1711400 1fda1fda 1fe31fdf 1fd91fdc 1fe21fe2
1711420 1fe21fe2 1fda1fdf 1fe71fe3 1fe71fe8
1711440 1fea1fed 1fe31fe6 1fe31fe1 1fe01fe5
1711460 1fe31fe2 1ff01fea 1ff21ff0 1ff11ff1
1711500 1feb1ff4 1fea1fee 1feb1ff0 1ff21fe9
1711520 1fef1fea 1ff91ffa 20041fff 20072000
1711540 1ffc1ffa 1ff51ff8 1ffb1ff3 1ff91ffa
1711560 20041ffb 1ffc1ffd 1fff1ffd 20031ffa
1711600 20062003 2006200b 20052007 20052003
1711620 20092006 20062004 20002009 20022003
1711640 20091ffe 200b2010 20092007 20092014
1711660 200b2008 2018200e 20172017 201a201c
1711700 201c201e 2020201c 201c2019 201d201b
1711720 20212024 201a201c 20192016 201d2022
1711740 201a201e 20202021 201d2018 2017201d
1711760 201f201b 201b2023 20282021 202b202b
1712000 20292026 202a201d 202a202b 20332025
1712020 2028202c 2029202b 2032202a 202b202d
1712040 2023202e 2026202f 202b2028 2039202f
1712060 20342031 20312031 20362032 20372032
1712100 203a2034 203c2038 202c2032 203f2035
1712120 20342039 203d2038 203a203c 20332039
1712140 2038203e 20332037 20392039 2031203a
1712160 2038203d 2037203b 203f2038 203c203b
1712200 20402043 203e2042 20372041 2038203a
1712220 20402035 2040203f 203c2037 20392044
1712240 2045203b 20452042 20412040 20442042
1712260 20422049 203d2044 20402038 2044203f
1712300 2042203d 20422046 203c203f 2043203d
1712320 203f203f 20492044 2045204f 204d2042
1712340 204a204e 20442045 203f2048 204b204f
1712360 20512050 2054204f 204e2051 2047204c
1712400 2048204b 2054204f 20532057 204f204f
1712420 204f2051 20502057 20502052 20512050
1712440 204b204a 204a2049 20572056 20532053
1712460 204e204c 204e204a 204d204d 20562051
1712500 20522056 205d2053 20502050 204a204d
1712520 204d204b 204d2052 20462046 2055204c
1712540 2052204c 20532055 20542056 20522051
1712560 20482056 204f204f 204a204e 2048204a
1712600 204f204c 204b204d 204f204f 20572051
1712620 204f2051 205b2050 204c2057 204c2054
1712640 204f204d 204c2044 2054204c 20462053
1712660 20472050 20472049 20402045 2042203f
1712700 204b2047 204b204e 20412049 20472043
1712720 204f2048 204c204f 204d204a 204d2053
1712740 204b2051 204b2045 204d204e 2048204e
1712760 204a2047 204e204f 204c204d 20422043
1713000 203d2043 20412045 203c2041 203c2034
1713020 203b203f 203b203d 2036203c 2038203b
1713040 203b2034 2042203e 20422041 20492045
1713060 20432049 2044204a 2046203f 20382041
1713100 203c203a 203b203e 20412038 20382040
1713120 20362038 20342033 2043203b 20392038
1713140 20332032 2037203d 20332036 20352036
1713160 203c2036 202c2038 202a202e 2032202a
1713200 202d2031 203b202f 2031202f 20292034
1713220 202b202e 202d202f 20322031 20372037
1713240 20382031 2034202e 202f2031 2028202b
1713260 2030202e 20262030 202a2031 202b202c
1713300 202e2027 2028202e 202c202c 202b202f
1713320 202f202e 2031202e 2028202a 203a203a
1713340 202d202e 20342033 2036202f 20282034
1713360 2027202a 202d2030 20352033 20332035
1713400 2031203b 20312031 202b2036 202d202c
1713420 20302031 2031202e 2031202e 20382038
1713440 203e203c 20472040 203b2045 2034203d
1713460 20352036 202e202a 202d202e 202b2029
1713500 202e202c 202f2030 20352034 20382034
1713520 203a203e 2039203d 2038203e 203d203d
1713540 203c203c 20382036 2039203c 203f203d
1713560 203f203d 20402043 203a203d 2047203f
1713600 203a2046 204a203f 204b2043 20492052
1713620 203b2048 20462042 2049204e 20472045
1713640 2049204d 20492044 2049204e 203f204e
1713660 204e2044 20492051 204d204d 204a204f
1713700 20552054 20572050 204f204f 2047204a
1713720 204d204d 204c2049 20542054 2053204d
1713740 20562051 2050205a 20512059 20562056
1713760 205b205d 205a2058 20592058 20572059
1714000 2065205e 2065205e 205e2068 20642064
1714020 20612063 2062205e 2062205b 20682068
1714040 206a2070 20722073 206d2067 2076206e
1714060 206e206b 20732076 20742070 2073206e
1714100 20762074 20752074 20772071 20652073
1714120 20742068 207c2072 2073207c 20722076
1714140 207f2073 207e207b 20832084 207c207e
1714160 20832081 20842081 2081207a 207f2080
1714200 207c2078 20842084 208d2089 20912087
1714220 208c2082 208c208b 20962090 20942095
1714240 2091208d 20902096 20922095 2098209a
1714260 209b2097 20992095 208d208d 209a2096
1714300 209a20a1 20942094 20942094 209a209d
1714320 20972096 209a209e 209d2096 209d209a
1714340 209a209e 20a1209c 20a620a7 20ab20a1
1714360 20b120ac 20ac20b2 20a720b1 20a620ac
1714400 20ad20a6 20aa20a9 20a420a3 20ac20ac
1714420 20ac20a7 20a620ac 20b320a8 20b320ac
1714440 20b020b0 20b220b2 20b220b0 20b020ae
1714460 20bb20b3 20b320bb 20b120b6 20bb20b7
1714500 20b620b8 20b420b2 20b820b3 20bc20bc
1714520 20c020bb 20b820bc 20bc20b8 20be20b5
1714540 20af20b4 20bf20bf 20c520bb 20c820c0
1714560 20bc20c1 20c220c2 20bf20be 20bd20bd
1714600 20bf20bc 20c020c1 20c320bc 20c120c0
1714620 20c520c5 20c320bf 20bd20c2 20c720c6
1714640 20c920cd 20d220ca 20c920cd 20c920c1
1714660 20cf20d3 20c520d5 20ce20ca 20c120c7
1714700 20c220c8 20ca20ce 20cc20cd 20cb20c9
1714720 20cc20cb 20c920cd 20c320cc 20c920c7
1714740 20c720c5 20c420cb 20ca20c8 20d820d0
1714760 20c920d2 20d020d3 20ca20c9 20cb20c6
1715000 20d520ce 20dd20d2 20d520d8 20d620d5
1715020 20cf20cf 20d420d6 20c620ce 20cf20cd
1715040 20c320cf 20c820c4 20d120d0 20cd20ce
1715060 20ca20c6 20cd20d2 20c920ce 20ca20cc
1715100 20c420c2 20cc20bf 20ce20ca 20c920cf
1715120 20ca20d2 20cb20ca 20d220c8 20d120cf
1715140 20c920cb 20cb20ca 20c020c1 20c820bf
1715160 20c120c0 20c320c4 20cc20c3 20bf20c7
1715200 20c020bb 20bd20bd 20be20b2 20c220c2
1715220 20c520c5 20c520c6 20b820bb 20b120b3
1715240 20bb20b4 20b420b7 20aa20b1 20b020ad
1715260 20ba20ba 20b220b8 20a720a9 20b220b0
1715300 20a620ac 20b720b5 20b520ad 20ab20af
1715320 20ad20a8 20b020aa 20b120b5 20b120b1
1715340 20b120af 20af20b2 20ab20ac 20a720ab
1715360 20aa20ac 20b020aa 20ad20a5 20ae20ad
1715400 20a920ac 20a220aa 20a720a2 20ad20a9
1715420 20a420a9 20a620a4 20a420a7 20a520a2
1715440 20a1209d 2098209b 209e209a 20a720a5
1715460 20a120a0 209d209b 209e209f 209f209d
1715500 209f20a0 2097209b 20952095 209b2094
1715520 20952096 20952098 2097209d 209e209b
1715540 20952092 209d2090 209e2098 209c209a
1715560 209c2099 209c2099 2095209e 2097208f
1715600 209b2092 20952094 2099209c 209e20a2
1715620 20942096 20942097 20982094 208f2093
1715640 208d2096 20942090 20992099 2097209b
1715660 20972091 2095208f 2095209f 2091209e
1715700 20962096 20962095 209d2095 209f209f
1715720 209d209e 209d2097 20902099 208d2091
1715740 20942092 20922091 20972095 20932096
1715760 20902095 20952098 20992097 20982093
1716000 20892094 20972094 208d208c 20a12095
1716020 209f2097 20992095 20932099 20962099
1716040 209c20a0 209b209c 209c209b 20a620a3
1716060 20a920a9 20ab20a7 20aa20ac 20ab20a6
1716100 20a720a6 20af20ae 20ad20af 20ad20a2
1716120 20ac20ae 20a820ae 20ad20ab 20ac20a9
1716140 20a620a8 20ac20af 20ad20ac 20ab20a8
1716160 20b120ac 20ad20af 20b520ae 20b420b4
1716200 20b420b2 20b420b3 20b820b4 20bf20b7
1716220 20b920c5 20b920b8 20b520b6 20b620b4
1716240 20c620be 20cd20c5 20c220c8 20c320be
1716260 20b920bc 20c820c8 20c620c6 20c420c5
1716300 20c920ca 20cb20c9 20c120c6 20c120c1
1716320 20c820ce 20c420ca 20d220d0 20c920c7
1716340 20c920d1 20cf20d0 20cd20cd 20cf20cf
1716360 20d020d1 20d320d8 20dd20d8 20e020da
1716400 20de20df 20db20db 20d520dc 20de20dc
1716420 20df20dd 20e320e1 20e720dd 20e120e4
1716440 20df20e5 20e220e1 20f120e5 20f120e8
1716460 20f420f3 20ed20ed 20f320f4 20f020f2
1716500 20f020ee 20f020f1 20ea20ef 20fd20f4
1716520 20f720f9 20f820f6 20ed20ee 20f120f8
1716540 20f720f3 20fe20f8 20f420f6 20f420f3
1716560 20fc20f9 20f720f9 20ff20f3 21042101
1716600 20fb2103 210120f6 210120fb 210520fe
1716620 21082109 21052107 20ff210a 21062103
1716640 210a2104 21042105 21072109 210e210e
1716660 21072107 210b2108 210c210a 21122109
1716700 21142113 2112210c 2114210f 210a2113
1716720 210a2110 21132115 21112111 210e210f
1716740 210f2113 21092111 21132117 211b2116
1716760 211b2111 211c211d 21182116 211a211e
1717000 2126211d 21252124 211c2124 21282124
1717020 211f2121 212c2128 21262125 212a2122
1717040 21232126 21222128 211f2121 211a211f
1717060 211f2120 21252121 212c212e 212a2128
1717100 21222127 212c2128 2131212b 212c212e
1717120 212c2130 212a2125 212b2124 212c2129
1717140 21302133 212c212b 2135212c 212f212f
1717160 212d212e 212c212f 212b212e 212e2132
1717200 212e2130 2129212d 21272127 212c212b
1717220 21342130 2136213b 212c212a 21312136
1717240 212b2123 212d212e 212e212f 21302130
1717260 21352138 212e2132 212f212e 213d212d
1717300 212f213b 212e212a 2126212a 21242123
1717320 21292128 2127212c 212f2131 21322130
1717340 212b212a 2129212e 211e2123 21202124
1717360 21272129 21282124 21292124 211d2121
1717400 21222123 21202123 211e2121 21232123
1717420 21272124 21272127 21262128 21222121
1717440 211b2125 211c211a 211a2119 2118211c
1717460 211c211a 211b2119 211e211b 211c211e
1717500 21172116 2117211b 211a2117 21172114
1717520 21172117 21162116 2114210e 2112210e
1717540 21132116 21152115 21162118 21112115
1717560 211b211a 2114211a 21182116 2111210f
1717600 210f210e 210e210c 210c210f 210c210f
1717620 210b2109 21112111 210e2107 21092109
1717640 210e2109 21112111 21192111 2106210d
1717660 21082101 2104210e 210f210f 210c2103
1717700 20f82107 20fe20ff 210a2104 21052104
1717720 210020fe 20fa20fe 210020fc 21042106
1717740 210320fd 21072109 20f220fd 210420fd
1717760 20fe20ff 20f520fb 210120f9 20f620fa
1720000 20f820f7 20fb2100 20fc20fc 20fe20f6
1720020 20f620f7 20f020f0 20f520fb 20f320f7
1720040 20f620f5 20f520f6 20f720f6 20f220fa
1720060 20f520f5 20f620f4 20f420f5 20f920f8
1720100 20ea20f6 20f020f2 20e920e5 20eb20e7
1720120 20f020eb 20f220f1 20f420f3 20f420ec
1720140 20ef20ed 20ec20ee 20f220ed 20f020ef
1720160 20f420eb 20f420f4 20f620f5 20f120ed
1720200 20f120f5 20f620f7 20f620ee 20fa20fc
1720220 20f320f2 20f320f1 20f520f2 20f620f9
1720240 20f420f6 20f820fa 20f720f9 210020f4
1720260 20f820f9 b01004a6 00001004 0001000a
1720300 00010000 03b1602a 00000ffc 0001000a
1720320 1400003c add01f00 add01f01 add01f02
1720340 add01f03 add01f04 add01f05 add01f06
1720360 add01f07 add01f08 add01f09 add01f0a
1720400 add01f0b add01f0c add01f0d add01f0e
1720420 add01f0f add01f10 add01f11 add01f12
1720440 add01f13 add01f14 add01f15 add01f16
1720460 add01f17 add01f18 add01f19 add01f1a
1720500 add01f1b add01f1c add01f1d add01f1e
1720520 ff000134 00000020 00000002 b883229a
1720540 00000001 deadbeef f0000002 b8832286
1720560 000b1c53 00000000 00000134 00001f48
1720600 a01104a7 220020f3 220321ff 22062205
1720620 22022200 220021fb 22002203 22062207
1720640 22042209 22102208 22122209 220a220a
1720660 22032206 22072207 22022201 220c2207
1720700 220a2211 220d220b 220b2213 220c2210
1720720 220e2213 21ff2208 22032203 2207220f
1720740 22092207 220b2201 221e2219 2217221b
1720760 2213221b 22112211 2206220c 2210220e
1721000 2212220c 221e221a 2218221b 221c2217
1721020 22172215 22162215 2220221f 221a221f
1721040 221f2213 221f221f 221e2220 221f2222
1721060 221e2220 22182219 221b2218 221a221a
1721100 22202221 221f2219 221b221b 221f2218
1721120 22222221 221f221e 221f221c 222a222a
1721140 222b2231 222a2229 22212227 22262226
1721160 222d2222 22272227 2231222c 2230222d
1721200 221e2229 22282225 222c222c 222a222e
1721220 222e2232 22222228 2223221f 22212224
1721240 22262222 222a2225 22272221 22262223
1721260 211d21ee 1f3e2017 1e2c1e9e 1db01dda
1721300 1d831d95 1d7e1d81 1d7c1d76 1d751d73
1721320 1d6f1d71 1d711d6e 1d691d6f 1d6e1d69
1721340 1d6e1d71 1d721d6c 1d6e1d71 1d731d6c
1721360 1d6e1d71 1d711d70 1d701d72 1d711d76
1721400 1d781d76 1d741d7a 1d731d74 1d761d77
1721420 1d671d75 1d6d1d68 1d671d63 1d6d1d67
1721440 1d6c1d6c 1d771d6f 1d761d7b 1d6b1d79
1721460 1d741d6a 1d751d78 1d6d1d69 1d781d73
1721500 1d6f1d79 1d691d72 1d6a1d65 1d6b1d62
1721520 1d721d6a 1d6f1d6f 1d741d71 1d721d74
1721540 1d751d6f 1d6f1d75 1d651d67 1d6d1d6a
1721560 1d731d70 1d721d6c 1d781d70 1d671d6e
1721600 1d731d6c 1d681d6e 1d721d71 1d6d1d6d
1721620 1d6c1d70 1d7d1d77 1d731d7b 1d741d71
1721640 1d6f1d71 1d6d1d6f 1d751d6f 1d671d75
1721660 1d681d6a 1d701d6b 1d711d6e 1d6d1d6f
1721700 1d791d6f 1d741d7a 1d721d74 1d741d72
1721720 1d6b1d71 1d761d7d 1d781d79 1d761d82
1721740 1d6d1d72 1d691d72 1d6c1d6a 1d711d6c
1721760 1d6f1d71 1d751d71 1d6d1d73 1d6f1d6e
1722000 1d721d6e 1d6b1d73 1d731d70 1d771d76
1722020 1d761d74 1d761d72 1d791d76 1d6e1d7b
1722040 1d761d7b 1d7b1d7c 1d7b1d79 1d791d7b
1722060 1d761d7f 1d761d78 1d7f1d7c 1d7f1d79
1722100 1d881d80 1d7c1d82 1d7d1d87 1d7b1d7c
1722120 1d711d73 1d741d74 1d791d72 1d721d72
1722140 1d6d1d70 1d781d71 1d701d74 1d751d71
1722160 1d811d7c 1d801d7e 1d861d7c 1d851d8b
1722200 1d711d78 1d841d87 1d7d1d7f 1d8b1d7d
1722220 1d861d8e 1d881d85 1d811d8a 1d8b1d82
1722240 1d851d84 1d861d80 1d831d83 1d851d87
1722260 1d8d1d89 1d8f1d86 1d871d88 1d8e1d84
1722300 1d901d8a 1d961d90 1d911d8a 1d831d84
1722320 1d861d8d 1d8b1d8c 1d901d90 1d8f1d8a
1722340 1d921d90 1d8f1d91 1d901d93 1d971d94
1722360 1d931d9a 1d921d99 1d8e1d9f 1d8c1d92
1722400 1d951d8d 1d9b1d96 1d9c1d99 1d981d9a
1722420 1d8f1d97 1d991d96 1d9f1da0 1da11da1
1722440 1d9f1d9f 1da61da6 1da21da3 1d9c1da1
1722460 1d9f1d9e 1d9f1d9d 1daa1da8 1d9f1dac
1722500 1da81da3 1da31da9 1dac1dae 1dae1dae
1722520 1dac1dad 1da71dab 1dad1dac 1daf1da9
1722540 1db31db2 1da91db1 1da31da5 1da91da4
1722560 1dae1daa 1daa1da8 1daa1dae 1db41dae
1722600 1db41db2 1db41db6 1dbc1db6 1dc11dbd
1722620 1dbc1dbe 1dc21dc1 1dc11dbc 1db81dbf
1722640 1dc01db1 1dc41dbe 1dc41dbe 1dc41dc3
1722660 1dc01dc3 1dc01dc2 1dca1dc2 1dc61dc5
1722700 1dbb1dc7 1dcb1dc1 1dc31dc8 1dcf1dca
1722720 1dcd1dcc 1ddb1dcb 1dd31dd7 1dd61dd6
1722740 1ddb1dd3 1ddc1dd8 1dd91ddb 1ddd1dde
1722760 1ddc1dda 1ddc1dd5 1dd21dda 1dd71dd4
1723000 1ddd1dde 1de01ddd 1dda1ddb 1ddd1ddd
1723020 1ddf1ddd 1de41de3 1de71ddf 1de71de8
1723040 1de21de2 1ddd1deb 1de21de2 1de11de2
1723060 1de31ddd 1deb1de2 1de91dea 1df61df3
1723100 1ded1df1 1dec1dea 1df01dee 1dee1dee
1723120 1ded1df0 1def1dea 1dec1def 1df31df2
1723140 1dfc1df7 1e031dff 1dfb1e07 1dfc1e01
1723160 1e051e07 1dfa1dfb 1df91dfd 1e001dfe
1723200 1e001e02 1dfe1dff 1dfe1e04 1dfd1e0b
1723220 1e031e06 1e031df9 1dfe1e00 1e031e04
1723240 1e0e1e10 1e0e1e13 1e111e0a 1e0d1e0e
1723260 1e021e0e 1e0a1e06 1e071e07 1e141e0d
1723300 1e0a1e0d 1e1a1e11 1e141e19 1e201e1d
1723320 1e201e19 1e161e19 1e201e1b 1e1f1e22
1723340 1e141e20 1e1b1e15 1e201e1c 1e1e1e22
1723360 1e1d1e1e 1e241e1f 1e201e1e 1e1a1e1e
1723400 1e1f1e20 1e261e22 1e2d1e2a 1e271e25
1723420 1e291e2b 1e1a1e21 1e231e28 1e2e1e28
1723440 1e2f1e29 1e241e24 1e281e21 1e301e2f
1723460 1e301e2e 1e381e33 1e3a1e37 1e321e3b
1723500 1e2f1e34 1e2d1e30 1e2f1e2c 1e321e33
1723520 1e351e33 1e3c1e34 1e341e3a 1e381e33
1723540 1e3a1e37 1e3b1e38 1e391e3b 1e361e3b
1723560 1e3c1e38 1e421e42 1e3a1e3f 1e3e1e3f
1723600 1e3b1e37 1e401e3b 1e421e40 1e3e1e47
1723620 1e451e49 1e461e48 1e3a1e3b 1e3c1e3c
1723640 1e401e3d 1e401e3e 1e3c1e3a 1e3c1e39
1723660 1e441e36 1e3f1e43 1e3d1e3e 1e3a1e3d
1723700 1e401e38 1e411e3a 1e421e45 1e401e3f
1723720 1e451e47 1e471e48 1e471e3f 1e421e3d
1723740 1e461e49 1e431e40 1e461e48 1e4b1e46
1723760 1e471e4e 1e461e46 1e491e45 1e481e45
1724000 1e4c1e4b 1e3b1e47 1e471e4e 1e411e4a
1724020 1e391e3e 1e421e43 1e471e41 1e4d1e44
1724040 1e481e47 1e4e1e47 1e551e4b 1e4f1e51
1724060 1e4a1e51 1e521e4e 1e541e4d 1e4d1e4f
1724100 1e471e4c 1e431e48 1e491e49 1e4b1e48
1724120 1e4b1e51 1e4b1e54 1e571e49 1e4e1e54
1724140 1e531e44 1e571e4c 1e4e1e4c 1e4e1e4a
1724160 1e501e4b 1e531e4e 1e5a1e58 1e581e63
1724200 1e5a1e5f 1e531e50 1e511e52 1e4c1e52
1724220 1e531e50 1e4f1e4b 1e5a1e53 1e4f1e53
1724240 1e5a1e50 1e4e1e54 1e511e58 1e511e56
1724260 1e561e55 1e581e5a 1e541e55 1e571e58
1724300 1e571e56 1e551e57 1e5b1e59 1e5f1e60
1724320 1e5a1e5c 1e551e5a 1e601e58 1e611e5c
1724340 1e5b1e5f 1e5f1e64 1e661e5e 1e631e63
1724360 1e6e1e66 1e6c1e6d 1e611e67 1e631e66
1724400 1e6b1e62 1e671e72 1e5f1e61 1e601e68
1724420 1e6b1e65 1e6a1e6a 1e711e70 1e711e75
1724440 1e6b1e75 1e721e77 1e6d1e70 1e701e6d
1724460 1e711e6e 1e701e76 1e701e74 1e751e77
1724500 1e781e7b 1e6f1e73 1e6e1e6e 1e6e1e6f
1724520 1e751e74 1e721e77 1e7c1e7c 1e791e7c
1724540 1e7c1e7c 1e7e1e7a 1e7b1e79 1e7a1e74
1724560 1e791e7f 1e7d1e7d 1e8b1e7f 1e881e88
1724600 1e8c1e8a 1e881e8d 1e891e82 1e881e86
1724620 1e891e86 1e8b1e89 1e8f1e8d 1e8a1e94
1724640 1e911e89 1e901e93 1e991e8d 1e8e1e9e
1724660 1e921e95 1e961e8f 1e971e95 1e941e93
1724700 1e951e98 1e8e1e97 1e9c1e91 1e9b1ea2
1724720 1e961e9a 1e991e9b 1e921e8e 1ea11e98
1724740 1ea21e9d 1e9f1ea2 1ea21ea7 1ea81ea9
1724760 1eb01eaf 1eb41eb0 1eb31eb2 1eb31eb6
1725000 1eaa1eb4 1eaa1eaf 1eb21eaf 1eac1eb4
1725020 1eb01eae 1eb41eb3 1eb91eaf 1eb21eb6
1725040 1ebb1eb7 1eba1eb6 1ebc1ebd 1ebf1ebb
1725060 1eba1eba 1eb31eb4 1eb51eb5 1eb71eb8
1725100 1eb71eb8 1eb51ec2 1eb21eb0 1ec31eb9
1725120 1ebc1eb8 1ec11ec2 1ebb1ebc 1ec31ebc
1725140 1eca1ecd 1ebe1ec0 1ebc1ebf 1ebd1ebd
1725160 1ec31ec4 1ebc1ec2 1ec21eba 1ec41ec3
1725200 1ec61eca 1ec41ec7 1ec41ec1 1ecb1ec7
1725220 1ecd1ecd 1ecc1ed1 1ece1ed6 1ed01eca
1725240 1ed51ecd 1ed41ece 1edb1ed9 1ed31edb
1725260 1ecf1ed2 1ecf1eca 1ed11ed1 1ed11ecd
1725300 1ed71ed8 1ed31ed6 1ed01ecf 1ecb1ecb
1725320 1ed41ed2 1ed31ece 1edc1ed5 1eda1ed8
1725340 1ee21edc 1edc1ed6 1edd1ed6 1ee41eea
1725360 1edf1edb 1ee71eeb 1ee01ee9 1ee41ee0
1725400 1ee21ee5 1eeb1ee1 1edc1ee0 1ee51ee1
1725420 1ee51ee6 1ee31eea 1ee51ee4 1edc1ede
1725440 1ee11ee0 1ee41ee7 1ee71ee8 1ee71ede
1725460 1eed1ee9 1eed1ee5 1eec1ef0 1eee1eee
1725500 1ef11ee8 1eed1eec 1eeb1eef 1ee41eea
1725520 1ee31ee5 1ee31ee4 1ee61ee2 1ee91ee9
1725540 1eee1eef 1ee91ee8 1ef61eed 1ef61eef
1725560 1ef01ee7 1eed1eec 1ee81eef 1ef21ef0
1725600 1ef61ef0 1ef51ef2 1ef51efa 1efd1ef6
1725620 1eea1ef1 1ef01ee8 1eee1eed 1ef71ef7
1725640 1ef71efa 1ef41efc 1ef51ef1 1ef01ef3
1725660 1ee81ef0 1eea1ef0 1eef1ef4 1efe1ef8
1725700 1ef21efe 1ef01ef5 1eed1ef1 1eeb1ee5
1725720 1eec1eeb 1ef51ef2 1eed1ef5 1ef11ef4
1725740 1ee71eeb 1eec1eef 1eec1eec 1ef81ef1
1725760 1eec1ef4 1eed1eed 1ef11eee 1eec1eef
1726000 1eeb1eee 1eed1ef5 1ef41ef1 1ef41eee
1726020 1ef41ef7 1ef51ef4 1ef21ef8 1ef81ef0
1726040 1ef31ef2 1ef21ef6 1ef81ef6 1ef01efb
1726060 1ef71efb 1ef01ee7 1eea1ef5 1ef01ee4
1726100 1ef41ef9 1ef61ef5 1eef1eef 1eeb1eed
1726120 1ee41ee8 1ee61eeb 1eed1ee4 1ef11ef2
1726140 1ef51ef1 1ef21ef7 1eeb1ef2 1eee1eed
1726160 1ef01eec 1eec1eea 1eed1eec 1eef1eec
1726200 1ef01ef9 1ef31eec 1ee01ef1 1ee51ee5
1726220 1eed1ee8 1ee91ee6 1ee71ee3 1ee91eec
1726240 1eee1ee9 1eef1ee8 1ef81eef 1eef1eeb
1726260 1eeb1eeb 1ee21ee7 1ee31ee3 1ee91ee8
1726300 1ef41eef 1eee1ef4 1ee71eed 1ee41ee7
1726320 1ee41ee2 1ee71ee8 1ee31eef 1ef21ee8
1726340 1eea1eec 1eef1eea 1ee91eea 1eee1eea
1726360 1eeb1ef1 1eea1eef 1ee61eee 1ef11eeb
1726400 1ef01ef6 1ee91ef3 1ef41ef0 1ef61ef0
1726420 1eeb1ef1 1ee81eee 1ef31efa 1ef01ef6
1726440 1eeb1eed 1eec1ee7 1eed1eec 1eeb1ef2
1726460 1eef1ef5 1eed1eee 1ef51ef0 1ef01ef1
1726500 1eef1eee 1ef31eec 1eed1ef0 1eef1eeb
1726520 1ef61ef0 1ef31ef1 1ef41ef1 1ef51ef5
1726540 1ef81ef9 1ef31ef1 1ef61ef6 1efb1ef8
1726560 1efe1ef9 1efc1ef9 1f021efd 1efe1f04
1726600 1efb1ef6 1f011f0b 1f091ef9 1eff1f09
1726620 1f051f07 1f091f09 1f051f01 1f0b1efe
1726640 1f071f04 1f0c1f09 1f0a1f0c 1f071f04
1726660 1f071f10 1f071f08 1f0b1f0a 1f101f09
1726700 1f071f0c 1f111f0d 1f101f12 1f121f0b
1726720 1f0e1f15 1f151f10 1f181f15 1f151f16
1726740 1f101f15 1f111f16 1f171f11 1f1b1f11
1726760 1f1e1f1a 1f1d1f15 1f1f1f22 1f191f1e
1727000 1f1d1f1d 1f201f1d 1f211f21 1f221f1f
1727020 1f221f23 1f251f1e 1f1a1f1f 1f1a1f1a
1727040 1f221f1f 1f2d1f2a 1f271f2a 1f291f27
1727060 1f291f2f 1f301f33 1f301f32 1f361f30
1727100 1f321f32 1f2d1f2d 1f361f3b 1f3e1f38
1727120 1f3f1f3e 1f3d1f42 1f3c1f41 1f491f44
1727140 1f421f46 1f451f42 1f461f40 1f461f46
1727160 1f431f4d 1f481f42 1f441f40 1f461f4a
1727200 1f431f47 1f431f44 1f461f4d 1f4e1f49
1727220 1f511f56 1f4d1f4b 1f4f1f4f 1f551f52
1727240 1f651f54 1f581f5a 1f5c1f59 1f581f61
1727260 1f5b1f59 1f5a1f57 1f591f58 1f601f5e
1727300 1f5d1f65 1f6a1f64 1f651f63 1f6c1f6c
1727320 1f6f1f6a 1f6a1f72 1f5d1f6b 1f691f63
1727340 1f731f6e 1f801f73 1f731f79 1f6f1f6f
1727360 1f6b1f6c 1f6a1f68 1f6b1f6e 1f6f1f68
1727400 1f6b1f6a 1f761f6f 1f781f78 1f7d1f7f
1727420 1f781f83 1f761f80 1f771f71 1f771f7f
1727440 1f7b1f7e 1f7c1f83 1f781f75 1f831f76
1727460 1f821f82 1f831f82 1f801f89 1f861f84
1727500 1f841f86 1f861f81 1f8a1f80 1f8f1f86
1727520 1f8d1f8e 1f8b1f87 1f911f91 1f881f88
1727540 1f881f88 1f821f83 1f8b1f8b 1f911f95
1727560 1f861f89 1f911f87 1f891f8b 1f901f8b
1727600 1f9a1f99 1f9d1f9c 1f951fa2 1f941f8f
1727620 1f931f90 1f8d1f94 1f991f93 1f961f9f
1727640 1f991f9a 1f9a1f94 1f991f93 1f991f93
1727660 1f8f1f97 1f911f93 1f9f1f97 1f9b1f99
1727700 1f991f92 1f991f9a 1fa41f9f 1fab1f9e
1727720 1fa61fa7 1f9c1fa3 1f9c1fa4 1f9f1f9b
1727740 1f961f91 1f951f99 1f971f9b 1f9b1f99
1727760 1f9c1f9b 1f9f1f96 1f9d1fa5 1f9f1f9f
1730000 1fa01f9a 1fa01f9c 1fab1fa4 1fa71faf
1730020 1fa11faf 1f991f9b 1f9c1f9f 1fa21f9a
1730040 1fa51fa5 1f9f1fad 1f9f1f9b 1f9f1f9c
1730060 1fa51f9f 1f9b1fa0 1f9d1fa1 1f981f9c
1730100 1f991f98 1fa71f9e 1fa21fa2 1f9d1fa5
1730120 1fa21fa6 1fa01fa3 1fa31f99 1fa41fa6
1730140 1fa21fa3 1fa21fa2 1fa21fa6 1fa01fa4
1730160 1f9c1f9f 1f9d1f94 1f961f99 1f951f9f
1730200 1f9a1f94 1f9b1f98 1f9c1f9f 1f9d1f9b
1730220 1f9f1fa0 1fa11fa0 1f9d1f9e 1f9d1f9a
1730240 1f971f9d 1f9a1f9a 1f991f9b 1f9b1f94
1730260 1f9c1f96 1fa11f97 1f9a1f99 1f9b1fa1
1730300 1f961f98 1f921f95 1f911f95 1f961f92
1730320 1f9c1f94 1f921f96 1f911f90 1f8a1f90
1730340 1f8c1f90 1f921f94 1f941f8f 1f8f1f94
1730360 1f8f1f90 1f8e1f90 1f941f90 1f901f93
1730400 1f881f89 1f871f8e 1f8b1f8b 1f851f84
1730420 1f891f85 1f911f8f 1f831f8e 1f821f7e
1730440 1f831f7d 1f811f7c 1f831f88 1f831f89
1730460 1f7d1f85 1f841f86 1f811f7f 1f7b1f82
1730500 1f781f80 1f781f7b 1f831f7b 1f811f7e
1730520 1f731f7d 1f7e1f7a 1f871f7d 1f721f71
1730540 1f811f7a 1f7b1f7c 1f7e1f7e 1f7a1f79
1730560 1f7b1f6d 1f721f75 1f781f77 1f821f82
1730600 1f841f7c 1f821f81 1f7c1f7d 1f811f75
1730620 1f7b1f7c 1f7d1f77 1f7a1f77 1f711f75
1730640 1f6e1f74 1f791f75 1f731f78 1f6e1f71
1730660 1f701f6f 1f731f6f 1f7a1f76 1f7e1f81
1730700 1f791f79 1f7b1f75 1f791f7c 1f7e1f84
1730720 1f7a1f80 1f7a1f78 1f761f79 1f771f78
1730740 1f741f76 1f761f7c 1f821f7e 1f811f7f
1730760 1f781f7c 1f801f7f 1f7a1f82 1f741f79
1731000 1f801f78 1f721f76 1f7a1f75 1f771f7a
1731020 1f7b1f7c 1f881f7e 1f861f84 1f831f80
1731040 1f791f82 1f7d1f79 1f821f80 1f7b1f7e
1731060 1f7b1f7c 1f721f78 1f7c1f7a 1f7f1f80
1731100 1f801f83 1f841f7f 1f7b1f83 1f811f7e
1731120 1f821f81 1f871f86 1f961f8b 1f8f1f9d
1731140 1f961f96 1f971f94 1f961f94 1f941f94
1731160 1f9e1f96 1f9d1f98 1f961f9c 1f941f9b
1731200 1f9b1f93 1f9d1f9a 1fa41f9c 1f991f9c
1731220 1f9c1fa2 1f981f9c 1f961f9c 1f9e1f99
1731240 1fa81fa0 1f9a1fa6 1fac1fa3 1f9d1fa5
1731260 1fa41f9b 1fa81faa 1fa61fa8 1fa81fa0
1731300 1fac1faa 1fad1fa8 1fab1fb1 1fa61fa6
1731320 1faa1faa 1fb41fad 1fb31fb0 1fae1faf
1731340 1fae1fb3 1fb51fb7 1fbd1fb7 1faf1fb4
1731360 1fba1fb4 1fc11fbb 1fbf1fba 1fc01fc3
1731400 1fc11fbd 1fc11fbd 1fce1fc4 1fca1fca
1731420 1fcc1fc6 1fcf1fcd 1fce1fcb 1fcf1fd5
1731440 1fd11fd7 1fda1fd7 1fd91fdb 1fd71fd7
1731460 1fd61fdb 1fd51fd9 1fd61fda 1fe61fd5
1731500 1fdd1fd6 1fe21fdf 1fe41fe0 1fdf1fe5
1731520 1fe91fe1 1fe01fe7 1fe31fe3 1fed1fea
1731540 1fe71fed 1fed1fe6 1fe01fe4 1fe91fec
1731560 1fe91ff3 1fee1fee 1fee1fed 1ff31ff0
1731600 1ff91ff5 1ff51ff8 1ff31ffa 1ff51fee
1731620 1ff71ff7 1ff91ff1 1ff81ff9 1ffa1ff9
1731640 1fff1ffa 20032000 20062002 20082007
1731660 20052002 20082004 20132010 200e200b
1731700 2011200e 200f2012 2010200d 200b200f
1731720 20142013 20122012 2011200a 200e200c
1731740 20172011 20192017 20162018 200a2017
1731760 201a200e 2010201c 2011200c 20202019
1732000 20202020 20212018 20242029 20242022
1732020 201d2020 201d201c 2017201f 2019201c
1732040 201d201c 20242025 20232022 20252021
1732060 20282026 20282023 20282021 20252029
1732100 202e202c 2027202c 202d202a 202c202d
1732120 202b202e 20342036 2038203b 2030203a
1732140 20292032 202c202f 203a202f 20362034
1732160 20322030 203b2040 20402040 2038203d
1732200 203c2034 2037203b 203a203d 20332039
1732220 203a2036 2044203f 203a2037 2041203a
1732240 203b2037 203b2039 2038203b 2042203a
1732260 20442041 20442044 20442041 203b2042
1732300 2039203b 2048204c 20442042 203f203d
1732320 20412042 20462040 20462043 20452044
1732340 20422042 2040203e 203c2043 203d2040
1732360 203a203b 203f2040 203b203d 20322033
1732400 2036203f 203f2037 203d2038 20392042
1732420 203a2039 2035203a 20342038 203b2037
1732440 2036203b 203c2036 2039203d 2044203e
1732460 20472041 2048203d 20372042 20412040
1732500 20362039 20342033 203b2033 20322036
1732520 2038203f 203b203b 203e202e 20312031
1732540 2034203a 20342031 20352030 2030202d
1732560 20392035 2038203d 20322039 202b202e
1732600 202c2025 20252029 202c202e 202f2035
1732620 202e202d 20292028 20272028 202a202b
1732640 201f2027 202a201e 2030202d 201f2025
1732660 20202020 2020201a 201e201d 2025201e
1732700 2020201e 2020201d 201f2022 20242020
1732720 201f201f 201e2020 201f2022 2011201c
1732740 200f200b 20102015 20132018 2018201b
1732760 20162017 20172018 200e200e 20172012
1733000 20162017 20142019 20192014 201a2014
1733020 201d201b 20172019 200b200e 200a2005
1733040 20142010 2014200e 20112010 20182014
1733060 20172016 20132013 20112013 200d200c
1733100 2006200e 20072007 20102008 200e200f
1733120 2010200b 20112010 20092010 2009200b
1733140 200b2007 200a2007 200b2013 2012200a
1733160 20082004 200f2004 2010200f 2008200e
1733200 1ffd200f 200d200d 2009200b 2012200e
1733220 200c2010 20092006 20042009 200c200b
1733240 2019200e 200e2019 200f2010 200d2010
1733260 20092008 2005200a 200d200c 200d2012
1733300 20162012 20102016 200e200c 20092010
1733320 200f2008 200e2009 2004200a 200f2011
1733340 20182013 2019201d 2013201d 20182012
1733360 200f201b 20162016 20192013 201a2019
1733400 20162017 2012200e 201d2015 201c2024
1733420 20242022 20252028 20242023 2027202a
1733440 20252023 202d202e 20222032 201e2025
1733460 201f2025 2028201f 20252021 20212027
1733500 20262024 20292027 202f202e 20362030
1733520 20352034 20312036 203a2031 2035203b
1733540 20362033 20362037 20302037 203a203c
1733560 20352042 203b203d 203f203c 204c2045
1733600 2044204a 204f2047 20442041 20472041
1733620 2041203d 20462042 204c204a 204f2047
1733640 204b204a 2048204c 2051204a 2050204d
1733660 20522052 20522057 205b2057 20582058
1733700 20542055 20562058 20582058 20612055
1733720 2058205b 20672059 20642060 2060205f
1733740 20602062 20662063 20612061 20612061
1733760 20602065 20672064 20682069 206f206a
1734000 2072206d 20732071 206c2077 20702072
1734020 20762073 20762079 207a2075 206e2071
1734040 20702073 20752073 2077206e 20782073
1734060 20792079 207a2075 20762075 2080207b
1734100 20802085 20842085 20852086 2087208d
1734120 20872090 2089208c 2092208f 208a2090
1734140 20952092 20922090 2086208b 20892089
1734160 20892091 208a2083 208e2090 2092208c
1734200 20992093 2095209a 209c2094 209b2099
1734220 20a3209f 20952098 20912096 20912093
1734240 2093208d 20912093 20962096 20a020a2
1734260 20a02097 2098209a 209b209b 20a3209e
1734300 209b20a2 209e209e 20ac20a6 20ac20ae
1734320 20a920ac 20ab20aa 20aa20a9 20ac20b0
1734340 20a720af 209f20a5 20a920a4 20ad20af
1734360 20ae20a9 20b120b4 20ad20af 20ae20b2
1734400 20a720ab 20b420ae 20b020b2 20b720b1
1734420 20ac20b0 20a520ad 20b720bc 20a520af
1734440 20ba20a9 20b620b8 20b720bc 20b920b5
1734460 20b920b6 20b420b6 20b720bc 20af20b9
1734500 20bd20b4 20bb20b9 20b820b0 20b720b4
1734520 20b720b8 20b620b5 20c120b7 20be20be
1734540 20c320c0 20c020bf 20bc20bf 20c120bd
1734560 20b520bc 20bf20c4 20b620b7 20b820bc
1734600 20bd20bf 20bd20be 20bc20c3 20b720bf
1734620 20b520b8 20bc20b7 20bd20be 20b920bd
1734640 20bf20c3 20bc20b6 20be20ba 20b220b9
1734660 20b920b7 20ac20b1 20bd20bb 20b020bb
1734700 20b920b2 20b920c4 20c320ba 20bd20b9
1734720 20b820bc 20b420b7 20b120b0 20a620ab
1734740 20ad20ab 20ac20ab 20ae20ac 20ab20b0
1734760 20b420b3 20ae20b2 20bb20b2 20b120b3
1735000 20b020af 20a920a8 20af20a4 20a020a6
1735020 209e20a3 209d20a0 2095209d 209c20a0
1735040 20a720a1 20a620a9 20a820ae 20a320a7
1735060 209c20a0 2098209b 209a209c 209c2099
1735100 209b209f 20a320a1 209f20a2 209e20a1
1735120 209a209c 2098209c 2092209a 20942097
1735140 20972093 20922099 20902085 20962093
1735160 2094208c 20922090 20942093 208e208b
1735200 20982093 208f2092 208e2092 208f2091
1735220 208b2085 2087208b 20812089 20832084
1735240 208c2088 208a208b 208a2082 208a2086
1735260 208c208f 2088208f 20822087 20842088
1735300 2087208b 207d2084 20832083 20862085
1735320 2088207d 20882087 2084208a 207a2080
1735340 20892081 20822081 20812088 20842087
1735360 2088208a 20822082 207f2080 20822080
1735400 20802081 20772084 2087207a 207f208b
1735420 20832079 20802087 2081207f 20872084
1735440 20842089 20832083 20822082 20872087
1735460 207b207a 207e2082 207d207c 20812081
1735500 207f2083 20862083 20822081 208a207f
1735520 2080208a 20882089 2083208d 207e2080
1735540 2085207f 207d2081 207b2081 20832084
1735560 20822085 20802086 207e2080 207f2084
1735600 207f2084 20862082 20862084 20882089
1735620 208a208c 20862085 208f208d 208d208f
1735640 20892096 208e2089 20932087 208a2090
1735660 208b208c 208a2093 2093208a 20852089
1735700 20862083 208c208a 208c2092 20922095
1735720 20952096 2099209d 20942092 20902097
1735740 209e209d 209a209f 20a4209c 209d209b
1735760 20a020a1 209f20aa 209e20a3 20a420a7
1736000 209b20a1 209f20a5 20af20a5 20ae20aa
1736020 20ab20ad 20af20ac 20ab20aa 20a920ab
1736040 20af20ad 20b020aa 20a820ad 20b120ad
1736060 20ae20b1 20b120b0 20ba20b8 20bc20b6
1736100 20b120b6 20b320b3 20b620b3 20b520b2
1736120 20bf20ba 20ba20c3 20c120bc 20be20b7
1736140 20bd20b9 20be20c0 20c520c2 20c320c2
1736160 20c420c3 20cf20cb 20bc20c5 20ba20be
1736200 20c920c5 20c620c6 20cd20c9 20c620cb
1736220 20c520c6 20cc20c7 20d020cc 20cd20d2
1736240 20d220d3 20d520d4 20d220d4 20d420db
1736260 20d520cd 20d220d6 20d320d6 20d920d8
1736300 20d620da 20da20dd 20dd20d8 20da20de
1736320 20e320da 20e320e6 20e420e5 20e820e5
1736340 20dd20e3 20e020de 20e320e6 20e420e5
1736360 20de20e8 20e220e7 20e620ea 20ee20e6
1736400 20ee20e7 20e420ea 20ec20e9 20e820ed
1736420 20eb20ee 20ee20e5 20f020f0 20f120f0
1736440 20ea20ed 20f120f1 20f920fa 20fa20f2
1736460 20f420fb 20ff20fd 210020fb 21072101
1736500 20fe2101 21072106 2103210b 21042107
1736520 20ff20fb 20fe20fc 20fe2100 20fd20fa
1736540 21042105 21022105 2105210a 2101210c
1736560 2107210a 2102210c 21052103 21002103
1736600 21042107 21052105 21042101 21072104
1736620 210d210f 20fe2107 2105210d 21132109
1736640 210e210b 210d210b 210c2109 21072106
1736660 210f210c 2115210a 21122113 21132118
1736700 21112115 211b2116 211f211d 21182116
1736720 211a211c 210f2118 210f210d 21112113
1736740 21162115 21142115 21172117 21132114
1736760 21142115 2118211b 2115211a 211e2112
1737000 211e2117 2118211d 2118211c 21192118
1737020 211a211a 211b211c 21202120 211b2114
1737040 21192118 21122118 21172114 211c2116
1737060 211e2119 211c2122 211e2119 211b211a
1737100 211c2121 211c2119 21182119 21102113
1737120 2113210d 21182113 2116211a 21112111
1737140 210d210a 2102210a 21112109 210e2116
1737160 2110211a 21142111 2111210e 2110210b
1737200 210f2114 210b2112 2119210f 21082111
1737220 210d2106 21072108 21032106 210c2108
1737240 210c2111 21042107 2106210a 21022106
1737260 21052101 21092108 21082101 20ff2104
1737300 20fc20ff 20fd2100 2103210a 21002102
1737320 210a20ff 2101210b 21012100 21092103
1737340 21122105 210020ff 210220ff 20fa20fc
1737360 210020fd 210220ff 20fc20ff 20fe2102
1737400 20fe2105 20f52102 210420f7 20f720f9
1737420 20f720f3 20f120f3 20ed20f0 20f520f2
1737440 20f520f4 20f320fb 20f020fb 20f320f3
1737460 20fc20f7 20f720fa 20f220f0 20f120f1
1737500 20ea20f3 20f720ec 20f420f7 20ec20f3
1737520 20f420ed 20f620ef 20f120f6 20f420eb
1737540 20ee20ee 20ee20ef 20e820ec 20eb20e8
1737560 20ee20eb 20e920ed 20e620e6 20e720de
1737600 20ea20e5 20e620e2 20eb20e8 20eb20eb
1737620 20ed20e7 20ea20ea 20f320ed 20e820ef
1737640 20f020e9 20ed20f4 20e820ea 20ec20e6
1737660 20ea20e8 20f420f0 20e720ed 20e920ea
1737700 20e720e8 20ed20ec 20e920e6 20ed20e6
1737720 20ec20eb 20e920eb 20f220f1 20e720f0
1737740 20eb20e6 20eb20ea 20f020e9 20eb20f3
1737760 20eb20ee 20ea20e9 20f020e4 20f420ee
1740000 20f020f4 20f120f5 20ef20f0 20f720f0
1740020 20ef20eb 20e920f0 20ee20f5 20ec20ed
1740040 20f220ed 20f120f4 20ee20ee 20e920ed
1740060 20f720eb 20f520f6 20ef20ef 20f620eb
1740100 20f220f4 20f220f5 20f420f6 20f420f1
1740120 20ef20f6 20fd20f8 20f520f5 20fb20f4
1740140 20f720f5 20f620f6 20f820f7 210020fb
1740160 210620fe 20fe2103 20fc2104 210020fe
1740200 20ff2103 21032101 21022104 20fd2103
1740220 20fd20fb 21002105 21062106 21022108
1740240 21062102 2103210a 21082105 21072101
1740260 21072109 2109210d 2107210c 21112106
1740300 21132107 b01104a7 00001004 0001000a
1740320 00010000 03b1602b 00000ffc 0001000a
1740340 1400003c add01f00 add01f01 add01f02
1740360 add01f03 add01f04 add01f05 add01f06
1740400 add01f07 add01f08 add01f09 add01f0a
1740420 add01f0b add01f0c add01f0d add01f0e
1740440 add01f0f add01f10 add01f11 add01f12
1740460 add01f13 add01f14 add01f15 add01f16
1740500 add01f17 add01f18 add01f19 add01f1a
1740520 add01f1b add01f1c add01f1d add01f1e
1740540 ff000134 00000020 00000002 b8e17b49
1740560 00000001 deadbeef f0000002 b8e17b36
1740600 1d0b6a99 00000000 00000134 00001f48
1740620 a01004a8 2205210b 220b2206 2206220a
1740640 220d220f 22072208 22002203 220321fd
1740660 22072204 22072206 22022205 220d2205
1740700 2206220a 22042206 22082205 220d2206
1740720 220d220d 220c220c 22072208 220e2212
1740740 220d220b 220b220a 22082206 22062208
1740760 220e2210 220e220f 220a220c 220421fe
1741000 22052208 22012202 22022208 220221fc
1741020 22012202 22072203 22062201 21ff2203
1741040 21fb21f7 21f721fc 21ff2203 21fe2205
1741060 21fc2206 21fb21f9 21fb21f9 21f921fd
1741100 21fb2202 21fc21f9 21ff21f5 21f92200
1741120 21fd21f9 22012205 21fc21fd 21ff21f8
1741140 220121ff 21fd21fd 21fa21fa 21f821f3
1741160 21fd21fd 21fb21fa 21fd21f8 21ef21f5
1741200 21ee21f3 21f521f6 21f321f3 21f421f3
1741220 21fa21fa 21f821f2 21f521f7 21f021f7
1741240 21f521f2 21f121ed 21f321ed 21f321f3
1741260 21f521f4 21f421f0 21f621f0 21e821e8
1741300 214021e7 1f55203e 1e0a1e9c 1d851db3
1741320 1d451d5e 1d321d37 1d311d29 1d2d1d2f
1741340 1d2d1d31 1d2d1d28 1d2f1d2e 1d2d1d2c
1741360 1d251d29 1d261d2a 1d231d26 1d261d25
1741400 1d251d24 1d201d25 1d231d27 1d271d24
1741420 1d261d27 1d261d29 1d231d26 1d2a1d29
1741440 1d271d25 1d241d2a 1d221d24 1d2d1d29
1741460 1d2a1d2b 1d2a1d2b 1d2e1d27 1d2d1d30
1741500 1d2f1d2d 1d341d2c 1d2e1d31 1d2a1d28
1741520 1d241d2b 1d281d2c 1d301d2b 1d341d2c
1741540 1d371d33 1d2c1d2a 1d291d28 1d331d2b
1741560 1d2e1d2c 1d351d30 1d2d1d2a 1d341d30
1741600 1d311d34 1d2a1d2a 1d301d30 1d351d37
1741620 1d3a1d39 1d421d3d 1d3b1d37 1d3a1d35
1741640 1d3d1d3b 1d371d3b 1d361d35 1d361d37
1741660 1d361d2d 1d351d35 1d311d37 1d2c1d31
1741700 1d411d38 1d3d1d34 1d431d41 1d401d3f
1741720 1d3f1d43 1d3d1d3a 1d3f1d35 1d441d44
1741740 1d451d47 1d501d49 1d4b1d4a 1d501d49
1741760 1d4b1d4e 1d4a1d4c 1d4a1d4b 1d4c1d4a
1742000 1d4b1d47 1d4a1d49 1d451d4f 1d551d59
1742020 1d511d54 1d551d52 1d4c1d55 1d551d4e
1742040 1d581d5b 1d541d56 1d531d52 1d561d4e
1742060 1d591d54 1d551d5b 1d4c1d50 1d551d58
1742100 1d551d5a 1d5a1d5d 1d5d1d5e 1d591d55
1742120 1d5d1d5c 1d5d1d5f 1d661d5f 1d621d68
1742140 1d661d63 1d5e1d62 1d601d60 1d5e1d60
1742160 1d591d5c 1d5d1d5c 1d6a1d61 1d681d68
1742200 1d661d65 1d6f1d6a 1d721d6c 1d691d6a
1742220 1d6b1d65 1d6b1d74 1d711d74 1d711d78
1742240 1d731d71 1d731d75 1d741d6e 1d711d6b
1742260 1d741d6f 1d771d6d 1d7e1d80 1d861d80
1742300 1d7d1d8d 1d811d80 1d791d7a 1d791d7f
1742320 1d781d82 1d7d1d7d 1d811d81 1d821d85
1742340 1d791d7d 1d7c1d7a 1d841d85 1d7d1d7a
1742360 1d7d1d7e 1d821d81 1d7d1d86 1d881d81
1742400 1d871d80 1d8a1d85 1d8a1d8c 1d811d86
1742420 1d891d83 1d801d8e 1d861d7d 1d881d8c
1742440 1d811d8c 1d881d89 1d7d1d83 1d891d83
1742460 1d8f1d86 1d8a1d94 1d881d8d 1d881d85
1742500 1d901d8a 1d931d95 1d941d96 1d901d96
1742520 1d901d90 1d881d8d 1da21d95 1d951d9a
1742540 1da41d9b 1d931d97 1d9a1d90 1da31d9a
1742560 1d971da0 1da01da0 1da71d9a 1da51da4
1742600 1daa1da6 1da81da8 1da81da9 1da41da3
1742620 1da71da6 1dac1dac 1da61da9 1dab1da8
1742640 1dac1daa 1dac1da6 1da11da6 1dab1da4
1742660 1dae1dab 1dab1dac 1dab1daa 1daa1dae
1742700 1db11dac 1daf1db5 1db51db3 1db71db4
1742720 1db41db5 1db61db6 1db91dbc 1db61db4
1742740 1db81dbc 1dbb1dc0 1dbc1dbd 1db91dbd
1742760 1dc21db7 1dc41dbe 1dc81dc5 1dba1dc3
1743000 1dc81dc4 1dcb1dc4 1dc81dcb 1dc21dcb
1743020 1dcf1dcf 1dc71dcb 1dc51dc5 1dcb1dc8
1743040 1dcf1dc7 1dca1dcf 1dc91dcd 1dd41dcb
1743060 1dcf1dd0 1dcf1dd0 1dd01dd1 1dcd1dd0
1743100 1dd41dc7 1dd01dd3 1dce1dcb 1dce1dd0
1743120 1dd31dd6 1dce1dd7 1dd91dd1 1dcd1dce
1743140 1dcd1dd0 1dcc1dd5 1dcf1dce 1dd51dd0
1743160 1dd51dd4 1dd51dd9 1dd91dd7 1dd81dd5
1743200 1dd21dce 1dd71dd6 1dd61ddb 1ddd1dd8
1743220 1dda1dde 1ddc1ddd 1dd41dd9 1dd51ddf
1743240 1dde1de1 1dcf1dd1 1de81dd8 1dd71ddb
1743260 1de01ddf 1de21de5 1de51ddd 1dec1deb
1743300 1ded1de1 1de01de8 1ddb1dda 1de31ddc
1743320 1de11de1 1de11de3 1de11de2 1de51de3
1743340 1de51de8 1dea1de8 1ddf1ddf 1de31de1
1743360 1df01de4 1df11def 1dee1ded 1dee1de9
1743400 1df31dee 1df21df3 1dec1ded 1df41df3
1743420 1df91df7 1df41dfb 1dfa1dfd 1df41df9
1743440 1def1ded 1ded1def 1de51deb 1de61de9
1743460 1ded1de6 1df41def 1ded1df4 1dea1def
1743500 1de81dea 1dee1df2 1dfa1df2 1df21df5
1743520 1dfa1df8 1e021dfd 1df91df5 1dfc1e01
1743540 1df91dfe 1dfc1e00 1df71df7 1dfb1df8
1743560 1dfd1e01 1e0b1dff 1e041e0c 1e051e03
1743600 1e021e04 1e031e02 1e081e05 1e061e0b
1743620 1e031e06 1e051e00 1e0b1e08 1e021e0d
1743640 1e081e0d 1e071e07 1e041e0a 1e0b1e0a
1743660 1e0e1e0c 1e0d1e07 1e051e0c 1e0e1e04
1743700 1e0b1e0e 1e0c1e0b 1e141e10 1e1b1e1c
1743720 1e171e16 1e141e14 1e161e17 1e0c1e0d
1743740 1e0e1e0f 1e0c1e0c 1e101e0d 1e171e1b
1743760 1e191e11 1e1c1e22 1e191e13 1e231e1d
1744000 1e1d1e29 1e1e1e22 1e201e22 1e1f1e17
1744020 1e221e1b 1e2a1e26 1e201e23 1e221e23
1744040 1e2c1e29 1e291e29 1e2e1e2f 1e2c1e35
1744060 1e271e2b 1e251e2c 1e2d1e2d 1e2d1e2d
1744100 1e331e35 1e361e38 1e341e36 1e3b1e37
1744120 1e351e35 1e2f1e35 1e381e31 1e3d1e39
1744140 1e3f1e3f 1e3e1e3b 1e3d1e3e 1e371e3b
1744160 1e3e1e38 1e451e40 1e4b1e44 1e511e4d
1744200 1e481e4c 1e401e44 1e4d1e43 1e471e46
1744220 1e411e4d 1e4d1e47 1e3e1e47 1e4b1e3e
1744240 1e4b1e48 1e4a1e4f 1e4b1e4c 1e471e4c
1744260 1e441e48 1e4a1e47 1e4a1e4b 1e531e4b
1744300 1e551e52 1e581e53 1e591e5a 1e531e57
1744320 1e5f1e5d 1e601e5e 1e5b1e57 1e5a1e5c
1744340 1e541e59 1e531e53 1e511e55 1e5d1e56
1744360 1e5b1e5a 1e5d1e5f 1e631e65 1e671e63
1744400 1e591e5e 1e5b1e5b 1e531e5e 1e5e1e5d
1744420 1e5b1e5e 1e601e60 1e681e5e 1e5f1e6b
1744440 1e681e62 1e671e67 1e6a1e62 1e681e6c
1744460 1e5f1e61 1e631e5d 1e651e6b 1e691e65
1744500 1e671e6d 1e6b1e68 1e701e70 1e701e6d
1744520 1e6f1e6d 1e6f1e79 1e711e6d 1e6e1e73
1744540 1e6e1e6b 1e721e6b 1e711e71 1e731e70
1744560 1e701e70 1e741e72 1e7c1e77 1e811e7e
1744600 1e741e79 1e7a1e71 1e801e7e 1e811e7f
1744620 1e711e7a 1e6e1e73 1e6f1e70 1e791e76
1744640 1e7b1e79 1e7a1e7b 1e731e76 1e6f1e75
1744660 1e781e7c 1e821e80 1e861e7f 1e861e82
1744700 1e8a1e88 1e861e8a 1e851e80 1e851e81
1744720 1e891e89 1e881e8e 1e831e83 1e881e85
1744740 1e871e8f 1e8b1e87 1e8d1e8d 1e8e1e8a
1744760 1e981e8d 1e901e94 1e911e94 1e811e8f
1745000 1e8b1e8c 1e991e8a 1e981e97 1e8e1e99
1745020 1e961e8c 1e931e92 1e931e8f 1e8c1e91
1745040 1e8f1e8c 1e8b1e8f 1e901e8a 1e991e90
1745060 1ea01e9e 1e951e9d 1e981ea2 1e961e96
1745100 1e9a1e90 1e941e94 1e981e9d 1e9d1e9e
1745120 1e981e98 1e9e1e99 1e961e9d 1e941e9b
1745140 1e9c1ea0 1ea01e9e 1ea41e99 1ea41ea5
1745160 1ea41ea9 1ea31ea0 1e9a1e99 1e8e1e97
1745200 1e9e1e9f 1ea31ea0 1ea31e9d 1ea01e9f
1745220 1ea61ea1 1ea41ea0 1ea51ea9 1ea41ea8
1745240 1ea61ea7 1ea61ea6 1ea11ea7 1ea41ea6
1745260 1ea41ea4 1ea81ea9 1eb01ea9 1eb31eaf
1745300 1eab1ea9 1ea11ead 1ea71ea6 1ea61ea8
1745320 1ea11ea5 1ea41ea3 1eab1ea8 1ead1eaa
1745340 1ea81eaf 1eb51eaa 1ead1eb4 1ead1eb1
1745360 1eaa1eae 1eae1ea7 1e9f1ea3 1ea31ea7
1745400 1ead1ea4 1eaa1ea9 1eae1ea8 1eab1ea7
1745420 1ea81eb0 1ea61eaf 1ea61ea3 1ead1ea4
1745440 1ea71ea9 1e9e1ea6 1eb81eab 1eaf1eb2
1745460 1eb71ea7 1eb01ead 1eb01eb8 1ead1eaf
1745500 1eae1ea9 1eac1ea9 1eac1eaa 1ea71eae
1745520 1ea71eaa 1ea81eaa 1ea91eac 1ea71ead
1745540 1ea91ea4 1eb01eaf 1eaa1eb2 1eab1ea6
1745560 1eb31ead 1eb01eb0 1eaf1eb6 1eb51eae
1745600 1ec01eb1 1eb51ebf 1eb31eaf 1eb21eb1
1745620 1eb51eb9 1eb21eaf 1eae1eb3 1eb71ea9
1745640 1eb91eba 1eb51ebc 1ebd1ebc 1eb91ebf
1745660 1ebb1eca 1ebb1eba 1eba1eb7 1ebe1eb7
1745700 1eba1ebe 1eb61eb7 1ec41eb3 1eb71ebd
1745720 1eb71eab 1ebf1ebd 1eb81ebd 1eca1ec2
1745740 1ec11ec1 1ec01ebe 1ec31ec5 1ec41ec1
1745760 1ebd1ec5 1ec01ebd 1ec41ec1 1ec01ec3
1746000 1eba1ec4 1ec41ebf 1ec41ec4 1ec21ec2
1746020 1ebe1ec4 1ec51ecc 1ecb1eca 1ec61ec4
1746040 1ec81ec6 1ec71ec7 1ec21ec5 1ec41eca
1746060 1ec51eca 1eca1ec5 1ece1ed0 1ec81ed3
1746100 1ecd1ece 1ed71ed7 1edb1ed9 1ed51ed6
1746120 1ed11ed6 1ecf1ed7 1ecf1ed0 1ed81ed0
1746140 1ecb1ed2 1ecf1ed2 1edc1ed5 1ee01ee3
1746160 1ee11ede 1ee91ee4 1ee31edf 1ee51ee2
1746200 1ee21ee5 1eee1ee1 1ee01ee7 1edf1edc
1746220 1edf1edf 1ee71ee3 1ee81ee2 1ee51ee3
1746240 1eea1ee8 1ee61eea 1ee61ee5 1eeb1edd
1746260 1ee71ee2 1eea1eed 1eec1ef2 1ef41ef0
1746300 1ef11ef5 1eef1ef3 1eef1ef0 1efc1ef2
1746320 1ef61ef9 1efa1ef2 1efa1ef2 1ef41ef6
1746340 1ef91efa 1ef61ef8 1ef01ef1 1ef81ef1
1746360 1efe1efd 1ef91f00 1f061efa 1efc1efe
1746400 1eff1f01 1f041f00 1eff1f00 1f001efd
1746420 1f0c1eff 1f011f08 1f001f03 1f011f10
1746440 1f0a1f0f 1f0a1f08 1f061f0b 1f041f0d
1746460 1f021f09 1f0b1f0b 1f0b1f09 1f0e1f0d
1746500 1f0e1f13 1f1d1f1b 1f101f15 1f0b1f0f
1746520 1f091f04 1f0d1f0f 1f111f10 1f161f0f
1746540 1f1c1f19 1f1b1f17 1f1b1f15 1f1d1f21
1746560 1f1e1f17 1f1e1f18 1f1a1f18 1f1b1f1b
1746600 1f231f22 1f1b1f16 1f221f1b 1f1c1f1f
1746620 1f271f20 1f261f25 1f1f1f1d 1f1f1f20
1746640 1f211f1f 1f1e1f1c 1f2a1f22 1f231f25
1746660 1f2d1f23 1f321f2e 1f2c1f2b 1f2b1f33
1746700 1f281f27 1f311f2a 1f2c1f2d 1f341f29
1746720 1f311f34 1f381f33 1f2e1f2f 1f311f26
1746740 1f371f34 1f371f39 1f3b1f3b 1f351f30
1746760 1f361f38 1f3d1f3d 1f3b1f3f 1f3a1f42
1747000 1f3b1f3a 1f3c1f3e 1f3c1f40 1f431f40
1747020 1f3e1f47 1f3f1f3a 1f3a1f39 1f3a1f3a
1747040 1f3c1f3a 1f371f3a 1f371f3b 1f361f3b
1747060 1f431f3d 1f421f41 1f361f3b 1f3f1f32
1747100 1f471f41 1f401f44 1f3b1f43 1f401f41
1747120 1f3c1f3d 1f3d1f42 1f321f41 1f3c1f33
1747140 1f351f3e 1f441f3c 1f451f41 1f451f46
1747160 1f4a1f42 1f411f45 1f481f47 1f3f1f47
1747200 1f4a1f44 1f421f4e 1f4f1f48 1f4e1f4b
1747220 1f4a1f4e 1f491f49 1f491f4a 1f531f4b
1747240 1f4c1f4e 1f461f4c 1f501f48 1f4f1f55
1747260 1f4e1f56 1f581f4d 1f571f54 1f4f1f54
1747300 1f4e1f51 1f4f1f4e 1f551f4f 1f4b1f52
1747320 1f521f53 1f531f4f 1f4c1f52 1f4a1f48
1747340 1f4c1f49 1f491f4d 1f4d1f51 1f4e1f4e
1747360 1f521f4c 1f581f52 1f511f59 1f521f57
1747400 1f491f51 1f4d1f41 1f521f4d 1f541f52
1747420 1f4e1f57 1f501f4e 1f531f53 1f491f4e
1747440 1f531f55 1f4e1f4d 1f541f54 1f531f55
1747460 1f531f58 1f581f50 1f541f5e 1f521f58
1747500 1f591f53 1f4e1f53 1f4a1f53 1f501f53
1747520 1f501f4f 1f531f4d 1f4f1f50 1f571f51
1747540 1f4e1f54 1f561f53 1f561f53 1f501f5a
1747560 1f4e1f4c 1f551f55 1f531f52 1f511f53
1747600 1f511f55 1f591f5a 1f5a1f5a 1f4e1f52
1747620 1f491f47 1f471f4b 1f4f1f4d 1f541f57
1747640 1f501f4d 1f4b1f4c 1f501f5c 1f531f4e
1747660 1f521f52 1f4e1f55 1f4c1f48 1f461f47
1747700 1f491f4b 1f4f1f4f 1f4b1f49 1f4c1f47
1747720 1f4c1f51 1f4a1f4c 1f491f50 1f451f45
1747740 1f4b1f4a 1f531f4f 1f4d1f50 1f581f50
1747760 1f591f54 1f4e1f51 1f4c1f47 1f471f49
1750000 1f4a1f51 1f521f4e 1f551f52 1f4b1f52
1750020 1f4a1f45 1f4b1f49 1f591f4d 1f511f52
1750040 1f4e1f51 1f4e1f4d 1f4d1f51 1f4d1f4e
1750060 1f561f4c 1f531f50 1f4c1f49 1f471f4d
1750100 1f511f4c 1f511f4b 1f541f56 1f451f4e
1750120 1f511f51 1f501f4e 1f541f52 1f561f54
1750140 1f4d1f4c 1f511f51 1f4b1f48 1f501f4d
1750160 1f551f4e 1f531f55 1f541f58 1f551f56
1750200 1f5b1f52 1f561f5d 1f561f55 1f521f55
1750220 1f561f4d 1f541f52 1f571f5a 1f521f56
1750240 1f511f5a 1f561f57 1f531f54 1f531f51
1750260 1f571f57 1f5a1f5e 1f591f5a 1f5e1f56
1750300 1f621f5b 1f5f1f64 1f661f62 1f6a1f69
1750320 1f681f65 1f631f65 1f621f6a 1f661f64
1750340 1f651f68 1f611f66 1f5a1f5f 1f611f5d
1750360 1f6a1f61 1f631f6c 1f6f1f6c 1f681f76
1750400 1f711f72 1f6b1f6f 1f721f71 1f701f70
1750420 1f6c1f6d 1f671f6f 1f691f77 1f691f6a
1750440 1f711f66 1f781f73 1f761f80 1f791f7c
1750460 1f7e1f7c 1f7e1f82 1f7b1f7d 1f7a1f78
1750500 1f811f80 1f831f82 1f861f82 1f7f1f80
1750520 1f7c1f7a 1f7e1f87 1f7e1f7a 1f761f76
1750540 1f7b1f73 1f811f80 1f7e1f83 1f7f1f80
1750560 1f891f7f 1f8a1f80 1f911f93 1f901f90
1750600 1f891f8b 1f951f94 1f941f8f 1f8e1f94
1750620 1f8a1f92 1f891f94 1f991f90 1f961f97
1750640 1fa21f98 1f941f9a 1f981f96 1f981f97
1750660 1f9d1f9e 1f9d1fa4 1f981fa7 1fa31fa1
1750700 1fa81fa2 1fa51fa8 1fa51fa6 1fac1fa9
1750720 1fae1fa9 1faf1fa9 1fb21fae 1fb71fb4
1750740 1fa71fb4 1fae1fae 1fb21fb0 1fb91fb6
1750760 1fb11fb6 1fb21fb4 1fb01fae 1fb21faf
1751000 1fb21fb0 1faf1fb4 1fb01fac 1fb51fb3
1751020 1fb91fb8 1fbd1fbc 1fbd1fba 1fb91fbb
1751040 1fc31fbd 1fc21fbf 1fbe1fc4 1fc31fc2
1751060 1fc71fc8 1fc61fc4 1fcd1fc6 1fcb1fd2
1751100 1fca1fc8 1fcf1fd3 1fc71fca 1fc71fca
1751120 1fc41fc9 1fcb1fc9 1fc91fcd 1fd41fcc
1751140 1fd71fd3 1fd21fd7 1fd01fd7 1fd21fd3
1751160 1fd71fd1 1fd21fcd 1fcf1fcb 1fce1fcc
1751200 1fd91fd3 1fd51fce 1fd81fd4 1fdb1fd8
1751220 1fd21fd5 1fd11fd7 1fd21fdb 1fda1fd4
1751240 1fdd1fdb 1fdf1fdb 1fde1fe5 1fe01fdf
1751260 1fe21fe0 1fe41fe0 1fe11fe4 1fe31fe4
1751300 1fe91fe2 1fe61fe2 1fe51fef 1fe21fe8
1751320 1feb1fe3 1fe51fe8 1fe41feb 1fe71fe4
1751340 1fe71fe7 1ff21ff9 1fef1fec 1ff01fec
1751360 1ff01feb 1fec1ff6 1fee1ff4 1fee1fef
1751400 1fef1ff0 1fec1fe8 1fea1fea 1fee1fef
1751420 1fe91ff4 1ff61fef 1ff61ff4 1fec1fef
1751440 1ff51ff0 1ff21fee 1ff21ff1 1ff21fef
1751460 1ff21fed 1ffd1ffb 1ff41ffa 1ff51ff7
1751500 1ff81fee 1ff21ffe 1ffd1ff8 1ff91ffb
1751520 1ff91ffe 1ffc1ff9 1ff51ff0 1ffe1fff
1751540 1ff41ff9 1ffb1ff6 1ff71ffc 1ff61ff8
1751560 1ffb1ffc 20041ff8 1ffc1ffa 1ff51ff6
1751600 1ff71fff 1ff92004 1ff81ffa 20061ff8
1751620 1ff81ffb 1ffd1ffc 20012004 1ffc1ffd
1751640 20001ff9 20011ff1 1ffd2003 20012009
1751660 1ffe2000 1ffa1ffe 1ff21ff8 1ff51ff7
1751700 1ff71ff4 1ff71ff9 1ffd1ffa 1ffa1ff8
1751720 1ff51ffb 1ff31ffc 20012002 1ffc1ffe
1751740 1ff71ff9 1fff1ff6 1ffe1ff9 1ff52000
1751760 1ffd1ff1 1ff61ffc 1ff11ff7 1fec1ff2
1752000 1ff21ff4 1ff61ff1 1ff41ff6 1ff31ff3
1752020 1ffb1ff5 1ff51ff3 1ffc1ff2 1ff51ff7
1752040 1ff31ff7 1ff41ff6 1fec1ff3 1ff41fee
1752060 1fe71fee 1feb1fea 1ff01fee 1fef1ff4
1752100 1fea1feb 1fec1fee 1fec1fec 1fec1fea
1752120 1ff21ff1 1ff21fef 1fea1fec 1fe11feb
1752140 1fe81fe6 1feb1feb 1fed1fed 1fea1feb
1752160 1fe41fe3 1fef1fec 1fe71fe3 1fe91fdc
1752200 1fe81fe3 1fe81fe2 1fed1ff2 1fe41fe9
1752220 1fe31fe3 1fdf1fe5 1fe51fdf 1fe51fe2
1752240 1fe21fe5 1fe51fe5 1fe21fe3 1fe41fe3
1752260 1fe31fe9 1fdb1fdb 1fe71fe1 1fe81fe0
1752300 1fe61feb 1fe41fe3 1fe11fe1 1fe31fda
1752320 1fe21fe6 1fdd1fe1 1fde1fe6 1fdc1fe0
1752340 1fe31fe0 1fdf1fe7 1fdd1fe0 1fde1fe1
1752360 1fe01fdd 1fe11fe2 1fe01fe5 1fe11fe5
1752400 1fdc1fe4 1fdb1fd8 1fde1fdb 1fdf1fdb
1752420 1fe01fe3 1fd71fda 1fdc1fe2 1fe51fdb
1752440 1fdb1fdf 1fe01fdc 1fdb1fdd 1fd61fdb
1752460 1fda1fd8 1fe11fdf 1fdd1fe3 1fe51fde
1752500 1fe61fe4 1fe51fe5 1fdc1fde 1fdd1fda
1752520 1fe01fde 1fde1fe4 1fe21fdd 1fde1fdd
1752540 1fe41fe1 1fe31fde 1fe31fe5 1fea1fe5
1752560 1fe71fe8 1fe31fee 1fed1feb 1fe91fec
1752600 1fed1fea 1fe81fe9 1fe91fef 1feb1ff4
1752620 1ff01fe9 1fef1fed 1ff31ff4 1ffc1ffd
1752640 1ff61ffb 1ff91ffa 1ffb1ff3 1ff11ff1
1752660 1ff51ff2 1ff91ff7 1ff91ff5 1ffd1ff5
1752700 1ff81ff6 1ffe1ffb 20062004 200a2003
1752720 20042007 1ffd2003 1ffd1ffb 1ffa1ffc
1752740 1fff2001 1ffd1fff 20002000 200d200a
1752760 2011200b 200c200f 200f2008 200d2012
1753000 200b2007 200a2007 20062003 200d2005
1753020 200e2009 20082005 200b200a 2013200f
1753040 200c200b 20132013 20162016 20182011
1753060 2014201c 20152014 2016201a 201b2015
1753100 2019201d 20172016 20192012 201e2019
1753120 201d201a 20212022 201f2022 20232025
1753140 20222022 201c2022 201f201c 201e201f
1753160 20242023 202b2023 202d202f 20272026
1753200 20222023 202e2026 20202028 202e202c
1753220 2034203b 20392035 202e2033 2033202c
1753240 20332031 20342033 202e202e 203c2030
1753260 2036203a 203b203a 20362037 2043203d
1753300 203c203b 203c2040 2036203f 2044203f
1753320 203e2048 20402047 2040203d 203e2041
1753340 2044203f 2044203f 2047203f 2049204d
1753360 204e204d 204d204c 204f2048 2050204b
1753400 204b2045 204b2047 2050204a 20492048
1753420 204f204b 2050204f 20512052 20542056
1753440 20562052 20592058 20522053 20582052
1753460 20592057 205d2059 205f2059 2053205a
1753500 205b2053 205e205a 205e2061 20662060
1753520 205a2059 205b2058 20592062 2062205e
1753540 20602060 2064205b 20592061 2061205a
1753560 20662067 2061205f 206c2069 2060206e
1753600 206a2068 206d206f 20792069 20702071
1753620 2070206d 2072206c 20772079 20792073
1753640 20722076 20772075 20762075 20712074
1753660 20732070 20742072 207a2075 2072207d
1753700 20782079 207d207a 20702073 20762076
1753720 2072207e 20792072 207b207a 2079207b
1753740 20772077 2077207d 20792078 2078207c
1753760 20782079 207b207b 207d207f 207d2085
1754000 207d207d 20722080 20772084 20792076
1754020 2088207d 207e207d 207c2081 20772083
1754040 20792075 207d207e 207b207d 20802087
1754060 2084208b 20822081 2079207c 2084207c
1754100 207f2083 2081207e 207d207a 207a207b
1754120 2084207c 207d2084 207b207b 207e207c
1754140 2083207f 207f207d 207e207e 2079207f
1754160 20832082 20802081 20762079 20702078
1754200 20722075 2074207d 20772076 207a2071
1754220 2075207d 20732079 2082207e 207f207d
1754240 207c2077 20752074 207b2072 20682078
1754260 2079206c 20732078 206f2074 206d2071
1754300 206c2071 206a206c 206c2068 206b206e
1754320 206d206e 206e206d 2074206f 2073206d
1754340 206e206b 206f206e 206c206c 206d206f
1754360 20732071 20692068 20672068 2069206a
1754400 206b2069 20642066 20622066 20642060
1754420 20662067 20682064 20602062 20652064
1754440 20612066 20542059 205d205e 20672060
1754460 206c2068 205d2063 2067206b 20692068
1754500 20612063 20642067 205a2067 20692066
1754520 20702061 206d206c 20642063 205a2069
1754540 2060205f 205f2060 2060205b 205d205b
1754560 205b205f 20572060 205f2060 205e205a
1754600 20592060 20522051 20532054 20522054
1754620 205a205b 20572058 2063205a 2065205e
1754640 205b205b 205a205c 2058205d 204e2054
1754660 20592055 2057205b 205d2055 205d2060
1754700 2054205c 20582054 205b205e 205b205b
1754720 20532058 20582058 205a205e 20542056
1754740 20622057 2056205e 205a2058 20542059
1754760 2053204e 2059204b 20612059 20562058
1755000 205c205d 205a205d 205b2054 20592059
1755020 20572059 2058205d 205b205d 205d2058
1755040 20542051 20582054 20592058 20502057
1755060 20602057 2062205f 205d205f 205e2061
1755100 205d2059 205b205c 2057205b 20582052
1755120 20592064 205b205a 2063205f 20692067
1755140 20642062 20682068 20632060 205d205b
1755160 205f205b 20672067 206b2066 20632066
1755200 20642060 2058205d 20582060 2061205c
1755220 20692062 206d2067 206d2069 20632062
1755240 2067206e 205c2061 20742065 2064206b
1755260 2067206d 20742074 20712071 2072206d
1755300 206a206d 2066206b 206f2069 206d2068
1755320 20732068 2077206d 207d2076 2078207f
1755340 207b2079 20782074 206d2077 206f2071
1755360 207e207e 207e207c 2080207f 207f207b
1755400 2079207b 207f207e 20802080 2084207e
1755420 20832086 20812083 20842085 2080207f
1755440 20862080 20812087 20872089 2088208a
1755460 2086208c 208d2088 20892088 20872088
1755500 20922088 2083208b 20972084 208b2094
1755520 208c208f 208f2091 2098208e 20952091
1755540 208f2092 20982094 20972097 209c2098
1755560 20952098 209a209c 209820a0 20a020a0
1755600 209b20a0 20a2209c 209a209d 209f209d
1755620 20a620a7 20a920ae 20aa20a7 20a1209f
1755640 20a0209e 20a420a3 20b220a7 20ad20aa
1755660 20b120b6 20a620ac 20aa20ab 209e20a3
1755700 20b420aa 20a920aa 20ac20b0 20a620ad
1755720 20b320ac 20b020aa 20b220b0 20ab20b2
1755740 20ab20af 20ae20af 20be20ae 20bd20b2
1755760 20b920b0 20be20b7 20b820b8 20ba20bb
1756000 20b820ba 20bc20bd 20bc20b4 20c320b8
1756020 20bf20bb 20be20bd 20c120bd 20c220c6
1756040 20c420bd 20c220c7 20c620c3 20c020ca
1756060 20cb20ca 20cc20c9 20cb20c8 20c720cb
1756100 20bf20c7 20c920c7 20d220cd 20d120cc
1756120 20d820cd 20cd20cf 20d220d2 20cb20d3
1756140 20d020d2 20d720cd 20cb20d0 20d120ca
1756160 20cb20d5 20ce20ce 20d120cd 20d820d7
1756200 20de20da 20d320d5 20d620cf 20d720db
1756220 20d120d7 20d920d8 20d620d4 20d720db
1756240 20d920d4 20e520d7 20dd20dc 20e120d9
1756260 20da20db 20d820df 20d920d7 20de20e4
1756300 20e920e0 20e320e4 20da20da 20dd20db
1756320 20dd20df 20dd20e1 20e020dc 20e420df
1756340 20db20de 20dd20dd 20e320e0 20e720de
1756360 20e020e0 20e020dd 20e120dc 20d920df
1756400 20de20e1 20d620db 20d420d6 20de20d6
1756420 20e020db 20dd20de 20dc20dd 20dc20e0
1756440 20d720db 20dc20d6 20d720db 20dc20d8
1756460 20ce20d2 20da20d6 20d420d7 20da20d0
1756500 20db20d1 20da20da 20da20db 20d920d8
1756520 20de20d8 20d320d0 20cd20d1 20d320d4
1756540 20d820ce 20da20d1 20d820d9 20d220d1
1756560 20cc20d0 20d020cf 20d620ce 20d320d5
1756600 20dc20db 20d820db 20d920d4 20d720d1
1756620 20ce20d0 20d220d2 20db20de 20d020cf
1756640 20cc20d1 20cc20d2 20d620d4 20d620d6
1756660 20d120ce 20cc20cc 20c820c7 20c820c7
1756700 20ce20c5 20c820ce 20d120cd 20ca20cc
1756720 20c920cf 20d020ce 20cd20c9 20d320d0
1756740 20ca20cd 20ce20c9 20d220ce 20c120cc
1756760 20c420c4 20c220c5 20c520c9 20c920c7
1757000 20ca20cd 20cc20ca 20c520ca 20c520c2
1757020 20ca20c8 20c720c5 20c620c5 20be20c0
1757040 20bf20c2 20c120be 20c620c7 20c420c6
1757060 20c220c4 20bf20c6 20c120c2 20bf20b7
1757100 20c120ba 20bc20b9 20bc20c4 20bb20be
1757120 20b920b5 20b820af 20bc20b6 20c220bc
1757140 20bc20c0 20c020bf 20bf20ba 20bd20c2
1757160 20b720c0 20b820bb 20b720bb 20c220ba
1757200 20bd20ba 20c320c0 20ba20b9 20bc20ba
1757220 20be20bb 20c620c6 20c520ca 20be20c4
1757240 20c520c3 20ca20c4 20c720c4 20c420cc
1757260 20c520ca 20c120c9 20c320bc 20c120bc
1757300 20c820c2 20c420c5 20c920c5 20c620c0
1757320 20c120cb 20c220c7 20c720c5 20c220c1
1757340 20c320c2 20bf20bf 20c120c4 20c520c3
1757360 20cc20c3 20cd20c0 20ce20c9 20c920c9
1757400 20cf20c9 20ce20cd 20d020c6 20cc20cc
1757420 20cc20d0 20cc20d0 20d020c9 20d620c9
1757440 20c720d9 20ce20cb 20ce20cf 20d220ce
1757460 20c820ce 20cc20c8 20d220ce 20cc20d0
1757500 20d520d4 20d320d3 20c820cf 20cd20cb
1757520 20d420d3 20d920cf 20d320cf 20ce20d1
1757540 20cf20cf 20de20d6 20dc20d7 20db20e0
1757560 20d720d7 20d320d6 20da20d7 20dc20d9
1757600 20db20d8 20da20d8 20dd20de 20dc20e1
1757620 20da20dd 20e220db 20e020e3 20d720de
1757640 20dc20da 20e020de 20e220df 20da20e1
1757660 20dc20da 20e520dd 20ee20ec 20f020ed
1757700 20eb20e4 20db20e2 20db20e0 20e220df
1757720 20e220e2 20e920e7 20ee20eb 20eb20ec
1757740 20ee20ed 20ed20ed 20ed20ea 20f520f1
1757760 20f120f6 20f920f5 210220fb 20f120f3
1760000 20ed20f8 20f020ed 20f320ef 20f320e9
1760020 20f120f2 20e920e8 20f520f5 20f120f5
1760040 20fa20f5 20f720fa 20ea20f6 20fa20f9
1760060 20f720f5 20f920f6 210120f8 20fa20f8
1760100 20f72100 20fc20fb 20fb20fe 20f620fb
1760120 20fb20f7 20fe20fe 21092101 21042103
1760140 21012100 20ff20fd 210e2103 2100210b
1760160 210a2102 2104210c 210a2102 210a210c
1760200 210f210a 2114210f 21172115 21172119
1760220 2113211a 21142115 2118210e 21142116
1760240 210d2115 21152110 21142110 21162111
1760260 21122116 21122110 211a211c 211b211d
1760300 211e211e 211a211c 2119211d 211c211f
1760320 211e211c b01004a8 00000f90 0001000a
1760340 00010000 03b1602c 00000ffc 0001000a
1760360 1400003c add01f00 add01f01 add01f02
1760400 add01f03 add01f04 add01f05 add01f06
1760420 add01f07 add01f08 add01f09 add01f0a
1760440 add01f0b add01f0c add01f0d add01f0e
1760460 add01f0f add01f10 add01f11 add01f12
1760500 add01f13 add01f14 add01f15 add01f16
1760520 add01f17 add01f18 add01f19 add01f1a
1760540 add01f1b add01f1c add01f1d add01f1e
1760560 ff000134 00000020 00000002 b8f6da3c
1760600 00000001 deadbeef f0000002 b8f6da28
1760620 3f04815b 00000000 00000134 00001f48
1760640 a01104a9 21df210f 21d321d9 21d121dc
1760660 21e221df 21d921df 21e121dc 21d921da
1760700 21e121d7 21df21e0 21e321de 21dc21dd
1760720 21dc21e1 21df21e0 21e121e4 21e221da
1760740 21e221df 21dc21de 21e121dc 21e121e4
1760760 21e621e3 21e021de 21de21e2 21e221d9
1761000 21e421e3 21e421e3 21e021df 21de21e7
1761020 21d721ec 21e721df 21e721e5 21eb21e0
1761040 21e921e8 21e921ea 21e921e8 21ea21e5
1761060 21ee21ec 21ea21e8 21ed21ea 21ec21eb
1761100 21ea21ea 21ea21ee 21e721eb 21e721eb
1761120 21ef21e8 21f221f1 21f221f2 21f621f9
1761140 22012200 21fa21fb 21fa21f4 21f721f9
1761160 21f121ef 21f521f5 21f221f4 21f021eb
1761200 21f321f2 21f821f9 21fa21f6 21f121f0
1761220 21f521ef 21f421f1 21f021eb 21f321fc
1761240 21f821f4 220021f9 21fc2200 21f621fc
1761260 21ff21ff 220221fd 21f42202 220021fc
1761300 21fe2207 21fc21fe 22022200 21fd21fe
1761320 21e72202 21122184 207820bc 202a204b
1761340 201d201f 20072012 20112006 2007200e
1761360 2015200e 200f200f 2008200f 2006200b
1761400 200a200c 200c200a 2014200e 20102011
1761420 200a200d 200b2017 200f200f 200f200d
1761440 2007200f 200f200c 200d2016 200f2015
1761460 20192011 20182013 20112015 20172017
1761500 201c2011 20142019 200d2014 20152018
1761520 20132011 2011200f 200f2013 201e2019
1761540 200d2015 2021201a 20142019 20162013
1761560 201e201d 2018201d 201d201c 201b201d
1761600 2021201d 201a2016 20142017 2016201a
1761620 20162013 20162013 2015201f 2019201b
1761640 2018201a 20152012 20152015 20102014
1761660 20142013 20222017 201e201d 2023201a
1761700 20292023 20252025 20222026 2020201f
1761720 2023201c 201f2023 2022201c 2019201b
1761740 201f2017 2024201c 201d2026 2018201d
1761760 2025201b 20202020 2023201e 20292026
1762000 20152024 201a201b 201a201f 201f201e
1762020 20222028 201c2025 201d2023 201f2021
1762040 201d2020 201f201f 2023201d 201f2026
1762060 20242029 2023201e 20232023 2023201f
1762100 20262021 20252029 20322029 20202026
1762120 20262024 20212026 20252029 20272029
1762140 202a202d 202a202e 20262028 201f2026
1762160 202b2029 20252028 202a2028 202d2021
1762200 20242025 2026201e 201c2028 2019201b
1762220 201c201d 2020201d 2029201e 20272029
1762240 201f2023 2018201d 20222023 2022201a
1762260 20202025 201a201b 20232025 2023202b
1762300 2020201f 20242027 201a2022 201f2021
1762320 2023201f 20202018 20232026 2024201c
1762340 2020201e 201d201c 20282023 20242022
1762360 20292024 202a2021 2015201d 2022201d
1762400 2025201d 2027201f 20282025 202b2027
1762420 2023201e 20262022 201f2020 2021201d
1762440 201d2020 201c2017 20172016 2018201a
1762460 2014201d 201d2016 20132018 20162012
1762500 20112018 201b2016 201d2013 20182017
1762520 201b2017 20142018 2013201c 2018201b
1762540 20192018 2013201a 201b2017 201d2017
1762560 201b201e 201b201c 20162015 20182017
1762600 2014201c 20162015 20122016 2007200b
1762620 20102016 20122014 20152014 201e2014
1762640 20232015 201c201b 201f2017 20152016
1762660 20152018 20192016 20142017 20162016
1762700 20172018 201c2016 201d201c 201d2022
1762720 20242020 201a201d 20192012 201c2014
1762740 2020201b 201d201f 20142022 20182018
1762760 20242024 20162017 2021201f 201a2020
1763000 2029201c 2020202a 2017201d 201e2019
1763020 20272023 20292025 2025202b 2025202b
1763040 20262023 202a202e 20322028 2030202e
1763060 2027202f 2026202c 2028202a 202b2028
1763100 202f202c 2029202a 202a202d 202c202e
1763120 2033202f 20312035 20372037 20342035
1763140 2033203b 20362031 20342035 20342033
1763160 20342034 203b2034 20422036 203d203e
1763200 203c2038 20432041 20412043 204b2045
1763220 203d203e 203a2037 20432046 20492045
1763240 20442046 20442048 20442046 20482046
1763260 204b2049 20482048 2047204e 204e2058
1763300 204b2055 20552052 2055204d 205a2056
1763320 205a205b 205e205e 20572056 20592058
1763340 205d2051 205f2060 2068205d 205f205e
1763360 205c2056 205e2056 2060205f 20672066
1763400 20642061 206c2067 20672065 20632061
1763420 20682064 2070206b 206d2070 206e2071
1763440 206d206f 206d206f 206d2072 20782070
1763460 20722076 2075207e 20822081 20752075
1763500 207a2077 2075206b 2079207a 207d2080
1763520 2084207a 20842088 207b2082 207d207d
1763540 20772083 2082207d 207e2079 20812080
1763560 20852082 208e2083 208c2086 20872088
1763600 2089208d 20842086 208f208a 208b208c
1763620 208f208b 208f208c 20862083 208a2083
1763640 208d208d 20872093 2088208a 20862086
1763660 208a2091 208b2084 208e2089 208e208f
1763700 208b2091 20932090 20932098 20912097
1763720 20892092 2085208e 20882084 20852087
1763740 20932092 20922091 20982097 20902090
1763760 208f2095 208d208e 20902090 20962090
1764000 20912096 20982090 2091208f 2091208c
1764020 20962095 20912098 209a2093 2092208b
1764040 2097208f 20922095 20902091 208b208c
1764060 20882089 208f2082 208d208b 208c208a
1764100 20912094 20912093 20942092 20912094
1764120 20912091 20932094 20992092 208d2092
1764140 2090208c 2090208e 209a2094 2094208f
1764160 20952095 2091208e 20922096 20912094
1764200 209e2098 208c2095 208f208c 20872092
1764220 20972092 209c2095 2096209f 208e2098
1764240 2087208f 20872085 208e208c 208e208d
1764260 20852090 208e208d 2092208c 20932090
1764300 208a208c 20862095 208c208e 208b2086
1764320 20912092 20962092 2099209e 2090208f
1764340 208b208e 20892087 20822081 20862088
1764360 208b208d 20842086 208a2084 20832086
1764400 20822089 2086207f 20862088 20842088
1764420 207e2080 207d2081 207e2086 207f2084
1764440 20842083 207f2085 208e2086 207f2089
1764460 20842083 2081207a 2079207b 2080207f
1764500 2076207c 20762079 207e2076 207b2078
1764520 207d207c 207c2079 20772079 2078207b
1764540 207d207d 207c2077 2077207c 206b2073
1764560 20742078 20742080 207a207b 20722074
1764600 20772073 20792077 20762076 20742077
1764620 206e2070 20752076 2074206f 206d2073
1764640 20722072 2065206c 206e206a 206e206c
1764660 206f206a 2066206c 20612066 20682063
1764700 20682064 206e2067 206a2067 20682060
1764720 206f206d 206c206b 20702078 20772079
1764740 206c2070 2071206d 206a2063 206b206c
1764760 20662066 20652063 20672067 20642066
1765000 20652068 20682064 2071206b 20662069
1765020 20702066 20722064 20662066 20612065
1765040 20672061 20642060 206a2066 20632069
1765060 2068206b 206b206d 20642063 206c2067
1765100 206e206c 20632063 206a2069 2073206c
1765120 2068206a 20672068 206a2067 206c2066
1765140 206d2064 206a206b 20642072 2071206c
1765160 206d2069 206b2066 2067206a 2064206b
1765200 206b2068 20692067 2074206e 20662069
1765220 206a206e 206c2071 20712071 2075206f
1765240 206c2074 206b206d 2072206d 2076206e
1765260 207a2074 20742079 2076207d 207a207e
1765300 207d2078 207c2078 207e207c 2077207d
1765320 207a2079 207c207d 20802081 207c2083
1765340 2080207e 20852088 2085207f 20872086
1765360 20852084 2083207d 20822087 20852088
1765400 20882086 20882086 2086208d 208f208e
1765420 208d2090 20892094 2090208f 208a2092
1765440 20952090 2095209a 209b2094 2092209a
1765460 2093209b 20992096 20a9209e 20a420a3
1765500 20a620a5 209d20a0 209e20a1 20a020a1
1765520 209a2099 209f2098 209e20a3 20a320ab
1765540 20a820a7 20af20ad 20a820a7 20b220ab
1765560 20b420b3 20b120b7 20aa20a7 20ab20aa
1765600 20b520aa 20b320b5 20b620bd 20b520bb
1765620 20ba20bc 20c120c0 20b920c3 20b420ba
1765640 20b920b7 20ba20b9 20b420b4 20b820ba
1765660 20c020bc 20c920c5 20ce20c9 20c720cb
1765700 20d220ce 20c920c9 20ce20ca 20c420c7
1765720 20c520c8 20c520c9 20ca20c7 20d320c6
1765740 20d220cd 20d620d5 20d320d5 20d420d7
1765760 20d920d1 20d320d6 20d620d1 20d120d3
1766000 20d420d0 20d120d1 20d120d2 20d920da
1766020 20db20da 20d420d9 20da20d4 20d920d3
1766040 20da20dc 20e220e1 20e220e4 20e820e6
1766060 20e220ec 20dd20de 20e320e2 20e820e5
1766100 20e720e2 20e520e0 20e620e7 20e820e7
1766120 20e020e9 20df20de 20e720e5 20e620e5
1766140 20f120d8 20ea20f1 20e820f2 20e820f3
1766160 20e820e8 20ea20ea 20ee20eb 20f420ed
1766200 20e620ed 20e120e4 20e320e4 20e520e7
1766220 20e820e3 20ed20ed 20e720e9 20ee20ed
1766240 20eb20ee 20eb20e9 20e920eb 20e420e8
1766260 20f020f1 20ee20f3 20f120ed 20f120ea
1766300 20f220f2 20f120f4 20f520f8 20f120ef
1766320 20ea20ef 20ec20eb 20ef20f5 20eb20e8
1766340 20eb20e8 20e620e9 20e720ea 20ed20ed
1766360 20e820ea 20f520ed 20ec20ea 20eb20ef
1766400 20ea20ef 20ec20ef 20e820dd 20e220e7
1766420 20e120dd 20f520ef 20eb20f2 20e820e3
1766440 20e620df 20ee20e6 20ed20ee 20ea20ec
1766460 20e920e7 20de20eb 20e120e9 20dd20e8
1766500 20e120e4 20e020df 20e320e2 20e820e4
1766520 20dd20e9 20dd20e0 20d920dc 20e520e0
1766540 20dc20df 20de20de 20e620e3 20e720e0
1766560 20e420e2 20e120e1 20e520e7 20e520e8
1766600 20df20e3 20db20d9 20d720dd 20de20dc
1766620 20e120ed 20e120dd 20d520da 20d920db
1766640 20d720d7 20df20d3 20d520d0 20d720e2
1766660 20d520cd 20d720d7 20d420ce 20d620cf
1766700 20d820d8 20d820dc 20d120d5 20cb20d4
1766720 20c720c6 20cb20c7 20c620cd 20ca20ce
1766740 20c820cd 20c220c5 20c320c1 20c520c4
1766760 20bb20c5 20c120c5 20bc20bd 20be20bf
1767000 20bc20c1 20bc20c2 20c020be 20bf20be
1767020 20bc20bd 20bb20c1 20bc20bc 20bb20bd
1767040 20be20ba 20af20b3 20b620bb 20bc20bc
1767060 20bb20be 20be20bf 20b720c0 20b320b8
1767100 20b020b2 20af20ad 20b620aa 20b820b7
1767120 20a420b4 20b520b8 20af20b1 20af20b1
1767140 20ae20ad 20ae20ad 20ab20b2 20a120a7
1767160 20a3209f 20aa20a1 20a620a3 209f20a7
1767200 20a8209e 209e209f 20a020a0 20a320a2
1767220 20a620a8 20a620a3 20a420a2 209f209b
1767240 20a120a5 20a020a1 20a420a2 20ac20a2
1767260 20a620a5 209d20a2 20a620a3 20a620a6
1767300 20a220a8 20a020a2 209920a2 20a020a3
1767320 20aa20a5 20a620ac 20a0209f 209d209f
1767340 20a720ab 20a820a5 209e20a7 20a220a4
1767360 209a209c 20a12097 20a020a2 20a42096
1767400 209920a0 20a12099 20a320a4 209d20a2
1767420 20a320a0 209e20a1 209b209a 209e20a4
1767440 20a120a1 20a320a3 209c20a5 209f20a1
1767460 20a220a7 20a0209f 20a3209d 20a420ac
1767500 20ad20a8 20ac20ac 20b020ae 20af20af
1767520 20ac20b5 20ae20b4 20b120b4 20a920b3
1767540 20b120aa 20a920ad 20a720af 20b720b0
1767560 20b420b9 20b320af 20ae20ac 20a920b3
1767600 20ad20b9 20b520b8 20ba20b3 20b520b5
1767620 20b420b4 20be20b8 20ba20ba 20b820b0
1767640 20b620bc 20bb20b6 20c120c3 20be20ba
1767660 20c820bf 20c220c1 20c920c8 20c320c6
1767700 20ce20c3 20c620c5 20c120c5 20d020c9
1767720 20cd20cc 20cc20c7 20d920ca 20d420cf
1767740 20de20d6 20e120dc 20dc20d9 20e320da
1767760 20e120e3 20e520e7 20e620e3 20da20e5
1770000 20da20d6 20df20de 20de20e3 20df20df
1770020 20dc20e7 20dd20e2 20dd20e0 20eb20e3
1770040 20f320f0 20ef20f0 20eb20e4 20e220ec
1770060 20e620e6 20ed20e8 20ec20e6 20ed20e7
1770100 20f620f6 20f120ec 20f020f1 20f220e9
1770120 20f220ef 20ef20f0 20e120f1 20f820f1
1770140 20fd20f8 20ff20f6 20fb2102 20fa20fc
1770160 20fd2102 21052101 210c20fe 21062106
1770200 210b2109 21032109 210b210c 210d210f
1770220 2109210d 210b210b 210f210d 2109210f
1770240 2107210e 21092105 21062112 210e2113
1770260 2107210a 210f210f 21102110 210f2114
1770300 21112113 21162116 2114210f 211d2121
1770320 211d211a 2120211e 211b211a 211a2117
1770340 211d2117 210e211b 21142116 210d2112
1770360 211c2117 21142116 211a211a 2119211b
1770400 211c2112 2120211c 21292125 21232124
1770420 211f2123 211c211c 2123211b 212e2124
1770440 212b2130 212a212e 21282125 21252123
1770460 21242124 2123211e 211e2124 21222122
1770500 21282127 211d2122 2123211f 21262126
1770520 21252123 21322125 2132212a 212d2132
1770540 2120212b 21272129 21272128 2125212a
1770560 21252125 2124212d 21282124 212b2124
1770600 2124212b 211e211e 212c211e 212a2131
1770620 21302127 212a212b 21242127 212a2125
1770640 21252129 211f2124 2124212b 21262127
1770660 2128212c 21222126 21292126 21282125
1770700 21242123 21222123 21222120 21202120
1770720 21232120 21202125 21202123 21232122
1770740 212a2125 21242120 2122211d 212a2126
1770760 2127211d 21252122 21282129 211f2123
1771000 211b2123 21262121 21222122 211d2122
1771020 2120211c 21272123 212a2126 21292123
1771040 21222122 211c2121 21262120 21272124
1771060 21232117 21212125 211a2121 21162117
1771100 2117211f 211a2118 211a2119 21142117
1771120 21152116 21142115 21152110 21172116
1771140 21132113 21142118 210a210b 2109210a
1771160 21072108 210b2105 21112109 2106210c
1771200 210a210f 21062106 20fa2106 20f82102
1771220 210020fd 210720ff 21042105 20fe2104
1771240 21052106 20fd2100 20ff2101 20f220ff
1771260 20f420f8 210320fc 20f320fc 20f020f1
1771300 20f120f3 20f020f2 20ec20f6 20ed20e8
1771320 20de20ec 20ed20ea 20e320e4 20ec20e4
1771340 20e820eb 20ed20e6 20e620ea 20dd20dd
1771360 20e720e8 20ec20ef 20ee20ee 20f120ee
1771400 20eb20ea 20e520e6 20f020ec 20e720e3
1771420 20e620e6 20e320e7 20ea20ea 20eb20e6
1771440 20e320e5 20e020e4 20dc20e4 20e020dc
1771460 20dc20df 20df20dd 20e320e2 20df20e4
1771500 20e320de 20e020dc 20da20da 20d920d9
1771520 20d920dd 20dd20e5 20e120d7 20e620da
1771540 20df20e0 20de20de 20e120df 20db20df
1771560 20dc20d8 20d720dc 20d920e6 20e420d9
1771600 20de20e1 20e020dc 20dd20dc 20dc20de
1771620 20dc20de 20d920d7 20d920d8 20db20dd
1771640 20de20d6 20df20df 20d520db 20d820d0
1771660 20d920de 20dd20de 20e420de 20e320db
1771700 20db20dc 20d920d8 20df20db 20ec20e5
1771720 20e020e6 20dc20e0 20e120d3 20dc20db
1771740 20dc20e2 20e120de 20e320e0 20e020e1
1771760 20db20e2 20e120e6 20e820e3 20f020e5
1772000 20e620e7 20e020e4 20ea20e1 20e820e8
1772020 20ea20e8 20ea20ea 20ec20e7 20df20e4
1772040 20eb20e5 20e520e4 20f320ee 20ef20ed
1772060 20ee20f3 20ee20ef 20f020eb 20ea20f5
1772100 20e920e5 20f220f0 20f320f8 20f520f7
1772120 20f120f0 20f220ea 20ef20f2 20f520f3
1772140 20f820f6 20f920f5 20fb20fb 20fe2102
1772160 21022105 21022105 21042102 20fb20fc
1772200 21022105 210c210c 21052109 210a2105
1772220 21052108 21072103 210b2103 210e210c
1772240 21102113 2109210d 21082109 210b210d
1772260 2117210a 210e210d 210f210f 211a211a
1772300 21242118 21192118 211e211e 2113211e
1772320 211a211f 210f2116 211a211a 211e211f
1772340 21182121 211e2122 211d2127 211c211a
1772360 21232121 212a2125 212a212f 212e212d
1772400 21322125 2134212f 212f2134 212c2136
1772420 21302131 21392137 21362137 21372136
1772440 21362144 213d2138 2139213f 21372135
1772460 21342134 213e2140 21432139 213f213b
1772500 213f2142 2145213d 214b214b 214b214d
1772520 21482148 21462144 21462148 21452145
1772540 2142214a 213f213e 21442140 2146214d
1772560 21452146 2142214b 2145213e 214a2147
1772600 214b214a 21512154 2148214d 214a2147
1772620 21552154 214e2153 21482149 214a214b
1772640 21562150 21562154 21522158 21502153
1772660 214e2154 214f214a 21532153 2155214c
1772700 214d2155 21512156 21512155 214f214d
1772720 215e2158 21642161 216a216a 215f2162
1772740 21582158 21542152 2159215a 215a2164
1772760 2162215b 21632164 215a215c 21602160
1773000 215c215f 2160215b 215f215d 215f2169
1773020 21652162 21642167 21622158 21642161
1773040 215f2165 2172216a 216a2170 21702165
1773060 216a216b 21692165 216a216c 216c216b
1773100 2167216e 216d216a 21642165 215f2166
1773120 2162216b 21692167 21612171 21672163
1773140 2169216b 215f2168 21642165 21622161
1773160 215f2161 21662161 21692160 216e2164
1773200 2167216a 21632164 21612162 21602160
1773220 21632159 216f216d 216d216e 216c216a
1773240 215e2166 216a2163 216b2162 21672169
1773260 215c2165 215e2160 215c215e 215f215c
1773300 21532159 215a2158 21632158 215f215a
1773320 2167215c 21622166 21692167 21622165
1773340 21602166 2154215a 21592157 21572159
1773360 21502157 215b2150 2155215a 21522150
1773400 214b214d 214e2157 2156214c 21582150
1773420 2155215c 215a2155 214e2154 21452149
1773440 214d2149 214b2149 214e214c 214c214d
1773460 214a2147 2147214a 214c2147 21492149
1773500 21452147 21422144 2138213e 21372139
1773520 21422134 213f2135 2137213a 21362135
1773540 212e2130 2132212f 21342138 213a2132
1773560 213e213d 21362139 213c2136 21352135
1773600 213e2130 21362136 212e2131 212f212b
1773620 2134212c 21352132 213c213a 21302132
1773640 2131212c 21312134 21322131 21362135
1773660 212b2132 212d212f 212c2126 212e212a
1773700 2131212d 2122212a 2128212a 21232127
1773720 212a2129 212b212e 2123212d 21232127
1773740 21262122 212e2127 21262127 212c2122
1773760 2124212d 21232129 211b2126 211b211e
1774000 21292126 212d211f 212a212c 21242122
1774020 211f2120 21282129 21282128 2124212a
1774040 2123211f 211e2122 211f211b 211e2124
1774060 211f2122 21262125 2124211c 21262129
1774100 21232122 21232125 21222122 211f2122
1774120 21222123 21252126 21242122 21252121
1774140 211c211d 211b211b 211f2124 211e211a
1774160 21202119 21242123 212d212a 212e2132
1774200 2130212c 21272122 21272128 2128212e
1774220 2128212b 2123212a 212a2122 21272128
1774240 2129212e 212c212a 212d212d 21372130
1774260 21332134 21312136 212a212c 21262127
1774300 2138212b 21332132 2130212f 2139213e
1774320 213a213b 2142213d 213e2147 2133213a
1774340 21382133 213f2142 213f213d 2139213a
1774360 2140213f 2141213f 2143213e 2142213e
1774400 21432140 21382143 2141213f 21432143
1774420 21432142 2140213c 213f213d 21452146
1774440 21462147 2154214e 214a214d 2149214f
1774460 214a2151 21492149 214b2148 214a2147
1774500 21452142 214b2139 214b214c 214e214a
1774520 214e215c 21592155 21512158 21522154
1774540 21542152 21552159 2151215e 2160215d
1774560 215c2159 215a215a 215a2155 2159215d
1774600 215e2157 21612160 215e2163 215f2162
1774620 215d2165 215f2165 216c215e 21692161
1774640 216b2168 21692167 21622168 21662166
1774660 21682166 21692170 216c216b 2172216d
1774700 21742171 217c216d 216e2179 216c216f
1774720 216f216d 21772175 21742179 21752174
1774740 216c216c 21722174 216e217e 216f216b
1774760 21712173 21712175 2174217b 217e2178
1775000 217c2177 21812181 217b217f 21852180
1775020 2180217d 2179217a 217a2177 21832188
1775040 21842185 2181217e 21802185 217f217c
1775060 218a2184 218c218d 21822187 21852186
1775100 21882189 21842186 2187218b 218e218e
1775120 2186218a 2183217e 2184217e 21892185
1775140 2198218b 21972192 218f2190 21822188
1775160 21872189 218a2184 2189218b 218f2189
1775200 218c218c 218b218d 21932192 219d218a
1775220 218a219b 218b218c 2186218b 218a218b
1775240 218f2180 218e218d 218e2190 218c2192
1775260 218f218b 21902192 21902190 21922191
1775300 21962197 2191219a 21972192 218f2191
1775320 218d2191 2193219a 21992197 21992198
1775340 21962194 2199219b 21982194 21972196
1775360 219a2192 218f2196 218d218c 21952191
1775400 21902193 219d2197 21972198 218d218f
1775420 218c218d 218f218e 21962194 219a2198
1775440 21992197 21922195 21942192 21942198
1775460 21942199 218b2189 21942191 218e218c
1775500 219f2197 21982195 219a2193 218c219d
1775520 218d218e 2190218c 218d2184 218c2190
1775540 218b218c 21872189 218c218e 218c218a
1775560 217b2188 2187218c 21892184 2193218b
1775600 218a218c 2184218b 2180218d 2182217e
1775620 217f217e 21852186 2184218b 218a218c
1775640 2194218b 21842187 217e2183 21802188
1775660 217a2182 217d2178 217c2178 21752181
1775700 21832182 217e218a 21752178 217a2175
1775720 2182217a 2181217e 21722182 2179216d
1775740 217d2182 2185217f 21772182 2177217e
1775760 217a2178 21792176 2178217b 216e2176
1776000 21712174 21732170 216d2174 2163216c
1776020 216e216a 216e2172 216b2169 21722165
1776040 2171216b 216e216f 216e2170 21782173
1776060 21752170 21682173 216a216a 21682170
1776100 216a216a 21702171 216f216f 216b2174
1776120 21692170 216d216d 216b216e 2164216e
1776140 21652161 21612161 21672167 216b2170
1776160 2164216f 2167216c 21602169 21622166
1776200 216d216b 21602165 21692160 21672163
1776220 21682169 216a2165 2165215c 21662166
1776240 2167216f 216e216a 21642167 216a216f
1776260 215e2161 2166215f 216b2162 21662168
1776300 216c2162 21632168 21642164 21662163
1776320 21602160 2161215e 21672163 21682167
1776340 2172216c 2171216c 2166216f 21662166
1776360 2169216e 2168216e 21662169 2169216c
1776400 2164216d 216c2167 21612170 21632160
1776420 21612162 21632168 216d2166 216f216a
1776440 2176216d 216b216a 2168215f 216b216b
1776460 21772173 21772176 216c2172 2163216e
1776500 21682166 2171216e 216b216f 2169216e
1776520 216e216d 21712173 216c2171 2173216e
1776540 216b216d 216f2170 216a2174 21722172
1776560 216e216d 21722173 21752175 21722173
1776600 216f2174 2169216e 2174216b 21752177
1776620 216e2176 21772170 2172216d 21742179
1776640 21742175 21772181 2181217c 217b2176
1776660 21752178 21812182 217f2183 2184217b
1776700 217b217d 216f2176 21882177 21812180
1776720 2185217f 21832187 2181217f 21802185
1776740 21822181 21892184 218c218c 21882188
1776760 2188218a 2189218c 218e218c 2193218b
1777000 218e2190 21822186 218a218f 21892188
1777020 21892187 21842192 2188218a 21832187
1777040 218e2187 21952190 218a218e 218c218b
1777060 218e218a 218a2190 218a2186 2191218e
1777100 21902195 218d218e 218b218b 218f218f
1777120 21982193 21992198 218e2197 2193218f
1777140 219a2191 218d2196 219a219a 219721a3
1777160 219b2195 2198219f 2196218f 21972191
1777200 2199219e 219b219d 21a421a6 219c21a2
1777220 219821a2 219c21a3 21a02198 219a219a
1777240 219c2197 219b219d 219b219e 21a1219d
1777260 21a0219b 2196219b 2197219d 21962193
1777300 2191218e 219a2190 21a1219b 2196219b
1777320 21a0219e 219a219a 21a121a0 219e219f
1777340 219f21a2 21a121a3 21a021a6 21a921a6
1777360 21a821a9 21aa21aa 21a721ad 21a221a2
1777400 21a4219f 21a521a2 21a921a8 21a021a4
1777420 219e219e 21ac21a5 21a821a0 21ab21ac
1777440 21ab21a6 21a521a4 21a521a7 21a221a2
1777460 21a821a1 21a721a4 21ad21a6 21af21af
1777500 21a821ad 21a121a8 21a221a1 21a321a5
1777520 21aa21a1 21aa21ad 21ac21a2 21ab21a6
1777540 21b021ac 21aa21a9 21ab21a8 21a021a6
1777560 21ab21a5 21a821a5 21a0219d 21a221a4
1777600 219e21a3 21a4219a 2198219e 21a521a0
1777620 21a621a4 21a521a8 21aa21aa 21ad21b0
1777640 21ad21a9 21a021a7 21a221a5 21a421a2
1777660 21a2219d 21a8219e 21a021a3 21a621a0
1777700 21a721ac 21a921a6 21a921a0 21a621a5
1777720 21a321aa 219f21a7 219c21a1 21a0219d
1777740 21a221a3 21ad21af 21a321a2 21a121a2
1777760 21a4219c 219f21a0 21a421a9 219d21a4
2000000 00003fe8 0001000a 01013fe8 000afe46
2000020 00000005 00000000 63e50c70 000001c2
2000040 00000001 00001004 00003fe8 00000000
2000060 00000074 0001000a 21a121a1 219c219c
2000100 21a12196 219c219f 2198219e 2195219b
2000120 2197219c 219b2196 219f219a 21a321a4
2000140 21a221a0 21a2219c 219b219d 2199219f
2000160 219b219e 219721a0 21982198 219b219a
2000200 21962191 21982194 219b219b 21932196
2000220 2192219a 219a2196 2193219b 21942188
2000240 21942193 219e2190 2197219c 219e2197
2000260 219a2199 219b2198 219f219e 21952194
2000300 21952199 2199219b 21912190 218e2191
2000320 21852188 21892185 218a2188 21892187
2000340 21882184 218d218c 21902190 21892189
2000360 218f2185 218b2188 2189218c 2188218e
2000400 21872188 218b2192 218b218a 218a2185
2000420 218a218d 21892191 218d218d b01104a9
2000440 00001004 0001000a 00010000 03b1602d
2000460 00000ffc 0001000a 1400003c add01f00
2000500 add01f01 add01f02 add01f03 add01f04
2000520 add01f05 add01f06 add01f07 add01f08
2000540 add01f09 add01f0a add01f0b add01f0c
2000560 add01f0d add01f0e add01f0f add01f10
2000600 add01f11 add01f12 add01f13 add01f14
2000620 add01f15 add01f16 add01f17 add01f18
2000640 add01f19 add01f1a add01f1b add01f1c
2000660 add01f1d add01f1e ff000134 00000020
2000700 00000002 b907a118 00000001 deadbeef
2000720 f0000002 b907a104 220b395e 00000000
2000740 00000134 00001f48 a01004aa 21c8218d
2000760 21c721c6 21c521bf 21bf21c3 21b621c3
2001000 21bc21ba 21c221bd 21b821c0 21bd21c0
2001020 21be21c0 21c121c4 21c321c0 21c521ba
2001040 21be21c2 21bb21be 21c521c0 21cb21c4
2001060 21c321c5 21c021c0 21bb21c6 21bb21b9
2001100 21c221c2 21b621b8 21b421b7 21b221b9
2001120 21bf21b7 21b221bb 21b321ae 21bd21c0
2001140 21bd21c2 21bf21ba 21bd21c3 21c321bd
2001160 21c421c7 21c421c3 21c621c2 21c521bd
2001200 21bc21b9 21b721be 21ba21bd 21c421c6
2001220 21c721c6 21c621c0 21be21c0 21b121bd
2001240 21be21b4 21c221bf 21c221bf 21c821c4
2001260 21c621c5 21c121cb 21c121ba 21c321c0
2001300 21bd21bc 21bc21bd 21c421c3 21c521c3
2001320 21c321c3 21cf21c7 21cf21ca 21c821cd
2001340 21d321cf 21cf21d7 21d621d2 21d421d2
2001360 21d221d7 21d321cc 21cf21cf 21d821da
2001400 21d521d5 21d421d9 21da21d7 21dc21d7
2001420 21d821d9 21d921d8 213721e2 1f4b2037
2001440 1e061e90 1d6e1da7 1d3a1d4d 1d2c1d35
2001460 1d2e1d29 1d261d27 1d271d2b 1d261d2a
2001500 1d241d28 1d291d27 1d2e1d25 1d271d30
2001520 1d271d2a 1d1f1d28 1d2c1d25 1d2c1d28
2001540 1d2e1d27 1d351d2e 1d2e1d30 1d351d2d
2001560 1d351d38 1d391d3e 1d361d2e 1d301d34
2001600 1d3b1d30 1d381d32 1d431d39 1d3a1d3b
2001620 1d3d1d3e 1d3b1d3e 1d411d46 1d471d47
2001640 1d3e1d42 1d461d45 1d4a1d47 1d471d49
2001660 1d4c1d4b 1d4f1d53 1d4e1d59 1d501d4b
2001700 1d591d56 1d581d59 1d621d61 1d5a1d65
2001720 1d591d58 1d5d1d58 1d5e1d5b 1d631d5d
2001740 1d641d6b 1d641d64 1d641d56 1d6b1d67
2001760 1d641d69 1d651d6c 1d681d67 1d6c1d67
2002000 1d6d1d68 1d6b1d69 1d731d6f 1d7f1d74
2002020 1d7a1d77 1d7b1d75 1d7b1d7c 1d781d7e
2002040 1d811d77 1d761d75 1d841d80 1d7e1d83
2002060 1d841d84 1d831d84 1d841d80 1d801d86
2002100 1d861d85 1d8d1d8d 1d921d8c 1d8c1d8d
2002120 1d8a1d8c 1d891d86 1d8c1d87 1d841d81
2002140 1d851d81 1d8b1d86 1d911d8a 1d8f1d92
2002160 1d8d1d8e 1d991d8d 1d9a1d9e 1d901d96
2002200 1d931d8d 1d931d97 1d9b1d96 1d971d9b
2002220 1d971d9b 1d981d9e 1d981d93 1d971d91
2002240 1d981d96 1d9c1d9a 1d991d9b 1da11d99
2002260 1da21d97 1d9d1d9c 1d9a1d9f 1d9d1d97
2002300 1d9e1da1 1d9f1da1 1da51daa 1d9b1da9
2002320 1d9c1da3 1d9b1d99 1da71d9e 1da61da5
2002340 1da11da7 1da61da6 1da41d9f 1dab1da7
2002360 1dae1da5 1da91dac 1daa1dac 1dab1da5
2002400 1db21dad 1db11db3 1db01dae 1dad1dac
2002420 1da61dad 1dac1db2 1daa1db3 1db51dae
2002440 1db71db6 1db71db5 1dc11db5 1db21db1
2002460 1db01dae 1db61db4 1db71db8 1db41db4
2002500 1db31db1 1db11daf 1db01db2 1db01dab
2002520 1db41db1 1dae1db1 1db11db4 1db31db5
2002540 1db31db5 1db01da8 1da61db0 1da51daf
2002560 1dae1dae 1da71daa 1dae1da9 1da61da3
2002600 1da81da9 1db51db4 1daf1db0 1db11da8
2002620 1db01db0 1db11daf 1dac1dac 1da41da8
2002640 1dac1daa 1db01db2 1dad1dae 1dae1db5
2002660 1db11db1 1db51dab 1dae1dac 1dac1db3
2002700 1daa1daf 1db01da8 1da81dad 1dae1db0
2002720 1daf1db3 1dac1db5 1db01db0 1dae1daf
2002740 1daa1dad 1da71da7 1dad1dac 1da61da8
2002760 1da91da5 1da91da8 1da91daa 1da71dab
2003000 1da71da1 1da61da5 1da11daa 1da91da8
2003020 1dae1db6 1da21da5 1da71da6 1da41d9f
2003040 1da51da4 1d9c1da2 1da71da5 1da21da5
2003060 1d9f1da6 1da51da9 1d9e1d9a 1da31da6
2003100 1da71da1 1da21dae 1d9d1d9c 1d9f1d9e
2003120 1d9e1d9c 1d9e1d9f 1d9f1da3 1da31da2
2003140 1da31d9e 1d9e1d99 1d9b1da0 1d971d93
2003160 1d941d9a 1d971d93 1d9a1d97 1da01d96
2003200 1da91da0 1da71da3 1da71da8 1da91dab
2003220 1daa1da0 1da71da2 1d9d1da2 1d9e1d9b
2003240 1d9c1d9c 1d941d98 1d951d9a 1d941d97
2003260 1d9b1d98 1d9b1d9c 1da01da0 1d9f1d9c
2003300 1dab1daa 1da61da6 1da91da6 1da41dab
2003320 1dac1da8 1dad1db4 1da21db0 1da51da0
2003340 1da41da5 1da71daa 1db11da5 1da81da8
2003360 1daf1da6 1daa1dad 1dad1dad 1da71dac
2003400 1dad1da9 1dab1dab 1da71da8 1dab1dad
2003420 1daf1db5 1db01db2 1db91db1 1db61db9
2003440 1db61db5 1db71db2 1db81db7 1dbc1dc0
2003460 1dbc1db8 1dbf1dba 1dc11dc5 1dcd1dc9
2003500 1dc31dc9 1dc01db8 1dc21dc2 1dc91dc0
2003520 1dc61dc7 1dcb1dc5 1dce1dc5 1dc41dc9
2003540 1dc61dcd 1dc61dc7 1dc81dce 1dcc1dcb
2003560 1dc71dcc 1dc51dcb 1dce1dc7 1dd51dd2
2003600 1ddc1ddb 1dd81dd9 1dda1ddc 1ddb1ddb
2003620 1ddc1ddc 1ddc1ddf 1ddf1dde 1ddd1ddf
2003640 1ddf1de1 1de21ddd 1de11de3 1de11de1
2003660 1deb1de7 1de61de7 1de61de6 1df51dea
2003700 1ded1def 1dec1df3 1df71df5 1df91df8
2003720 1dfc1df8 1df71dfa 1df91dfb 1e021e01
2003740 1dfa1dfb 1dfc1dfa 1e031dfb 1e011e01
2003760 1e0a1e0a 1e001e05 1e081e01 1e0b1e05
2004000 1e161e10 1e0e1e17 1e191e0e 1e121e0d
2004020 1e151e17 1e221e1a 1e251e20 1e2a1e22
2004040 1e271e1e 1e291e29 1e1f1e23 1e221e2c
2004060 1e2b1e27 1e2f1e30 1e311e32 1e311e2e
2004100 1e311e2e 1e351e30 1e2f1e26 1e301e31
2004120 1e351e31 1e321e3a 1e3f1e36 1e3d1e36
2004140 1e391e3b 1e361e3d 1e3c1e38 1e421e38
2004160 1e401e37 1e3d1e39 1e3f1e40 1e461e46
2004200 1e461e4b 1e451e44 1e4e1e4c 1e4d1e4b
2004220 1e4e1e51 1e541e4f 1e5b1e52 1e601e54
2004240 1e501e5a 1e511e52 1e5d1e63 1e4f1e51
2004260 1e591e5b 1e511e5c 1e561e59 1e581e5e
2004300 1e691e62 1e601e64 1e681e63 1e6c1e68
2004320 1e661e6d 1e681e62 1e671e65 1e671e6d
2004340 1e671e6f 1e6e1e6a 1e711e6f 1e721e74
2004360 1e661e70 1e751e72 1e6d1e74 1e6e1e71
2004400 1e691e6c 1e6d1e6b 1e721e70 1e751e72
2004420 1e751e6f 1e6f1e6f 1e701e72 1e7a1e7f
2004440 1e7c1e78 1e781e76 1e791e76 1e7e1e78
2004460 1e771e7e 1e811e7c 1e851e78 1e7b1e7c
2004500 1e7d1e7f 1e831e82 1e8a1e8a 1e841e81
2004520 1e871e92 1e891e81 1e8a1e90 1e841e86
2004540 1e831e7a 1e851e83 1e841e80 1e801e7c
2004560 1e891e88 1e891e87 1e911e92 1e911e8e
2004600 1e941e97 1e901e93 1e941e93 1e931e96
2004620 1e8c1e96 1e941e90 1e8e1e8f 1e921e90
2004640 1e991e95 1e8e1e8e 1e881e8e 1e901e8c
2004660 1e8c1e88 1e8c1e87 1e821e86 1e8c1e89
2004700 1e8b1e8a 1e8f1e8f 1e911e8d 1e971e9b
2004720 1e9a1e9d 1e941e94 1e961e94 1e901e91
2004740 1e8b1e8c 1e8d1e8f 1e8f1e91 1e961e9f
2004760 1e921e99 1e951e95 1e971e97 1e941e8c
2005000 1e981e94 1e9b1ea2 1ea01e9f 1e9f1ea5
2005020 1e981e9a 1e9c1e99 1e991ea1 1e881e96
2005040 1e971e91 1e991e95 1e951e98 1e961e96
2005060 1e8f1e8b 1e951e92 1e921e8e 1e951e8e
2005100 1e971e9c 1e911e9d 1e9b1e9a 1e8a1e95
2005120 1e921e8a 1e8f1e8d 1e821e87 1e891e80
2005140 1e891e8a 1e871e84 1e891e8b 1e7d1e86
2005160 1e881e8b 1e891e87 1e8d1e90 1e8f1e90
2005200 1e8f1e91 1e881e90 1e8b1e87 1e891e84
2005220 1e821e85 1e831e79 1e911e90 1e891e8b
2005240 1e8d1e8f 1e831e86 1e7a1e7e 1e841e87
2005260 1e831e82 1e891e84 1e851e8e 1e851e88
2005300 1e831e8a 1e841e86 1e7d1e7f 1e851e7c
2005320 1e751e82 1e7f1e82 1e851e7e 1e821e85
2005340 1e831e86 1e801e88 1e761e7b 1e741e7b
2005360 1e7b1e79 1e7e1e7c 1e7a1e7b 1e7b1e7b
2005400 1e771e7c 1e741e72 1e701e74 1e7a1e77
2005420 1e791e77 1e7e1e80 1e7e1e7e 1e7c1e82
2005440 1e7a1e7b 1e7d1e81 1e791e7d 1e791e7c
2005460 1e7b1e79 1e831e7e 1e7e1e82 1e781e71
2005500 1e831e77 1e7d1e7e 1e7e1e84 1e7c1e7a
2005520 1e771e77 1e7a1e75 1e7b1e7c 1e7c1e7e
2005540 1e7a1e80 1e741e7a 1e7b1e7c 1e761e7b
2005560 1e761e78 1e7c1e80 1e801e80 1e7f1e7f
2005600 1e801e7f 1e861e85 1e7c1e7e 1e771e7a
2005620 1e791e77 1e791e82 1e7c1e78 1e831e84
2005640 1e7f1e7f 1e851e83 1e871e85 1e7f1e85
2005660 1e851e7d 1e811e7b 1e8d1e82 1e891e8a
2005700 1e811e8f 1e851e8f 1e861e8c 1e8e1e8a
2005720 1e981e92 1e931e90 1e921e95 1e8c1e8e
2005740 1e961e9e 1e941e96 1e9a1ea1 1e901e92
2005760 1e931e8f 1e971e9c 1e961e96 1e941e9a
2006000 1e9c1e9b 1e9c1e98 1ea51e9b 1e9f1e9e
2006020 1e9a1e9b 1e9e1ea0 1eab1ea8 1ea61eaa
2006040 1eb01ea5 1ea81eaa 1eae1eab 1ea11ea5
2006060 1ea91ea4 1ea51ea5 1ea11ea3 1eab1ead
2006100 1eb31eb2 1ebc1eb6 1eba1eb2 1eb51eb2
2006120 1eb41eb8 1eb11eb7 1eb51eb4 1eb81eb8
2006140 1eb91eb7 1ebc1ebe 1ebf1ec1 1ec21ec3
2006160 1ec51ec0 1eba1ebd 1ec51ec1 1ec71ec5
2006200 1ec21ec3 1ec81ec3 1ec21eca 1ec01ebf
2006220 1ecc1ec6 1ed11ecf 1ecb1ecf 1ec91ec5
2006240 1ec71ec8 1ed01ecd 1ed71ed0 1ed11ed4
2006260 1ecc1ed1 1eda1ecd 1ed01ed5 1ed01ed1
2006300 1ed91edb 1edf1edb 1ed11ed2 1edc1ed6
2006320 1ee21ee1 1ee11edc 1ee31edd 1ee31edd
2006340 1ee61ee1 1ee81edd 1eea1ee4 1eed1eef
2006360 1eeb1eed 1ee81ee9 1ef01ee8 1ee81eea
2006400 1eee1eec 1eeb1eed 1eee1eea 1ef31eef
2006420 1ef41ef5 1f001efc 1efe1eff 1ef81ef6
2006440 1ef01ef5 1efc1f01 1f091efc 1f011f05
2006460 1f171f0a 1f0a1f11 1f091f0c 1f0d1f0e
2006500 1f0d1f0d 1f171f10 1f111f0f 1f101f10
2006520 1f011f04 1f0a1f0c 1f111f0f 1f161f0b
2006540 1f181f12 1f141f1a 1f191f16 1f1a1f16
2006560 1f1d1f1b 1f1c1f19 1f1c1f1e 1f1f1f1c
2006600 1f231f1c 1f191f19 1f1e1f20 1f1b1f25
2006620 1f1f1f21 1f1d1f1e 1f1d1f17 1f1d1f1d
2006640 1f251f21 1f271f29 1f271f29 1f221f26
2006660 1f251f25 1f251f24 1f281f2d 1f2f1f2d
2006700 1f2f1f2b 1f271f29 1f221f2c 1f1b1f2a
2006720 1f271f27 1f181f22 1f261f28 1f2e1f27
2006740 1f331f33 1f341f3a 1f2d1f33 1f391f30
2006760 1f3a1f38 1f361f3a 1f2f1f35 1f3b1f30
2007000 1f3d1f3e 1f301f38 1f331f33 1f3a1f34
2007020 1f3e1f40 1f3b1f38 1f341f38 1f351f35
2007040 1f3b1f36 1f3c1f3f 1f3d1f3e 1f361f40
2007060 1f431f46 1f3f1f46 1f3f1f40 1f3c1f3f
2007100 1f411f3d 1f3b1f43 1f401f39 1f3f1f3d
2007120 1f451f40 1f411f41 1f451f4b 1f421f46
2007140 1f481f40 1f441f4a 1f401f47 1f461f4a
2007160 1f4c1f43 1f3c1f3c 1f431f45 1f3b1f3f
2007200 1f431f46 1f3e1f40 1f3f1f3b 1f3e1f43
2007220 1f3f1f41 1f421f41 1f431f47 1f421f43
2007240 1f451f43 1f411f43 1f3d1f3c 1f3d1f3b
2007260 1f421f3d 1f4a1f43 1f421f49 1f4a1f4b
2007300 1f431f4c 1f4b1f43 1f4b1f46 1f4d1f4c
2007320 1f461f47 1f421f41 1f421f3d 1f421f3f
2007340 1f441f43 1f431f43 1f431f47 1f401f43
2007360 1f3b1f3b 1f3f1f40 1f3c1f3f 1f421f46
2007400 1f421f3c 1f401f41 1f3c1f40 1f391f35
2007420 1f381f3b 1f351f31 1f391f2e 1f351f39
2007440 1f361f34 1f351f31 1f371f37 1f391f34
2007460 1f361f35 1f3d1f39 1f401f3e 1f421f42
2007500 1f411f42 1f361f35 1f301f31 1f381f36
2007520 1f401f38 1f381f34 1f341f38 1f341f32
2007540 1f321f39 1f2e1f2d 1f2b1f34 1f2a1f2b
2007560 1f291f2a 1f301f2e 1f301f32 1f321f2d
2007600 1f2f1f30 1f311f32 1f321f2e 1f361f30
2007620 1f301f2f 1f311f32 1f321f36 1f331f33
2007640 1f331f35 1f371f3b 1f2e1f33 1f2c1f29
2007660 1f2f1f29 1f401f34 1f3a1f34 1f281f35
2007700 1f321f2e 1f2a1f2e 1f311f24 1f3a1f31
2007720 1f291f32 1f341f35 1f3e1f38 1f321f30
2007740 1f3c1f34 1f361f32 1f301f2f 1f331f2b
2007760 1f331f30 1f2d1f2f 1f351f32 1f311f2f
2010000 1f241f29 1f2e1f2b 1f301f2a 1f341f32
2010020 1f2c1f35 1f321f32 1f2b1f34 1f301f35
2010040 1f341f34 1f311f3a 1f311f37 1f3b1f37
2010060 1f3f1f3b 1f401f45 1f3d1f46 1f351f3d
2010100 1f421f35 1f3a1f3c 1f451f43 1f3d1f45
2010120 1f3a1f3e 1f3b1f36 1f351f3c 1f3a1f42
2010140 1f441f42 1f411f44 1f4a1f41 1f3e1f3e
2010160 1f3d1f3f 1f441f42 1f431f45 1f471f38
2010200 1f451f44 1f451f44 1f431f4a 1f411f41
2010220 1f451f3e 1f4b1f4a 1f461f49 1f4c1f4d
2010240 1f481f49 1f411f42 1f421f45 1f451f42
2010260 1f441f48 1f4c1f4e 1f501f4b 1f551f4a
2010300 1f541f52 1f4d1f54 1f4e1f50 1f581f50
2010320 1f511f51 1f4f1f50 1f4f1f50 1f4f1f50
2010340 1f5b1f5c 1f551f5a 1f5b1f56 1f5b1f52
2010360 1f5e1f5b 1f511f55 1f591f57 1f5e1f54
2010400 1f551f5c 1f531f5e 1f611f5b 1f661f63
2010420 1f6c1f64 1f6a1f6a 1f641f65 1f681f68
2010440 1f621f60 1f661f65 1f611f6a 1f6e1f63
2010460 1f6a1f6d 1f791f74 1f6d1f75 1f6e1f72
2010500 1f771f75 1f701f71 1f701f71 1f711f76
2010520 1f741f72 1f741f77 1f7b1f7b 1f781f7d
2010540 1f7c1f7c 1f7e1f77 1f7e1f7a 1f791f7f
2010560 1f7b1f85 1f791f7e 1f7a1f7d 1f861f80
2010600 1f811f80 1f841f85 1f861f89 1f891f8c
2010620 1f8c1f8a 1f8c1f91 1f851f8a 1f861f84
2010640 1f8a1f88 1f901f8b 1f8e1f8a 1f8a1f81
2010660 1f901f8d 1f911f8d 1f961f94 1f9d1f91
2010700 1f9d1f9e 1f931f9e 1f931f96 1f981f94
2010720 1f991f8b 1f9a1f98 1fa01f9f 1fa31fa3
2010740 1f9c1fa7 1f9f1fa2 1fa01f9e 1fa11fa5
2010760 1fa91fa8 1fa01fa4 1fac1fa5 1fa91fa6
2011000 1fad1faa 1fb11fb5 1fab1fb1 1fae1fad
2011020 1fab1fa8 1fa71fae 1fac1fad 1faa1fac
2011040 1fab1fac 1faf1fad 1fae1fac 1fb91fb6
2011060 1fb51fb0 1fac1fa4 1fa81fa7 1fab1faf
2011100 1fb11fb5 1fb01fb3 1fb41fb5 1fb51fba
2011120 1fb61fb8 1fb41fb6 1fb51fbf 1fb51fb7
2011140 1fbc1fbc 1fb41fbb 1fba1fb7 1fba1fba
2011160 1fc11fbd 1fbe1fc2 1fc01fb9 1fc01fc3
2011200 1fbe1fbf 1fbb1fbf 1fbc1fbb 1fc01fc2
2011220 1fc61fc1 1fc81fc6 1fc51fc6 1fbf1fc2
2011240 1fc31fc3 1fc71fc8 1fc01fc7 1fc01fc2
2011260 1fbe1fbb 1fc11fbe 1fc71fc4 1fd11fc3
2011300 1fcd1fca 1fce1fca 1fca1fd0 1fca1fce
2011320 1fc91fc5 1fcb1fc8 1fd31fc6 1fce1fd1
2011340 1fca1fc7 1fd21fcd 1fd61fd3 1fd61fd7
2011360 1fd21fd4 1fcd1fcf 1fcf1fd4 1fc81fcb
2011400 1fbb1fcb 1fbe1fbe 1fc61fc4 1fd21fc8
2011420 1fca1fcf 1fc71fcf 1fcf1fcd 1fcb1fc3
2011440 1fca1fcc 1fd01fd2 1fcf1fcf 1fd71fd4
2011460 1fdb1fd6 1fd51fd3 1fd41fcd 1fcf1fd3
2011500 1fcc1fce 1fcb1fd0 1fca1fc8 1fcc1fce
2011520 1fd41fd3 1fd61fd7 1fd71fd7 1fce1fd2
2011540 1fd01fcb 1fcb1fd1 1fcf1fce 1fd61fd3
2011560 1fd11fd1 1fd21fcc 1fd21fd0 1fd31fd4
2011600 1fd51fd2 1fd21fcf 1fd41fd2 1fd21fcf
2011620 1fd41fce 1fd41fdc 1fd41fd7 1fce1fc8
2011640 1fd31fd3 1fcd1fc8 1fc41fcd 1fcb1fcd
2011660 1fd31fc9 1fce1fce 1fce1fcd 1fc81fd1
2011700 1fc01fc7 1fcc1fc8 1fc71fc3 1fcf1fd0
2011720 1fcb1fcf 1fcd1fd4 1fd41fcc 1fcc1fca
2011740 1fd11fcc 1fcf1fce 1fce1fc8 1fcf1fcd
2011760 1fd01fd2 1fd51fd6 1fd71fd6 1fda1fd2
2012000 1fd51fd5 1fd31fd5 1fd61fcf 1fd01fcf
2012020 1fcb1fd2 1fce1fd2 1fd81fd5 1fd61fdb
2012040 1fd31fd5 1fd01fd5 1fd31fcf 1fd11fca
2012060 1fc81fcb 1fc61fc9 1fc91fc1 1fcf1fc3
2012100 1fcc1fce 1fcf1fcc 1fd31fcf 1fd11fcf
2012120 1fd11fca 1fd21fca 1fd11fce 1fc41fd0
2012140 1fc61fc7 1fcf1fc8 1fc71fcd 1fd01fcd
2012160 1fd01fd3 1fcf1fd0 1fd21fcf 1fd51fd0
2012200 1fdd1fd7 1fd31fd6 1fd11fd2 1fd51fd1
2012220 1fd11fd4 1fcb1fd1 1fd51fd7 1fd61fd3
2012240 1fd61fd4 1fdb1fdc 1fd31fda 1fdd1fd8
2012260 1fe51fdb 1fe61fe5 1fe21fe1 1fdd1fdd
2012300 1fe61fe4 1fda1fde 1fe21fdd 1fdb1fdc
2012320 1fdc1fdb 1fda1fde 1fdc1fdd 1fe01fe0
2012340 1fd71fe0 1fe41fdc 1fe51fed 1fe41fda
2012360 1fe61fe2 1fde1fdb 1fe61fe7 1fe71fee
2012400 1fef1fe1 1fe81fee 1fee1fec 1fe11fed
2012420 1fe81fea 1fe61fe8 1fe91feb 1fe31fe5
2012440 1fe41fe2 1ff01fef 1ff21fed 1ff91ff2
2012460 1fee1ff1 1fe71fea 1fe71fe7 1fe71fec
2012500 1feb1fed 1ff01feb 1ff41ff5 1ff71ffb
2012520 1ff91ff5 1ffa1ff6 1ff51ff3 1ff51ff6
2012540 1ff71ff8 1ff41ff9 1ffc1ff0 1ff51ff5
2012560 1ffc1ffd 1ff51ffd 1ff81ff9 1ffb1ffe
2012600 20001ffb 20031ffc 1ffd2002 2010200b
2012620 2009200b 20092008 200d200b 200f2012
2012640 200c200c 20052003 200b200e 200b2006
2012660 200e2010 2006200d 200f2007 20102009
2012700 200e200e 2010200d 20092010 20112015
2012720 2014200d 2010200e 2011200d 20192012
2012740 200e2015 2008200d 2010200c 200f2014
2012760 20112014 20132010 20102015 2011200f
2013000 20162016 2013200e 20152014 2021201c
2013020 2015201c 2020201e 2024201f 20212020
2013040 2023201f 20242023 201e2026 2020202a
2013060 20202019 20202023 20242026 2026202c
2013100 20262025 20272020 20232023 20152015
2013120 201e201c 2023201c 20202020 201d2022
2013140 20202021 20272022 20262025 20232029
2013160 20262026 2029202a 20282029 20282027
2013200 2027202e 202a202c 20312030 202a2033
2013220 202b202e 2030202a 20302031 202e2030
2013240 202d2032 202f2030 20362031 20372035
2013260 20302038 202f202a 20312035 20302030
2013300 2033202d 20392033 20372038 20312039
2013320 2031202f 2033203d 202b202b 20302034
2013340 2033202d 20332031 202c2037 20362038
2013360 20342034 20352037 202d202f 20332032
2013400 203e2034 203f203d 20382034 203a2038
2013420 203c203c 203d203c 203f2043 203c203d
2013440 20452042 203c203e 2037203a 203b2037
2013460 20352033 202e2033 20362037 203f2037
2013500 203f203b 203f2041 203f203d 203b203c
2013520 203d2045 2045203f 20422048 20452044
2013540 20412040 203e203f 20492044 203d2041
2013560 203a2044 20392043 203d203b 2043204b
2013600 2049203d 20492046 20402041 20422043
2013620 20472049 204c2041 20412045 2043203d
2013640 203e203a 20472041 20402043 20492047
2013660 20402044 2042204b 20422045 20492045
2013700 20412047 2042203f 2043203f 20432042
2013720 20412042 20472047 20422040 203e203f
2013740 20442047 20422047 2041203c 203f203e
2013760 203c2039 203f203a 2043203f 20482044
2014000 20432047 204a2045 20442047 20382045
2014020 203d2036 2036203d 203e2044 203d203d
2014040 20452042 2043203f 20462045 203f203b
2014060 20422044 20452045 2035203a 20422042
2014100 203a2045 2043203c 203e2046 2048203d
2014120 203f2044 203d2041 203b2047 203c203b
2014140 2040203e 203a2039 20442040 203d2043
2014160 2040203f 2040203a 2036203e 2037203a
2014200 203d2040 203e203e 203f2038 2045203f
2014220 203f203d 20422041 2040203c 2048203c
2014240 20412043 204a2042 20412047 20442046
2014260 20402040 20492043 20412043 2046204d
2014300 20482049 20362037 203a2040 20372036
2014320 20452042 204b204c 2047204a 204e2048
2014340 20432046 2052204f 204d2055 204e204f
2014360 204d2052 2047204e 204b2049 20492049
2014400 204c204c 204e204d 204b204d 20432049
2014420 203f203d 2053204b 20542050 20572053
2014440 204f2056 204a204f 2045204a 204c2045
2014460 204e2048 2048204e 20452044 20482045
2014500 204b2050 204f204c 20572053 20562054
2014520 205b2057 20542050 20592059 204f2058
2014540 2052204e 205d204c 20532055 20642055
2014560 20572063 205f2053 205a2056 205a2057
2014600 204f205b 205b205d 205f205a 20632060
2014620 20602063 20622064 20662065 20642065
2014640 20682069 2069206e 2062206e 20662067
2014660 20652063 20692063 20712069 206a2069
2014700 20752076 20702075 2074206e 206f206a
2014720 2071206a 20742073 206d2070 20772069
2014740 20742074 20712070 207a2075 20722073
2014760 207b2074 2079207e 207c2080 207b207c
2015000 207b2073 2082207d 207a2081 2081207e
2015020 20742086 20842082 20842082 20842081
2015040 20892083 20842088 2087208a 20852088
2015060 20822086 207e2080 20892084 208d208d
2015100 208b208c 208a2091 20902086 2091209c
2015120 208f2097 208e208c 208d208d 208d2091
2015140 208f2096 208f2095 208c208c 208f2094
2015160 20852086 208f208b 208a208d 20972088
2015200 209a2096 20922096 209a2096 20932092
2015220 2091208f 20932096 209a2095 2099209d
2015240 2096209d 20962093 2099209a 20a1209f
2015260 209a20a6 2096209b 209a2097 20992098
2015300 20a620a0 209f20a4 209b20a5 209c20a1
2015320 209e20a3 20a1209f 209c209a 2095209d
2015340 209a2095 209e209b 209d209e 20a220a1
2015360 20a220a1 20a3209e 2099209e 20a0209d
2015400 20a7209d 20a120a1 20a2209b 209920a4
2015420 209f209d 209d209f 20a32099 20a42097
2015440 20a6209d 20a020a4 209d20a2 209c2099
2015460 20a8209b 20a220a0 209e20a3 209b209d
2015500 209f2098 209a2098 209f209c 209b20a1
2015520 20a320a3 20a8209d 20a020a3 209d2098
2015540 209d20a4 20a120a5 20a320a1 20a520a3
2015560 20a520a5 209f20a4 209d209f 20a420a6
2015600 20a620a2 20a620a6 20a420a7 20a220a2
2015620 20a120a8 209c209e 209820a0 2097209a
2015640 2095209f 2092209f 20a22097 20a520a3
2015660 20a0209f 20a120a3 20a820a1 20a620a5
2015700 209c2096 209b209c 20a1209f 20a820a3
2015720 20a920a5 20a120a6 209e20a7 20a120a3
2015740 20a220a7 20aa20a0 20a620a7 20a420a3
2015760 20a620a4 20a420a5 209b20a3 20a2209d
2016000 20a920a9 20ab20a6 20a620a4 20ac20a8
2016020 20a0209f 20a220a4 20a920a7 20a220a3
2016040 20a220a1 209c209f 209a2099 2098209c
2016060 209c2096 20a2209e 209d2095 20a1209f
2016100 20a420a0 20a120a5 20a220a0 20a520a6
2016120 20a420a8 209b209f 20a1209c 209a209e
2016140 20a2209d 20a820a6 209f20a2 20a0209e
2016160 209b2097 20a320a0 2099209c 20922098
2016200 20992099 209d209e 209f2097 209820a0
2016220 20a0209b 20a0209a 209b209a 209c2090
2016240 209b2096 20902092 208e2096 2094208e
2016260 20982097 2091209b 20962096 20992099
2016300 209d209f 20972095 2092209b 2099209a
2016320 20942099 209a209f 20952092 20982096
2016340 209420a0 208d2097 20992095 20962093
2016360 20932094 2097209b 2090208c 209d2090
2016400 20952098 20962096 20982093 208f2096
2016420 209a2091 20922097 20962098 209a2099
2016440 20912098 208b208a 208d2089 20972093
2016460 209a2097 20982097 20a2209c 209f20a4
2016500 20982096 20992098 208d2093 209a2096
2016520 2099209e 20912098 209b209b 2098209c
2016540 209d209d 20972097 209a209a 20972098
2016560 209f2093 209820a1 209c209c 209d2097
2016600 20a720a0 20a220a3 20a920a9 20ab20b1
2016620 20a820a8 20a920a9 20b320af 20ab20a9
2016640 20ad20aa 20b120b0 20b320b0 20b320b1
2016660 20b020ae 20b320b3 20b020b1 20b120b5
2016700 20aa20a9 20af20a1 20ad20ab 20ae20b1
2016720 20b120aa 20ad20b4 20ac20ab 20b220ab
2016740 20ad20ae 20bb20b1 20b520b9 20b720b5
2016760 20c020ba 20bb20ba 20c820c1 20c620c7
2017000 20b920c4 20c020c6 20c720bf 20c220c1
2017020 20bb20c1 20c320c4 20cb20c7 20d220cb
2017040 20d020d2 20cc20c9 20d120c9 20c720ca
2017060 20ce20ce 20d320d2 20d120d1 20d820cf
2017100 20d420d1 20d220cf 20d620d6 20cf20ce
2017120 20d420d4 20d320d6 20ce20d8 20d520d7
2017140 20db20db 20d420da 20d920db 20de20db
2017160 20e120e5 20e220e3 20e720e4 20df20e3
2017200 20e620e2 20e420e7 20e220e2 20e720de
2017220 20ed20e6 20eb20e7 20e920ea 20f020e8
2017240 20f220ee 20f320f1 20f420ed 20f620f2
2017260 20f220ee 20f020f0 20ef20f0 20f320ed
2017300 20f520f7 20f020f7 20f320f1 20f320f6
2017320 20f420f9 20f620f8 20f120f3 20f720f2
2017340 20ff20fd 20fb2103 21002103 210420ff
2017360 210620fc 21032108 21082105 2108210d
2017400 21052101 210920ff 210b210d 210c2112
2017420 2100210b 21052102 210b2103 210b210d
2017440 21082109 21062108 21082104 2107210b
2017460 20fe2109 210b2105 2103210e 210b2104
2017500 21052100 21072102 21032109 21052106
2017520 21122106 2110210b 21042108 210a2109
2017540 21132112 210e210d 210c2106 210b210f
2017560 210e210d 21122118 2111210f 210c2112
2017600 2113210c 21172112 21142113 210f2116
2017620 210c210f 21082111 2105210a 210d210a
2017640 210c210e 210f210e 21082106 2109210f
2017660 21052110 210c210f 21082106 21072106
2017700 20ff2100 210a210b 2110210d 2108210e
2017720 21012106 210d2106 210c210e 2110210c
2017740 210d210d 21182116 21112114 210f2116
2017760 210c210f 210e210b 21062106 210f210c
2020000 21122112 21102110 21152110 210b2106
2020020 2105210c 2111210d 210d210b 21062106
2020040 210d210a 210b210a 20fe2109 21042106
2020060 210e2101 210d210d 2110210d 210d2112
2020100 2109210f 2109210e 210e210a 210a2108
2020120 210a210f 21032105 210120fe 21082101
2020140 21092106 2102210b 21072104 210b2108
2020160 210a2106 2104210f 2103210f 21092103
2020200 2109210d 21102106 21072108 210b210d
2020220 210b2106 21042109 210a2105 21012109
2020240 21032102 210720ff 21022105 210320ff
2020260 20fb20ff 210620ff 210020ff 21002101
2020300 210120f7 20fb20fc 20ff20ff 20ff20fd
2020320 20fd20fd 20fe20f8 20f920f6 20f220f9
2020340 20f620f7 20eb20f2 20ef20f1 20f620f8
2020360 20ed20ef 20f220f0 20fc20f5 20f720fb
2020400 20fa20fc 20f320f3 20f420f2 20f020f5
2020420 20ef20eb 20eb20ed 20ee20f2 20ef20f0
2020440 20f420fa 20e020e5 20e420ec b01004aa
2020460 00001004 0001000a 00010000 03b1602e
2020500 00000ffc 0001000a 1400003c add01f00
2020520 add01f01 add01f02 add01f03 add01f04
2020540 add01f05 add01f06 add01f07 add01f08
2020560 add01f09 add01f0a add01f0b add01f0c
2020600 add01f0d add01f0e add01f0f add01f10
2020620 add01f11 add01f12 add01f13 add01f14
2020640 add01f15 add01f16 add01f17 add01f18
2020660 add01f19 add01f1a add01f1b add01f1c
2020700 add01f1d add01f1e ff000134 00000020
2020720 00000002 b99d5d05 00000001 deadbeef
2020740 f0000002 b99d5cf1 1e042be8 00000000
2020760 00000134 00001f48 a01104ab 21d520f0
2021000 21d421da 21d821d2 21d921d7 21c921d4
2021020 21d121d0 21d321d3 21d121d0 21d221cb
2021040 21d721d3 21d721d5 21d121d3 21d521d1
2021060 21d221ca 21ca21cc 21cc21ce 21cb21ca
2021100 21ce21cb 21d121cf 21cc21d0 21c821d2
2021120 21d721d5 21d821d3 21d521d5 21d321d4
2021140 21d321d3 21d121cb 21d921db 21e221dd
2021160 21dd21da 21d621df 21dd21d8 21dc21e1
2021200 21de21d9 21d721d8 21dd21dd 21e321df
2021220 21e321dc 21dc21de 21dd21d7 21dc21d6
2021240 21dd21e5 21e321d7 21e621e3 21df21e2
2021260 21df21e4 21e321e0 21e521e2 21e821e2
2021300 21e021db 21e821e3 21e821eb 21e821e9
2021320 21ec21e5 21e721e4 21eb21ec 21f321ed
2021340 21ee21eb 21ee21e8 21ea21ed 21e321e8
2021360 21e321e4 21e921eb 21f121e7 21f421f2
2021400 21ec21f2 21f621f1 21f221fa 21f321f2
2021420 21ee21ef 21ed21f1 21f221f5 21f021f3
2021440 21f921f3 21f421f1 21c121f2 21062161
2021460 208a20bf 205a206c 2043204d 203b2041
2021500 2037203f 203c2032 20412040 20372039
2021520 20322038 2034203a 203b2036 203b2039
2021540 2043203b 203c2041 203f2045 20432044
2021560 203f2042 203e2042 203f2043 204f204c
2021600 204a2045 204d2047 204b204b 2051204d
2021620 20492051 204a204a 204d2047 20432048
2021640 203e204b 204e2049 2051204e 204c204e
2021660 20492048 2048204d 20432049 20502049
2021700 204d2045 20512049 204e2053 20542056
2021720 20552050 204f204a 20512052 20562056
2021740 20562059 20612059 20662067 2054205c
2021760 20542054 2054205c 20572056 2060205c
2022000 205e205d 205d2060 2063205e 205d2064
2022020 205f2058 2056205b 20582055 20572065
2022040 20652056 2062205c 2061205b 2062205f
2022060 20652063 20642062 205e205f 20642063
2022100 205f2062 20612062 20682067 20632069
2022120 20632062 205f205e 206c2067 2070206c
2022140 206c2069 20682068 20612064 20672067
2022160 20692069 20632066 20682063 20652065
2022200 2069206d 206f2066 2072206d 2061206f
2022220 2066205d 2062206a 206f2067 206b206a
2022240 20662069 20602069 205d205d 206b205f
2022260 2070206d 206c2072 20672070 20692069
2022300 20642067 20662067 205e205c 20642063
2022320 20642067 20642063 206e2069 2067206a
2022340 2072206f 206b206b 20652062 206b2061
2022360 206f2068 206a206a 2067206e 206f2063
2022400 2065206c 206e206f 20662060 206e206c
2022420 2068206a 20632065 20642067 20622061
2022440 20652067 20692068 20652060 205f2067
2022460 20692063 205c206b 2064205e 20622060
2022500 20612060 20632066 205b2062 20622065
2022520 205d205c 20572059 2058205d 205b205b
2022540 2062205f 205d2064 205a205e 20532052
2022560 20532055 205d205a 205c2055 205b205b
2022600 204d2056 20512056 20542057 2054204e
2022620 20552055 2051204d 20572057 20612059
2022640 205e205f 2057205a 204f2056 2055205a
2022660 20552057 204f204f 20512053 204b2054
2022700 204f2052 204c204e 204d2049 2049204e
2022720 20552054 2053205a 2054204c 20562055
2022740 20512053 20512052 204f2051 204d204f
2022760 204d2049 20512046 20502056 204f2051
2023000 204f204d 2052204f 204c2054 2051204f
2023020 204d2054 204c2053 2053204d 20532052
2023040 2056204d 20502050 204c204a 20482051
2023060 20492044 20492047 204d204c 204f204c
2023100 204f2052 204c2052 20482050 2045204c
2023120 204a2049 20432042 20452040 20472042
2023140 20582052 204f204f 204f204b 20512052
2023160 2056204b 20542056 204c2055 2055204b
2023200 204e204c 204b204d 2048204b 2057204e
2023220 204f204f 204f204f 204f2054 20592057
2023240 2057205a 20592057 205c205a 2056205e
2023260 2059205a 2052205b 204f2056 20512055
2023300 20562059 20622056 2056205e 204e2051
2023320 20542058 2059205d 205c205d 20602059
2023340 205d2057 205c205e 205c205e 2054205b
2023360 2060205c 20682059 20602065 20602061
2023400 205e205f 20602060 2060205d 205e2063
2023420 2057205e 20642065 20682064 20682067
2023440 205d206a 20612063 205b2066 206a2060
2023460 2063205f 20672064 206e2075 206d2074
2023500 206a206e 206c206f 2070206b 206c2071
2023520 2069206b 206c206c 20782074 20742074
2023540 2072206d 20732074 20792070 20732071
2023560 20702074 20752077 20752073 2079207a
2023600 207a2079 20722075 207b2074 207d207b
2023620 2077207f 20772076 207c2072 207e207f
2023640 207f207e 20882084 207f208a 207f2080
2023660 2076207b 20792082 2087207a 20882085
2023700 20832089 208b2080 2083208b 208b2082
2023720 208d208e 208c208c 2088208d 208a208c
2023740 208d2087 20822082 208d2085 2085208a
2023760 208d2091 20932090 20972094 20992092
2024000 208d2094 20932098 208f2091 2098208f
2024020 208d2091 2090208e 20922094 20942091
2024040 20942091 20932091 20912090 20932099
2024060 20992099 209b2099 209b2097 209d20a0
2024100 209c2097 209f2098 20a9209f 20a520a5
2024120 209d209e 209b209d 209d2095 209e209d
2024140 209e209e 209e2099 20a3209a 2098209b
2024160 20a4209b 209b20a0 209820a2 20a4209d
2024200 209a2095 20a12099 209d209e 20a720a2
2024220 20a220a5 20a520a4 20a720a5 20a7209d
2024240 20a620ae 20b020a9 20ae20ac 20a420a7
2024260 20a620a6 20a6209d 20a220a6 20a520a2
2024300 20a820a2 20a520a1 20ac20ac 20a920b0
2024320 20a920ab 20ac20a6 20b420ae 20b420b9
2024340 20ba20bb 20c120bb 20b420b3 20b320b1
2024360 20b520b0 20b620b7 20b220b3 20b220b0
2024400 20ac20ac 20ae20ad 20ab20ac 20a720b0
2024420 20b220a4 20af20ab 20b020a6 20b220b7
2024440 20b920b9 20c020b8 20bb20b8 20b620bb
2024460 20b420b7 20ae20b3 20af20b2 20b320ba
2024500 20b120ae 20b320b2 20b520ac 20b920b4
2024520 20b920b8 20b620b4 20b420b4 20ba20b7
2024540 20b520ba 20b220b4 20af20aa 20b620ae
2024560 20ba20b1 20ba20b6 20b220b7 20b720b8
2024600 20ba20bd 20bb20ba 20bb20bd 20b820bd
2024620 20b520b7 20b620b2 20bc20b6 20bb20c1
2024640 20bb20b3 20bb20bd 20c020b9 20c620bc
2024660 20c520c7 20bb20cc 20b720b4 20ba20bd
2024700 20b620ab 20b620b5 20c120bc 20c120bb
2024720 20ba20bd 20b420b0 20b220b6 20b620b5
2024740 20c020b8 20c120bd 20bc20bd 20af20b7
2024760 20b220b0 20ae20b2 20b120b6 20b520b0
2025000 20b720b4 20b020b5 20ab20b4 20af20ab
2025020 20b320af 20b620ac 20b320b0 20b420b6
2025040 20b120b4 20b020b0 20b020b0 20b020b1
2025060 20a620b2 20af20aa 20a520a8 20a720a4
2025100 20a220a7 20ac20ae 20b720b1 20ac20af
2025120 20ab20a8 209f209f 20a720a6 20ab20b2
2025140 20ae20ab 20a920b1 20a420a5 20ad20a4
2025160 20a920a5 20ad20a4 20ad20b0 20a520ac
2025200 20a120a5 20a320a3 20a320aa 20ab20a0
2025220 20a920a7 20a420a5 20a020a4 20a320a9
2025240 20a620a7 209520a2 2094209d 209a209c
2025260 20a02099 20a6209e 20a2209e 2099209c
2025300 209d209b 209a209e 20aa20a2 20ad20a8
2025320 20a420a7 20a920a8 20a320a5 20a1209e
2025340 209b209f 20a820a2 20a320ab 20a720a9
2025360 20a320a5 209c20a3 20a620a5 20a420a9
2025400 20a220a2 20ae20a5 20a620a0 20a220a3
2025420 20a120a1 20a3209c 20a420a0 20a320a0
2025440 20aa20a5 20aa20ac 20a420a3 20a8209c
2025460 20a820a2 20a720a5 20a220a2 20a620a7
2025500 20a0209a 20a620a8 20aa20a8 20a820a3
2025520 20a1209d 20a520a4 20a620ab 20a620aa
2025540 20a220a1 20a520a1 20ac20aa 20a720a5
2025560 209a209f 20a620a5 20a720aa 20af20a9
2025600 20a720ad 20aa20a9 20a420a8 20a920a6
2025620 20af20a6 20ae20b0 20af20ac 20b020b1
2025640 20b320ba 20b520b4 20a920b3 20b420b3
2025660 20a820ae 20a620ac 20a620ab 20ad20a9
2025700 20b120b5 20ac20b2 20b020ab 20b320b1
2025720 20b020b3 20a520ae 20b120ba 20bd20b6
2025740 20bb20b6 20b320b4 20b320ae 20b620af
2025760 20b920b5 20b020bb 20b520b6 20b520b8
2026000 20b420b4 20b520b1 20af20b3 20b620b5
2026020 20ae20b9 20b120b1 20b520be 20be20b9
2026040 20ba20b8 20b920c1 20bd20c2 20bb20ba
2026060 20bc20ad 20bb20bf 20bd20bc 20c420bf
2026100 20c820c6 20cc20c9 20bf20d0 20c720bc
2026120 20cb20ca 20c720be 20c520c6 20bf20c0
2026140 20c420bd 20bf20ce 20c320be 20c220c0
2026160 20c620c2 20c020c4 20c720c9 20c620ca
2026200 20cb20c6 20cc20cd 20ca20cf 20c720c9
2026220 20cb20c3 20cb20c9 20d020cc 20bf20c4
2026240 20cf20c7 20c320be 20ce20c9 20cc20ca
2026260 20cf20cc 20ce20cd 20d420d8 20da20d4
2026300 20d620d2 20cb20cf 20cd20cd 20c420c7
2026320 20c920c8 20d020cc 20c320c9 20c720c7
2026340 20ca20c3 20d020cf 20d020d0 20d320d3
2026360 20d520d2 20d220d9 20d420ce 20ce20d1
2026400 20ca20cb 20cb20ce 20ce20cf 20c720ca
2026420 20cd20cc 20d620d2 20d420d3 20d420cf
2026440 20d920ce 20db20d3 20d720d4 20d720d7
2026460 20d520d7 20dd20d1 20d720d6 20d920d8
2026500 20d920d6 20e120d7 20d820dc 20e120dd
2026520 20e220de 20db20de 20e520e4 20e720e1
2026540 20df20e5 20d920e1 20dc20de 20df20dd
2026560 20d920e3 20de20dd 20d920e2 20e620e0
2026600 20e220e4 20e820e8 20e620e9 20e020e7
2026620 20e820e8 20ed20fe 20e020e1 20eb20ec
2026640 20ee20e9 20ec20f0 20ef20ed 20f220ea
2026660 20e620e8 20e120e9 20e220e4 20e920e8
2026700 20eb20e8 20e520e5 20e520e7 20f320e8
2026720 20eb20eb 20e920e7 20ef20eb 20e820ed
2026740 20ec20ed 20ea20e8 20f220ed 20f620f3
2026760 20ee20f7 20ee20f3 20f020ed 20ed20ef
2027000 20ed20ee 20ed20ed 20ef20f0 20ec20ea
2027020 20ee20eb 20eb20e9 20eb20eb 20f220ed
2027040 20f420f0 20f320f5 20f920f6 20fa20fb
2027060 20f820fa 20fc20f7 20ef20fa 20f520ee
2027100 20f120f6 20f520f4 20f420f4 20f120ed
2027120 20eb20f5 20e920e6 20ed20ed 20f220ed
2027140 20ea20ec 20f020f2 20eb20ed 20eb20f6
2027160 20f720f1 20f720f8 20f520f6 20f420f4
2027200 20f720fb 20ef20f1 20f820ef 20f120ef
2027220 20f220ec 20f320f4 20f920f7 20fc20f5
2027240 20ef20f3 20ef20f7 20ee20ef 20e520f0
2027260 20f520ee 20f920ef 20f020f3 20f220f7
2027300 20f020f1 20fa20f4 20f420f4 20ed20f7
2027320 20ed20f1 20ee20f6 20e920e8 20e520de
2027340 20eb20ec 20e420ea 20eb20ec 20ea20e9
2027360 20e820ec 20e920ea 20ec20eb 20f120ee
2027400 20f120ef 20ec20ee 20ef20ee 20f020f0
2027420 20f120f4 20f020f6 20ed20ef 20e820ec
2027440 20ef20ef 20e620ef 20ea20e1 20eb20ea
2027460 20e820f1 20ea20f1 20f320f8 20f420ee
2027500 20e520e8 20e020f0 20e420df 20e820de
2027520 20ec20e2 20e920e6 20e920ed 20ed20eb
2027540 20f620f7 20f320f1 20f620f2 20f020f1
2027560 20e720ea 20ea20e4 20f520f0 20f220f5
2027600 20ec20ee 20ef20ef 20ee20f7 20ef20e8
2027620 20f520f4 20ec20f7 20f520f3 20f220ee
2027640 20f220ea 20f520f6 20f520f1 20ff20fb
2027660 20fc20f6 20f520f2 20f320f2 20f320f5
2027700 20f320f7 20f620f0 20fa20f5 20f420f8
2027720 20f420f6 20f820f8 20f320ed 20f520f9
2027740 20ff20fa 21002106 21042104 20ff20fe
2027760 20fb20f8 20fb20f4 20f620f3 210020fd
2030000 20fd20fc 20fe20fd 20fb20fb 20f920f8
2030020 210120ff 21002103 20fd20fe 21032101
2030040 20fd2107 20f620fb 21052108 20fe20fa
2030060 20ff2103 20fd20f6 210120ff 21002103
2030100 21092107 2102210a 21032100 210e2102
2030120 21022109 20ff2101 20fe20fc 210320ff
2030140 21022105 21062102 210a2108 21052103
2030160 21012103 21012104 21052101 21092106
2030200 2104210a 20fe2107 21092104 2109210a
2030220 21092105 2102210c 21052101 210e2107
2030240 2109210a 2106210e 210c2108 21052105
2030260 210a2106 2115210b 2114210e 211b2117
2030300 210e2114 210b2110 21112112 2107210c
2030320 21082105 210c210b 2115210d 21142112
2030340 2113210a 2112210e 210e210c 2112210f
2030360 21142111 210e210e 210c210f 210e2113
2030400 210f2110 210e210f 210c210d 2106210c
2030420 21092109 210e2106 210d2107 2115210f
2030440 2111210d 2106210f 210e210c 21122112
2030460 211a2117 2119211a 21182118 2119211d
2030500 21182116 2114210f 2110210d 21122110
2030520 21172112 21152113 21122117 210b2115
2030540 210f210c 21142119 21192112 2110210e
2030560 210f2108 2115210e 210a2114 21172112
2030600 21112116 211a2112 2119211a 21132114
2030620 21132113 210e210c 21152119 21172113
2030640 211a2118 211b211b 211a2114 211b211b
2030660 211d211f 21192121 211b211f 211b211d
2030700 2119211b 21232123 21222125 21242120
2030720 211f211c 21292125 21212125 211f2125
2030740 21222124 2126211f 21252123 2117211d
2030760 2118211b 211b211c 21202116 2116211d
2031000 211b2118 21172120 211c2116 211e211e
2031020 21252122 211e211c 211b2123 211b2115
2031040 211a211c 2119211c 211d211c 21282126
2031060 21232128 21222121 21252125 21232121
2031100 21282129 21242129 21292125 212a212a
2031120 212b2125 2129212b 21252126 211f211c
2031140 21202120 211d211d 2121211f 2124212b
2031160 2130212a 2131212d 2132213a 212e2130
2031200 212a2128 2131212d 21292124 21272128
2031220 212d2128 21272125 21262123 212d2127
2031240 2125212c 2125212c 2131212a 212f2133
2031260 212a212e 2130212f 21372138 212f212a
2031300 2130212b 21272123 21332138 212e212c
2031320 2124212a 212b212b 212a212b 21282128
2031340 21272127 21212125 2134212a 2130212f
2031360 212b212c 2129212d 21282127 212a2129
2031400 2130212b 2134212d 212f2134 21362130
2031420 21282122 212d2130 212c2125 2128212c
2031440 2131212e 2133212b 21322133 21392137
2031460 212f212f 21322130 21322133 212f212f
2031500 212d212c 2134212d 2131212d 2135212a
2031520 2132212e 2132212b 21262128 2126212a
2031540 2131212b 21232127 2126212b 2125212e
2031560 21372132 21332134 212e2136 212f2132
2031600 212e2132 21332132 21372139 2137213a
2031620 21352135 21382134 21362130 21352132
2031640 21322136 212e2137 212d2132 21372137
2031660 212f212b 2132212e 21372137 2136213a
2031700 21372137 21372133 21342137 21312138
2031720 213a213e 2138213e 213b2137 213e213a
2031740 213a2139 2135213b 21362131 21392136
2031760 2134213e 213a213c 213c2137 21362137
2032000 21462138 213a2141 2136212d 21492144
2032020 2148213f 213d213d 213a2140 21352131
2032040 21352136 2141213a 213f2140 21482146
2032060 2148214a 214e214f 2146214b 2147213b
2032100 2140213c 2143213b 21492148 21412143
2032120 21472143 21472146 214a2148 2146214a
2032140 21472147 214a214c 214b2148 214a2151
2032160 214b214e 21462146 21462143 21442146
2032200 214d2149 214c214e 21482148 21472143
2032220 21472143 2151214b 2149214c 214b214c
2032240 21492146 214a214a 213f2146 214f214d
2032260 21522150 2152214e 214f214c 214a2151
2032300 214a2149 2149214a 21562150 214e2152
2032320 21562155 2150214e 214c214d 21522149
2032340 2151214f 214c2154 21522156 21502150
2032360 21582151 21502158 21532155 2150214d
2032400 214f2154 21532152 2150214e 2153214d
2032420 215c215b 215c2160 215f2159 21582158
2032440 215d2155 21562157 214e2156 2153214e
2032460 215b215c 21582154 215d2158 21552158
2032500 2156214c 21542158 21562155 215c2160
2032520 214b215e 21582148 214e2150 21522151
2032540 21592152 215d2159 2161215d 2157215c
2032560 21552152 21572159 21552150 215a2153
2032600 21582155 21542153 21542153 21542159
2032620 214f2154 21552152 2158215a 215a215c
2032640 2158215d 215f2157 2157215b 214d214f
2032660 21532154 21582157 21562159 21542158
2032700 21502158 21582151 215e215a 2162215b
2032720 2156215a 21632157 215a215c 2158215d
2032740 21582159 215a215b 21582156 2156215e
2032760 2151214f 21522147 2149214f 214b2149
2033000 21512150 214a214c 2149214b 21492152
2033020 214d2146 214d214b 21502146 214b214c
2033040 214b2147 2150214e 215a2158 214e2151
2033060 21542154 21562153 214e2151 2145214c
2033100 214f2149 2151214f 214c214c 2143214d
2033120 21472142 214c214d 214d214f 214b214d
2033140 21492148 21442147 214a2144 2156214b
2033160 2153214b 214b214b 214d214d 21512151
2033200 214e2146 214b214b 214f214a 214f2154
2033220 214e2149 2151214e 215a2153 214a2153
2033240 214e214d 2140214b 214a2140 214b2149
2033260 214a2149 214f2150 21512157 214e214c
2033300 21592153 214a2154 21522152 214d2149
2033320 21582151 21542154 21542152 21492159
2033340 214a214a 214f2149 214f2152 214d214f
2033360 214c214f 214f2148 214e2147 214b214e
2033400 214a214f 2150214e 21572152 214b214f
2033420 2149214e 214c2149 21512152 214e214c
2033440 2149214b 2148214c 21482152 2151214b
2033460 214d214c 21502150 21562154 214c2157
2033500 21482143 21492151 21452144 21482149
2033520 2144214e 21452149 2140213c 21472140
2033540 21422142 21442142 214b214d 214a2144
2033560 21492148 214a2149 214a2148 214c214d
2033600 214c2149 214a2143 2145214c 213f214b
2033620 21452140 21482148 21452140 2153214d
2033640 2149214d 21492147 21482147 21462140
2033660 213d213e 213b2138 2143213e 21422148
2033700 213c213f 21432136 21452147 21422140
2033720 2138213d 2145213d 21492146 21432142
2033740 213f2147 2149213e 21442148 214b2146
2033760 214a2155 2149214d 2149214b 21422145
2034000 213e2141 21472142 214c214f 214b2149
2034020 214b2146 214c214b 2144214f 214a2146
2034040 21512148 21462147 2149214a 2147214d
2034060 2151214c 21532153 214e2152 2157214d
2034100 214e2152 2152214d 2150214f 21582150
2034120 21552157 2150214f 21572152 215a2154
2034140 21542153 214b214e 2147214f 214f214f
2034160 214d214b 2153214f 21462152 214a2153
2034200 214b214d 21592153 2154215c 215e2157
2034220 21562156 2154215c 21612158 215d215a
2034240 215f2162 215f2163 21672163 21602164
2034260 215f2159 215b2159 2160215f 2160216a
2034300 21622160 215c215d 2156215c 2159215e
2034320 215d215c 215e215c 215c215a 216a2159
2034340 21652169 215c216c 215f215f 21652160
2034360 215c215d 2161215c 216a2168 216d216c
2034400 216f2168 21672169 216a2168 216e216e
2034420 21662167 216a2166 21672166 216f216c
2034440 21722170 21772175 216c2176 216e2173
2034460 21782170 216d216f 21702170 2171216f
2034500 216d216f 21782174 21722177 21772178
2034520 21762170 217b217d 2178217c 21702174
2034540 21782175 21772177 21742174 216e2174
2034560 21762173 21742172 21762172 21742171
2034600 21762178 217d217a 2181217a 217c2178
2034620 21782171 21762174 21782171 216f2171
2034640 2176216e 21752174 21702173 2175216f
2034660 217d2176 217f217e 217e2181 217c217d
2034700 21792180 2180217b 217f2181 217b217b
2034720 217f2183 217d217d 217c217c 2185217e
2034740 217b2180 217c217e 21772180 217c2175
2034760 217c2177 2181217f 217a2183 217f2184
2035000 21872181 21872187 217f217f 217e2185
2035020 21822182 2181217f 217b217d 2178217a
2035040 217f217a 2181217e 2180217c 2183217f
2035060 2179217c 2184217c 21832188 21802189
2035100 217c217a 217f217f 217b217d 217b2180
2035120 21812183 217c217e 217b217c 217b217f
2035140 21792180 21732175 2181217f 217b2180
2035160 21812180 2188218f 2178218a 217c216f
2035200 2179217b 21742175 2178217f 2174217d
2035220 217d2176 2175217c 21762173 21732175
2035240 21742179 21752177 21752178 216e217a
2035260 21732175 21722171 21732174 21772178
2035300 2175217e 21732179 217a2173 21792179
2035320 21762178 217a2178 21732179 21752173
2035340 217a2173 21732173 21792175 2175217b
2035360 216f2174 2170216d 21772173 21772178
2035400 216f2175 217c2175 217d217a 217f217f
2035420 21722176 216f216e 216e216a 216d2169
2035440 216f2173 21712170 21722171 2173216b
2035460 21702171 216f216d 21792176 21762175
2035500 21722173 21752173 2174216c 216f2172
2035520 216c216f 216a216d 216b216a 216e216a
2035540 216a216e 2170216f 216d216f 216d216d
2035560 217b216f 216d2172 21782170 216d216a
2035600 216d216a 216a2172 216f2175 216c216c
2035620 216f2169 216d216d 2169216a 216d216f
2035640 2175216b 21712174 2168216b 21692164
2035660 21652162 2168216d 216e2168 216f216d
2035700 21732170 21682169 21732173 216f216f
2035720 216d2174 2163216b 21642166 21682163
2035740 21652167 21682166 21682167 2166216c
2035760 21612161 2162215e 21672160 21592162
2036000 21622167 21632163 21612162 2163215d
2036020 21692167 21612167 21622162 215f215a
2036040 2157215d 2155215c 21562154 215a215f
2036060 215d215a 215e215e 215d2160 21622161
2036100 21642165 215c2167 21662163 215f2160
2036120 21602160 215c2165 215d2162 215d2157
2036140 2153215b 214d2154 215e2158 2152215c
2036160 21622156 21662164 215f2164 215b215e
2036200 215c2159 21652161 21652161 21622166
2036220 21662163 21602169 2160215d 2162215e
2036240 216a2164 21672169 21622162 21632163
2036260 21622163 215c2164 21632161 215d2165
2036300 215f2166 21602158 2150215a 215a2161
2036320 21612162 21652161 21672168 21672169
2036340 216b216f 21652168 21692169 2163216b
2036360 215c2162 21662166 21662163 21642160
2036400 21652160 21682167 21702177 216f217b
2036420 2178216a 2171216d 216e216e 216b2170
2036440 21682172 21732169 216f2172 2165216d
2036460 21722175 2171216d 21732171 21732176
2036500 21732171 21762173 21742178 21782177
2036520 217a2171 2178217b 217c217f 217f217a
2036540 2178217b 217a2179 21732175 21762177
2036560 2176216e 21842174 21802181 217d217f
2036600 217d217e 217c217c 217e217b 21802188
2036620 21862185 21842182 21862180 21892185
2036640 21882188 218a2187 218e2186 2189218b
2036660 21862183 218c2193 218d218c 21932197
2036700 21902194 21952193 2196219e 21962197
2036720 2193219c 21922196 21942194 2196219c
2036740 21902197 2195219a 21932192 21992194
2036760 219b219a 219d219a 21962196 219a2197
2037000 21a121a1 219f21a3 21a521a6 21a521ac
2037020 21a821a4 21a821a5 21a621a8 21a421a5
2037040 21a621a8 21a821a6 21a1219e 219a219d
2037060 21a2219d 21a221a2 21a621a1 21a821a6
2037100 21a121a3 21a121a7 21a621a8 21aa21a6
2037120 21ae21a3 21ab21a4 21a621a8 21a721a7
2037140 21ad21ab 21ad21a8 21b321b4 21ae21b2
2037160 21b421b4 21b021ae 21a121a5 21a921a9
2037200 21a021a9 21a621a3 21a721a9 21b521aa
2037220 21aa21af 21ac21ae 21b521b4 21b721ba
2037240 21b521b7 21ad21b4 21af21b4 21b321b1
2037260 21b321b5 21ae21b4 21b521af 21af21af
2037300 21ad21b4 21af21af 21ae21ad 21af21ae
2037320 21ac21b3 21b021b4 21b321b0 21b721b1
2037340 21a721b7 21ac21b5 21af21b1 21b121b6
2037360 21b721b1 21bd21b9 21b221b6 21bb21bb
2037400 21b821c0 21b321b3 21b621b3 21b321b3
2037420 21b621b3 21a921b6 21b221ac 21b621af
2037440 21b021ae 21b421b0 21ab21b0 21ad21a5
2037460 21a821ad 21a821a4 21aa21a8 21ab21a8
2037500 21a121a2 21b121a3 21a721a7 21a321ac
2037520 21a621a8 21a921a9 21af21ad 21ad21b3
2037540 21b221ad 21b421b1 21b121b1 21ab21b4
2037560 21b121ab 21b821b1 21b221b2 21ae21ac
2037600 21a721aa 21af21ac 21ad21b1 21a921af
2037620 21a821a6 21aa21a3 21ab21aa 21a621a2
2037640 21ad21a1 21a821b1 21a921a5 21a821b4
2037660 21aa21ab 21ad21a9 21aa21ab 21a121a6
2037700 21a6219e 21a521a5 21a821a4 219f219f
2037720 21a821a1 21a621a8 21a921a8 21a721a4
2037740 219f21a3 21a721a4 219f21a6 21a921a1
2037760 21a621a3 219d219d 219d21a7 219c2199
2040000 21a421a3 21a12199 2198219b 21992196
2040020 2198219b 2195218f 21982199 21902192
2040040 21952199 2195219d 218e2194 21922196
2040060 21942193 218c218f 2189218c 218f218e
2040100 21962191 21952195 21922190 21912194
2040120 21892191 2190218e 218e218c 21902194
2040140 2187218f 2191218e 2185218a 21882183
2040160 218a218e 2188218e 218d218a 218d218b
2040200 21832185 21812188 21842187 2186217f
2040220 217f2181 21772182 21762177 217e217b
2040240 21822181 2183217d 217b2180 2181217d
2040260 217f2182 217a2180 217c217f 21802177
2040300 21862185 21802187 2182218b 217f2186
2040320 21872184 217f217e 217b217e 2180217f
2040340 21842184 217b217d 216d217a 2178217d
2040360 216f2179 217d2176 2178216e 21792178
2040400 217a217c 217a2177 217e217d 2179217d
2040420 21722172 21722174 21752176 21782178
2040440 216f2171 21672170 21682169 21752174
2040460 2174217a 21782177 21712177 b01104ab
2040500 00001004 0001000a 00010000 03b1602f
2040520 00000ffc 0001000a 1400003c add01f00
2040540 add01f01 add01f02 add01f03 add01f04
2040560 add01f05 add01f06 add01f07 add01f08
2040600 add01f09 add01f0a add01f0b add01f0c
2040620 add01f0d add01f0e add01f0f add01f10
2040640 add01f11 add01f12 add01f13 add01f14
2040660 add01f15 add01f16 add01f17 add01f18
2040700 add01f19 add01f1a add01f1b add01f1c
2040720 add01f1d add01f1e ff000134 00000020
2040740 00000002 b9c3955c 00000001 deadbeef
2040760 f0000002 b9c39548 2b037ff2 00000000
2041000 00000134 00001f48 a01004ac 21ee2177
2041020 21f121ef 21f121ed 21ed21f2 21eb21f1
2041040 21f221ee 21f121f3 21ea21ef 21ee21ef
2041060 21f221ed 21f121ef 21ef21eb 21e221e8
2041100 21e521e3 21e321e9 21f121e5 21ed21ed
2041120 21e321e7 21e421e9 21e821e1 21ee21eb
2041140 21eb21e7 21e921f0 21e621e8 21e821dd
2041160 21e321ea 21e021e3 21ea21ed 21e821e9
2041200 21ed21ec 21eb21ed 21e921eb 21e121e0
2041220 21e221e7 21e821e4 21e921e6 21ee21ee
2041240 21e621f1 21e921e4 21ea21e7 21f221f1
2041260 21e721ec 21ea21e8 21e321e1 21e721e3
2041300 21f221e6 21e821ec 21e621ed 21e021e8
2041320 21e721e3 21e421e2 21eb21e0 21e721ea
2041340 21ec21e9 21e221ee 21eb21e0 21e421f2
2041360 21eb21e9 21f121ee 21ed21ea 21ec21f0
2041400 21ea21e7 21e421ea 21e821e6 21e221e0
2041420 21e821e3 21df21e1 21eb21ec 21e921e8
2041440 21e421e3 21e621e2 21e421de 21df21e2
2041460 21e421e2 21df21e6 21ca21e4 2141217d
2041500 20d82104 20a220b0 208a208f 20882083
2041520 207f2086 2077207b 20882079 20812074
2041540 207b207f 207b207c 207a2082 207e2080
2041560 20782077 207e2079 20742073 206d2077
2041600 2077207a 2077207d 20722072 207c207a
2041620 20752078 207a2078 2074207b 20742073
2041640 206f2070 206f2074 20722076 2076207c
2041660 20732078 206d2073 2078206f 20672070
2041700 20722067 206c206e 2070206b 207a206e
2041720 207b2075 20732071 20792078 206b206b
2041740 206c2074 20762075 20752078 20702075
2041760 20742073 20752078 20732075 2075206d
2042000 20702073 206c206b 2067206f 206a206a
2042020 2068206b 206e2065 206f2070 206b206e
2042040 2069206b 206b2068 206d206c 20602065
2042060 20602066 206a206d 205b205f 20672063
2042100 20672066 2064206c 20682067 20692069
2042120 20672062 2065206a 20652063 205b205e
2042140 20652062 205c2062 2063205e 205e205f
2042160 205c2067 20662065 206a2063 20642060
2042200 20612066 206b206b 20682067 20612061
2042220 206c2068 20602062 20632063 20622064
2042240 20602061 206e2069 20662066 2064205f
2042260 206a2064 206a2064 20642062 20672063
2042300 20602062 2061205f 206d2065 20602061
2042320 20682064 206c206c 206e2068 20672067
2042340 20652063 2064205f 20682066 206f2067
2042360 206e206d 206d206d 2066206a 205d2066
2042400 20672060 206b2068 20692060 206f2071
2042420 20702074 206e2065 2065206c 206a2066
2042440 2060206a 20652064 20702073 20752070
2042460 20742079 20772073 20792077 20732074
2042500 20712074 20772076 2078207b 20762076
2042520 20782075 207b2076 206f2071 2071206f
2042540 2081207c 2078207d 2076207c 20702077
2042560 206f2070 206e206f 20762075 207b2072
2042600 207e2073 2080207e 20832081 2086207f
2042620 2088207e 208a2085 20822084 207d2083
2042640 207c2088 20792081 207d207a 20882083
2042660 2083207f 208b208f 20862086 20862085
2042700 20842089 2090208a 208a208d 20902089
2042720 2089208b 20872088 20892089 208d2086
2042740 208b2086 208f208c 208c2090 208f2096
2042760 208f2096 20932092 20932091 208c2092
2043000 20922090 20912088 20962089 20992091
2043020 209b2098 2096209a 2099209d 209c2099
2043040 209e209a 20992099 20a220a1 20a7209f
2043060 20a620a1 20a720a1 209b20a3 20a320a0
2043100 20a820ad 20a720a2 20aa20a9 20a320b0
2043120 20a420a4 20aa20a9 20ae20ac 20aa20af
2043140 20a420ae 20ac20ad 20ab20aa 20a920ad
2043160 20ad20ae 20a920a9 20a920af 20ab20a7
2043200 20b320ad 20b120ae 20af20af 20b620b2
2043220 20b120b5 20bb20b1 20b920b7 20b720bf
2043240 20b920ba 20b520b4 20b720b4 20b520b7
2043260 20b920b3 20bd20be 20bf20b9 20b420b3
2043300 20b120b3 20a920b2 20a920ad 20b620b3
2043320 20b520b4 20b620b4 20ba20bb 20b720b8
2043340 20b920bb 20c020b5 20be20b9 20b620bd
2043360 20b920b4 20b920bc 20ba20b6 20bf20bc
2043400 20bc20bd 20c420c1 20c120bc 20c620be
2043420 20bb20bf 20b520bf 20bb20c4 20c220c1
2043440 20c720c3 20c220c2 20bd20c7 20c420c4
2043460 20c320c4 20c420c0 20bd20c1 20bf20bb
2043500 20bd20b7 20c020be 20c720c2 20c520c1
2043520 20c120c9 20ca20c9 20c920c6 20c520c8
2043540 20cb20cb 20c620c6 20c720ca 20c920c2
2043560 20c520c3 20c120c4 20c820cb 20cc20ca
2043600 20c520c6 20c820c6 20c220c5 20c520cd
2043620 20c820cd 20d020d2 20ca20c2 20d120cd
2043640 20cc20c3 20c520cd 20cf20c8 20d320d4
2043660 20cc20c8 20c320ca 20ca20c8 20be20c5
2043700 20ce20c3 20ce20d0 20cf20ce 20c720ca
2043720 20cb20cb 20d320cb 20d020d0 20ca20cf
2043740 20ce20d3 20d320d0 20d420cf 20c620cc
2043760 20c120c7 20cb20c9 20cc20c9 20cc20ca
2044000 20c420c1 20c920c6 20c320cb 20c120ca
2044020 20c520c4 20c420c7 20c220c6 20c220bd
2044040 20c720c7 20cc20cb 20ca20c8 20c720ce
2044060 20c920cd 20c820d0 20ca20cc 20ca20cb
2044100 20c520c7 20bf20c2 20c120c0 20c420c1
2044120 20c220c0 20b620c1 20bd20bd 20bc20c0
2044140 20bb20ba 20c220c1 20c520bf 20c120c1
2044160 20c320bd 20c620c5 20cb20cb 20bd20ca
2044200 20bf20c3 20c020c0 20b920be 20c220c1
2044220 20ba20c1 20b920be 20b920be 20b720b5
2044240 20b820b9 20b920b9 20b720bc 20bb20b8
2044260 20b520b5 20b520b0 20b520b2 20b820bd
2044300 20b920b7 20b520b8 20b020b8 20b220b7
2044320 20b920b7 20bb20bb 20bd20b8 20ba20bc
2044340 20af20b6 20b920ad 20b020b4 20b220af
2044360 20b320b2 20aa20b5 20ab20ab 20a920a6
2044400 20af20a9 20b120ab 20b420ae 20ac20b3
2044420 20ae20a9 20b020a6 20ae20ae 20a520b0
2044440 20a620aa 20ac20ac 20ab20a9 20a720a7
2044460 20ab20a5 20a820aa 20b120ae 20b620ae
2044500 20a920aa 20a720a9 20ab20ab 20ac20ac
2044520 20b120b4 20af20b7 20af20b1 20af20ad
2044540 20ad20ad 20ad20aa 20aa20ac 20a320b3
2044560 20b320af 20b020af 20a820ad 20ab20af
2044600 20ac20ae 20aa20a2 20ae20a7 20b820ab
2044620 20b320b9 20b020b3 20b220b0 20b220ac
2044640 20b720b3 20af20b1 20ad20b0 20b720af
2044660 20b420b5 20b720b9 20b420b2 20a920b0
2044700 20b420aa 20b820b3 20b820af 20b120b3
2044720 20ad20af 20b320b3 20ac20ac 20ac20a8
2044740 20b320b1 20b520b5 20b820b8 20b320b3
2044760 20b520b5 20bc20b7 20ba20be 20bc20c0
2045000 20b420bc 20c020b8 20bf20bf 20bc20b9
2045020 20c520c1 20cc20c5 20bf20bc 20c420c1
2045040 20c320c5 20ce20cc 20d820d2 20c920ca
2045060 20c920ce 20c020c3 20c320c8 20c920c9
2045100 20c820c3 20ca20ce 20d020cc 20cc20cc
2045120 20cf20d1 20d620d0 20d420cb 20c720d1
2045140 20ca20cf 20d520cb 20d620cf 20d120d1
2045160 20c920cd 20d020ce 20d920d3 20da20d7
2045200 20da20df 20d220d8 20da20de 20de20d9
2045220 20db20d5 20d920d5 20d320d8 20d820d6
2045240 20e020d4 20de20d9 20e220de 20de20dc
2045260 20e420e0 20dc20e0 20db20de 20e220e2
2045300 20e120e4 20ec20e9 20dd20e2 20e720e5
2045320 20ea20ec 20ed20ef 20ed20f4 20ea20ea
2045340 20e920ed 20e920e9 20f220ee 20f420f1
2045360 20f220f5 20f420f0 20ec20f2 20f120f2
2045400 20f420f1 20f220f5 20f820f3 20fb20fa
2045420 20f320f6 20fa20f8 20f520f9 20fc20f7
2045440 20f520fc 20f920fb 20fb20f4 20ef20f1
2045460 20f720f5 20f520f8 20fa20f6 20f620fc
2045500 20f620f8 210220fc 210020fe 210a2104
2045520 20fd2101 20fd20fe 21072100 20fd20fc
2045540 20fc2100 20fd20ff 21042106 210a2107
2045560 2115210b 21002108 21092109 21062104
2045600 210e2109 210e2107 21062108 210e2110
2045620 210b210d 21072104 210a2109 20fd210c
2045640 21022103 210620f7 210b2108 210f210c
2045660 210d2107 210c210c 2108210b 21072106
2045700 210d2109 211b2116 21182119 21152113
2045720 210e2113 2114210f 21082112 2109210a
2045740 210c210c 210b210e 211f2114 21132117
2045760 2117211e 210e2110 2112210f 210d2105
2046000 21122111 21172113 211d2116 211f2115
2046020 211b211a 21122119 211c211a 21172117
2046040 21232115 21182120 2121211a 2121211e
2046060 211d2127 211d211f 2127212d 211e2122
2046100 2114211a 21162111 21232118 21212127
2046120 211f2128 211f2126 211c2125 21272124
2046140 211f2127 21172124 21262120 21242121
2046160 21232124 211d2124 211b2121 211b211b
2046200 2118211f 21152112 21132115 210c2115
2046220 2114211d 21102113 211f2114 21262121
2046240 2118211e 21152118 2119211b 21142111
2046260 21142118 21122112 210c210b 21082103
2046300 211e2113 2117211c 2121211d 211c211b
2046320 21122114 210d2111 210d2108 210c210f
2046340 210a210b 210a2105 210e210e 2107210e
2046360 210e2104 2108210f 2110210f 210c2105
2046400 2101210a 21072104 210b210c 2108210b
2046420 210c2108 21012103 20fe2103 20ff20ff
2046440 210620fc 21012104 20ff2106 21002102
2046460 21002104 21092103 21042109 20fe2104
2046500 210020f5 21042100 21002103 20fe20fa
2046520 20f92102 20f720fb 20ef20f7 20fc20f0
2046540 210320fe 20f720f9 20ff20f9 20fd20fc
2046560 20f320ef 20fb20fe 20f620fa 20f120f3
2046600 20f420f5 20f020ea 20f220eb 20e820f1
2046620 20e820eb 20e620e5 20ed20ea 20ef20e7
2046640 20eb20ec 20f620f3 20ec20f8 20ec20ee
2046660 20f120ea 20e920ee 20eb20ec 20e620ed
2046700 20ec20ea 20ee20e9 20e620ec 20e620e8
2046720 20ee20ea 20f020ef 20f120ee 20ec20f2
2046740 20e120e9 20e620ea 20ec20e9 20ed20e7
2046760 20e920ec 20dd20e3 20e320de 20e120dc
2047000 20dd20e4 20d820e1 20e520e7 20e020eb
2047020 20e720d8 20e620e4 20d420d9 20e220e2
2047040 20d920de 20e220dd 20e720e3 20e920e3
2047060 20e320e9 20e120e8 20de20ea 20e620e0
2047100 20e520e2 20e720e5 20f620ee 20ef20ea
2047120 20e720e8 20e020e2 20e420e3 20e420e8
2047140 20e020e0 20e020e1 20e120e4 20e720ea
2047160 20eb20ee 20eb20e8 20ed20ec 20e720ea
2047200 20f020ef 20ef20ec 20eb20ed 20ec20eb
2047220 20eb20ed 20eb20ef 20f120ec 20f420eb
2047240 20ed20ed 20ef20e6 20f020ef 20e720ef
2047260 20f720ee 20ed20f0 20f420ed 20e420ec
2047300 20e920df 20e920e8 20ea20ea 20e620e8
2047320 20e420e9 20ea20e8 20f520ed 20ed20f2
2047340 20f420ef 20fe20fa 20f820fb 20fb20fa
2047360 20f320f7 20ec20f0 20f120f5 20ec20f2
2047400 20f820f6 20f820ee 20fb20f7 21062105
2047420 21022101 20f720fc 20fb20f6 20fa20fc
2047440 21012100 21032101 20f420fd 20fb20f5
2047460 20fb20fe 210620ff 210a2108 210c2109
2047500 210a2105 2107210d 21032106 20ff20fe
2047520 210a20ff 2110210b 21062103 2106210b
2047540 21052103 21082102 21052104 21092108
2047560 21172114 21122115 210e2117 21152111
2047600 21142115 210d2115 21132110 2112210f
2047620 21192112 2120211f 21152121 2115211c
2047640 21132111 211c2110 211d211f 21202120
2047660 21232121 2117211f 2121211b 21252120
2047700 211a211f 2118211e 211f211b 21272125
2047720 212b2126 21262127 2128212f 21222123
2047740 2128211c 21202120 21252128 212a2128
2047760 2123212b 21212128 2124211d 21282123
2050000 212b2125 212f2130 21252123 21292123
2050020 212d212d 21352130 21392138 212d212e
2050040 213a2139 213b2139 21392137 21312134
2050060 21342133 21332138 213c213f 213d2145
2050100 21402137 2141213c 2139213d 21392137
2050120 2138213c 213c2136 2139213a 21402134
2050140 21422138 213e2144 213f2141 213e213f
2050160 213d213e 214a2146 21512150 21432146
2050200 214c2140 2150214f 21552151 214b214a
2050220 21422145 21512142 214d2146 2144214b
2050240 21462144 21462149 2150214a 214e214a
2050260 214a2149 21552155 21502157 2153214d
2050300 214f2150 2152214f 21572151 214d2151
2050320 21532152 214d2154 2155215a 21502153
2050340 214f2156 21552152 2151214e 21542150
2050360 21512152 21572151 2156214e 21592153
2050400 21542154 214e2159 215a2155 21562155
2050420 21542159 21502151 21562157 21522157
2050440 215a2153 215c2155 21502152 21542151
2050460 21512151 21572154 21542155 214e2151
2050500 2154214b 214b2154 21512147 2149214b
2050520 2153214f 21552150 21542153 2153214c
2050540 2149214b 214e2149 214b214e 214c2151
2050560 21482150 2151214c 214e214f 214d2146
2050600 214b214c 214e214c 2144214c 2146214c
2050620 214c214a 214d214e 21442149 2149214a
2050640 2142214c 213d2143 21452149 214f214d
2050660 214b2150 2144214a 21432152 21462145
2050700 21412141 213e2145 213e213b 2139213e
2050720 213a2138 21412137 213f2136 2144213f
2050740 2147214a 21482148 213f213d 2145214b
2050760 21492140 21402143 213b2142 21402138
2051000 21322139 2131212f 21352139 21362136
2051020 21372136 2135213a 21332132 21342134
2051040 212f212f 21312122 21332131 2134213b
2051060 21362139 21352136 21332132 213b2132
2051100 21362139 21302134 212f2135 2127212f
2051120 2129212d 21272127 212c212e 2124212e
2051140 212b2127 212a2127 212a212a 212c2128
2051160 21282127 212f212c 2129212c 2121212d
2051200 2127212c 21212122 21202118 2125212a
2051220 211e211b 21222126 2127211d 212c2126
2051240 21242127 211e2122 211a2120 21262123
2051260 21222122 211d2114 211d2118 211b211c
2051300 211b2116 2122211a 211d2120 2120211d
2051320 2119211d 211d211b 211c2117 2120211b
2051340 21202125 21232127 2120211f 21262122
2051360 21252129 211d2124 211d2119 21232120
2051400 2123212a 21242126 2126212a 212d2127
2051420 212b212d 212e212b 2127212c 21212125
2051440 21272125 21222123 212d2120 212f2125
2051460 211d2129 21272123 211c2125 21262120
2051500 2129212d 2122212d 2123212a 211c2122
2051520 21262129 2129212a 21202129 21242125
2051540 212a2129 21352131 212e2133 2127212d
2051560 21252129 211e2120 21252120 21242125
2051600 212a2126 2131212b 21282130 212f212e
2051620 2130212c 2123212e 212a2124 21262125
2051640 212c2126 21372130 21382134 21302138
2051660 212f212d 212f212c 2134212e 21402137
2051700 21312137 21342135 2131212e 2131212f
2051720 212d212e 21322130 212b2129 2138212c
2051740 21322137 2131212f 2135212f 213b2136
2051760 213c213a 213e213d 21322138 213f2139
2052000 213b213d 21382139 213a213b 213a213b
2052020 21372144 21382137 213d2136 21442143
2052040 21462143 21462144 21442144 2146213e
2052060 21442145 214f2149 214d214e 214a2144
2052100 21492145 21452142 21452147 2148214f
2052120 21452147 214e2146 2151214b 2146214f
2052140 21422149 214b2147 21502149 214b214a
2052160 214c2147 214f214f 21512157 21532149
2052200 21552156 214d2149 214f214c 214f2150
2052220 214d214d 214f2149 2155214c 21572158
2052240 215a215a 215f2154 2158215f 21522155
2052260 2155215b 21542159 215a215a 2156215b
2052300 21542151 21612161 215f215a 21642159
2052320 215e2168 215d2165 21602159 21642162
2052340 2160215d 215e215f 21602161 2161215f
2052360 2167215c 21672165 21622163 215d215d
2052400 21672162 2168216c 2163215e 21672166
2052420 215d216c 2169216a 21652163 216f2161
2052440 216f2171 21642168 216a2170 21702164
2052460 216b2166 216f2171 216e2172 216b216d
2052500 2171216b 21762170 21792176 216d217b
2052520 21692173 21742176 21782172 217a217e
2052540 21722175 21712177 216f2172 2176216c
2052560 21782177 2175217c 217b217f 2176217c
2052600 217a2179 216d2177 2174216f 21772176
2052620 217b2179 2170216d 217e2178 217e2176
2052640 2174217e 21712173 2171216c 21732174
2052660 21772176 21782178 21792181 21812177
2052700 2183217e 2176217e 21842182 217e2183
2052720 2186217a 21832181 21782181 217a2177
2052740 21732177 21752177 21792170 21722178
2052760 2179217b 21762179 217a217a 217b2178
2053000 21732179 216f2172 21712171 21802174
2053020 21782179 216f2174 21712174 21742173
2053040 21792172 21802181 217a217e 2175217c
2053060 21722175 216e216d 216c216e 216c2170
2053100 2179216e 21782174 2171216c 21702174
2053120 216b216f 216e216e 2170216a 216c2169
2053140 216a216a 2166216a 216d2167 2161216c
2053160 216b2166 21682166 21642167 216a2169
2053200 21662168 216e2164 21672163 21672169
2053220 2169216e 2162216c 21632161 215e215e
2053240 215c2158 2160215f 21612161 21632161
2053260 215f2161 215c2160 215e2167 215b215c
2053300 21572157 21552153 2154215a 21552155
2053320 21592156 21502155 215a215a 2155215a
2053340 2159215d 2154215a 21572153 21562154
2053360 21512154 214e2156 214c2145 21522151
2053400 214f2152 214e2154 21552159 214d215d
2053420 21512145 214b2154 2154214c 2155215b
2053440 21512152 2156214d 215a2155 21512155
2053460 21522156 21522157 214c214a 21492143
2053500 21452148 214a2143 2146214a 214e214a
2053520 21472149 21512145 2148214a 21452146
2053540 214b2149 21482145 21402141 21412145
2053560 2140213a 2142213e 21492144 2147214a
2053600 214d2151 214a214e 21452147 21472145
2053620 21462147 21482147 21462147 21442144
2053640 213b213f 213d213f 21402140 21382134
2053660 213f2138 213f2141 21442142 21462148
2053700 21492142 213e2144 2144213e 21412141
2053720 213c2147 213c213f 2143213e 213b213c
2053740 2142213f 213e2143 213a2136 2139213c
2053760 21452142 213f2145 214c213f 214b2144
2054000 214c2146 21462147 21462140 21442148
2054020 214d214c 2148214b 21432140 21422143
2054040 21492144 21442145 214d2146 2147214b
2054060 214f214b 2148214a 21442145 21492146
2054100 214a214d 214a2148 21442147 214b214b
2054120 2153214d 2153214b 21432145 2150214b
2054140 2149214a 214c2150 214b214a 214f214d
2054160 2150214a 2147214a 21482145 21492147
2054200 21432141 21592150 214b2151 2150214e
2054220 2151214c 214c214c 21492152 2146214a
2054240 214c214f 2150214e 214d2150 2153214d
2054260 214e2152 214e214d 214f214e 214a2152
2054300 2152214d 21522155 21552157 21532155
2054320 214e214e 21502151 214f2152 214d2149
2054340 2148214d 2155214d 214e2150 214c2150
2054360 214f2151 214e2152 2154214d 21582157
2054400 2157215b 21572153 21512155 21502152
2054420 21572154 2153215b 21592150 21582154
2054440 2159215d 215e2156 21532157 215d2158
2054460 21572159 21592154 215f215f 215d2162
2054500 215c2162 2155215c 21582157 215d2160
2054520 215a215c 2162215e 215f2165 21582160
2054540 215e2160 21572161 2163215f 21602165
2054560 21652163 2160216e 2169216b 21642165
2054600 21682166 216a216c 21642174 21662166
2054620 21692162 2160215e 2160215e 21682164
2054640 2167216e 2173216a 2179217a 21722171
2054660 2173217a 216f2177 216e216e 216a2168
2054700 2170216e 2174216e 21752176 21732174
2054720 2171216a 216d2170 216a216c 216a2168
2054740 216b216f 2170216e 216b2169 21762172
2054760 21722176 21742172 21742179 21772175
2055000 21732170 217a2176 21862177 217d217e
2055020 217e217d 217b217f 21792177 21752177
2055040 217a2176 2179217a 21712173 21772178
2055060 21702172 216f2173 21742171 2175217e
2055100 21742176 21782174 21862183 217b217b
2055120 2180218a 2182217f 217f217a 2180217e
2055140 217f2183 21802181 217a2181 217d217f
2055160 217f2183 217c217e 217c217d 21762178
2055200 217b217b 217d2180 21852175 21812185
2055220 21822185 217f217e 2178217d 21762171
2055240 217e217a 21822182 217b2179 2177217b
2055260 2175217a 2175217d 21782176 21782173
2055300 21792173 21792176 2178217b 2179217b
2055320 21782170 216f2172 21702170 216e2177
2055340 21732172 217e2178 217d217b 2177216f
2055360 217d2183 21742170 21752179 21702172
2055400 216a216a 216d216e 216d216a 2174216f
2055420 21742172 21752176 21692175 21702171
2055440 216e2172 2170216d 216e216f 2173216f
2055460 216e216d 2170216b 21742169 21702176
2055500 2166216a 216f216e 216d2167 216d216b
2055520 21692169 21742165 216e216c 216b216b
2055540 21632171 21662162 21742172 21702177
2055560 216d2170 216c216b 2172216c 216e216e
2055600 2168216d 2169216d 21662168 215d2164
2055620 2167216a 21632168 21642162 216c2167
2055640 216b2167 2175216e 2168216b 2168216a
2055660 215d2163 215f2164 21622166 215e2161
2055700 216b2161 216b216a 21672165 216b2163
2055720 21712169 216a216a 2164216b 21642166
2055740 21632168 21662166 216c2165 2161216a
2055760 21612162 216b2167 21692166 21652161
2056000 216b2169 21652166 21682163 216f2167
2056020 216a216c 216a2169 2170216a 21722176
2056040 2170216b 2167216f 2172216b 216c216f
2056060 21702175 21642172 21682161 21612168
2056100 216b2164 2169216c 216b216d 21672162
2056120 215e2165 2166215f 216c216d 21632168
2056140 21672168 216d216b 21662170 216d216d
2056160 216b216d 2170216c 2170216c 21712171
2056200 216d2175 216c2173 216e2166 21692176
2056220 2167216f 216c2169 21692168 21732170
2056240 216a216b 216f2170 216e2172 2171216c
2056260 21732171 216e2170 2168216b 216f2172
2056300 216d216c 2168216c 216d2166 2171216d
2056320 21722175 216b2173 2175216b 216f2176
2056340 2174216c 21722173 21722167 21712177
2056360 21732170 217c217b 2173217c 2179217a
2056400 2171216e 21752173 2171217b 216e216a
2056420 216f2168 21772173 21782176 2178217c
2056440 216f2177 216c216b 2177216f 2178216e
2056460 21702175 217a217a 217d217d 217a2175
2056500 2174217a 21752177 21712179 21722171
2056520 217b2170 2179217c 21772176 2174217c
2056540 217b217a 21722173 217b2177 217d2180
2056560 217b2183 2175217b 217f2176 2182217c
2056600 21782177 217d217e 21782179 217c2178
2056620 217b217d 217a2181 217b217f 21832181
2056640 2179217d 217b217c 21782175 217c217a
2056660 21852185 218b2187 21822186 2182218d
2056700 21832187 21822184 218a2182 2184218a
2056720 217c217e 217d2183 2183217f 218c2187
2056740 218c2187 217e2186 21832189 2181217d
2056760 21802178 218a2185 217e2188 217e2185
2057000 21892181 21852186 218e2185 21842187
2057020 21862184 2182218b 21892183 218a2187
2057040 21852190 21902192 218d2190 21982189
2057060 218b2192 2190218f 218d218b 21902189
2057100 2197218d 21962198 2192218e 21922196
2057120 2195218a 21902190 2193218a 218f2190
2057140 21952192 21902193 219b2193 21982195
2057160 21902190 21952196 219e2195 219b2199
2057200 219c219d 219c219a 2199219d 21a2219a
2057220 219d219c 219a219f 219c21a1 219a2195
2057240 219c219c 219e2197 219c219b 21952199
2057260 21932194 2199219b 21a1219e 219a2198
2057300 219b219f 21a321a2 219f21a6 21a521a0
2057320 219921a1 219e2199 219c219b 21a02199
2057340 219d2198 21a2219e 219c219d 2199219f
2057360 219d219e 21992199 2198219d 21a02195
2057400 2199219a 219d2198 21a0219e 21a321a8
2057420 21a021a5 21aa21a6 21ab21a4 21a321a1
2057440 21a221a5 219d21a7 219b219d 219a2198
2057460 21982198 21982196 21952194 21952198
2057500 219d219b 21a2219a 219d219d 219f21a3
2057520 219d2199 219e219a 21a3219b 21a5219d
2057540 219b219f 21a321a3 21962193 21a42197
2057560 219f21a6 21992196 2194219b 21922195
2057600 21942193 219a2199 2194219d 219d219c
2057620 219a2199 21902197 2194219b 21912194
2057640 21952199 21992199 219e2195 21a0219f
2057660 219f21a7 21a521a3 219f2199 219a2196
2057700 219a219c 219a219b 21962198 21952197
2057720 21962197 21a0219d 219d21a0 2199219d
2057740 219b21a0 219d219a 219a219c 219a219d
2057760 218e2196 219e219b 219d219a 2199219b
2060000 219c2197 2192219d 21922190 21992196
2060020 219121a0 219c2190 21952190 21932190
2060040 21942192 21962193 2199219a 219a219b
2060060 219d219e 21a421a2 219f21a1 219a219e
2060100 21a0219d 219c2195 21992197 2199219c
2060120 2198219b 21982195 219b219c 2199219b
2060140 21a02198 21a1219e 21a7219e 21a721a9
2060160 21a121a7 219d219f 219b219b 21a321a6
2060200 21a0219f 21a421a6 21a0219e 219f219d
2060220 21a321a1 21a121a0 21a421a0 219d21a1
2060240 21a521a4 21a621ab 21a821a9 21ab21af
2060260 21a321a5 21a521a2 21a721aa 219c21a3
2060300 21a821a9 21a121a7 21a3219f 21a221aa
2060320 21ad21ac 21b221af 21b621a7 21aa21ae
2060340 21a921ac 21aa21a8 21a721a7 219f21aa
2060360 21a1219f 21a321a1 21a521a2 21a221a1
2060400 21a521a0 21a721ab 21a821ac 21af21a2
2060420 21ac21ab 21a621a4 21ac21b0 21a321aa
2060440 21aa21a9 21af21a9 21b221a9 21b021ad
2060460 21ac21b8 21a921ac 21a821a8 21b421a9
2060500 21b021ad 21ad21b9 21b521b3 b01004ac
2060520 00000f54 0001000a 00010000 03b16030
2060540 00000ffc 0001000a 1400003c add01f00
2060560 add01f01 add01f02 add01f03 add01f04
2060600 add01f05 add01f06 add01f07 add01f08
2060620 add01f09 add01f0a add01f0b add01f0c
2060640 add01f0d add01f0e add01f0f add01f10
2060660 add01f11 add01f12 add01f13 add01f14
2060700 add01f15 add01f16 add01f17 add01f18
2060720 add01f19 add01f1a add01f1b add01f1c
2060740 add01f1d add01f1e ff000134 00000020
2060760 00000002 ba619123 00000001 deadbeef
2061000 f0000002 ba61910f 2c0a9b52 00000000
2061020 00000134 00001f48 a01104ad 221921af
2061040 221f221c 2218221f 22202218 2224221f
2061060 2216221a 221b2219 22202218 221e2217
2061100 2221221e 22222220 22262221 221b2222
2061120 22202221 22242221 221a2219 22142219
2061140 221e221c 2224221a 22192217 22122216
2061160 22102214 221e2213 221c221d 221f2222
2061200 221b221d 22112211 22142219 220a220d
2061220 2217221a 22162210 22152212 2215221b
2061240 22112219 22162219 22162215 220b2215
2061260 22102218 22142210 220f220f 2213220f
2061300 220e2210 22132213 220e220d 220f220b
2061320 220e220b 22172211 22142216 221c2219
2061340 221f221f 22162216 220f2214 2210220e
2061360 220a220e 22102205 220c2211 2212220f
2061400 22122212 220b2218 2215220c 220d220c
2061420 220d220e 220e220b 2202220f 22072202
2061440 22062205 220e220b 220e220a 21f921fc
2061460 21ff21fb 21fe21fe 22022202 22052205
2061500 21ff2202 22012202 218e21fd 1faf209c
2061520 1e6d1ef4 1de21e14 1da91dbe 1d901d98
2061540 1d811d87 1d8a1d84 1d821d84 1d851d83
2061560 1d851d85 1d7d1d7c 1d731d7d 1d791d7a
2061600 1d7c1d7c 1d751d76 1d791d76 1d741d7c
2061620 1d711d77 1d781d73 1d721d71 1d741d75
2061640 1d761d76 1d6e1d71 1d711d6b 1d6a1d72
2061660 1d751d79 1d7d1d76 1d7e1d7c 1d821d7c
2061700 1d801d7f 1d771d77 1d751d75 1d751d75
2061720 1d7a1d79 1d6a1d6f 1d781d7b 1d821d76
2061740 1d7b1d7e 1d7c1d7a 1d811d80 1d761d82
2061760 1d781d7c 1d751d73 1d7c1d73 1d7b1d84
2062000 1d781d7d 1d7d1d79 1d761d76 1d761d74
2062020 1d811d75 1d771d7b 1d7f1d7d 1d771d73
2062040 1d7c1d81 1d811d80 1d7e1d79 1d811d7d
2062060 1d7a1d7c 1d7d1d7a 1d7b1d7a 1d7e1d7b
2062100 1d791d85 1d891d84 1d861d84 1d881d81
2062120 1d7c1d84 1d891d86 1d841d82 1d871d89
2062140 1d851d86 1d8c1d88 1d881d87 1d8d1d86
2062160 1d8f1d8a 1d8b1d7d 1d871d8c 1d861d8e
2062200 1d991d99 1d911d8f 1d881d83 1d871d88
2062220 1d8c1d82 1d901d8d 1d951d96 1d921d94
2062240 1d921d9a 1d9c1d9c 1d9b1da0 1d931d93
2062260 1d901d97 1d901d92 1d941d9e 1d971d9e
2062300 1d951d95 1d911d93 1d931d92 1d981d8f
2062320 1da01d95 1d961d99 1d991d9a 1d9c1d99
2062340 1d9f1d9d 1d9b1da1 1da11da1 1da11da5
2062360 1da91da4 1db01dab 1da71dad 1dac1da4
2062400 1dab1dad 1daa1da7 1dae1daa 1db11da8
2062420 1daf1db3 1da61dab 1da31dab 1da91da2
2062440 1dad1da9 1db31da8 1dad1daf 1dae1daa
2062460 1db71db4 1db51db6 1dbb1db4 1db91db5
2062500 1db71dbf 1db41dbc 1db31dbc 1db51db6
2062520 1db61dbc 1dba1db8 1dbe1dc0 1dc11dbb
2062540 1dbb1dbe 1db51dbd 1db01db0 1db61db3
2062560 1db81db3 1dbe1dad 1dba1db7 1dbc1db6
2062600 1dc51dc5 1dc21dc0 1dc51dc9 1dc51dc4
2062620 1dc71dc6 1dc41dc7 1dc71dc8 1dc31dc4
2062640 1dcc1dc9 1dc81dca 1dca1dd0 1dca1dcc
2062660 1dc41dc7 1dc51dc1 1dd21dcf 1dd01dcc
2062700 1dca1dd1 1dd91dcd 1dcc1dce 1dd51dd3
2062720 1dda1dda 1dda1dd7 1ddd1dd8 1ddd1ddf
2062740 1de21ddb 1de11de0 1de51de3 1dea1de2
2062760 1de21ddf 1dd91de1 1de11ddc 1de11dd9
2063000 1de91de4 1de11de2 1dee1de3 1de01de9
2063020 1de71de5 1de41de8 1dee1ded 1deb1dec
2063040 1dec1df0 1def1def 1def1dec 1def1ded
2063060 1df31df0 1df71df7 1df81df6 1df51df3
2063100 1dfc1df7 1dff1dfe 1e051e02 1e061e03
2063120 1e041e03 1e081e02 1df71dfb 1e051e03
2063140 1e001e0a 1e021df8 1dfe1e00 1e001dfb
2063160 1e0a1e12 1e0d1e0b 1e091e03 1e081e11
2063200 1e061e06 1e061e06 1e0d1e12 1e0c1e0d
2063220 1e111e0f 1e071e0f 1e0c1e09 1e0f1e0a
2063240 1e0f1e0b 1e171e12 1e111e15 1e181e18
2063260 1e231e1c 1e221e26 1e221e26 1e251e23
2063300 1e241e24 1e1c1e1c 1e231e1c 1e1e1e20
2063320 1e271e23 1e2f1e2e 1e281e29 1e281e26
2063340 1e291e26 1e221e22 1e241e21 1e2b1e24
2063360 1e2e1e2b 1e231e25 1e2c1e25 1e331e2a
2063400 1e2a1e2d 1e291e2d 1e331e2e 1e2a1e2b
2063420 1e381e3b 1e381e2e 1e301e30 1e2a1e2e
2063440 1e291e2b 1e2f1e33 1e2f1e2f 1e3b1e2f
2063460 1e381e37 1e311e2e 1e3d1e39 1e371e3c
2063500 1e3a1e35 1e361e3d 1e3a1e36 1e391e39
2063520 1e321e36 1e371e35 1e3a1e37 1e3b1e35
2063540 1e461e3e 1e441e44 1e3c1e46 1e3b1e37
2063560 1e371e33 1e331e32 1e381e36 1e3f1e37
2063600 1e3e1e3c 1e391e3c 1e471e44 1e451e3f
2063620 1e421e46 1e461e43 1e411e41 1e431e41
2063640 1e411e43 1e421e42 1e451e3e 1e471e3f
2063660 1e4d1e4f 1e481e42 1e471e4d 1e4a1e44
2063700 1e4e1e4e 1e4b1e51 1e451e4d 1e4a1e47
2063720 1e521e4b 1e4d1e4d 1e501e4d 1e4c1e4f
2063740 1e4f1e4e 1e471e48 1e401e45 1e531e45
2063760 1e4b1e4d 1e491e49 1e471e49 1e471e4e
2064000 1e451e48 1e481e49 1e481e47 1e4e1e51
2064020 1e511e52 1e521e51 1e501e4b 1e4a1e4f
2064040 1e4e1e4f 1e551e54 1e541e50 1e501e4d
2064060 1e511e48 1e531e56 1e511e55 1e511e54
2064100 1e5d1e55 1e5a1e58 1e5b1e61 1e611e5e
2064120 1e601e5f 1e5f1e5b 1e5b1e5b 1e611e5f
2064140 1e611e68 1e5d1e60 1e621e56 1e5f1e58
2064160 1e5c1e55 1e5c1e58 1e621e63 1e5f1e60
2064200 1e631e60 1e681e60 1e641e66 1e651e64
2064220 1e6d1e6a 1e601e6a 1e671e68 1e5f1e63
2064240 1e691e6c 1e6d1e66 1e6c1e6c 1e601e68
2064260 1e641e64 1e6c1e63 1e681e69 1e691e68
2064300 1e6a1e6d 1e721e71 1e731e74 1e6f1e6b
2064320 1e681e66 1e631e65 1e671e63 1e6b1e6c
2064340 1e6b1e6f 1e6c1e6c 1e681e67 1e701e6d
2064360 1e721e6f 1e6a1e6a 1e771e75 1e6c1e70
2064400 1e6f1e6e 1e701e6e 1e771e74 1e771e79
2064420 1e741e74 1e771e7d 1e771e78 1e7f1e75
2064440 1e851e81 1e7e1e7b 1e6f1e75 1e771e7a
2064460 1e6f1e72 1e751e71 1e7d1e7e 1e7d1e79
2064500 1e7c1e7d 1e7f1e7a 1e861e83 1e7c1e77
2064520 1e7a1e7e 1e851e7f 1e8f1e84 1e8e1e87
2064540 1e831e8a 1e891e8a 1e8b1e8a 1e871e86
2064560 1e8c1e8d 1e821e87 1e811e81 1e801e7f
2064600 1e8d1e84 1e881e90 1e8b1e8c 1e8b1e8b
2064620 1e8f1e8f 1e971e8b 1e931e8f 1e8c1e98
2064640 1e891e8a 1e8f1e96 1e8e1e8b 1e911e8d
2064660 1e931e97 1ea11e9c 1e941e9b 1e8e1e93
2064700 1e8f1e94 1e8f1e92 1e971e94 1e9c1e9c
2064720 1e9c1e9a 1e971e93 1e991e95 1e981e90
2064740 1e9a1e94 1e9a1e99 1e991e9c 1ea51ea2
2064760 1e9d1ea2 1ea21e9f 1ea21ea2 1ea01e9b
2065000 1ea01e96 1e9b1e97 1ea11ea2 1e971e9a
2065020 1e9a1e9a 1e971e9f 1e9f1ea3 1ea71ea5
2065040 1ea51ea3 1ea61ea6 1ea51ea8 1e9f1ea5
2065060 1ea41ea3 1ea81ea4 1ea81ea8 1e9f1ea2
2065100 1ea01e9c 1eaa1ea7 1ea51e99 1eac1eaa
2065120 1ea91ea7 1ead1ea1 1ea21ea6 1ea51ea6
2065140 1ea91ea2 1eb51eae 1eae1eb1 1eb41eb2
2065160 1ead1eb0 1eb21eb1 1eb61eb1 1eb11eb3
2065200 1eb61eb1 1eb41eb6 1eb51eb2 1eb51eb0
2065220 1eb31eb7 1eb91ebb 1ec01ec1 1ebd1eba
2065240 1ec01ebc 1ebd1ebb 1ec41ec0 1ebf1ec5
2065260 1ec61ebd 1ec71ec9 1ec01ebe 1ec51ec4
2065300 1ec41ebe 1ec71ec2 1ebc1ec1 1ebf1ec5
2065320 1ec51ec6 1ec21ebb 1ec91ec4 1ec41ec8
2065340 1ecd1ed0 1ecc1ed6 1ecb1ec3 1ed51ed5
2065360 1ecf1ecf 1ece1ecc 1edb1edc 1ed51ed5
2065400 1ed61ed1 1ed31ed1 1ecd1ed3 1ecf1ed8
2065420 1ed21ed3 1ed31ed8 1ed61ed3 1ed31ed7
2065440 1ed71ed8 1ed41ed4 1ed71ed5 1edf1ed5
2065460 1ed61ede 1ede1ede 1ee01ee4 1ee81ed7
2065500 1ede1ee5 1edb1ee0 1ed91ed9 1ed21ed8
2065520 1ee21eda 1ee71ee2 1ee01ee2 1ee11ee9
2065540 1ee51ee0 1eec1ee8 1ee81eea 1ee71ee4
2065560 1ee71eee 1eea1ee9 1ee71ee9 1ee81eec
2065600 1ee51eed 1ee11eea 1ee41ee3 1ee81ee8
2065620 1ee21eeb 1ee21ee9 1edd1edd 1ed91edf
2065640 1ee21ee1 1eea1ee6 1eee1eeb 1eee1ef1
2065660 1ef11eec 1ef11eee 1eeb1eec 1eeb1ee8
2065700 1ee91eec 1eec1eea 1ee41ee7 1ee31ee4
2065720 1ee51edd 1ee61eec 1eee1eec 1eec1eef
2065740 1ef01ef0 1ef01eec 1ef31ef4 1ef41ef4
2065760 1ef41eec 1ef31ef2 1eed1ef0 1ef91eee
2066000 1ef91efa 1ef51ef9 1ef21ef3 1eed1ef5
2066020 1ef11efa 1efa1ef5 1ef51ef1 1ef31ef1
2066040 1ef71ef0 1eeb1ef6 1ef51eee 1ef51ef8
2066060 1eed1efd 1ef31eed 1ef61eff 1ef41eee
2066100 1eff1ef4 1ef61ef8 1ef41ef6 1ef01ef6
2066120 1ef31ef7 1efa1ef4 1efd1ef9 1ef71ef9
2066140 1ef71f02 1ef61ef9 1efa1ef5 1efa1ef9
2066160 1ef71ef9 1efc1ef8 1ef71efa 1f021efa
2066200 1f051f02 1efd1f03 1ef91eff 1efc1efc
2066220 1efb1f00 1f061eff 1eff1f08 1f071f0a
2066240 1f031f01 1efd1f02 1ef91ef9 1ef81f01
2066260 1f001efc 1f051f00 1f031f00 1f081f0d
2066300 1f0c1f08 1f081f0d 1f001f02 1f021eff
2066320 1f0e1efc 1f0a1f05 1f091f11 1f0e1f02
2066340 1f0d1f14 1f0e1f0c 1f091f09 1f001f01
2066360 1f111f0a 1f121f0d 1f1a1f13 1f111f17
2066400 1f101f12 1f0c1f0d 1f0e1f0b 1f121f0b
2066420 1f181f14 1f121f19 1f141f17 1f101f10
2066440 1f171f1b 1f131f13 1f111f17 1f141f10
2066460 1f261f12 1f1f1f1b 1f1e1f1d 1f1a1f1d
2066500 1f181f1c 1f1f1f14 1f1a1f18 1f221f1d
2066520 1f281f28 1f311f29 1f311f2a 1f241f25
2066540 1f1d1f1f 1f271f23 1f271f23 1f271f2a
2066560 1f271f25 1f2e1f28 1f291f2b 1f281f24
2066600 1f301f2c 1f2c1f2e 1f2d1f30 1f2b1f29
2066620 1f2e1f30 1f2e1f26 1f281f29 1f351f2a
2066640 1f361f32 1f2a1f32 1f301f2b 1f2e1f2b
2066660 1f321f2f 1f301f36 1f311f2d 1f351f34
2066700 1f351f31 1f381f38 1f381f38 1f3c1f35
2066720 1f3e1f3b 1f3f1f42 1f381f3c 1f3a1f37
2066740 1f3a1f3c 1f421f41 1f401f3f 1f431f44
2066760 1f411f47 1f3f1f3d 1f3b1f3e 1f3a1f3c
2067000 1f461f40 1f441f43 1f411f40 1f3d1f3f
2067020 1f431f43 1f3c1f3b 1f411f47 1f411f4b
2067040 1f4c1f46 1f421f42 1f451f45 1f431f48
2067060 1f471f43 1f4e1f47 1f471f4d 1f4a1f43
2067100 1f561f51 1f511f4b 1f561f4d 1f551f59
2067120 1f531f56 1f571f50 1f541f4d 1f521f4b
2067140 1f491f48 1f4c1f43 1f4f1f4f 1f581f53
2067160 1f581f54 1f5b1f61 1f541f55 1f531f55
2067200 1f531f57 1f531f57 1f4c1f50 1f561f55
2067220 1f531f52 1f5b1f59 1f5a1f58 1f551f59
2067240 1f571f5a 1f551f5f 1f561f54 1f5e1f5f
2067260 1f641f5d 1f691f5f 1f5a1f61 1f591f5b
2067300 1f581f5e 1f531f5e 1f5c1f58 1f611f67
2067320 1f671f63 1f661f60 1f661f66 1f631f66
2067340 1f611f69 1f611f63 1f5e1f65 1f5b1f62
2067360 1f5f1f65 1f651f63 1f641f64 1f631f63
2067400 1f681f5c 1f681f62 1f661f6d 1f681f6b
2067420 1f6a1f6b 1f6a1f70 1f6a1f6d 1f6b1f69
2067440 1f6a1f65 1f6b1f68 1f641f69 1f681f6a
2067460 1f6e1f70 1f681f67 1f6d1f65 1f691f66
2067500 1f6c1f6a 1f6e1f6d 1f741f75 1f711f6c
2067520 1f701f72 1f6d1f6f 1f711f71 1f791f75
2067540 1f7f1f7e 1f7b1f7c 1f7e1f7c 1f6b1f6d
2067560 1f751f75 1f6c1f6f 1f741f6f 1f741f74
2067600 1f781f72 1f7a1f74 1f781f70 1f791f77
2067620 1f7c1f7a 1f741f7d 1f761f71 1f791f75
2067640 1f7c1f74 1f781f7b 1f811f81 1f7c1f7d
2067660 1f781f78 1f7b1f75 1f771f77 1f811f7a
2067700 1f861f88 1f811f7d 1f7a1f81 1f7e1f7e
2067720 1f811f86 1f841f80 1f851f88 1f801f86
2067740 1f821f7d 1f861f8a 1f881f86 1f871f85
2067760 1f881f8c 1f841f87 1f841f83 1f851f8c
2070000 1f8b1f84 1f861f85 1f891f8a 1f8e1f8b
2070020 1f911f8e 1f891f96 1f8b1f88 1f8d1f8e
2070040 1f8a1f8e 1f891f8c 1f861f80 1f891f7e
2070060 1f821f93 1f881f8b 1f8a1f8c 1f871f81
2070100 1f901f8c 1f931f8e 1f8a1f93 1f8a1f90
2070120 1f8e1f88 1f8c1f88 1f8a1f8e 1f901f8e
2070140 1f8c1f8e 1f8c1f8b 1f8b1f8b 1f8a1f8b
2070160 1f8e1f90 1f8a1f91 1f921f8e 1f871f88
2070200 1f831f84 1f8e1f89 1f8e1f82 1f8e1f8d
2070220 1f8c1f8b 1f891f8b 1f891f8b 1f8a1f89
2070240 1f891f89 1f821f82 1f851f87 1f901f8d
2070260 1f991f90 1f8b1f8d 1f8f1f8b 1f871f8e
2070300 1f881f85 1f8d1f8a 1f8f1f8e 1f8d1f91
2070320 1f811f8b 1f8b1f88 1f921f94 1f931f9b
2070340 1f881f92 1f881f8b 1f831f88 1f891f8f
2070360 1f881f8c 1f8d1f85 1f911f8d 1f8e1f94
2070400 1f911f8f 1f981f8b 1f981f93 1f921f92
2070420 1f8e1f95 1f911f93 1f961f8f 1f931f90
2070440 1f8a1f8b 1f881f93 1f921f89 1fa01f91
2070460 1f991f99 1f971f98 1f981f9a 1f991f9a
2070500 1f981f91 1f9c1f95 1f9e1f9c 1f9f1f9f
2070520 1f9f1f9a 1f971f99 1fa41f9b 1f9a1fa2
2070540 1fa61f9f 1f9a1f9e 1fa21f9d 1f981f99
2070560 1f991f99 1fa51fa4 1fab1fa1 1fa71fa4
2070600 1fa01fa4 1f9f1fa0 1fa71faa 1faa1fab
2070620 1fac1fa8 1fa81faf 1f9f1fa9 1fa61fa3
2070640 1faa1fa8 1fb31fa9 1faa1fa5 1fa81fa9
2070660 1fa91fab 1fb01faf 1fb51fb1 1fb61fb7
2070700 1fb61fb3 1fbe1fb6 1fc11fba 1fbd1fbe
2070720 1fb11fb9 1fb41fb5 1fb91fc0 1fbc1fbe
2070740 1fbd1fb6 1fbd1fbd 1fc01fbf 1fb71fc0
2070760 1fbd1fb7 1fb41fb8 1fc01fb4 1fb71fbc
2071000 1fbf1fc1 1fb71fb5 1fc41fc2 1fbd1fbd
2071020 1fb51fbc 1fbe1fc0 1fc51fcb 1fc21fc4
2071040 1fc71fc0 1fca1fc8 1fce1fd2 1fc91fca
2071060 1fcb1fc7 1fd01fca 1fd31fce 1fc71fd0
2071100 1fce1fcf 1fce1fcd 1fc91fc9 1fc61fc9
2071120 1fca1fc8 1fcc1fc8 1fd41fcc 1fcd1fd0
2071140 1fcf1fcb 1fdb1fd8 1fde1fd7 1fd61fda
2071160 1fd91fda 1fe11fdb 1fe21fe2 1fdb1fdb
2071200 1fe41fdc 1fdc1fe2 1fdb1fe4 1fde1fd9
2071220 1fdf1fd9 1fea1fe5 1fdb1fdd 1fdb1fdf
2071240 1fe71fda 1fe01fe7 1fe81fda 1fe01fe8
2071260 1fe61fe0 1fec1feb 1fe81fef 1fec1ff0
2071300 1fe81fea 1ff01fec 1fe91fed 1fe61fe4
2071320 1fed1fe4 1fec1fec 1fe91fed 1fec1feb
2071340 1fe81fe3 1fec1fe8 1ff01ff4 1fe21fee
2071360 1ff01fe9 1fe91fed 1ff21fef 1fee1ff3
2071400 1ff71ff4 1ff61ff5 1ffa1ff4 1ff91ffa
2071420 1ff81ffe 1ffa1ff9 1ff71ff7 1ff91ff5
2071440 1ff41ff1 1ff01ff2 1ff01ff5 1ff11ff8
2071460 1ff81ff9 1ffa1ff5 1ff71ffa 1ffa1ff5
2071500 1ff61ffb 1feb1ff6 1ff91fee 1ff71ffe
2071520 1ffb1ff7 1ff81ff7 1ff61ff6 1ffb1ff7
2071540 1ffe1ffa 1ffa1ff4 1ffd1ffd 20002001
2071560 1fff1ffb 1ff91fff 20002003 20021ffd
2071600 20002006 20011ffd 20011ffe 1ff81fff
2071620 20022004 20042003 20051ffd 20072007
2071640 1ff82006 20042007 20001ffa 20001ff1
2071660 20021ffa 20041ffd 200b200b 20032005
2071700 20092007 20092008 200d200a 2007200a
2071720 20072003 20092004 20042001 20072001
2071740 20072004 2018200b 20112012 20072012
2071760 2004200a 2004200d 20062005 20072009
2072000 200a2008 20042003 200e2008 2008200d
2072020 20082004 2010200f 20112014 200e2014
2072040 200e2010 200f2017 20142012 200e2013
2072060 20182014 2014200f 201b2019 201b201a
2072100 20112015 20102013 20112011 2010200b
2072120 2011200d 20162012 20192013 2017201e
2072140 20162017 20192018 20152014 200e2013
2072160 200d2008 2013200d 20132014 20122017
2072200 200d2011 20112007 200b2010 2006200c
2072220 20152009 200d2011 200f200a 2009200c
2072240 200c200c 2013200c 20112012 2010200f
2072260 200c2012 200f200c 200a2010 2006200e
2072300 20092004 20072007 20062008 20112004
2072320 200e2014 2007200c 200e2008 200f2011
2072340 2007200c 2008200a 20032006 20062008
2072360 20042007 20082006 20052005 200a2000
2072400 20092003 20032001 200b200b 200e2008
2072420 200a200e 200d200f 200d200c 20102014
2072440 20092012 200a2005 200b2005 200a2008
2072460 2008200b 20032008 20031ffb 20052007
2072500 20122007 200a2012 2008200f 200b200d
2072520 20052008 200c200d 2008200f 200d2010
2072540 200e2003 20072004 2009200b 20062009
2072560 2007200d 200b2009 200a2002 20062005
2072600 200f200c 200f200f 2012200c 2014200d
2072620 200d200d 200c2010 20132013 200f200e
2072640 2009200b 200e200c 200e2010 2011200e
2072660 2013200e 20112015 20192013 200d200f
2072700 200d2012 20122013 201b2014 20172010
2072720 200d2010 20112012 2016200c 200e201a
2072740 200d2008 20052008 200a2008 20112011
2072760 200f2013 2008200e 200f200c 20162014
2073000 20182014 201d2011 20132015 200f2011
2073020 20142014 20112014 200f200d 201e2015
2073040 2017201c 2017201d 201e201a 2026201e
2073060 2021201d 20202021 20222024 20242024
2073100 2029201e 202d202d 202b202b 20262029
2073120 20262027 20282025 201f2025 20232029
2073140 20222029 202b202c 20362035 20372036
2073160 20332035 20262031 202b2025 20342031
2073200 203c2037 20392041 2035203c 202e2037
2073220 2032202f 20372031 20352030 2030202f
2073240 20322035 203a2039 203f203e 20432041
2073260 2044203f 20492044 20442045 203b203e
2073300 20432044 203c2045 20492045 204b2044
2073320 2044204f 204b2049 204f204a 2048204a
2073340 204d204c 204c2058 20542054 20532058
2073360 2052204b 205a2050 20552056 204f2051
2073400 20582058 2059205b 20542054 2053204d
2073420 204f2050 20542054 20532054 205a2056
2073440 20572057 2060205e 205f205e 206a205a
2073460 20642060 20602062 205e206a 205f2062
2073500 20662062 206a2065 2067206c 2067206e
2073520 206c206c 20652067 20712074 206f206d
2073540 206c2069 2071206f 206f206d 206f2071
2073560 206d2069 20752073 20752078 20722071
2073600 2076206d 20702074 20762078 20702072
2073620 20742074 20772076 20772071 207e207c
2073640 20792075 20772078 207b2074 207f207c
2073660 207c207c 2080207c 2079207c 207e207a
2073700 207c2079 207e207e 207b2085 207d207d
2073720 20822082 2079207a 2077207e 207a2080
2073740 207a207e 20772075 2081207a 207b2080
2073760 2086208a 20882084 20822089 2082207d
2074000 20802088 20812084 20812084 20872082
2074020 208b2086 20802084 20892089 20882088
2074040 207f208a 20842079 2085208a 2089208e
2074060 2089208b 208c2086 20902088 208a208c
2074100 2089208e 208f208a 20902086 2086208f
2074120 208a2089 2086208b 208b2089 20922090
2074140 208e2094 208f208f 20882090 20862092
2074160 20952086 208d2091 2095208a 20942095
2074200 20952092 20942094 20942092 20922090
2074220 20992090 209a2097 209e2097 20a0209d
2074240 20922099 20902095 208f2090 20942092
2074260 20952091 209a2096 2094209b 20922090
2074300 209b2096 20962097 20952097 208f2097
2074320 20942093 2090208b 20922091 208d2093
2074340 208e208f 20902092 208d208c 2091208b
2074360 2086208c 2094208d 20992092 2090208c
2074400 208e2090 208d208e 2096208a 2090208b
2074420 2098208e 20942091 2096208f 2091209a
2074440 20972091 208f2095 208e2094 208b208e
2074460 2086208f 208f2088 2086208c 20882086
2074500 20822084 207f2081 20802081 2083207f
2074520 20832084 20832081 208b2086 208a208e
2074540 207f2084 20852082 2085207f 208c208d
2074560 208c2086 2085208d 20842084 20892084
2074600 20842082 20792081 2073207c 20742073
2074620 20822079 20802079 20742073 2077207f
2074640 2077207c 20782074 20752077 20792075
2074660 207d2076 20742072 2071206f 207e2081
2074700 20792076 20812085 207a2081 207e207e
2074720 20832084 20832084 207f2085 207f207b
2074740 207b2077 2079207e 207b2073 207a207c
2074760 20782071 2070207b 2074206f 206f206f
2075000 20772076 207a2078 2079207b 206f207d
2075020 20762072 2072206d 206e206a 206d206c
2075040 20702073 20782072 207b2077 2079207c
2075060 2071206c 20762077 207a2075 207a2076
2075100 207a2071 20702078 2077207b 20712077
2075120 20722078 206c206f 20702072 206e2079
2075140 206a206a 2070206d 207c2071 20752077
2075160 2074207c 206b206f 2077206e 207b207c
2075200 20762083 207b2076 20802079 2082207f
2075220 20802083 20812083 20822082 2087208b
2075240 20832083 207c2082 207e2084 207b2081
2075260 20832085 20812083 207c207f 207c2084
2075300 20872087 20832084 2088207f 2088208a
2075320 20842086 20892090 208a208a 208f2089
2075340 208a2088 20822083 20832086 20872083
2075360 20832088 20882083 208b2088 2089208d
2075400 20842087 20912090 2091208c 20952095
2075420 20942094 20952094 20912091 2094208c
2075440 2091208a 208f2090 20962097 20992093
2075460 2093209b 2094209e 209b209b 209d20a3
2075500 209e209b 20a420a3 20a120a1 20a520a4
2075520 20a420a6 20a520a4 209c20a7 20a620a1
2075540 20a720a7 20a5209f 20a02098 20a720a0
2075560 20a920a7 20b120ac 20a920a8 20b320b1
2075600 20b120ab 20ab20ae 20a620ac 209f20a1
2075620 20ac20a3 20ac20a9 20ae20ad 20ac20b1
2075640 20ae20b2 20bf20b9 20b220ba 20bb20ba
2075660 20b620b3 20bd20bd 20c120b6 20ba20b8
2075700 20b420bb 20b420b8 20c520bc 20cb20c2
2075720 20c720c4 20c920c8 20c820cb 20cd20c9
2075740 20c220c6 20bd20c5 20be20bd 20c720c2
2075760 20cb20c4 20cd20c5 20d320d0 20cc20c7
2076000 20c920cc 20cc20c9 20cf20cb 20d420cf
2076020 20cc20d0 20cd20d1 20cd20c8 20d620cf
2076040 20d020cd 20d120d6 20db20d7 20db20da
2076060 20d920da 20d720d8 20d020d2 20d620d3
2076100 20dc20db 20d620de 20cb20d3 20d820c9
2076120 20d120df 20de20d8 20db20db 20e520e1
2076140 20e420e4 20e020e9 20df20e6 20d920da
2076160 20db20d3 20e820dc 20e120e8 20e020e7
2076200 20ed20e9 20e820e8 20e920f1 20eb20ee
2076220 20ec20ea 20eb20e3 20e420e1 20dd20e8
2076240 20e720ea 20e620eb 20ec20e7 20eb20f0
2076260 20ec20ef 20ee20ef 20f020f1 20f120e8
2076300 20f620ee 20f220f3 20f820f0 20ee20f5
2076320 20f420ea 20f120ee 20fb20f2 20fa2100
2076340 20f420f1 20f320f3 20ef20f1 20f320f7
2076360 20ef20f5 20fd20fc 20ff2100 20f920fb
2076400 20f720fc 20fd20ff 210b2106 2106210c
2076420 20fd20fd 20f720fb 20f520f7 20fe20f5
2076440 20fe20fa 210120ff 20fc20fc 20fe20fb
2076460 210120fe 21032104 21042103 20ff2104
2076500 20f920f7 20fc20ff 20f720fa 20fe20f9
2076520 20fb20fa 21022103 210120fe 210620f8
2076540 2105210b 20fd2103 21012105 21022102
2076560 21042107 21002104 20fc20fb 20ff2106
2076600 210520fe 20fb20ff 20f92100 210420f6
2076620 20f720fb 20ee20f9 20f820f9 20f020f3
2076640 20fd2100 20fb20fd 20f92102 20ff2109
2076660 21072102 21032102 20ff20f9 210420fd
2076700 20f420f4 20f220ef 20ef20f4 20f320f9
2076720 20f820f3 20ee20f1 20f220f1 20ea20ea
2076740 20ee20ed 20e920ec 20e920eb 20ee20e8
2076760 20ef20ea 20f120f0 20f020f4 20e520ec
2077000 20e520ea 20ee20e0 20f320f6 20f220f0
2077020 20ef20f5 20ee20ec 20ea20eb 20eb20ed
2077040 20ea20ed 20e920e8 20e720e9 20e520ed
2077060 20e320e4 20e920e4 20f120ea 20e320e5
2077100 20ee20ea 20e720f5 20f020ee 20f220f0
2077120 20ec20ed 20dd20e7 20db20e3 20d620da
2077140 20e020e0 20e420e3 20eb20ea 20e320ef
2077160 20d920e2 20e220de 20e120e7 20e120e0
2077200 20e120e5 20d420e1 20dd20d2 20db20da
2077220 20da20e3 20da20e0 20dd20e2 20d920dc
2077240 20d820dc 20d620d7 20d420d9 20dc20dc
2077260 20df20da 20da20d9 20d920e1 20d120d5
2077300 20da20de 20df20d9 20e220dd 20d720dd
2077320 20db20dc 20cf20d4 20ce20d1 20d020cb
2077340 20d020c3 20d220da 20d520cf 20d620cd
2077360 20db20d5 20d820d4 20d920de 20d620d2
2077400 20d820d7 20d520d7 20d420d0 20d520d7
2077420 20de20e1 20da20e0 20d720d2 20d020d2
2077440 20e120e1 20dc20d6 20dd20d4 20df20e2
2077460 20d720d5 20d520d9 20d620d5 20d820d6
2077500 20d820d3 20da20da 20d720dc 20d820d6
2077520 20d920d4 20d420d5 20d620d8 20d520d9
2077540 20d720d4 20dd20da 20db20dd 20dd20dd
2077560 20de20df 20da20db 20dd20d5 20df20da
2077600 20e220e0 20e120e7 20da20db 20e520de
2077620 20e420df 20f020eb 20ea20f0 20e820e8
2077640 20e420ea 20ec20eb 20ec20ee 20ea20e6
2077660 20e620e4 20ed20ec 20e820e6 20e720e4
2077700 20ec20e9 20e620ea 20f020e9 20ef20e9
2077720 20ed20ee 20e620e9 20e620eb 20ee20e7
2077740 20f320ec 20f020f5 20ef20f6 20f220f5
2077760 20f820f2 20f420f2 20f020f4 20f620f4
2100000 00003fe8 0001000a 01013fe8 000afe47
2100020 00000005 00000000 63e50c70 000002af
2100040 00000001 00001004 00003fe8 00000000
2100060 000000b0 0001000a 20f520f8 20f920fc
2100100 20f920fe 20f620fb 20fa2101 20fd20fb
2100120 210320f6 21002101 21072103 20fd2106
2100140 20fa2101 21022101 20fc20f5 210620ff
2100160 2106210a 21002105 21072107 21062105
2100200 21022107 210720fe 21082106 2115210a
2100220 210d210d 21072107 21062106 210b2100
2100240 210d210b 2109210d 210e210c 21132117
2100260 2116211a 21152116 21122111 210f210c
2100300 2111210f 21102116 2115210d 211b211d
2100320 21122115 21132113 2114211a 21192116
2100340 211b2119 2117211b 21162120 21252120
2100360 21292126 212c2125 212c212f 21252127
2100400 21292124 212d2122 2120212a 21252129
2100420 2126212d 212f2129 2130212b 2126212f
2100440 212f212a 212d2131 212d212e 212c2131
2100460 212e212b 2129212e 21282128 21302133
2100500 2137212f 213c2130 2134213b 213b213a
2100520 21362134 21372137 21362137 213d2132
2100540 213c2142 2137213f 21432143 213a213a
2100560 2146213e 2146214a 21402145 21472141
2100600 213d2140 21432144 213e2141 21452147
2100620 21452144 b01104ad 00001004 0001000a
2100640 00010000 03b16031 00000ffc 0001000a
2100660 1400003c add01f00 add01f01 add01f02
2100700 add01f03 add01f04 add01f05 add01f06
2100720 add01f07 add01f08 add01f09 add01f0a
2100740 add01f0b add01f0c add01f0d add01f0e
2100760 add01f0f add01f10 add01f11 add01f12
2101000 add01f13 add01f14 add01f15 add01f16
2101020 add01f17 add01f18 add01f19 add01f1a
2101040 add01f1b add01f1c add01f1d add01f1e
2101060 ff000134 00000020 00000002 bb1058a2
2101100 00000001 deadbeef f0000002 bb10588e
2101120 3b0b26b3 00000000 00000134 00001f48
2101140 a01004ae 21d52142 21d521c5 21c621ca
2101160 21da21ca 21cb21d3 21d221cd 21c821cf
2101200 21cb21cd 21ca21c9 21c821c9 21cc21cd
2101220 21cb21c6 21d121d1 21cc21ce 21d021d1
2101240 21cc21d1 21ca21cd 21ce21c9 21c821cd
2101260 21d021d3 21ce21d5 21c921cd 21c521c6
2101300 21c921c9 21ce21d1 21d321d1 21d421d4
2101320 21d321d3 21ce21cd 21cb21d0 21cb21ce
2101340 21d421ce 21d121d1 21db21d4 21dc21e0
2101360 21de21de 21da21db 21d721d6 21d321d5
2101400 21d521d8 21d521d6 21d521d4 21dc21d8
2101420 21dd21da 21e421e4 21df21dd 21e421e1
2101440 21dc21e4 21e221dc 21dc21e3 21db21d7
2101460 21e221da 21e221e1 21e421e5 21ea21eb
2101500 21e721e7 21e621e8 21ec21ea 21f121ec
2101520 21f121fb 21f221ee 21f121ec 21f121f0
2101540 21f621f3 21f721f1 21ed21f1 21f621f4
2101560 21f121f3 21f621f4 21f421f0 21f221f1
2101600 21f221f9 21fc21f6 21fd21fb 21f62202
2101620 20c921b0 1ef31fcc 1de91e4d 1d7c1da8
2101640 1d581d67 1d4a1d4e 1d471d44 1d441d47
2101660 1d3f1d44 1d481d54 1d451d43 1d4e1d4d
2101700 1d3a1d44 1d3f1d44 1d431d46 1d471d45
2101720 1d4a1d44 1d401d40 1d371d41 1d3e1d3d
2101740 1d4b1d43 1d4a1d4a 1d431d47 1d411d43
2101760 1d421d49 1d4c1d48 1d511d50 1d551d55
2102000 1d4d1d55 1d581d53 1d551d5a 1d5b1d54
2102020 1d571d58 1d551d5a 1d501d54 1d591d56
2102040 1d5d1d5b 1d591d57 1d601d5a 1d611d63
2102060 1d5e1d61 1d5f1d62 1d5f1d55 1d631d61
2102100 1d651d67 1d611d64 1d681d64 1d6a1d69
2102120 1d691d65 1d6a1d6a 1d671d72 1d741d6e
2102140 1d691d6c 1d631d65 1d661d6b 1d6c1d69
2102160 1d721d70 1d741d71 1d711d74 1d6d1d6e
2102200 1d6e1d6f 1d781d6e 1d7a1d78 1d7f1d7c
2102220 1d7a1d7b 1d811d7e 1d851d7c 1d841d88
2102240 1d8d1d8e 1d891d85 1d891d89 1d8a1d86
2102260 1d871d8d 1d8a1d88 1d951d91 1d8e1d8f
2102300 1d931d90 1d941d97 1d8d1d8d 1d871d8e
2102320 1d891d89 1d941d8f 1d8f1d8f 1d911d90
2102340 1d911d92 1d941d90 1d911d91 1d941d91
2102360 1d911d91 1d901d93 1da01d9c 1d9c1d95
2102400 1d921d9f 1d931d8f 1d931d9b 1d981d97
2102420 1d9d1d9a 1d9c1d9a 1d9b1d9c 1d991d9b
2102440 1d9e1d9a 1d981d99 1da11da1 1da41da3
2102460 1d9d1da6 1d9f1da4 1da21da3 1da61da2
2102500 1da61da7 1da71daa 1da01da5 1da11da4
2102520 1d9e1d9b 1d9f1da9 1da61da6 1da31da4
2102540 1da71da5 1da21da2 1d9b1d9b 1da81da6
2102560 1dae1daf 1db41db0 1db11db3 1daf1dab
2102600 1da31dab 1dab1dac 1daa1dad 1dab1da6
2102620 1da91daa 1d991da2 1d9c1d9d 1d971da2
2102640 1da21d93 1da61d9b 1da81daf 1da41da1
2102660 1da21da1 1da91da6 1da91daa 1dac1daf
2102700 1da81dae 1da51da3 1da71da4 1dac1da9
2102720 1dac1dac 1da51da2 1dad1dac 1da51da5
2102740 1da51da4 1dac1da7 1da61da9 1da21da6
2102760 1d9e1d97 1da31da3 1da31da2 1d9d1da4
2103000 1da61da4 1da41da1 1da21da6 1da91da9
2103020 1da61da5 1da41da3 1da71da7 1da01da8
2103040 1da31da9 1da41da5 1da41daf 1da61daa
2103060 1da11da5 1daa1da8 1da91da2 1daa1da8
2103100 1da51da8 1da71dac 1da91db0 1d9f1da1
2103120 1daa1daa 1d9b1da1 1da71da5 1db21db2
2103140 1dad1da6 1da81dac 1da41d9e 1da41da6
2103160 1da61da7 1dab1da5 1daf1da6 1da01daf
2103200 1dab1dad 1dae1db0 1da31dad 1daa1d9e
2103220 1da41da9 1da91daa 1da91dac 1da61da0
2103240 1da81da3 1db61da3 1db01db7 1dbf1dae
2103260 1dbe1dbb 1db71db4 1dad1db3 1dae1db3
2103300 1dae1db0 1db11db2 1db01db1 1db01db0
2103320 1dac1dad 1db91db8 1db31dbe 1dbc1db3
2103340 1dba1db7 1db71db6 1dbb1db8 1db21db7
2103360 1dbc1db7 1db91dbe 1db11db7 1db51dbb
2103400 1dbd1db0 1dbf1dbc 1dc21dc7 1dc51dc1
2103420 1dc01dc3 1dc11dba 1dba1dbc 1db81dba
2103440 1dbc1dbb 1dc61dbe 1dc71dca 1dc81dc9
2103460 1dc41dcb 1dc51dc9 1dca1dcb 1dd01dce
2103500 1dcd1dcd 1dcf1dce 1dd01dcb 1dce1dcc
2103520 1dc91dca 1dd51dcc 1dcf1dcf 1dcf1dd3
2103540 1dd71dd1 1dd51dcf 1dd31dd7 1dd41dd3
2103560 1dd61ddb 1dd71ddc 1dd31dd6 1dd71dd1
2103600 1dd91dd6 1dd41dd6 1dd01dd8 1de51dda
2103620 1de81ddb 1dde1de5 1de01ddc 1de41de1
2103640 1de71de9 1de41de5 1de41de4 1deb1de9
2103660 1ddf1def 1dec1de7 1df01de8 1df31def
2103700 1dee1de9 1df11df3 1df01ded 1def1df4
2103720 1df81dee 1dfa1df9 1e021e02 1e001e03
2103740 1e001dfb 1e0b1e03 1e091e05 1e081e08
2103760 1e011dfc 1e001dff 1e001e02 1dfe1dfe
2104000 1e031e02 1dfa1e03 1e091e04 1e031e09
2104020 1e041e0c 1e061e0d 1e0c1e06 1e0d1e06
2104040 1e0d1e15 1e111e0d 1e1c1e17 1e191e13
2104060 1e1d1e1d 1e141e17 1e171e09 1e231e1d
2104100 1e201e1f 1e171e17 1e1a1e1a 1e151e15
2104120 1e1b1e1b 1e221e25 1e161e18 1e161e1b
2104140 1e1e1e1c 1e231e1e 1e281e20 1e241e23
2104160 1e1c1e23 1e221e1d 1e241e1f 1e201e1e
2104200 1e281e22 1e2a1e24 1e331e32 1e2a1e31
2104220 1e2a1e2a 1e2b1e2a 1e2a1e29 1e2c1e25
2104240 1e2d1e2e 1e2a1e2c 1e2a1e31 1e2e1e2e
2104260 1e371e30 1e371e3c 1e391e36 1e3e1e38
2104300 1e3f1e41 1e3a1e3d 1e3d1e3a 1e3f1e3d
2104320 1e3f1e3d 1e3d1e3b 1e371e40 1e471e41
2104340 1e3b1e3a 1e471e40 1e3c1e41 1e411e3b
2104360 1e461e46 1e451e42 1e4a1e44 1e471e42
2104400 1e441e49 1e471e46 1e4b1e44 1e4c1e46
2104420 1e491e47 1e461e4a 1e501e4f 1e4f1e4e
2104440 1e511e4d 1e571e50 1e511e51 1e4c1e55
2104460 1e4e1e53 1e571e52 1e4f1e57 1e4f1e50
2104500 1e5b1e60 1e601e5e 1e5b1e57 1e571e5f
2104520 1e581e5f 1e601e62 1e5a1e61 1e5e1e5a
2104540 1e591e58 1e5a1e5b 1e591e5b 1e691e5d
2104560 1e651e62 1e691e62 1e611e66 1e601e60
2104600 1e591e5f 1e691e5f 1e651e67 1e6e1e65
2104620 1e661e6f 1e671e65 1e6e1e6b 1e691e6a
2104640 1e751e6c 1e6e1e75 1e6c1e67 1e681e6a
2104660 1e671e62 1e6e1e66 1e6e1e73 1e661e6b
2104700 1e761e6a 1e751e76 1e771e73 1e721e71
2104720 1e721e76 1e741e6f 1e761e73 1e721e6e
2104740 1e691e6d 1e681e69 1e671e60 1e6e1e6b
2104760 1e731e75 1e741e70 1e701e70 1e751e73
2105000 1e701e70 1e6f1e6e 1e6e1e75 1e731e6f
2105020 1e711e70 1e721e72 1e6f1e72 1e791e72
2105040 1e731e6f 1e721e6a 1e6f1e76 1e691e6a
2105060 1e721e7c 1e6e1e72 1e721e72 1e781e6f
2105100 1e6c1e70 1e6e1e70 1e6b1e68 1e6e1e62
2105120 1e6a1e69 1e751e6e 1e731e72 1e731e72
2105140 1e7a1e73 1e741e7b 1e711e6f 1e731e70
2105160 1e751e78 1e7a1e77 1e781e79 1e6e1e73
2105200 1e6b1e6f 1e711e6a 1e721e70 1e721e71
2105220 1e6f1e73 1e671e68 1e6c1e6e 1e6f1e66
2105240 1e781e71 1e771e78 1e771e7a 1e731e70
2105260 1e761e73 1e6a1e67 1e651e65 1e691e6d
2105300 1e711e6d 1e6f1e68 1e701e6f 1e6e1e6f
2105320 1e761e74 1e731e6c 1e7b1e77 1e741e7d
2105340 1e761e77 1e751e7b 1e791e71 1e791e7b
2105360 1e741e75 1e761e76 1e751e75 1e7b1e72
2105400 1e7a1e74 1e781e79 1e7d1e7c 1e7c1e80
2105420 1e7d1e7f 1e771e78 1e751e71 1e771e79
2105440 1e771e74 1e751e78 1e7c1e79 1e811e83
2105460 1e7d1e81 1e811e80 1e841e7f 1e8b1e83
2105500 1e841e83 1e861e82 1e821e7f 1e821e7f
2105520 1e8f1e8a 1e8e1e90 1e8d1e87 1e961e90
2105540 1e8d1e91 1e8b1e89 1e8f1e8e 1e8a1e91
2105560 1e8e1e90 1e881e89 1e911e86 1e891e96
2105600 1e911e90 1e921e93 1e911e91 1e911e94
2105620 1e8e1e8d 1e8b1e8d 1e911e98 1e911e91
2105640 1e951e94 1e971e99 1e951e99 1e931e98
2105660 1e971e96 1e901e92 1e9a1e95 1e9c1e97
2105700 1e9d1e9d 1e9d1e9f 1e9d1e9e 1ea01e9f
2105720 1ea31ea2 1ea41ea4 1ead1eaa 1ea51ea7
2105740 1ea01ea6 1eaa1eaa 1eac1eb7 1ea81ead
2105760 1eb71ead 1eaf1eb4 1ea91eae 1eb01eac
2106000 1eae1eaf 1eb31eaa 1eb61eb6 1eb81ebe
2106020 1eb01eb9 1eb31eba 1eb41eba 1eb31eb8
2106040 1ebf1ebe 1ec11ebb 1ebd1ec5 1ec31ec6
2106060 1ec21ec2 1ec01ec1 1ebf1ec7 1ebd1ebc
2106100 1ec41ec2 1ec41eba 1ec61ec1 1ec21ec8
2106120 1ec61ecb 1ec81ec5 1ec51ec2 1ec61ecf
2106140 1ec61ec0 1ec81ec7 1ec81ec1 1ec31ec5
2106160 1ec41ec7 1ed11ec9 1ed11ed2 1ed41ecf
2106200 1ed21ed3 1ed21ecf 1ede1ee0 1ed71ed4
2106220 1ed51ecb 1edb1ed2 1ed81edc 1edb1ed7
2106240 1ee21edc 1ee01ed9 1ee31ed8 1edd1edd
2106260 1ede1ee8 1ee71ee5 1eea1ede 1ede1ee4
2106300 1edb1edd 1edf1eea 1ee31edb 1ee51ee5
2106320 1ee81ee7 1eed1ee9 1eeb1eec 1ede1ee0
2106340 1ee11ee7 1ee51ee6 1ee71eea 1ee81eea
2106360 1eed1ef3 1ef11eef 1eef1ef3 1ef41ef5
2106400 1ef31ef3 1efb1eed 1ef41ef7 1ef01ef4
2106420 1eee1ef5 1ef21ef8 1ef01ef4 1efd1ef9
2106440 1efd1ef6 1ef21efa 1ef41ef6 1ef51ef3
2106460 1ef81ef4 1efa1ef3 1ef41efb 1ef91efc
2106500 1ef51ef3 1ef11eed 1ef91ef6 1ef61ef5
2106520 1f001f03 1f051f03 1efe1f07 1efb1ef6
2106540 1efd1efa 1efe1f00 1efc1efe 1f051f06
2106560 1f061f03 1f011f07 1f011f05 1f051efa
2106600 1f0d1f10 1f001f00 1f021f00 1f0a1f06
2106620 1f071f0d 1f061f08 1f071f07 1f071f13
2106640 1f0a1f17 1f101f11 1f101f0d 1f1a1f17
2106660 1f191f21 1f121f15 1f0c1f13 1f0c1f0c
2106700 1f121f0d 1f181f11 1f1e1f1f 1f1c1f1b
2106720 1f1a1f11 1f131f14 1f131f14 1f0c1f13
2106740 1f0c1f09 1f131f0f 1f1b1f14 1f191f1d
2106760 1f161f1b 1f151f19 1f1f1f16 1f131f16
2107000 1f191f1d 1f1a1f2a 1f1b1f18 1f121f23
2107020 1f161f18 1f1e1f16 1f161f1f 1f1f1f1a
2107040 1f1b1f19 1f1e1f18 1f201f15 1f171f21
2107060 1f161f11 1f1a1f15 1f1e1f17 1f1a1f1a
2107100 1f281f1d 1f1e1f20 1f211f1b 1f1a1f15
2107120 1f1b1f1a 1f231f24 1f1f1f23 1f261f22
2107140 1f1e1f1f 1f211f1f 1f211f1d 1f201f1d
2107160 1f191f15 1f1c1f1c 1f1a1f1a 1f201f20
2107200 1f1b1f1d 1f231f18 1f201f22 1f181f1d
2107220 1f241f26 1f211f22 1f231f18 1f281f1c
2107240 1f1c1f26 1f1c1f18 1f171f14 1f1c1f1b
2107260 1f1e1f1c 1f241f24 1f231f21 1f221f27
2107300 1f231f24 1f211f1c 1f181f1b 1f1c1f19
2107320 1f1a1f1f 1f1e1f1e 1f1e1f20 1f1e1f1c
2107340 1f221f22 1f171f21 1f251f1d 1f1b1f21
2107360 1f191f1c 1f201f1d 1f2a1f24 1f281f24
2107400 1f201f1f 1f221f1b 1f201f1f 1f211f20
2107420 1f191f19 1f1a1f19 1f1a1f1a 1f201f1c
2107440 1f271f23 1f231f22 1f251f27 1f261f27
2107460 1f261f28 1f1f1f24 1f221f1e 1f201f26
2107500 1f231f22 1f211f24 1f2c1f1e 1f341f24
2107520 1f1f1f29 1f1d1f1c 1f141f22 1f141f15
2107540 1f1f1f13 1f241f26 1f281f26 1f221f2c
2107560 1f251f28 1f251f20 1f281f23 1f241f23
2107600 1f1e1f26 1f221f22 1f2a1f29 1f271f32
2107620 1f2c1f2a 1f311f2c 1f281f2a 1f2b1f25
2107640 1f2c1f2e 1f341f31 1f2d1f33 1f301f2f
2107660 1f351f2f 1f351f3b 1f381f40 1f3a1f3d
2107700 1f321f36 1f331f3e 1f381f3a 1f391f38
2107720 1f3d1f40 1f3f1f37 1f3d1f39 1f411f41
2107740 1f421f44 1f451f44 1f441f42 1f3c1f46
2107760 1f451f3d 1f4d1f43 1f421f4f 1f471f44
2110000 1f491f44 1f3f1f40 1f441f43 1f411f44
2110020 1f411f47 1f471f47 1f451f48 1f4b1f49
2110040 1f511f4f 1f4c1f4f 1f4d1f48 1f471f4c
2110060 1f501f4b 1f501f4f 1f4f1f4c 1f501f4b
2110100 1f511f55 1f551f56 1f5d1f57 1f5a1f56
2110120 1f6b1f5f 1f601f63 1f601f62 1f601f63
2110140 1f641f63 1f5a1f61 1f5d1f5e 1f681f68
2110160 1f671f71 1f671f62 1f691f64 1f6d1f6b
2110200 1f631f61 1f661f5e 1f6c1f5e 1f701f6a
2110220 1f661f6c 1f6b1f6e 1f721f77 1f651f6f
2110240 1f791f73 1f701f70 1f6e1f6b 1f771f73
2110260 1f771f75 1f731f73 1f791f78 1f751f7e
2110300 1f761f7c 1f7f1f7a 1f801f7f 1f7f1f7a
2110320 1f781f81 1f831f83 1f811f7f 1f7c1f79
2110340 1f801f80 1f7e1f84 1f861f81 1f851f80
2110360 1f821f81 1f8c1f87 1f871f83 1f8c1f8d
2110400 1f8e1f8a 1f901f88 1f901f8e 1f9b1f95
2110420 1f991fa1 1f961f95 1f941f95 1f961f98
2110440 1f9a1f9c 1fa11f9a 1f941f9b 1f961f99
2110460 1f921f9b 1f9b1f98 1f971f9d 1f991f9f
2110500 1f9f1f9b 1f961f9c 1f991f9c 1f9f1fa6
2110520 1f9b1f9e 1f9f1f9b 1fa21fa0 1fa41fa6
2110540 1fa61fa6 1fa61fa4 1fa31f9d 1fab1fa9
2110560 1fa71faf 1fa91fa6 1fa71fa7 1f9e1fa3
2110600 1fa11f9c 1f9b1f9d 1fa61fa6 1fa71fa5
2110620 1f991fa1 1fa71f9c 1fa61fa3 1fae1fab
2110640 1fa71fa7 1fab1faf 1fac1fa9 1fa81fad
2110660 1fa21faa 1fa21f9e 1fa51fa0 1faa1fa6
2110700 1fa71fa7 1fac1fa9 1fad1fa7 1fb21fb2
2110720 1faf1fae 1fa91fa5 1faf1fad 1faf1fae
2110740 1fb91fab 1fae1fbc 1fb21faa 1fb11fbb
2110760 1fb81fae 1fc01fba 1fb41fbc 1fb41fb6
2111000 1fba1fb4 1fb81fb6 1fb91fb5 1fb81fbb
2111020 1fbb1fbb 1fb81fba 1fb81fbc 1fb71fb4
2111040 1fb71fb5 1fb31fb4 1fbb1fb7 1fb91fbd
2111060 1fb61fb2 1fb91fb5 1fb61fb7 1fbf1fbc
2111100 1fb91fb8 1fb81fb0 1fb41fb7 1fb41fba
2111120 1fb91fb1 1fba1fb8 1fb71fb5 1fb71fb4
2111140 1fba1fb8 1fc31fc2 1fbe1fbd 1fb71fb7
2111160 1fab1fb2 1fb21fae 1fae1fb4 1fbb1fb8
2111200 1fbc1fbf 1fc11fbd 1fb71fbb 1fbc1fbc
2111220 1fb81fb3 1faf1fb7 1fb41fb4 1fb81fb6
2111240 1fb51fb8 1fb51fb2 1fb91fb5 1fae1fae
2111260 1faf1faf 1fb41fb0 1fb61fb3 1fb61fb5
2111300 1fbb1fb5 1fb91fb7 1fb91fc2 1fba1fb9
2111320 1fbc1fb6 1fb11fb9 1fb01fb4 1fb91fb6
2111340 1fb21fb3 1fbc1fae 1fb21fb6 1fae1faf
2111360 1fb51fb9 1fb41fb0 1fb11fb2 1fb41fb3
2111400 1fb31fb5 1fb81fb3 1fb71fb3 1fbc1fb6
2111420 1fc21fbd 1fb51fb8 1fb51fb5 1fb91fb6
2111440 1fac1fb0 1fa41fa2 1fa31fab 1fbe1fb2
2111460 1fad1fad 1fb21faf 1fa31fa7 1fa31fa4
2111500 1fa41fb0 1fa41fa5 1fab1f9d 1faa1fa4
2111520 1fa91fa6 1fb21fa9 1fa71fac 1fa71fa0
2111540 1fa31f9e 1fa51f9e 1fad1fa7 1f9b1fa2
2111560 1fa31f9d 1fae1fad 1fa81fac 1faf1faa
2111600 1fae1faf 1faf1fab 1fb01fb4 1fad1fad
2111620 1fa51fb2 1fa71fa1 1fa11f99 1fa81fa8
2111640 1fac1faa 1faa1fae 1fa81fa9 1fad1fa5
2111660 1faf1fa6 1fa91fa7 1fab1fb2 1fab1fac
2111700 1fa61fa5 1fac1fa2 1fb01faa 1fad1fb6
2111720 1faa1fb2 1fb11fb4 1fa61fa9 1f9e1fa6
2111740 1f9b1fa3 1f9b1f9f 1fa31fa2 1fa51fa0
2111760 1fa11fa1 1fad1fa9 1faa1fac 1fad1faa
2112000 1fb21faf 1fb51fb9 1fb51fb0 1fb21fb2
2112020 1fa91fa8 1faa1fa8 1fa81fa5 1fb11fb1
2112040 1fb01fab 1fb31fae 1fb71fb8 1fb61fb0
2112060 1fb51fb2 1fbd1fb3 1fbf1fbb 1fae1fad
2112100 1fb41fba 1fbc1fbc 1fbc1fb7 1fb51fb3
2112120 1fb61fb7 1fbf1fbb 1fc51fc2 1fbe1fbe
2112140 1fbb1fbc 1fbc1fb5 1fb81fba 1fbb1fbb
2112160 1fc41fbe 1fcd1fc2 1fc71fc8 1fc61fc5
2112200 1fbf1fc7 1fc61fca 1fc71fc2 1fc81fc9
2112220 1fcc1fcb 1fca1fd3 1fcc1fc8 1fc81fce
2112240 1fc61fca 1fc81fc9 1fc71fcf 1fc91fc9
2112260 1fd11fcb 1fd21fcb 1fcf1fd4 1fd51fd0
2112300 1fdc1fd3 1fdc1fd5 1fd71fd6 1fd51fd6
2112320 1fda1fe2 1fdd1fe3 1fd91fd9 1fd81fd8
2112340 1fdb1fda 1fdb1fe1 1fe91fde 1fed1feb
2112360 1ff21fed 1feb1fea 1ff51fee 1feb1fec
2112400 1fea1fee 1fe91fe6 1fec1fec 1fef1ff9
2112420 1ff21ff0 1fee1ff3 1fee1ff1 1ff91fee
2112440 1fec1ffa 1ffd1ff5 20001ffc 1fff1fff
2112460 1ffa1ff8 1ffd1ff8 1fff1ffa 20051ffe
2112500 1fff1fff 1ff91ffd 1ff82001 20091ffd
2112520 200f2006 20072006 200d2007 2010200f
2112540 20142007 20192012 201a201e 201b2019
2112560 201a2018 20122015 20192012 20162013
2112600 20102013 20172012 20132018 20182017
2112620 20142016 201b2016 201f201c 20222021
2112640 20222023 20202022 2019201e 20202019
2112660 2022201b 20252020 20232021 2029202a
2112700 201f2030 202f2028 20212025 202f2027
2112720 2027202d 2030202f 20332034 20302032
2112740 20302037 20332034 202f2035 20362038
2112760 202a202a 202b2025 202c2028 20312034
2113000 2033202c 20372031 202e2033 20332031
2113020 20312034 20352034 20382033 20332036
2113040 203b2037 2039203a 20392035 203d2037
2113060 203c2038 2038203f 2042203e 203c203b
2113100 203e2036 2041203a 20342036 203d2039
2113120 203b203d 20442047 203e2040 20422042
2113140 203f2041 20352037 2038203f 203f2039
2113160 2038203d 2044203d 20402043 20412038
2113200 2040203e 20382038 2034203a 2039203a
2113220 203a2036 20422039 203e2040 203d203d
2113240 203c2038 20372038 2045203c 203c203d
2113260 203d2045 2041203e 203d2033 2040203b
2113300 20352043 203d2038 20342038 20352033
2113320 2039203a 203e203d 2043203f 20362038
2113340 20362036 20332037 20322037 2038203b
2113360 203a203b 20412036 20382038 2038203b
2113400 203e203c 203d2037 20432038 20382035
2113420 2039203d 20392041 203f203f 20402033
2113440 20392039 20392036 20302037 20352030
2113460 20382036 20322036 2036203a 20372035
2113500 20352039 20332038 20302033 20372035
2113520 2035203b 20362038 2037202f 2034202f
2113540 20312038 202c2030 20292031 20262028
2113560 202b202b 202b2034 202c202f 202a2033
2113600 20222020 202b2028 201f2026 202c202b
2113620 202b202e 20222027 20252029 20262025
2113640 2032202c 20352030 20392033 2028202e
2113660 2027201f 201e2026 20302025 20242022
2113700 20212023 2020201f 20232021 20232024
2113720 20182016 201a2016 20162018 201d201f
2113740 2020201f 201d201e 20132019 201a2013
2113760 201a2018 20152017 20162013 20102014
2114000 201a2014 20192018 201a201b 20192018
2114020 20122017 20162013 2012201a 20132017
2114040 201c2014 2018201c 20172017 2013201b
2114060 2022201b 201d201c 20112017 2013201b
2114100 2015201a 20152011 201a2012 20142014
2114120 201c2015 200c201a 20132013 2018201f
2114140 20172017 20182013 200d2010 2010200f
2114160 200f200c 20162011 20182019 20112016
2114200 201b2014 201d201c 20192022 201a201f
2114220 20202024 201c2017 20132012 2016200f
2114240 20122014 2018201c 2022201f 20272025
2114260 201d201e 2018201d 201b201b 20202020
2114300 201d201e 201e201f 201b201e 20202023
2114320 20232026 2023201f 20212028 201f201f
2114340 201f2024 2020201b 202b201c 201e202b
2114360 20252022 20272026 20262026 20272022
2114400 2025201f 2028202e 20312025 2033202e
2114420 202e202f 20392037 20322036 203a2037
2114440 203d2039 20362034 20372038 20382038
2114460 203c203c 203f203b 2043203e 2047203f
2114500 20412044 20482045 20442044 20442040
2114520 20442049 20452040 20452046 204d2048
2114540 20502053 20512054 204d204e 20492056
2114560 20542056 20512051 204f2051 20552056
2114600 2057205b 20562053 205a205e 205b2060
2114620 2062205a 205e2061 20692056 206d205f
2114640 2063206b 2072206a 2062206f 20682067
2114660 2072206d 2076206c 2076206f 206f2074
2114700 2071206b 20722066 2076206f 2076207b
2114720 20702072 207c206e 207f207a 2087207d
2114740 20822086 20802084 20822088 2090208b
2114760 208e2086 207c2088 208b2089 20892081
2115000 208f208a 20962093 20942090 208a208f
2115020 208e208e 2090208f 20942093 20902093
2115040 20932091 20982094 209a209c 209820a0
2115060 20972096 209d209a 20982098 20a020a1
2115100 209f209f 20a320a7 20a820a1 20aa20a7
2115120 209c20a5 20a3209e 209820a7 20a920a0
2115140 20ac20a8 20aa20a2 20ad20ae 20b120b2
2115160 20b320b4 20af20b0 20ad20ae 20b420b1
2115200 20b020b2 20b820bd 20b720b7 20b920b8
2115220 20b720bc 20b720bb 20b820b5 20b520b7
2115240 20c120b9 20b620b8 20b720ba 20c620c4
2115260 20cb20c6 20c020c6 20b720c3 20ba20bf
2115300 20c120c3 20bd20c1 20b820b7 20ba20b7
2115320 20c020bd 20c020c2 20c520c0 20c620bf
2115340 20c220bb 20be20bf 20bf20cb 20c720b9
2115360 20c520d1 20cd20bf 20c720cb 20cc20c9
2115400 20c620cd 20cb20ce 20c620cc 20c820cf
2115420 20cc20ca 20c420c2 20ca20c2 20c220c6
2115440 20bf20c8 20c720c4 20cf20cc 20d120cc
2115460 20d020d0 20bf20cd 20ca20cc 20c520c4
2115500 20c620c6 20c520c3 20ca20c7 20ca20d3
2115520 20c720ca 20c420be 20be20c9 20c620c7
2115540 20ce20cd 20c920c9 20c620c2 20c920c6
2115560 20bf20ca 20c920c6 20cc20cd 20c820cd
2115600 20c820c9 20c920cb 20c620c8 20c920c3
2115620 20c420cb 20bd20c2 20c320c9 20cb20c8
2115640 20c720c7 20c220c2 20bb20c3 20ba20bc
2115660 20bd20bb 20bd20bf 20c120bd 20c120c8
2115700 20be20bd 20b620b6 20bf20bb 20c820c4
2115720 20ce20ca 20be20c5 20bf20c1 20b820b9
2115740 20b620b8 20b520ba 20b520b9 20b520b7
2115760 20b720bf 20b220b7 20af20ad 20b220b5
2116000 20bf20bb 20c120be 20be20bd 20b320bc
2116020 20af20ad 20b820b3 20b020b7 20b620b0
2116040 20ba20b5 20b620b7 20b120b7 20b420b5
2116060 20b620a9 20ac20af 20b220ac 20aa20b2
2116100 20a720a6 20af20aa 20a420a5 20ad20a8
2116120 20a220a8 20a52099 20a5209b 20a120a1
2116140 209d20a2 20a120a0 20a320a4 20a120a0
2116160 20a120a6 209b20a2 2095209c 20962099
2116200 20932094 2096209d 20982097 20972094
2116220 20942096 20952094 2097208e 208e2095
2116240 20962095 2092208f 208f208e 208c208b
2116260 20872090 209b208d 20902090 20972091
2116300 208d2091 208e208c 208b2096 208f208e
2116320 208c208b 208c208a 2090208d 20922096
2116340 2089208d 2088208b 2089208c 20862086
2116360 2084208b 208a2088 208a2085 208b2085
2116400 20872087 208c2087 208d2084 208b208a
2116420 2094208c 20862095 20892087 208e208e
2116440 2090208f 2093208d 208a208d 20842087
2116460 20852083 20922089 208b208b 20892089
2116500 2092208a 208a208c 208f208e 2090208f
2116520 2090208c 20912091 20922093 20982091
2116540 20912092 20912093 20932096 208e2090
2116560 208f208b 20912094 20932097 209e209d
2116600 209b2097 20992097 208d2098 209a2095
2116620 20932098 20992094 209b2095 20a2209d
2116640 20a520a3 20a020a6 20a1209c 20a420a7
2116660 20a520a5 20a6209f 20a120a4 20a620a3
2116700 20a620a3 20a1209f 209e20a0 20ad20a5
2116720 20ad20b1 20b120ab 209c20a2 20a020a0
2116740 20a720a4 20ae20aa 20a820af 20b320af
2116760 20af20b6 20b120b3 20b220b1 20b220b6
2117000 20b920b1 20ba20b9 20b420b3 20b320b4
2117020 20b920b3 20b920bc 20bc20bd 20b920bd
2117040 20b820bd 20ca20bd 20c720c6 20c520c5
2117060 20c820cd 20c520cb 20c620c3 20c220bf
2117100 20c620cb 20cb20cc 20cd20cb 20cf20d1
2117120 20d220d0 20cb20d0 20d220d0 20d620d0
2117140 20cb20ca 20d020cd 20d820dc 20dd20df
2117160 20de20e1 20e520dd 20e620e8 20e120ea
2117200 20e620e6 20e920e6 20ec20e2 20ef20ec
2117220 20e520f1 20e820e5 20ed20f1 20eb20e6
2117240 20f220f7 20f220f2 20ef20fb 20f220ef
2117260 20f120ef 20f120f2 20f420e9 20f220fa
2117300 210320f6 210a20f5 20f92109 20fd20f8
2117320 20fd2104 20fd20fb 210c210f 21062108
2117340 21052109 20fc2105 21092107 21082106
2117360 210e2104 210c2102 210c2109 210e210e
2117400 21172114 210b210d 210b210d 210c210e
2117420 210f2110 210f210f 2113210d 21152117
2117440 21142120 21152117 211a2117 21122116
2117460 211a2119 211d211b 211f211f 2123211d
2117500 2121211b 2119211c 21122114 21112111
2117520 21182117 21182119 21252125 21272125
2117540 21272127 21202126 211c211f 21262123
2117560 211c2122 212c2124 21322130 2126212d
2117600 212b212e 212a212d 21262128 212e2120
2117620 2123212a 2127212d 212d212d 212b212b
2117640 212a2127 212f212d 21312134 212c212c
2117660 2129212b 2125212f 21292129 2131212f
2117700 21372130 21302136 21312130 2124212c
2117720 2128212e 21292125 2133212e 2127212d
2117740 212f212d 212c2133 212b2132 21362134
2117760 212a212d 21352131 2131213a 21342136
2120000 21392134 2132212e 212e2132 212f2135
2120020 21252138 21312125 2131213a 212e212f
2120040 2125212c 2127212a 21252129 212c2125
2120060 2131212b 212c2135 21282131 212d212f
2120100 21302126 21302132 212a212e 212e2128
2120120 21272126 21252126 21222120 2121211d
2120140 21202125 212b2125 21272128 2123211e
2120160 21252122 2126212c 21212128 21242127
2120200 211e2120 211c211e 211f2123 21272123
2120220 211b211a 21122117 21142118 21192120
2120240 211b211a 2122211c 211a2119 21162118
2120260 210c211b 210b210f 2113210f 210f210c
2120300 2113211b 210b210e 210b2109 21122113
2120320 2108210e 21042103 2109210a 21052107
2120340 210a2107 20fc20fb 20fb20fe 210a2102
2120360 210d2106 210a2109 21052104 21092102
2120400 21032108 21012102 20fc20f9 20f020fa
2120420 20f020f6 20f420f8 20fc2100 21072104
2120440 20fa20ff 20f620fb 20f920fe 20f120f5
2120460 20f220f5 20f220f1 20f020f6 20f320f2
2120500 20f620f6 20fb20f2 20f820f6 20f120f8
2120520 20ef20f5 20f520ed 20fa20f3 20e820f0
2120540 20f220ea 20f320f2 20f520f3 20f620f3
2120560 20ea20f0 20e620e8 20e420eb 20ed20e5
2120600 20ef20eb 20eb20ed 20ef20ee 20e720f0
2120620 20e520e4 20e320dd 20e020e2 20dd20da
2120640 20e820e3 b01004ae 00001004 0001000a
2120660 00010000 03b16032 00000ffc 0001000a
2120700 1400003c add01f00 add01f01 add01f02
2120720 add01f03 add01f04 add01f05 add01f06
2120740 add01f07 add01f08 add01f09 add01f0a
2120760 add01f0b add01f0c add01f0d add01f0e
2121000 add01f0f add01f10 add01f11 add01f12
2121020 add01f13 add01f14 add01f15 add01f16
2121040 add01f17 add01f18 add01f19 add01f1a
2121060 add01f1b add01f1c add01f1d add01f1e
2121100 ff000134 00000020 00000002 bb77d287
2121120 00000001 deadbeef f0000002 bb77d273
2121140 080b2f45 00000000 00000134 00001f48
2121160 a01104af 220920e5 22002202 21fd2200
2121200 22022200 22082203 22072203 22052209
2121220 22082204 22092206 22052205 22072207
2121240 220a2208 22012208 22062207 220d220d
2121260 2212220d 220e220f 22122214 22162217
2121300 22162211 221b221a 221a2218 220f2218
2121320 22112216 221c2217 22192216 221c2218
2121340 220f221b 220e2217 221c2218 2219221b
2121360 22132214 22132212 22202216 221c2219
2121400 22132219 2213220d 22142218 221a221e
2121420 221b2218 2229221f 22202221 221d2225
2121440 221d2224 221c221d 2221221b 22242223
2121460 22222221 2222222a 22202221 22212224
2121500 2216221c 221f221f 22262224 22212221
2121520 221e221b 22142219 221c221b 2221221f
2121540 2224221f 221e2219 22182220 22152218
2121560 221a221b 22172218 22192210 2219221d
2121600 221d221e 2220221a 22232215 2220221d
2121620 22252227 2216221b 221c221a 22192219
2121640 21362200 1f4e2036 1e241ea0 1dad1dd6
2121660 1d721d8c 1d6c1d6f 1d5f1d61 1d5f1d64
2121700 1d5b1d5f 1d581d5f 1d581d5c 1d531d59
2121720 1d561d59 1d541d59 1d4b1d4b 1d4a1d4c
2121740 1d531d4e 1d541d52 1d4d1d4a 1d541d47
2121760 1d511d53 1d551d59 1d571d54 1d4e1d52
2122000 1d561d57 1d561d5b 1d531d54 1d501d53
2122020 1d4d1d52 1d5a1d59 1d561d55 1d4d1d55
2122040 1d4f1d50 1d4d1d4b 1d471d4d 1d571d4f
2122060 1d4b1d48 1d451d4a 1d4c1d49 1d4e1d4b
2122100 1d581d4a 1d4f1d51 1d491d4e 1d581d50
2122120 1d581d54 1d5d1d4f 1d4b1d55 1d521d4a
2122140 1d551d59 1d4d1d4e 1d531d4f 1d511d51
2122160 1d4e1d4b 1d441d4f 1d531d4d 1d571d58
2122200 1d481d52 1d471d4e 1d541d4e 1d4e1d50
2122220 1d541d56 1d501d4e 1d4b1d4e 1d501d51
2122240 1d4e1d4a 1d461d48 1d421d4e 1d4a1d45
2122260 1d4d1d4f 1d4a1d4e 1d481d47 1d4c1d4e
2122300 1d481d4a 1d4c1d47 1d481d46 1d501d47
2122320 1d4b1d4a 1d401d49 1d451d4f 1d431d38
2122340 1d441d41 1d4a1d4f 1d491d4d 1d4c1d4b
2122360 1d501d4e 1d511d4f 1d471d50 1d451d42
2122400 1d531d54 1d471d4b 1d4e1d4c 1d4c1d52
2122420 1d541d51 1d4e1d55 1d4c1d4e 1d431d45
2122440 1d481d46 1d4b1d47 1d471d50 1d451d4b
2122460 1d4d1d4b 1d4b1d42 1d441d48 1d4b1d49
2122500 1d4a1d4a 1d4d1d4d 1d4f1d50 1d471d4c
2122520 1d431d4d 1d511d4b 1d541d4c 1d4a1d4a
2122540 1d4d1d4a 1d541d55 1d4f1d55 1d4e1d4d
2122560 1d4b1d4e 1d451d4b 1d501d53 1d541d4d
2122600 1d541d54 1d551d50 1d531d5b 1d561d59
2122620 1d551d57 1d521d55 1d4a1d54 1d4e1d4b
2122640 1d601d54 1d4b1d52 1d5e1d54 1d571d5c
2122660 1d581d59 1d5a1d59 1d5a1d56 1d591d54
2122700 1d581d55 1d601d5a 1d5c1d5c 1d591d56
2122720 1d611d60 1d6b1d64 1d6a1d68 1d661d6c
2122740 1d641d68 1d681d63 1d6b1d6a 1d6b1d6d
2122760 1d691d64 1d661d6c 1d741d6d 1d6b1d6d
2123000 1d701d6c 1d761d7b 1d7d1d77 1d771d71
2123020 1d711d70 1d7b1d78 1d7d1d7c 1d7a1d79
2123040 1d761d76 1d751d79 1d7b1d80 1d791d7e
2123060 1d7c1d7e 1d881d82 1d841d83 1d851d89
2123100 1d811d86 1d811d89 1d8b1d85 1d871d8b
2123120 1d911d86 1d921d91 1d8e1d94 1d8d1d8f
2123140 1d911d8b 1d971d99 1d971d99 1d8b1d94
2123160 1d911d92 1d9d1d9f 1d9b1d95 1d9e1d9d
2123200 1d9e1d9d 1dae1da6 1da61da6 1d9f1da9
2123220 1da51da6 1d9f1dac 1daf1da6 1daa1dad
2123240 1da51da5 1daf1db2 1db01dae 1db71db1
2123260 1db21db5 1db61db7 1db91dbe 1dc01dba
2123300 1dc71dbc 1dc71dc4 1dbc1dc7 1dc91dc6
2123320 1dc41dc2 1dc71dc3 1dc61dc4 1dc31dc7
2123340 1dc21dcb 1dc61dbb 1dcd1dc4 1dcf1dda
2123360 1dc61dcc 1dd51dd3 1dd51dce 1dda1dd9
2123400 1dd21dd9 1dce1dd5 1dda1dd4 1dde1dd1
2123420 1ddf1dd9 1de41dde 1ddc1de3 1de41ddc
2123440 1de61ddc 1de91de0 1de81de7 1dee1ded
2123460 1deb1df3 1deb1de6 1df21def 1def1df2
2123500 1df61dfc 1dfb1dfc 1df81df2 1df91df9
2123520 1df61df8 1df61dfd 1dfb1dfa 1dff1df8
2123540 1e061dfb 1e031e02 1e011dfe 1e001e07
2123560 1dff1dfa 1e0a1dff 1e021e00 1dfb1e02
2123600 1dfd1e01 1e0d1e06 1e0b1e09 1e111e12
2123620 1e061e17 1e171e13 1e191e1a 1e1c1e1a
2123640 1e121e19 1e181e11 1e171e15 1e131e16
2123660 1e1d1e24 1e1c1e1d 1e1d1e26 1e1f1e1d
2123700 1e231e1f 1e221e22 1e1d1e26 1e191e1c
2123720 1e231e23 1e291e2d 1e2f1e23 1e301e2e
2123740 1e2b1e26 1e301e2a 1e2b1e2d 1e271e26
2123760 1e271e26 1e2f1e2e 1e321e35 1e2d1e30
2124000 1e341e32 1e2b1e2d 1e371e3d 1e3a1e3d
2124020 1e3a1e40 1e3b1e35 1e361e39 1e3e1e3c
2124040 1e3d1e3e 1e3a1e3b 1e421e3b 1e4a1e41
2124060 1e451e40 1e3b1e40 1e441e40 1e331e40
2124100 1e431e41 1e421e43 1e441e3e 1e381e3c
2124120 1e3a1e37 1e3f1e3d 1e3d1e45 1e421e42
2124140 1e441e4b 1e3d1e3e 1e3b1e3b 1e3f1e38
2124160 1e3c1e42 1e391e39 1e3b1e3a 1e401e3f
2124200 1e3e1e39 1e4a1e4a 1e4e1e4d 1e4a1e49
2124220 1e421e3d 1e431e42 1e441e4c 1e491e4a
2124240 1e4a1e46 1e491e4a 1e441e44 1e4e1e48
2124260 1e531e4a 1e501e4f 1e491e4e 1e491e48
2124300 1e4d1e4a 1e4f1e49 1e4d1e4a 1e471e49
2124320 1e441e49 1e4a1e49 1e551e4a 1e4b1e51
2124340 1e531e4a 1e4b1e54 1e511e52 1e511e52
2124360 1e541e4f 1e4c1e4b 1e491e4e 1e511e4f
2124400 1e4e1e4f 1e511e48 1e4e1e4a 1e471e46
2124420 1e491e49 1e4b1e4c 1e4f1e49 1e4c1e4d
2124440 1e4a1e4d 1e461e49 1e431e45 1e471e40
2124460 1e481e44 1e471e4c 1e491e51 1e4b1e47
2124500 1e3d1e41 1e441e41 1e3f1e47 1e441e44
2124520 1e3f1e46 1e3c1e44 1e3b1e3c 1e3d1e42
2124540 1e451e43 1e421e3e 1e3f1e3f 1e3d1e42
2124560 1e441e44 1e451e45 1e491e49 1e441e48
2124600 1e491e3a 1e461e4a 1e441e43 1e401e43
2124620 1e3c1e3a 1e341e39 1e341e3c 1e421e40
2124640 1e411e40 1e441e41 1e3f1e43 1e3b1e3c
2124660 1e431e4a 1e411e3e 1e3d1e45 1e381e38
2124700 1e2f1e36 1e351e39 1e3c1e38 1e411e3f
2124720 1e411e46 1e371e3c 1e3e1e42 1e491e39
2124740 1e411e41 1e3d1e3b 1e411e40 1e411e42
2124760 1e411e3e 1e451e41 1e411e41 1e3c1e43
2125000 1e341e3c 1e381e37 1e3b1e37 1e421e44
2125020 1e3e1e45 1e3e1e49 1e3e1e3c 1e381e41
2125040 1e351e39 1e381e39 1e3f1e3a 1e421e42
2125060 1e3f1e3a 1e431e37 1e481e4a 1e421e47
2125100 1e4b1e43 1e461e47 1e451e46 1e3b1e41
2125120 1e3f1e42 1e421e41 1e3d1e42 1e411e3b
2125140 1e421e45 1e4a1e48 1e4d1e43 1e491e4b
2125160 1e401e47 1e411e41 1e451e47 1e4a1e4b
2125200 1e4f1e49 1e4e1e4b 1e481e4d 1e521e4d
2125220 1e4b1e4d 1e551e4d 1e561e54 1e511e51
2125240 1e591e57 1e541e5a 1e551e4c 1e521e52
2125260 1e4c1e4e 1e521e55 1e551e54 1e541e54
2125300 1e571e58 1e541e58 1e5c1e60 1e521e54
2125320 1e5b1e5a 1e5d1e50 1e5d1e5a 1e631e67
2125340 1e661e5f 1e5b1e61 1e661e5f 1e641e65
2125360 1e621e64 1e651e60 1e631e65 1e611e69
2125400 1e691e63 1e6a1e68 1e711e6e 1e771e66
2125420 1e721e6f 1e711e75 1e6f1e71 1e731e71
2125440 1e751e71 1e711e76 1e791e7a 1e821e85
2125460 1e7f1e7c 1e821e79 1e7c1e7d 1e821e82
2125500 1e7a1e84 1e7a1e76 1e7c1e78 1e7d1e7a
2125520 1e801e7b 1e831e84 1e881e88 1e881e85
2125540 1e881e83 1e861e89 1e8a1e91 1e891e87
2125560 1e941e94 1e911e8e 1e9a1e98 1e901e95
2125600 1e971e98 1e961e97 1e921e9c 1e941e93
2125620 1e9d1e97 1ea11e9c 1ea21ea0 1e961e99
2125640 1e971e9f 1ea21ea5 1e9d1e9e 1ea71ea3
2125660 1ea81e9f 1ea11ea3 1ea51eb0 1eb11eaa
2125700 1ead1eaa 1eac1ea7 1ea51eaa 1eb41ea8
2125720 1eab1eb1 1eaf1ea8 1eaf1eac 1eaf1eae
2125740 1eae1ead 1eb31eab 1eba1eba 1eb91eab
2125760 1eb41eb3 1eac1eb0 1eb61ea9 1eb71eb3
2126000 1ebf1eb9 1ec21ec3 1ec21ec7 1ec11ec8
2126020 1ec41ecb 1ec51ebc 1ecd1ecf 1ec81ec9
2126040 1ecb1ec8 1ecd1ec5 1ec71ec5 1ecb1ecb
2126060 1ecc1ece 1ec31ec6 1ec31ebd 1ec51ec6
2126100 1ebe1ec8 1ece1ec8 1ecb1ed3 1ed01ec7
2126120 1ecf1ed0 1ecf1ec9 1ecd1ece 1ec91ecb
2126140 1ecb1ecf 1ece1ecf 1ecf1ed2 1ed61edc
2126160 1ed81ed2 1ee01ed6 1eda1ed5 1ed91edb
2126200 1ede1ee0 1ed21ed9 1ee01ed1 1ee41edd
2126220 1ee11ee0 1edf1ee0 1ee11ede 1ee51ee6
2126240 1ee21eea 1edf1ee0 1ee81eed 1eed1eea
2126260 1eeb1edf 1ee71eee 1eef1ef1 1eee1ef3
2126300 1ef11ef6 1eeb1eea 1ef31ee9 1eef1efa
2126320 1eef1ef1 1ef61eec 1ef51ef1 1eef1efd
2126340 1eee1ef3 1ef61ef0 1ef81ef8 1ef31eed
2126360 1ef51ef5 1ef21eec 1ef61ef0 1ef41ef1
2126400 1efc1ef2 1ef71ef8 1ef81efa 1efc1f00
2126420 1ef81ef8 1eff1efd 1efd1efb 1f031eff
2126440 1f0b1f0a 1f021efd 1efd1efe 1ef81ef4
2126460 1efa1efa 1efa1f02 1efe1efd 1f021efe
2126500 1f071f05 1f061f0c 1eff1f06 1f0b1f02
2126520 1f161f0c 1f0d1f0f 1f011f08 1efb1f0a
2126540 1f031f01 1f041f0a 1f0e1f08 1f081f03
2126560 1f011f04 1f0d1f08 1f0e1f0c 1f0c1f0d
2126600 1f051f0f 1f041f0b 1f041f06 1f0d1f04
2126620 1f0a1f13 1f0a1f06 1f081f09 1f001efe
2126640 1f021eff 1f021f08 1efd1f01 1f041f08
2126660 1f0d1f07 1f111f0d 1f091f0c 1f0a1f0b
2126700 1f0e1f0e 1f0a1f10 1f0b1f0a 1f0b1f0d
2126720 1f081f07 1f081f09 1f051f03 1f061f02
2126740 1efc1f05 1f061f02 1f021f03 1f051f06
2126760 1f081f07 1f081f04 1efc1f03 1eff1efe
2127000 1f0d1eff 1f051f07 1f051f06 1efa1f05
2127020 1f061f08 1f071f07 1f0d1f07 1f051f0b
2127040 1f001f00 1f071f08 1f001f07 1f041f07
2127060 1f061f09 1f061f02 1eff1f0c 1efe1efc
2127100 1f071f03 1f011efd 1f061f02 1f031eff
2127120 1f051f00 1f0c1efe 1f0a1f01 1f061f0c
2127140 1f131f08 1f0e1f17 1f141f07 1f0e1f0f
2127160 1f081f15 1f031f06 1f081f07 1f0d1f0a
2127200 1f0e1f0e 1f0b1f0e 1f061f07 1f0d1f04
2127220 1f061eff 1f021f06 1f051f0f 1f0b1f08
2127240 1f091f0f 1f031f06 1f0f1f07 1f0a1f0f
2127260 1f101f09 1f0b1f0f 1f0e1f08 1f0c1f0d
2127300 1f061f0a 1f0f1f10 1f151f10 1f141f11
2127320 1f0a1f0e 1f0c1f08 1f121f15 1f151f18
2127340 1f191f15 1f151f13 1f141f1e 1f151f1a
2127360 1f171f1a 1f191f13 1f1c1f19 1f121f19
2127400 1f0d1f10 1f111f0d 1f181f14 1f1b1f0f
2127420 1f181f17 1f1f1f22 1f1e1f17 1f221f19
2127440 1f1c1f1a 1f1d1f1b 1f261f23 1f231f24
2127460 1f261f24 1f2b1f27 1f271f29 1f251f25
2127500 1f2d1f27 1f2b1f26 1f221f2a 1f291f32
2127520 1f241f24 1f271f22 1f2c1f25 1f271f26
2127540 1f281f2b 1f2b1f2a 1f2d1f29 1f341f2a
2127560 1f311f2e 1f251f2e 1f241f2a 1f241f28
2127600 1f2a1f26 1f281f29 1f271f28 1f2c1f2c
2127620 1f361f30 1f351f38 1f341f2e 1f2f1f31
2127640 1f311f34 1f3a1f3c 1f3a1f3a 1f3a1f38
2127660 1f3c1f3a 1f471f42 1f401f42 1f401f3f
2127700 1f401f3d 1f411f46 1f431f44 1f471f4d
2127720 1f481f46 1f431f42 1f461f47 1f3e1f43
2127740 1f471f45 1f481f4a 1f541f4d 1f511f4f
2127760 1f461f57 1f551f4d 1f411f4f 1f591f53
2130000 1f561f5b 1f581f57 1f591f55 1f511f52
2130020 1f581f5c 1f591f56 1f5e1f57 1f5e1f64
2130040 1f581f5e 1f561f55 1f551f59 1f561f57
2130060 1f591f5b 1f551f52 1f541f4e 1f571f52
2130100 1f5b1f5e 1f621f61 1f621f5a 1f581f5d
2130120 1f661f63 1f671f69 1f671f65 1f681f64
2130140 1f651f64 1f5b1f5b 1f651f62 1f651f61
2130160 1f5d1f60 1f5f1f5f 1f621f62 1f641f6b
2130200 1f671f63 1f631f66 1f681f6a 1f5b1f60
2130220 1f641f62 1f651f67 1f661f6a 1f6f1f6e
2130240 1f6a1f74 1f6f1f67 1f661f6d 1f641f62
2130260 1f6e1f6b 1f6c1f6f 1f6d1f70 1f6f1f6a
2130300 1f711f6f 1f721f79 1f6c1f6d 1f711f74
2130320 1f781f72 1f721f76 1f731f71 1f6e1f6d
2130340 1f701f74 1f741f75 1f7b1f77 1f781f7a
2130360 1f781f83 1f751f78 1f7c1f7a 1f7b1f75
2130400 1f701f7b 1f771f78 1f831f7a 1f811f84
2130420 1f7d1f7e 1f7b1f75 1f851f7f 1f751f7e
2130440 1f7a1f7e 1f7a1f78 1f7b1f74 1f7f1f83
2130460 1f7f1f84 1f7e1f83 1f7b1f7f 1f7d1f76
2130500 1f801f87 1f841f7a 1f8a1f89 1f831f83
2130520 1f7e1f88 1f7d1f83 1f841f80 1f871f80
2130540 1f831f8d 1f841f8a 1f8b1f7f 1f891f8a
2130560 1f861f84 1f861f80 1f881f86 1f841f8a
2130600 1f871f8c 1f821f82 1f881f8a 1f8b1f88
2130620 1f821f88 1f881f88 1f8a1f8b 1f8e1f88
2130640 1f8c1f90 1f861f90 1f8d1f89 1f8d1f8e
2130660 1f8b1f8b 1f851f85 1f861f88 1f8d1f86
2130700 1f891f8c 1f8a1f87 1f891f8f 1f8b1f91
2130720 1f931f8d 1f861f8b 1f8c1f91 1f801f8e
2130740 1f821f8e 1f861f8b 1f881f87 1f911f8d
2130760 1f8d1f94 1f8c1f95 1f941f94 1f9f1f96
2131000 1f911f93 1f941f90 1f971f90 1f961f95
2131020 1f8a1f8f 1f8e1f86 1f841f88 1f891f89
2131040 1f921f94 1f8f1f97 1f911f93 1f871f8b
2131060 1f8e1f88 1f941f8f 1f931f8e 1f9d1f96
2131100 1f971f9a 1f901f92 1f8c1f93 1f8d1f91
2131120 1f8a1f8a 1f8e1f89 1f921f8b 1f8d1f92
2131140 1f8d1f8b 1f8d1f89 1f861f90 1f811f87
2131160 1f881f89 1f8a1f86 1f901f8b 1f911f92
2131200 1f8b1f92 1f911f92 1f8d1f85 1f991f97
2131220 1f961f92 1f981f9a 1f941f9a 1f921f93
2131240 1f8b1f88 1f871f8c 1f8f1f90 1f921f8f
2131260 1f901f9a 1f911f92 1f8e1f91 1f8c1f8b
2131300 1f941f8b 1f951f92 1f901f91 1f931f90
2131320 1f8e1f9d 1f9c1f97 1f9d1f93 1f9a1f96
2131340 1f9a1f91 1f8d1f97 1f971f8c 1f8c1f93
2131360 1f941f91 1f941f89 1f961f93 1f9d1f97
2131400 1f991f98 1fa11f99 1f961f9a 1f931f9a
2131420 1f991f96 1f931f9b 1f9a1f94 1f971f99
2131440 1f971f9e 1f951f9d 1f951f9a 1f9f1fa1
2131460 1f9e1f9a 1fa21f9d 1fa51fa8 1fab1fa3
2131500 1fa91fa8 1fa81fb0 1fa51fa9 1fad1faf
2131520 1fab1faf 1fab1fa8 1fab1fad 1fa51faa
2131540 1fa71fb2 1fa71fa6 1faa1fa6 1fac1fa6
2131560 1fa91fae 1fac1fae 1fab1fa6 1fb21faf
2131600 1fb01fb3 1fb21fb3 1fb91fb9 1fb81fb5
2131620 1fbb1fb8 1fbb1fb8 1fb71fb8 1fb51fbc
2131640 1fb81fbf 1fb71fb3 1fb11faa 1fb71fbd
2131660 1fce1fc2 1fca1fca 1fca1fca 1fc41fc2
2131700 1fc71fc1 1fc81fca 1fcc1fc8 1fc71fc7
2131720 1fc11fc3 1fc61fbe 1fc21fcd 1fc91fc8
2131740 1fcf1fc9 1fc51fc5 1fc31fc4 1fc71fc9
2131760 1fc91fca 1fcb1fc6 1fc91fcb 1fd11fd3
2132000 1fdd1fdd 1fdc1fe0 1fcf1fda 1fd41fd3
2132020 1fdb1fcf 1fd81fda 1fdb1fdd 1fd61fdc
2132040 1fdd1fda 1fe31fe2 1fe41fe2 1fe01fe2
2132060 1fe31fdc 1fdc1feb 1fe71fe2 1fe51fdf
2132100 1fe21fe3 1fde1fdb 1fdf1fde 1fdf1fe0
2132120 1fe21fe3 1fe11fde 1fe51fdb 1fe21fec
2132140 1fe71fed 1ff21fee 1ff11fee 1fec1feb
2132160 1fef1fe9 1ff51fe8 1fe81fef 1fed1feb
2132200 1ff01fef 1feb1ff5 1ff11fea 1ff71ff9
2132220 1ff41ff4 1ff51ff3 1ff31ffa 20021ffb
2132240 1fff1ffd 1fff1ff9 200c1ff7 2000200b
2132260 1ffa2003 1ffa1ffd 20011ffa 20062001
2132300 20002002 1ffb2002 1ffd2001 20031ffd
2132320 20071ff9 20032008 20002003 20042007
2132340 20062003 20021ffe 20082009 1ffe200a
2132360 20082002 20082001 2012200a 2003200a
2132400 200a2009 2005200d 20082009 20032002
2132420 200a2007 2008200b 20062008 200c2000
2132440 200a200f 2007200e 1ff82008 20002002
2132460 20042000 20072005 20072003 200e2010
2132500 2009200d 2009200a 20112006 2014200e
2132520 200c200d 200d2008 2004200e 20042006
2132540 20082004 200f2009 20092009 200b2011
2132560 200d200f 200b200d 200f200d 20082009
2132600 20072009 20082006 200a200a 2004200f
2132620 20082004 2012200b 2013200a 200f2013
2132640 2007200b 200d200c 2011200d 20112009
2132660 200e200f 2010200e 20102013 20082005
2132700 200f2011 200a200a 200e2011 2009200f
2132720 2017200d 200f2012 2013200f 2013201d
2132740 20142011 20112012 20142010 20162015
2132760 2011200f 200e200d 200c200b 200b200d
2133000 20042007 200b2005 2004200c 20052006
2133020 200b200c 20002005 20012001 2007200c
2133040 200d2005 200e2008 200f200e 200c2007
2133060 20082008 2008200b 200a200b 20092009
2133100 200a2006 20112012 200e2010 200e200c
2133120 2007200b 20022009 20052005 200c2009
2133140 2010200c 20042008 2008200a 2004200b
2133160 20042003 200c2007 20092009 20162012
2133200 20102013 200d200f 200f200a 200d200c
2133220 200d200c 200a2007 20042007 20052001
2133240 20031ffd 1fff1ffe 1ffe2000 1ffa1ffd
2133260 1ffd1ff9 1ffa1ff8 1ff01ffe 1ffb1ff7
2133300 1ff61ff3 1fef1ff0 1ff21ff9 1ff91ff9
2133320 1ffe1ffe 20011ffd 1ffb1ffb 20021ffe
2133340 1ffd2000 1ffc1ffd 1ffe2000 1ffe1ff6
2133360 1ff81fff 1ffc1ff6 1ffd2000 1ffa1fff
2133400 20011ffb 1ffe2003 20021fff 1ff01ffb
2133420 20031ff3 1ffa1ff0 1ff71ff7 1ff61ffb
2133440 1ffe1ffb 20002001 20001ffb 1fff1ffd
2133460 1ff91ffd 1ff81ffe 1ffa1ffe 1ffa1ff9
2133500 1ff91ffd 20072003 20021fff 20082002
2133520 20092007 1ffe2003 1ffa1ffa 20002001
2133540 20022000 1ffb1ffa 1ff61ff7 1ffb1ff7
2133560 20011ffb 20022004 2009200a 20032007
2133600 1fff1ffc 20012000 20002002 20061fff
2133620 20062009 2006200c 2009200a 20042001
2133640 20041ffd 20082002 2004200a 2001200c
2133660 20071ffe 20052009 200b2001 20052011
2133700 20072008 20052005 20062003 200f2009
2133720 2006200f 200c200f 20112012 20102017
2133740 200a2013 20172019 201c2014 20162018
2133760 201d2016 20162016 20132016 20192020
2134000 20152018 201e2017 201a201d 2019201a
2134020 20142010 201b2012 20222021 20212024
2134040 20242029 2023201b 20282025 202a2023
2134060 20322023 2028202f 202f2030 2032202e
2134100 2035202d 20332031 20322034 203a2036
2134120 20352030 20322038 202e202d 202d2034
2134140 20342038 203e2034 203f203c 2039203f
2134160 2037203e 2040203f 20412047 20512049
2134200 204b204f 20482049 20502051 204c204f
2134220 204a204a 204b2047 204c2047 20552051
2134240 20532054 20532051 20502054 20572057
2134260 204f2055 20582052 205b2059 205e205d
2134300 205f205f 205a2060 205e2058 205e2057
2134320 2060205c 205d205d 2063205a 20682065
2134340 20692062 20652063 205d205d 20622062
2134360 2067206a 2068206c 20622062 2071206e
2134400 206d206a 20752078 20722071 20712074
2134420 206e2070 206c2068 2076206f 20762072
2134440 2080207b 207e207c 207a2086 2078207e
2134460 207d2074 20832084 207b2078 20802078
2134500 20892081 208d208e 208a2088 208b208e
2134520 208f2088 2090208d 2091208a 208f2086
2134540 2088208d 2090208c 20892093 208f2087
2134560 208f208a 20882088 208a2084 208b2084
2134600 20922088 20972093 20912098 2092208a
2134620 208e2089 208c2089 208b2094 20932095
2134640 20862091 2097208e 208a2094 2090208b
2134660 2090208d 2089208f 208c2093 20952090
2134700 20982097 208f2094 20922096 20942098
2134720 2094208f 208d2093 20992090 20942097
2134740 20982099 20962093 209c209b 20972096
2134760 20972099 209b209d 209b209f 20a5209c
2135000 20a4209b 209f20a4 20932098 209b2095
2135020 20972093 209a2097 2099209e 209b2098
2135040 209e209b 209d2096 209d20a0 20922097
2135060 2099209a 209b209a 2099209b 209c2099
2135100 209c209d 2094209d 20932090 20982097
2135120 208f208f 20952097 209a2094 20982093
2135140 20962094 209f209c 20962099 20922094
2135160 20962093 20972095 208f2095 20912091
2135200 20942099 20942097 20962095 2099209b
2135220 20952099 20912092 208d2095 208b208e
2135240 20922089 20932096 20952095 208f208c
2135260 208c208a 208a208b 208c2094 2088208d
2135300 20892084 20862088 20892090 2087208e
2135320 20892089 20912091 2087208c 2089208e
2135340 2093208e 2091208f 20882085 20892084
2135360 2088208c 208e2095 208a2089 208a208a
2135400 2080208a 207c2080 20882083 208c208a
2135420 208c2089 208d208b 20852086 20802083
2135440 20812082 2083207b 2083207c 20812081
2135460 20852083 2085207d 2086207f 207e2081
2135500 207e207f 2082207a 207e2079 20862082
2135520 20752080 2076207a 2074207c 20802078
2135540 2079207e 20752075 20702071 20752071
2135560 2073206c 2075206e 20742073 206d2076
2135600 207b2073 20712074 206e207b 20742073
2135620 20702072 20792075 206e2077 20732075
2135640 20752079 2073207d 2078206f 20722073
2135660 20712070 206e206e 2069206d 206e206c
2135700 20722070 206e206f 206c206e 20762073
2135720 20722074 20772076 20782070 20732074
2135740 20702072 20702076 20772074 20762076
2135760 207d2074 20732077 2072207d 2075207b
2136000 207d207c 2078207c 20742075 20712075
2136020 2072206f 20742066 206d206b 2071206e
2136040 206e2070 2072206a 2070206d 2072206f
2136060 206e2075 20782071 20762078 207a207c
2136100 207b207e 2079207d 207c2075 20822081
2136120 20862084 207a207a 20732072 207a207a
2136140 20822083 20842086 207d2085 20822082
2136160 20842089 207b207d 207f2081 20852084
2136200 20832081 20822082 20802083 20852087
2136220 20852086 20902089 20902094 2089208f
2136240 2088208a 208e208d 208f208d 208c208c
2136260 208f208e 209c2090 20982096 209a2096
2136300 20962099 20932094 209c2099 209e20a2
2136320 209c20a1 2097209d 20a2209c 20982094
2136340 20a2209e 20a620a4 209f209e 20a120a5
2136360 209c209c 20a0209d 20a520a4 20af20a9
2136400 20b320b2 20b520ac 20b320ba 20b420b5
2136420 20b220b2 20b120a9 20b220b4 20b320b5
2136440 20b120af 20b620b3 20b820b3 20be20bd
2136460 20b920ba 20c020be 20c120be 20c820c5
2136500 20c820c7 20c420cb 20c720c5 20c520ca
2136520 20c720c2 20c020ba 20c720c6 20ca20cc
2136540 20cb20cc 20cb20cb 20d120c7 20d120d7
2136560 20ca20d1 20cf20ce 20d320cc 20d220d3
2136600 20d720cf 20d720da 20da20d5 20e120dd
2136620 20e720e3 20e820da 20dd20e6 20e520e2
2136640 20e520e6 20e120e1 20e820ed 20ec20ea
2136660 20ec20ef 20e520ef 20e920e2 20db20ee
2136700 20e820de 20ed20e8 20f020ed 20f020ef
2136720 20f020ee 20e920f0 20f420f5 20f920f8
2136740 20f320f3 20f520f4 20f520f7 20f420f6
2136760 20f820fc 20ee20f1 20f420ef 20fb20fc
2137000 20fb20fd 20ff20f7 20fd20fc 210420fe
2137020 20fa20fb 210420ff 21012106 20fc2101
2137040 210720fa 21012105 210320fc 21042107
2137060 21032102 210a2108 21052105 210b2103
2137100 21082104 21072108 21072106 20fe2101
2137120 21012102 210320ff 21022102 20fd2102
2137140 20f020fc 20fc20f7 20f92104 210720ff
2137160 21062102 2108210a 2104210a 21012109
2137200 21092105 21082109 21002100 21092109
2137220 21062107 210c2108 2114210c 210a210a
2137240 2104210c 21092107 210f210b 2107210e
2137260 21082108 21012102 21072101 21082107
2137300 21112112 210f2118 2110210c 210b2113
2137320 2114210d 210d210c 210c210e 210d210d
2137340 2109210b 210c2106 210f2106 2108210a
2137360 210d2113 210f210d 2109210c 21022107
2137400 21092109 21102108 210f210c 2111210c
2137420 210f2114 210b2115 21052112 21082107
2137440 21092107 210e210f 210f210d 21092111
2137460 210b210c 21062102 21012102 21052105
2137500 21032106 20fa20fd 20fc20f7 20f920fa
2137520 21052104 2110210a 21012109 21012108
2137540 20fe20fc 20fa20fe 20f72104 210220f6
2137560 20f520fc 20fc20f9 20fa20f7 20f720f8
2137600 20f620f7 20ee20f7 20f520ef 20f320f4
2137620 20f120f7 20ee20f6 20f620f1 20f120ee
2137640 20ef20f5 20f420f4 20f220ee 20f120f5
2137660 20f720f3 20ed20ee 20ed20ef 20ea20ee
2137700 20ef20ef 20e520f3 20ee20ef 20e720e8
2137720 20ed20ed 20ef20f3 20f320f5 20ed20f1
2137740 20ea20ed 20e520eb 20e220e5 20dd20dd
2137760 20dd20e5 20e320dc 20dc20df 20dd20d9
2140000 20d520dd 20db20d6 20e820df 20dd20e2
2140020 20d220d1 20d920d0 20d620d9 20e020db
2140040 20db20dc 20d220d6 20cc20cf 20cf20d1
2140060 20d420d0 20d120d6 20d720cf 20d320d5
2140100 20cb20d4 20cd20d0 20d020ce 20ce20cf
2140120 20c520ca 20ce20c7 20d120d2 20cd20cc
2140140 20cf20c9 20cd20c8 20c520cf 20c420c8
2140160 20c520c2 20ca20c8 20cb20c7 20d120d4
2140200 20c520cf 20cb20c3 20c820c9 20cb20d3
2140220 20c920d1 20c820d2 20c620c9 20d020c6
2140240 20d320d1 20d120d0 20d220cf 20cd20d0
2140260 20d320d6 20ce20c8 20ce20d0 20c720cb
2140300 20cd20cd 20cf20ca 20cc20cb 20c420c2
2140320 20cc20ca 20d220cc 20c920d5 20cb20cb
2140340 20c820cb 20cc20cc 20db20d4 20d120c9
2140360 20d220cd 20cf20ce 20d820d9 20d320da
2140400 20dc20df 20d820d6 20d620d9 20da20e4
2140420 20d420da 20d820d0 20db20d6 20df20db
2140440 20e020e3 20dd20db 20de20df 20e920e2
2140460 20e020e2 20e120e5 20e220e3 20eb20e5
2140500 20eb20ec 20f020ed 20e620f2 20e720e3
2140520 20e320e6 20e920e8 20eb20ed 20ee20eb
2140540 20f720f2 20ec20ee 20e420f1 20e520e9
2140560 20e220ed 20e920e7 20f420ee 20f320f8
2140600 20f820f5 20fa20f5 20f820fc 20f320f3
2140620 20f720fc 20fc20fa 20ff2100 210620ff
2140640 20fc2101 20fd20f8 20fd20fe 20ff20fe
2140660 210620ff b01104af 00001004 0001000a
2140700 00010000 03b16033 00000ffc 0001000a
2140720 1400003c add01f00 add01f01 add01f02
2140740 add01f03 add01f04 add01f05 add01f06
2140760 add01f07 add01f08 add01f09 add01f0a
2141000 add01f0b add01f0c add01f0d add01f0e
2141020 add01f0f add01f10 add01f11 add01f12
2141040 add01f13 add01f14 add01f15 add01f16
2141060 add01f17 add01f18 add01f19 add01f1a
2141100 add01f1b add01f1c add01f1d add01f1e
2141120 ff000134 00000020 00000002 bbd77bf1
2141140 00000001 deadbeef f0000002 bbd77bdd
2141160 2e0b44ea 00000000 00000134 00001f48
2141200 a01004b0 21f92107 21f521f7 21f221f6
2141220 21eb21ef 21ec21f4 21f021f2 21ef21ea
2141240 21ed21f3 21f221ee 21f921f4 21fc21fb
2141260 21ef21f6 21f521f5 21ef21f2 21f221f2
2141300 21f421ed 21f521f3 21f321f7 21ff21f9
2141320 22032202 21fe21fe 21ee21f4 21e921ef
2141340 21e421ec 21eb21f0 21ee21eb 21f221ef
2141360 21f021f1 21f121f2 21eb21eb 21ed21eb
2141400 21f421f4 21f321f1 21f521f8 21f421f1
2141420 21ed21f3 21ed21ea 21ed21f1 21f021ed
2141440 21ed21eb 21f221e4 21e721f0 21e921f5
2141460 21f021f4 21f221f3 21f221f2 21ef21f2
2141500 21f621f8 21ff21fb 21f821f5 21f821fa
2141520 21e821ee 21e921e4 21ef21f4 21f221e4
2141540 21e421ef 21ea21ee 21f121ee 21f021ee
2141560 21ef21ec 21f921f0 21ee21f6 21ec21f0
2141600 21ef21f5 21f321e8 21f821f6 21f621f9
2141620 21f721fa 21f921fb 21f321fe 21f021f4
2141640 21f621f4 21f121f2 21f221f5 21fc21f2
2141660 219121f8 1f9a208d 1e341eca 1d911dce
2141700 1d581d6c 1d451d44 1d3b1d3a 1d431d41
2141720 1d3d1d40 1d391d3d 1d381d3d 1d381d3b
2141740 1d381d3a 1d3f1d39 1d3b1d3e 1d331d38
2141760 1d351d36 1d311d3c 1d331d3e 1d3b1d34
2142000 1d391d3b 1d3b1d3b 1d371d3a 1d341d36
2142020 1d3e1d3c 1d3a1d3a 1d3d1d3f 1d331d40
2142040 1d421d43 1d401d43 1d441d40 1d4d1d4d
2142060 1d4b1d4f 1d521d50 1d441d4b 1d461d4c
2142100 1d4f1d4e 1d501d52 1d591d52 1d551d52
2142120 1d521d51 1d4c1d4d 1d4a1d4d 1d531d50
2142140 1d4e1d4e 1d521d51 1d5c1d5d 1d5f1d5e
2142160 1d5e1d59 1d591d5a 1d651d5a 1d601d61
2142200 1d601d64 1d5f1d61 1d5f1d5a 1d5e1d59
2142220 1d5f1d58 1d611d5f 1d6c1d69 1d6e1d6a
2142240 1d661d5e 1d6d1d6c 1d651d6a 1d801d7c
2142260 1d771d70 1d721d6c 1d721d74 1d6f1d74
2142300 1d741d73 1d781d6d 1d781d78 1d6d1d78
2142320 1d701d78 1d721d7c 1d761d74 1d7b1d77
2142340 1d771d79 1d711d75 1d7b1d7a 1d791d76
2142360 1d801d7a 1d841d7e 1d7c1d81 1d801d7e
2142400 1d821d82 1d831d82 1d881d84 1d821d83
2142420 1d8b1d82 1d851d86 1d931d8a 1d931d8f
2142440 1d881d8e 1d921d8c 1d841d86 1d911d8c
2142460 1d951d95 1d961d92 1d931d99 1d931d9c
2142500 1d911d8c 1d891d88 1d8e1d92 1d971d93
2142520 1d981d98 1da11d9b 1da01da1 1d9e1da0
2142540 1d9d1da2 1da01d9d 1da01d9c 1d9e1d99
2142560 1d9c1d98 1da21da7 1d9c1d9c 1da91da6
2142600 1da61da4 1da21da5 1da51da5 1da61da6
2142620 1dac1da0 1da11da3 1d9d1d9e 1d9a1da1
2142640 1d9a1da2 1dae1da2 1da71daa 1d9d1da9
2142660 1d9d1da0 1da31d9f 1dae1da2 1db01dab
2142700 1da71daf 1dab1dac 1dae1da7 1db71db5
2142720 1db71db9 1db11db3 1da61dae 1db71db0
2142740 1dae1db5 1da91db4 1da01daf 1dad1da3
2142760 1dac1da9 1db11da9 1dae1db0 1db31dbc
2143000 1db41db5 1db01db1 1dac1da7 1db11dae
2143020 1db11db5 1db81dbe 1db91db6 1db81db5
2143040 1db61db1 1db21db1 1dae1db5 1db01da9
2143060 1dba1db0 1db21db8 1db41db2 1db51db4
2143100 1db21db4 1daa1db6 1db51db0 1db11db4
2143120 1dbe1dbb 1dc01dc1 1dc41dc1 1dba1db8
2143140 1dbe1dc2 1dbe1dc0 1dbf1dc0 1dc21dbd
2143160 1dbb1dc2 1dc61dbb 1dc31dce 1dbf1dc3
2143200 1dc51dbf 1dbf1dbf 1dbb1dc4 1db31dc2
2143220 1dc01dbe 1db71db8 1dbd1db7 1dc21dc1
2143240 1db91dbd 1dbe1dc3 1dc21dbf 1dc71dc5
2143260 1dc51dc6 1dc41dcb 1dca1dc8 1dbf1dc1
2143300 1dc11dc7 1dc01dc0 1dc31dc0 1dc21dc6
2143320 1dc81dca 1dca1dc8 1dc81dc7 1dce1dc4
2143340 1dc91dcb 1dcf1dcb 1dcb1dd4 1dca1dc8
2143360 1dc81dce 1dcb1dc8 1dcf1dcb 1dc61dc9
2143400 1dc41dc7 1dd31dcc 1dd51dd7 1dcf1dcf
2143420 1dd31dcb 1dcb1dd5 1dcb1dd0 1dcc1dcd
2143440 1dd71dcf 1dd01dd1 1dcc1dd7 1dd41dcf
2143460 1de01dd4 1dd01dd4 1dd51dd3 1dcd1dd7
2143500 1dd71dd9 1dd41dd9 1dd21dcd 1dd01dcf
2143520 1dd01dd8 1dd91dda 1dda1dda 1dd71dd7
2143540 1ddc1dd9 1de11ddc 1de71de4 1de51de3
2143560 1de51de5 1de21de4 1de11ddf 1de41de0
2143600 1deb1ded 1ddc1de4 1ddf1ddb 1de61dda
2143620 1de41de5 1de21de8 1de01ddc 1de51de3
2143640 1de31de5 1de61de6 1de41de7 1df21ded
2143660 1dec1de6 1de91df1 1de31de9 1dea1de4
2143700 1de71de2 1dea1deb 1df31df3 1de71df2
2143720 1ded1dee 1deb1de6 1df61de6 1ded1def
2143740 1def1df0 1df11df2 1df61df1 1df41df6
2143760 1df21df6 1df11df4 1df41df7 1df81df6
2144000 1df71df2 1dfb1df4 1e021e03 1dfe1df7
2144020 1dfc1df8 1e011df9 1dfd1df4 1dfe1e03
2144040 1e041e01 1dff1dff 1dfa1df9 1dfb1df6
2144060 1df71df8 1e0a1dff 1dff1dfe 1e001df4
2144100 1e051dfe 1e101e06 1dfd1e0b 1e071dfb
2144120 1e091e01 1e091e04 1e051e02 1e0e1e0a
2144140 1e091e04 1e021e04 1e0a1e0b 1e101e16
2144160 1e111e0b 1e0d1e0c 1e101e15 1e0b1e12
2144200 1e141e09 1e121e19 1e1c1e0c 1e151e12
2144220 1e151e1a 1e1a1e1e 1e111e13 1e0e1e0c
2144240 1e121e0e 1e161e11 1e1c1e16 1e191e17
2144260 1e1d1e1a 1e231e20 1e221e21 1e161e23
2144300 1e131e12 1e231e13 1e221e1d 1e231e20
2144320 1e241e21 1e291e25 1e231e2a 1e251e20
2144340 1e1c1e1e 1e271e22 1e2f1e2e 1e391e2d
2144360 1e2a1e2f 1e241e23 1e251e26 1e2f1e28
2144400 1e301e30 1e2a1e31 1e2a1e28 1e2b1e2f
2144420 1e311e31 1e331e30 1e351e32 1e331e3a
2144440 1e331e2f 1e3d1e38 1e331e30 1e331e35
2144460 1e401e32 1e471e44 1e3a1e46 1e401e44
2144500 1e391e3e 1e381e38 1e471e42 1e411e39
2144520 1e4a1e46 1e3e1e45 1e461e3f 1e3d1e41
2144540 1e451e49 1e471e49 1e4c1e44 1e471e49
2144560 1e4f1e4e 1e4c1e49 1e4b1e3f 1e4a1e4a
2144600 1e451e49 1e4a1e4e 1e541e4b 1e591e48
2144620 1e5a1e55 1e551e51 1e551e59 1e541e5c
2144640 1e5e1e53 1e561e57 1e5d1e56 1e581e5b
2144660 1e601e5c 1e5b1e5a 1e5f1e58 1e5c1e63
2144700 1e4d1e57 1e511e50 1e541e47 1e5a1e5f
2144720 1e621e5b 1e651e67 1e611e65 1e761e67
2144740 1e671e6c 1e641e6b 1e5c1e67 1e661e5f
2144760 1e6a1e5e 1e621e63 1e611e61 1e6d1e65
2145000 1e711e6d 1e6e1e72 1e5e1e64 1e5e1e5c
2145020 1e641e63 1e6d1e62 1e661e67 1e661e67
2145040 1e5e1e64 1e651e68 1e6b1e68 1e771e61
2145060 1e711e6d 1e6f1e72 1e701e70 1e761e6f
2145100 1e761e71 1e781e72 1e781e78 1e731e79
2145120 1e771e76 1e781e74 1e6d1e76 1e671e6a
2145140 1e6f1e75 1e6e1e6a 1e721e6e 1e7c1e7f
2145160 1e731e82 1e801e77 1e771e7a 1e741e79
2145200 1e741e72 1e781e72 1e811e7f 1e7f1e7c
2145220 1e831e7a 1e7c1e7e 1e781e75 1e761e82
2145240 1e721e7a 1e7c1e77 1e7d1e7f 1e6f1e78
2145260 1e7c1e76 1e7d1e7e 1e801e7d 1e7d1e82
2145300 1e7b1e7a 1e881e89 1e7d1e7b 1e831e7a
2145320 1e7a1e80 1e7d1e80 1e851e83 1e831e85
2145340 1e851e7f 1e8b1e8a 1e851e88 1e8a1e8e
2145360 1e821e8b 1e861e80 1e861e8a 1e7e1e85
2145400 1e8a1e83 1e871e8a 1e901e8b 1e8f1e8c
2145420 1e811e90 1e971e8d 1e8d1e92 1e911e92
2145440 1e8b1e91 1e8f1e91 1e911e93 1e921e95
2145460 1ea21e95 1e8e1e98 1e901e8c 1e901e8b
2145500 1e951e92 1e991e98 1e941e94 1e991e91
2145520 1e971e9a 1e9a1e94 1e9c1e9a 1e991e9b
2145540 1e991e9c 1e9c1e9e 1e991e9d 1ea31ea4
2145560 1e9b1ea1 1ea01ea8 1e9f1ea2 1ea11ea9
2145600 1ea81ea4 1e9f1eaa 1ea01ea9 1ea51ea9
2145620 1eac1ea8 1eab1ea6 1eb21ea5 1eaa1eb2
2145640 1eab1eb0 1ead1ead 1eb11eac 1eb41eab
2145660 1eac1eb1 1eb11eaf 1eae1eb6 1eb21ea7
2145700 1eac1eae 1ead1ead 1ebb1eb2 1eba1ebb
2145720 1eb31eb4 1eb01eaf 1eab1eb8 1eb71eb8
2145740 1eb21eb2 1eb71eb7 1eba1ebb 1eae1eb3
2145760 1eb71ead 1eb71eba 1eb81eb2 1eb41eb5
2146000 1eb81eb9 1eb81ebc 1ebd1ebb 1ebf1ebd
2146020 1eb91eb5 1eb81ec0 1ebb1ebd 1ec01ebc
2146040 1eba1ebd 1ec01ec0 1ebc1ec0 1ebb1ec2
2146060 1ec71ec6 1ec61ec6 1ec81ec7 1ec01ec5
2146100 1ec41ecb 1ec61ec6 1eca1ec2 1eca1ec7
2146120 1ec31ec6 1eca1ecd 1ece1ec7 1ec51ec2
2146140 1ecf1ece 1ec91ecf 1ed01ed2 1ec91ecb
2146160 1ecd1ec7 1ed81eca 1ecb1ed6 1ed31ed3
2146200 1ed41ed0 1ed61ed4 1ed51ed5 1eda1ed8
2146220 1ed61ed4 1ed71ed3 1eda1ed9 1eda1edd
2146240 1ed21ed9 1ed31ed4 1ecf1ed6 1eda1eda
2146260 1ed71edc 1ed11ed6 1ed71ed7 1edd1ed1
2146300 1ee81ee4 1ee51ee0 1ee71ee2 1eef1ef2
2146320 1eea1ee8 1ee61ee0 1edb1edf 1edb1edc
2146340 1ee21ee0 1ee21edf 1ee31ee2 1ee31ee4
2146360 1ee41ee4 1ee21ee0 1ee61ee4 1ee81ee6
2146400 1ef41eeb 1ee61ef2 1ef11eec 1ee71eea
2146420 1ee41eea 1eee1ee5 1ee51ee7 1eea1ee7
2146440 1ee91ee7 1eeb1ee5 1eeb1eee 1ef71ef4
2146460 1ef61ef4 1ef11eec 1eea1eee 1ee91eea
2146500 1ee41eed 1eea1ee9 1ee61ee5 1ee91ee0
2146520 1eef1ee9 1ef01ef3 1ef31ef7 1ef01ef0
2146540 1ef41eeb 1ef51ef0 1eee1ef5 1ef61ef4
2146560 1ee91eec 1ef11ee5 1ef81ef1 1efd1eff
2146600 1ef81efa 1ef71efa 1efe1ef6 1efa1ef8
2146620 1efa1ef9 1eff1efe 1ef71ef5 1f061ef4
2146640 1f051f05 1ef71f05 1f031efb 1efb1eff
2146660 1f051ef7 1f041f01 1f061eff 1efc1f06
2146700 1f071efd 1f021f02 1efe1efd 1f061f04
2146720 1f001eff 1efd1efc 1f031efd 1efd1efd
2146740 1f061f06 1f061f0d 1f081f0c 1f081f02
2146760 1f041f0b 1f091f10 1f121f0b 1f0a1f0e
2147000 1f0f1f0e 1f0f1f13 1f101f0e 1f0b1f14
2147020 1f141f12 1f131f0c 1f101f12 1f101f16
2147040 1f141f1b 1f1a1f19 1f111f10 1f141f16
2147060 1f0d1f17 1f171f0e 1f1b1f1b 1f1d1f1c
2147100 1f181f1e 1f151f1a 1f1d1f1a 1f1e1f21
2147120 1f211f19 1f191f18 1f131f13 1f1c1f18
2147140 1f1c1f16 1f191f17 1f181f12 1f1e1f19
2147160 1f221f25 1f181f1b 1f1a1f16 1f181f17
2147200 1f201f1b 1f1e1f1f 1f1d1f1e 1f1d1f1f
2147220 1f161f14 1f201f18 1f171f18 1f191f1c
2147240 1f201f14 1f111f16 1f111f18 1f201f1e
2147260 1f201f23 1f1e1f1b 1f1a1f22 1f191f1d
2147300 1f1d1f1e 1f201f1f 1f1f1f20 1f201f23
2147320 1f231f23 1f221f2a 1f251f20 1f1e1f21
2147340 1f1d1f1a 1f1c1f18 1f261f22 1f2a1f24
2147360 1f291f1a 1f2d1f26 1f251f2b 1f2f1f32
2147400 1f291f28 1f271f26 1f271f25 1f2e1f31
2147420 1f341f33 1f301f2c 1f2e1f2b 1f251f2a
2147440 1f291f28 1f271f28 1f2d1f2d 1f2a1f26
2147460 1f261f2a 1f271f2f 1f241f25 1f261f2a
2147500 1f301f2c 1f2e1f2d 1f2e1f2a 1f311f33
2147520 1f301f33 1f2c1f2d 1f2e1f2f 1f2a1f2d
2147540 1f301f31 1f321f31 1f301f32 1f301f2d
2147560 1f361f35 1f381f30 1f321f34 1f341f2e
2147600 1f2e1f29 1f2d1f33 1f321f2f 1f351f32
2147620 1f381f36 1f301f35 1f281f31 1f3b1f39
2147640 1f361f3b 1f391f2f 1f371f3c 1f3c1f33
2147660 1f3f1f3e 1f3d1f43 1f3f1f3d 1f3f1f3d
2147700 1f351f3d 1f3f1f3e 1f441f40 1f411f44
2147720 1f3b1f3a 1f491f40 1f431f49 1f4a1f47
2147740 1f551f4b 1f4c1f54 1f491f4c 1f4c1f51
2147760 1f521f49 1f471f4b 1f4a1f46 1f481f4a
2150000 1f491f4d 1f471f47 1f4a1f48 1f511f53
2150020 1f511f51 1f521f57 1f571f50 1f531f50
2150040 1f551f51 1f581f5a 1f541f62 1f531f59
2150060 1f4f1f4f 1f581f57 1f5e1f62 1f571f57
2150100 1f611f5e 1f611f5e 1f5a1f5e 1f5f1f5e
2150120 1f631f67 1f651f62 1f5e1f5a 1f631f61
2150140 1f5d1f65 1f621f67 1f5b1f5e 1f661f61
2150160 1f631f69 1f5f1f63 1f631f6b 1f661f67
2150200 1f6d1f66 1f6f1f72 1f711f75 1f791f71
2150220 1f731f6e 1f7a1f7a 1f701f6f 1f741f6d
2150240 1f761f7b 1f731f74 1f781f6e 1f781f76
2150260 1f771f74 1f7b1f75 1f791f72 1f7f1f7b
2150300 1f7c1f79 1f731f78 1f7b1f7f 1f7d1f7b
2150320 1f7b1f75 1f811f80 1f7a1f7c 1f741f7f
2150340 1f7f1f78 1f7e1f7a 1f831f81 1f801f83
2150360 1f7d1f79 1f811f81 1f871f85 1f851f83
2150400 1f871f85 1f871f8a 1f851f80 1f811f81
2150420 1f851f86 1f891f8c 1f931f8e 1f921f94
2150440 1f931f8d 1f901f8c 1f8a1f8c 1f8f1f93
2150460 1f8e1f95 1f931f94 1f941f94 1f931f98
2150500 1f951f9e 1f931f93 1f981f92 1f9b1f9c
2150520 1f981fa3 1f9b1f9e 1f961f9d 1f991f96
2150540 1f9d1f94 1f9c1f9b 1fa31f9d 1f9d1f9c
2150560 1f9e1f9d 1fa41f9b 1f9c1f9e 1f9d1f99
2150600 1fa31f9e 1fa01f9e 1f9d1f97 1f941fa5
2150620 1f971f97 1fa01f9e 1fa01f9b 1fa41fa6
2150640 1f9d1fa1 1f9e1f9e 1fa11fa0 1f981f96
2150660 1f991f98 1f9c1f9b 1f9d1fa0 1f9c1f95
2150700 1f9d1fa0 1f9c1f9f 1f991f97 1f9c1f9a
2150720 1fa11f9f 1f9d1fa2 1f9d1fa1 1fa41f9a
2150740 1fa41fa7 1fab1fa5 1fa71fa6 1fa61faa
2150760 1fab1fab 1fb11fac 1fa81fae 1fb31fad
2151000 1fa51fae 1fa51fa5 1fac1fad 1fa61fa7
2151020 1fb11fac 1fb31fb5 1faa1fb0 1fae1fae
2151040 1fa91fa9 1fa91fa0 1fa71fa2 1faa1fae
2151060 1fac1fab 1fae1fad 1fad1fb0 1fb01fad
2151100 1fb71fb0 1fb31fb9 1fb21fb9 1fb01fb0
2151120 1fae1fb5 1fa71fa9 1fb21fb5 1faf1fb4
2151140 1fb11fac 1fb21fac 1fab1fac 1fb41fb5
2151160 1fb31fba 1fb91fb3 1fb91fb4 1fbc1fbb
2151200 1fb61fbc 1fbf1fba 1fb51fb6 1fb31fb6
2151220 1fbb1fbb 1fb81fbb 1fbc1fb2 1fb81fb9
2151240 1fb61fbb 1fb61fbe 1fba1fb4 1fb11fb4
2151260 1fb91fb0 1fb71fb6 1fb31fb1 1fb81fb5
2151300 1fb81fbc 1fb81fb7 1fbe1fbe 1fba1fc0
2151320 1fb81fb8 1fb61fb8 1fb01fb2 1fb21fb3
2151340 1fb11fb7 1fb81fbb 1fbc1fc4 1fcb1fbd
2151360 1fb91fc0 1fb81fbb 1fb91fbb 1fc01fbe
2151400 1fc31fbb 1fba1fbd 1fbb1fb7 1fbc1fc0
2151420 1fbb1fba 1fc01fb7 1fb81fbd 1fbd1fbb
2151440 1fbb1fbf 1fbb1fc0 1fc51fbb 1fbb1fc2
2151460 1fba1fba 1fb51fb4 1fbe1fb7 1fb41fae
2151500 1fa91fb3 1fab1fac 1fb51fb0 1fb51fb3
2151520 1fb81fb2 1fb51fbd 1fb81fb7 1faf1fb8
2151540 1fb71fb3 1fb21fb6 1fac1fa8 1fa61fa9
2151560 1faf1fad 1fb41fb5 1fb51fad 1fb31faf
2151600 1fb61fb2 1fb61fb6 1fb21fbb 1fbc1fb1
2151620 1fba1fbc 1fc11fc2 1fb31fb9 1fae1fb3
2151640 1fb21fb6 1fb31fb5 1fab1fb2 1fac1fb0
2151660 1fb21fb0 1fb61fb7 1fb51fba 1faf1fb1
2151700 1faf1fb0 1fb01fb3 1fb21fa8 1fb61fb1
2151720 1fba1fb6 1fb91fc2 1fba1fb6 1fb71fb2
2151740 1fb11fb1 1fb71fb2 1fbf1fbf 1fbb1fb8
2151760 1fbf1fc2 1fc51fbc 1fbf1fc2 1fc41fc9
2152000 1fc61fc4 1fc31fc2 1fc51fc7 1fbf1fbb
2152020 1fc81fc5 1fc71fc6 1fbd1fb9 1fc21fc4
2152040 1fb71fc2 1fbd1fc0 1fb71fb9 1fc91fbb
2152060 1fcb1fc9 1fc21fc4 1fbc1fc2 1fbd1fbb
2152100 1fc01fbe 1fbe1fc0 1fc31fc2 1fbd1fc0
2152120 1fc01fbf 1fcb1fba 1fc51fc4 1fcb1fcd
2152140 1fd11fcf 1fd11fd2 1fd31fcc 1fd21fd4
2152160 1fcb1fd5 1fcb1fce 1fd01fc7 1fd91fcd
2152200 1fd11fd4 1fd11fd2 1fd41fd3 1fd71fd1
2152220 1fdc1fd8 1fd91fd7 1fd11fd8 1fce1fce
2152240 1fd41fd5 1fd31fd4 1fd61fd2 1fd61fd8
2152260 1fdb1fdb 1fd91fe0 1fdc1fdd 1fdb1fd2
2152300 1fd51fd9 1fdb1fd7 1fe01fdf 1fdf1fdd
2152320 1fe11fdc 1fe21fdf 1fe51fe4 1fe41fea
2152340 1fea1fe8 1fea1fea 1fe91fea 1ff21ff1
2152360 1ff21ff6 1ff51fec 1ff11fe6 1fe71fec
2152400 1fef1ff2 1ff41ff0 1ff61ff5 1fef1ff5
2152420 1fef1ff5 1fe71fe8 1ff31fed 1ff31ff7
2152440 1ff01ff4 1fee1ff2 1ff91ff2 20011ffb
2152460 20051ffe 1ffe1ffe 1ffc1ffc 1ffe1ff8
2152500 20022001 1ffb1ff9 1ffa1ff4 1ff51ffa
2152520 20082007 20082007 200a2001 20042008
2152540 200d200d 2008200d 2016200d 2005200a
2152560 200b200b 200a2014 200f2013 20172014
2152600 20112011 200f2012 201a2013 20162016
2152620 2016201a 20112013 20172013 201f201d
2152640 20292022 201c2022 2022201b 201d2019
2152660 201e201d 201d2026 20252025 201e201e
2152700 20242027 20262029 20212029 20282027
2152720 202c2028 20242026 20252022 2025202d
2152740 20252026 202c2027 202a202b 2028202a
2152760 20302030 2037202f 20352038 20382034
2153000 2025202f 20272028 202f202b 202d202f
2153020 20302038 20302030 20382032 20362030
2153040 2036202c 20322033 202c2034 20382036
2153060 20412036 203d2039 20312032 20392034
2153100 203f203a 20432040 20442044 20412042
2153120 20392043 2043203c 203d203e 20492045
2153140 20472043 20452040 2040203e 2042203d
2153160 20412042 203d2046 203d203f 203d2046
2153200 2042203e 20472045 20402047 20402044
2153220 20452043 2047204a 2056204c 2052204f
2153240 2049204e 204e2046 204f2046 20492049
2153260 204e2049 2047204d 204b2045 2050204f
2153300 20472045 204b2050 204d204c 20452049
2153320 20492040 20472044 2047204a 204c2049
2153340 2055204f 204f204c 204b2049 204a2050
2153360 204c2048 20492048 204f204f 204d2049
2153400 204f2050 2049204b 2051204c 2058204e
2153420 20592053 204b2053 204b2051 2055204d
2153440 204b2047 20562048 20552053 2043204d
2153460 204a2053 2051204e 204d204e 2048204b
2153500 204a2049 20502050 204b204e 204f2047
2153520 204a2046 204f2055 20462047 204f204e
2153540 204c2048 204d204c 20482047 2049204f
2153560 20502051 205a2048 204f204e 204c204c
2153600 20502056 204d2050 2046204a 20402047
2153620 20432047 2044204d 2047204b 20492049
2153640 20492047 20422044 204b204b 204e2050
2153660 20442045 20462047 204e204b 204a2056
2153700 20402044 20442046 20492047 20432047
2153720 20422042 20452045 203e203f 20482041
2153740 203a2041 2038203f 20412040 204a2044
2153760 2043204d 203f2050 2044203e 20402041
2154000 203b2038 20392039 20412045 203b2040
2154020 203a2039 203e203a 203a203b 203e203e
2154040 20382040 203b2038 2033203c 2036203a
2154060 203b203b 203d203c 20462044 203c203d
2154100 20352038 202d202c 20322031 20332037
2154120 20332031 202b202d 20322034 203f2038
2154140 203a203b 203e203a 2036203a 202b202e
2154160 202b202a 20332031 20352033 20332034
2154200 20342031 20292032 20322028 203c202d
2154220 20382033 202f2033 202d2031 20362037
2154240 20382037 20382035 20332035 20322032
2154260 20322030 20372032 20382037 203b2039
2154300 203b203a 20402038 203b203d 203c203c
2154320 203c203b 2042203d 203b203d 20412038
2154340 2042203d 20402041 20462049 2045203f
2154360 203e203f 203f203f 2040203f 203f204a
2154400 20422045 2048203c 2042203d 20462041
2154420 203e2047 2045203e 20492047 204d204b
2154440 20492049 20512048 204a2049 204d204b
2154460 20422046 20472044 204b204c 2054204e
2154500 204f2047 2050204f 2049204e 2050204f
2154520 204f2052 2057204c 204c204c 204f204f
2154540 20542054 204e2056 20572050 204d2057
2154560 204f2052 20532057 20552054 205b2055
2154600 20512059 20582059 205c2057 205a2054
2154620 205d2058 20592054 205e2064 20602066
2154640 205e205c 20692060 20612060 2056205f
2154660 20662062 20662062 20642065 206a2064
2154700 206f206a 20742072 2070206e 206a2073
2154720 2071206e 206b206a 206d206e 20682072
2154740 206d2068 20722073 20672077 20722070
2154760 20752078 20752070 207c2072 206f2076
2155000 20792073 207c207f 207a207e 2082207e
2155020 207d207d 207f2084 207f207f 20852081
2155040 20842087 2087208a 2086208f 20872080
2155060 208e2088 208e208d 2087208c 208c2083
2155100 208f208d 20882086 208e2090 2089208d
2155120 208a2090 2090208c 20922091 209d209b
2155140 208c2092 20932095 2097208f 2093208f
2155160 2095208c 209e2098 20a1209e 20a520a1
2155200 20a8209d 209f20ab 209b20ab 20a320a1
2155220 209d20a2 20a52098 20a320a2 209d20a3
2155240 209a20a4 20a520a1 20a920a9 20a420ab
2155260 20a020a4 20ab20a5 20ab20a9 20ad20aa
2155300 20a720a9 20a720a5 20a920ae 20a520a7
2155320 20a820a7 20a820a9 20ac20aa 20ae20b1
2155340 20ab20b1 20b220b5 20b520b5 20b520b4
2155360 20af20b1 20b620af 20b820b5 20b720b0
2155400 20b020b2 20b020b5 20b520b3 20be20c2
2155420 20bb20bd 20b420be 20bb20b9 20c120ba
2155440 20bc20ba 20b820ba 20ae20bb 20b820b8
2155460 20c020c0 20c020b6 20c120c6 20bb20c1
2155500 20b920c5 20c220c2 20b920bc 20c220bf
2155520 20b920c2 20be20c0 20bd20be 20c420c5
2155540 20bf20c7 20bd20c5 20c020c8 20bb20bd
2155560 20be20ba 20c420be 20ca20c5 20c320c3
2155600 20bf20c1 20c420bf 20bf20c0 20c120bf
2155620 20c320c3 20c220b8 20c420c5 20cb20c9
2155640 20b920c7 20c320c7 20c020c6 20c220bb
2155660 20bf20c2 20be20bf 20c420c7 20cb20cc
2155700 20c920c4 20cd20cd 20c520cd 20cc20cd
2155720 20d220c9 20c720b6 20cf20c4 20bd20c3
2155740 20c820cd 20cf20ce 20ca20c6 20c920c2
2155760 20c920c9 20c420c9 20bf20ca 20c220c2
2156000 20c820c1 20c820be 20c420c6 20c420bf
2156020 20c220c2 20c620c0 20b620be 20ba20bc
2156040 20b320b2 20be20ba 20c120be 20c420c3
2156060 20bd20c3 20bc20bc 20bb20b9 20bf20c3
2156100 20b920b8 20b520bc 20b720b4 20be20ae
2156120 20ba20bd 20af20bc 20b520bb 20b920b2
2156140 20b220b5 20b320b6 20aa20b2 20ac20b2
2156160 20af20ac 20ba20b2 20bf20b7 20bb20b8
2156200 20b420c1 20ae20b6 20b220b2 20ac20b1
2156220 20ad20ab 20bc20b8 20af20b0 20ac20ad
2156240 20a720ad 20a620a9 20a720a6 20a920aa
2156260 20a920a4 20a820a9 20ae20ae 20ae20b0
2156300 20ab20a8 20a620a2 20a920aa 20a720ad
2156320 209e20a3 209e20a0 20a0209b 20a020a3
2156340 20a320a4 20aa20a1 20ac20a9 20a920a5
2156360 20a320a9 20a720a3 20a520ab 20a820a4
2156400 20a5209f 20a420a4 209e20a5 20a120a6
2156420 209e209e 209c2098 209c209d 209520a0
2156440 209d2090 209720a4 209e2093 208f209b
2156460 20942098 20a3209a 20a520a3 20a320a4
2156500 209b2099 2095209c 20a2209e 20962097
2156520 209d2097 2096209c 209e209c 209d209e
2156540 20a320a1 209b2098 20932095 20982092
2156560 20972091 209b209d 209a209b 20902097
2156600 20952096 20a4209b 209f20a2 208d2093
2156620 20942097 209b2097 2096209b 2098209b
2156640 209a2097 20952097 20992097 2098209c
2156660 20962094 20922090 20982094 20962095
2156700 2095209d 209d20a7 20ae209f 20a220a6
2156720 20ab20a5 20a420a1 20a520a0 20a420a3
2156740 20a320a1 20a820a7 20ae20a7 20a720a9
2156760 20ad20a6 20ab20a9 209f20a3 20a220a3
2157000 20a120a0 20a820a3 20a320a8 209f20a2
2157020 20a4209d 20aa20ad 20ab20aa 20ac20a9
2157040 20a620ad 20ae20b1 20ae20ad 20b320a7
2157060 20af20af 20ae20aa 20ae20ae 20b320b0
2157100 20b620b1 20ad20bc 20b720b8 20bb20b0
2157120 20b320b3 20b620b1 20b420af 20b520b6
2157140 20c620b7 20cb20c2 20b120b6 20bd20b2
2157160 20b920be 20c320c1 20c420c2 20c020c1
2157200 20c620c2 20be20ba 20be20c2 20bf20bd
2157220 20c220b7 20c620c0 20c920c7 20c620c7
2157240 20c220c0 20c420c1 20c620c4 20be20c3
2157260 20c920c6 20cb20c6 20ce20c7 20c720ca
2157300 20cd20cc 20d220cd 20d720d5 20d220cd
2157320 20d720cb 20d320d2 20d720de 20ce20d8
2157340 20d020d3 20d820d2 20d320d3 20d520da
2157360 20db20d6 20da20d6 20da20db 20df20da
2157400 20dc20d8 20e020e0 20dd20db 20e720df
2157420 20df20e2 20ec20e8 20e820e5 20e820e8
2157440 20e320db 20dc20dc 20e620e4 20f120e7
2157460 20f120ee 20e920ef 20e620e6 20e820ea
2157500 20e820e8 20ea20eb 20eb20e8 20e520ea
2157520 20f120ea 20f320f0 20ef20ed 20ec20ec
2157540 20ee20eb 20f120f4 20f320f4 20f820ec
2157560 20f320f6 20f120f4 20f320f5 20f520fa
2157600 20fb20f5 20f520fe 20f520fc 20fc20fe
2157620 20fd20fa 20fb20fd 21042105 21012102
2157640 21002101 20fd20ff 210820fc 210a2107
2157660 20ff210e 20fe2100 20f92106 210320f9
2157700 21052105 20ff2104 210120fd 210120fd
2157720 210320fe 21072102 210020ff 21042107
2157740 210f2105 210d2108 210c210d 210d210f
2157760 2104210a 21032108 21082104 210e210e
2160000 21122110 2113210a 21102118 21112115
2160020 21162116 21142116 21182114 21142116
2160040 21182115 21122113 21172119 211b2116
2160060 2123211a 2117211d 2118210f 21192114
2160100 211b211d 211e211c 2121211f 211f2120
2160120 2115211b 211d2119 211a2120 21202119
2160140 211c211e 211a2118 211f211c 2121211e
2160160 21252119 2124211d 21212123 211b2120
2160200 21202120 211c2124 21182117 211c211d
2160220 211a211f 2121211b 21162122 2118211f
2160240 211b2120 2117211b 21162119 211d211c
2160260 211a211b 2110211f 21122110 2118210d
2160300 2114210f 211c211c 211a2123 2118211b
2160320 211c2117 21172111 21112112 210e2115
2160340 210e2110 21112109 21122110 210d2108
2160360 210a210e 21112111 21112117 2115210c
2160400 2118211a 211a2113 2114211e 2111210d
2160420 2114210c 210e210f 210f2109 2110210f
2160440 210a210e 21042103 21042101 210420ff
2160460 210f2107 2112210b 21162110 2107210a
2160500 2107210a 210d210f 210c2107 210c210e
2160520 21092114 210e210f 2108210c 20ff2103
2160540 20fb20fe 20fb2101 20f920fd 210120ff
2160560 20fb20ff 20f920fa 20fa20f8 20f92104
2160600 21002102 210d2103 210f20ff 2104210e
2160620 21012102 21052105 20fc2100 20fe20fd
2160640 20fe2103 20f220f8 20f720ff 210120f8
2160660 20ff20f9 21042100 21022107 20fe2100
2160700 20fe20f4 b01004b0 00000f18 0001000a
2160720 00010000 03b16034 00000ffc 0001000a
2160740 1400003c add01f00 add01f01 add01f02
2160760 add01f03 add01f04 add01f05 add01f06
2161000 add01f07 add01f08 add01f09 add01f0a
2161020 add01f0b add01f0c add01f0d add01f0e
2161040 add01f0f add01f10 add01f11 add01f12
2161060 add01f13 add01f14 add01f15 add01f16
2161100 add01f17 add01f18 add01f19 add01f1a
2161120 add01f1b add01f1c add01f1d add01f1e
2161140 ff000134 00000020 00000002 bc14ce84
2161160 00000001 deadbeef f0000002 bc14ce70
2161200 200b487a 00000000 00000134 00001f48
2161220 a01104b1 220f20fe 22082210 2210220f
2161240 22142214 2211220d 220d220f 22132211
2161260 221e2215 221e2216 220a2216 2211220e
2161300 22082214 220c220d 2219220f 2216220f
2161320 22212215 22122219 22192212 221a2219
2161340 22182213 2218221a 22182216 220c2217
2161360 2212221a 221b2213 221d2212 221d2219
2161400 22222221 221c221c 221d2218 22212218
2161420 221d2224 221b221b 22192216 2224221f
2161440 2229221b 22212223 221b2222 22182222
2161460 221a2218 221a2214 22162214 22152216
2161500 221c221c 221b221a 2220221e 221d2222
2161520 22152213 22132214 220b220e 221c220e
2161540 22042213 2215220c 22172213 2219221c
2161560 22222217 2219221e 22242224 2222222a
2161600 2224221d 221c221b 221e221d 22212224
2161620 22252229 2225222a 22242221 221b2220
2161640 22132214 221a2216 22162219 22172215
2161660 22142212 221c221c 2218221a 22192216
2161700 21792214 1f832070 1e3c1ebf 1da91dd8
2161720 1d731d84 1d5d1d66 1d531d57 1d521d52
2161740 1d551d59 1d561d55 1d561d57 1d4e1d51
2161760 1d551d59 1d4c1d53 1d4c1d44 1d501d56
2162000 1d491d58 1d521d4e 1d501d59 1d551d48
2162020 1d541d4f 1d501d52 1d501d4e 1d501d57
2162040 1d521d4f 1d4c1d4f 1d4d1d4f 1d4f1d4d
2162060 1d4f1d4e 1d521d4c 1d571d51 1d4e1d4e
2162100 1d481d51 1d511d4d 1d4d1d49 1d521d4e
2162120 1d4f1d4e 1d441d4d 1d4c1d4a 1d461d4f
2162140 1d4e1d47 1d501d53 1d511d4f 1d4f1d4f
2162160 1d511d4c 1d521d49 1d4f1d4b 1d4b1d4d
2162200 1d4b1d4a 1d4f1d44 1d4b1d4a 1d491d4a
2162220 1d521d49 1d491d51 1d4a1d47 1d4c1d43
2162240 1d461d45 1d471d45 1d4b1d4f 1d511d45
2162260 1d4a1d4e 1d441d48 1d3f1d46 1d4d1d4f
2162300 1d4c1d50 1d451d47 1d4b1d45 1d4a1d4b
2162320 1d451d46 1d431d40 1d351d3d 1d3d1d3b
2162340 1d421d3e 1d431d42 1d481d46 1d451d43
2162360 1d441d4a 1d461d49 1d491d4b 1d461d46
2162400 1d471d42 1d491d40 1d411d3f 1d4d1d46
2162420 1d4b1d45 1d4b1d4e 1d4b1d4d 1d3e1d40
2162440 1d441d4d 1d471d42 1d521d4f 1d481d4f
2162460 1d491d4a 1d431d4b 1d501d41 1d481d49
2162500 1d451d49 1d4e1d4d 1d5b1d5d 1d511d4c
2162520 1d531d56 1d551d4d 1d4a1d56 1d451d48
2162540 1d461d45 1d491d47 1d501d48 1d4b1d4d
2162560 1d481d4d 1d551d4c 1d4c1d4e 1d491d47
2162600 1d4c1d4f 1d521d4e 1d4c1d4e 1d531d49
2162620 1d501d54 1d571d50 1d531d59 1d531d53
2162640 1d5a1d52 1d561d4e 1d4f1d5c 1d5e1d53
2162660 1d5f1d5d 1d631d5f 1d5c1d5d 1d571d5e
2162700 1d551d58 1d601d57 1d5a1d5e 1d611d62
2162720 1d621d62 1d661d64 1d671d65 1d641d66
2162740 1d691d6a 1d6a1d63 1d721d68 1d6c1d6d
2162760 1d661d73 1d681d65 1d641d6a 1d6a1d69
2163000 1d6e1d6b 1d6b1d6b 1d781d74 1d711d76
2163020 1d791d7b 1d771d76 1d761d71 1d7a1d77
2163040 1d7a1d75 1d7d1d7f 1d7c1d81 1d791d78
2163060 1d7e1d7e 1d7f1d82 1d811d82 1d831d7e
2163100 1d7d1d79 1d7b1d81 1d811d7d 1d861d7e
2163120 1d841d86 1d881d89 1d8a1d8c 1d8c1d89
2163140 1d8a1d84 1d8f1d92 1d9a1d90 1d921d96
2163160 1d981d95 1d9a1d96 1da11d98 1daa1da1
2163200 1d9d1d9d 1d9d1d9e 1da81da4 1da91da6
2163220 1da51d9f 1d9c1d97 1da91dad 1da91dae
2163240 1dae1db0 1dab1daf 1db91db3 1db01db0
2163260 1db11db0 1db21db2 1db41db1 1daf1db7
2163300 1db11dad 1db61dba 1db81db8 1dbc1dba
2163320 1dc11dbd 1dc81dbe 1dc71dc7 1dcd1dc6
2163340 1dcb1dc5 1dcc1dcb 1dd51dce 1dd61dd3
2163360 1dd71dd7 1dce1dca 1dcc1dc8 1dd41dd6
2163400 1dd71dd8 1dda1dd5 1dd61dd6 1dd91dd8
2163420 1dd41dd8 1dd71dd8 1dd91dd9 1de51de1
2163440 1ddc1de1 1ddb1ddb 1de91de0 1de11ddb
2163460 1de21de2 1de71dec 1de81dec 1de61de6
2163500 1dee1df5 1def1de9 1de91dee 1ded1deb
2163520 1df51deb 1def1df8 1df81df1 1dea1ded
2163540 1de51de5 1dee1dee 1df71df4 1e061dfc
2163560 1e0f1e0a 1e071e0e 1e071e0b 1e011e0c
2163600 1e0e1e09 1e081e09 1e091e04 1e041e0a
2163620 1e0e1e0b 1e101e07 1e0f1e14 1e091e0f
2163640 1e0d1e0e 1e0b1e03 1e071e07 1e0a1e0b
2163660 1e0b1e14 1e031e0e 1e0f1e0a 1e101e0b
2163700 1e0e1e0f 1e091e10 1e141e0b 1e141e10
2163720 1e1b1e10 1e181e1c 1e181e1b 1e1d1e1c
2163740 1e151e1d 1e1a1e10 1e121e1e 1e221e19
2163760 1e2a1e25 1e201e1f 1e241e21 1e1e1e29
2164000 1e201e21 1e261e2a 1e301e29 1e251e24
2164020 1e281e24 1e2d1e2c 1e2e1e2c 1e261e2c
2164040 1e2a1e24 1e331e2e 1e2a1e28 1e2c1e27
2164060 1e361e2e 1e391e2d 1e351e39 1e331e35
2164100 1e2f1e35 1e391e2f 1e331e32 1e351e35
2164120 1e381e35 1e381e3b 1e401e3d 1e431e43
2164140 1e391e43 1e401e40 1e3f1e3d 1e481e45
2164160 1e441e42 1e421e41 1e391e3b 1e331e3f
2164200 1e311e35 1e3f1e33 1e421e39 1e421e39
2164220 1e411e44 1e3e1e3e 1e3f1e3f 1e391e46
2164240 1e3d1e40 1e391e41 1e391e3b 1e421e3a
2164260 1e3c1e46 1e381e3f 1e3b1e3b 1e351e3a
2164300 1e441e3d 1e441e45 1e421e43 1e4a1e44
2164320 1e4b1e45 1e4a1e47 1e4c1e45 1e491e4a
2164340 1e4b1e4a 1e471e45 1e451e40 1e401e3e
2164360 1e3c1e39 1e3d1e3f 1e3d1e41 1e431e39
2164400 1e3c1e3a 1e3b1e3b 1e3c1e3e 1e3d1e3d
2164420 1e3e1e42 1e3c1e3b 1e3c1e3a 1e431e3a
2164440 1e421e42 1e3d1e42 1e3a1e41 1e3c1e39
2164460 1e3f1e4e 1e371e3c 1e371e33 1e3a1e3f
2164500 1e351e40 1e3b1e35 1e391e37 1e361e3e
2164520 1e3a1e38 1e431e3f 1e441e46 1e3d1e43
2164540 1e3d1e39 1e381e3c 1e321e33 1e361e36
2164560 1e321e32 1e3c1e33 1e331e38 1e381e3c
2164600 1e381e38 1e361e37 1e3c1e39 1e2c1e37
2164620 1e301e34 1e371e35 1e3c1e32 1e301e33
2164640 1e331e2f 1e2d1e33 1e391e38 1e391e39
2164660 1e3a1e39 1e3b1e3c 1e3e1e42 1e391e3c
2164700 1e3c1e37 1e331e33 1e361e38 1e341e30
2164720 1e2f1e35 1e331e2d 1e391e3b 1e361e36
2164740 1e351e38 1e401e3a 1e451e3c 1e3e1e3d
2164760 1e411e3e 1e391e3b 1e371e39 1e3f1e3b
2165000 1e421e38 1e431e3a 1e411e44 1e461e48
2165020 1e431e40 1e491e44 1e491e41 1e431e3f
2165040 1e441e49 1e421e45 1e471e4a 1e441e46
2165060 1e451e3b 1e451e43 1e421e3e 1e511e43
2165100 1e4c1e4b 1e481e41 1e451e45 1e431e46
2165120 1e461e41 1e4c1e4a 1e541e4a 1e4c1e54
2165140 1e491e50 1e4c1e4a 1e4a1e4b 1e501e4f
2165160 1e481e4e 1e511e47 1e4c1e52 1e521e4c
2165200 1e4f1e59 1e531e57 1e501e4f 1e531e55
2165220 1e5e1e54 1e5d1e5d 1e5b1e5f 1e5f1e5a
2165240 1e5e1e5a 1e5e1e5b 1e5c1e5b 1e531e58
2165260 1e591e4e 1e611e56 1e641e5f 1e5a1e5f
2165300 1e641e61 1e681e64 1e6e1e65 1e651e6b
2165320 1e6c1e6a 1e6b1e70 1e691e6c 1e631e5d
2165340 1e651e65 1e651e6d 1e6f1e6e 1e751e6f
2165360 1e791e74 1e771e71 1e731e70 1e6d1e75
2165400 1e761e72 1e7c1e73 1e7b1e79 1e761e73
2165420 1e7a1e7d 1e751e70 1e801e80 1e7f1e7f
2165440 1e801e83 1e811e83 1e7c1e7c 1e7f1e7b
2165460 1e821e82 1e821e8b 1e841e81 1e881e8a
2165500 1e951e8e 1e8b1e88 1e8e1e8c 1e8e1e91
2165520 1e9a1e8f 1e931e93 1e981e96 1e9d1e97
2165540 1e921e96 1e961e92 1ea21e9b 1e9a1ea1
2165560 1e9d1e9d 1e9e1ea6 1ea71ea2 1eaa1ea0
2165600 1e9f1ea1 1ea21eaf 1e9e1ea3 1ea71ea5
2165620 1eaa1eaa 1ea31ea8 1ea81eab 1ea91eae
2165640 1eaa1ea5 1ea61ea5 1eae1eaa 1eaa1eaf
2165660 1eab1ea7 1eaf1eaa 1ebb1eb5 1eb51eb7
2165700 1ebf1ebe 1eb01eb8 1ec31eb3 1ebb1eb6
2165720 1eb71eb3 1eb91ebd 1eb91eb3 1ebe1eb9
2165740 1eba1ebd 1ebf1eb8 1eb21ebe 1eb71eba
2165760 1eb91ebd 1ec21ebb 1ec71ec2 1ec71ec2
2166000 1ec31ec2 1ec61ec8 1ec81ec8 1eca1ec7
2166020 1ecc1ed2 1ec51ec8 1ec81ec1 1ec11ec1
2166040 1ec21ec0 1ec61ec7 1ec81eca 1ec91ec7
2166060 1ec31ec2 1ecb1ecc 1ecb1eca 1ed41ed1
2166100 1ed41ed3 1ed41ed5 1ed31ed5 1ed41ed8
2166120 1ec91ecd 1ecc1ecc 1ed61ed8 1ed61ed6
2166140 1ee01ed6 1ed91ede 1ee01eda 1edb1ee3
2166160 1ed21ed8 1ed71edd 1eda1ed8 1eda1ee0
2166200 1ee11eda 1ee11ee5 1ee61ee2 1ee71ee4
2166220 1ee21ee9 1ee41ee8 1ee21ee2 1ee81ee2
2166240 1ee61eea 1ee31edf 1ee71ee7 1ee01eea
2166260 1ee81ee8 1ee81eed 1eeb1ee9 1ee81ee7
2166300 1eec1eeb 1ee61eef 1ef31eee 1ef01ef0
2166320 1efa1ef5 1eeb1ef1 1eef1ef2 1ef11ef9
2166340 1ef21ef4 1ef51ef3 1ee71eec 1ef01eef
2166360 1ef31ef5 1ef41eef 1ef51ef4 1ef31eec
2166400 1ef21ef0 1ef51ef4 1efb1ef1 1ef01ef9
2166420 1ef61ef8 1ef01efe 1ef51ef3 1ef71ef5
2166440 1ef11eea 1eee1ee8 1efa1ef6 1efb1ef8
2166460 1efc1ef9 1ef51ef5 1ef71ef1 1ef91ef6
2166500 1efc1efc 1eff1ef1 1efc1efb 1efe1f04
2166520 1ef71eff 1ef71efb 1efe1ef8 1f011efa
2166540 1efd1f01 1ef91efe 1f031efe 1f011eff
2166560 1eff1efd 1ef61efa 1ef71efc 1ef81f02
2166600 1efe1ef9 1ef91efd 1ef31ef0 1ef61ef5
2166620 1efa1efa 1ef81ef6 1ef51ef4 1ef31ef5
2166640 1ef41ef9 1efa1ef9 1efa1ef7 1eff1ef8
2166660 1ef61ef6 1ef41efc 1ef21ef6 1f021efc
2166700 1eff1f01 1f021efc 1ef31ef9 1efa1ef6
2166720 1ef21ef0 1efc1ef9 1ef31ef8 1ef61ef7
2166740 1ef51ef8 1ef31ef6 1ef61ef5 1ef91ef7
2166760 1efa1ef8 1ef51efc 1ef61ef1 1ef51ef9
2167000 1ef31ef6 1ef01ef0 1ef51efa 1ef71ef2
2167020 1eee1ef3 1ef31ef4 1efc1efb 1efa1ef6
2167040 1f031efc 1ef81efa 1ef51ef6 1eea1eee
2167060 1eef1efd 1ef81efa 1efb1efe 1ef71efb
2167100 1ef41efa 1efb1ef3 1ef81efc 1efb1efd
2167120 1ef71ef2 1efa1ef8 1f001ef8 1efc1efd
2167140 1efa1efd 1efa1ef8 1ef41ef7 1ef81efb
2167160 1ef81ef3 1efe1efb 1f051ef9 1f0a1f09
2167200 1f061f0f 1f0b1f02 1f081f02 1eff1f06
2167220 1f051f07 1efd1f09 1f021efd 1f081f05
2167240 1efe1f00 1f011f07 1f041f05 1f051f05
2167260 1f0d1f08 1f0e1f0c 1f071f0f 1f0b1f0a
2167300 1f071f0c 1f071f05 1f071f08 1f071f04
2167320 1f071f10 1f0b1f07 1f111f09 1f0f1f10
2167340 1f0d1f0d 1f0f1f11 1f131f11 1f101f0e
2167360 1f0f1f18 1f141f19 1f1a1f17 1f181f20
2167400 1f141f11 1f191f1a 1f1b1f20 1f201f24
2167420 1f1e1f1e 1f1e1f1d 1f1e1f1c 1f221f20
2167440 1f1e1f1a 1f1f1f1b 1f271f21 1f2c1f26
2167460 1f291f29 1f281f26 1f2d1f2a 1f2c1f30
2167500 1f351f33 1f311f2e 1f361f31 1f321f30
2167520 1f391f34 1f331f3c 1f3c1f3d 1f3a1f35
2167540 1f361f35 1f361f2f 1f3a1f39 1f3b1f39
2167560 1f441f45 1f3d1f3f 1f401f3f 1f421f3d
2167600 1f3d1f3f 1f3e1f3f 1f441f3b 1f411f46
2167620 1f401f40 1f3f1f47 1f3b1f46 1f4b1f41
2167640 1f461f51 1f551f4a 1f4c1f51 1f491f55
2167660 1f531f55 1f561f50 1f531f4a 1f5d1f59
2167700 1f561f58 1f521f50 1f521f4f 1f521f52
2167720 1f531f54 1f511f51 1f521f54 1f531f53
2167740 1f591f54 1f551f57 1f5c1f60 1f601f5a
2167760 1f641f5e 1f5d1f63 1f601f62 1f651f6d
2170000 1f6b1f65 1f631f6c 1f601f6a 1f651f66
2170020 1f641f64 1f631f61 1f6f1f6a 1f6c1f6c
2170040 1f6a1f6f 1f641f66 1f681f70 1f631f63
2170060 1f661f66 1f6f1f6a 1f731f75 1f781f6b
2170100 1f6e1f71 1f681f6b 1f6e1f72 1f781f6e
2170120 1f811f76 1f851f7c 1f861f7e 1f7e1f85
2170140 1f7f1f7c 1f801f7c 1f781f7e 1f771f75
2170160 1f7b1f77 1f791f80 1f7a1f80 1f7c1f77
2170200 1f7b1f79 1f731f7a 1f791f79 1f7d1f79
2170220 1f811f7c 1f831f8a 1f811f87 1f801f7e
2170240 1f841f7b 1f811f81 1f801f86 1f801f85
2170260 1f7d1f88 1f7d1f7e 1f861f7d 1f811f82
2170300 1f801f81 1f7e1f84 1f871f86 1f8a1f91
2170320 1f851f8a 1f8b1f88 1f881f87 1f8d1f86
2170340 1f9a1f8d 1f891f8c 1f8f1f89 1f8a1f93
2170360 1f891f8e 1f8b1f83 1f8a1f85 1f841f8b
2170400 1f881f88 1f851f82 1f8d1f8b 1f891f8c
2170420 1f801f87 1f861f89 1f851f8b 1f901f83
2170440 1f851f88 1f8d1f89 1f8f1f99 1f8f1f90
2170460 1f8f1f8b 1f891f92 1f8a1f8e 1f8f1f8d
2170500 1f881f87 1f871f89 1f841f8c 1f841f8b
2170520 1f7a1f83 1f861f83 1f8b1f86 1f801f8c
2170540 1f811f7d 1f821f83 1f801f7f 1f7f1f7e
2170560 1f8c1f86 1f931f93 1f8b1f8c 1f891f8a
2170600 1f881f81 1f8a1f8a 1f8a1f85 1f8e1f8b
2170620 1f8e1f88 1f8c1f91 1f881f85 1f891f8c
2170640 1f8a1f8e 1f8a1f88 1f941f8d 1f931f96
2170660 1f901f89 1f8f1f91 1f941f92 1f8e1f94
2170700 1f8c1f93 1f8d1f92 1f921f8d 1f8f1f8b
2170720 1f901f90 1f861f84 1f8b1f88 1f8f1f88
2170740 1f8e1f8f 1f901f90 1f941f94 1f881f8d
2170760 1f8d1f8b 1f8c1f8b 1f8c1f8b 1f801f87
2171000 1f801f7b 1f831f7f 1f791f7f 1f811f7b
2171020 1f801f83 1f851f82 1f8b1f88 1f7d1f80
2171040 1f781f83 1f781f77 1f771f7b 1f7d1f7f
2171060 1f771f73 1f831f81 1f7c1f7b 1f761f7b
2171100 1f801f7a 1f761f77 1f7b1f79 1f781f78
2171120 1f751f78 1f761f78 1f781f73 1f7b1f77
2171140 1f7a1f7a 1f771f78 1f771f7b 1f731f76
2171160 1f6f1f72 1f741f75 1f7b1f79 1f7a1f77
2171200 1f771f7a 1f721f73 1f781f74 1f731f76
2171220 1f701f75 1f771f72 1f791f77 1f7b1f77
2171240 1f711f7c 1f6d1f78 1f771f79 1f781f7a
2171260 1f781f76 1f751f78 1f751f73 1f711f7a
2171300 1f751f6f 1f7a1f71 1f731f7c 1f7e1f79
2171320 1f761f7e 1f7e1f7e 1f7a1f7f 1f7d1f76
2171340 1f7a1f7e 1f7c1f77 1f7d1f7b 1f841f85
2171360 1f7f1f82 1f761f7f 1f7f1f78 1f781f73
2171400 1f7c1f76 1f7e1f77 1f7a1f7c 1f771f7b
2171420 1f7d1f75 1f811f82 1f821f85 1f841f84
2171440 1f821f86 1f821f7b 1f841f84 1f861f83
2171460 1f871f85 1f871f83 1f8c1f84 1f8a1f8b
2171500 1f871f8b 1f871f8b 1f8a1f88 1f931f8b
2171520 1f901f8b 1f8c1f94 1f961f9b 1f9d1f90
2171540 1f991f93 1f9c1f9d 1fa01f9f 1f9e1fa2
2171560 1f931f9c 1f961f91 1f981f91 1f8e1f97
2171600 1f9f1f97 1f981f99 1f931f9b 1f9a1f9a
2171620 1f991f9c 1fa21f9c 1fa41f9e 1fac1fa5
2171640 1f9c1fa6 1fa61fa6 1fab1fa4 1fa71fa7
2171660 1fad1fab 1fa91faf 1fa21fa4 1fab1fab
2171700 1faa1fac 1fab1faf 1fb01fae 1fb41fae
2171720 1fb41fb6 1fbf1fbb 1fbb1fbd 1fc01fbe
2171740 1fc01fc2 1fc11fc4 1fc51fc4 1fba1fbc
2171760 1fc31fc0 1fc71fc3 1fc21fc0 1fbd1fbf
2172000 1fc01fbb 1fc71fc6 1fc01fc5 1fd01fcd
2172020 1fca1fce 1fd31fcc 1fd21fd1 1fd21fd4
2172040 1fd91fd4 1fd41fcf 1fd81fd0 1fdf1fda
2172060 1fd81fe2 1fe01fe4 1fe21fea 1fdc1fd7
2172100 1fda1fd9 1fda1fd7 1fe41fdf 1fe61fe7
2172120 1fe81fe3 1fe71fec 1fec1fee 1fec1fee
2172140 1fe41fe4 1fec1fe9 1fe51feb 1fef1fef
2172160 1ff61feb 1fef1ff1 1ff21fef 1ff41ff5
2172200 1ff31ff8 1ffb1ff9 20002001 1fff2005
2172220 1ffd2005 20022003 20042004 20062000
2172240 200f2007 2007200a 2007200d 200b2008
2172260 20062007 200d2005 200b2006 2001200b
2172300 20032000 200b200e 200a2004 20152012
2172320 2014200e 2010200d 2007200e 20092006
2172340 2012200d 20112013 20182017 20162018
2172360 20142011 20192017 20152018 2018201f
2172400 20132014 201c2019 2015201b 201b2020
2172420 20202020 20212023 201f201e 201e2024
2172440 20222020 20222020 20272023 20262025
2172460 20272022 20262025 202a202a 20282026
2172500 2028202c 202a202d 20232028 2026202a
2172520 202b2025 20282022 201f201f 20242026
2172540 20242023 20212028 20222025 202d202b
2172560 20252028 202c2030 2026202a 20242027
2172600 20282029 20302029 2036202e 20302031
2172620 202f2030 2028202d 202c2029 202d202a
2172640 202a2028 20312031 202e2031 20302029
2172660 202d202b 20312032 202a202f 202e202b
2172700 20302031 20362031 203c202e 203c2038
2172720 2037203a 20352037 202a203b 202d2029
2172740 202d2029 202a202b 20292030 20382033
2172760 2029202c 2031202a 202e2028 202a202c
2173000 202a2033 202f202d 2027202d 2034202a
2173020 2020202e 20282021 20212027 2022201d
2173040 20202022 20192024 201e2021 20282025
2173060 20222024 20202022 20212022 20222022
2173100 20252020 202b202a 202a2027 202b2027
2173120 201f202a 20212023 202b2022 20252029
2173140 20232024 201c2022 2019201d 20212021
2173160 2020201e 2019201e 20252028 201b2017
2173200 201b201a 20182018 200e200e 200c2013
2173220 2010200d 20132012 20102013 200f200b
2173240 20152014 20142018 200e2013 20122015
2173260 200b200e 2012200c 200c2013 200a2009
2173300 20021fff 2009200c 20042008 200b2002
2173320 2009200c 200b2008 200f200a 2004200b
2173340 20042004 1fff2002 200a2000 1ffb2003
2173360 1ffb1ffd 1ff91ff6 1ffe1ffb 1ffa1ff6
2173400 1ff81ff3 20001ffe 1ffb1ffc 1ffc1ff5
2173420 1ffd1fff 1ff81ff9 1ffc1ffe 1ff61ff4
2173440 1ffd1ff0 1ff71ff5 1fee1ff0 1ff21ff1
2173460 1ff81ff3 1ff41ff7 1ff41ff4 1ff71ff6
2173500 1ff61ff8 1ff41ffa 1ff31fec 1ff01fee
2173520 1ff71ff5 20061ffa 1ff92005 20051ffc
2173540 1ffd1ffb 1ff81ff5 1ff31ffa 1ff41ff0
2173560 1ff81ff7 1ff41ff5 1fef1ff6 1ff31ff5
2173600 1ff71ff2 1ff31ff2 1ff01ff1 1ff71ff5
2173620 1ff81ff8 1ff41ff7 1ff31ff9 1ff51fef
2173640 1ff21ff1 1ffc1ff7 1ff81ff6 1ff51ffc
2173660 1ffc1ffd 1ff61ff8 1ff81ff8 1ff51ff3
2173700 1ffb1ff8 1fff1ff9 1ffc2001 20012001
2173720 1ffd2000 20072003 20022008 200a2007
2173740 1ffd2005 1ffd1fff 1ffe1ff8 20022003
2173760 200b2005 20042004 1ff61ffd 20032000
2174000 2005200a 200b1fff 20022005 20012004
2174020 20092002 20122009 20112011 200e200d
2174040 200d2007 200d2010 200b2006 200f2003
2174060 20152012 20152012 2014200e 200e2016
2174100 2017200f 20192017 2020201c 2021201a
2174120 201f2025 2014201e 201f201b 20212022
2174140 202b2029 201e2022 202a2020 20292029
2174160 20262029 202d2022 2031202e 2032202c
2174200 20312034 20382038 20352038 202e202f
2174220 20312032 20322033 20382031 20452039
2174240 20432048 20402040 204f2051 2048204a
2174260 204e2049 2044204a 204b2043 20462049
2174300 20432048 2049203e 204b204b 204b2050
2174320 205a2057 20572059 20542052 204f2051
2174340 2054204d 20532054 20582054 20622058
2174360 20612063 205c2067 20602062 20652066
2174400 206a2060 20682063 206c206a 206b206d
2174420 20652069 20702067 2079206c 206e2072
2174440 206e206d 206c206e 20732072 20722071
2174460 20752073 20742075 20762078 20822079
2174500 207b2078 207d2072 207e207f 20782080
2174520 208e207f 208a2085 208a2089 208d2089
2174540 20822083 2089208a 20852084 20842088
2174560 2082208b 20872089 20852084 208b2081
2174600 2091208b 208d2093 208e208d 2091208a
2174620 208a208e 2090208e 20932093 209e2094
2174640 209b2097 208f2093 209b209c 20952098
2174660 20992090 209f2096 209d20a3 2096209b
2174700 209a2099 209f2099 20a920a4 20a520a4
2174720 20a820a3 209f20a3 20a6209e 20a820a5
2174740 20a420a3 20a320a4 20ad20b2 20aa20ad
2174760 20b220af 20a920ac 20a720af 20ae20b4
2175000 20af20ab 20ad20a7 20a820ac 20b220b1
2175020 20b020ab 20ae20b7 20ab20ac 20a420a9
2175040 20ab20a3 20aa20ad 20ab20af 20b620a6
2175060 20ab20b4 20ae20b3 20b520b3 20ae20b2
2175100 20b320b4 20ac20b0 20a020a6 20ab20a9
2175120 20b820b6 20b520b8 20b520b1 20af20ba
2175140 20b920be 20b920bf 20b120b8 20ac20af
2175160 20ab20b3 20b920b2 20b720b9 20b620b1
2175200 20b720be 20b920b7 20b520bd 20aa20b3
2175220 20b920b5 20b020b1 20b220ba 20af20b4
2175240 20b120b5 20ae20b1 20b320b4 20b620b4
2175260 20ad20b5 20b520b1 20be20b2 20b720bc
2175300 20b320b6 20b020b5 20b120b3 20aa20ad
2175320 20a820a7 20a320ad 20ab20a6 20b320ae
2175340 20ab20a7 20ae20a9 20a620a6 20a820ac
2175360 20a420a7 20a320a4 20a720a3 20a020a7
2175400 20a720a6 20a320a5 20a220a6 20a220a3
2175420 20a220a3 209820a0 2093209f 20962095
2175440 20992095 2092209e 2097209b 20a720a1
2175460 20aa20a2 2095209b 20972096 208f209d
2175500 2094209a 2094208d 208a208b 208d2093
2175520 208c2095 2090208e 208c208e 208e2089
2175540 208d208b 208d2089 208c208d 208f208b
2175560 2086208d 2082208e 20832088 20882088
2175600 20932089 20862089 20822081 20842088
2175620 20842086 207f2081 2076207e 20702076
2175640 20762075 20762074 207a2073 20762073
2175660 207c207e 207c207a 207c2078 20772077
2175700 207d2081 207d207e 207f207e 207e2081
2175720 20722079 206e207a 2072206f 20752070
2175740 207d207b 20722077 20732075 2068206f
2175760 206f206d 20712067 206c206a 206c2073
2176000 206c206a 206c2069 206b2071 206c2064
2176020 206b2068 20662068 2062206c 206b2065
2176040 2072206c 20722074 205f2068 2066206a
2176060 20662066 2075206a 2070206f 2072206d
2176100 20672071 20672069 20692067 206d206c
2176120 20672065 20692066 2062206a 206a2067
2176140 206a206d 206a206d 20762074 20732072
2176160 20692068 206d2062 2071206c 20642072
2176200 206f206e 206e2078 20752074 207c207e
2176220 20792078 20722075 207b2074 20772076
2176240 20712079 206f2075 20712073 20772070
2176260 207b207c 2082207a 2080207e 2083207c
2176300 207f2076 20852082 2077207d 2083207d
2176320 2084207c 207e207f 207d2080 207c207d
2176340 20862084 208c2089 208b2089 208a2095
2176360 208b2087 208e208c 208e2090 20922090
2176400 20842087 2090208e 20922091 208c208e
2176420 20952091 20992099 2092209d 20902092
2176440 2095208f 20912094 209b2096 20912098
2176460 209a2093 209f209d 20a320a4 20a2209e
2176500 209a20a2 20a320a8 20a720a9 20a7209f
2176520 20a420a2 20a320af 20ac20ad 20b420b2
2176540 20b320b6 20b320af 20b220b5 20b420b6
2176560 20bb20b6 20ba20b9 20bc20bc 20b720b6
2176600 20bd20be 20b920c0 20be20b4 20b520b7
2176620 20ad20b5 20bc20bc 20bf20be 20c120bd
2176640 20c420c1 20c520c8 20d020c8 20ce20c9
2176660 20c720c2 20c320c6 20c020c5 20cd20cc
2176700 20d520d8 20d420ce 20d020cd 20d320d3
2176720 20c920c7 20cd20d4 20ca20ce 20cd20ce
2176740 20cd20d7 20d920da 20dc20dd 20db20d7
2176760 20d620d8 20cc20cb 20d920dd 20e420e2
2177000 20e520dc 20e620e2 20e620e9 20e120e8
2177020 20e620e2 20e120e5 20e320ea 20eb20ea
2177040 20eb20ea 20ee20e8 20f020e9 20ee20ed
2177060 20ee20ef 20f520ef 20f120f8 20ef20f0
2177100 20ef20f0 20ec20ef 20ef20ef 20f120f8
2177120 20f820f8 20ed20ec 20f720f4 20fa20f7
2177140 20f620f7 20f520f4 20f420f9 210020fd
2177160 20f820f9 20fe20fa 20f820fb 20f620f8
2177200 20f720f7 210120fe 21052103 20fb20fe
2177220 210020ff 20fb20ff 210220fc 21082102
2177240 21042105 21002104 21052100 210b2113
2177260 210f210f 210b2108 21042108 20ff2104
2177300 210a2109 2105210a 21042106 210c2102
2177320 210a2109 2108210a 2110210f 21112113
2177340 210e210f 210a210d 210e2110 21112114
2177360 210a2110 21082109 21052103 21062104
2177400 210a210a 2113210b 21122110 2110210f
2177420 21112112 21192118 210d2113 2119211c
2177440 21162119 2119211b 21182114 21112116
2177460 21162115 210c2112 2111210f 21092113
2177500 21132108 210c2110 210d2110 21132111
2177520 211c2118 21152110 2112210c 210f210c
2177540 210e2110 2111210d 2116210d 21102110
2177560 2112210e 210d210e 210b2109 210f2108
2177600 210b210e 210c2112 210d2110 210d210a
2177620 210b210c 2108210c 2107210c 20ff2103
2177640 20f620fd 20fb20fa 20f920f8 20fd2100
2177660 21072105 210a2105 20fd2106 210220fd
2177700 21012106 21052101 20f920fa 20f620fa
2177720 20fd20fb 20fa20fc 210020fc 20fb20fc
2177740 20f220ec 20ef20ef 20e820e8 20eb20e9
2177760 20f120ee 20f120f0 20ef20f2 20ee20f7
2200000 00003fe8 0001000a 000100f0 000afe48
2200020 00000001 00000000 63e50c70 000003cc
2200040 00000001 00000000 000000f0 00000000
2200060 000000ec 0001000a 20ef20f3 20ed20ef
2200100 20f420ef 20f620f5 20f420f6 20fa20f5
2200120 20f020fb 20ec20ed 20e020e5 20de20e5
2200140 20e620e3 20ef20ec 20ef20ee 20e420e2
2200160 20df20e6 20ea20e8 20e420e6 20e720e5
2200200 20e520e1 20e520ea 20e820e9 20e720ee
2200220 20e620eb 20dc20e1 20e520ea 20e620e2
2200240 20e320e7 20e220e1 20e120e3 20db20da
2200260 20e720e0 20dc20da 20e520dd 20e320e0
2200300 20df20dc 20dc20d7 20de20dd 20ea20df
2200320 20ea20e9 20d620e1 20da20df 20d920df
2200340 20d520d8 20d520d5 20e220d4 20dc20dd
2200360 20d620d9 20e020d6 20e020e0 20db20da
2200400 20da20d9 20d720db 20da20d7 20d220d1
2200420 20d620d6 20d020dc 20d920d5 20d520d1
2200440 20d420de 20da20df 20d920d6 20d620d5
2200460 20e120dd 20e520e5 20db20ea 20e420e0
2200500 20e420e9 20e320e3 20dc20e3 20d820dc
2200520 20de20e2 20d620de 20dc20db 20d620d7
2200540 20e020df 20e320ed 20df20e4 20e220da
2200560 20df20db 20e020e2 20e420e3 20dd20de
2200600 20e120de 20e920df 20e920e9 20e820e3
2200620 20de20e6 20e920e2 20e520e8 20e120e6
2200640 20e820ef 20f020eb 20e920ea 20ee20eb
2200660 20ec20f0 20eb20f3 20f220ed 20ef20e9
2200700 20ee20ee 20ef20ee 20ed20ee 20f520f3
2200720 20f620f4 20ea20e9 20e720df 20ee20e4
2200740 20f320f9 20f620f4 20f820fe 20f820f8
2200760 20f720fd 20fb20f8 20fd20fb 20fb20f8
2201000 20f820f2 20f920f7 20fe20fb b01104b1
2201020 00001004 0001000a 00010000 03b14c09
2201040 00000ffc 0001000a 1400003c add01f00
2201060 add01f01 add01f02 add01f03 add01f04
2201100 add01f05 add01f06 add01f07 add01f08
2201120 add01f09 add01f0a add01f0b add01f0c
2201140 add01f0d add01f0e add01f0f add01f10
2201160 add01f11 add01f12 add01f13 add01f14
2201200 add01f15 add01f16 add01f17 add01f18
2201220 add01f19 add01f1a add01f1b add01f1c
2201240 add01f1d add01f1e ff000134 00000020
2201260 0000008d 473fb566 00000001 deadbeef
2201300 f000008d 473fb552 280140ab 00000000
2201320 00000134 00001f48 a0114c07 21f720f1
2201340 21fb21fc 21f821fe 21fd21fc 220021fa
2201360 21fc21fc 21fa2201 21f221fd 21f321ee
2201400 21f921f5 21ff21fb 21f92206 21f92202
2201420 21fb21fc 22002202 21f921ff 21f021fa
2201440 21fe21f6 21ff2202 21ff21f7 21f621f7
2201460 21f721fb 21fe21fd 21fd21fe 220021fd
2201500 21ee21f4 21fd21fb 21f921f8 21fa21fb
2201520 220021f7 21f521f9 21f021f6 21ee21f1
2201540 21f421ee 21f221f2 21fb21f8 21f921fd
2201560 21fa2201 21fa21f8 21f021ee 21f521ef
2201600 21f621f8 21f521f4 21ee21eb 21f121f3
2201620 21ee21f3 21f521f1 21f421f4 21f021f6
2201640 21f121ef 21f421f8 21f321f4 21f821f2
2201660 21f221f2 21f021f0 21f321ec 21f221f5
2201700 21ed21f0 21eb21ef 21e721e8 21ed21ef
2201720 21f421f0 21f921fd 21e921f9 21ee21ea
2201740 21ee21f2 21f121e6 21f321f6 21ee21f0
2201760 21f621ec 21ec21f1 21f521f2 21f421f0
2202000 21f321ee 21ea21e7 21c821db 219c21b6
2202020 2181218f 216f2175 21672169 21672168
2202040 21612160 2164215e 21662164 21632164
2202060 21642162 21622163 21622166 2165216a
2202100 2162215b 215f2163 215e2161 21612166
2202120 215e2168 216a215e 2165215f 21622167
2202140 215d2160 215d2155 21622162 21652160
2202160 21642168 21632167 215f215e 2172215d
2202200 21602167 21712172 2162216f 21632161
2202220 216a2165 215f2166 21672166 21662169
2202240 216f2166 216c216e 21682160 2167216c
2202260 21642166 2159215c 215d215c 2159215e
2202300 21612162 21632169 21642163 215f215a
2202320 2159215b 21602165 21652166 2168215d
2202340 2172216b 216a2167 21632166 21622166
2202360 2165215e 21632162 21622161 21612165
2202400 21642161 21642163 21612163 21612164
2202420 215b2163 215e2161 2164215f 21652162
2202440 21522162 21672163 21632167 216c2161
2202460 21602162 21612167 21682161 215f2166
2202500 2161215c 215f215e 215e2160 2154215c
2202520 215e2155 215a2160 215d215e 215f215a
2202540 215f2161 215f2160 21652162 215c2161
2202560 21622160 2160215d 21632165 21602162
2202600 216c2165 21692169 21652166 21682169
2202620 2162215c 2160215f 2161215f 21632166
2202640 215f2167 2162215d 21612162 215d2160
2202660 21612166 21642160 21682163 216d2162
2202700 21662169 2165216e 215f2170 2168215c
2202720 21682164 21682165 21692168 216b216f
2202740 2166216a 215e215f 2161215f 215c2162
2202760 215c216c 21682160 216b2169 2164216b
2203000 216f216c 2171216e 21742173 2177216f
2203020 216d216a 216a216e 215f216c 21682165
2203040 216b216a 216b2175 217a2174 21742179
2203060 216e2171 216b216d 216d2171 2167216c
2203100 216c2169 21732171 217c2177 21822180
2203120 21762176 21812179 21752174 21782176
2203140 2179217d 217d217b 21742176 217c216f
2203160 21782174 21812175 21762187 217e2179
2203200 217f2179 21822182 21832184 21772182
2203220 217a2181 217e217b 2179217d 217f217d
2203240 2180217d 2183217f 217e2183 2182217c
2203260 217c217c 218a2184 21852186 21842182
2203300 21842186 2184217e 21872183 21862183
2203320 21862187 21872181 21822186 21852184
2203340 21832183 21872187 21862181 218c2188
2203360 218c2192 2183218c 21832184 2194218c
2203400 218b218c 2189218f 21972192 2185218d
2203420 2183218f 21952189 21922197 219f2195
2203440 218d2198 218d218b 218e2190 21872188
2203460 218e218e 218c218d 21912187 218a218b
2203500 218c218e 21962193 218e2194 2193218e
2203520 21952199 21952194 2198219a 21942196
2203540 219d2197 21982192 219f219f 219821a3
2203560 2199219e 219c2199 219a2193 219a2199
2203600 219a219d 219921a2 21972197 21972198
2203620 218d2198 21962197 2196219a 219a2195
2203640 21982198 21962195 219b219d 21a0219c
2203660 21a1219e 21ad21a8 219a21a7 21a421a3
2203700 219b21a2 219f21a5 219f219a 219721a1
2203720 21972197 21a02192 219e219b 21982198
2203740 219b2198 2197219f 21942194 21972194
2203760 21912192 2192218d 21952190 21912190
2204000 21932191 218c2191 21972199 21912194
2204020 21932187 21912193 21902191 218d218d
2204040 21952192 218e2192 2193218b 21892189
2204060 2186218c 21892186 218f2190 2191218b
2204100 21952194 218d2193 218b2189 2190218c
2204120 21872188 21862189 218a2187 219b218e
2204140 21882198 2196218d 218c218f 21892190
2204160 21912192 2193218a 218e218b 218b218d
2204200 2189218c 218d2192 21872186 218f2188
2204220 218c218b 21872186 2186218f 2188218b
2204240 2188218a 2190218d 218c218a 21912195
2204260 218e218d 2194218c 21902191 2185218c
2204300 2188218a 21882182 21842187 217b2181
2204320 217e217f 21852186 218a2185 21852187
2204340 21832181 217f2187 21802180 21842183
2204360 21872183 218b218c 218f218c 21892184
2204400 217d2180 218a2183 2184218c 2188218a
2204420 218a2186 217b217e 2180217d 217f217b
2204440 21812183 21822181 2178217e 2182217a
2204460 21892186 21842186 21862181 217d2180
2204500 21822181 21872184 21842186 217b2186
2204520 2181217f 2185217d 21822180 217f217d
2204540 217d217d 21792176 21782172 21792178
2204560 217a217c 217c2184 217e217a 217a216e
2204600 217a216d 217b217f 21842182 217d217d
2204620 21772175 21772172 21712172 217b217d
2204640 217a217a 21742175 2169216b 21762176
2204660 216f216c 21702171 217b2178 21712171
2204700 216f2176 21702172 216e2171 21672162
2204720 21672164 216a2170 21742174 21702170
2204740 2172216a 216c2169 21692171 21732170
2204760 21732175 2178217d 21762180 216f2176
2205000 21732170 21702174 216d216d 21752175
2205020 217d2173 217b217d 2179217b 21752173
2205040 21722178 2171216f 216d216f 21722171
2205060 216f2169 21712171 216e216d 216e216f
2205100 21722172 2167216b 216b216c 21702175
2205120 216a216f 21792179 2173216e 216e2170
2205140 216b216f 21762174 21742174 21772175
2205160 21732177 21752178 2173217e 217a2176
2205200 217c2172 217d217b 21802180 21852182
2205220 217c2181 217a217d 2173217a 21762179
2205240 21742178 21762170 2178216e 21792179
2205260 217b217b 217b217b 217c217b 21812178
2205300 21782175 2175217c 217e217f 2180217a
2205320 2180217c 217d217f 217d217c 217c217c
2205340 21792177 21802176 2183217f 218d2188
2205360 217d2189 2182217d 217f2185 21832183
2205400 21872186 21812185 2187217f 21802180
2205420 21872189 21882186 21832187 2185218a
2205440 218a2185 218f218a 2183218d 21832189
2205460 218d2183 218f2186 2185218b 218b218d
2205500 21882191 2188218e 2191218b 2191218e
2205520 21932193 218f2196 21962193 21992193
2205540 21932195 21902198 21982198 219f219a
2205560 21972199 21972194 219d2198 219e219d
2205600 219d2197 21a521a3 21a321a8 219d21a5
2205620 21a421a8 21ab21a4 21a521a2 21a4219e
2205640 219b219f 219e21a5 219d219a 219c219a
2205660 21a4219b 21a821a2 21a121a1 21a221a0
2205700 21b121a8 21aa21ad 21a321a9 21a821a6
2205720 21a921a3 21a921a9 21ab21aa 21a721b3
2205740 21ac21ae 21b421b1 21ae21ad 21a721b1
2205760 21a021a8 21a521a6 21aa21a8 21a921ab
2206000 21a921ad 21b321b0 21a921b2 21ae21a9
2206020 21ac21a5 21a621a7 21aa21a8 21ac21aa
2206040 21ae21ac 21b321b7 21ad21b2 21a821b7
2206060 21b521af 21bb21b2 21aa21a8 21b321b2
2206100 21af21b3 21b421b4 21b421b4 21b621b1
2206120 21b721b5 21b321b1 21b721b8 21b521b1
2206140 21b221ae 21b521ae 21b121b1 21ae21b2
2206160 21b021b0 21ae21ad 21b021b2 21b021ad
2206200 21ad21ab 21ae21a8 21b321ab 21ac21ad
2206220 21ac21b3 21aa21b2 21a621a9 21aa21aa
2206240 21a821aa 21aa21a9 21ae21a8 21b321b0
2206260 21b421ae 21ab21ae 21ac21b2 21b321b1
2206300 21b421b0 21b721b3 21b521b4 21aa21b4
2206320 21ae21b1 21af21ae 21b021ab 21b421a6
2206340 21a021ab 21ad21a3 21af21ad 21af21b0
2206360 21a921af 21a321a6 21ae21ad 21a121a8
2206400 21a421aa 21aa21a1 21a721a2 21af21af
2206420 21a721ad 21ab21ab 21a721aa 21a321a7
2206440 21a721a9 21a621a6 21ae21aa 21ab21b1
2206460 21a921ac 21a921aa 21a321a4 21a421a8
2206500 21a221a3 21a5219d 21aa21a9 21a121a6
2206520 219e21a7 21a521a4 21a121a5 21a221a5
2206540 21a621a8 21a921a1 21a121a7 21a421a1
2206560 21a821a9 219d219d 21a2219c 21a321a7
2206600 21a221a7 21a421a0 219521a2 21a72199
2206620 21952198 219921a0 219a21a0 219b219b
2206640 219d219c 219a219f 2192219f 219921a0
2206660 219f2199 21992199 21a0219c 219a219e
2206700 21942199 21982192 219f219a 219e219d
2206720 219c219b 219d219a 21932198 218f218b
2206740 21922196 21952190 21942198 219b2197
2206760 21992196 219b219a 21932199 219a2193
2207000 21972196 21932191 21902195 21902194
2207020 218f2195 21912193 218b2190 2190218e
2207040 21892187 2193218f 218f2191 2187218b
2207060 218a218a 2192218d 218d2190 21862184
2207100 217f2182 217b217c 217d2175 217b2181
2207120 2180217f 2186217f 21882187 21852185
2207140 21822184 217f2183 2182217e 2178217e
2207160 217d217e 217f2181 2179217e 21772179
2207200 2175216e 21702172 2181217d 21782183
2207220 217c217b 217d2185 2178217b 217b2174
2207240 2184217f 21802180 217d2179 2177217b
2207260 217b217a 217e2176 2182217b 21732177
2207300 21732174 2173217d 2170216f 217b2169
2207320 2176217c 21792172 21752181 21792177
2207340 217d2179 217d2183 21762176 21752177
2207360 217a2179 21772179 21762175 21752179
2207400 216e2174 21752179 217f2174 2179217c
2207420 2179217b 2180217e 21832182 217e217e
2207440 217d217b 217a2179 217b2178 2180217d
2207460 217c217b 21792180 217e2176 217f217e
2207500 21822180 218a2181 21832187 2182217c
2207520 217b2183 217c217c 2185217f 21822186
2207540 21862188 218a218c 21842180 218b218c
2207560 21862192 218e2186 218f2194 21892180
2207600 218f218d 2180218e 21862189 2189218d
2207620 21902187 218f218a 218b218d 2189218b
2207640 218f2189 218c218c 21932192 2196218e
2207660 218c2192 218a2193 218e218e 2194218c
2207700 2193218f 21922195 2191218f 218b2194
2207720 2196218f 21942196 219b219b 21a0219e
2207740 21a021a2 219f219e 21a521a2 21a721a9
2207760 21a021a4 21a521a1 21ab21a3 21a521a1
2210000 21aa21a8 21a821a5 21a6219d 21ae21a5
2210020 21a621a5 21a221a4 21a521b0 21a521a7
2210040 21ad21a5 21ab21a6 21a221ac 21a421b1
2210060 21ad21a2 21b021a7 21ab21af 21b021b0
2210100 21b321b3 21b321b2 21b021ad 21aa21b7
2210120 21a821ab 21a421ad 21ad21a7 21b721aa
2210140 21b421b6 21b321b5 21b221b0 21b321af
2210160 21b021ac 21b221af 21b321b3 21b921b4
2210200 21b521b7 21b821b6 21b921b6 21bb21bc
2210220 21ba21bb 21ba21b9 21bb21c0 21ba21b8
2210240 21b721b9 21bc21bd 21ba21bc 21b321b3
2210260 21b921bb 21b521b8 21c321bd 21be21b7
2210300 21c021bf 21b121bb 21b521c0 21b321ba
2210320 21ba21b6 21ba21bb 21b521b6 21b821c1
2210340 21bd21b9 21cb21c0 21c821bf 21c021c2
2210360 21c121c0 21b921c2 21c021b8 21c321bb
2210400 21bd21cf 21c221bd 21c021c4 21c121be
2210420 21bf21b7 21c321c0 21c221bb 21c421be
2210440 21c321bf 21c321c1 21bf21c0 21bb21c0
2210460 21bb21bf 21bf21b7 21c421ba 21c221c4
2210500 21bc21c7 21c521c6 21c921c4 21c821c6
2210520 21c221cb 21c721ca 21cd21d1 21c321c9
2210540 21c921c5 21cc21c1 21c921ca 21c421c9
2210560 21c121bd 21c221c6 21c521c2 21c721c8
2210600 21c021bc 21c221c5 21c521c1 21ca21c6
2210620 21c721cc 21c521cc 21c921c9 21cb21c5
2210640 21c221c3 21be21c4 21c921c0 21c921ca
2210660 21c421c3 21c621c1 21c921ce 21ca21c8
2210700 21c321c9 21c421c7 21c321c4 21c921c8
2210720 21c921cc 21c821c4 21c221bb 21be21c0
2210740 21c221c4 21c921c1 21bf21bf 21c521c0
2210760 21be21bd 21bd21be 21ba21c0 21be21c3
2211000 21be21bc 21c221ba 21bc21cb 21bc21b9
2211020 21b921c1 21b821ae 21b521b7 21c021be
2211040 21bc21ba 21b721bb 21bb21b4 21b821c3
2211060 21b921be 21bc21c2 21b621b4 21be21b8
2211100 21b821b8 21b121b8 21ab21b1 21b621af
2211120 21ac21ad 21ac21b3 21b021a9 21b521b3
2211140 21b621b6 21bd21b2 21b721b8 21ae21ae
2211160 21af21ae 21ad21ac 21b621ae 21aa21ac
2211200 21b121ac 21ab21af 21a721ac 21ae21ac
2211220 21b421b5 21a421a8 21ab21ac 21ac21a8
2211240 21ad21b1 21a221ab 219f21a7 21a121a6
2211260 21af21a5 21b421a7 21a921ae 219a21a7
2211300 21aa21a3 21a321a2 21a5219d 21a521a3
2211320 21aa21a7 21a221a1 21a121a0 21a421a3
2211340 21a721a6 21a521a9 21a021a4 219d219e
2211360 21982199 21962197 21a12199 21a0219b
2211400 2195219d 2190218e 218f2195 21952194
2211420 21902196 21982196 218f218d 218d218d
2211440 21932192 218e2190 2190218e 2194218d
2211460 21892196 2195218e 21952199 2196218e
2211500 21972196 218d2194 21972196 21a02198
2211520 2194219b 218d2191 218c2198 218d218a
2211540 21912191 2191219b 2195218c 21892198
2211560 218f218f 2187218f 21852188 2190218a
2211600 2190218c 218b218e 218e218f 2190218d
2211620 21912186 218b2187 218c218d 21932192
2211640 2195218d 218a218a 21902191 218e2188
2211660 218c218d 218c2184 21912187 218d218e
2211700 2185218f 218c218b 218d2183 21912184
2211720 21882188 21862188 218c2190 21902191
2211740 218d218e 21912193 2187218b 218e218e
2211760 21892182 2194218a 2187218f 21a12191
2212000 21962199 2195218e 218d2191 2187218b
2212020 21902190 218a218e 2192218a 21952197
2212040 21972194 21992193 219b2196 219c219a
2212060 21a0219c 2194219a 21952199 21962194
2212100 21a02198 219b2198 21982199 219a219c
2212120 21972196 219c219a 21a8219d 21a521a7
2212140 219f21a4 21a321a9 21a221a3 21a121a4
2212160 21aa21a2 219d21a7 219821a8 219d219e
2212200 219b219a 219a219d 21a221a2 21a721a7
2212220 21a8219f 21a8219f 219c21a3 21ae21b1
2212240 21a721b1 21ac21ad 21af21ad 21ac21af
2212260 21af21b5 21a721b1 21a821a2 21aa219f
2212300 21ad21a8 21a721ac 21b621b0 21ac21b0
2212320 21b521ac 21b821ad 21b621b5 21b021b8
2212340 21b321ad 21b221af 21b521b3 21b521b4
2212360 21ba21bd 21b621b7 21be21b7 21b721b8
2212400 21ae21b6 21af21b5 21b521b0 21bc21b1
2212420 21bc21b7 21ba21b8 21ba21b8 21b821b7
2212440 21be21b9 21b421b1 21b621b7 21b221bc
2212460 21bf21ba 21bb21bd 21c021be 21c821c2
2212500 21b821c7 21c421bc 21bf21b7 21c221bc
2212520 21bd21c1 21c021bd 21cb21c3 21c821bf
2212540 21c021c9 21c221bd 21c121c6 21c421c6
2212560 21c521c4 21c821cd 21c421c7 21c721ca
2212600 21c321c2 21c421bf 21cd21cb 21c821c9
2212620 21c521c5 21cb21c5 21d521ce 21cc21cb
2212640 21ca21cc 21c821ce 21cc21cb 21ca21c8
2212660 21c621c7 21c521cf 21c421ca 21d121c8
2212700 21ce21cc 21c921cc 21c121c6 21c721c2
2212720 21d421c7 21d121c5 21ca21d0 21c921cb
2212740 21c721d9 21d321cb 21ce21ce 21cd21cc
2212760 21c721ca 21cb21c9 21d221c8 21d421c9
2213000 21cf21cf 21cb21cd 21cc21d2 21c921cb
2213020 21cc21ca 21ce21cf 21d021d1 21cb21ce
2213040 21c821c7 21c921c3 21cb21c9 21cf21ce
2213060 21d321dc 21d821d8 21cf21cf 21d821d2
2213100 21cb21d1 21d021ca 21d221d0 21da21d3
2213120 21d421d9 21d921db 21df21e0 21db21d8
2213140 21de21e3 21de21dd 21d921db 21d621d3
2213160 21da21d3 21d821d7 21ce21d3 21cf21cf
2213200 21cd21cf 21d521d2 21d921d3 21da21dd
2213220 21d521d5 21d821d6 21d321d0 21d921d1
2213240 21d321db 21cf21db 21d721d9 21d021d7
2213260 21d021d0 21cd21d4 21d521d7 21d021d6
2213300 21da21d4 21dd21d9 21d521d8 21d521d1
2213320 21d421d6 21d321c8 21d721d3 21d121d6
2213340 21cd21cf 21ce21c5 21cc21cb 21c521ca
2213360 21c721c8 21c721c7 21cf21d2 21cc21cb
2213400 21d021c8 21ce21cf 21cf21ce 21c821ce
2213420 21c421c9 21c921c0 21c921c3 21ca21c9
2213440 21d021c8 21c621d2 21c521cc 21ca21c7
2213460 21bf21c4 21c621c2 21b921c1 21c721bd
2213500 21bf21be 21c021c2 21c921c6 21c021c2
2213520 21bd21be 21c221c1 21c021bf 21c121bc
2213540 21be21b9 21be21be 21b821bb 21bb21b8
2213560 21b921b8 21ba21b4 21b121b6 21ae21b5
2213600 21b321b1 21b321b4 21b521b8 21b221b2
2213620 21b721ba 21b421b5 21b021ae 21ab21aa
2213640 21b321af 21b221b3 21b421b4 21ae21b4
2213660 21b121af 21b221b2 21a621ab 21ab21af
2213700 21ae21ae 21b121ae 21b821b1 21ad21ab
2213720 21a921a6 21b321b0 21a821ad 21b121b6
2213740 21a621ab 21a321a9 21ab21ab 21a721a5
2213760 21aa21ac 21a921ab 21a721ad 21a621ac
2214000 21ac21aa 21ab21ae 21a521a8 219e2199
2214020 21a4219f 21ac21a5 21a421a0 21a521a3
2214040 21a621a3 21a421a5 21ac21a5 21a721a6
2214060 21ad21a8 219d21a7 21a921a6 21a421a4
2214100 21a921a4 219f21a6 219d21a7 21a721ac
2214120 21a921a4 21a821a3 219f21a0 21a5219f
2214140 21a421a2 21a221a3 219f21a2 219f219d
2214160 21a3219c 21b221a7 21a221ac 21b121a7
2214200 219e21ab 21a221a0 21a221a0 21a4219e
2214220 21ab21a4 21a821ab 21aa21ac 21a721ab
2214240 21a521a0 21ab21a7 21a721a6 21ad21a8
2214260 21ab21b4 21ad21b2 21ab21a9 21a221aa
2214300 21a021a1 219c219e 219f219f 21ac21aa
2214320 21a721a6 21a721aa 21a821a8 21a421a8
2214340 21a921a0 21b021a4 21a521ac 21a821ad
2214360 21a021a9 21a821a7 21ac21a6 21a621aa
2214400 21aa21ae 21ac21b0 21ad21a9 21aa21ad
2214420 21ae21a7 21af21b4 21aa21ac 21b521af
2214440 21b121a9 21b521b3 21ae21b1 21ae21ae
2214460 21b021ad 21a921a9 21ae21b2 21b421af
2214500 21b621b9 21b921b4 21ba21b4 21b321b5
2214520 21b421b2 21b121ae 21ae21b0 21ae21ae
2214540 21ba21ba 21bc21bc 21b921b6 21bd21ba
2214560 21b921bd 21b921b5 21bb21ba 21b921b9
2214600 21b521b7 21b121b1 21bb21bb 21ba21bf
2214620 21bc21b8 21c121be 21bc21bf 21ba21bd
2214640 21b921b8 21c321bf 21be21bd 21ba21bf
2214660 21c421bc 21b821bd 21c121af 21c121bd
2214700 21bb21ca 21be21c1 21ba21c2 21b521b9
2214720 21bf21b8 21be21bf 21c821c6 21c721cc
2214740 21c421c5 21c121c3 21b721b8 21bc21be
2214760 21bf21c6 21c821c5 21c821c5 21cc21ca
2215000 21bf21ca 21c021c5 21c121bc 21be21bc
2215020 21be21bf 21c121c6 21be21bb 21b821b5
2215040 21be21b6 21c221c4 21cb21cf 21ca21c7
2215060 21c221c8 21cc21c4 21cd21cc 21cc21d0
2215100 21c921ca 21cc21ce 21ce21ce 21c821d2
2215120 21cb21ca 21cf21ca 21cf21c9 21c721c5
2215140 21ca21c9 21d021d3 21cd21cb 21c921c8
2215160 21d021c8 21d421d0 21d621d4 21d621d0
2215200 21da21d6 21d621d7 21d921d7 21c921d6
2215220 21cc21cc 21d421c6 21d621d0 21da21e3
2215240 21df21e2 21df21de 21d721d3 21d821d3
2215260 21d421d5 21d921d5 21d921da 21de21d9
2215300 21e221e0 21e021e0 21d421dd 21d621d9
2215320 21d821d4 21dc21d5 21db21db 21db21d7
2215340 21df21dd 21dc21d9 21db21d0 21d721d9
2215360 21d921d7 21e221d5 21d421d2 21d421d6
2215400 21df21d2 21d721d7 21d221d5 21e221d8
2215420 21d821da 21e621df 21df21db 21d821e2
2215440 21de21e0 21de21d8 21da21e1 21df21d7
2215460 21e221e2 21de21db 21de21db 21d521db
2215500 21d721d8 21dd21df 21dd21dd 21e221dc
2215520 21de21e1 21e421e0 21e421e7 21de21dd
2215540 21e521e2 21e121dd 21da21db 21df21d9
2215560 21d621dc 21de21d6 21dc21dd 21dc21e1
2215600 21d621de 21df21d5 21d821d8 21d621d7
2215620 21d921d6 21d821d8 21d721d7 21da21ce
2215640 21d721d4 21d721d3 21df21de 21df21d5
2215660 21cd21d1 21de21d4 21d421d7 21df21e0
2215700 21df21d9 21d821d6 21db21d6 21d621e0
2215720 21d321da 21d521d3 21d321d0 21cd21d0
2215740 21d021cd 21cc21d0 21ce21d2 21d021cb
2215760 21cd21ce 21cf21c9 21d221d2 21c721c6
2216000 21d421cb 21ca21d1 21c821ca 21ce21d2
2216020 21cf21d4 21c821c4 21c821c3 21cd21c9
2216040 21cd21cd 21c821ca 21cd21c8 21cd21c9
2216060 21d221cd 21c921cf 21c821c4 21c921c4
2216100 21cd21c9 21ca21cf 21c421ce 21c521c7
2216120 21c921d1 21cf21cf 21c521ca 21cb21be
2216140 21cc21ca 21cc21c4 21c721c4 21c921c3
2216160 21c921c9 21c721c8 21cf21c8 21ca21ce
2216200 21ca21c6 21c221cb 21c721c0 21c821c4
2216220 21c021c8 21c421c6 21be21c2 21c121c5
2216240 21c821c3 21c121c5 21b821c8 21be21c2
2216260 21c321c4 21c721c2 21c921c9 21c221c0
2216300 21c021cd 21c521c2 21c421ba 21be21c1
2216320 21ba21c7 21c921c7 21ca21c2 21bd21c3
2216340 21bf21c2 21bd21c2 21c521c8 21c621c7
2216360 21c221c1 21c021c4 21be21cc 21bd21ba
2216400 21be21be 21b721ba 21bb21bb 21bf21bd
2216420 21c021c3 21bb21b8 21b521b8 21b721b8
2216440 21c021c6 21bd21bb 21c021c1 21c621c0
2216460 21c421bc 21c021c4 21c121c5 21bd21bf
2216500 21ba21b8 21ba21b7 21b921c6 21b421b9
2216520 21c421b9 21c421c2 21bd21bf 21b721c2
2216540 21b721b7 21b221b7 21bc21be 21bc21bc
2216560 21c821c2 21c421c5 21c421bf 21c921c4
2216600 21c821ca 21c121c9 21c021cf 21ba21bb
2216620 21c221c4 21c621c8 21c721bd 21c021bd
2216640 21bd21be 21c021be 21c721cb 21ca21c6
2216660 21c421c0 21c121bd 21c821c7 21ca21cb
2216700 21d121d1 21c421cb 21c421bd 21c721c6
2216720 21c621c4 21c221c2 21c321cc 21ce21c9
2216740 21cc21c7 21bf21bb 21bd21bf 21c321c0
2216760 21c021c4 21c421be 21c221c5 21c121ca
2217000 21c921c4 21d221c9 21d221cb 21c621cd
2217020 21ca21ca 21c621c8 21cc21ca 21d321cf
2217040 21c321cd 21bc21c3 21cd21c9 21c421cb
2217060 21ce21cb 21c321c8 21bc21c2 21bf21c0
2217100 21cd21ba 21bf21bf 21c421c0 21c221bc
2217120 21c321cc 21bd21b7 21bf21ba 21c121be
2217140 21c921c4 21c821ca 21c821c9 21c221c5
2217160 21c421c4 21c421cc 21c721c3 21c721c1
2217200 21bc21c1 21bb21c0 21c521c0 21ca21ca
2217220 21c921c6 21c421c2 21c921c9 21c921c3
2217240 21d121cf 21c821c8 21cb21ca 21c821cd
2217260 21c821ca 21cc21cf 21cc21d3 21c721ca
2217300 21c521cb 21c021ca 21c321c9 21c521c2
2217320 21cf21c7 21ca21d2 21cf21ce 21d021ce
2217340 21cb21c2 21c621c8 21d121cf 21d421c9
2217360 21d321d6 21c921c9 21d221d2 21ca21c9
2217400 21c721c9 21d421d2 21d421d2 21d421d1
2217420 21d321d2 21cb21d4 21ce21d0 21d121ca
2217440 21d521d5 21d021d7 21d321d8 21cb21d0
2217460 21cc21c9 21d921d4 21d321d5 21cc21d2
2217500 21d021d6 21d721d2 21db21d5 21d821da
2217520 21d621d7 21da21dc 21e221da 21e521d5
2217540 21e121df 21de21da 21de21df 21d721db
2217560 21d721d3 21d121d3 21d521d8 21dd21e0
2217600 21e021e1 21d821de 21d221d3 21d621d2
2217620 21d721e0 21e121d8 21de21e4 21d621dd
2217640 21d321d2 21d521d6 21d821da 21d621d3
2217660 21db21da 21dc21dd 21dc21de 21e321e1
2217700 21e021db 21dc21dc 21d821d7 21dc21db
2217720 21df21df 21dd21e1 21e421e5 21d621dd
2217740 21db21e2 21e121db 21e321e2 21e821e4
2217760 21e021e4 21e321e2 21dd21d9 21e021dc
2220000 21dc21e1 21d921dd 21e221e1 21d921d6
2220020 21e321dc 21dd21db 21d821df 21d721d9
2220040 21df21e2 21e321db 21da21dd 21d821e1
2220060 21e221e4 21de21d9 21e321df 21d921d3
2220100 21d621da 21da21dd 21dd21dd 21e121e1
2220120 21dc21e3 21e021de 21d721e2 21df21de
2220140 21d821d7 21dd21d7 21dc21d6 21df21de
2220160 21dc21d9 21de21d6 21d621d6 21e021e0
2220200 21dd21dd 21e021db 21d821dc 21d621d3
2220220 21d521df 21d621de 21d621d0 21d221d7
2220240 21d721d9 21d221d3 21d521d6 21de21dc
2220260 21d621db 21d721d9 21db21d1 21d821d9
2220300 21da21d6 21d021cd 21d021d2 21d621d8
2220320 21d421d5 21d621d4 21de21d9 21d021d5
2220340 21d521d6 21de21e0 21d921d9 21d321d1
2220360 21d121d7 21da21dd 21df21e6 21d321d9
2220400 21d621d6 21d121d3 21d421d4 21d721d4
2220420 21d321d8 21d221d2 21cc21d7 21cb21cd
2220440 21d721d5 21df21d8 21e121e2 21d621d7
2220460 21cf21d9 21d821da 21cf21d6 21d521d5
2220500 21d021d0 21cd21c7 21d921d9 21de21d4
2220520 21e121dd 21d921dd 21ce21d4 21d721d2
2220540 21d621d8 21d921d6 21d921da 21d821d8
2220560 21d421d7 21d721d2 21de21d9 21d021ce
2220600 21df21d5 21d521d9 21e221e5 21df21dd
2220620 21d521d7 21d321d3 21d021d0 21d421d5
2220640 21db21d4 21df21db 21d221db 21d221d6
2220660 21d821d8 21dd21cf 21d721d9 21d321d3
2220700 21dd21d5 21d921d8 21da21d5 21de21d9
2220720 21d821dd 21e621de 21d521dd 21da21d4
2220740 21d521d2 21d821d9 21d321d6 21d321da
2220760 21db21d2 21dc21da 21dc21d9 21db21d8
2221000 21db21da 21e521db 21d921e1 21e321dc
2221020 21e021e5 21d221d7 21d721d8 b0114c07
2221040 00001004 0001000a 00010000 03b13ca9
2221060 00000ffc 0001000a 1400003c add01f00
2221100 add01f01 add01f02 add01f03 add01f04
2221120 add01f05 add01f06 add01f07 add01f08
2221140 add01f09 add01f0a add01f0b add01f0c
2221160 add01f0d add01f0e add01f0f add01f10
2221200 add01f11 add01f12 add01f13 add01f14
2221220 add01f15 add01f16 add01f17 add01f18
2221240 add01f19 add01f1a add01f1b add01f1c
2221260 add01f1d add01f1e ff000134 00000020
2221300 00000083 f770cb7f 00000001 deadbeef
2221320 f0000083 f770cb6b 240b31aa 00000000
2221340 00000134 00001f48 a0113ca7 21cf2126
2221360 21d321d4 21d421ce 21cf21ce 21cf21d0
2221400 21cc21cd 21cf21d5 21d621cb 21d421ce
2221420 21cc21d1 21d921d0 21d621d9 21d521d8
2221440 21d621d6 21d421d5 21da21d7 21cb21d9
2221460 21d521d3 21d521d4 21d221d4 21d321d8
2221500 21d221d6 21d321d6 21d721d1 21dc21d2
2221520 21de21dd 21da21db 21db21db 21d921e5
2221540 21dd21d9 21da21db 21dd21db 21e621e0
2221560 21f221e4 21ee21e9 21e821e9 21e221e0
2221600 21e421dd 21e221e2 21e421de 21dd21e0
2221620 21de21df 21e421de 21e321dd 21e321e3
2221640 21e821e5 21e821ed 21ee21ea 21ee21ee
2221660 21f421f1 21ef21f6 21ef21ee 21f621ee
2221700 21eb21f6 21f321f1 21f121f7 21f021f3
2221720 21f321f7 21f321f2 21f421f9 21f121f8
2221740 21ef21f2 21f421f3 21fa21f3 21f521f8
2221760 21fd21f7 220021fc 220221ff 21f721fc
2222000 21fa21f7 220a21f8 21f92201 220021ff
2222020 21fd21fe 21fc21fe 21622202 1f692057
2222040 1e2b1ea7 1d901dc6 1d5e1d71 1d431d4e
2222060 1d3f1d46 1d421d42 1d481d44 1d441d41
2222100 1d3e1d43 1d3d1d3f 1d451d45 1d481d42
2222120 1d4f1d47 1d481d4e 1d4d1d4c 1d521d51
2222140 1d4f1d4e 1d4b1d53 1d491d4f 1d541d51
2222160 1d581d53 1d561d55 1d4d1d55 1d4f1d4d
2222200 1d591d50 1d541d57 1d5e1d5d 1d5c1d58
2222220 1d611d62 1d5d1d60 1d591d5b 1d5c1d53
2222240 1d611d5c 1d6a1d62 1d661d6e 1d6a1d65
2222260 1d661d67 1d621d62 1d6c1d68 1d6c1d64
2222300 1d691d6b 1d671d67 1d6d1d68 1d701d6a
2222320 1d6a1d6c 1d691d6f 1d6c1d68 1d6e1d6b
2222340 1d6e1d76 1d761d7a 1d801d77 1d7d1d7b
2222360 1d791d80 1d761d78 1d741d78 1d751d76
2222400 1d7f1d79 1d7e1d7d 1d831d82 1d821d84
2222420 1d851d81 1d8a1d85 1d8a1d82 1d801d82
2222440 1d7d1d85 1d811d82 1d881d85 1d821d80
2222460 1d841d7f 1d8d1d8c 1d8d1d84 1d8c1d87
2222500 1d851d8a 1d841d87 1d8a1d83 1d8d1d87
2222520 1d941d8f 1d921d84 1d911d8f 1d961d8f
2222540 1d961d8f 1d8d1d8e 1d911d92 1d901d99
2222560 1d991d97 1d911d9c 1d971d91 1d911d8e
2222600 1d941d93 1d981d9a 1d941d96 1d911d95
2222620 1d8e1d93 1d931d96 1d9f1da0 1d941d96
2222640 1d9c1d9a 1d981d9c 1d9e1d9f 1d9d1da5
2222660 1da01d9a 1da11d9e 1d9d1d9e 1da11da4
2222700 1d9b1d9c 1d9d1d98 1da81d9e 1da71d9f
2222720 1d981d9e 1d9d1da6 1da11da5 1daa1da9
2222740 1da61dac 1da71da1 1da01dab 1da41dac
2222760 1da11da5 1da41d9e 1da11da8 1da51daa
2223000 1da91da5 1da11da1 1d9c1d9e 1d9f1da0
2223020 1da01da3 1da31d9d 1d9f1d9c 1dac1da4
2223040 1da41da9 1da51da2 1da21da4 1da01da4
2223060 1da41da1 1da61da5 1da31daa 1daf1da7
2223100 1dad1db2 1da91da7 1d9e1da4 1da41da7
2223120 1da51da4 1da61da3 1da71da2 1d9b1da4
2223140 1da21da3 1da61da2 1da11da9 1d991d9c
2223160 1d941d95 1da11d9c 1da51d9c 1da31da2
2223200 1d961d9c 1d9b1d9f 1d9b1da7 1da51da0
2223220 1da31daa 1d9f1d9d 1daa1da2 1d9b1da7
2223240 1da11da6 1da21d9e 1da51da2 1da71dab
2223260 1da21da8 1da21daa 1da51da6 1da21daa
2223300 1d9c1da0 1d9e1da1 1da31d9e 1dad1da1
2223320 1da31da7 1d9e1d9d 1da11da0 1d9e1da9
2223340 1da61da8 1d9f1da0 1d991da1 1da41da4
2223360 1da21da8 1da01d9a 1da11d9c 1d9e1da2
2223400 1da91da3 1da81da6 1da41d9f 1d981da0
2223420 1d9c1d9a 1da81da0 1da71da7 1da71d9f
2223440 1d991d9b 1d991d99 1d9a1d9d 1d9c1da0
2223460 1da21d9d 1d921d96 1d951d8e 1d9a1d9a
2223500 1d971d94 1d9b1d98 1d9d1da3 1da41da1
2223520 1da51da8 1da71da6 1db01da7 1db01db4
2223540 1dae1da2 1da41dab 1da81da5 1da71dab
2223560 1da11da2 1da01da2 1dac1da7 1db21db1
2223600 1dac1dac 1db21db0 1dac1db3 1da71dac
2223620 1da81da7 1da71d9c 1da11d9d 1daa1da4
2223640 1daa1dab 1dab1daa 1daf1daa 1db31dab
2223660 1dac1dac 1db31dab 1db71db2 1daf1db9
2223700 1db51db2 1db11db3 1db61db5 1db21daf
2223720 1db71db0 1dc11dbd 1dce1dc9 1dd11dce
2223740 1dc11dc5 1dd21dc8 1dc21dc5 1dcb1dc8
2223760 1dc61dd0 1dc81dc4 1dcd1dc9 1dc01dc6
2224000 1dca1dc7 1dd01dcf 1dce1dc9 1dd71dc8
2224020 1dd11dd4 1dd31dd2 1dce1dd1 1ddc1dce
2224040 1de21dd9 1ddd1ddc 1de31de0 1de01de3
2224060 1de11ddf 1ddf1dde 1ddd1ddb 1de31dde
2224100 1de91de7 1dec1de5 1dea1dea 1dec1de9
2224120 1df11de8 1def1df3 1dfa1df5 1dfb1dfb
2224140 1df51df7 1df11df3 1dfb1df1 1e001dfe
2224160 1dfa1df5 1df41df6 1df31dfc 1dfd1df9
2224200 1df41df6 1e041df3 1e0a1e0a 1dfe1e06
2224220 1e051e10 1e0f1e07 1e0a1e07 1e081e08
2224240 1e0a1e05 1e0f1e07 1e1b1e0f 1e211e17
2224260 1e1f1e1c 1e1f1e1b 1e251e26 1e271e22
2224300 1e231e24 1e201e21 1e231e24 1e261e26
2224320 1e221e25 1e201e20 1e291e21 1e261e29
2224340 1e2a1e2b 1e2a1e25 1e261e27 1e2d1e2b
2224360 1e1f1e2b 1e341e2d 1e351e32 1e3c1e33
2224400 1e321e33 1e371e35 1e3d1e3b 1e3d1e42
2224420 1e4b1e45 1e4e1e48 1e4e1e46 1e541e52
2224440 1e491e45 1e521e4c 1e451e4a 1e421e45
2224460 1e4c1e43 1e4a1e44 1e471e3f 1e551e46
2224500 1e501e55 1e521e54 1e561e5b 1e5d1e58
2224520 1e541e56 1e561e55 1e521e53 1e571e55
2224540 1e671e64 1e5d1e60 1e5a1e5b 1e5d1e5e
2224560 1e621e5b 1e691e63 1e621e61 1e601e60
2224600 1e601e66 1e5e1e64 1e681e60 1e641e61
2224620 1e671e63 1e681e68 1e6b1e68 1e6d1e6d
2224640 1e661e67 1e6c1e6b 1e641e74 1e671e69
2224660 1e6c1e6a 1e6a1e6d 1e701e73 1e741e72
2224700 1e7c1e78 1e7c1e77 1e751e79 1e6b1e77
2224720 1e751e71 1e6b1e78 1e721e6a 1e781e71
2224740 1e761e76 1e751e7c 1e7a1e78 1e7c1e7c
2224760 1e7b1e7f 1e831e84 1e831e88 1e861e7c
2225000 1e831e88 1e801e7d 1e831e85 1e851e89
2225020 1e851e82 1e7f1e85 1e7a1e82 1e7c1e7a
2225040 1e7f1e84 1e881e82 1e871e88 1e7c1e85
2225060 1e771e7e 1e7c1e81 1e7f1e77 1e841e7d
2225100 1e831e83 1e861e83 1e8a1e86 1e871e87
2225120 1e801e7a 1e841e7e 1e811e81 1e861e84
2225140 1e881e81 1e7e1e85 1e7e1e80 1e851e85
2225160 1e871e86 1e931e90 1e911e92 1e891e94
2225200 1e881e89 1e891e89 1e881e8d 1e8c1e86
2225220 1e8a1e89 1e871e8d 1e8d1e8d 1e891e87
2225240 1e891e8c 1e881e87 1e791e86 1e7f1e82
2225260 1e8a1e80 1e861e82 1e7f1e84 1e7c1e7c
2225300 1e7c1e7f 1e821e80 1e7e1e7f 1e821e7f
2225320 1e801e85 1e831e87 1e861e84 1e871e7c
2225340 1e7e1e82 1e781e82 1e831e82 1e7c1e7a
2225360 1e851e79 1e7d1e7d 1e831e81 1e851e85
2225400 1e841e85 1e831e7c 1e7f1e84 1e781e79
2225420 1e6d1e76 1e7c1e7c 1e7b1e7a 1e721e6f
2225440 1e721e77 1e7e1e73 1e7e1e86 1e731e7d
2225460 1e771e75 1e731e75 1e741e72 1e721e7a
2225500 1e741e74 1e6c1e72 1e751e70 1e6e1e77
2225520 1e711e6d 1e6e1e6f 1e6a1e67 1e711e6f
2225540 1e6f1e73 1e6a1e70 1e741e74 1e6d1e72
2225560 1e691e6e 1e701e72 1e6f1e6f 1e6a1e69
2225600 1e681e64 1e6e1e69 1e6e1e6d 1e721e6f
2225620 1e6e1e6a 1e701e6c 1e611e6b 1e711e6d
2225640 1e6e1e6d 1e711e6b 1e6c1e64 1e661e6a
2225660 1e641e66 1e6a1e69 1e721e68 1e6e1e6b
2225700 1e651e72 1e6e1e60 1e661e6c 1e611e62
2225720 1e6d1e6d 1e6a1e6a 1e721e76 1e6e1e6b
2225740 1e6d1e64 1e611e66 1e621e65 1e671e6a
2225760 1e6a1e68 1e661e68 1e681e62 1e6a1e6e
2226000 1e6b1e6f 1e6c1e6c 1e6f1e6b 1e6e1e6f
2226020 1e691e6d 1e6d1e6b 1e681e69 1e6e1e68
2226040 1e6e1e6d 1e681e6a 1e711e6d 1e741e70
2226060 1e741e6d 1e691e6e 1e741e70 1e741e7d
2226100 1e761e7e 1e751e6c 1e6d1e6f 1e6f1e6d
2226120 1e6b1e70 1e681e6b 1e7a1e77 1e7f1e76
2226140 1e7f1e7e 1e771e83 1e7e1e7e 1e841e74
2226160 1e7d1e80 1e7b1e81 1e7c1e7b 1e791e78
2226200 1e7d1e78 1e7c1e82 1e811e86 1e8b1e88
2226220 1e951e89 1e931e8f 1e901e8d 1e901e8f
2226240 1e8b1e93 1e8e1e8c 1e8c1e8e 1e8d1e8d
2226260 1e8c1e8d 1e971e90 1e9f1e97 1ea41e99
2226300 1e9d1e9d 1e951e98 1e9b1e90 1ea91ea0
2226320 1eaa1ea7 1ea81eab 1ea51ea0 1ea11ea4
2226340 1ea51ea5 1ea71ea5 1eaa1eaa 1ea91ea5
2226360 1ea91eaf 1eaf1ea8 1eaf1eab 1eab1eab
2226400 1ea81eae 1eac1ea6 1ec11eb3 1eb91ebe
2226420 1ebd1eb7 1eb81eb7 1ec11ec0 1ec51ec1
2226440 1ebd1ec4 1ebe1eba 1ec41ebf 1ec11ec8
2226460 1ec61ec9 1ecc1ec8 1ed01ecf 1ed11ed6
2226500 1ec81ed2 1ed41ed5 1ecf1ed0 1ecc1ed3
2226520 1ed41ed0 1ecf1ed3 1edc1ed2 1ede1ed6
2226540 1eda1ed3 1ee61ee2 1ee11ee5 1ee51ed6
2226560 1ee51edd 1eda1ede 1eda1ee0 1ee51ee4
2226600 1ee91ee3 1eea1eea 1ee41eed 1eed1ee8
2226620 1ef01ef1 1ef41eeb 1ef51ef2 1ef51efa
2226640 1ef71ef4 1ef41ef8 1ef91ef7 1efa1ef9
2226660 1f001efb 1f091eff 1f071efa 1f111f07
2226700 1f0a1f07 1f081f07 1f0b1f0a 1f061f0d
2226720 1f071f07 1f0b1f0c 1f0a1f0b 1f051f11
2226740 1f131f10 1f131f16 1f151f10 1f141f17
2226760 1f201f1a 1f191f1d 1f131f18 1f191f15
2227000 1f181f18 1f151f1d 1f1a1f1d 1f1f1f1e
2227020 1f1a1f11 1f1e1f1c 1f1a1f1b 1f211f27
2227040 1f251f1d 1f1a1f18 1f1c1f1a 1f1d1f25
2227060 1f1d1f1d 1f231f21 1f241f21 1f231f1e
2227100 1f251f23 1f2b1f2a 1f311f31 1f261f30
2227120 1f201f26 1f2c1f2b 1f291f2b 1f2e1f29
2227140 1f2a1f25 1f271f26 1f331f38 1f351f36
2227160 1f331f36 1f331f32 1f351f34 1f331f32
2227200 1f341f34 1f301f30 1f351f2f 1f371f31
2227220 1f3b1f3b 1f431f47 1f491f44 1f441f40
2227240 1f341f40 1f391f39 1f3b1f3b 1f3a1f3c
2227260 1f3f1f35 1f371f37 1f3c1f3c 1f371f3f
2227300 1f3e1f40 1f3f1f37 1f401f3d 1f3e1f3f
2227320 1f441f49 1f461f3f 1f431f44 1f491f47
2227340 1f441f47 1f4a1f46 1f431f41 1f411f3b
2227360 1f441f39 1f4c1f45 1f401f47 1f3d1f3f
2227400 1f461f48 1f411f3d 1f461f47 1f391f43
2227420 1f401f3a 1f3d1f37 1f3c1f40 1f461f3c
2227440 1f3c1f43 1f411f45 1f3a1f3d 1f401f3c
2227460 1f3e1f3a 1f3a1f42 1f411f3c 1f401f3c
2227500 1f451f41 1f411f41 1f451f4f 1f3a1f43
2227520 1f3d1f32 1f441f3e 1f401f40 1f3c1f46
2227540 1f3c1f40 1f491f3c 1f421f42 1f441f45
2227560 1f3e1f46 1f401f40 1f3d1f3d 1f3f1f37
2227600 1f411f49 1f3c1f42 1f3b1f3b 1f361f37
2227620 1f361f30 1f361f38 1f421f43 1f301f41
2227640 1f411f3a 1f3f1f41 1f401f42 1f361f43
2227660 1f3a1f3b 1f3b1f3c 1f3a1f3a 1f381f39
2227700 1f381f3a 1f401f31 1f381f31 1f331f2f
2227720 1f291f31 1f301f2f 1f2e1f30 1f301f2d
2227740 1f331f31 1f351f33 1f2c1f2b 1f2a1f2a
2227760 1f301f29 1f281f27 1f251f2e 1f2d1f29
2230000 1f311f29 1f2a1f2f 1f2c1f2b 1f261f28
2230020 1f251f2a 1f1a1f24 1f191f1a 1f231f1e
2230040 1f221f25 1f231f20 1f1e1f26 1f261f1d
2230060 1f1c1f1d 1f141f19 1f201f1b 1f1c1f19
2230100 1f2c1f20 1f2c1f2a 1f221f24 1f201f28
2230120 1f211f1f 1f201f20 1f1d1f1e 1f1d1f1e
2230140 1f211f1c 1f1e1f1d 1f1d1f1a 1f231f20
2230160 1f221f1f 1f1f1f1c 1f1d1f23 1f211f19
2230200 1f1d1f1f 1f191f1e 1f1a1f1d 1f1d1f1a
2230220 1f241f24 1f1c1f24 1f251f20 1f231f23
2230240 1f291f1b 1f261f22 1f271f25 1f201f2c
2230260 1f261f2c 1f241f26 1f291f20 1f2c1f25
2230300 1f241f26 1f201f22 1f1e1f1c 1f201f17
2230320 1f241f25 1f2b1f29 1f2f1f37 1f2b1f34
2230340 1f311f28 1f291f27 1f1f1f22 1f2e1f29
2230360 1f2d1f24 1f2a1f28 1f2c1f29 1f2c1f2c
2230400 1f2f1f2e 1f321f34 1f331f33 1f3a1f36
2230420 1f361f35 1f321f34 1f331f37 1f341f35
2230440 1f2d1f34 1f351f30 1f381f39 1f381f39
2230460 1f3c1f38 1f3b1f35 1f431f40 1f431f3c
2230500 1f471f42 1f3c1f41 1f3d1f3e 1f461f3c
2230520 1f471f45 1f471f42 1f4f1f45 1f411f47
2230540 1f441f47 1f4a1f47 1f4b1f43 1f521f51
2230560 1f4c1f54 1f501f4c 1f591f55 1f4f1f52
2230600 1f561f4f 1f4b1f49 1f501f49 1f5b1f5a
2230620 1f5a1f59 1f601f66 1f5a1f57 1f561f5a
2230640 1f611f62 1f681f62 1f681f5b 1f5e1f66
2230660 1f6b1f6f 1f691f74 1f641f67 1f641f5f
2230700 1f6c1f64 1f661f6d 1f681f6d 1f6c1f6c
2230720 1f701f6d 1f791f74 1f721f76 1f781f75
2230740 1f7e1f82 1f761f79 1f761f77 1f7b1f78
2230760 1f7d1f7f 1f7a1f7f 1f831f81 1f881f80
2231000 1f861f88 1f861f8b 1f8c1f81 1f871f86
2231020 1f8b1f8a 1f8f1f95 1f991f96 1f9e1f93
2231040 1f961f98 1f951f96 1f981f97 1f9c1fa0
2231060 1f961f9e 1f941f8a 1f9c1f9b 1f981f9c
2231100 1f9b1f9a 1fa41f9e 1fa61fa3 1f9e1fa6
2231120 1f981f9a 1fa11fa0 1fa81fa8 1fa31fa5
2231140 1f9f1f9f 1f9d1fa7 1fa51fa7 1fb01fb1
2231160 1fb41faf 1fb11fb1 1fb91fb3 1fb41fba
2231200 1fb61fb3 1fb71fb2 1fb01fb3 1fb31fb2
2231220 1fbb1fbb 1fb51fb3 1fb81fb1 1fbc1fbe
2231240 1fbb1fbe 1fc21fbd 1fbd1fbd 1fb81fb7
2231260 1fbd1fbe 1fb61fbc 1fbb1fba 1fbe1fbb
2231300 1fbd1fb9 1fb81fb5 1fbe1fbf 1fc51fc4
2231320 1fbf1fc0 1fbf1fc4 1fc41fbc 1fc41fbf
2231340 1fc81fd2 1fcd1fc7 1fcd1fc9 1fc41fcc
2231360 1fbf1fc3 1fcf1fc8 1fcb1fcd 1fd51fcf
2231400 1fce1fce 1fce1fc9 1fd11fd7 1fcd1fd2
2231420 1fd91fd6 1fd41fd6 1fcf1fd0 1fd71fd3
2231440 1fd31fd7 1fdb1fd8 1fdb1fd3 1fd61fdf
2231460 1fd91fd6 1fde1fdb 1fdf1fd8 1fde1fd3
2231500 1fdb1fdf 1fde1fde 1fd91fd9 1fdd1fd8
2231520 1fe41fe0 1fe31fe2 1fec1fe6 1fde1fec
2231540 1fde1fd8 1fdc1fde 1fdc1fe0 1fdc1fe5
2231560 1fe11fd9 1fea1fdd 1fea1fe4 1fde1fe5
2231600 1fea1fe3 1fe21fe2 1fe61fe2 1fe01fe6
2231620 1fdf1fe1 1fec1fe8 1fea1fe3 1fee1feb
2231640 1fea1fe7 1fe41fe9 1fe01fe4 1fea1fe6
2231660 1fe41fdd 1fe21fe4 1fe41fdb 1fe11fe5
2231700 1fe61fe1 1fe91fe7 1fe51feb 1fe61fec
2231720 1fee1fea 1fed1fed 1fe81fe6 1fdf1fd5
2231740 1fe11fdf 1fde1fe3 1fe41fe1 1fe71fe1
2231760 1fe71fe1 1fe51fe4 1fe01fe6 1fe41fe5
2232000 1fe61fe7 1fe61fe3 1fe01fe1 1fe61fe5
2232020 1fe91fe1 1fec1fe8 1feb1ff1 1fe41fe4
2232040 1fdd1fe2 1fe41fda 1fe61fe3 1fe61fe3
2232060 1fda1fdd 1fde1fdd 1fe01fdc 1fe21fda
2232100 1fe11fe1 1fda1fe3 1fd71fda 1fd81fdb
2232120 1fdd1fd8 1fd41fd7 1fcd1fd7 1fd31fd1
2232140 1fd71fd7 1fd01fcf 1fd71fcf 1fd51fd4
2232160 1fd41fd5 1fd41fd9 1fd31fcc 1fc71fc6
2232200 1fce1fce 1fd11fd6 1fd31fce 1fd81fd3
2232220 1fd51fdc 1fcd1fcd 1fcd1fcb 1fcf1fce
2232240 1fc51fcb 1fce1fc9 1fc91fc8 1fc81fd2
2232260 1fcb1fc7 1fc51fcb 1fcc1fc9 1fcc1fc6
2232300 1fcd1fce 1fc21fc0 1fc71fc2 1fb81fbe
2232320 1fca1fca 1fc51fce 1fc91fc8 1fbf1fc7
2232340 1fbe1fbe 1fc51fc6 1fc11fc4 1fbf1fc6
2232360 1fc31fba 1fc81fc0 1fc21fc8 1fc41fc7
2232400 1fc71fc8 1fc21fbe 1fc11fc5 1fbb1fc3
2232420 1fbe1fbb 1fc31fc1 1fc61fc6 1fca1fc3
2232440 1fc91fc6 1fc51fcc 1fc51fc4 1fcb1fc3
2232460 1fc61fc6 1fc71fcb 1fc61fc8 1fcc1fc2
2232500 1fc01fc3 1fbe1fc2 1fb81fbb 1fbe1fc2
2232520 1fc41fc1 1fc61fc4 1fc61fc8 1fc91fc6
2232540 1fcc1fcd 1fcf1fc5 1fd31fc4 1fc91fc5
2232560 1fcf1fca 1fd31fd2 1fd11fcf 1fd21fd4
2232600 1fce1fcd 1fc41fcf 1fc71fc8 1fcb1fc8
2232620 1fcb1fce 1fc71fc4 1fca1fc9 1fc91fcd
2232640 1fcb1fc9 1fcc1fcc 1fd71fcf 1fd31fd5
2232660 1fd11fd5 1fd61fdb 1fdf1fd9 1fd41fd8
2232700 1fd41fd4 1fd21fd5 1fd51fcf 1fd51fd5
2232720 1fd91fd4 1fd41fd8 1fcf1fd5 1fd31fcf
2232740 1fdc1fd6 1fdf1fe1 1fde1fe0 1fe41fe6
2232760 1fe01fe4 1fdd1fde 1fdd1fde 1fdf1fe3
2233000 1fdd1fe4 1fe41fdf 1fee1fe2 1fe71fe8
2233020 1fd91fe0 1fe71fdf 1fdd1fe5 1fe91fe5
2233040 1fe91fe7 1fe71fea 1feb1fed 1ff11fea
2233060 1ff61fef 1ff91ff7 1ffe1ffd 1fff1ff7
2233100 1ffe1ffd 1ff51ff6 1ffd1ffb 1ffd1ff4
2233120 1ffe1fff 20002002 20021ffc 20001ffe
2233140 20001ffa 1ffc1ffb 20072001 20082007
2233160 1ffc1ffe 1ffb1ff6 20042008 200b2003
2233200 20081fff 1ffe1fff 20021ffe 200b200c
2233220 200d2008 20092001 20062006 20082013
2233240 20102010 2014200a 200f2009 20082013
2233260 20132011 20132010 20142018 201b2016
2233300 20122014 200e2016 200c2012 200e2014
2233320 201c2013 20202012 20252014 201b2024
2233340 2022201f 20182017 2012201b 201b201d
2233360 20212021 20262023 201f2021 20212022
2233400 20282027 20342030 20352030 20312030
2233420 2028202e 201f2023 2027202b 20322032
2233440 20372032 20332035 2036203d 203b203a
2233460 203d2036 203b2037 2038203d 20362038
2233500 2035203f 203d2034 20362038 203b2033
2233520 203c2041 203c203c 203b203e 20352031
2233540 203e2039 2033203f 202d2033 20342034
2233560 203c203b 2039203a 20322039 203b2039
2233600 203e203b 20412040 203a203b 203f203b
2233620 2049204d 2042204c 204e204a 204b204a
2233640 204b204a 2048204a 204b204d 2048204a
2233660 20482047 20532054 20532056 20542055
2233700 20592055 204f2055 20522050 204d2053
2233720 204c204a 2051204c 204e204a 2049204e
2233740 20562051 205a2057 205a2059 2055205e
2233760 20542052 204f2059 20502052 20512050
2234000 20562058 20572058 2058205c 205c2061
2234020 205d2059 2052205b 2058205b 205f205e
2234040 205a2060 205e2061 205d2066 2064205b
2234060 205e205e 205c2059 2059205a 205c2064
2234100 205e205c 205a2063 2063205a 20612064
2234120 2057205d 2060205f 205b2061 20622057
2234140 2065205f 20602065 205a205f 20582061
2234160 205d2060 205e205b 205d205d 2060205c
2234200 2052205f 20552057 205d2056 20562052
2234220 20512056 205a2055 20592050 205d2056
2234240 2057205a 20592058 20552057 204f205c
2234260 204f2052 2058204f 20582055 20602065
2234300 205f2060 2063205d 20582063 205e2061
2234320 20532053 204e2053 205c2050 20562059
2234340 2051205c 20522054 2055204d 204d204f
2234360 204d2050 20502052 2050204c 20502048
2234400 204e204d 204c204d 2048204c 20472043
2234420 20542045 204d204d 20462049 20462043
2234440 204b2055 204e204f 2049204e 20422047
2234460 20492042 20462049 2048203d 20482046
2234500 204b2053 2049204e 2053204e 2053205a
2234520 2049204a 2050204d 2048204c 20532052
2234540 20522052 204e204c 2048204b 2046204b
2234560 2047204d 204f204c 204e204a 20532052
2234600 20512051 204d204f 204f204b 204c2047
2234620 20522048 20542057 20572054 20492049
2234640 204d2047 2048204d 204e2050 2048204f
2234660 204b2047 2049204c 2048204f 20452045
2234700 204b204a 204d204f 20542051 20512053
2234720 204f2050 204f204f 20552052 20562052
2234740 204e2053 2048204b 20492049 204f2044
2234760 20492051 20492044 2043204c 20402047
2235000 20472048 204c204c 2056204f 205b2059
2235020 205f205f 205b2058 205d2053 20602063
2235040 205d205f 20542056 205b2054 205f205a
2235060 205f2062 2060205a 205f2059 20602058
2235100 20582058 20592056 205d205b 20592063
2235120 205d205d 2064205e 205c2062 205c2062
2235140 20652063 20622060 2069205a 20612065
2235160 20672063 20672067 20662062 2060205f
2235200 20662064 2068206b 20672066 2073206c
2235220 2073206b 2063206d 206b2064 20662068
2235240 206c2062 20722067 2070206f 20722073
2235260 207a2075 2075207a 20752076 20702073
2235300 20732071 20772076 20762071 207b2075
2235320 207b2076 207e2075 207e207a 2078207c
2235340 207d2078 207b2078 2077207a 207c207c
2235360 207b207a 20852078 207d2079 2080207e
2235400 207a207d 207e2075 20792077 2080207c
2235420 208c2086 208a208e 208c2086 208e2089
2235440 2089208e 20842087 2083208a 208c2089
2235460 2095208d 208e2087 20992090 20882093
2235500 2098208c 20952094 2094208c 20882091
2235520 208c208d 2099208c 20922095 20962090
2235540 208f2090 20912097 20942097 209a2095
2235560 20a02097 208f209c 20942099 209e209e
2235600 20a02099 209d2099 209a209c 20942099
2235620 2098209c 20962094 209e2098 209d209e
2235640 209f209f 209a209e 2099209e 209e209e
2235660 209e20a3 209b209c 20a520a1 209e209b
2235700 20a020a6 20a320a6 20a020a3 20a4209e
2235720 20a2209b 20a820a3 20ac20ac 20af20ac
2235740 20b120a6 20ab20ad 20b120ac 20ad20af
2235760 20ac20ab 20ac20ac 20a920ac 20ae20a4
2236000 20aa20a8 20aa20a9 20ad20a9 20b520ac
2236020 20b020ad 20b120b1 20b220b3 20b220b1
2236040 20b720b7 20b320b7 20af20af 20ab20a7
2236060 20ad20a7 20ba20b2 20b120b4 20b520b7
2236100 20ad20b4 20af20aa 20b620b4 20b820b6
2236120 20ba20ba 20b520b8 20b820b4 20b720b7
2236140 20bb20b4 20bc20b8 20b420c0 20bc20ba
2236160 20c020bc 20c020bc 20bd20bd 20ae20bc
2236200 20b420af 20bb20c3 20b920b2 20bb20c1
2236220 20b920bb 20c120b9 20bd20ba 20bd20bf
2236240 20ba20ba 20b720bb 20bf20ba 20be20bb
2236260 20c920c9 20ca20c6 20c620ca 20c020c9
2236300 20c220c5 20bf20b9 20bc20c1 20c920c1
2236320 20c220c3 20bd20bf 20be20c0 20bb20b9
2236340 20c020c3 20c020bf 20c420bf 20cd20ca
2236360 20d120d0 20cd20cb 20ca20ca 20cb20c5
2236400 20c320cb 20c020c7 20c020c8 20c120b9
2236420 20c620c1 20c020c1 20bb20ba 20be20c2
2236440 20c620c4 20ca20cd 20be20c3 20c520c0
2236460 20c120c3 20cc20ca 20ba20c8 20bf20b8
2236500 20bb20ba 20c120bd 20c020bf 20bc20c2
2236520 20b720b8 20b220b0 20b920b4 20bf20bb
2236540 20bd20ba 20b920b6 20b620b9 20b820c0
2236560 20bf20ba 20b820b4 20c120be 20b620ba
2236600 20c120b7 20c520bf 20be20b7 20bd20b7
2236620 20bd20b9 20b820c1 20b920bf 20bb20bd
2236640 20bb20b7 20bc20bf 20be20c2 20b720b8
2236660 20ba20b3 20c220ba 20c120ba 20be20c0
2236700 20c020be 20b720b6 20b320b4 20b320ae
2236720 20b320bc 20b720b5 20b620b6 20b620b4
2236740 20b720b9 20bb20bb 20b820ba 20bd20b7
2236760 20be20b9 20b820b9 20c320ba 20c320bf
2237000 20c120c0 20b220bb 20b320b0 20b520b5
2237020 20bf20b7 20c120b9 20b620b8 20bc20b7
2237040 20b820ba 20bc20bc 20be20b5 20b920b8
2237060 20b420bf 20bf20bf 20c420be 20c620b9
2237100 20c520c5 20c020c6 20c820c4 20c320c2
2237120 20c220c1 20c020bd 20b920c6 20ba20bf
2237140 20c620c1 20c520c4 20c420c2 20c320c3
2237160 20c020c8 20c420be 20cb20c9 20cb20cf
2237200 20c920cb 20ca20cb 20ca20bf 20c420c4
2237220 20c920cb 20c120c5 20c920c3 20c620c6
2237240 20c620c7 20cd20cd 20cc20d1 20cd20ce
2237260 20ce20cc 20ce20cc 20c820c4 20c620ca
2237300 20d920d1 20dd20d7 20db20db 20d620d0
2237320 20d820d6 20d420d9 20d120cf 20d220d1
2237340 20ce20cf 20d320d3 20d920df 20d220d6
2237360 20d720d2 20d920d6 20db20dc 20e120dd
2237400 20de20d6 20d920d7 20d820d6 20d820da
2237420 20d420de 20d820da 20e220e5 20d620de
2237440 20db20e3 20df20e0 20eb20de 20e220e2
2237460 20e820e5 20e320e4 20e520ea 20ea20e1
2237500 20f220ed 20ef20f1 20ee20ef 20ed20f2
2237520 20ea20ed 20ec20e0 20f320ed 20f120f8
2237540 20f520ea 20f320f5 20f620f0 20f320f1
2237560 20ef20f6 20f320f4 20f720ef 20f520f1
2237600 20f320f1 20f420fa 20f520fd 20f820fb
2237620 20fd20fd 20f620f7 20ee20f1 20f920f4
2237640 20fb20fe 20fe20fb 20f620f4 20f120f7
2237660 210020f7 210220f8 210620fa 20fc2104
2237700 21022101 20ff210a 210420ff 21052107
2237720 20fb2103 20fe20ff 21012104 20ff2100
2237740 20fe20fb 20fa20fa 210020fc 20fc2102
2237760 21032100 210c2106 210020ff 210a210e
2240000 210d2111 210d210b 210b210e 210f210e
2240020 210a2107 210b210b 210b2109 2110210f
2240040 210c2107 210b210d 2106210c 21032104
2240060 210520ff 21002100 21022102 21082106
2240100 210e210a 210b2105 21082111 21032103
2240120 21082103 21042106 210e2105 21052101
2240140 210720fd 21052112 21082100 21062100
2240160 21022105 21042109 21062109 210c2104
2240200 210c210a 2111210e 21072109 210f2108
2240220 210e210f 21082105 21042106 21012102
2240240 21092109 2108210b 210e2108 21012104
2240260 21052106 210620ff 21072106 21072104
2240300 210d2108 21072110 21122114 2103210e
2240320 21052103 21042104 21062108 21002102
2240340 21082103 21082101 21022107 21062109
2240360 21062107 21062103 21102109 210e210f
2240400 210f2119 210e2116 210c2106 210a210a
2240420 210920fe 210c2108 2107210b 21122105
2240440 210b2107 210b210d 210d210f 210b210e
2240460 210c210a 210e210a 2112210d 210e210f
2240500 210e2113 210e210d 210b210a 21022105
2240520 21052106 2102210a 210a2108 21092106
2240540 21022103 21052105 21102109 2102210e
2240560 21042101 20fe210e 21022102 21012101
2240600 20fc2108 20fb20f6 20fd20ff 21052106
2240620 210f210f 210e2111 21082107 21062107
2240640 20ff2104 20fc20fe 20f52108 210420f6
2240660 20f920fd 210f2100 20fe2104 210220fa
2240700 21072102 20fa2102 21072102 21052107
2240720 21022102 20fe20fe 20f420f0 20f720f4
2240740 20f020f4 20f520ed 20fa20f2 20f520f5
2240760 20f420f6 20fc20fc 20fa20f7 20fd20fa
2241000 20f520fb 20ec20f2 20ed20ef 20f620f0
2241020 20fd20f8 20fd20fb 20fb20ff 20f920fe
2241040 20fc20fd 20f820fa 20f820f7 b0113ca7
2241060 00001004 0001000a 00010000 03b13685
2241100 00000ffc 0001000a 1400003c add01f00
2241120 add01f01 add01f02 add01f03 add01f04
2241140 add01f05 add01f06 add01f07 add01f08
2241160 add01f09 add01f0a add01f0b add01f0c
2241200 add01f0d add01f0e add01f0f add01f10
2241220 add01f11 add01f12 add01f13 add01f14
2241240 add01f15 add01f16 add01f17 add01f18
2241260 add01f19 add01f1a add01f1b add01f1c
2241300 add01f1d add01f1e ff000134 00000020
2241320 0000007c 42541ac4 00000001 deadbeef
2241340 f000007c 42541ab0 050a5441 00000000
2241360 00000134 00001f48 a0113683 21e62206
2241400 21e921ed 21e221e5 21e221e2 21de21e3
2241420 21ea21e5 21ee21ea 21f121f0 21ef21f5
2241440 21e821f0 21f021ef 21e621eb 21ec21ea
2241460 21ee21ea 21ed21e9 21ed21f0 21ec21ed
2241500 21f221ed 21eb21e7 21e921ed 21e921f1
2241520 21f421f0 21f621fa 21fd21f9 21f921fc
2241540 21f121f2 21f321f5 21f221f7 21f521f7
2241560 21f421f6 21f821f9 21f521fa 21ec21f0
2241600 21fb21f0 21f821fc 21f921ff 21f221f5
2241620 21ee21ed 21ec21ef 21ec21ea 21ed21f6
2241640 21f321f3 21f921f6 21f421f8 21fc21ff
2241660 21ff2204 22042206 220221fa 21fe2201
2241700 21f721f8 21f721f9 220121fd 220221fc
2241720 21fb21fd 22062206 21fe21ff 22022204
2241740 22082206 220c2208 2209220f 22042207
2241760 21ff2201 21fe21ff 21fe21ff 220021f8
2242000 21fd21ff 22042207 22072207 22072206
2242020 22082208 22042205 22092207 22092206
2242040 22072208 21e3220c 20312120 1ec31f66
2242060 1e191e61 1dd81deb 1dc81dcd 1db41dbe
2242100 1dbd1db8 1daf1db6 1db61db1 1db21db2
2242120 1db11db8 1db01dc0 1db91db0 1db01db7
2242140 1dab1db1 1db41db1 1db11db7 1dbb1dad
2242160 1db81dba 1db21db6 1dbf1dbb 1db51dc3
2242200 1dbc1db8 1dbf1dbe 1dbf1dbb 1dbc1dbe
2242220 1db31db2 1db31db4 1dbe1db0 1dc11dbc
2242240 1dc41dc3 1dc11dc5 1dc21dbd 1db91dbd
2242260 1dba1dba 1dbe1dbf 1dc51dbf 1dc41dc3
2242300 1dc51dc9 1dbb1dbd 1db91dbf 1dc21dbc
2242320 1dbd1dbe 1dc51dc0 1dca1dc7 1dc21dc9
2242340 1dc61dbb 1dc11dc2 1dca1dcc 1dc61dcd
2242360 1dbe1dc7 1dc41dbe 1dd01dc4 1dd21dcd
2242400 1dce1dca 1dc41dc6 1dc61dd0 1dd51dd6
2242420 1ddc1dd7 1dd01dd1 1dd91ddb 1dd71dd3
2242440 1dd51dd5 1dde1dde 1dda1ddd 1dd61ddb
2242460 1ddc1dd8 1dd51dd5 1dde1dd9 1dd91dde
2242500 1ddb1dde 1dd41ddc 1dd91dda 1ddb1dd7
2242520 1dda1dd1 1de11dde 1de81dde 1de01dde
2242540 1de01de2 1ddf1de1 1ddc1ddd 1dde1de3
2242560 1de11de1 1de21ddc 1de41ded 1de11de1
2242600 1de91de7 1dec1dee 1de21dec 1ddb1dde
2242620 1de61de0 1ddf1de6 1deb1dec 1de81de7
2242640 1de11de8 1ded1de9 1de81de3 1dec1de8
2242660 1def1df3 1ded1ded 1df21df1 1def1df3
2242700 1df11dee 1df01ded 1ded1def 1de91dee
2242720 1de41de8 1def1deb 1dec1de9 1df01ded
2242740 1def1def 1df41df2 1dee1df0 1df11de6
2242760 1df31df7 1deb1df3 1de61de5 1de51de5
2243000 1dee1dee 1ded1dee 1de91df0 1deb1dec
2243020 1df01def 1ded1df3 1dee1df2 1def1df4
2243040 1df11df3 1df51df6 1df31df2 1de31de6
2243060 1de71ded 1df01df2 1deb1dec 1deb1dee
2243100 1dec1ded 1dee1df2 1df31df4 1dee1dee
2243120 1dee1de7 1dec1df0 1df91df5 1ded1df0
2243140 1dfa1df6 1dfd1df2 1df41dfa 1df61df4
2243160 1df21df1 1df91df8 1df51df1 1df61dfd
2243200 1dfc1dfd 1dfd1dfb 1df81df6 1df71df3
2243220 1dfa1dfa 1df81dfb 1df91df5 1dfc1df2
2243240 1df11def 1df21df4 1df61def 1df71df4
2243260 1df31df1 1dfa1df5 1dfd1dfa 1dfa1dfc
2243300 1df91df9 1dfc1df5 1e061e00 1e041e06
2243320 1e021dff 1e011e04 1e001dff 1e001e04
2243340 1dfb1dfb 1dfb1df6 1dfa1e01 1e031dfb
2243360 1dff1dfb 1e001dfe 1e001e03 1dff1df9
2243400 1e081e01 1e091e06 1e081e0b 1e081e0f
2243420 1e0b1e0e 1dfb1e07 1dff1e03 1e0a1e06
2243440 1e061e06 1e0f1e10 1e0e1e0f 1e111e11
2243460 1e161e1a 1e111e14 1e0c1e0b 1e0e1e10
2243500 1e131e12 1e131e13 1e161e18 1e1a1e14
2243520 1e131e12 1e161e19 1e161e1e 1e121e1b
2243540 1e191e18 1e1b1e1a 1e211e1a 1e231e24
2243560 1e261e1f 1e211e1a 1e211e25 1e231e24
2243600 1e221e21 1e1d1e20 1e1c1e23 1e211e1e
2243620 1e1f1e26 1e291e25 1e2a1e2d 1e2b1e29
2243640 1e2b1e29 1e291e29 1e291e31 1e2a1e2d
2243660 1e291e28 1e361e29 1e2c1e32 1e2e1e30
2243700 1e311e2b 1e361e39 1e321e34 1e351e32
2243720 1e2a1e2b 1e2e1e2b 1e2b1e2f 1e301e2d
2243740 1e2d1e2d 1e371e36 1e401e41 1e3f1e3e
2243760 1e391e38 1e381e36 1e3e1e3a 1e3c1e42
2244000 1e3f1e41 1e401e3c 1e421e47 1e3f1e3c
2244020 1e421e40 1e411e44 1e3e1e3f 1e401e3f
2244040 1e401e3d 1e441e43 1e501e49 1e471e49
2244060 1e4a1e46 1e401e4a 1e541e55 1e501e4c
2244100 1e481e4d 1e4f1e46 1e471e4f 1e4f1e4c
2244120 1e4f1e51 1e4f1e49 1e541e52 1e541e56
2244140 1e5b1e56 1e5a1e5c 1e591e5a 1e5a1e5d
2244160 1e601e5a 1e601e66 1e641e5c 1e661e62
2244200 1e6a1e62 1e601e64 1e601e62 1e651e60
2244220 1e691e67 1e641e64 1e5f1e66 1e611e63
2244240 1e5b1e5d 1e5f1e59 1e631e61 1e611e5e
2244260 1e621e5e 1e681e60 1e701e6c 1e641e70
2244300 1e6a1e6c 1e701e6a 1e6f1e6a 1e681e66
2244320 1e641e67 1e6a1e6c 1e6b1e6e 1e6c1e67
2244340 1e701e65 1e6d1e6f 1e711e6f 1e721e71
2244360 1e741e71 1e6e1e6a 1e701e76 1e6b1e76
2244400 1e6f1e71 1e701e7c 1e701e71 1e791e70
2244420 1e781e75 1e771e71 1e781e76 1e821e80
2244440 1e7b1e81 1e7c1e7a 1e791e7e 1e751e7c
2244460 1e751e7a 1e761e76 1e7e1e7d 1e7c1e82
2244500 1e7e1e7b 1e811e80 1e861e88 1e861e8a
2244520 1e8e1e8c 1e831e7c 1e7c1e80 1e811e81
2244540 1e7d1e80 1e7b1e7f 1e831e7e 1e861e83
2244560 1e851e8b 1e841e81 1e861e88 1e821e87
2244600 1e921e83 1e8b1e92 1e8d1e8c 1e861e8f
2244620 1e951e91 1e8d1e8a 1e961e92 1e891e8f
2244640 1e921e8f 1e911e95 1e991e94 1e991e96
2244660 1e9a1e94 1e911e8f 1e8e1e8f 1e921e8e
2244700 1e901e8b 1e941e92 1e931e96 1e9b1e93
2244720 1e9a1e9d 1e991e97 1e9d1ea0 1e931e98
2244740 1e981e93 1e941e9a 1e941e8d 1e951e8f
2244760 1e991e95 1e961e99 1e991e9a 1e9a1e9b
2245000 1ea01ea1 1e9e1e9a 1ea71e9d 1ea91ea5
2245020 1ea61e9d 1ea41ea5 1ea51ea1 1eaf1ea8
2245040 1ea51ea4 1ead1ea8 1ea91ea5 1ea21ea4
2245060 1ea71eaa 1eaf1eab 1ea71ea8 1ea01ea8
2245100 1ea71eaa 1ea91eaa 1eaa1ea3 1eab1ea9
2245120 1ea51ea5 1ea41eac 1ea41ea8 1eaa1ea1
2245140 1ea31ea0 1ea81ea7 1ead1eaf 1eaa1eac
2245160 1eac1eac 1eae1eae 1eb11eb1 1eb21eb0
2245200 1ea81ead 1eb11ead 1eb11eaf 1ea81ea7
2245220 1ea61ea0 1eb31eab 1ea51ea8 1eaf1ea9
2245240 1eac1ead 1eab1ead 1ea81ead 1eb71eab
2245260 1eb21eba 1eb31eb1 1eb51ead 1eb01eb1
2245300 1eb11eb2 1ea71ead 1eac1eac 1eb61eb3
2245320 1eae1eb2 1eb21ea9 1eb21eb3 1eab1eb6
2245340 1eb11eb4 1eba1eb7 1ebc1eb1 1eb21eb1
2245360 1eb81eb6 1eb71ebb 1ebf1ebf 1eb81eb1
2245400 1eb51eb9 1eb81ead 1eb91eb9 1eb61ebb
2245420 1eb81eb1 1ebb1eba 1eb91ebc 1ec51ec3
2245440 1ec61ec3 1ec51ec3 1ec41ebd 1ec11ec5
2245460 1ec61ec2 1ec51eca 1ec71ec5 1ec21ebd
2245500 1eb21eb8 1ebe1ebb 1ebf1eba 1ec21eb6
2245520 1ec21ec0 1ec51ec6 1ec21ec4 1ec91ec5
2245540 1ecf1ecd 1ec51ec1 1eca1eca 1ecc1ec9
2245560 1ecf1ecf 1ed41ecc 1ecd1ecd 1ed21ece
2245600 1ecc1ece 1ecd1ecf 1eca1ecf 1ed11ecd
2245620 1ed21ed2 1ed31ed2 1ed31ed7 1ede1ed9
2245640 1eda1ede 1ed91ed7 1eda1eda 1ede1edf
2245660 1ee21ee0 1ed91ee0 1edf1edd 1edb1ede
2245700 1ede1edc 1ee41ee4 1ee71ee9 1ee31ee7
2245720 1edc1ee1 1ee51ee3 1edb1ee0 1ee01ee2
2245740 1ee41ee7 1ee51ee5 1ee71ee5 1eeb1ee1
2245760 1eec1edf 1ee51eed 1ee21ee5 1eeb1eef
2246000 1ef71eef 1ef51ef6 1eee1ef0 1ee91eeb
2246020 1ee81ee6 1ef51ee7 1efc1ef8 1eec1ef0
2246040 1eea1ee7 1ef11ef4 1eef1eeb 1efc1ef5
2246060 1eef1efb 1ef61efa 1ef51ef4 1eee1eef
2246100 1ef91ef2 1ef61eff 1ef71ef2 1efe1efa
2246120 1f031efb 1f051f00 1f021f06 1f0b1f05
2246140 1f011f04 1f071f05 1f011f0b 1f071f05
2246160 1f0a1f08 1f051f0f 1f111f07 1f131f0f
2246200 1f121f16 1f0c1f12 1f141f0d 1f141f12
2246220 1f051f10 1f081f03 1f051f0c 1f081f0b
2246240 1f141f0d 1f151f15 1f121f15 1f0f1f10
2246260 1f1b1f0d 1f201f18 1f171f18 1f151f15
2246300 1f1b1f1b 1f151f14 1f131f10 1f201f18
2246320 1f1a1f1d 1f211f24 1f1d1f1a 1f161f13
2246340 1f1c1f1a 1f1e1f23 1f1b1f21 1f1a1f1a
2246360 1f221f1c 1f241f2b 1f271f20 1f251f27
2246400 1f1d1f24 1f201f26 1f1e1f1b 1f211f22
2246420 1f241f24 1f231f1e 1f261f22 1f291f28
2246440 1f241f25 1f261f2c 1f1f1f25 1f1b1f16
2246460 1f1b1f21 1f1a1f20 1f1d1f22 1f221f21
2246500 1f1d1f15 1f1d1f1e 1f201f20 1f241f21
2246520 1f251f2a 1f271f24 1f311f39 1f251f27
2246540 1f281f2d 1f291f2a 1f331f34 1f321f37
2246560 1f2c1f2e 1f331f31 1f321f31 1f2b1f2e
2246600 1f301f27 1f2c1f31 1f2e1f33 1f2d1f28
2246620 1f281f2a 1f261f24 1f261f29 1f341f29
2246640 1f351f34 1f261f2a 1f271f21 1f2b1f2c
2246660 1f291f27 1f351f32 1f3e1f32 1f351f39
2246700 1f2b1f30 1f2f1f32 1f2d1f31 1f311f2f
2246720 1f2e1f33 1f2c1f31 1f331f31 1f311f32
2246740 1f2d1f31 1f311f34 1f341f31 1f381f39
2246760 1f381f38 1f3c1f31 1f3d1f38 1f2a1f35
2247000 1f371f37 1f2d1f40 1f341f35 1f381f2c
2247020 1f3b1f3a 1f371f37 1f341f32 1f391f38
2247040 1f3d1f3c 1f3d1f3f 1f3b1f3c 1f3d1f38
2247060 1f371f3a 1f3b1f36 1f341f35 1f351f3a
2247100 1f3b1f3a 1f3e1f3c 1f411f3e 1f3e1f44
2247120 1f381f3a 1f3c1f40 1f401f3d 1f3b1f3c
2247140 1f391f3e 1f3d1f3c 1f461f40 1f3b1f3d
2247160 1f3f1f3f 1f421f3c 1f441f3c 1f431f3c
2247200 1f3e1f43 1f3e1f39 1f3d1f3e 1f441f41
2247220 1f3f1f3d 1f3d1f40 1f441f40 1f401f3f
2247240 1f3b1f3e 1f3e1f42 1f4f1f40 1f441f48
2247260 1f451f46 1f461f44 1f411f43 1f411f42
2247300 1f411f48 1f3e1f42 1f481f42 1f431f44
2247320 1f451f3e 1f411f40 1f471f46 1f441f4a
2247340 1f491f42 1f441f45 1f391f3f 1f4c1f44
2247360 1f441f42 1f4a1f4b 1f441f46 1f451f44
2247400 1f441f4a 1f421f48 1f441f3c 1f4e1f40
2247420 1f4b1f47 1f441f4a 1f461f49 1f501f46
2247440 1f4c1f4e 1f461f48 1f441f48 1f4b1f42
2247460 1f461f43 1f481f4a 1f4d1f4d 1f4f1f4a
2247500 1f421f47 1f511f4a 1f4c1f46 1f4d1f4e
2247520 1f4f1f4f 1f4f1f49 1f4d1f55 1f4b1f4f
2247540 1f4f1f56 1f4c1f4d 1f4a1f48 1f3e1f4a
2247560 1f491f41 1f531f4d 1f571f56 1f581f55
2247600 1f4e1f5d 1f611f5c 1f601f55 1f5c1f62
2247620 1f5a1f59 1f571f58 1f5f1f5b 1f5f1f62
2247640 1f581f5e 1f561f57 1f621f5b 1f621f62
2247660 1f5e1f5a 1f5e1f5b 1f611f5e 1f611f6d
2247700 1f5f1f66 1f5f1f60 1f611f62 1f641f65
2247720 1f601f63 1f641f62 1f6f1f67 1f681f6c
2247740 1f6c1f70 1f711f73 1f701f74 1f6e1f6d
2247760 1f6a1f6f 1f751f75 1f6d1f73 1f691f62
2250000 1f7e1f73 1f6c1f77 1f661f6b 1f6e1f6d
2250020 1f741f6a 1f791f76 1f6c1f70 1f6d1f6d
2250040 1f6f1f73 1f761f7a 1f791f74 1f801f7c
2250060 1f771f7f 1f801f81 1f7d1f83 1f7f1f7f
2250100 1f7a1f7e 1f781f7a 1f7e1f79 1f781f7a
2250120 1f7f1f7f 1f851f87 1f821f84 1f7e1f83
2250140 1f891f7f 1f8b1f8c 1f8d1f8c 1f8f1f89
2250160 1f861f8d 1f951f96 1f921f8a 1f8c1f96
2250200 1f8a1f8f 1f8e1f8b 1f8d1f8b 1f991f8f
2250220 1f991f98 1f961f96 1f8b1f95 1f911f8f
2250240 1f991f9d 1f9f1f9b 1fa21fa1 1f9c1f9e
2250260 1fa11f9d 1fa61fa2 1fa21f98 1f9d1f9f
2250300 1fac1f9f 1fab1fa5 1faa1fae 1fa21fa2
2250320 1fa31fa1 1fa81fa2 1faa1fa5 1fa81fa5
2250340 1fa31fae 1fa91fa5 1fab1fad 1fb11fab
2250360 1fb41fb0 1fbc1fb5 1fb81fba 1fb81fb5
2250400 1fb41fb7 1fb91fba 1fb81fb6 1fae1fae
2250420 1fb91fb6 1fbe1fb7 1fbf1fbd 1fbc1fc2
2250440 1fc01fc3 1fc11fbe 1fbd1fbe 1fc31fbe
2250460 1fb61fb9 1fb91fb6 1fb61fb8 1fbd1fb3
2250500 1fc51fc9 1fc51fc8 1fc91fc8 1fc91fc8
2250520 1fc31fc6 1fc11fc5 1fbd1fba 1fc71fc1
2250540 1fcc1fc5 1fc21fca 1fc71fc3 1fbd1fc5
2250560 1fc41fc0 1fc81fc6 1fd01fc6 1fc41fc3
2250600 1fc31fc4 1fbf1fbc 1fcd1fc7 1fce1fcd
2250620 1fcc1fc7 1fcb1fca 1fca1fd1 1fcb1fcb
2250640 1fd31fcd 1fcb1fca 1fca1fcc 1fc61fcd
2250660 1fc31fca 1fcb1fc2 1fce1fce 1fd51fd1
2250700 1fd41fd3 1fd41fd6 1fd21fd2 1fd11fc8
2250720 1fd01fd1 1fce1fd2 1fcf1fcf 1fd41fca
2250740 1fdc1fd3 1fd71fd3 1fd51fd8 1fd71fda
2250760 1fd41fd4 1fd11fd0 1fd21fd0 1fd31fd7
2251000 1fc71fd2 1fd31fc8 1fcc1fcf 1fc51fd3
2251020 1fca1fca 1fcc1fc5 1fcf1fcf 1fcd1fce
2251040 1fd51fd3 1fd91fd4 1fd11fd3 1fd21fd1
2251060 1fd51fd3 1fda1fd2 1fd11fd5 1fce1fd2
2251100 1fdb1fd0 1fd71fd9 1fd91fdc 1fd81fdf
2251120 1fd81fdd 1fd81fda 1fda1fd2 1fd51fd6
2251140 1fd31fcf 1fd71fd5 1fd01fd7 1fcf1fcf
2251160 1fce1fd2 1fd31fd2 1fd21fd3 1fd51fcf
2251200 1fd41fcc 1fcf1fcf 1fdb1fd8 1fdb1fdd
2251220 1fd51fd9 1fde1fd7 1fd31fdc 1fd61fd8
2251240 1fd21fdc 1fd01fcd 1fcf1fd0 1fd01fd3
2251260 1fd41fd5 1fd41fdc 1fd31fdb 1fcf1fd1
2251300 1fd21fd1 1fd01fd5 1fcc1fd3 1fd31fcd
2251320 1fd31fd8 1fce1fd1 1fd21fce 1fd31fd6
2251340 1fd31fd3 1fd51fdb 1fd21fd3 1fce1fce
2251360 1fcd1fce 1fcf1fcd 1fd11fd1 1fda1fd3
2251400 1fd91fcc 1fd51fd5 1fd31fd2 1fd61fd1
2251420 1fd01fd9 1fd01fd5 1fd21fce 1fd41fce
2251440 1fcf1fd2 1fce1fd6 1fcb1fd2 1fc81fd0
2251460 1fd01fcf 1fd71fd5 1fd51fd3 1fcc1fd1
2251500 1fcf1fcd 1fd21fcb 1fcd1fd0 1fc91fc8
2251520 1fd01fd1 1fcc1fd1 1fcb1fce 1fcb1fc9
2251540 1fd01fcb 1fd21fd0 1fc81fcf 1fd31fcf
2251560 1fcf1fd5 1fd11fc9 1fc91fce 1fcf1fd0
2251600 1fcf1fcf 1fd11fd0 1fc51fc5 1fcf1fce
2251620 1fcb1fcf 1fcd1fcb 1fc81fc4 1fd31fcd
2251640 1fcf1fd0 1fc91fce 1fcb1fc3 1fd01fce
2251660 1fd31fce 1fcf1fd0 1fcc1fcb 1fc51fcd
2251700 1fca1fc5 1fc41fc2 1fc51fca 1fd01fc4
2251720 1fd51fce 1fd01fd2 1fcd1fca 1fc71fd6
2251740 1fcc1fc9 1fbf1fc7 1fc61fc1 1fc51fc7
2251760 1fd01fca 1fd01fcf 1fd21fcd 1fcb1fd4
2252000 1fcc1fca 1fca1fcd 1fd31fd6 1fd41fd2
2252020 1fca1fd1 1fca1fcc 1fce1fce 1fcb1fd3
2252040 1fc91fc8 1fca1fcd 1fce1fd1 1fd31fd6
2252060 1fd81fd5 1fd71fd7 1fd41fd0 1fdb1fd0
2252100 1fd81fd6 1fd91fd4 1fda1fdd 1fd71fd5
2252120 1fd21fd5 1fce1fd3 1fd01fd2 1fd31fcc
2252140 1fd51fd7 1fd51fd9 1fda1fd4 1fdd1fdb
2252160 1fe51fdc 1fe01fdf 1fd51fdd 1fe21fdc
2252200 1fe01fdf 1fdd1fdb 1fe11fe0 1fe21fe3
2252220 1fea1fe7 1fe01fe8 1fe51fe7 1fe91fea
2252240 1fea1fea 1fec1fe8 1fe21fe7 1fe91fe0
2252260 1ff31fed 1ff91fef 1ff81ff9 1fef1ffa
2252300 1ff41ff2 1ff61ffb 20001ff7 1ff91ffd
2252320 1ffa2000 1ffe1ffb 1ff61ff6 20001ffc
2252340 20021ffe 20042008 1ffd2001 20052002
2252360 200c2005 20142006 2010200c 20062007
2252400 20012004 20032003 200b200f 2005200b
2252420 2006200b 20052004 200e200f 20192016
2252440 20102016 2011200d 20162016 2013201b
2252460 20122015 20142013 201a2018 201c201e
2252500 201d2020 201d201f 201d201f 201f201d
2252520 20262023 20202026 20212025 201f2025
2252540 2022201f 202f202b 2037202c 2031202e
2252560 202e202d 20362030 203a2033 202e2036
2252600 202f202d 203b2033 202e2039 20382037
2252620 203a2037 203e203d 2038203c 2031203a
2252640 20342032 20312030 2045203e 204e204b
2252660 20452047 20412043 20412047 2041204a
2252700 20412048 2048203e 204e204a 204d2048
2252720 20472044 204d204d 204e2048 204b2044
2252740 20542047 20502054 20542058 204c2054
2252760 204d204c 2047204f 2045204a 2049204a
2253000 20492048 20522051 20542051 2055205b
2253020 205b205a 2059205d 20502055 20502057
2253040 20562058 20522057 20552052 2052204f
2253060 20582056 205b205c 2057205a 204f2058
2253100 2050204f 205a205b 2052204f 205a205d
2253120 205b2058 205d2056 205c2059 205e2061
2253140 205f205b 2061205a 2066205f 20622064
2253160 205d205d 20632064 205c205e 205b205d
2253200 205c205c 205f205b 20592059 20612060
2253220 20602057 205c2063 2061205d 20622062
2253240 205c2060 2062205f 20662066 20632066
2253260 205b2060 20552057 2061205c 205c205f
2253300 2056205f 2062205f 2059205d 205b205a
2253320 20612058 205d205e 205e205e 2060205c
2253340 205d205e 205b205c 205c205e 20632064
2253360 206a2067 20612063 2065206a 206a206b
2253400 2063206a 2065205d 2066205c 2063205d
2253420 20672065 20672066 20642065 206a2064
2253440 20622071 2064206a 20652063 2063205d
2253460 20662064 205b2062 205c205c 2064205b
2253500 205d205e 2059205c 2061205e 20612060
2253520 2057205a 205a2055 205b2059 2057205b
2253540 2053205c 2061205f 2062205d 2057205b
2253560 204f2059 2057205a 205b2056 20552053
2253600 20512051 20552050 2054205b 205b2058
2253620 20582050 20512052 20512050 204b2051
2253640 204f2057 20532050 20522058 20572057
2253660 20532051 20582056 20552053 20542053
2253700 2054205a 204e2050 2052204b 2055204e
2253720 20562052 204b2054 20472053 2054204f
2253740 204b204c 204d2049 2049204e 20472046
2253760 204a204a 204f2052 20592056 20542052
2254000 20412051 20482049 203b2041 2047204d
2254020 203f204a 20482048 2047204b 20452047
2254040 204a2048 20422045 20492046 204b2049
2254060 20482046 204c2045 204c2045 204a204b
2254100 204b204a 20442047 20422040 20472044
2254120 2044204c 20472045 2045203b 20542045
2254140 204c204a 2047204d 204c204a 203e2044
2254160 20492047 203f2043 20422047 2043203f
2254200 2042203f 203f203f 203e2045 203d2040
2254220 20442049 20472041 20452042 2040203d
2254240 203d2042 204a203f 20412045 204a203f
2254260 20462047 20412044 20482047 204a2045
2254300 2041203c 20412041 204a2044 20452049
2254320 20462046 203f2040 20402045 20402043
2254340 20482047 2052204e 204b204c 2051204f
2254360 20452059 20542048 204f2048 204f204d
2254400 20492048 2045204a 204f204f 204f204d
2254420 205a2055 2059205a 20592056 2054205a
2254440 2052204f 20582054 2056205a 20592053
2254460 205c205a 205a2056 20562059 20602061
2254500 20622060 2059205f 205e2062 2063205e
2254520 20652063 20642064 205d2061 20642065
2254540 20622068 206a205d 20742072 20752071
2254560 20732074 20782078 2070206e 206a206d
2254600 206d206c 206c206d 206c206a 206c206d
2254620 207b2075 2075207a 20752075 20712071
2254640 206f207b 20772076 207f207f 207e2081
2254660 207f2080 20822082 20772085 20782082
2254700 207f2079 20812085 20852087 208c2085
2254720 2089208c 208e208a 208e2088 2090208d
2254740 208d2092 2089208f 2092208f 20932094
2254760 20912090 20902096 20992095 20a22096
2255000 20a1209c 20a420a4 209a20a1 209c209c
2255020 20a5209f 20a920ad 209f20a6 20a120a5
2255040 20a820a6 20a020a1 20a020a4 20a720ab
2255060 20a020ad 20ad20a3 20b220ad 20aa20ae
2255100 20aa20ae 20ac20a8 20ab20b4 20b120ab
2255120 20b120b0 20a920ad 20ae20ac 20b320b3
2255140 20b320b4 20b120b2 20b820b3 20ba20b4
2255160 20b920b9 20b620b8 20bc20b8 20ba20b9
2255200 20b520b2 20bb20b7 20c620b7 20c420c5
2255220 20c320bf 20c920c8 20c120c5 20c820c0
2255240 20c520bf 20c820c2 20c920cd 20c620c6
2255260 20c820c3 20c720c9 20cd20d2 20c920ce
2255300 20cc20cd 20d620ce 20d620d1 20d420d7
2255320 20d320d4 20ce20d1 20d120d2 20d620d1
2255340 20d020d7 20d520d6 20d020e0 20d220d3
2255360 20d820d7 20ce20d1 20d120ca 20d920d7
2255400 20d120d2 20d620d2 20d420d0 20d720d7
2255420 20db20db 20d620d4 20d120d3 20d020d1
2255440 20d920d6 20d920d8 20df20dc 20db20df
2255460 20d320d9 20d120d4 20d620d4 20da20db
2255500 20d620d4 20d020d5 20d620d9 20dc20de
2255520 20de20dd 20e020e1 20d920df 20db20de
2255540 20da20de 20d720d7 20dd20d8 20d620db
2255560 20d820d6 20d720d6 20dd20e5 20d520dc
2255600 20dc20da 20d620db 20dc20d1 20e020da
2255620 20e720eb 20da20e5 20dd20d8 20e420e1
2255640 20dd20db 20e120e2 20dc20d9 20de20da
2255660 20df20d6 20d620d9 20dc20d5 20dd20d7
2255700 20d620d9 20d620d6 20dc20d7 20da20d6
2255720 20da20dd 20e120e1 20da20e2 20db20d5
2255740 20d620ce 20d620d5 20d920dd 20d720d7
2255760 20d120d8 20d720cf 20db20d9 20db20d7
2256000 20d420dc 20d620d1 20da20d5 20d620dc
2256020 20df20e6 20db20da 20da20d1 20d820db
2256040 20d220d0 20cf20d1 20c620d3 20d020ca
2256060 20d120cd 20cf20d6 20d720cf 20d520cf
2256100 20cb20cd 20d420d0 20cd20d3 20d120ce
2256120 20d420cd 20cc20d0 20d120cd 20ce20d4
2256140 20d320d6 20ce20d7 20cd20ce 20c920cf
2256160 20c920cb 20c420d0 20ca20cb 20cf20c8
2256200 20d120d1 20c820cc 20c720c7 20c320ce
2256220 20c820ca 20c520c5 20c720c6 20b920b9
2256240 20b820b8 20b120b0 20bb20b3 20ba20c5
2256260 20be20c4 20ba20b9 20bf20bb 20b120b7
2256300 20b120b5 20b520b3 20b420b1 20b420b0
2256320 20b120b5 20bd20b8 20b820b6 20b520ba
2256340 20b020b6 20b520b9 20b920b2 20b420b7
2256360 20b920b9 20b220b3 20aa20ac 20b020ab
2256400 20af20af 20b520ad 20ac20b7 20a620a7
2256420 20a520a9 20a620ae 20ab20a8 20b020b3
2256440 20b320b2 20af20ab 20b420b5 20ad20ae
2256460 20b620b5 20b320ae 20af20b1 20b220ad
2256500 20b020b1 20ab20b2 20b820b2 20af20b5
2256520 20ab20ad 20b220af 20b220b1 20af20aa
2256540 20ae20a8 20b520ae 20b120af 20b320ad
2256560 20af20aa 20b020ae 20af20b7 20b720ae
2256600 20ac20ab 20b220ae 20b120b4 20ae20b1
2256620 20b020b3 20b020af 20b420b4 20bb20b8
2256640 20b320b6 20b820b6 20bb20b5 20b220b1
2256660 20ae20af 20b420b9 20b720b8 20b920b3
2256700 20b620b8 20bb20be 20bc20c0 20be20bd
2256720 20b920bc 20bc20b8 20be20bb 20b620bf
2256740 20bb20b9 20ba20be 20be20be 20be20bb
2256760 20bc20b5 20b820c0 20b920b7 20bb20b2
2257000 20bf20bb 20c620ca 20c620c4 20ca20cc
2257020 20cc20cc 20d320d6 20c920d6 20ce20c6
2257040 20c520ca 20ce20c6 20cc20d0 20c920d3
2257060 20d020d8 20cf20d2 20d220d5 20cd20d1
2257100 20ce20cb 20cb20ce 20d120d2 20d620d1
2257120 20df20d8 20df20e1 20dd20dd 20dc20d9
2257140 20dd20e2 20e020e1 20e020df 20de20e2
2257160 20dc20e3 20e520e4 20e620e1 20e820e5
2257200 20e320e4 20e320e4 20e720e4 20e420e8
2257220 20e820e3 20ee20ee 20f120f2 20ef20ee
2257240 20f820f5 20ee20fd 20ed20ea 20f720ec
2257260 20f620f5 20f420f4 20fc20f7 20f820f7
2257300 20fa20f0 20fd20fa 20f120f4 20fb20f8
2257320 20fb20f9 20fd20fc 210220fb 20f220fc
2257340 20fe2106 21052108 210d210c 210f2108
2257360 21072109 210b210c 2106210e 21062104
2257400 21032102 20ff2101 21062107 21072107
2257420 21092106 21092105 21132109 210f210a
2257440 210b210e 210c210d 210e2112 21152114
2257460 21122114 2111210c 2112210f 21102111
2257500 210f2112 210d2112 21132114 21192113
2257520 211c2119 2115211c 21172112 211e2120
2257540 211d2116 2117211a 21132117 211e2121
2257560 211b211d 21182117 211e211b 21202121
2257600 211d2121 211d211b 21232121 211f211b
2257620 2114211d 211a2118 2125211f 21262128
2257640 2124211e 21222124 2128211f 21262125
2257660 212a2125 21312129 212e212f 212d212f
2257700 212b2128 212c212c 212e212f 21212128
2257720 21262126 2131212e 21262128 212b212c
2257740 212c212e 21292135 212c212b 212f212d
2257760 2124212b 212e2134 2134212d 212c2136
2260000 212c2132 212e212e 212d2131 2135212f
2260020 2137213b 2137212c 2137213c 2128212d
2260040 212f2132 21342135 21332126 212e212c
2260060 21322130 21322136 2140213f 21342135
2260100 21312132 212d2139 212c212d 21362139
2260120 21412135 21382134 2135213f 21342134
2260140 21352131 21382130 213d2136 21382137
2260160 21332138 212e2135 21382136 21292130
2260200 212c2127 212c2130 2126212f 2132212c
2260220 2133212b 21352131 21322133 212a2134
2260240 2138212f 212f2136 21302133 2123212c
2260260 212c212f 21302127 21332134 21342134
2260300 212f2131 21282132 21272124 21292124
2260320 21292126 21292132 212c2128 21252123
2260340 21262123 212f2129 212d212d 212a212a
2260360 2124212a 21232123 212a212a 2124212c
2260400 21242124 21242122 212b2120 21222121
2260420 211d2122 21252120 211c211b 2118211c
2260440 21142115 2117211b 21122114 21182116
2260460 2119211a 2118211c 211c2118 21152116
2260500 21162118 2112211a 2114211a 21172117
2260520 21192111 21152113 2118211a 210f2118
2260540 2112211b 2116210f 21122117 21192115
2260560 21182116 210f2119 2109210b 21092108
2260600 21062102 21032102 210e210a 210a2106
2260620 21042107 2110210a 210e2112 210f2111
2260640 21052109 21092104 21062106 210c210c
2260660 210e210e 2111210f 210b210e 2110210c
2260700 21092108 210a210b 210e210c 210d210c
2260720 210e210e 21082108 210c2109 21012106
2260740 21062102 21092105 210b2109 2107210b
2260760 20fd2107 20fe20fb 21012101 20f020f6
2261000 20fe2103 20ff20ff 210320fe 20ff2101
2261020 210420f9 210d2104 21042103 210b2103
2261040 21022105 21022100 21062104 2110210d
2261060 2113210c 210d210a 21072109 b0113683
2261100 00000edc 0001000a 00010000 03b0e2ec
2261120 00000ffc 0001000a 1400003c add01f00
2261140 add01f01 add01f02 add01f03 add01f04
2261160 add01f05 add01f06 add01f07 add01f08
2261200 add01f09 add01f0a add01f0b add01f0c
2261220 add01f0d add01f0e add01f0f add01f10
2261240 add01f11 add01f12 add01f13 add01f14
2261260 add01f15 add01f16 add01f17 add01f18
2261300 add01f19 add01f1a add01f1b add01f1c
2261320 add01f1d add01f1e ff000134 00000020
2261340 00000049 f735d6ce 00000001 deadbeef
2261360 f0000049 f735d6ba 110b3542 00000000
2261400 00000134 00001f48 a010e2ea 21f3213a
2261420 21f021ee 21f221f3 21ff21f6 220321ff
2261440 22022203 21fa21ff 21fa21ff 22032202
2261460 220321fe 22002201 21fc21ff 21f621fe
2261500 22002201 22042201 220b220a 22042209
2261520 2202220e 2206220a 22082205 220c2201
2261540 220a2203 22122208 22102211 220f2208
2261560 22092210 2208220b 2210220e 220c220c
2261600 2210220b 220f220e 22112215 22132211
2261620 22192215 220f2215 220f220b 22182212
2261640 220c221a 22192210 22132219 22152214
2261660 220f2213 22122215 22162215 22172216
2261700 22142218 221e2218 22212227 221f2222
2261720 2219221a 2222221f 22242223 221b2222
2261740 221e2223 221f221d 221b221e 2216221c
2261760 2219221c 22202224 221e221a 221a221c
2262000 221e2224 2220221d 2223221c 22262225
2262020 2226221d 22232228 221c2222 221a2219
2262040 2215221a 221f2220 221c221f 22252224
2262060 2221221e 22292226 213d2205 1f542037
2262100 1e211e9f 1daa1dd8 1d7a1d91 1d6b1d6d
2262120 1d5f1d67 1d5c1d5b 1d5b1d5e 1d5c1d5e
2262140 1d651d55 1d621d62 1d591d57 1d5d1d54
2262160 1d531d56 1d511d51 1d4e1d56 1d531d53
2262200 1d5a1d57 1d571d53 1d551d58 1d571d54
2262220 1d561d51 1d501d56 1d561d51 1d571d55
2262240 1d581d56 1d531d50 1d551d5b 1d541d5b
2262260 1d561d58 1d5b1d55 1d5d1d54 1d601d61
2262300 1d5d1d5a 1d601d5b 1d5c1d5e 1d5b1d5b
2262320 1d581d5a 1d5a1d61 1d5b1d5c 1d551d5e
2262340 1d5c1d5b 1d5c1d61 1d5f1d5f 1d5c1d5a
2262360 1d611d69 1d541d5b 1d581d59 1d5a1d56
2262400 1d611d57 1d611d61 1d511d59 1d5c1d5b
2262420 1d611d58 1d671d60 1d621d69 1d601d61
2262440 1d5e1d61 1d5d1d5b 1d691d64 1d5c1d62
2262460 1d631d65 1d601d60 1d601d5d 1d651d5d
2262500 1d671d62 1d631d64 1d671d62 1d661d67
2262520 1d6a1d68 1d601d69 1d621d63 1d671d5f
2262540 1d6a1d6f 1d621d64 1d591d5e 1d5b1d60
2262560 1d631d62 1d621d5f 1d5e1d5a 1d561d5b
2262600 1d5d1d64 1d641d63 1d671d66 1d661d69
2262620 1d681d68 1d681d64 1d601d68 1d6c1d68
2262640 1d631d69 1d6a1d66 1d661d6b 1d731d68
2262660 1d6a1d6e 1d6f1d69 1d6a1d6d 1d6d1d6a
2262700 1d681d67 1d621d67 1d701d6e 1d6c1d70
2262720 1d681d6b 1d6b1d68 1d671d67 1d6e1d67
2262740 1d621d6b 1d641d67 1d681d6e 1d661d6b
2262760 1d651d6c 1d611d64 1d631d5d 1d6b1d6a
2263000 1d6d1d63 1d731d70 1d721d6a 1d731d6d
2263020 1d711d6c 1d6a1d70 1d701d74 1d6d1d6c
2263040 1d6e1d72 1d751d71 1d711d6c 1d6b1d70
2263060 1d6e1d69 1d701d70 1d691d6f 1d701d6e
2263100 1d671d66 1d691d6d 1d6f1d6f 1d701d68
2263120 1d6e1d6c 1d721d66 1d6b1d6c 1d6c1d71
2263140 1d741d6e 1d731d72 1d741d72 1d721d6c
2263160 1d791d76 1d721d6f 1d711d72 1d731d6f
2263200 1d741d78 1d771d77 1d741d76 1d771d79
2263220 1d7c1d81 1d781d7c 1d761d74 1d7b1d7a
2263240 1d7e1d80 1d7d1d81 1d821d7e 1d841d82
2263260 1d801d88 1d841d86 1d8c1d8b 1d7f1d86
2263300 1d841d82 1d891d88 1d901d88 1d8b1d8b
2263320 1d911d90 1d8a1d8c 1d881d8b 1d931d89
2263340 1d8e1d8c 1d8f1d8d 1d8b1d98 1d941d91
2263360 1d961d97 1d981d9a 1d941d92 1d921d97
2263400 1d961d9d 1d961d94 1d961d92 1d981d94
2263420 1d991d97 1da61da5 1da61da6 1d9f1da6
2263440 1d991d9e 1da01d9e 1dad1da4 1da91da9
2263460 1da11dad 1dac1da6 1dae1db0 1db31daf
2263500 1db51db5 1db71db7 1db41db2 1db01db5
2263520 1db71db5 1db01db5 1db11daf 1db61da9
2263540 1db91db5 1dba1db8 1dbe1dc3 1dbd1dbd
2263560 1dbc1dc5 1dbd1dc1 1dc71dc2 1dc71dcb
2263600 1dd01dc6 1dbe1dc1 1dc51dc0 1dd01dd1
2263620 1dd51dd9 1dce1dd6 1dd11dd0 1dd71dd2
2263640 1dd81dd6 1dd11dd2 1dd21dce 1dd61dd3
2263660 1dd91dd7 1ddd1dda 1ddc1dd8 1dda1dde
2263700 1ddb1dd6 1de01ddc 1dea1de2 1dec1de8
2263720 1deb1df1 1dec1dec 1df11deb 1df21dec
2263740 1def1dec 1ded1ded 1ded1ded 1ded1dea
2263760 1dee1dec 1df41df5 1df91df8 1df71dfc
2264000 1dfb1dfd 1dfe1e01 1df91dfc 1dfb1dfa
2264020 1e031dff 1e021e02 1e0e1e05 1e0b1e0b
2264040 1e0b1e09 1e071e0a 1e031e02 1e071e0f
2264060 1e131e0c 1e0b1e16 1e101e16 1e1b1e13
2264100 1e181e14 1e111e12 1e181e13 1e1b1e1c
2264120 1e211e1c 1e241e20 1e291e1f 1e241e20
2264140 1e1e1e1f 1e1d1e1a 1e1f1e1a 1e181e1d
2264160 1e231e1c 1e281e21 1e311e29 1e2c1e2b
2264200 1e311e2d 1e2d1e2b 1e251e26 1e2f1e27
2264220 1e311e30 1e361e2f 1e3b1e37 1e3c1e39
2264240 1e361e37 1e2e1e35 1e301e32 1e341e30
2264260 1e341e34 1e341e37 1e321e2e 1e391e32
2264300 1e3a1e36 1e3d1e3d 1e3a1e38 1e401e4c
2264320 1e3b1e3d 1e411e42 1e401e44 1e431e40
2264340 1e451e46 1e491e45 1e3f1e43 1e3d1e42
2264360 1e471e47 1e481e44 1e401e41 1e451e45
2264400 1e471e46 1e401e48 1e441e46 1e451e42
2264420 1e491e4a 1e4b1e4f 1e491e4d 1e461e4b
2264440 1e521e4c 1e4f1e52 1e491e4b 1e431e49
2264460 1e441e44 1e461e46 1e491e3d 1e481e41
2264500 1e4a1e41 1e4a1e4a 1e481e46 1e461e4b
2264520 1e4f1e48 1e521e4d 1e4e1e4f 1e501e50
2264540 1e521e4e 1e501e4d 1e531e5d 1e561e55
2264560 1e4d1e4f 1e551e52 1e4e1e56 1e4e1e51
2264600 1e4b1e4e 1e571e4b 1e511e51 1e511e59
2264620 1e4b1e52 1e4d1e50 1e511e4f 1e4d1e4e
2264640 1e4d1e53 1e511e4d 1e551e57 1e581e59
2264660 1e501e52 1e451e52 1e491e4c 1e4c1e4e
2264700 1e581e4e 1e591e52 1e541e58 1e5c1e5d
2264720 1e581e5e 1e581e57 1e561e5c 1e551e57
2264740 1e561e60 1e5c1e57 1e551e56 1e571e59
2264760 1e591e5a 1e571e58 1e591e5a 1e581e55
2265000 1e571e50 1e561e57 1e621e5d 1e591e5e
2265020 1e5d1e5a 1e571e5b 1e591e54 1e541e57
2265040 1e511e58 1e461e4b 1e521e4a 1e581e54
2265060 1e581e55 1e5f1e5e 1e571e5f 1e591e5c
2265100 1e5a1e59 1e591e54 1e521e51 1e541e55
2265120 1e4b1e58 1e561e4b 1e591e5d 1e5a1e5d
2265140 1e581e5a 1e581e59 1e581e5f 1e531e56
2265160 1e511e53 1e591e55 1e621e58 1e551e62
2265200 1e511e5e 1e4e1e52 1e561e56 1e511e5a
2265220 1e471e4d 1e4c1e4c 1e4b1e4d 1e4d1e4a
2265240 1e4c1e4c 1e4b1e48 1e511e4e 1e531e54
2265260 1e531e52 1e4a1e51 1e461e49 1e461e4c
2265300 1e451e48 1e401e42 1e421e46 1e4a1e4a
2265320 1e4b1e49 1e4f1e4a 1e501e4a 1e561e58
2265340 1e481e4c 1e431e46 1e441e48 1e451e43
2265360 1e4e1e49 1e501e4c 1e4b1e4b 1e4c1e4c
2265400 1e4d1e4f 1e541e4f 1e4e1e52 1e541e4d
2265420 1e591e55 1e4a1e4c 1e4a1e51 1e4d1e4d
2265440 1e4c1e4f 1e551e4f 1e5b1e55 1e591e5a
2265460 1e531e59 1e551e53 1e581e53 1e511e58
2265500 1e511e55 1e4c1e54 1e561e57 1e521e56
2265520 1e4f1e51 1e4f1e52 1e591e53 1e5c1e5e
2265540 1e611e63 1e5f1e57 1e5d1e5e 1e5a1e59
2265560 1e5b1e5c 1e601e5f 1e5c1e5c 1e5c1e62
2265600 1e5f1e64 1e6a1e5d 1e691e66 1e681e62
2265620 1e621e64 1e611e61 1e691e64 1e6b1e6a
2265640 1e711e6a 1e661e60 1e691e69 1e6a1e76
2265660 1e731e6f 1e701e72 1e751e72 1e761e6f
2265700 1e7a1e79 1e7d1e80 1e7a1e7d 1e791e79
2265720 1e781e80 1e851e7d 1e851e83 1e801e7f
2265740 1e821e79 1e7f1e86 1e801e82 1e841e7f
2265760 1e7f1e80 1e831e7f 1e891e87 1e831e86
2266000 1e7f1e83 1e771e7d 1e861e86 1e8d1e85
2266020 1e921e8f 1e931e96 1e961e92 1e931e93
2266040 1e911e9b 1e941e99 1e9c1e9b 1e971e97
2266060 1e9d1e9a 1e9d1e9d 1ea91ea1 1ea21ea6
2266100 1eae1ea2 1ea91ea8 1ead1ead 1ead1eac
2266120 1eb21eaf 1ead1eae 1eba1eb1 1eb41eb3
2266140 1eac1eb4 1eb21eb1 1ea81ea8 1eac1eb0
2266160 1eb11eb6 1eb31eb7 1eb81eb2 1eb51eba
2266200 1eb61eb5 1eb91eb7 1ebb1eba 1ec41ec1
2266220 1ebe1ec6 1ec71ec1 1ec31ec5 1ec21eca
2266240 1ec51eca 1ecd1eca 1ed11ecc 1ec91ece
2266260 1ece1ecd 1ed21ecf 1ec91eca 1ed31eca
2266300 1ed41ed5 1ece1ed4 1ecd1ed3 1ed21ed0
2266320 1ed81ed5 1ee51edc 1ede1ee4 1ee21ede
2266340 1ee71ede 1ee01ede 1edf1ee1 1ee01edf
2266360 1eea1eeb 1ee81ee4 1ee21ee8 1ee51ee7
2266400 1eea1eea 1ef01ef1 1ef71eec 1ef81ef8
2266420 1ef81ef4 1ef21ef2 1eef1ef3 1ef61ef3
2266440 1efc1efa 1ef61ef8 1efa1f00 1efa1efe
2266460 1eff1efb 1ef81efd 1f021efe 1f021eff
2266500 1f041f06 1f051f08 1f051efc 1efb1f05
2266520 1f031eff 1f061f09 1f091f03 1f0a1f02
2266540 1f051f0c 1f051f07 1f091f12 1f061f04
2266560 1f0b1f05 1f091f14 1f0f1f0f 1f0f1f0a
2266600 1f0d1f0d 1f0a1f0e 1f0f1f0c 1f0f1f08
2266620 1f1a1f13 1f171f18 1f181f18 1f0d1f0d
2266640 1f161f11 1f061f11 1f0e1f08 1f181f0e
2266660 1f131f11 1f121f18 1f1b1f16 1f1b1f17
2266700 1f1d1f20 1f111f17 1f1c1f1d 1f161f20
2266720 1f1a1f14 1f1a1f18 1f141f14 1f1a1f1a
2266740 1f151f11 1f1d1f1c 1f201f19 1f1b1f22
2266760 1f1d1f20 1f1d1f23 1f1b1f19 1f2a1f22
2267000 1f231f26 1f231f19 1f241f28 1f251f2a
2267020 1f281f2f 1f241f2a 1f281f23 1f241f2a
2267040 1f1c1f20 1f211f1f 1f291f27 1f261f23
2267060 1f241f29 1f221f21 1f181f20 1f1d1f1d
2267100 1f1b1f21 1f261f20 1f271f26 1f2b1f30
2267120 1f261f24 1f201f28 1f251f25 1f251f25
2267140 1f231f1e 1f201f21 1f221f20 1f231f28
2267160 1f1b1f1e 1f201f1b 1f1e1f21 1f1b1f13
2267200 1f1a1f20 1f1b1f1c 1f1b1f1b 1f1b1f1d
2267220 1f1f1f19 1f201f1d 1f221f23 1f201f1c
2267240 1f211f1e 1f1c1f1a 1f281f1d 1f201f1e
2267260 1f221f27 1f1e1f2c 1f1d1f1e 1f191f19
2267300 1f1e1f20 1f1b1f17 1f171f1b 1f201f17
2267320 1f201f1d 1f1b1f1c 1f1c1f1a 1f1e1f19
2267340 1f191f1e 1f1d1f18 1f211f20 1f1e1f1f
2267360 1f1c1f20 1f131f15 1f181f17 1f1b1f15
2267400 1f1a1f16 1f131f1e 1f121f15 1f151f13
2267420 1f101f10 1f0c1f09 1f161f18 1f141f19
2267440 1f151f17 1f141f18 1f181f19 1f111f0f
2267460 1f111f12 1f101f10 1f101f17 1f121f0b
2267500 1f0a1f0d 1f0b1f0d 1f0c1f09 1f091f0c
2267520 1f121f07 1f111f0d 1f0c1f07 1f141f0f
2267540 1f1a1f0a 1f131f12 1f061f07 1f051f0a
2267560 1f101f0b 1f0c1f0d 1f0f1f11 1f0d1f12
2267600 1f0b1f0e 1f0f1f13 1f0e1f0f 1f0b1f0d
2267620 1f0d1f0a 1f0c1f08 1f101f0a 1f0e1f0a
2267640 1f0f1f0c 1f0f1f16 1f141f15 1f101f10
2267660 1f051f0e 1f0b1f0e 1f121f0f 1f0f1f14
2267700 1f0d1f17 1f091f09 1f081f09 1f011f03
2267720 1f011f06 1f061f07 1f071f08 1f0b1f07
2267740 1f0b1f04 1f081f05 1f061f06 1f101f05
2267760 1f101f0a 1f111f15 1f141f10 1f111f19
2270000 1f141f10 1f151f19 1f131f19 1f121f14
2270020 1f171f12 1f141f13 1f151f10 1f1b1f17
2270040 1f141f1a 1f1b1f1b 1f1c1f1d 1f1a1f1c
2270060 1f121f15 1f1b1f19 1f231f1f 1f181f1d
2270100 1f191f17 1f0f1f16 1f141f14 1f221f1c
2270120 1f1d1f1f 1f1b1f1a 1f221f1d 1f1f1f27
2270140 1f231f22 1f231f20 1f281f28 1f281f28
2270160 1f1f1f24 1f201f21 1f241f1e 1f2f1f23
2270200 1f2e1f2c 1f2d1f2a 1f2e1f2f 1f2b1f27
2270220 1f341f32 1f341f38 1f381f32 1f371f32
2270240 1f3b1f2e 1f3e1f3a 1f391f3c 1f3d1f37
2270260 1f411f42 1f3b1f3f 1f441f40 1f411f46
2270300 1f471f49 1f411f44 1f411f3a 1f461f3f
2270320 1f461f41 1f491f48 1f4e1f4a 1f471f48
2270340 1f4c1f4b 1f511f4f 1f511f57 1f541f50
2270360 1f4c1f4a 1f531f4e 1f571f53 1f521f52
2270400 1f5b1f5b 1f561f54 1f5f1f57 1f541f58
2270420 1f621f5d 1f5f1f60 1f5d1f63 1f611f5c
2270440 1f621f64 1f651f64 1f721f70 1f661f68
2270460 1f6a1f6d 1f6c1f6a 1f711f72 1f751f6f
2270500 1f741f6d 1f701f6f 1f731f71 1f7e1f78
2270520 1f761f7b 1f741f75 1f751f79 1f7b1f7d
2270540 1f831f7e 1f7c1f80 1f851f82 1f7a1f7e
2270560 1f7f1f80 1f881f82 1f7c1f81 1f811f7e
2270600 1f801f83 1f881f86 1f841f85 1f881f8a
2270620 1f881f85 1f891f89 1f8a1f8c 1f8c1f8b
2270640 1f8e1f93 1f8c1f8b 1f911f8f 1f931f92
2270660 1f931f9a 1f9a1f95 1f971f94 1f981f99
2270700 1f951f98 1f961f93 1f991f98 1f9c1f9e
2270720 1fa11f9f 1f951f95 1fa31f9c 1fa91fa6
2270740 1fa71fa5 1fa91fa7 1fa11fa2 1f9e1fa0
2270760 1fa11f9f 1f9d1fa3 1fa31fa7 1fa21fac
2271000 1fa81fa9 1fa91fad 1fa81fab 1fa71fa9
2271020 1fa71fa8 1fab1fa6 1fb41fb1 1fad1fb9
2271040 1fbd1fb9 1fb91fb6 1fb21fb5 1fae1fb2
2271060 1fb41fb0 1fa71fae 1fb01faf 1fae1fb0
2271100 1fb41fb3 1fad1fb2 1fb11fb1 1fb51fb3
2271120 1fba1fb8 1fbb1fc2 1fbc1fbc 1fbd1fbd
2271140 1fb51fbb 1fbb1fb9 1fb61fba 1fbd1fb8
2271160 1fbb1fbd 1fbb1fbb 1fc21fc1 1fc31fc0
2271200 1fc21fc0 1fc01fbc 1fbf1fc9 1fc71fc2
2271220 1fc81fcc 1fc01fb7 1fc11fc1 1fc71fcd
2271240 1fc91fcb 1fcc1fc6 1fcc1fc8 1fc91fc7
2271260 1fc31fcd 1fc41fc6 1fc61fc2 1fcd1fbf
2271300 1fca1fc4 1fc61fc2 1fc71fc4 1fc61fc9
2271320 1fc91fc6 1fcb1fc7 1fc31fc3 1fc11fc6
2271340 1fbf1fc3 1fc81fc1 1fc31fc9 1fc01fca
2271360 1fc41fc1 1fc21fc2 1fc71fc0 1fcc1fc7
2271400 1fce1fcb 1fcb1fcd 1fc11fc9 1fcd1fce
2271420 1fda1fc9 1fc71fd7 1fca1fc9 1fcd1fd3
2271440 1fc31fcb 1fc31fc2 1fce1fc2 1fd11fd4
2271460 1fc31fc7 1fc61fc5 1fc21fc1 1fc41fc2
2271500 1fbc1fbf 1fc41fbf 1fc41fc9 1fc41fc0
2271520 1fbe1fc2 1fbb1fbb 1fc61fc5 1fc61fc4
2271540 1fbc1fc9 1fbe1fbb 1fc01fc4 1fbd1fc4
2271560 1fc31fbf 1fc51fc2 1fc11fc1 1fba1fc2
2271600 1fc11fbb 1fc01fbb 1fbf1fb9 1fbb1fc2
2271620 1fbc1fc0 1fcb1fc8 1fc41fca 1fbf1fc3
2271640 1fc51fc8 1fbf1fc4 1fbb1fc3 1fb51fb7
2271660 1fc21fb4 1fc01fc2 1fba1fbb 1fba1fb9
2271700 1fba1fb5 1fb91fba 1fbc1fb3 1fb81fbd
2271720 1fb51fb8 1fb31fb5 1fbe1fb7 1fb71fbc
2271740 1fba1fba 1fb61fb3 1fb91fb5 1fb81fb7
2271760 1fba1fba 1fb31fb5 1fbb1fbb 1fb21fba
2272000 1fb41fb5 1fb61fb5 1fb71fb9 1fb31fb9
2272020 1fb81fb6 1fb51fb0 1fb11fac 1fad1fb2
2272040 1fa91fa7 1fad1fa9 1fb71fb1 1fb51fb3
2272060 1fb31fb2 1fb21fae 1fb31fb5 1fb31fb5
2272100 1fb21fb3 1fb41fb2 1fbb1fba 1fb61fb8
2272120 1fb61fb6 1fb31fb1 1fb51fb8 1fb21fb5
2272140 1fb21faf 1fb11fb8 1fbc1fb2 1fb11fb8
2272160 1fb01faf 1fb71fad 1fb11fbb 1fbb1fb2
2272200 1fbc1fb6 1fc31fbe 1fbc1fc3 1fbe1fc0
2272220 1fbc1fbf 1fc41fbf 1fb61fb7 1fbb1fbb
2272240 1fb81fbb 1fb41fb6 1fb81fb8 1fbc1fbe
2272260 1fbb1fb6 1fbd1fb6 1fbc1fb9 1fb71fb8
2272300 1fb41fb5 1fb51fb6 1fbe1fba 1fb41fbb
2272320 1fbd1fc1 1fb91fbe 1fc11fc0 1fc01fc0
2272340 1fc41fc6 1fc01fc3 1fc11fc0 1fc31fc4
2272360 1fc81fc6 1fc21fc6 1fd11fcd 1fca1fc9
2272400 1fc41fc9 1fc71fc5 1fcc1fcc 1fca1fd0
2272420 1fce1fce 1fc51fce 1fc51fc2 1fd01fce
2272440 1fd61fd0 1fd61fd0 1fd51fd2 1fd61fcf
2272460 1fd01fd9 1fd91fd5 1fd61fd9 1fce1fd3
2272500 1fd31fce 1fd01fd2 1fce1fd2 1fd71fd3
2272520 1fd81fd0 1fda1fdb 1fdb1fd3 1fdd1fdd
2272540 1fe21fe2 1fdd1fe6 1fda1fe1 1fdb1fde
2272560 1fdb1fde 1fdd1fdb 1fe11fda 1fe31fdd
2272600 1fe31fdd 1feb1feb 1ff21fec 1fec1fee
2272620 1fea1fe9 1ff21fed 1fe91fee 1feb1fec
2272640 1fee1fee 1ff21feb 1fe31fec 1ff71ff0
2272660 1fef1ff3 1fea1ff4 1fe51fec 1fed1fea
2272700 1ff61ff7 1ff71ff8 1ffb1fff 1ff31ff8
2272720 1ff61ffe 1ff71ffb 1fff1ffd 1fff1ffe
2272740 20032007 20022000 20042002 1ffd2002
2272760 20062008 20072005 20022007 1ffb2004
2273000 20021ffb 20061ffb 20072003 20072008
2273020 20072003 2004200d 2009200b 200e2010
2273040 2009200a 2011200b 200f2008 20062015
2273060 200e200c 200e200c 2013200e 200e2010
2273100 201a2013 200e2018 20182019 20142010
2273120 20192013 201a2017 201c2011 201d201b
2273140 201e201a 2020201e 20222028 20232020
2273160 202a2025 20262026 201f2021 201d2024
2273200 2022201f 2019201e 201e201d 20282024
2273220 20262024 201f2022 20242021 20232023
2273240 202d202a 20252025 202b2020 202c202d
2273260 202d202c 2027202d 2022202a 202b2025
2273300 202b202e 202b202e 202d2027 20352035
2273320 202a2032 20302033 20372031 202f2034
2273340 202f2030 2031202c 20342030 20332035
2273360 202f2031 20362033 2031202e 202a2035
2273400 2033202f 202f202f 20312031 20402037
2273420 20402048 2042203f 20422046 2044203f
2273440 2041203e 20392042 20422040 20402042
2273460 20392041 203f203c 203d203d 20392043
2273500 2044203f 2045203f 20452046 20482045
2273520 20432048 203f2041 2041203c 20442046
2273540 2043204f 2044204d 20402048 20402044
2273560 2045203f 20472049 20492049 204e2047
2273600 2053204e 204d204e 20432046 20402046
2273620 2045204a 2051204e 2048204d 2045204f
2273640 2051204f 204e2051 2050204c 2052204d
2273660 2051204d 2047204f 204c2052 20422044
2273700 203e203e 204b2046 2047204a 2054204f
2273720 20482045 204b2050 2048204a 20482047
2273740 2047204b 2050204e 20522053 20572051
2273760 204a2050 2048204d 204f204a 20522051
2274000 204a2048 20462047 20422046 204b2047
2274020 204a2042 2050204e 204b204c 20482046
2274040 204b2045 20472048 204d204f 204e204c
2274060 20542051 20502054 204f2053 20472048
2274100 204b204d 204c204d 20402045 2047203f
2274120 20412048 20482044 20492047 20452044
2274140 2046203f 20442046 203f2051 20472047
2274160 2050204c 20492049 20432044 20402041
2274200 203b203e 2041203c 20402041 20432041
2274220 203f2042 2040203d 20482041 204a2046
2274240 20482049 203e2045 20452047 20442041
2274260 20472045 2042203d 20422043 20422043
2274300 20422043 2040203f 2042203d 20482044
2274320 204b2041 20402040 20462044 2044204a
2274340 2047204c 2049203b 204c2044 20442043
2274360 20412044 203e2042 204c203f 2049204b
2274400 204b204c 204f2053 20532051 204a2049
2274420 2040203f 20422044 20462043 20482049
2274440 20482048 20432047 20462041 20432045
2274460 2049204d 204c204c 204f204c 2049204c
2274500 20492045 204b2049 2046204c 204b204a
2274520 20532051 2048204a 204f204c 204b204d
2274540 204f2046 204f204f 2052204b 204a204f
2274560 2048204c 204d204c 204a204b 2050204b
2274600 204c204e 2044204f 204f204c 20502048
2274620 20562058 2061205e 20612061 20572060
2274640 20582053 2054205d 20542053 20562054
2274660 2058205c 2060205c 205a205f 205c205e
2274700 20552059 20542058 205f2059 20522055
2274720 205c2059 20622062 205f205c 205f2058
2274740 20602060 20612062 206f2060 206c2065
2274760 2065206c 20692069 20682068 20632068
2275000 205f205f 206a2063 2068206c 2068206c
2275020 206d2061 206c206e 2073206a 206e2070
2275040 2068206a 2067206a 206c206d 206d206b
2275060 2072206e 206b2073 2075207a 20732072
2275100 20792076 207a2077 20792077 20762075
2275120 20752079 207a2078 207e207c 2080207d
2275140 20842081 2082207f 207f2080 20762076
2275160 20772076 20742077 20762075 207f2074
2275200 207d207d 207f207d 20802081 20842085
2275220 207f2080 20832083 20862082 20882086
2275240 208b208a 208c208c 208a2089 208f208d
2275260 20912093 20932091 208d208e 20882089
2275300 20842083 20852087 208c2088 2089208c
2275320 2095208a 20872092 20882090 208f208b
2275340 2094208c 208e2099 208b2099 20952091
2275360 2090208f 208a208d 20962094 20902093
2275400 20932098 208f208b 2094208c 2096209b
2275420 20962098 20922094 20962094 20962097
2275440 20882092 20922095 209920a1 209c2098
2275460 209a209b 2095209d 209c209b 20982096
2275500 20992094 20992096 20a4209e 20a020a0
2275520 209f209d 209c2099 209c209d 209b2099
2275540 209a2096 2098209e 2097209f 20a720a4
2275560 20a320a9 20ae20a4 20a5209b 209e209d
2275600 20a2209a 2093209d 209520a0 20a2209d
2275620 209b20a2 209e2098 209d20a1 20a120a4
2275640 20ad20aa 20ad20b0 20a820ad 20ae20ae
2275660 20b120ad 20ab20b5 20ab20a9 20a020aa
2275700 209f209e 20a720a6 20a820ac 20ad20a8
2275720 20a420aa 20b520af 20b020b0 20b220a8
2275740 20a420a4 20ac20ab 20a520ab 20af20ab
2275760 20a620ac 20aa20a4 20b020a6 20a520ab
2276000 20a320a5 20a4209c 20a620a5 20ab20a5
2276020 20aa20aa 20ae20aa 20a720a6 20ac20a8
2276040 20af20ae 20b820b4 20b520b5 20b220ab
2276060 20b520b2 20ac20ab 20ae20ad 20ac20b5
2276100 20ac20ae 20a920a9 20a920ab 20b420b6
2276120 20b020b3 20b920b0 20b320b3 20b320b3
2276140 20a920af 20b720b0 20b320b2 20af20b8
2276160 20b320ba 20b620b9 20b920b7 20b520b8
2276200 20b820b2 20ad20b5 20ad20b3 20ab20ae
2276220 20b620b7 20be20b7 20b220b8 20b220b0
2276240 20aa20b6 20b720b4 20bc20b4 20af20b6
2276260 20aa20ab 20a620ab 20a820a9 20ac20af
2276300 20b520b3 20b620b5 20b020b7 20b220b7
2276320 20b420b5 20b420b6 20b420b3 20ab20b9
2276340 20a920b4 20ae20af 20b320ae 20a620a9
2276360 20a820ad 20ad20b0 20b320b3 20b720b2
2276400 20b420b3 20ac20b0 20b120b4 20b920b7
2276420 20b420b6 20b520b5 20b320ab 20b120b4
2276440 20b520bd 20bd20b7 20bc20b6 20bf20ba
2276460 20b420be 20b020b4 20ae20b1 20ae20b1
2276500 20b120b2 20af20ae 20b420b1 20b420b0
2276520 20b220b3 20b320b6 20b720b7 20b820b2
2276540 20b820b7 20af20b6 20b520aa 20b820b9
2276560 20b420b7 20b220ab 20ba20b5 20b820bb
2276600 20ba20b5 20b820bd 20bc20b8 20b420b4
2276620 20b020b7 20b320b5 20be20b6 20b520b5
2276640 20ae20ad 20b520b2 20b720b9 20c220bc
2276660 20bf20c0 20be20c2 20bc20ba 20b620b8
2276700 20b820ac 20bc20b9 20bf20c0 20bc20c4
2276720 20c720bf 20c220c6 20c520c2 20bc20bf
2276740 20be20bf 20bd20be 20c120bd 20c120c3
2276760 20bd20c3 20c820c7 20c320c7 20c520c6
2277000 20d020cb 20c620ca 20cb20ce 20d120ca
2277020 20d220d3 20ce20cf 20d120ce 20cc20cf
2277040 20d020d6 20cc20cd 20ce20ce 20cc20cb
2277060 20d320d6 20d220d6 20d520d0 20ce20cc
2277100 20d220d0 20cb20cd 20cc20c9 20cb20cc
2277120 20cb20cc 20cb20d0 20ce20d6 20d620d2
2277140 20d320d9 20d920cf 20d920d4 20d820d7
2277160 20d920da 20da20d7 20dd20dc 20dc20de
2277200 20e220e0 20de20e1 20d920e2 20de20e3
2277220 20e120de 20e020e1 20df20e3 20dd20dd
2277240 20ea20dd 20e420ec 20e220e1 20eb20e7
2277260 20ef20ee 20ee20ea 20eb20e9 20e620e7
2277300 20ed20ea 20e620e8 20ec20e6 20ea20f0
2277320 20e420eb 20e920e8 20f120ea 20e620e8
2277340 20e420e9 20e420e5 20e020e5 20ed20e6
2277360 20ed20ee 20ec20ec 20ea20ee 20ee20ef
2277400 20f320ec 20f020ea 20ec20ed 20f520f1
2277420 20f220f8 20f320f0 20f420f1 20fc20f9
2277440 20eb20f2 20eb20ee 20ed20f0 20f220ec
2277460 20f320f7 20ef20f1 20f820f8 20f620f5
2277500 20f620f4 20f120f8 20fb20f5 20f220f2
2277520 20f920ee 20f020e9 20ee20ec 20ee20f1
2277540 20f220ef 20f220f0 20fa20f7 20fc20fb
2277560 20f720f8 20fd20f6 20fd20f9 20f620f9
2277600 20e920ef 20f020ec 20f420f8 20ee20f5
2277620 20f020f7 20fa20fa 20f720f4 20fd20f6
2277640 21022103 21072103 20f62102 20f020f8
2277660 20fc20f6 20f520f7 20f920f5 20ef20f1
2277700 20f320f0 20fe20f5 20fb20fa 20f620fa
2277720 20f620f8 20fb20fd 210020fa 210020fa
2277740 210020fe 21042108 21012108 21002100
2277760 20fd20f9 210020fa 210820fd 21092105
2300000 00003fe8 0001000a 01003fe8 000afe49
2300020 00000004 00000000 63e50c71 000000c5
2300040 00000001 00001004 00003fe8 00000000
2300060 00001004 0001000a 00010000 03b16035
2300100 00000ffc 0001000a 1400003c add01f00
2300120 add01f01 add01f02 add01f03 add01f04
2300140 add01f05 add01f06 add01f07 add01f08
2300160 add01f09 add01f0a add01f0b add01f0c
2300200 add01f0d add01f0e add01f0f add01f10
2300220 add01f11 add01f12 add01f13 add01f14
2300240 add01f15 add01f16 add01f17 add01f18
2300260 add01f19 add01f1a add01f1b add01f1c
2300300 add01f1d add01f1e ff000134 00000020
2300320 00000002 bd6ac70d 00000001 deadbeef
2300340 f0000002 bd6ac6f9 3c00b204 00000000
2300360 00000134 00001f48 a01004b2 21ec20fb
2300400 21ed21f2 21f921f5 21fb21f8 21fa21fa
2300420 21fa21f2 21ee21f1 21eb21f9 21eb21eb
2300440 21f121ef 21ee21f0 21f221ee 21f221f1
2300460 21eb21e9 21f521ef 21f621f0 21f421f7
2300500 21f821f3 21f321f0 21eb21ed 21ec21e9
2300520 21ee21e9 21f221e9 21f021ed 21f521f1
2300540 21f521f3 21f021f5 21ee21f1 21ea21ee
2300560 21e621e6 21e921e8 21f521f2 21ef21fa
2300600 21ef21eb 21ef21eb 21f121f1 21f321ee
2300620 21ec21ee 21de21ed 21ec21e3 21ee21ef
2300640 21e921ea 21e721eb 21dc21dd 21e221df
2300660 21dd21e0 21e621e1 21e021e2 21e121d2
2300700 21e521df 21e121e0 21de21e1 21e121e7
2300720 21e721e1 21ec21e6 21f221e9 21ec21ed
2300740 21ea21ec 21e821e5 21e821db 21e721e6
2300760 21e621e9 21e921eb 21ea21e2 21e821ef
2301000 21e321e3 21df21e3 21e521e5 21e421e1
2301020 21e421e7 21e021e5 21da21e6 21de21df
2301040 21dd21de 21c621ce 21ae21b1 219721a0
2301060 218b218d 218f2183 2188218d 2184218a
2301100 2185218c 218f2190 2186218b 218e218c
2301120 2187218b 21882189 21832188 2183218b
2301140 218f2187 21832185 21832180 21852188
2301160 2193218a 2198218f 2193218c 2193218e
2301200 218b2189 218d2190 21912183 21902193
2301220 21942196 219a219d 218d2192 21952195
2301240 21972194 21912195 2196219b 218e2193
2301260 21932194 218c2190 21952193 21982198
2301300 2199219d 219c2199 21a5219f 219d21a3
2301320 219f21a2 21a821ab 219f21a2 219f21a3
2301340 21a2219f 21ac21ac 21a621a4 21a821a5
2301360 21a721a7 21a621a9 21b121a6 21b121b0
2301400 21ac21ac 21a621a5 21b121a5 21a921b1
2301420 21b221ab 21af21ae 21a621ac 21a621ab
2301440 21af21ad 21b521b0 21ae21b4 21b021af
2301460 21a521b1 21b121ae 21b021ad 21ac21ad
2301500 21b321b0 21ae21ae 21a921b2 21ae21ae
2301520 21b521b1 21b421b7 21b121b0 21b421bd
2301540 21bd21bb 21b721bb 21b621ba 21b021b5
2301560 21b521ae 21be21b9 21be21be 21bc21b9
2301600 21bb21be 21bf21c0 21c021bf 21c521c2
2301620 21be21be 21b821bc 21bd21bd 21bf21c1
2301640 21c621bd 21c221c0 21cd21c4 21bc21c8
2301660 21c121c6 21ba21bb 21bc21bd 21c321be
2301700 21bf21bc 21be21c3 21b921bc 21bf21bc
2301720 21bd21bb 21bc21c3 21c121c3 21c421c2
2301740 21b621b8 21b221b9 21bc21b9 21bc21bb
2301760 21bb21bf 21bf21c3 21c421c5 21c721c7
2302000 21cc21c6 21c621c1 21c321c7 21bf21c0
2302020 21c921c7 21c921cf 21c521c5 21ba21c5
2302040 21b821c1 21c121c3 21bf21bf 21ba21bf
2302060 21c421be 21be21bf 21c421c6 21c821c9
2302100 21cb21d0 21cc21c9 21c521cd 21c521cb
2302120 21c421c1 21c621c8 21bb21be 21bd21c7
2302140 21c021bc 21c321b9 21b921b9 21b821be
2302160 21c721c6 21c121c7 21bf21c0 21c221be
2302200 21c021be 21c321be 21bb21c3 21b921bb
2302220 21c421bc 21c521c9 21c221bf 21bb21c1
2302240 21b921bd 21be21c0 21c121bb 21c221bd
2302260 21be21bc 21bd21bc 21bf21ba 21c321c4
2302300 21c221c4 21bc21c2 21c321c1 21cd21c0
2302320 21bf21c2 21c121ba 21bb21c2 21be21be
2302340 21bd21bb 21b721bd 21ba21bc 21bb21c1
2302360 21c421c7 21c621c5 21c021c0 21cb21ca
2302400 21bc21c0 21c221c3 21c321c5 21bf21b9
2302420 21c521c0 21b921c0 21b521ba 21bb21b6
2302440 21b321b9 21b621b3 21bc21ba 21bf21ba
2302460 21b821ba 21bd21bc 21b621bd 21b621b8
2302500 21b921b9 21be21c3 21bd21b8 21b921be
2302520 21b521b8 21b621b4 21b921bc 21bb21bf
2302540 21be21bf 21c221be 21b921be 21b621b3
2302560 21b121b3 21b621b5 21ac21b3 21b121ad
2302600 21b421b8 21b321ba 21b221b4 21b621bb
2302620 21b621b3 21b221ae 21a021ad 21a921a4
2302640 21a421a6 21a921a4 21ad21af 21b021a9
2302660 21af21ac 21b221b1 21b921b2 21b521b9
2302700 21b221b3 21b221b7 21b321b6 21b421ae
2302720 21a821aa 21a521a5 21a221a8 21a021aa
2302740 219f21a5 21a82199 219b219c 21a121a0
2302760 21a921a7 21a321a5 21a521a3 21ab21a5
2303000 21a421af 21a221a8 21a221a1 21ab21a6
2303020 21a521a4 21a021a1 219c21a5 219a2196
2303040 219e219c 2198219f 2197219c 219d21a1
2303060 219c219c 219b219d 219a219a 219a219e
2303100 219e21a2 21912191 219f219b 219c2198
2303120 21a021a1 219b219e 219f2198 219e219c
2303140 2199219d 2192219b 2191219b 218f218e
2303160 219d2191 219c21a1 2197219c 2198219b
2303200 21a0219d 219c2198 2193219a 2194219b
2303220 219a219c 21982195 2193218d 21982191
2303240 2196219d 21952195 21952196 2196218f
2303260 21902199 21972194 21a0219a 219b2197
2303300 21952196 21a5219d 219f21a2 219c219e
2303320 21a1219c 219b219a 21982197 219b219c
2303340 21a5219f 219e21a8 21a221a1 219521a4
2303360 21972196 219f219d 219b21a0 219c219b
2303400 21982199 2195219a 219e2197 219a219f
2303420 21a521a1 219c21a4 21a921a7 21a821a5
2303440 21a621ac 21a121a0 219f21a6 219e21a0
2303460 21a421a1 21a421a1 21a0219c 21a421a6
2303500 21a121a6 219e21a9 21a821a4 21a921aa
2303520 21a721a0 21a521a3 21a221a3 21a721a3
2303540 21a0219e 21a521a6 21a421af 21a121b1
2303560 21aa21a8 21a521a8 21ab21ad 21a821ae
2303600 21a721a6 21a321a0 21b0219f 21af21b8
2303620 21ac21b1 21ab21b3 21aa21ab 21b121a7
2303640 21b321b1 21af21b0 21a921ae 21ae21a9
2303660 21b521b1 21b021af 21b121b7 21b321b9
2303700 21b321b7 21b721af 21b921b8 21bd21bc
2303720 21b721ba 21bb21ba 21bd21b7 21ba21bd
2303740 21ba21b8 21b721bf 21b721ba 21bb21ba
2303760 21bb21bc 21b721c0 21b821bd 21b821ba
2304000 21bd21bb 21c621c4 21bc21c1 21c421c4
2304020 21ba21be 21ba21c0 21bb21c0 21b621bb
2304040 21ba21b6 21be21bb 21c621c3 21c421bd
2304060 21c721c3 21cd21d0 21c721c9 21cf21cc
2304100 21c321c7 21c621c6 21c321c2 21ca21cd
2304120 21cb21c9 21cb21ca 21c721cc 21c921cb
2304140 21cc21c9 21ca21c4 21c721c8 21d221cd
2304160 21d221d7 21ca21d3 21bf21c0 21cc21c8
2304200 21cb21ce 21ca21cb 21d021c8 21cc21cb
2304220 21cd21c7 21cf21cd 21cd21cb 21d221cd
2304240 21c621c5 21cb21c7 21d321cb 21cf21cf
2304260 21cb21cf 21d021c8 21d121cc 21d021d6
2304300 21d421d5 21d421d2 21cc21c8 21ca21cf
2304320 21c421c7 21d121c6 21c921cd 21df21ce
2304340 21cb21d5 21c921ce 21ce21ce 21d121d3
2304360 21d121cc 21c821cd 21c521c7 21d621d1
2304400 21d021d3 21d321cd 21c821cd 21ce21ca
2304420 21da21d4 21d621d8 21d821d6 21cf21cc
2304440 21d121d2 21d921d0 21dd21e0 21d321d7
2304460 21d521cd 21d021d0 21cd21d3 21d521d6
2304500 21d821db 21db21d6 21d721db 21d021dd
2304520 21d321d0 21d721d0 21d021d5 21d421d2
2304540 21d121d7 21d021ce 21d221cd 21d421d6
2304560 21d221d1 21c821da 21d321cb 21ca21c8
2304600 21d121d0 21c621cd 21d321d6 21d121d2
2304620 21db21d4 21d721d3 21d021cd 21d321d7
2304640 21cb21d3 21cb21ce 21d121d0 21cd21d3
2304660 21cf21d4 21d021d7 21d421d0 21cf21d1
2304700 21cf21d3 21d121d6 21d621cf 21d521d5
2304720 21d321d2 21ca21cd 21d321ce 21d321d1
2304740 21cf21d2 21d121c8 21c921c7 21ca21cb
2304760 21d421d0 21d621d5 21d021d2 21cf21d0
2305000 21c921d1 21cd21cd 21cf21cc 21ca21d1
2305020 21c921c5 21ce21c9 21cf21c8 21c221c6
2305040 21cd21bd 21c721c9 21ca21c8 21ce21c8
2305060 21cb21cb 21ce21cc 21c521c1 21c821c8
2305100 21c221cb 21c721bf 21bd21bc 21bd21bb
2305120 21b821c6 21c121c1 21c721c6 21c221c4
2305140 21c221bb 21c021bf 21c621c9 21c521c3
2305160 21b521c3 21b021b5 21b721b6 21b121af
2305200 21b921b3 21b721b7 21b821b9 21b421b2
2305220 21b321b7 21bb21b7 21b421ba 21b721bd
2305240 21b221b5 21b621b8 21b821b7 21b821b9
2305260 21af21b3 21b321b0 21af21b4 21b321b3
2305300 21be21b4 21ab21bb 21b421bb 21b521b2
2305320 21b821ac 21b521b4 21b521ba 21b021b1
2305340 21af21b4 21b021a9 21b421b2 21af21b4
2305360 21a921b2 21aa21a8 21a621a4 21a621a4
2305400 21a621aa 21aa21af 21ab21aa 21ad21ae
2305420 21a721a8 21ac21aa 21a921a7 21a421a8
2305440 21a621a4 21a821ac 21a621af 21af21ae
2305460 21a721b3 21a821a6 21af21a5 219f21aa
2305500 21a021aa 219e21a1 21a621a2 21a521a5
2305520 21a621ae 21a921a7 21ab21ab 21a0219f
2305540 219a21a2 2198219b 21a62196 21a221a3
2305560 21a6219d 21a721a2 21a821ab 21a421a6
2305600 21a421a3 21a2219d 219e21a0 21a22196
2305620 219e219d 219a219d 219e2196 219a21a1
2305640 21972193 21a1219f 219d219a 21aa21a0
2305660 21a321a6 21a3219e 21a2219c 21a6219f
2305700 21a6219e 21a321a8 21a021a4 21a5219e
2305720 2199219b 21a0219e 21992199 219d219a
2305740 219a219c 219d219a 21a2219d 21a2219f
2305760 21a421ac 21aa21a4 21a2219f 21a0219b
2306000 21aa21a6 21a521a9 21a121ad 219d21a2
2306020 21a6219b 219d21a5 21a321a3 21a821a9
2306040 21a721ab 21aa21a4 21a221a7 21a021a0
2306060 21a021a7 21a5219d 21ac21a5 21a421a5
2306100 21a421aa 21ae21b4 21a921a9 21b021a7
2306120 21a921aa 21a821a5 21a921af 21a421a8
2306140 21b121aa 21b121a6 21b121af 21b821b8
2306160 21b021b5 21af21b1 21ac21ad 21a621aa
2306200 21b521ad 21b021b0 21ad21ac 21ac21b4
2306220 21ad21a9 21b121b0 21b021b4 21b821b5
2306240 21b821bb 21ad21b1 21b521b2 21b921ac
2306260 21b021a8 21b821b7 21b021b5 21b421b7
2306300 21b521b3 21ba21b4 21b521bd 21ac21b3
2306320 21b321b6 21b721b2 21bd21b9 21c021be
2306340 21b821bd 21b921b8 21b221b0 21b321b0
2306360 21b721b3 21b621b8 21b021b2 21b221a7
2306400 21be21b2 21b421b8 21b721b5 21b321bc
2306420 21b421b2 21b821b2 21ba21b4 21b221b7
2306440 21bc21b4 21be21b8 21bc21bb 21c121c1
2306460 21be21ba 21b721ba 21b821b6 21b421bc
2306500 21c121bb 21bf21bd 21c321bd 21bc21c0
2306520 21c321bb 21c121bd 21bc21bb 21c521c5
2306540 21b821c1 21bf21c4 21b821c5 21b821b8
2306560 21bd21ba 21be21c0 21c621c3 21b921bd
2306600 21be21be 21be21bf 21c821c8 21c821c6
2306620 21c521cd 21c821c9 21c221c3 21c621c2
2306640 21c521c6 21c421c2 21c521c5 21c821d1
2306660 21d121ce 21d821d0 21cf21d0 21cc21cd
2306700 21cf21d4 21d021d0 21cf21cb 21d621d3
2306720 21c621ce 21cb21ca 21d021cd 21d121cf
2306740 21cc21d6 21d121d0 21d421d0 21cc21cd
2306760 21cc21cf 21cd21ca 21d221d0 21c721ce
2307000 21db21d3 21ca21d0 21cf21d2 21cc21cd
2307020 21cf21cb 21d021cf 21c721c3 21d021cc
2307040 21cb21d1 21d221d0 21d321d8 21d721db
2307060 21d321d9 21d921ce 21d621d6 21da21d6
2307100 21d321d8 21c921df 21db21da 21e421e8
2307120 21e121dc 21d721d9 21d021d8 21d521cd
2307140 21d521d3 21d421d5 21da21d1 21d521db
2307160 21d821d6 21db21d9 21d721da 21dc21dc
2307200 21db21e3 21d321d9 21d821dc 21da21d9
2307220 21e021d6 21d621d6 21d121d7 21db21da
2307240 21de21e7 21e221db 21e121da 21da21db
2307260 21dc21db 21d821dc 21d721ce 21d921dc
2307300 21d321da 21d721dc 21d221d9 21d721d3
2307320 21d421d6 21d521d3 21dd21d6 21db21d9
2307340 21d521d4 21d721da 21e021d7 21de21db
2307360 21e121dc 21d921df 21db21dd 21d221dc
2307400 21d121d5 21da21d7 21d521d1 21da21cd
2307420 21cb21cf 21d221d6 21d121d5 21d221d2
2307440 21c621ca 21c821ca 21cb21cc 21d921d0
2307460 21d321d6 21cf21d1 21c721d0 21c921cb
2307500 21d521cf 21da21d9 21d021d2 21d221d8
2307520 21ce21ce 21ce21d0 21d121cc 21c921cb
2307540 21d421d1 21cf21cf 21d321ce 21ce21d0
2307560 21d021d1 21cd21ce 21cb21d0 21c721d1
2307600 21cb21c5 21ca21c7 21cd21d0 21ce21d3
2307620 21d621d0 21d221d2 21d021ce 21cf21cd
2307640 21c721c9 21d321c9 21d321cc 21c921ce
2307660 21cd21cb 21cf21cd 21cb21c8 21cc21c9
2307700 21ca21c4 21c821cb 21ca21d1 21ca21d3
2307720 21d321d1 21cb21cf 21c921d4 21d021cc
2307740 21cb21c8 21cb21c9 21c121c5 21d121d1
2307760 21d321cd 21de21d3 21cc21cb 21cf21c9
2310000 21cc21d1 21cb21cb 21c821c7 21cb21c9
2310020 21ce21c9 21d121cf 21d221cf 21d121cf
2310040 21d621d0 21cc21cb 21c821c9 21c521c4
2310060 21cb21cd 21ca21c8 21bf21c5 21bd21bd
2310100 21c321bf 21c921c7 21c621ca 21cd21c9
2310120 21c721c5 21d521d0 21d021cf 21c521cc
2310140 21cb21c9 21bf21c9 21c421c0 21c021c6
2310160 21ca21c5 21cf21ca 21bf21cb 21c921c9
2310200 21c521c3 21d121c7 21ce21ca 21da21d5
2310220 21cf21d0 21d121cc 21bd21d2 21cd21cd
2310240 21cf21cb 21c921d2 21c721c4 21cc21c5
2310260 21ca21cb 21c021cc 21c921cb 21c221c4
2310300 21c821c2 21cd21cd 21cf21d0 21c721cd
2310320 21c721c7 21c121c5 21c821c8 21c221c5
2310340 21cf21ca 21cc21cc 21d521ce 21c921cb
2310360 21ca21cb 21cb21d1 21c921c8 21cd21c9
2310400 21c821c7 21c421c8 21c321cc 21c621cc
2310420 21d321c6 21cf21cf 21c721cc 21cd21c9
2310440 21cd21cd 21c021c9 21bf21be 21c821ca
2310460 21c621c9 21c221bd 21c521c6 21c921c8
2310500 21cd21cf 21c121c7 21c621be 21c421c3
2310520 21c621cd 21cb21c6 21ca21ce 21ce21c7
2310540 21c721cd 21c421c8 21c721c4 21c321cc
2310560 21c521c7 21c821c2 21c321c6 21c221c6
2310600 21c321c8 21c721c2 21d121c4 21c121c5
2310620 21c521bf 21c421c4 21c421c5 21c021c5
2310640 21bd21c2 21be21c6 21bc21bd 21bb21ba
2310660 21c021bb 21cd21bf 21c821c7 21ca21c8
2310700 21c121c0 21c421bd 21c221c0 21c321c4
2310720 21bf21c6 21c221bc 21bf21be 21b521b7
2310740 21c221c3 21bb21c3 21c121be 21c721c8
2310760 21c221ca 21c521c7 21c521cf 21c621c3
2311000 21be21bd 21c121bf 21c121be 21c421c8
2311020 21c621cd 21ce21c5 21c821cb 21c821c7
2311040 21ce21cf 21cf21c8 21c821c9 21c921ce
2311060 21c521ca 21c921ce 21c521c6 21cb21c5
2311100 21cf21ca 21c921c8 21c921c9 21c821c8
2311120 21c621c4 21ca21c7 21ca21cd 21cf21c7
2311140 21c921ca 21bf21c5 21c721c3 21c521ca
2311160 21c521cb 21c721c5 21ca21cb 21c721cd
2311200 21ce21d1 21d021d1 21ca21c8 21cd21ca
2311220 21ce21cb 21d121d1 21cc21d3 21d021ce
2311240 21d621d4 21d121cc 21d221cc 21ca21d5
2311260 21d121cd 21d221d0 21d121d3 21cd21ce
2311300 21cf21cf 21d221c9 21cd21d1 21d021cb
2311320 21ca21cf 21cf21d3 21ce21cc 21ce21c8
2311340 21ce21c8 21d021d8 21d121d7 21d321d2
2311360 21d521d3 21d821d4 21d421db 21d521d4
2311400 21d121d2 21d721d5 21d221d4 21d521d9
2311420 21db21de 21df21db 21d421d4 21d121d4
2311440 21d421d9 21db21df 21db21d5 21e221de
2311460 21dd21d9 21de21dd 21df21e0 21de21dc
2311500 21d621db 21dc21d6 21d721da 21db21db
2311520 21df21d8 21d621d7 21d321d4 21cd21ce
2311540 21d321cb 21cf21cd 21d221d1 21cd21d0
2311560 21d721d4 21d421d4 21cc21d0 21d421d0
2311600 21c821cb 21ce21d2 21ce21cf 21cc21d1
2311620 21d221d3 21d021cf 21d321d3 21d821d8
2311640 21d921d4 21dc21ce 21d321d4 21d721cf
2311660 21d121d2 21cd21ce 21d021ce 21ce21d3
2311700 21cf21d7 21d621d8 21d721d2 21d121d2
2311720 21cc21cb 21d421d5 21d721d9 21d721db
2311740 21d621d3 21dc21d4 21d321de 21d121cc
2311760 21d021d7 21d021d0 21d021d0 21cc21cb
2312000 21ce21ce 21c721c7 21ce21c9 21d821cf
2312020 21de21dd 21e121dd 21d521df 21d721cf
2312040 21ce21db 21d421d7 21d721d5 21d721cf
2312060 21d921d6 21d321d7 21d221d5 21da21d7
2312100 21d621d8 21d521d1 21d021d0 21d521d8
2312120 21e021d4 21db21da 21d821d4 21d621d1
2312140 21dc21d3 21dd21dd 21e121e3 21e721e1
2312160 21db21db 21e121dc 21d921d9 21de21db
2312200 21e021e1 21e321dc 21e321e5 21d421e0
2312220 21db21d9 21dd21d6 21e821e0 21e121e8
2312240 21e721ea 21dd21e4 21e021e0 21db21e8
2312260 21e221e3 21e521e4 21e521e6 21df21e2
2312300 21dd21e2 21df21de 21eb21ea 21e421e7
2312320 21eb21e4 21e021eb 21db21e3 21db21dc
2312340 21de21de 21e321e1 21d621db 21e321e2
2312360 21dd21df 21e921e5 21ea21e6 21e021e6
2312400 21e421e9 21eb21ed 21ea21e3 21e721e4
2312420 21e821e9 21f121f8 21ed21f1 21f121ef
2312440 21f321ee 21f421f5 21e721f3 21ea21f3
2312460 21ed21ed 21e821e6 21eb21e9 21f121ec
2312500 21f821f0 21f221f8 21ea21e9 21ec21ed
2312520 21ee21f1 21f221ec 21ee21f1 21fe21f3
2312540 21f321f4 21f621f1 21f521f8 21ee21ee
2312560 21f821f4 21ee21ee 21f621f2 21f121f7
2312600 21f021f2 21f821ee 21f321f5 21f021f4
2312620 21f921fb 21f321f4 21f221ee 21eb21ed
2312640 21f121ec 21f421f1 21f021f0 21f021ec
2312660 21f221e9 21fa21ef 21eb21f8 21f721e9
2312700 21ee21f5 21f021f3 21f121ea 21e821f2
2312720 21ed21ec 21ef21ec 21ef21f5 21ed21f5
2312740 21f321f8 21ed21ec 21f621eb 21f621f4
2312760 21f621f2 21ed21f8 21f621ee 21fc21ef
2313000 21ee21f4 21e821f2 21eb21f4 21e821ea
2313020 21e921e3 21e121e8 21e521e5 21eb21e9
2313040 21ed21e9 21e321e6 21e621e4 21e421e6
2313060 21eb21e6 21e421e6 21e921e6 21e421e7
2313100 21ea21e4 21dd21ed 21e621ec 21e821de
2313120 21ec21e6 21e821e2 21e121e6 21e721e4
2313140 21e421e1 21e221e2 21d521e8 21d821d8
2313160 21dc21d7 21db21da 21d621d9 21db21dc
2313200 21d721dc 21d721d9 21e321d8 21e321d9
2313220 21e121e1 21e221e6 21dd21d8 21db21da
2313240 21d821dd 21d621d6 21d621d9 21da21df
2313260 21da21d7 21db21df 21d821d8 21d921d6
2313300 21d821d6 21db21d8 21dc21e0 21de21de
2313320 21dc21dc 21db21d4 21dd21d5 21d521db
2313340 21da21dc 21df21e0 21d921d9 21d821d8
2313360 21de21da 21da21e0 21d821df 21d621d7
2313400 21d321df 21cc21cc 21d421db 21d821d1
2313420 21d821df 21d821d7 21e021dc 21db21dc
2313440 21d921d6 21d821d9 21d521d7 21d521d6
2313460 21d521cd 21dd21dc 21d821da 21d821d4
2313500 21d121d3 21d921d6 21db21db 21d421d7
2313520 21da21cf 21d121d1 21d821d8 21d521d5
2313540 21cf21d2 21d721cf 21d721d6 21d421d3
2313560 21d021d3 21d521d4 21cf21cf 21c321ca
2313600 21d021cf 21cc21cd 21d721d6 21dc21db
2313620 21e121dd 21d821da 21dc21dd 21de21df
2313640 21d921df 21cf21da 21d321d7 21d921d0
2313660 21d521d3 21d421cd 21c921d0 21d021d0
2313700 21d721d5 21cd21d1 21ce21ca 21d321ce
2313720 21d121d6 21d821d9 21d421d3 21d621d4
2313740 21c821ce 21cb21cc 21cd21cf 21dc21d2
2313760 21d121d1 21d121d0 21cd21d3 21d121d1
2314000 21c921cf 21cf21d0 21cd21ca 21c821d1
2314020 21ca21c9 21cf21d0 21d021cd 21cc21c9
2314040 21c821ca 21d721cf 21d021d1 21cc21d0
2314060 21cc21cd 21cf21c5 21cb21cd 21c821c9
2314100 21cd21c6 21d621ce 21dd21d5 21cd21da
2314120 21e021d0 21cf21d6 21d521d0 21d321d0
2314140 21cd21c9 21ca21c8 21d221cb 21c821ca
2314160 21cd21ce 21c721d0 21c621bf 21c821bf
2314200 21c921cd 21c221c8 21cb21c5 21cf21ca
2314220 21d721cd 21c921c9 21cd21cd 21d221cc
2314240 21d121cd 21d221d5 21c821d5 21c521d0
2314260 21c021c4 21d021c6 21d621d4 21d221d9
2314300 21d521d6 21d321d2 21d521d5 21da21d3
2314320 21d121cc 21d321ca 21d921df 21d221d6
2314340 21d821d3 21d921dc 21cf21dc 21d521de
2314360 21e121e3 21da21d1 21d921d5 21d321d8
2314400 21d821d5 21e121e1 21db21da 21d721df
2314420 21d621db 21da21de 21d621d8 21d521d4
2314440 21dc21d0 21dd21db 21de21e1 21da21dd
2314460 21e221db 21e021e0 21df21e0 21e521e0
2314500 21e721dc 21ed21eb 21e821eb 21e421e4
2314520 21e221e6 21eb21e5 21ee21e8 21f221ea
2314540 21eb21e9 21e021ec 21e521e5 21eb21e5
2314560 21f021e9 21eb21ed 21e921e9 21ed21e9
2314600 21ef21ef 21f021f3 21ea21f0 21e721f2
2314620 21f021f6 21f021f4 21eb21e2 21f121f7
2314640 21fc21ef 220021fc 22052205 21fb21fd
2314660 21f521fa 21fa21f5 21ec21f3 21f021e7
2314700 21f721f4 21f021f5 21f321f5 21f021f7
2314720 21fb21f7 21f921f9 21f521f9 21f121f7
2314740 21f121f5 21f921f7 21fa21f7 21ff21f9
2314760 21f821f8 21f321f6 21fa21f8 21f621f9
2315000 21fa21fb 21fe21fc 21f921fb 21f921ff
2315020 21fa21fa 21fe21fc 220021fe 21ff21fc
2315040 22022201 21f921fa 21fa21f9 21fe21fe
2315060 22062203 21fb21fa 21fe21fe 22032203
2315100 21fc21ff 220121fa 220121ff 21fa2201
2315120 21fd21f8 21fc21fa 21fc21fd 22022201
2315140 21ef21f5 21f621fe 21fe21f9 21f621fe
2315160 21fe21fd 21ff2201 21f421fb 21ff21fc
2315200 21fd21f7 21fc21f9 21f921f3 21fc21f5
2315220 21fb21f8 220221ff 220021fc 21fe21fd
2315240 21fb2201 22012207 22002202 220421fc
2315260 22022207 21fa21ff 21fc21fc 22012202
2315300 22042200 21f621fa 21f921fd 21f621f3
2315320 21f821f6 21fa21f8 21f321f9 21ef21f5
2315340 21fd2200 21fa21f7 21f521f6 21f021f2
2315360 21f921f2 21f521fe 21f621fa 21ee21f3
2315400 21f321f0 21f521fb 21f121f2 21ee21f5
2315420 21f221ef 21ed21f3 21f721fe 21f821f2
2315440 21fb21f6 21f721f4 21f021f2 21ed21f0
2315460 21ef21f5 21f521f4 21f921f6 21ef21f6
2315500 21ec21f3 21f421f5 21f121f6 21f421eb
2315520 21f221f6 21f821f5 21f221f7 21ec21ef
2315540 21fa21eb 220021fc 21f121f7 21f221f5
2315560 21f321eb 21f421ef 21ee21f2 21ee21f3
2315600 21f121eb 21ef21e7 21e421ed 21e021e4
2315620 21e721e4 21e021e4 21e421e3 21e121df
2315640 21dc21dd 21e621e0 21db21e1 21dd21e1
2315660 21e221e5 21e521e4 21e821e3 21e221e2
2315700 21dc21de 21dd21d7 21e321df 21e121e4
2315720 21dd21e4 21dd21dc 21e121e0 21e221e4
2315740 21d921e1 21e021de 21e021de 21e021d8
2315760 21dc21de 21df21e0 21de21dd 21df21d9
2316000 21e121db 21da21e0 21d521da 21d721d7
2316020 21db21d3 21dd21db 21d621dc 21d421d3
2316040 21d321d5 21d521d3 21d221cb 21db21dd
2316060 21d421d4 21d021dd 21d721cb 21d221c6
2316100 21d421d7 21d821d9 21d421dd 21d521d1
2316120 21d021d0 21d421cd 21d021d5 21cc21d4
2316140 21cf21d3 21d221c8 21c221c8 21ca21c4
2316160 21c821cc 21cf21ca 21c921c6 21cd21c9
2316200 21cb21d0 21cd21ca 21cd21c9 21c621c7
2316220 21bf21c5 21be21c2 21bc21c3 21bc21bd
2316240 21c321bc 21bf21c2 21c621c7 21c021bd
2316260 21c121b9 21c521be 21c121bf 21b921c1
2316300 21bc21bd 21bc21be 21c421c5 21c121c4
2316320 21c621be 21c521c8 21c321bf 21c521bf
2316340 21c721c6 21c821c4 21bb21c6 21be21bf
2316360 21c121bd 21c021c3 21c521c6 21c421c3
2316400 21c421be 21c121bf 21c221c1 21c121c1
2316420 21bc21bb 21c221b7 21c621c3 21c021bc
2316440 21b821ba 21c121c0 21c721bf 21c221bf
2316460 21c121c1 21bb21c2 21be21bf 21c021bb
2316500 21bd21c1 21b921bc 21c121be 21bb21be
2316520 21bb21c4 21c421be 21c021bd 21c621c5
2316540 21c221cb 21c421cb 21bf21b9 21be21c2
2316560 21b521be 21ca21bf 21c021c8 21cd21c6
2316600 21c321c5 21c321c5 21c521be 21c321bc
2316620 21c621c9 21c721c7 21c421c3 21c521c4
2316640 21ca21c7 21d021cc 21c821c5 21c821c9
2316660 21d121d2 21d121cf 21d121d2 21ce21c9
2316700 21d521d1 21cf21d4 21d421d6 21d221d3
2316720 21cf21cf 21d121cf 21d521d1 21d521d8
2316740 21cc21d2 21d221d4 21cc21d1 21ce21c8
2316760 21d221cc 21d921d6 21d821d5 21df21d7
2317000 21dd21e0 21df21d7 21da21dc 21db21da
2317020 21d621d3 21d521dc 21d021d2 21d621cf
2317040 21d421d7 21db21df 21e721e5 21e221e9
2317060 21e121e6 21de21da 21e521e7 21e721e3
2317100 21e321e2 21e321dd 21db21de 21e621e0
2317120 21e121e2 21e321e6 21e021de 21e421e3
2317140 21e121e4 21e221e4 21e221e4 21ea21e9
2317160 21e721e4 21f121e6 21ed21f0 21f021e8
2317200 21f321f3 21f821f8 21f321f4 21f121f8
2317220 21f121f7 21f521eb 21ee21f0 21f121f0
2317240 21ee21f4 21ee21ee 21f821f6 21ef21ec
2317260 21f621f1 21f021f5 21eb21f2 21f821e6
2317300 21ef21fa 21f521ee 21f321f7 21f621f3
2317320 21fe21f8 21f321f9 21f321f3 21f821f5
2317340 21f721fb 21f321f6 21ee21f5 21ef21f4
2317360 21f121f6 21f421eb 21fc21f4 21fa21f6
2317400 21f521ff 21f92200 220521fe 220321fd
2317420 22042205 21fe21fb 21f321fe 21f921fc
2317440 220121fe 21fb21fb 21fb21ff 22012203
2317460 220121fc 21f721f2 21f321f4 21f421f1
2317500 21f121f8 21f321f3 21f921ec 21f921fc
2317520 21f621f9 21fa21f5 21fe21fa 22042203
2317540 21f82206 21f221f5 21f921ff 21fb21f1
2317560 22022203 22042200 21fa21fb 21f621f6
2317600 21fa21f3 21f921f7 21f621fa 21ed21f5
2317620 21f621f6 21fd21fc 21fe21f5 21fd21f8
2317640 21f221fb 21f221f6 21f621f5 21f121f6
2317660 21f821f7 21ee21ee 21ed21f3 21f221ed
2317700 21f121f2 21f321f4 21ef21f4 21ee21f2
2317720 21fa21f6 220121f7 21fd21f6 21ef21f5
2317740 21f221f2 21f421f2 21eb21ef 21ef21ec
2317760 21f621ee 21f321f4 21ec21ed 21e921e5
2320000 21f521ef 21f421f4 21f321fa 21eb21f1
2320020 21ea21ef 21e821e6 21f321f2 21f721fc
2320040 21f321f6 21e321e7 21e321db 21e421e6
2320060 21e821e2 21f021eb 21f421f4 b01004b2
2320100 00001004 0001000a 00010000 03b16036
2320120 00000ffc 0001000a 1400003c add01f00
2320140 add01f01 add01f02 add01f03 add01f04
2320160 add01f05 add01f06 add01f07 add01f08
2320200 add01f09 add01f0a add01f0b add01f0c
2320220 add01f0d add01f0e add01f0f add01f10
2320240 add01f11 add01f12 add01f13 add01f14
2320260 add01f15 add01f16 add01f17 add01f18
2320300 add01f19 add01f1a add01f1b add01f1c
2320320 add01f1d add01f1e ff000134 00000020
2320340 00000002 bd8ecdd4 00000001 deadbeef
2320360 f0000002 bd8ecdc0 1505c8d9 00000000
2320400 00000134 00001f48 a01104b3 21f821e3
2320420 21fd21f9 21f82203 21fb21fc 21ff21fe
2320440 21fd21f5 220121fe 21f921fd 21fb21f0
2320460 220421f6 21f821fa 21fe21fc 21f921fc
2320500 220021f9 21fe2203 22012207 21ff2202
2320520 21f621fd 21f821fa 220121f9 21fc21f5
2320540 220121fc 21fc21fb 21f921fd 220221fd
2320560 21f921fc 21f821f1 21fe21fd 21f921f6
2320600 21fa21fa 21fa21f9 21fd21fa 22062201
2320620 22032202 22052206 22052201 21fa21f9
2320640 21f621fb 21f121ed 21f521f0 21fe21ff
2320660 21f321f4 21fa21fd 21fa21fc 21fe21f4
2320700 21fe21fb 21f821f9 21fd21fe 21fa21fc
2320720 21f621f4 21f621f3 21f821f8 21fc21f9
2320740 21f721f9 21f021f1 21ea21ef 21ea21f3
2320760 21f221f2 21e821eb 21ec21e6 21ec21ed
2321000 21e921ea 21ed21ee 21ec21ee 21f621ed
2321020 21f521f2 21ed21f4 21ed21ed 21f821f3
2321040 21fd21fd 21f421fa 21f421ee 21f421f5
2321060 21f521f6 21f821f3 219a21ef 209f2119
2321100 1ff92044 1fa61fc2 1f8d1f94 1f7a1f7d
2321120 1f721f77 1f731f72 1f731f6e 1f741f73
2321140 1f791f74 1f731f78 1f751f79 1f751f72
2321160 1f741f77 1f791f7b 1f741f76 1f751f77
2321200 1f7c1f7b 1f761f74 1f761f74 1f761f74
2321220 1f761f75 1f711f6b 1f781f6b 1f7a1f74
2321240 1f761f7b 1f751f7e 1f701f78 1f771f67
2321260 1f7c1f77 1f7a1f72 1f7a1f7d 1f7a1f79
2321300 1f821f76 1f7a1f7c 1f791f82 1f811f7f
2321320 1f741f76 1f751f75 1f761f73 1f801f80
2321340 1f7a1f79 1f741f76 1f7e1f72 1f851f7e
2321360 1f861f81 1f791f78 1f7b1f80 1f7a1f74
2321400 1f841f83 1f821f7b 1f801f83 1f871f88
2321420 1f8b1f87 1f8a1f8b 1f811f87 1f7d1f78
2321440 1f821f7d 1f851f81 1f851f83 1f8a1f87
2321460 1f841f8b 1f7f1f85 1f891f83 1f881f8a
2321500 1f871f89 1f871f81 1f8b1f8a 1f971f94
2321520 1f8e1f90 1f8f1f8e 1f8c1f8a 1f881f8d
2321540 1f881f8b 1f881f80 1f891f8d 1f911f93
2321560 1f941f92 1f941f90 1f841f8d 1f801f7f
2321600 1f8b1f8f 1f931f8a 1f991f96 1f8f1f93
2321620 1f861f89 1f8c1f8c 1f931f90 1f901f8c
2321640 1f941f93 1f951f92 1f8c1f99 1f961f95
2321660 1f991f90 1f8e1f97 1f901f8e 1f971f96
2321700 1f961f95 1f971f97 1f951f98 1f971f99
2321720 1f9e1f97 1fa11f9f 1f9c1f95 1f9f1f9c
2321740 1f961fa3 1f9d1f9c 1f9c1f9d 1fa01f99
2321760 1f9b1fa0 1f9e1fa3 1fa31fa3 1fa51fa3
2322000 1fb11fa7 1fa61fb0 1fa41fa9 1fab1faa
2322020 1fb21faa 1fb11fad 1fa41fa6 1f9f1f9f
2322040 1fa51fa2 1fa61fa5 1fa81fa3 1fa71fa8
2322060 1fa31faa 1fab1fa7 1faa1fb1 1fa41fad
2322100 1fa01f9b 1f991fa0 1fa41f9d 1fa91fa7
2322120 1fb21fa7 1fa81fac 1fa51fa2 1fa81fa4
2322140 1fa21faa 1fad1fa4 1fae1faa 1fb51fb0
2322160 1fb31fb5 1fb51fb5 1fad1faa 1fa81fab
2322200 1faa1faf 1fb01fac 1fab1fad 1faf1fa6
2322220 1fb71fb3 1fb21fbb 1fa81fb4 1fae1fad
2322240 1fac1fb0 1fb01fad 1faf1fb5 1fb91fb6
2322260 1fb31fb9 1faf1fb1 1fa81faf 1fa71fa5
2322300 1fa51fa8 1fac1fa6 1fb11fab 1fb51fad
2322320 1fbe1fbc 1fbf1fbc 1fc41fc2 1fb61fbf
2322340 1fb61fb0 1fc11fbd 1fb91fc0 1fbc1fb9
2322360 1fb51fb8 1fb91fbc 1fb61fbd 1fb41fb2
2322400 1fbb1fb7 1fbc1fb1 1fbd1fbc 1fc31fc4
2322420 1fb61fbf 1fb61fb7 1fba1fb7 1fb51fbb
2322440 1fbe1fc0 1fbf1fbf 1fba1fc0 1fbd1fb8
2322460 1fc01fc1 1fc21fc3 1fc11fbf 1fbf1fbb
2322500 1fc91fc4 1fca1fc6 1fc81fcf 1fce1fce
2322520 1fca1fc7 1fc11fbe 1fbd1fc3 1fc41fbd
2322540 1fc11fbd 1fbe1fc3 1fbd1fbf 1fc61fc4
2322560 1fce1fcd 1fd01fcf 1fc61fc6 1fcb1fc6
2322600 1fca1fc7 1fcf1fd6 1fcb1fd2 1fca1fc2
2322620 1fcd1fc8 1fd41fcc 1fc41fcd 1fc31fce
2322640 1fd11fcd 1fcf1fd1 1fcd1fd4 1fd81fd5
2322660 1fd41fd6 1fd31fd4 1fd51fd3 1fca1fce
2322700 1fcf1fce 1fc91fce 1fca1fd0 1fcf1fcf
2322720 1fd21fd2 1fd11fd1 1fd81fd3 1fd31fd9
2322740 1fd81fd6 1fd11fdb 1fdb1fdf 1fd81fd7
2322760 1fd71fd5 1fd21fd8 1fce1fd2 1fce1fcf
2323000 1fca1fd3 1fd71fcf 1fd31fcf 1fd41fd1
2323020 1fdc1fde 1fdf1fd8 1fda1fda 1fdc1fdc
2323040 1fdd1fda 1fd81fe1 1fda1fd9 1fda1fd3
2323060 1fcf1fd3 1fd21fce 1fca1fcd 1fcd1fd0
2323100 1fcc1fce 1fd01fcf 1fd41fcd 1fd51fd9
2323120 1fd71fd9 1fd51fd9 1fd31fd8 1fd61fd9
2323140 1fda1fd7 1fdb1fde 1fdd1fe0 1fe11fd9
2323160 1fdb1fd9 1fdb1fde 1fdc1fd2 1fd91fdb
2323200 1fda1fd5 1fd71fde 1fdc1fe1 1fdb1fe3
2323220 1fe01fe2 1fdc1fd9 1fdb1fd9 1fdc1fd9
2323240 1fd41fda 1fdd1fd7 1fdd1fd6 1fdd1fd7
2323260 1fec1fe4 1fe91fe6 1fe21fe0 1fda1fde
2323300 1fd51fd4 1fda1fd2 1fdb1fdf 1fdf1fde
2323320 1fe91fe0 1fd51fdc 1fd71fdc 1fd01fd2
2323340 1fdd1fde 1fe81fde 1fd81fe2 1fde1fe3
2323360 1fe01fe3 1fe11fdf 1fea1fe5 1fe51fdf
2323400 1fdb1fe7 1fe61ff1 1fed1fe8 1fee1fe8
2323420 1fe51fee 1fef1fed 1fec1ff4 1fef1ff0
2323440 1ff11fed 1ff41fef 1fde1fe8 1fe71fe9
2323460 1fe01fe2 1feb1fe2 1fea1fe7 1fef1fe9
2323500 1fee1fef 1feb1fec 1fef1fee 1fec1fe6
2323520 1feb1feb 1fe71fe8 1fef1fe6 1ff11fe9
2323540 1ff51ff3 1ff61fef 1ff21ff7 1ff11ff4
2323560 1ffa1fec 1ff01ff2 1ff91ff8 1ff41ff9
2323600 1ff81ff0 20021fff 1ffb1fff 1ff91ffa
2323620 1ffc1ffe 1ffd1ffa 1ffc1ffa 20011ffd
2323640 1ffc1ffe 1ffd2001 20032004 20052002
2323660 20042007 1ffe2002 20092004 20032003
2323700 20031fff 20052002 20042008 200a200c
2323720 200c2007 2011200b 200d2006 200a2012
2323740 2004200b 200b2005 20072009 200b200b
2323760 200e200c 2009200d 200c2009 200e200d
2324000 200e200d 200f200d 20122014 20132010
2324020 2013200d 20142011 200b2012 20122018
2324040 2009200f 201c200b 20122016 201b2018
2324060 201a201a 201f201c 20242026 201e2024
2324100 201d201e 201c2021 201f201b 201c201b
2324120 201c201b 2013201b 2020201c 20202022
2324140 2023201b 201b2022 2024201d 20292027
2324160 202a2022 202d202b 20292027 20292031
2324200 202a202d 20252024 20232023 20272019
2324220 20262029 202d202b 202d2028 2030202c
2324240 2029202d 2030202e 20302035 20322032
2324260 20332030 202f2030 20352033 2030203a
2324300 2024202b 202d2021 2024202d 2033202e
2324320 202d202e 202d2032 2036202e 20322033
2324340 20342034 20342035 20342034 20392035
2324360 20372038 20312036 202b2032 202f2030
2324400 20362027 203b2034 20302034 20332037
2324420 20302030 20352031 20302029 202d202c
2324440 202d2030 20332035 2037202e 20402041
2324460 2036203a 203c203e 20392037 20342034
2324500 202c202f 202b2030 202c202a 2030202d
2324520 20342030 20382034 203a2036 20332039
2324540 20332032 202f2036 20352039 202f2033
2324560 203c2035 20312037 2030202f 20322030
2324600 20342035 203a2042 2041203d 2042203b
2324620 2034203a 20372039 2038203a 203b203a
2324640 203a2033 20392035 203e203b 203d2043
2324660 20372039 203c2039 20402039 2043203e
2324700 20432044 203d2040 20412043 20372042
2324720 203a203b 203a2042 2041203b 203c2039
2324740 20422039 20332041 2037203b 20312031
2324760 20382034 20442037 2039203b 20422044
2325000 203f2045 2042203a 203c2040 20352044
2325020 2041203b 2039203f 203b2034 20352041
2325040 20372033 20382038 203c203f 203c203a
2325060 2035203c 203c2043 20372038 203f203e
2325100 20422039 203e2042 2038203f 2040203b
2325120 203b2039 20352035 20322035 203c2038
2325140 203f203f 20362037 20362034 20362039
2325160 20342037 202a202f 2030202d 2031202f
2325200 202f2028 20282033 2030202a 20332034
2325220 20352031 203b202f 20342039 20362035
2325240 20382035 202c2030 20302032 202f202e
2325260 2030202b 203a2038 20302035 2033203b
2325300 202d2034 202b2034 20302027 2028202d
2325320 20292029 20272025 202a201b 20212023
2325340 202d2029 202d202f 202c202a 202a202e
2325360 20292022 2025202f 20252021 20172020
2325400 201d2026 2023201f 202c2022 20202024
2325420 201f2027 20222025 202a2023 20222022
2325440 201f202a 20232027 20242028 2024201d
2325460 2028201e 20292025 2021202a 20252024
2325500 2025202c 202c202d 202b2029 20262028
2325520 2029202b 202b2024 201e201a 20262027
2325540 2023202c 20242030 20212025 202b2026
2325560 20222024 2026202c 20232021 2022201f
2325600 2024201f 20272027 20252028 202e202b
2325620 2029202b 20292025 20262022 20292029
2325640 2028202d 2028202a 2033202c 202f202b
2325660 202c202e 20282030 20252023 202f2028
2325700 20302032 2034202a 20372035 20322037
2325720 2036202f 20392031 20362034 20332036
2325740 203b2037 20312035 203b2036 202d2036
2325760 20312038 20252037 2020202b 2039202e
2326000 202d2036 203f2037 20342034 20312032
2326020 20352034 20352037 203e203e 2040203d
2326040 2041203c 203a203c 203c2039 203a203e
2326060 2039203e 2040203d 20442040 20422043
2326100 20482047 20502048 204c2050 2049204c
2326120 203f203e 20402040 203e203e 2048203e
2326140 20442048 204a2046 20462049 204a2041
2326160 20432048 20472048 20462047 2050204a
2326200 204b2051 20592052 205e2052 20552053
2326220 204d2055 20592054 20612054 205a205f
2326240 205f2067 205a205b 205e2064 205d2057
2326260 2060205e 20592063 20612060 205f2063
2326300 2067205b 20652062 205f2063 206b2068
2326320 20652065 206b2061 206b2063 206f2070
2326340 206e2072 2073206d 20792074 206e2075
2326360 2067206a 206d206d 206f2068 206a206b
2326400 20752067 206e206e 20772076 20752076
2326420 20832079 207f2085 2079207d 20782079
2326440 20772074 20752075 2077207c 207d2078
2326460 207c207a 207f2076 20802081 208c2089
2326500 20892089 207c2089 2088207b 20852089
2326520 208f2081 20802089 2086208c 208c208a
2326540 20892084 208b208e 208f2085 20942091
2326560 208e2088 2091208c 208f2096 208d208e
2326600 20902094 209e2091 209a2098 20962098
2326620 2089208e 20952094 20982095 2096208f
2326640 2098209a 20982097 20942094 20992098
2326660 20a1209c 209a2098 20a32095 2099209f
2326700 209f209f 20a420a1 2098209b 2095209c
2326720 2097209a 209c209a 20a3209b 20a6209f
2326740 20a220a1 20a520a5 20a9209e 209f20a0
2326760 20a320a1 20a220ac 20a020a4 20a120a1
2327000 20a2209e 20a520a2 20a320a7 20a420a8
2327020 20a520a4 20a820aa 20aa20aa 20a520a7
2327040 20a420a2 20a420a4 20a620a3 20a720a4
2327060 20a820a2 20a920a6 20ab20a9 20b320aa
2327100 20ad20ae 20a820a8 20ab20a9 20a920ab
2327120 20ac20a7 20a320ab 209f20a3 20ab20a8
2327140 20ab20aa 20b320ae 20af20ae 20ac20af
2327160 20ad20b4 20a920ac 20a720a1 20ac20ae
2327200 20a720ad 20a620a5 20a120a8 20ae20af
2327220 20a820a7 20aa20b3 20a920a3 20b220ae
2327240 20ae20ab 20ae20ab 20a120aa 20ac20ab
2327260 20a920a7 20a820a7 20ab20ac 20a120a0
2327300 20ad20a3 20af20a9 20b020ad 20a820ad
2327320 20a520a8 20a420a7 20a520a8 20ab20a3
2327340 20b320b2 20a820af 20a920ac 20ad20af
2327360 20a320a9 20a120a3 20a820a4 20a720a9
2327400 20a320a6 20a120a2 2097209a 209c2098
2327420 209a209d 20a720a7 20a420a5 209c209f
2327440 209c2098 209e20a8 209e20a1 209d20a0
2327460 209f209d 209f20a4 209c209d 209e20a1
2327500 20962095 2092208f 20942094 209d209c
2327520 20a1209a 209e209d 209b209b 2097209d
2327540 2096209a 20982091 20932091 20952096
2327560 208e209a 208a2093 20902087 2098208d
2327600 20892091 2088208b 2091208d 2090208c
2327620 20942091 2085208a 20882086 2087208c
2327640 208a2089 208c2089 208a2089 208c208f
2327660 20902089 208b208f 208f208a 2094208e
2327700 208b2091 208c208c 20892084 20822085
2327720 208d208b 20892089 20862085 2086208a
2327740 20852086 208a208b 207e2080 20822080
2327760 207c2083 20812077 20832081 20842081
2330000 207e2080 207f207b 20842081 2083207e
2330020 20892084 20802088 207d207e 2082207b
2330040 207f207e 207b207f 207e207c 2079207b
2330060 207c207e 2087207f 20862089 207f2088
2330100 2079207e 2082207d 20842085 2082208a
2330120 2086208a 207f2081 2080207b 2081207f
2330140 20832084 207d2084 207e207e 20842082
2330160 2075207b 207f2080 2090208e 20972093
2330200 208b208f 20882088 207b2087 207a2085
2330220 208c2081 20882083 20852084 207e2086
2330240 20832086 20862086 208c2089 209d2096
2330260 20902096 2097208f 208f2094 2099208f
2330300 20892095 20862089 2088208e 208b2080
2330320 208f208f 20892090 2089208a 2087208b
2330340 208e208e 2089208e 20912093 20922094
2330360 20922096 20982095 2099209d 209f209c
2330400 209c209a 20a02098 20a620a3 20a520a4
2330420 209e209f 20a820a0 20a320a8 20aa20a3
2330440 20af20a5 20a220a6 20ad20ab 20a320b3
2330460 20b120ac 20a920a7 20aa20ae 20a620ad
2330500 20a120a2 20a420ac 20aa20a4 20a420a6
2330520 20a920a9 20a620a8 20b020a5 20b120b2
2330540 20ad20ae 20b120ad 20b020b2 20b020af
2330560 20ae20aa 20b520b1 20be20ba 20b620c4
2330600 20bb20ba 20bc20bd 20b820c1 20b920bc
2330620 20c320bf 20bb20be 20b920bb 20b820b8
2330640 20b820bb 20c420c5 20cd20c1 20d120d1
2330660 20cd20ca 20d220ce 20d520d5 20cb20d2
2330700 20c920cf 20bf20c6 20c620b9 20c620cc
2330720 20ce20c7 20cc20c7 20d520d4 20d620d9
2330740 20da20df 20d820db 20da20d8 20da20d7
2330760 20da20d9 20d520db 20d820d2 20da20d7
2331000 20d320d6 20d620d0 20d520d2 20e120d9
2331020 20e920e3 20e320e5 20dd20df 20df20dd
2331040 20d820dd 20e320db 20e520e3 20e220e1
2331060 20e820ed 20e820e5 20f720eb 20ed20ee
2331100 20eb20e9 20ea20eb 20e220e4 20ea20de
2331120 20ec20e7 20ec20eb 20f320f2 20f520f5
2331140 20f920f3 20f920f5 20fb20fa 20fc2100
2331160 20f620f0 20ff20fc 20f520f3 20f520f7
2331200 20ff20fc 20ff20fb 20ff2100 20f72100
2331220 20f320f6 20fc20ff 20f920fd 210020f9
2331240 20ff20f9 21012104 21022100 20ff20fd
2331260 21082105 21012108 21082103 21052104
2331300 21042106 20fc2102 210720fd 21062107
2331320 21092100 210520fb 210e2104 210b2109
2331340 2109210d 210a210a 210b2104 210b2103
2331360 21082108 21042107 21032108 210320ff
2331400 210c2108 2105210e 21072104 21042102
2331420 21022107 210b210a 210a210a 210a2104
2331440 210e2110 21072108 21072106 21012109
2331460 210e2109 2102210c 21012102 210c2107
2331500 210f2108 2107210e 2106210e 20fe2103
2331520 21052105 210b2106 210e2108 2102210f
2331540 21082108 210a210b 2100210a 210a2107
2331560 210a210c 210a210a 21092109 21012102
2331600 21042102 21012108 210620fd 210420ff
2331620 21092107 21022102 21032100 210920ff
2331640 210920ff 21042104 20fd20fb 20f920fb
2331660 210520f9 210f2101 2105210e 21102108
2331700 21072111 210120fd 21012104 20f72100
2331720 210020fb 20f020f9 20f320eb 20fc20f7
2331740 20fb2102 20f520fc 20f620f6 20f220f2
2331760 20f420ef 20ef20f0 20ea20ee 20f020f1
2332000 20f120f1 20f520f0 20fc20f7 20f220f5
2332020 20e820e6 20de20e0 20e820e7 20ed20ec
2332040 20f420ec 20f120f5 20ef20f1 20f120f2
2332060 20ee20eb 20e320eb 20e520e9 20e620e7
2332100 20eb20ea 20ea20e5 20e820e4 20e420e5
2332120 20e720e2 20e820e2 20df20e2 20e220d4
2332140 20d820de 20dd20d4 20e020e3 20dc20d9
2332160 20dc20db 20d820d7 20dc20d7 20d820d9
2332200 20de20dc 20e120de 20dd20de 20dc20de
2332220 20dd20dd 20dc20dd 20d920dd 20d520d5
2332240 20d420d9 20da20d8 20d420d3 20c920ce
2332260 20cb20d1 20cc20ce 20d320ce 20cb20d0
2332300 20d120cf 20cf20d0 20d820d6 20dc20d6
2332320 20d220d9 20d520d8 20ce20cc 20cc20d7
2332340 20d920d1 20d220db 20d620d6 20d120d0
2332360 20d020cf 20ca20cc 20c520d2 20cb20d1
2332400 20d320d4 20c920c8 20da20d5 20d420ca
2332420 20cb20d0 20d120d1 20d320d7 20da20d8
2332440 20c820d2 20d020cf 20dd20d9 20da20db
2332460 20dd20dc 20d920dd 20da20db 20d320df
2332500 20d520d3 20da20d3 20d320d9 20d720d9
2332520 20de20db 20df20db 20df20d9 20d720d6
2332540 20d520cf 20dd20d4 20d620df 20d820da
2332560 20d120d7 20d320d5 20dd20d7 20de20e0
2332600 20e120dc 20df20e6 20da20d9 20d720e2
2332620 20d820d8 20d820d9 20df20db 20dc20e0
2332640 20d620dc 20d320d5 20da20cf 20de20de
2332660 20e120dd 20e220e6 20e120e5 20e420e4
2332700 20dc20dc 20e320e4 20ec20e6 20df20e3
2332720 20e920df 20ec20e5 20e720e7 20ec20e7
2332740 20e920e5 20e820eb 20e820ea 20f520f4
2332760 20f020ed 20ef20f1 20f320ee 20f420f2
2333000 20ef20f5 20ec20f6 20ed20f1 20ef20ef
2333020 20e720e9 20e920ed 20ee20f0 20f020ed
2333040 20f720f6 20f920fe 20f320f2 20f020f8
2333060 20f820f7 20f720f5 20f620f9 20f420ef
2333100 20f720f4 20ee20f6 20f320f1 210520f4
2333120 20f62100 210820fe 20f72104 21002100
2333140 20fc20fc 210320ff 210a20fd 20fe2105
2333160 210320fe 210320ff 21052104 2101210a
2333200 21022101 210720fe 21072105 210c2108
2333220 21052104 2109210b 210b2106 2108210a
2333240 2109210e 210a210a 210e210a 210f210e
2333260 210f2115 21102111 2115210b 21182110
2333300 21122114 210a2111 21122110 2115211a
2333320 211f211f 21232120 21142122 21132118
2333340 21182112 21162116 2121211d 2123211e
2333360 21202122 212b212b 2123211e 21242126
2333400 211c2123 211e211d 211f211e 2123211b
2333420 2121211f 21262125 211e2123 2127211c
2333440 212a212d 212c212b 212c212a 212d2136
2333460 212e2131 21312131 2131212d 21292131
2333500 2129212d 212b2132 2130212e 212d2123
2333520 212e2127 212f2128 2129212e 21382131
2333540 21312133 212f2133 212d2132 21342134
2333560 212e2134 21362133 21322137 2135212f
2333600 21392139 21372135 213b2137 212b2131
2333620 21332137 213a2135 21342133 213c2136
2333640 21362135 213a213b 213b213c 2140213a
2333660 2142213d 21442141 21412137 2136213b
2333700 21342134 21302138 213c2133 2136213e
2333720 21382138 2136213d 213c212f 213e213e
2333740 213f2140 2140213f 213a213a 2143213c
2333760 213e213b 213f2145 213f213a 21422140
2334000 213a2139 21382137 2130213b 21392138
2334020 213d213e 21382139 21322137 2133212f
2334040 21332136 2134212c 212a212b 2136212f
2334060 213f213b 213f213c 21352142 213e213e
2334100 21362140 21382133 21352130 21302136
2334120 21382139 2133213a 21392137 21372136
2334140 212d2130 2136212e 21362138 21302137
2334160 21322132 21352136 21312130 2126212c
2334200 212d212b 2130212d 212c212c 212c212b
2334220 212b2129 21272128 21282130 21232127
2334240 211e211e 21292122 211f2121 21232124
2334260 2121211f 21272120 211e2121 211b2121
2334300 2120211f 21282124 21202123 211a2121
2334320 211f211f 2123211f 21242123 21212125
2334340 211a2127 21152115 2118211f 211c2115
2334360 211c2117 21172117 211f211f 2115211c
2334400 21162113 211d2118 211a2115 21102113
2334420 21122111 210f210f 21162111 21132113
2334440 21162116 2117211d 211a2118 21172116
2334460 211b211c 21182115 211d2121 21132117
2334500 21122114 21142111 21112113 21132113
2334520 2115210f 21102115 2111210f 210d210e
2334540 210b210f 21122115 21182118 21112116
2334560 21162117 2117211d 210d2113 2113210d
2334600 210a210e 21082102 21122111 210f210e
2334620 2109210e 21062107 210b2107 210e2111
2334640 210b2109 210e210d 210d210b 210a2108
2334660 210b2111 210f2113 21152110 210c210e
2334700 210f210e 210a210c 2106210c 210e210a
2334720 2116210c 21142117 21192110 21172114
2334740 21102117 21122111 211a210f 210e211c
2334760 210a2109 210e2108 210d210e 210d210d
2335000 210f2112 210d2107 21162111 210c2111
2335020 2110210e 21112115 2117211d 21102111
2335040 21112117 210f210e 2115211e 2110210b
2335060 211b2113 2118210f 2114211c 21162114
2335100 21192117 211a2118 210f210d 21112110
2335120 2119211f 211b211f 211b211c 211f2121
2335140 21222129 21212125 211e2122 211a211d
2335160 211b2119 2121211a 21272122 21222123
2335200 21172112 21172117 211a2116 21282122
2335220 2120211b 211f211c 211f2118 2126211f
2335240 211f211e 21222123 21272122 21212125
2335260 21262128 21242122 2127212c 21242125
2335300 212a2122 212d212b 212c2127 2127212b
2335320 2130212f 212e212e 2133212e 2127212e
2335340 212d212f 21312130 212f212b 21312134
2335360 212f212d 212d2130 212d212a 21342133
2335400 21342138 2134213e 212f2133 212e2134
2335420 212d2131 212f212b 21342134 21362138
2335440 213b2135 2136213d 2145213f 21472145
2335460 21462140 21412142 213b2142 213b213b
2335500 213c213b 2137213a 21392131 213f2138
2335520 213b213f 214a213f 2139213c 21392135
2335540 2138213a 2137213a 213b213c 2147213f
2335560 214b2142 213d2143 21482144 213d2143
2335600 21422142 21442144 21482144 213f214c
2335620 21472147 214b2149 2152214d 214f2151
2335640 214e2154 214e2153 214d2153 214f2149
2335660 214e2149 214d214c 21522151 21542159
2335700 215a2158 215b215a 215c2158 21662162
2335720 2162215e 2153215b 215b215a 215c215a
2335740 2157215f 21532153 2158215d 215b2161
2335760 215d2160 21672164 21682169 216b2165
2336000 21622167 215d216c 215e2168 2164216a
2336020 21612167 21622169 216d2165 21652160
2336040 216d216f 2169216c 2174216c 216c2171
2336060 2168216c 215f216a 21632160 21642165
2336100 215d2165 21582160 2160215e 215e215d
2336120 21632165 21682167 2167216a 216c2174
2336140 2170216c 2166216a 21642165 21692167
2336160 21752170 216f2171 2172216e 2172216e
2336200 216f216a 216f2170 2172216e 216a216b
2336220 216d2171 21692171 216e216d 216a2170
2336240 2169216f 216e2170 216e2173 21722172
2336260 21672169 21662162 216c2175 21642171
2336300 21622167 216b216a 215f215f 215f2167
2336320 216a216c 21672161 21622163 21682163
2336340 21672162 216c2163 21772172 21742174
2336360 21752173 2170216f 21712170 21612167
2336400 21642163 21672162 21632164 21612168
2336420 21642163 21632160 21622162 215d2162
2336440 215e2165 21582160 21662161 21632164
2336460 21662165 215c2169 215a2156 215f215d
2336500 2160215e 215f215d 21622164 21632161
2336520 215f215e 215b215d 2159215e 215d215b
2336540 2156215c 215f215e 21552158 215a2158
2336560 21552159 21562157 2164215a 21632160
2336600 21682167 21632160 215d2164 2158215c
2336620 21542157 21522157 21542151 215d2153
2336640 215f215e 21532156 21592159 215b2167
2336660 21552158 21572157 215b2159 21512159
2336700 21532151 2157214f 21552155 21592159
2336720 2156215a 21572157 21532154 21542150
2336740 215f215e 21572159 215b2151 215e2155
2336760 215d215f 21542160 2156215b 215e215f
2337000 215a215a 21572151 21572153 215b215c
2337020 21532157 21612161 2163215e 215f2160
2337040 215c215f 21562151 215d2151 215a215c
2337060 21542153 21512156 21512155 214e214c
2337100 2150214e 21522151 2153215b 21522154
2337120 21572154 215b214d 21532154 2153215a
2337140 2155214f 215c2157 21642158 21582158
2337160 2154215a 215a2157 215b215e 215c2155
2337200 2158215a 215a215b 215a215a 21572157
2337220 21572153 215b2151 21562151 21562159
2337240 21572151 21542153 2152214e 215a214c
2337260 214c2162 21562153 2158215c 215e215f
2337300 215a215c 215d215e 215d215a 2161215a
2337320 215b2165 215d2167 215a215b 21532157
2337340 215c215c 21582159 215a215a 21612160
2337360 21602162 21642168 2162215d 21592166
2337400 215c215b 215c2155 215a2157 215c2158
2337420 21622157 2163215c 21632162 21632158
2337440 21672166 21602165 21622164 2162215f
2337460 21602160 215f215b 215c2166 21642162
2337500 21642163 216a2163 21622162 216e216b
2337520 21652170 21682163 216c2165 21662168
2337540 21672168 2160216a 2165215e 215e2161
2337560 215f2160 216a215e 2168216b 21672165
2337600 2164216b 21682168 2169216e 216c216e
2337620 216d216b 216b2167 21672171 2160216a
2337640 21672168 21662165 216a2164 2171216f
2337660 216b2171 2171216d 21712169 2171216f
2337700 216b2177 216b2172 21682172 216f2170
2337720 21702167 2168216b 2168216a 216c216c
2337740 216f2170 21732176 216a2172 21732170
2337760 2171217b 216e2172 21772179 21772174
2340000 21742179 216b2173 2175216e 217a2172
2340020 21802175 216d2171 217a217e 217f217b
2340040 217e217c 217c217d 2172217d 2171216f
2340060 21772171 217d2175 2182217a 217e2180
2340100 2182217d 217d2177 218b2180 b01104b3
2340120 00001004 0001000a 00010000 03b16037
2340140 00000ffc 0001000a 1400003c add01f00
2340160 add01f01 add01f02 add01f03 add01f04
2340200 add01f05 add01f06 add01f07 add01f08
2340220 add01f09 add01f0a add01f0b add01f0c
2340240 add01f0d add01f0e add01f0f add01f10
2340260 add01f11 add01f12 add01f13 add01f14
2340300 add01f15 add01f16 add01f17 add01f18
2340320 add01f19 add01f1a add01f1b add01f1c
2340340 add01f1d add01f1e ff000134 00000020
2340360 00000002 bd975f3c 00000001 deadbeef
2340400 f0000002 bd975f28 2f030d67 00000000
2340420 00000134 00001f48 a01004b4 21f8218a
2340440 21ff21fc 22082200 22062201 220a220b
2340460 2205220b 22012207 22062203 22022205
2340500 22072203 22072209 2201220c 220221ff
2340520 21fa21f9 22002200 21fa2200 22012203
2340540 22012202 22052202 21ff2200 22022206
2340560 22062206 22082207 220a2206 220621fd
2340600 22022205 22002201 21ff21fa 220321f8
2340620 21fc21ff 22032201 21ff2209 21fe21f9
2340640 22052205 21f821f8 21fe21f9 21f521f3
2340660 21ff21fa 220121fb 21fb2203 220321ff
2340700 22012201 21fb21fe 21fc21f5 21fd21f5
2340720 22032201 22082204 21ff2205 22052203
2340740 22022208 21fd2202 21f521fd 21f821f8
2340760 21fe21fa 21f721f8 21f921fe 21f421fa
2341000 21fa21f7 21fb21fa 21fd21fb 21fd21f7
2341020 21fc21f8 21f72203 21fe21f6 21f621f4
2341040 21f121f0 21f921f6 21fd21f9 21fa21ff
2341060 21f921fc 21f421f7 21f621fe 21fa21f4
2341100 22052201 21f92201 21e421fd 21462195
2341120 20df2108 20b620c0 209720a7 208e2090
2341140 2092208f 20982095 20922091 20902090
2341160 208c208f 20952095 209a209a 20982097
2341200 20932093 208e208e 208c2094 20882082
2341220 2093208d 20972093 20952099 20902095
2341240 208b2090 208d208d 20972094 20962090
2341260 20902094 2096208c 20912091 20952091
2341300 20962094 20972098 20942096 208d2092
2341320 208c208d 208e2091 2090208b 20982096
2341340 208c2092 208d208d 20952088 208d2099
2341360 2099208a 20912092 208e208f 208c2092
2341400 208f2098 20942091 20912091 20942091
2341420 20902091 20912092 20942093 208b2096
2341440 208d2089 208c2089 208d2092 208b208e
2341460 208a2089 208e208f 208c208b 20902095
2341500 208c2090 2090208e 20912093 208c2095
2341520 20892096 208c2096 209a208f 20952096
2341540 208e2092 20912093 20992094 20a22097
2341560 20a220a4 209a2097 209b209b 20a2209a
2341600 20a7209e 20a220a4 209d20a4 209d20a7
2341620 20982092 209f209e 209a2097 209e2098
2341640 20a220a4 20a720a8 209c20a5 209a209b
2341660 2097209f 209920a0 209c209b 20a3209f
2341700 209f20a2 20a320a8 20a720ae 20a320a9
2341720 20a820aa 20ab20a6 20a720ac 20ad20a4
2341740 20a720af 20ab20a4 20a920ae 20a820aa
2341760 20ad20ab 20b420b1 20b620b1 20b620ad
2342000 20ab20ae 20aa20b2 20a920ab 20b520b0
2342020 20b420b3 20bb20b5 20bb20bc 20be20bd
2342040 20c220c5 20c820c3 20c220c6 20ca20c5
2342060 20bf20c1 20c720c7 20b720bc 20be20cc
2342100 20c720ca 20c320c9 20ca20c3 20cb20c5
2342120 20ca20d1 20c520c8 20c920c7 20c120c6
2342140 20cd20c7 20ca20d0 20cb20cf 20cd20ca
2342160 20d120cb 20d120cf 20d220d0 20ce20d6
2342200 20d220d6 20d020cf 20ce20c7 20ce20c6
2342220 20d120ce 20d620d7 20da20d2 20d020d6
2342240 20d220cf 20e020d9 20df20da 20e020e0
2342260 20d420d6 20d520d7 20e220e0 20da20de
2342300 20dd20da 20d420d6 20d820d2 20e420e0
2342320 20e820df 20ee20e6 20ea20e2 20f220ec
2342340 20e320ea 20e920f3 20e520e2 20e520e1
2342360 20e120e2 20e520e8 20ed20ed 20ec20ea
2342400 20ea20ec 20eb20eb 20e820ef 20ec20e7
2342420 20ec20e5 20f020f0 20e620ed 20eb20ee
2342440 20e920eb 20ee20e3 20ec20f2 20f320f0
2342460 20ef20ed 20f120f0 20ef20ea 20f120f1
2342500 20f720fb 20f320f7 20f320f0 20f820f9
2342520 20f820f5 20f320f9 20f020f5 20f620f2
2342540 20f720fd 20fe20fb 20f620f7 20ed20f2
2342560 20f820f2 20ef20f6 20f520f1 20f620f4
2342600 20f720fa 20fa20fb 20fd20f6 210220f7
2342620 20f72100 20f620fc 20f220f4 20f720f2
2342640 20f120f8 20f020f2 20fc20f8 20fa20fc
2342660 20f820f5 20f320f3 20ef20f7 20eb20f2
2342700 20e820ed 20e820e7 20ea20e6 20f020f1
2342720 20ef20f0 20ed20ed 20ef20ee 20ed20e9
2342740 20e920ea 20f320ee 20ee20ef 20f020ef
2342760 20e820ef 20ea20eb 20f120ef 20fa20f3
2343000 20f620f6 20f020ed 20ec20ec 20f020ed
2343020 20ee20ee 20f020f2 20f620f4 20ef20ec
2343040 20eb20e6 20ea20e9 20e620eb 20f220f0
2343060 20eb20f5 20e920ee 20e320e6 20e720e0
2343100 20ee20ed 20eb20e8 20f620f2 20f120f0
2343120 20f220f4 20f320f1 20ec20ee 20e920e8
2343140 20e420e5 20e620e2 20e720ea 20e720eb
2343160 20ee20ea 20e620ef 20e820eb 20e820e7
2343200 20e520e4 20e120e5 20de20df 20e520e0
2343220 20e220e2 20dc20e2 20e420e7 20ec20ed
2343240 20dd20df 20ea20e3 20e220e3 20e120e6
2343260 20e320e6 20e320e0 20e520dd 20e120e3
2343300 20e520e5 20e720e3 20db20da 20d920e4
2343320 20dc20dc 20e120e0 20e420dc 20df20dc
2343340 20e020e0 20d620dd 20de20d6 20d720d7
2343360 20dd20dd 20db20db 20d420d9 20d620e1
2343400 20d720d4 20d320d2 20d320d2 20d620cc
2343420 20dc20d9 20e120d7 20dc20de 20d420db
2343440 20d220d0 20d420d6 20db20dd 20da20d8
2343460 20d120d3 20cd20cf 20cf20d3 20cb20cd
2343500 20d120c7 20ce20cc 20c620d1 20cd20ca
2343520 20cc20cf 20ce20ca 20ca20cb 20cc20c9
2343540 20d220cd 20ca20c8 20c620c3 20c920d1
2343560 20c020cb 20c920c6 20c720c8 20d520ca
2343600 20cf20d0 20cd20cc 20c820cb 20cc20c7
2343620 20c520c6 20c020c4 20c120cc 20c220cc
2343640 20c320c6 20c920c1 20ca20c9 20c920c0
2343660 20c320c4 20c020c8 20c720c3 20c620c5
2343700 20c020c6 20c420c5 20c620c8 20c720c7
2343720 20c420c7 20c320c4 20c820c9 20cb20ce
2343740 20d320cc 20cd20d3 20c920d5 20c420ca
2343760 20d020ce 20ca20c2 20cb20cc 20cd20cf
2344000 20cc20d1 20cf20d0 20cb20cb 20cb20c5
2344020 20ba20c1 20c720c3 20c920c7 20ce20c9
2344040 20c720c2 20c720c2 20cc20ce 20c720cd
2344060 20d620cd 20d120d8 20c820d2 20c920cd
2344100 20cf20ca 20d320d3 20cc20cc 20ca20cc
2344120 20ce20d2 20ca20ca 20cf20ce 20cf20d4
2344140 20ce20d4 20cd20d2 20d220cc 20df20d3
2344160 20df20d9 20d920db 20db20d8 20db20dc
2344200 20da20da 20e220d7 20df20df 20d920d9
2344220 20de20df 20dc20df 20e320e0 20e920e5
2344240 20e620e1 20e820df 20e420e3 20e820e4
2344260 20e620e7 20f220ec 20ef20ef 20f420f0
2344300 20ee20f1 20e920ea 20ed20e9 20ed20eb
2344320 20fa20f7 20f220f1 20f120ef 20f220f6
2344340 20f520f3 20f120ee 20f820f7 20f920f6
2344360 20fa2105 20fc20fc 20f620fa 20f320fa
2344400 20fe20fe 20f72102 20fc2100 210320fc
2344420 21092109 21072108 2108210f 21092108
2344440 2106210b 2110210d 21052109 210e210f
2344460 2114210a 2109210c 2111210f 21132112
2344500 21162113 21132114 211b2117 211a211a
2344520 211a2118 2113211b 211b211f 211c2117
2344540 211c211f 211e2121 21222124 211d211d
2344560 211e211a 2115211a 211a211b 21212128
2344600 2124212b 21232123 211e211f 21222124
2344620 21232126 212c212a 212e2128 21292122
2344640 21202124 211b2120 211e2121 21252118
2344660 212a2123 212c212d 212f2131 21302134
2344700 21282128 21222124 2129212a 21232131
2344720 212d2124 212b212b 2126212b 2131212b
2344740 212d2130 21292130 21342133 21262129
2344760 212d212c 21312134 21372133 2136212e
2345000 212a212b 2134212c 212c2132 212e2131
2345020 2134212e 212d212d 2130212d 21362134
2345040 212f2131 2134212d 213a213c 2136213f
2345060 2138213d 2135213c 21332132 212f2134
2345100 212f2132 21312130 21352129 213a2131
2345120 21342136 213f2139 21352143 21352137
2345140 21372131 213e2133 21312134 212f2133
2345160 212e2130 21342133 212e2134 2131212f
2345200 21312138 2130212b 21322130 212e2139
2345220 212f2130 212a2132 2129212b 2128212b
2345240 21252129 2130212d 2129212f 212c212d
2345260 21272128 2128212d 212b212b 21262129
2345300 212a212a 21292126 212b2127 211d212a
2345320 211f2123 21152120 2119211f 211e211b
2345340 2122211d 21252125 21282124 2129211f
2345360 21262128 211e2120 21212122 21292124
2345400 21232121 21272126 2122211f 21242125
2345420 211d2125 2119211d 21192121 2118211d
2345440 21122117 21162113 21132114 21132115
2345460 21172118 21142115 211b211a 21192115
2345500 211a211d 2111211c 21052116 2114210e
2345520 210a210e 21122111 21142117 21072115
2345540 21102111 210a2107 21092111 210f2110
2345560 21142114 210a2113 210e210b 2108210b
2345600 21032104 2101210e 210b2104 21082107
2345620 21022106 20f82103 20ff2106 210220fd
2345640 21012106 20f920ff 210120fe 20fa20fd
2345660 20f120f4 20fc20ee 20f420f4 20fb20f7
2345700 20fa20fa 20f320fb 20f920f7 20f420f9
2345720 20f420f0 20f420f6 20ec20f6 20f120f2
2345740 20ee20ec 20f320f5 20f320f5 20f420ec
2345760 20eb20ee 20f020ea 20ea20f8 20f520f0
2346000 20f020f7 20ea20e6 20de20e5 20ea20e7
2346020 20e020e5 20e820e9 20ee20e9 20e620ed
2346040 20e420e9 20e620e9 20d820dd 20dc20d7
2346060 20d820d9 20db20de 20d620d7 20d420d7
2346100 20e120dc 20dd20de 20df20db 20e220e3
2346120 20ed20e9 20e820e1 20e820e3 20e220e7
2346140 20df20e6 20d920e3 20e420db 20de20de
2346160 20da20d9 20d920dc 20de20de 20da20d5
2346200 20d420db 20cf20d5 20d520d1 20da20d8
2346220 20dc20dd 20db20d9 20e120e3 20de20df
2346240 20e020e2 20d920d7 20dc20dc 20d720db
2346260 20df20d9 20d720df 20e120db 20e020e5
2346300 20d720e7 20dd20dc 20d820de 20df20db
2346320 20e420d6 20e520df 20e620ec 20e320e2
2346340 20ea20eb 20e820e2 20df20e6 20df20e6
2346360 20e320e5 20e420e2 20e720e5 20e120dd
2346400 20e320e5 20e520e1 20e320e6 20e920e9
2346420 20ea20ee 20e620ee 20ee20e7 20ed20ee
2346440 20f120eb 20f320f2 20f520f8 20f320f5
2346460 20f520eb 20f120ee 20f020f1 20f120f2
2346500 20f220fd 20f420f0 20f520f6 20fc20fe
2346520 210020fb 20f920f9 20ff20f7 21042104
2346540 2107210c 21032103 210b2100 21062105
2346560 210a2108 21092110 2105210e 2109210a
2346600 210d2107 2112210c 210b210e 210d210e
2346620 2108210e 21092109 210c210a 210d2112
2346640 2115210f 21112114 211a2116 21192116
2346660 21172118 21182124 211f211d 211c211c
2346700 211f2122 211d2120 2121211e 212a2124
2346720 21272127 21212123 21222118 211a211c
2346740 212b212e 2129212b 2131212f 212b2130
2346760 21272129 21282132 21282128 21332134
2347000 21322131 21352135 21322139 21372131
2347020 2133213e 213e2137 213f213f 21402140
2347040 2141213b 213e2144 213b213b 21332137
2347060 2133213c 2137213b 2140213b 213b213b
2347100 21432144 21382146 213e213a 21412144
2347120 21492147 2155214d 214b2150 21472145
2347140 2149214a 21502152 21502152 214c2150
2347160 2150214e 21502152 21502150 21502156
2347200 21532157 21552153 21592156 214e2152
2347220 214c2157 214f214f 2157214f 215b2153
2347240 215b215e 215c2163 215e215b 21522154
2347260 215a2158 2159215d 2154215c 21502157
2347300 214d2153 215c2154 21582159 21662163
2347320 215e215a 215a2163 215c215e 215f215f
2347340 215f2161 215b215e 21542159 215d2157
2347360 215c2158 215b215e 2155215b 21512152
2347400 21612156 215d2161 2165215d 2168216b
2347420 21632167 21642168 2159215c 21622164
2347440 215a2160 21562158 2168216b 21662166
2347460 216a2176 21652163 21642160 2162215e
2347500 21652161 216d2166 216b216a 216b215e
2347520 21632162 21662167 21662164 21652166
2347540 2166216a 21652167 2169216a 21662164
2347560 216a2166 2171216c 2165216c 2165216e
2347600 216c216c 21652167 215b2160 215c2158
2347620 2160215c 215f2165 2163215d 215a215c
2347640 2162215a 2158215a 215c215d 215d2160
2347660 215e215e 21582156 2157215a 21542158
2347700 21592150 215a2151 215f215e 2156215c
2347720 2162215e 215b215c 215d2162 215b215b
2347740 2152215a 215d215b 2154215c 21552155
2347760 21532154 2150215a 2154215d 21572151
2350000 21552156 2150214d 2151214b 21522151
2350020 21572152 21572156 21522156 21472152
2350040 214a2145 214b214b 214a2146 21432144
2350060 21422147 214b2142 214b2146 214a2145
2350100 21462147 21452145 2143213f 21452142
2350120 2141213d 213b2138 21412142 213a2143
2350140 213d2143 213a213d 21352137 2132213c
2350160 21452145 2134213b 213d213d 21342133
2350200 2133213d 21372138 21332135 21322131
2350220 21332136 21352135 212f2135 212f2132
2350240 21292132 21312129 2138212f 21302127
2350260 2134212e 21312130 212d2124 21282134
2350300 2128212a 2133212d 212a2128 211d2125
2350320 21262122 21232126 21222125 2125211c
2350340 21292122 21282125 212b2127 212f2124
2350360 211f2128 211d211d 211b211f 2121211f
2350400 211f2128 212c2123 21252128 211f2124
2350420 211e2118 2120211a 21232123 211b2120
2350440 21222125 21212128 2117211b 211b211a
2350460 21192119 211b211f 21232121 211f211f
2350500 211d2122 211b211b 21232124 211d2122
2350520 21252122 211d2124 211e211f 2121212a
2350540 2121211e 21202121 212b211e 2128211f
2350560 21242126 21252125 21272122 212b2125
2350600 21252124 211f211f 2128212b 21282124
2350620 212b2128 21232123 2122212b 21272129
2350640 212b2128 2130212a 212f212c 21292128
2350660 2128212d 2131212f 2127212d 212c2125
2350700 212e2132 212e212f 212d2136 212e212f
2350720 21302130 21342134 212f212d 21322131
2350740 21342131 21302130 2138212e 21332136
2350760 213f2138 213b213b 2139213c 2135213a
2351000 2140213a 21382134 21372135 21392139
2351020 213f2141 21442147 213a213f 213a2139
2351040 2134212f 2141213d 21412141 2146213d
2351060 213d2140 21442141 21412147 214a2147
2351100 2145214a 214d2147 2145214a 2146214b
2351120 2147214f 214e2149 214e2144 21452148
2351140 21502159 214e2150 2156214d 2150214a
2351160 21572155 215a2156 21512156 21562155
2351200 215c2155 21552158 21572159 215d215a
2351220 215c215d 215a2152 215a2160 2153215b
2351240 2158215b 2163215d 215e2162 215e2167
2351260 2158215d 21632160 2162215f 21662168
2351300 21642166 21602168 21642166 2166216f
2351320 21662162 21642168 21632165 21682169
2351340 2164216a 21692165 21632162 216b216a
2351360 2170216f 2169216d 2168216a 2167216c
2351400 2171216b 21642160 2172216a 216c2168
2351420 216f2171 2170216a 21712172 21732173
2351440 21752171 21732176 21742175 2178217d
2351460 217c2172 21772174 217e217b 217b2177
2351500 21792179 21772179 217f217e 217f2183
2351520 21782180 21802184 21872180 217d2179
2351540 217d217b 217b217f 217e2182 217a2188
2351560 2176217b 2178216d 217a217a 217b217e
2351600 2180217f 21792176 217e217b 217b217d
2351620 21802180 21812184 218b2185 21882186
2351640 218a2186 21822189 21842186 217f2182
2351660 218b2183 21882187 21872187 21852187
2351700 21892180 21872184 217f2184 2186217f
2351720 218c2181 218a217f 21832180 2185218a
2351740 2187218e 2185218c 21882188 2181218a
2351760 21832181 21832187 21872184 21872184
2352000 218e218f 218d218d 21912194 218e2192
2352020 21842183 21812187 21892189 21812182
2352040 21832184 2187217c 217c217d 217f217e
2352060 21822183 21852182 21872189 218f218c
2352100 21852189 218b218e 21882189 217b2181
2352120 21802184 2176217f 21802182 217d217f
2352140 217a2182 217d2181 217f2177 217f217e
2352160 21752173 217a217d 217b217c 217e217c
2352200 21762179 21772178 217f217b 21762171
2352220 2178217a 2173217d 2177217c 2180217c
2352240 2183217c 2180217c 21802184 217c217e
2352260 2177217d 21732176 21732172 21702172
2352300 21702177 2173216d 216d216b 2173216e
2352320 216c2177 21722172 2173216d 216c2171
2352340 216d216f 216e216e 216e216e 21752167
2352360 2174216a 21642167 2166216a 21672169
2352400 21642163 21662167 2168216b 21662164
2352420 2161215f 2166215e 21632161 2158215f
2352440 21652161 21652164 21672166 215c215f
2352460 215c215e 215c2164 215b2160 21592159
2352500 215f2160 21632162 216a216f 2169216a
2352520 2168215e 21632163 215d2167 215f2166
2352540 2163215b 21612165 2159215e 21582157
2352560 215b2165 21592153 215d2158 21582154
2352600 21532156 214d2156 21562152 21562155
2352620 2157215a 215a215f 215d215a 215d215c
2352640 215e2156 2155215e 215d2157 215a2154
2352660 215a215a 215d215d 215d215f 215b215d
2352700 215e215e 215b215b 215d215d 2159215b
2352720 215a215c 2155215a 21512155 214a214d
2352740 214a214e 21512152 2158215a 215b2158
2352760 215d2155 215c2160 2155215f 215b2164
2353000 21502153 2158214b 215d2155 215d215a
2353020 2155215f 21572159 214f2154 2155214c
2353040 21502155 214b2153 214d214c 215b2155
2353060 2158215c 21582158 21562160 21682167
2353100 215e215f 2162215e 215a215d 2160215a
2353120 215e2162 215f2156 21652166 215f2162
2353140 215c2162 21582157 2167215c 21632163
2353160 21602165 2160215e 21632163 21652161
2353200 21612162 2163216a 21682169 21692169
2353220 21692167 2166216a 21672169 216b2169
2353240 216e216b 21692168 2167216f 21622163
2353260 21622169 21652168 216b2166 21692160
2353300 21732172 21702170 21682167 216c216a
2353320 216b216d 215f216b 21642165 21692163
2353340 2162216b 216d2165 216b2172 21712167
2353360 216d2169 21712174 21702173 21772174
2353400 21772177 21762176 21762174 21722172
2353420 21752176 21752178 217f2177 217d217f
2353440 217a217c 2176217d 21712172 21792176
2353460 21762171 2178217c 217a216f 217a217b
2353500 2177217f 21742171 217b2174 217b217f
2353520 217e217a 2183217c 21832182 21842184
2353540 2180218a 218a218c 2186218a 21812184
2353560 21832183 2188217f 21872187 2187218a
2353600 2183217e 21802180 21792182 217e217b
2353620 217c217e 21842184 218b218a 2180217c
2353640 217d217d 2182217f 217e217a 217c217c
2353660 21772178 217f2183 217c2180 21822179
2353700 218a2188 21802183 21842185 21802181
2353720 2185217c 21882182 21802181 21862185
2353740 21802184 2184217f 21822186 2189218a
2353760 218c2192 21922190 218f218e 218b218f
2354000 21912193 218f2193 218e218c 218a2189
2354020 2189218b 21852188 21822184 21882183
2354040 218d218f 21922198 2190218f 218f2184
2354060 218e2192 218d218b 218d218f 2185218f
2354100 21872187 2189218f 21912188 2189218f
2354120 218b218b 21832182 21892180 21902185
2354140 2194218f 218f2192 21912191 21912186
2354160 218f218d 218d2192 21902192 2191218e
2354200 2199218e 21932193 218e2195 218b2190
2354220 21902193 2192218f 21942193 218d2193
2354240 21982196 21912195 21902190 2191219a
2354260 218d2193 21892196 21902193 21962195
2354300 21962198 21922195 21922193 219a219e
2354320 21a3219f 21972197 21922195 218b2192
2354340 21912192 21902193 218b218a 21872188
2354360 218f2187 219b2193 21962198 21992198
2354400 21982197 218e2196 21912195 2192218f
2354420 21942190 2194218e 2190219c 2195218e
2354440 21922193 2192218e 219a2191 21902198
2354460 218b218f 218d2189 218d218e 218e218c
2354500 21922193 21992196 2199219c 21872192
2354520 218d2186 2188218a 218a218e 2185218a
2354540 218d2187 218b2189 2188218f 2189218b
2354560 21932190 218a218e 218d2187 2184218d
2354600 2182217a 21882184 218e218e 218a218d
2354620 217c2189 21812185 217e2181 2184217d
2354640 21852183 217f2186 217d2180 217f217d
2354660 218b2183 21862182 21792183 2181217c
2354700 217e2188 21832182 21862187 21842188
2354720 21842188 21852183 217f217d 217c2183
2354740 21812183 21852189 21872188 21822183
2354760 21832187 217d217b 217c217b 21802176
2355000 217d2179 2182217c 2180217a 217b2180
2355020 21852177 2182217f 217d2178 21852185
2355040 2179217d 21822186 217e217b 217f217f
2355060 2180217d 21812185 21872181 218b2187
2355100 21842186 217d2180 217f217c 217f2184
2355120 217e217d 217a217a 217f217d 21842182
2355140 21802182 2183217d 21882185 21882188
2355160 2186218a 21842189 21892185 218b2183
2355200 21812184 218f218c 218a2185 21882186
2355220 21842189 218a217f 21862185 218a2187
2355240 21882184 21862185 21812183 2185217d
2355260 218c2187 21872189 218a2186 218a218b
2355300 21822186 218f218e 218d218c 21932192
2355320 2190218e 2198218d 21932195 2198218f
2355340 21952196 21912193 21952191 219c219a
2355360 21962194 21972198 21932193 218e2192
2355400 219a2197 21992196 21952198 21932199
2355420 21982196 21962194 219a2197 219d21a0
2355440 219a219f 219a2199 21962194 21952194
2355460 21962192 2197219a 21962197 2194219a
2355500 219d219a 21a421a6 219921a1 219f21a6
2355520 21a22196 219e219b 21982198 21982194
2355540 219c21a6 21a221a4 21a0219a 21a2219f
2355560 21a521a4 219f21a9 219a219d 219f21a0
2355600 21a021a4 21a0219d 21a321a5 21a7219e
2355620 21a7219d 21a321a3 219b21a2 21a221a4
2355640 219e219c 21a121a1 21a1219c 21a821a8
2355660 21a121ac 21a421a8 21a821a8 21a821a7
2355700 21a5219f 21a621a5 21a621a4 21a421a5
2355720 21ad21b0 21af21af 21aa21a9 21a321a8
2355740 21ad21ab 21b121a8 21a621ad 21a821a8
2355760 21aa21a7 21a821af 21ae21ac 21a321ad
2356000 21ac21aa 21ac21aa 21a821a8 21af21a7
2356020 21ac21b3 21b321b1 21a621ad 21aa21a6
2356040 21a021a5 21a421a9 21b021af 21a721a6
2356060 21af21af 21ac21ab 21a821aa 21aa21af
2356100 21ac21a6 21ad21a9 21a921a6 21a321a7
2356120 21a421ab 21a721a8 21a821a1 21a421a7
2356140 21a521a5 21a021a6 219f219e 219f219b
2356160 219521a2 21962193 21a02199 219c219d
2356200 219d21a0 21a521a4 21a621a5 21a921a7
2356220 219f219e 21a121a0 219e219d 21a321a0
2356240 21a7219b 21a721aa 21b121aa 21b321ab
2356260 21a821aa 21b521af 21a321b1 21a921a9
2356300 21ad21a7 21a621a9 21b721b2 21aa21b0
2356320 21af21a7 21a221a4 21a221a7 21ad21a9
2356340 21ac21ad 21b421b5 21b021b5 21b321b2
2356360 21b021b3 21a521b2 21bb21b2 21b021b3
2356400 21a721b1 21a621a9 21a621a4 21ac21a5
2356420 21a821a4 21a421a4 21a021aa 21ab21a6
2356440 21a821aa 21aa21a4 21a821a0 21a821aa
2356460 21a521a5 21a521a6 21a521aa 21a721a6
2356500 21ae21ad 21ad21ae 21b821ab 21ae21b0
2356520 21a621b3 21ae21ae 21a921ab 21b121a2
2356540 21b321b0 21ae21af 21ae21ba 21ae21b6
2356560 21b721a9 21a821aa 21b121ae 21b021b0
2356600 21a821a9 21ae21a6 21a821aa 21a621a5
2356620 21a221ab 21ac21ab 21a721a1 21a921a6
2356640 21ab21ac 21ac21ae 21aa21a8 21ad21aa
2356660 21a821a5 21aa21a7 21af21aa 21ae21b0
2356700 21ac21b0 21a821a2 21a521ad 21a821a7
2356720 21a321a2 21a7219f 21ab21a3 21a821a7
2356740 21ab21a6 219b219e 219c219e 21992197
2356760 21a8219f 21a221a9 219d21a1 21af21a5
2357000 21a521a6 21a3219d 21a521a9 219d21a3
2357020 21a02199 21a121a1 21a021a1 2198219d
2357040 219a219a 21982197 21972196 21952196
2357060 2199219b 2199219c 21a3219c 21a0219b
2357100 219d219c 219f219d 219d21a2 21962199
2357120 21972195 219a219e 219521a2 21932193
2357140 21972194 21a02197 219d219f 219721a2
2357160 21942192 219d2199 219e219b 219e219f
2357200 2199219b 21972198 21a32199 21a221a1
2357220 21a021a1 219c21a2 21982197 21a9219c
2357240 21a321a1 21a7219e 219921a4 21a2219d
2357260 21aa21a7 21a821a4 219f219f 21a221a1
2357300 21a421a7 21a321a1 21a4219d 219821a1
2357320 219e219c 21a2219d 219d219f 219f219d
2357340 21972198 2199219d 21a1219f 21a421a0
2357360 21a3219f 21a321a7 21a421af 21aa21ab
2357400 21ab21ac 21ab21b0 21a6219b 21a121a4
2357420 219e21a3 21ab21a2 21a521a4 21a521a2
2357440 21a021a8 21a621a1 21a421a4 21aa21a8
2357460 21b221ab 21b321b2 21b321b7 21ac21b3
2357500 21ab21b6 21af21ae 21af21ac 21ae21ae
2357520 21af21af 21bb21b6 21c021c1 21b321ba
2357540 21b521b2 21b621b4 21b421b4 21b521b8
2357560 21b621bd 21b721bb 21b221b7 21b321b3
2357600 21af21b2 21b521b2 21bc21bc 21bb21b7
2357620 21bf21bc 21b221b9 21bb21b4 21c021b2
2357640 21bd21be 21b721b5 21b121b6 21ba21b4
2357660 21ba21b3 21bc21b6 21ba21b9 21b621b8
2357700 21ba21bc 21c121c0 21c621c5 21c521c6
2357720 21c521c7 21bf21c3 21c821bf 21c621c2
2357740 21bd21bd 21c421b6 21b021ba 21c021b5
2357760 21bd21bd 21c521bc 21c421c7 21bd21c1
2360000 21c121be 21c521c2 21c421c1 21c321c5
2360020 21c221be 21c421c5 21cb21be 21c721c4
2360040 21c921cd 21cb21cf 21ca21c9 21c621c1
2360060 21c621c5 21c821c7 21c521d0 21ca21c6
2360100 21ce21cb 21c821ca 21ca21c8 21c521cb
2360120 21c821c1 21c821c9 21ca21c6 b01004b4
2360140 00000fcc 0001000a 00010000 03b16038
2360160 00000ffc 0001000a 1400003c add01f00
2360200 add01f01 add01f02 add01f03 add01f04
2360220 add01f05 add01f06 add01f07 add01f08
2360240 add01f09 add01f0a add01f0b add01f0c
2360260 add01f0d add01f0e add01f0f add01f10
2360300 add01f11 add01f12 add01f13 add01f14
2360320 add01f15 add01f16 add01f17 add01f18
2360340 add01f19 add01f1a add01f1b add01f1c
2360360 add01f1d add01f1e ff000134 00000020
2360400 00000002 bdd563f2 00000001 deadbeef
2360420 f0000002 bdd563de 1c0b3f04 00000000
2360440 00000134 00001f48 a01104b5 21f921c8
2360460 21f721fb 21f421f8 21fc21f8 21f721fa
2360500 21f621fa 21fe2200 220021fe 21ff21f9
2360520 22082201 22012201 22022200 21fa2201
2360540 21ff21f6 220b2200 220121ff 22082200
2360560 22002207 22042203 22082201 22052206
2360600 22052205 220a220a 2211220f 220d2207
2360620 220a220b 220b220e 220d2213 220c2206
2360640 220e220d 22082205 220221ff 21fe2203
2360660 220a2204 22082205 22092205 22062205
2360700 2206220a 220e2209 220e2204 220f220e
2360720 2212220d 2211220c 220b220c 220c2205
2360740 22052207 22052207 22042207 22062205
2360760 2208220d 22082208 220a220e 220d2202
2361000 22122209 2213220c 2209220e 220c2205
2361020 2208220a 220b220b 220f220c 2210220d
2361040 2218220d 220c220f 22092206 2211220a
2361060 2209220e 2209220f 220c220f 2211220e
2361100 22172211 22122215 220c2212 220b220d
2361120 220a2208 22072204 21642207 1f712062
2361140 1e301eba 1da41ddc 1d6d1d7a 1d591d5e
2361160 1d551d4e 1d4b1d4f 1d491d49 1d471d4c
2361200 1d461d48 1d431d4c 1d471d45 1d4c1d49
2361220 1d441d4d 1d491d44 1d3f1d45 1d3b1d37
2361240 1d451d3e 1d401d3a 1d401d46 1d401d46
2361260 1d441d45 1d4c1d4b 1d501d4c 1d481d47
2361300 1d4b1d48 1d4a1d4e 1d4e1d48 1d591d4e
2361320 1d521d52 1d481d51 1d491d4a 1d4e1d4a
2361340 1d4d1d4b 1d4f1d51 1d451d4b 1d511d4c
2361360 1d531d4b 1d591d59 1d5a1d56 1d581d5b
2361400 1d581d59 1d521d54 1d511d4a 1d4d1d55
2361420 1d561d55 1d581d61 1d541d59 1d5e1d58
2361440 1d5e1d54 1d561d5e 1d5a1d5b 1d5b1d58
2361460 1d5d1d57 1d631d5e 1d571d62 1d5a1d5c
2361500 1d5b1d5b 1d6b1d6a 1d631d68 1d561d5c
2361520 1d621d5c 1d6b1d67 1d611d68 1d601d56
2361540 1d551d63 1d6b1d5c 1d631d5f 1d5f1d62
2361560 1d601d65 1d5c1d5f 1d681d62 1d721d67
2361600 1d6c1d67 1d6f1d69 1d651d6a 1d661d66
2361620 1d691d62 1d6a1d67 1d661d74 1d651d6d
2361640 1d681d6e 1d6b1d66 1d701d67 1d751d75
2361660 1d711d71 1d751d73 1d681d6c 1d6b1d64
2361700 1d681d6e 1d681d66 1d671d6e 1d691d6a
2361720 1d701d68 1d6a1d71 1d661d6b 1d681d70
2361740 1d6f1d6d 1d681d6d 1d6f1d66 1d771d75
2361760 1d741d79 1d6a1d77 1d741d68 1d751d6a
2362000 1d731d76 1d751d74 1d761d79 1d731d6e
2362020 1d701d71 1d741d74 1d741d70 1d721d72
2362040 1d781d7b 1d751d7a 1d761d7a 1d7b1d76
2362060 1d761d78 1d7b1d7a 1d761d78 1d761d73
2362100 1d791d76 1d731d75 1d7e1d73 1d781d7c
2362120 1d821d7c 1d811d83 1d7a1d77 1d851d7d
2362140 1d7d1d80 1d891d7e 1d8a1d8c 1d821d80
2362160 1d8c1d86 1d801d87 1d7f1d87 1d8f1d89
2362200 1d8b1d94 1d8d1d8b 1d8d1d9a 1d901d95
2362220 1d931d90 1d8d1d8a 1d8e1d8e 1d991d96
2362240 1d981d9f 1d991d97 1d971d9d 1d971d8c
2362260 1d991d9f 1d9f1d9e 1d9c1d9c 1d9b1d96
2362300 1d961d92 1d9c1d98 1d931d9e 1d961d9c
2362320 1d981d96 1d9e1d99 1d9f1da4 1da41d9f
2362340 1da21d9f 1da61da9 1dab1da0 1d981da2
2362360 1da01d9f 1da11d9e 1da61da4 1d9f1da5
2362400 1db21db0 1da91dad 1da51da6 1db31da9
2362420 1db11db0 1db51db4 1db01db0 1db81db2
2362440 1db81db7 1dba1db9 1db81db9 1db91dba
2362460 1dba1db6 1db11db1 1db21db4 1dbd1db8
2362500 1dbe1dbd 1dc01dbe 1dbb1dc3 1dbe1db9
2362520 1dc51dbc 1dc51dbb 1dc41dcb 1dbf1dc3
2362540 1dc31dc1 1dc81dc2 1dcf1dca 1dcb1dd0
2362560 1dcf1dcf 1dd11dd2 1dcf1dca 1dcb1dc8
2362600 1dcf1dcd 1dcf1dd0 1dd51dd6 1dd21dd0
2362620 1dd71dd2 1ddb1dd9 1dd71dd6 1dd11dd1
2362640 1dce1dd5 1dcf1dd1 1dd61dd6 1de01dde
2362660 1ddc1dd7 1ddb1ddd 1de21ddb 1de11de3
2362700 1de21dde 1de01de0 1de21de0 1de11de9
2362720 1de21de8 1de51de5 1de11de1 1de91de6
2362740 1de61dea 1de61de4 1de81de8 1de41dee
2362760 1dea1de1 1de51df1 1df11df4 1df31df0
2363000 1deb1df0 1dec1dea 1df11df8 1dec1deb
2363020 1df31df6 1df01df7 1df11df1 1dfa1df7
2363040 1df41df7 1df51dee 1df01df6 1df71df8
2363060 1df11df3 1df91dfc 1e001df9 1dfb1df8
2363100 1df91dfe 1dfb1df9 1dfe1e02 1e091e01
2363120 1e031e0b 1e061e05 1e071e07 1e031e05
2363140 1e0a1e0b 1e0e1e01 1e091e0c 1e091e0a
2363160 1e0d1e05 1e0c1e0b 1dff1e09 1e041e05
2363200 1dfe1e08 1e081dfe 1e021e06 1dff1dfc
2363220 1e041dfc 1e031e07 1e071dfe 1e041e0c
2363240 1e071e01 1e011e01 1e071e07 1e091e0b
2363260 1e121e09 1e131e14 1e161e1a 1e161e14
2363300 1e151e16 1e0e1e0d 1e101e14 1e0e1e13
2363320 1e121e10 1e151e17 1e131e1b 1e1b1e12
2363340 1e151e10 1e141e15 1e1a1e1b 1e1f1e1f
2363360 1e131e15 1e1b1e19 1e181e1a 1e1a1e1c
2363400 1e1d1e17 1e221e1a 1e1b1e1b 1e1f1e1f
2363420 1e1f1e19 1e1a1e19 1e211e17 1e211e1f
2363440 1e1a1e19 1e181e16 1e231e1c 1e221e22
2363460 1e2b1e29 1e271e30 1e281e1b 1e271e2b
2363500 1e2a1e26 1e2c1e2b 1e2a1e2f 1e2c1e2a
2363520 1e241e22 1e291e20 1e2c1e2c 1e2b1e29
2363540 1e2d1e30 1e291e2c 1e241e27 1e231e25
2363560 1e2a1e2a 1e2d1e31 1e371e2c 1e371e2e
2363600 1e321e32 1e321e33 1e2d1e33 1e341e2f
2363620 1e301e2d 1e341e2f 1e381e39 1e371e39
2363640 1e371e38 1e3a1e3c 1e381e3b 1e311e3a
2363660 1e341e33 1e3f1e3a 1e3a1e38 1e401e39
2363700 1e311e3a 1e3a1e3c 1e351e38 1e381e30
2363720 1e371e3a 1e381e39 1e341e36 1e361e35
2363740 1e311e32 1e3e1e38 1e341e39 1e391e3c
2363760 1e3c1e32 1e3b1e33 1e3e1e3a 1e381e3c
2364000 1e401e39 1e3f1e3a 1e411e44 1e421e43
2364020 1e3e1e44 1e411e4a 1e451e45 1e481e49
2364040 1e471e47 1e451e46 1e3b1e41 1e3e1e3b
2364060 1e481e41 1e4c1e4a 1e461e3f 1e441e49
2364100 1e3e1e3e 1e3f1e3a 1e401e3e 1e401e46
2364120 1e481e41 1e3c1e45 1e3c1e40 1e491e3d
2364140 1e4a1e41 1e481e4a 1e4c1e45 1e4e1e49
2364160 1e461e4b 1e441e4a 1e491e44 1e4b1e4d
2364200 1e4a1e4b 1e4c1e44 1e4d1e51 1e481e4b
2364220 1e4d1e4a 1e531e50 1e531e4d 1e481e52
2364240 1e481e4e 1e4a1e50 1e511e4c 1e571e52
2364260 1e591e57 1e561e53 1e531e59 1e571e51
2364300 1e551e58 1e541e57 1e521e4a 1e551e51
2364320 1e591e5c 1e591e5a 1e5b1e58 1e531e59
2364340 1e531e55 1e571e5c 1e581e5f 1e611e61
2364360 1e621e68 1e621e6c 1e601e62 1e641e64
2364400 1e6c1e65 1e721e71 1e6d1e74 1e6a1e67
2364420 1e6d1e6b 1e621e6b 1e691e64 1e5f1e65
2364440 1e661e63 1e6c1e66 1e671e6d 1e741e62
2364460 1e6a1e71 1e6a1e6b 1e6f1e6e 1e6f1e6c
2364500 1e821e7f 1e721e78 1e791e74 1e801e7e
2364520 1e791e81 1e7a1e7b 1e7e1e77 1e811e7b
2364540 1e7c1e7a 1e7c1e85 1e771e7c 1e831e7f
2364560 1e871e82 1e811e84 1e841e7f 1e7f1e7d
2364600 1e841e7c 1e841e83 1e891e81 1e841e85
2364620 1e7e1e8b 1e8a1e85 1e961e8c 1e851e92
2364640 1e8a1e8a 1e911e90 1e931e97 1e981e96
2364660 1e9a1e98 1e951e9c 1e901e98 1e981e99
2364700 1e9d1e9a 1e9d1e9d 1ea01ea7 1e9c1e9d
2364720 1e9d1e9e 1e971e92 1ea11e96 1e9c1e9d
2364740 1ea51ea1 1ea21ea8 1ea41e9e 1ea21ea4
2364760 1ea21ea2 1ea31eae 1ea61ea0 1eaf1ea9
2365000 1eab1ead 1ea81eaf 1ea81eac 1eb01eaa
2365020 1eb21eae 1eaa1eb2 1ea81eab 1eac1ea7
2365040 1ea41eaa 1eaa1eab 1eb01eae 1ea91eaf
2365060 1ead1ea9 1eb51ead 1ebf1eae 1ebc1eb9
2365100 1ebc1ec3 1ebc1ebe 1ebf1ebd 1ebc1eba
2365120 1eb71eb5 1eb81eb8 1eba1eba 1eba1ebc
2365140 1eb81ebb 1eb51ead 1ebd1ebb 1ebd1ec7
2365160 1ec81ec6 1ec91ec1 1ece1ec2 1ec51ec8
2365200 1ec51ec7 1ec91ec2 1ece1ec8 1ec91ec9
2365220 1ec11eca 1ec01ec4 1ec11ebf 1ec01ebe
2365240 1ec31ec7 1ec61ecc 1ec21ec9 1ecd1ec2
2365260 1ece1eca 1ecc1ecf 1eb71ebf 1ec61ec3
2365300 1ec91ec6 1ed11ed1 1ecf1ed5 1ec71ed0
2365320 1ec81ec4 1ecf1ec9 1ed91ed3 1edd1edd
2365340 1ed71ee0 1ed01ed6 1ed01ece 1ed31ed0
2365360 1eca1ec9 1ece1ecf 1ecf1ecc 1ed41ed5
2365400 1ed11ecf 1ed11ec7 1ed01ecf 1ed21ecf
2365420 1ed91ed5 1ed31edb 1ecf1ecf 1ecf1ed3
2365440 1ecc1ecb 1ecf1ed0 1ed21ed5 1eda1ecf
2365460 1ecf1ed6 1ed61ed0 1ed81ed4 1ecd1ed3
2365500 1ed71ed7 1ed81ed6 1edc1ed3 1ed21ed5
2365520 1ed61ed0 1ed01ed2 1ecd1ed0 1ed01ed5
2365540 1ed31ed7 1ed01ed1 1edb1ecc 1ee01edd
2365560 1ed91ed8 1edd1ed6 1ede1ed7 1ed11ed5
2365600 1ece1ed3 1ed21ece 1ece1ed1 1ed61ed7
2365620 1ed21ed6 1ed81ed6 1edb1edb 1ee71edb
2365640 1ee81ee4 1ede1edf 1edc1eda 1edc1eda
2365660 1ee01eda 1ee21ede 1ee91edd 1ee51ef0
2365700 1ee21ee4 1ee81ee6 1ee01ede 1ee21ee7
2365720 1edd1ee4 1eda1eda 1ed81ed8 1ede1edd
2365740 1edb1eda 1ed91edc 1ee21ee4 1edf1ede
2365760 1ee31ee5 1edd1ee2 1ee01ee0 1ee61ee8
2366000 1ee51eef 1ee21ee4 1edf1ee1 1edb1edf
2366020 1edf1edf 1ee91ee1 1ee51ee5 1ee11ee8
2366040 1edd1ede 1ee41ee0 1eea1ee8 1eeb1ee9
2366060 1ee01eeb 1ee01ee7 1ee41ee7 1ee51ee7
2366100 1ee41ee3 1eea1ee9 1eed1eec 1eed1ef0
2366120 1ee51ee7 1ede1ede 1eeb1ee6 1eed1ef2
2366140 1ee91eeb 1ef11eea 1eec1ee3 1eed1ef3
2366160 1ee91eee 1ee81eec 1ee71ee3 1eed1ee3
2366200 1eec1eed 1eec1eea 1eed1ee4 1eef1eea
2366220 1ef21ef6 1eec1ef7 1eef1eec 1ef51ef3
2366240 1eed1ef0 1eee1eec 1ef11ef0 1ef11ef1
2366260 1ef21ef5 1eee1eeb 1eee1eea 1ef91eee
2366300 1ef61ef9 1efd1efa 1ef81efd 1efd1efa
2366320 1ef41efa 1ef61ef6 1ef11ef2 1ef91ef3
2366340 1ef61ef2 1efa1ef3 1ef31ef6 1ef91ef6
2366360 1eef1eef 1ef31eef 1ef31ef9 1eee1eef
2366400 1ef71eee 1efb1eff 1ef11eef 1efc1ef9
2366420 1ef71efb 1f001efd 1efe1f00 1efe1f05
2366440 1efb1eff 1ef91efb 1ef81eff 1f001f04
2366460 1f011efb 1f091f0a 1f041f06 1f061f00
2366500 1f001efd 1efc1f00 1efd1eff 1f031f02
2366520 1f071f03 1f061f07 1f081f05 1f121f0b
2366540 1f081f0b 1f101f0c 1f0c1f11 1f131f0e
2366560 1f0e1f14 1f0d1f11 1f0b1f0c 1f0e1f0f
2366600 1f0a1f0d 1f0f1f14 1f121f16 1f121f18
2366620 1f1d1f11 1f1d1f13 1f1e1f20 1f201f18
2366640 1f111f13 1f141f18 1f241f23 1f1e1f24
2366660 1f321f29 1f1f1f21 1f231f1c 1f321f26
2366700 1f271f26 1f2a1f25 1f311f2e 1f291f2e
2366720 1f2c1f28 1f2e1f2e 1f311f2f 1f311f34
2366740 1f2f1f31 1f311f34 1f351f35 1f341f31
2366760 1f321f32 1f371f30 1f381f30 1f341f32
2367000 1f371f3e 1f3c1f3d 1f3b1f40 1f471f43
2367020 1f431f43 1f3e1f47 1f3a1f42 1f3f1f3d
2367040 1f451f3e 1f461f44 1f411f44 1f481f44
2367060 1f4c1f49 1f4b1f42 1f491f4d 1f4a1f44
2367100 1f4b1f4e 1f4f1f4d 1f551f4c 1f551f52
2367120 1f591f5a 1f571f5c 1f511f56 1f5d1f5a
2367140 1f5c1f56 1f5a1f5c 1f5d1f59 1f631f5b
2367160 1f5f1f5a 1f5d1f5d 1f611f5e 1f601f5e
2367200 1f651f62 1f681f66 1f6e1f68 1f621f67
2367220 1f5f1f63 1f661f60 1f6e1f63 1f641f6e
2367240 1f6d1f6c 1f6e1f76 1f731f6d 1f751f74
2367260 1f761f77 1f751f74 1f791f76 1f7a1f74
2367300 1f731f6f 1f6e1f73 1f711f75 1f781f75
2367320 1f7c1f79 1f811f7c 1f781f7b 1f721f78
2367340 1f7e1f7b 1f801f80 1f7a1f84 1f7d1f7a
2367360 1f751f78 1f891f83 1f7c1f80 1f891f89
2367400 1f861f86 1f7e1f7e 1f781f84 1f7e1f7e
2367420 1f8c1f7f 1f891f8d 1f811f93 1f841f8a
2367440 1f7f1f82 1f861f7e 1f8a1f87 1f811f85
2367460 1f8c1f8d 1f871f86 1f861f8d 1f8d1f8e
2367500 1f871f8d 1f801f87 1f831f83 1f881f81
2367520 1f8f1f90 1f8a1f93 1f8c1f91 1f8e1f86
2367540 1f851f89 1f7f1f87 1f7f1f7d 1f871f84
2367560 1f861f86 1f8e1f83 1f8a1f86 1f811f8a
2367600 1f901f87 1f911f90 1f8b1f91 1f8d1f88
2367620 1f881f90 1f8f1f8c 1f871f85 1f941f88
2367640 1f8d1f8d 1f8d1f8b 1f8c1f8d 1f891f89
2367660 1f8b1f8c 1f8d1f90 1f8d1f87 1f941f8f
2367700 1f951f8d 1f901f89 1f8e1f96 1f8c1f8c
2367720 1f8e1f8c 1f901f90 1f921f90 1f921f8f
2367740 1f871f91 1f861f8e 1f921f8a 1f911f8a
2367760 1f8e1f8f 1f891f8d 1f8e1f8c 1f8f1f8f
2370000 1f981f89 1f891f90 1f8c1f8e 1f8d1f90
2370020 1f8a1f8a 1f8a1f87 1f8f1f8f 1f8a1f91
2370040 1f891f8f 1f8c1f89 1f8e1f8d 1f881f88
2370060 1f881f88 1f881f8b 1f851f85 1f981f81
2370100 1f8d1f9a 1f961f92 1f871f8f 1f8a1f89
2370120 1f8e1f8e 1f8f1f8d 1f911f8e 1f8e1f8f
2370140 1f821f84 1f8b1f88 1f871f89 1f8c1f8b
2370160 1f891f8f 1f891f8a 1f871f8a 1f8c1f8d
2370200 1f8b1f8e 1f901f96 1f8b1f8f 1f8e1f89
2370220 1f851f8b 1f861f8b 1f8b1f8e 1f871f8d
2370240 1f8c1f86 1f881f88 1f8a1f86 1f881f8c
2370260 1f941f92 1f931f8d 1f8a1f8f 1f8b1f89
2370300 1f891f8a 1f901f8c 1f901f8d 1f931f98
2370320 1f8d1f91 1f8b1f8a 1f8b1f8b 1f931f87
2370340 1f881f8c 1f871f83 1f861f8e 1f8a1f82
2370360 1f8e1f8c 1f891f87 1f811f87 1f851f87
2370400 1f8b1f8c 1f8e1f82 1f811f88 1f861f85
2370420 1f8a1f84 1f8d1f88 1f8e1f8e 1f881f89
2370440 1f941f8d 1f941f8f 1f931f95 1f8e1f90
2370460 1f821f85 1f801f84 1f851f85 1f8a1f8c
2370500 1f8a1f8e 1f8b1f93 1f891f97 1f861f8b
2370520 1f821f83 1f871f84 1f851f81 1f861f86
2370540 1f8d1f93 1f971f96 1f951f94 1f8d1f92
2370560 1f8b1f89 1f921f8d 1f931f8f 1f961f93
2370600 1f941f91 1f841f92 1f901f8b 1f841f87
2370620 1f8d1f8a 1f901f8d 1f881f8a 1f991f92
2370640 1f931f90 1f8b1f8c 1f921f8e 1f981f92
2370660 1f941f95 1f931f92 1f9e1f99 1f931f99
2370700 1f971f94 1f991f98 1f9e1f99 1f9c1f9e
2370720 1f911f9a 1f971f96 1f9d1f99 1f991f99
2370740 1f941f97 1f901f92 1f961f9b 1f991f99
2370760 1f981f97 1f9c1f95 1f9c1f9a 1f9e1f9e
2371000 1f9f1fa8 1fa31f9e 1fa41fa5 1faa1fa5
2371020 1fa81faa 1fa71fb0 1fa21fa1 1fa91f9f
2371040 1fae1fa6 1fb01fb1 1fb91fb2 1fb21fb4
2371060 1fbb1fb3 1fb21fb4 1fad1fb4 1fb71fb0
2371100 1fb11fad 1fb81fb2 1fb81fba 1fbd1fbf
2371120 1fb81fba 1fbb1fb8 1fb71fbd 1fbd1fc1
2371140 1fc31fc9 1fbe1fbf 1fc21fc3 1fc41fbf
2371160 1fca1fc3 1fc61fcd 1fc41fc4 1fc41fc4
2371200 1fcc1fc4 1fcc1fce 1fd11fd3 1fcd1fd4
2371220 1fc61fcf 1fcd1fcf 1fcc1fcc 1fd21fd6
2371240 1fce1fd1 1fdb1fd4 1fd81fcf 1fdc1fd9
2371260 1fdc1fd9 1fdd1fdf 1fdc1fe2 1fdf1fe6
2371300 1fe51fe0 1fdf1fe7 1fe01feb 1fea1fe3
2371320 1fea1fd9 1fe91feb 1fe01fde 1fe41fe7
2371340 1ff01fe7 1ff21fec 1fee1fee 1fee1ff4
2371360 1fea1ff0 1ff41fee 1ff01fec 1ff01ff1
2371400 1ff41ff4 1ff71ff3 1ff01fec 1ffc1ff3
2371420 1ffd1ffe 1ffb2001 1ff81ff9 1ffe2001
2371440 1ff81ffd 1ff61ff8 20032001 2006200d
2371460 20031ffc 200c1ffa 20032007 20052004
2371500 20052005 20082009 200b2003 20122009
2371520 200c200d 200e2013 2013200c 200a2010
2371540 2014200b 2005200e 20162010 20182014
2371560 202b2020 2019201b 20132017 201b2019
2371600 201d201a 2017201c 201c2021 201f201c
2371620 20242026 20262024 201e2024 2019201f
2371640 2015201a 201f2016 20222023 2023201f
2371660 20212023 201d201b 201f201b 20212021
2371700 202c2024 20232029 2026201f 2025202b
2371720 20242022 201e2021 201d201b 2023201c
2371740 20232024 202c202b 2028202f 201b201e
2371760 20262024 20262027 20262024 202f2026
2372000 2026202d 20252024 20272025 20202024
2372020 20202020 201b201b 2016201e 20272021
2372040 20262029 20322026 202a2025 20222023
2372060 2019201f 20202020 20242020 20202025
2372100 20242021 202a2028 202c2027 2028202c
2372120 20222026 20232028 20222027 20262024
2372140 20282028 2026202d 20282027 20292025
2372160 20252024 20222026 201c201c 2015201a
2372200 202b2022 20262022 2029201f 20252021
2372220 20272026 2024202a 20242022 20272024
2372240 202b2026 20292029 20282033 20262024
2372260 20272023 202d202c 202b202c 2030202c
2372300 20292029 2024202a 20172026 2027201d
2372320 202a2026 20212025 201f2020 20172016
2372340 20212022 201f2023 201d201b 20202017
2372360 201e2025 20272023 20262029 201c2022
2372400 20222019 201b2021 201a2018 2019201d
2372420 201a2018 201e201b 2018201c 201a2019
2372440 20202019 201e201f 201b2021 201a201a
2372460 200e2014 20112010 200a200a 2018200f
2372500 20282018 2016201e 2014201b 201b2013
2372520 20182018 20142016 20172018 201b201a
2372540 201f201c 200e200a 20112016 200b200a
2372560 201c2014 20142017 20132012 200e200e
2372600 200f200b 20122011 200d200e 200d2009
2372620 2008200e 200d2009 200c200e 200a200a
2372640 200f2004 200c200b 2004200d 20052007
2372660 20022005 20042001 20082004 20052006
2372700 20052005 2007200b 200d200b 2008200b
2372720 20082004 20002007 1ffd1fff 20052005
2372740 20052008 20012005 20072005 20042008
2372760 20022004 20042001 20052008 20082006
2373000 200b2004 200b2007 2009200b 1ffc1fff
2373020 1ffd1ff9 20011ff7 200a2001 2006200b
2373040 20042001 20062009 20062006 2015200e
2373060 200d200c 200a200b 200a200b 20092007
2373100 200c200f 200b200d 20102008 200a2011
2373120 200e2008 20142014 200a200e 200c200a
2373140 20112016 2013200d 200f200e 2010200e
2373160 20142012 201e2019 20142019 20182012
2373200 20142017 20132014 20172012 20142016
2373220 201c2016 2017201b 20172019 201c201c
2373240 2016201e 20242018 2016201c 2012201a
2373260 2017201c 2016201d 2017201b 201f201d
2373300 202a2021 20292028 2028202d 20242025
2373320 20212021 201e2022 20262021 202d2028
2373340 20282028 202a202c 2028202b 202f202a
2373360 2027202a 20242023 20302023 20302030
2373400 202c2033 20342038 2030202f 20322030
2373420 202c2038 20362039 20322034 20332034
2373440 20352033 203d2040 2039203e 20472040
2373460 20422042 20472046 20402046 20462048
2373500 204d204c 204f204c 204e204f 20532056
2373520 20492055 2047204b 20522049 2053204f
2373540 205a205b 20512052 204f2053 205f2056
2373560 205a205a 2055205c 205c205a 2063205d
2373600 20612066 205f2061 205c2060 205e2068
2373620 20632066 205f2064 206a2068 20652067
2373640 20662069 206d206d 206b2068 20692070
2373660 20692066 206b2071 206b206a 20722065
2373700 2074206d 2076206f 207e2080 2074207c
2373720 20782076 20772079 206f207a 206d2077
2373740 20762077 2080207c 20842082 207c2082
2373760 207e207d 208a2085 208b2088 20802086
2374000 20802086 20832089 20852088 20862086
2374020 208b2089 20842090 2090208a 2088208c
2374040 20892085 20812083 20852084 20822080
2374060 2088208a 2094208d 2091208d 20932095
2374100 20942094 20962095 20982091 2093208e
2374120 20942094 20902094 20942094 20962093
2374140 208d2091 20a02092 209c2094 20952099
2374160 20992099 20982098 209d209b 20992097
2374200 20a320a4 20a6209e 20a920a8 20a220a7
2374220 209e20a4 20a6209f 20a0209e 20aa20a2
2374240 209820a0 2095209d 209f209c 209e209c
2374260 209f209d 20a0209d 20a520a2 20b420ab
2374300 20b620ad 20ac20ad 20a220a7 20ac20b3
2374320 20a120ac 20a020a5 20a520a3 20a520a7
2374340 20a520a3 20a320a8 20a720ab 20a720a8
2374360 20ac20ac 20b120b2 20ae20ae 20a720ac
2374400 20a820a6 20a420a9 20a520a9 20a120a6
2374420 20a420a3 20a520a3 20a120a9 20a420a4
2374440 20b120a5 20ab20aa 20ac20a9 20ab20af
2374460 20ab20ad 20a120ae 20aa20a4 20a820ac
2374500 20af20ae 20a820a3 20b220ad 20ae20a5
2374520 20a220aa 20af20b0 20ac20ab 20a920ab
2374540 20a4209f 20aa20a5 20a420a4 20a2209d
2374560 209e209c 20a220a2 20a420a1 20aa20a4
2374600 20a720a9 20a120a7 209e20a5 20a120a6
2374620 20a020a4 20a120a6 209d20a0 209b209b
2374640 209c209a 209e209e 209e20a4 20a0209e
2374660 209d20a0 20a2209b 209f209f 20a220a0
2374700 209f20a0 20a220a2 209a20a1 209d209e
2374720 20a620a7 209e209f 20a4209b 2097209b
2374740 20952095 20932095 20982098 209b2099
2374760 209a2092 20952097 20942096 2098209a
2375000 20962095 20932092 20972097 20942093
2375020 208e208f 2091208f 20992093 208f208f
2375040 208e2092 20882092 2091208b 208d208c
2375060 208e2093 208c2093 208a208f 20882087
2375100 20802086 20812087 208e2089 20892089
2375120 208a208f 208c208b 20822082 20862082
2375140 207b207c 20872081 2086208c 20832082
2375160 20812084 2080207f 208a2082 208a208b
2375200 20812087 208f2086 2088208b 20902092
2375220 20872088 2081208d 20852085 20852084
2375240 20852087 207e2080 207c207c 2080207f
2375260 20872082 20872081 20882082 20852086
2375300 207c2089 20842082 2084207f 20862083
2375320 207f2082 208a2087 208b2088 207c2082
2375340 208e2079 207d2082 20862083 20812083
2375360 20832089 20872083 208c2087 20852085
2375400 20792083 2082207a 20812078 20802083
2375420 20812083 208c2085 20892086 208c208c
2375440 2084208d 20842087 20862084 208d2084
2375460 2086207f 20872089 20802083 20822089
2375500 208c207f 2089208a 20822088 208b208b
2375520 2090208f 2092208b 208e2090 208b208f
2375540 208e208b 208e208b 2094208c 20902096
2375560 20922094 20952091 208a208f 2096208f
2375600 20922094 20912098 20932095 20a02098
2375620 20a5209d 209920a3 209c209f 209d209a
2375640 209b2098 209e2095 20a1209e 20a720a4
2375660 20ad20a8 20a920a0 20a220a4 20a720a3
2375700 20a6209f 20ab20ac 20ac20b0 20ad20b0
2375720 20b820b6 20c220b9 20b020b9 20bb20b1
2375740 20ab20af 20b220b7 20bf20b4 20bc20b9
2375760 20b920c3 20b420b3 20c120b9 20bc20bc
2376000 20ba20c0 20bc20b8 20c420c2 20bf20c2
2376020 20c420b8 20b820bf 20ce20c3 20c720c0
2376040 20c720ca 20ce20c5 20cb20cd 20c520cb
2376060 20cb20c6 20cd20cc 20d120d1 20c920ca
2376100 20ca20cf 20c720cd 20d020c9 20db20d4
2376120 20d820dc 20de20db 20d720d6 20d420d7
2376140 20d020d8 20d920cf 20e120d6 20e120dc
2376160 20d920de 20d420dc 20d620d7 20db20d7
2376200 20e320e2 20e920e5 20e720e8 20e420ee
2376220 20e620e4 20ea20ea 20e620e9 20e520ec
2376240 20ea20ed 20ec20e6 20f120ed 20e520e9
2376260 20eb20e5 20f020eb 20ec20f0 20fb20f4
2376300 20f620f2 20f320f6 20ff20f8 20fc20fc
2376320 20f820f7 20f320ef 20fb20f8 20f220fb
2376340 20f320f2 20f120f2 20f020f5 20f020f1
2376360 20f620f8 20f920f5 20ff20fa 20f720fc
2376400 20f220f8 20f420fe 20fd20fc 20f720f4
2376420 20f720f5 20f020f9 20f920f7 20fc20f6
2376440 210120fd 210220fc 21002103 210120ff
2376460 21092102 21032103 20fb20ff 20fa20fb
2376500 20ff2100 21052100 21042101 20f92105
2376520 20fe20fa 2109210a 21062106 210c210f
2376540 210d210a 210e2111 2104210a 21082102
2376560 210b2107 21022108 20ff20fd 21052106
2376600 210a2109 2106210b 210e2108 210b210a
2376620 21042104 21022103 2100210b 210d2108
2376640 210b2110 21122110 2107210f 211b210b
2376660 210c2115 210c210e 210f210d 210a210f
2376700 210b2101 210a2101 210e210e 21052109
2376720 21062104 21052105 21092106 21042103
2376740 21062106 21102111 21112110 21102112
2376760 2108210b 210e210d 210f210b 210a210a
2377000 210d2111 210c210f 210c2113 21072106
2377020 21072106 210820fe 2110210b 210e2117
2377040 210a2111 21042106 21092104 210d210b
2377060 2109210b 21122107 21142114 2107210a
2377100 210a2103 210a210b 21032105 21102101
2377120 21002100 20ff2103 21092107 2102210d
2377140 21052104 21092107 21072105 21012103
2377160 21082102 20fd20fc 20fd2106 21012103
2377200 210120fd 20fe20fd 20fd2101 20fa20f8
2377220 20f420fb 20f720f7 20f520fb 20f820f7
2377240 20fa20f0 20fb20f4 20f720f6 20f520f6
2377260 20f520f2 20f120f3 20fc20f6 20f220f6
2377300 20f820f1 20eb20ec 20ec20eb 20ec20ea
2377320 20f820f3 20eb20eb 20f220f1 20f720f2
2377340 20f520f2 20ec20ed 20f620f0 20f720ef
2377360 20ee20f5 20e420f2 20ef20f2 20f020eb
2377400 20ed20eb 20e320e5 20e420e4 20df20e6
2377420 20e720e1 20eb20ec 20e820e5 20e620ea
2377440 20de20e8 20ea20e7 20e120e9 20e920e4
2377460 20ee20e4 20ee20e7 20e420e8 20e520e7
2377500 20e320e7 20e520e3 20e420ec 20de20e3
2377520 20e120e7 20e520e4 20e720e5 20ea20ed
2377540 20ee20e9 20f020f2 20e120ed 20e520e2
2377560 20de20db 20d720e0 20da20dd 20dd20db
2377600 20df20e0 20db20e3 20de20dc 20e220dd
2377620 20e720e2 20ea20e9 20ec20e8 20e820e5
2377640 20eb20ea 20e720ec 20de20e2 20e320e0
2377660 20dc20e4 20de20e5 20e920e0 20eb20f1
2377700 20eb20ea 20e020e5 20e020e2 20e320e4
2377720 20e020e1 20e420e4 20ec20df 20ee20ef
2377740 20ea20f1 20ee20e5 20ec20ef 20ec20ea
2377760 20f220ea 20ef20ef 20eb20ec 20eb20f1
2400000 00003fe8 0001000a 01013fe8 000afe4a
2400020 00000005 00000000 63e50c71 0000010b
2400040 00000001 00001004 00003fe8 00000000
2400060 00000038 0001000a 20f220f2 20f520f2
2400100 20ee20e8 20e920ea 20e320e9 20ed20e4
2400120 20f420e9 20fd20fd 20f920f6 20f320f3
2400140 20f320f0 20f520ee 20f020f2 20ef20f4
2400160 20f220f8 20ea20f2 20f120e9 20eb20f2
2400200 20f320f4 20f620f2 20f620f6 20fb20f2
2400220 20fc20fb 21022102 20f82102 20fd20ff
2400240 21022100 b01104b5 00001004 0001000a
2400260 00010000 03b16039 00000ffc 0001000a
2400300 1400003c add01f00 add01f01 add01f02
2400320 add01f03 add01f04 add01f05 add01f06
2400340 add01f07 add01f08 add01f09 add01f0a
2400360 add01f0b add01f0c add01f0d add01f0e
2400400 add01f0f add01f10 add01f11 add01f12
2400420 add01f13 add01f14 add01f15 add01f16
2400440 add01f17 add01f18 add01f19 add01f1a
2400460 add01f1b add01f1c add01f1d add01f1e
2400500 ff000134 00000020 00000002 bebf7f2c
2400520 00000001 deadbeef f0000002 bebf7f18
2400540 050b3449 00000000 00000134 00001f48
2400560 a01004b6 22272101 22162221 22222215
2400600 221e221d 22232220 22192220 221c2221
2400620 2221221f 221d2223 22192214 2224221d
2400640 22252220 221b221e 22192214 221e2219
2400660 2221221d 222d2225 22272225 221a2226
2400700 221a2217 2221221a 2218221d 221b2219
2400720 221b221e 22182219 2217221d 221c2219
2400740 221d2218 2219221f 221c221f 22142219
2400760 22112214 22162213 2220221d 22202225
2401000 221a2223 221d221e 221d2217 22202218
2401020 221f2220 22152218 22102214 221e2218
2401040 22112219 221d221e 22162216 22152215
2401060 22102210 22152214 22122217 22152211
2401100 22182218 22192215 221c2216 22162218
2401120 22142213 22192220 22152213 22132213
2401140 22102217 220f2213 22162211 2210220f
2401160 22162217 220b2217 22112217 2209220f
2401200 220c2205 220d2206 220d2211 22102214
2401220 22042205 22092207 22062204 21fa2201
2401240 211721e2 1f342018 1e061e7b 1d881db4
2401260 1d5b1d68 1d4e1d54 1d481d47 1d4c1d46
2401300 1d401d47 1d411d45 1d3d1d3e 1d391d39
2401320 1d371d34 1d321d3b 1d341d36 1d2e1d36
2401340 1d2f1d2f 1d331d35 1d301d34 1d2f1d31
2401360 1d311d2d 1d321d32 1d2e1d31 1d291d2e
2401400 1d2b1d26 1d2e1d29 1d291d2a 1d2f1d2a
2401420 1d2b1d25 1d291d2b 1d2e1d28 1d2e1d33
2401440 1d2b1d30 1d2a1d29 1d2e1d2d 1d261d32
2401460 1d2a1d20 1d2d1d2b 1d301d30 1d2b1d2b
2401500 1d321d2e 1d271d2b 1d271d22 1d2c1d28
2401520 1d2c1d32 1d2c1d29 1d291d26 1d221d25
2401540 1d231d27 1d2c1d26 1d251d2c 1d2d1d1e
2401560 1d2f1d2b 1d251d2d 1d231d2a 1d1f1d23
2401600 1d211d1f 1d181d18 1d231d1b 1d261d26
2401620 1d241d26 1d301d26 1d2a1d24 1d291d2d
2401640 1d2a1d2d 1d2b1d2b 1d291d2b 1d2e1d26
2401660 1d2c1d35 1d2a1d2b 1d2d1d2b 1d261d28
2401700 1d291d26 1d291d31 1d2f1d28 1d2c1d30
2401720 1d331d25 1d341d2a 1d2f1d34 1d321d37
2401740 1d311d36 1d311d30 1d2a1d2d 1d371d34
2401760 1d2d1d3a 1d351d36 1d371d35 1d411d39
2402000 1d3e1d40 1d3a1d3f 1d411d43 1d3c1d39
2402020 1d3f1d3c 1d401d3e 1d4a1d49 1d3e1d4b
2402040 1d451d3d 1d431d43 1d401d45 1d4c1d45
2402060 1d4f1d4b 1d531d52 1d4a1d4e 1d531d4e
2402100 1d521d58 1d521d5d 1d511d54 1d4c1d47
2402120 1d4f1d4d 1d531d52 1d581d56 1d591d52
2402140 1d5c1d54 1d581d56 1d591d53 1d591d5d
2402160 1d541d58 1d5d1d58 1d691d5b 1d691d6c
2402200 1d681d6c 1d691d6a 1d671d66 1d631d66
2402220 1d6a1d66 1d6c1d6d 1d6e1d6b 1d731d70
2402240 1d751d75 1d6c1d71 1d6e1d72 1d711d6f
2402260 1d811d79 1d6e1d76 1d7b1d79 1d821d7b
2402300 1d831d81 1d831d84 1d851d7a 1d811d81
2402320 1d801d83 1d841d85 1d8a1d87 1d841d88
2402340 1d891d84 1d8b1d84 1d8d1d87 1d941d8c
2402360 1d991d99 1d931d96 1d9a1d97 1d991d9b
2402400 1d991d94 1d9c1d9c 1d9c1d9d 1da91da2
2402420 1da41dad 1daa1da5 1da81dac 1da01da7
2402440 1da81da4 1dad1dae 1dac1dae 1daf1db2
2402460 1da91dad 1dab1da8 1db31dac 1db11db6
2402500 1db41db0 1db41dbb 1db51db2 1dbe1dba
2402520 1dc11db3 1dbb1db9 1dc21dc2 1dbc1dc4
2402540 1dc81dc1 1dcb1dc2 1dc91dc9 1dc61dc5
2402560 1dbf1dc5 1dcb1dc9 1dd11dcc 1dc61dca
2402600 1dca1dcb 1dc81dc8 1dd21dc9 1dd81dce
2402620 1dd11dce 1dcf1dcc 1dd01dd0 1dd21dd3
2402640 1dd71dd0 1dda1dd8 1dd71dda 1ddd1dda
2402660 1ddf1ddd 1de81de3 1de61de4 1de11de8
2402700 1de11de5 1de31de7 1ded1de9 1de71dec
2402720 1dea1ded 1dec1deb 1de61de7 1df01ded
2402740 1df21deb 1dea1de9 1df21df0 1df01def
2402760 1df31df6 1df01dee 1dfb1df5 1df91df9
2403000 1df91df7 1dfd1dfc 1e041e04 1e051e06
2403020 1df81e04 1dfc1dfb 1e061e02 1e091dfd
2403040 1e101e05 1e071e0e 1e0a1e0a 1e051e06
2403060 1e0e1e07 1e0f1e0c 1e0c1e10 1e0f1e0f
2403100 1e171e0f 1e121e13 1e131e17 1e121e13
2403120 1e121e13 1e121e13 1e151e13 1e141e1c
2403140 1e0c1e13 1e101e11 1e131e10 1e1b1e1f
2403160 1e1e1e1a 1e171e1f 1e1b1e1e 1e151e1a
2403200 1e141e10 1e1d1e1a 1e1b1e15 1e1c1e15
2403220 1e251e26 1e221e1f 1e261e1c 1e231e24
2403240 1e271e2a 1e221e21 1e211e24 1e1d1e21
2403260 1e251e1f 1e271e28 1e2a1e2b 1e211e28
2403300 1e281e21 1e2b1e27 1e291e28 1e2c1e25
2403320 1e2a1e21 1e241e33 1e2c1e26 1e331e2f
2403340 1e2a1e2e 1e281e29 1e2b1e27 1e311e37
2403360 1e301e2d 1e321e2f 1e2d1e24 1e2b1e2d
2403400 1e2f1e34 1e291e31 1e301e2e 1e321e2d
2403420 1e301e2d 1e2d1e38 1e2c1e2e 1e301e2e
2403440 1e251e27 1e2d1e2a 1e311e2f 1e2c1e24
2403460 1e2b1e2a 1e2b1e2f 1e291e29 1e2c1e2f
2403500 1e261e21 1e231e2a 1e2e1e29 1e261e36
2403520 1e251e22 1e2a1e28 1e231e25 1e2b1e29
2403540 1e2e1e2b 1e251e25 1e311e2a 1e2d1e2f
2403560 1e2b1e2f 1e241e2a 1e261e28 1e261e21
2403600 1e251e23 1e241e23 1e1d1e24 1e1b1e1f
2403620 1e1a1e1b 1e201e22 1e191e1f 1e1f1e20
2403640 1e261e21 1e221e23 1e211e1f 1e1f1e23
2403660 1e221e1f 1e201e20 1e201e1c 1e1e1e16
2403700 1e211e21 1e241e1d 1e2a1e29 1e231e29
2403720 1e201e1d 1e261e23 1e1a1e21 1e151e1e
2403740 1e231e19 1e171e15 1e0c1e10 1e171e16
2403760 1e1a1e15 1e1d1e1e 1e211e1a 1e171e1b
2404000 1e181e1b 1e111e21 1e191e13 1e131e15
2404020 1e151e11 1e131e0c 1e1c1e13 1e171e14
2404040 1e161e18 1e161e13 1e201e1f 1e1d1e1f
2404060 1e1b1e19 1e151e1a 1e161e16 1e171e1b
2404100 1e1e1e19 1e1b1e1a 1e181e19 1e121e14
2404120 1e181e15 1e1d1e1f 1e141e15 1e1b1e0f
2404140 1e201e1f 1e281e1d 1e1b1e29 1e161e19
2404160 1e1f1e16 1e151e1a 1e111e14 1e141e16
2404200 1e181e1c 1e161e0d 1e141e17 1e201e20
2404220 1e251e1e 1e281e1e 1e261e21 1e231e25
2404240 1e241e26 1e221e24 1e261e1f 1e2a1e29
2404260 1e281e2b 1e2a1e27 1e281e2c 1e2e1e2c
2404300 1e281e26 1e261e25 1e291e29 1e321e2d
2404320 1e321e36 1e2b1e2c 1e291e29 1e2a1e2c
2404340 1e2c1e31 1e2a1e2a 1e2d1e2c 1e341e2e
2404360 1e321e37 1e331e30 1e2c1e34 1e2f1e29
2404400 1e351e34 1e331e32 1e2b1e37 1e331e34
2404420 1e3a1e39 1e391e3c 1e421e43 1e451e42
2404440 1e431e47 1e451e41 1e421e44 1e3e1e40
2404460 1e431e3c 1e4e1e43 1e441e47 1e4c1e49
2404500 1e4d1e4c 1e511e54 1e4b1e4d 1e4b1e4e
2404520 1e4d1e4b 1e531e4b 1e481e52 1e4e1e4c
2404540 1e521e4e 1e4f1e52 1e511e54 1e571e58
2404560 1e5b1e5b 1e611e57 1e5f1e5c 1e591e60
2404600 1e5b1e64 1e5d1e5c 1e651e63 1e681e66
2404620 1e6d1e69 1e701e71 1e6a1e6e 1e731e6d
2404640 1e771e75 1e701e78 1e741e77 1e771e76
2404660 1e7b1e7c 1e801e81 1e7d1e7c 1e881e7f
2404700 1e7b1e7d 1e8e1e82 1e821e83 1e7d1e80
2404720 1e871e89 1e941e8d 1e821e88 1e8e1e8c
2404740 1e851e84 1e891e83 1e8c1e88 1e8f1e89
2404760 1e971e95 1e921e95 1e921e98 1e951e99
2405000 1e921e94 1e981e97 1e991e91 1ea11e98
2405020 1e931e95 1e911e9c 1e9d1e9a 1e9e1ea2
2405040 1ea81ea1 1ea21eac 1ea11ea1 1ea81ea3
2405060 1eaf1eae 1ea61ead 1ea91ea6 1eb51eac
2405100 1ebb1eb5 1eb71eb5 1ebf1ec0 1eb31eb6
2405120 1eb41eb2 1eb41eb9 1eb21eb2 1eb01eb9
2405140 1ebd1eb6 1eb21eb8 1ebb1eb9 1eb61ebc
2405160 1ec01ebd 1ec11ec3 1ebb1ebb 1ebc1ec8
2405200 1ec11ebf 1ec01ec6 1ec71ec4 1ec51ec4
2405220 1ec41ec6 1ec01ec2 1ec31ec6 1ec81eca
2405240 1ed31eca 1eda1ed3 1ed81ed8 1ecc1ed2
2405260 1ed01eca 1ed81edb 1edc1ed8 1ed41ed6
2405300 1edf1edd 1edc1ede 1ed21ed2 1ed71edc
2405320 1edd1eda 1eda1edf 1ede1ee5 1ee11edf
2405340 1ee21ee4 1ee61ee8 1ee21ee8 1ee51ee2
2405360 1eea1ee1 1eed1eea 1ee31ee6 1ee71ee4
2405400 1ef01eeb 1ef51eed 1eec1ef4 1ef01eee
2405420 1ef21ef9 1ef31eef 1eff1eed 1ef51ef3
2405440 1ee91ef0 1ef31eea 1ef01ef5 1efa1ef1
2405460 1efa1ef8 1ef01ef7 1eef1ef3 1ef61ef7
2405500 1ef61ee9 1efe1efa 1f011f00 1efc1efe
2405520 1efa1ef3 1ef91ef7 1efd1ef3 1ef71ef9
2405540 1ef51efb 1ef51ef0 1ef21ef4 1ef91ef6
2405560 1efa1efa 1ef61ef7 1eff1ef7 1f001efa
2405600 1efd1efa 1efe1efc 1eff1efd 1f091f00
2405620 1f071f0a 1efb1f03 1efb1efe 1f021f05
2405640 1f081f04 1f061f02 1f061f04 1efb1f03
2405660 1efa1efb 1efc1f02 1f051f01 1efc1ef7
2405700 1ef91f01 1efa1ef7 1ef51ef9 1f001ef2
2405720 1eff1efb 1eff1f00 1efa1ef7 1efd1ef9
2405740 1f051f03 1efc1f01 1ef91efb 1f051f05
2405760 1f071f00 1f051f0c 1f071f02 1f001f07
2406000 1efe1eff 1efa1ef7 1ef91f02 1efc1ef7
2406020 1efc1f01 1ef81efc 1efb1ef2 1efb1ef1
2406040 1ef41ef4 1ef91ef7 1efc1efc 1efc1eff
2406060 1ef91ef7 1ef61ef4 1efb1efa 1efa1efe
2406100 1efd1efc 1ef91f05 1efb1ef8 1efa1ef4
2406120 1efd1ef7 1ef21ef4 1eea1ee5 1ef41eee
2406140 1ef01ef3 1ef11ef1 1eec1ef5 1eef1ee8
2406160 1eed1ef5 1ee51ee9 1ee51ee8 1ee81ee6
2406200 1eed1eef 1eed1eeb 1ef21ef2 1eef1ef2
2406220 1eee1eeb 1ef81ef1 1efd1efa 1eec1ef1
2406240 1eeb1ef0 1eed1ef1 1eee1eeb 1ef41ef4
2406260 1ef81ef3 1ef01eee 1ef51ef3 1ef91ef1
2406300 1ef31ef5 1eee1eee 1ef61ef0 1ef41ef6
2406320 1eee1ef7 1ee91eeb 1ee61ee4 1eec1eea
2406340 1ef21ee8 1ef31ef4 1eee1eed 1eec1ef0
2406360 1eeb1ef1 1ee91ee7 1ef01eeb 1ef81ef0
2406400 1efa1efa 1ef31efa 1ef61ef6 1efb1eef
2406420 1ef41eff 1ef71ef2 1efb1efd 1eee1ef4
2406440 1ef61ef4 1ef21ef0 1eee1ef5 1ef71ef3
2406460 1ef61ef7 1efa1ef8 1ef31ef9 1ef01ef3
2406500 1ef81ef1 1ef81ef0 1efe1ef8 1efc1efc
2406520 1ef31efc 1ef01ef6 1ef21ef2 1efa1ef3
2406540 1efc1ef7 1efc1efe 1eff1efb 1efb1f00
2406560 1eff1ef8 1ef41ef5 1eee1ef4 1efb1efa
2406600 1f021f01 1f021f03 1f021efd 1efa1f03
2406620 1ef71ef4 1efe1efc 1f021efe 1f041f01
2406640 1f081f07 1f091f07 1efb1f04 1f081efa
2406660 1f151f03 1f081f04 1f181f0c 1f0b1f15
2406700 1f101f0f 1f131f12 1f0e1f0f 1f0c1f13
2406720 1f111f0f 1f0d1f0e 1f0a1f14 1f121f0f
2406740 1f111f0c 1f141f11 1f131f1a 1f151f19
2406760 1f181f17 1f1d1f19 1f201f1b 1f241f20
2407000 1f241f2c 1f201f22 1f251f1e 1f241f23
2407020 1f221f23 1f221f23 1f201f22 1f1b1f20
2407040 1f1e1f1e 1f2a1f1d 1f251f26 1f251f2b
2407060 1f251f2a 1f251f22 1f311f2b 1f321f30
2407100 1f291f2f 1f2e1f2b 1f321f2a 1f2c1f2e
2407120 1f311f28 1f331f36 1f3c1f45 1f341f35
2407140 1f3d1f32 1f391f36 1f341f33 1f331f36
2407160 1f391f35 1f431f3d 1f401f43 1f3b1f40
2407200 1f3d1f3c 1f3c1f3c 1f401f39 1f481f44
2407220 1f3d1f43 1f4b1f4a 1f451f45 1f401f47
2407240 1f451f48 1f481f47 1f4a1f4b 1f491f4c
2407260 1f4b1f4a 1f471f47 1f4c1f50 1f551f52
2407300 1f561f53 1f551f53 1f551f51 1f5d1f57
2407320 1f5a1f5c 1f531f5d 1f571f53 1f4f1f4d
2407340 1f531f4e 1f5f1f5c 1f5c1f5e 1f5e1f5e
2407360 1f551f56 1f5a1f5b 1f601f5f 1f591f59
2407400 1f611f61 1f5a1f5d 1f601f66 1f5f1f64
2407420 1f5b1f5b 1f6a1f60 1f691f61 1f691f6c
2407440 1f751f6e 1f701f76 1f701f6e 1f6b1f6d
2407460 1f731f6c 1f6f1f75 1f701f6e 1f711f73
2407500 1f6e1f6f 1f701f6e 1f761f72 1f721f79
2407520 1f6a1f70 1f701f6d 1f771f75 1f781f81
2407540 1f741f79 1f771f72 1f7c1f7a 1f7c1f7d
2407560 1f7b1f7e 1f7d1f7a 1f8c1f80 1f821f88
2407600 1f801f84 1f7d1f84 1f7d1f7d 1f841f7c
2407620 1f831f89 1f881f84 1f7c1f7c 1f831f85
2407640 1f8a1f82 1f871f87 1f881f8b 1f871f90
2407660 1f881f8b 1f8d1f8d 1f8c1f8a 1f8b1f87
2407700 1f931f8d 1f8e1f88 1f921f8f 1f8b1f8d
2407720 1f931f8f 1f941f90 1f8e1f8f 1f8d1f8d
2407740 1f941f94 1f8c1f96 1f8f1f93 1f991f91
2407760 1f941f90 1f901f96 1f8e1f89 1f8c1f91
2410000 1f921f94 1f971f97 1f9b1f93 1f9d1f97
2410020 1f9b1fa1 1f9d1f96 1f991f9b 1f9a1f94
2410040 1f991f9a 1f981f90 1f9d1f99 1f9b1f94
2410060 1f991f9a 1f971f9a 1f9d1f9c 1f931f9d
2410100 1fa01f9d 1f9c1f9d 1f941f93 1fa01f9d
2410120 1f9b1f95 1fa51fa0 1f971f9b 1f8f1f99
2410140 1f951f91 1f9b1f94 1f9b1f91 1f951f9a
2410160 1f931f9a 1f8d1f9b 1f971f9a 1f951f98
2410200 1f951f93 1f921f92 1f981f95 1f971f95
2410220 1f931f8c 1f8a1f95 1f901f8e 1f901f93
2410240 1f921f93 1f921f90 1f931f8f 1f941f92
2410260 1f8e1f98 1f961f90 1f971f90 1f941f96
2410300 1f941f9b 1f991f96 1f8d1f8f 1f8b1f87
2410320 1f8d1f8e 1f911f8e 1f8f1f98 1f921f90
2410340 1f911f8d 1f911f92 1f8a1f8d 1f941f8c
2410360 1f8d1f8c 1f911f90 1f941f90 1f911f90
2410400 1f8e1f8d 1f8e1f91 1f911f8d 1f921f95
2410420 1f881f93 1f811f8d 1f8d1f88 1f971f8c
2410440 1f921f96 1f921f8d 1f931f95 1f941f92
2410460 1f931f98 1f931f93 1f8e1f8f 1f941f96
2410500 1f981f97 1f971f96 1f931f98 1f9a1f98
2410520 1f961f9b 1f961f92 1f971f99 1f961f97
2410540 1f951f9b 1f941f96 1f951f9c 1f981f95
2410560 1f951f96 1f911f94 1f901f94 1f921f90
2410600 1f961f92 1f931f92 1f941f96 1f9e1fa2
2410620 1f921fa0 1f961f8f 1f9e1f9e 1f9f1f99
2410640 1f9b1fa6 1f981f9b 1f991f97 1f9d1f99
2410660 1f9c1f9d 1f971f9e 1f961f9f 1fa21f97
2410700 1fa01fa5 1fa81faa 1fa01fa4 1fa01fa4
2410720 1f9d1fa0 1f9b1f95 1f961f9d 1f981f96
2410740 1f9e1f9e 1fa81fa5 1fa31fa0 1fa41fa0
2410760 1fad1fa4 1fad1fa8 1fb31fb0 1fad1fab
2411000 1faa1faf 1fac1fae 1fab1faa 1fa71fa8
2411020 1fad1fae 1fa61fa3 1faf1fb2 1faa1fb2
2411040 1fb41fac 1fb31fb7 1fbc1fb5 1fb81fba
2411060 1fb61fb3 1faf1fb3 1fb81fb6 1fb61fb6
2411100 1fba1fba 1fb61fb1 1fbe1fbb 1fbe1fbc
2411120 1fbd1fbc 1fb41fbb 1fb71fbb 1fb61fb8
2411140 1fb41fb9 1fb91fb4 1fc61fbd 1fc41fc0
2411160 1fc11fc1 1fbb1fbe 1fc51fc1 1fc21fc8
2411200 1fc41fc3 1fc01fc7 1fc11fc8 1fc31fbd
2411220 1fce1fcd 1fc61fcd 1fcf1fca 1fcd1fcb
2411240 1fce1fca 1fd51fd5 1fd01fc8 1fcb1fcc
2411260 1fd11fd2 1fd21fd3 1fd91fd5 1fd41fcf
2411300 1fcb1fc7 1fd21fcb 1fd11fcd 1fd81fd2
2411320 1fd41fcf 1fd81fce 1fe01fe3 1fd81fe1
2411340 1fda1fdc 1fd31fdf 1fdb1fd8 1fdc1fd9
2411360 1fd81fdf 1fd31fd8 1fd81fd8 1fe11fd7
2411400 1fe31fde 1fe81fe0 1fe41fe8 1fe51fe9
2411420 1fe81fe2 1fe71fe0 1fe01fe8 1feb1fe8
2411440 1fee1fec 1fee1fec 1fec1fed 1fea1fef
2411460 1fec1fed 1feb1fec 1fee1feb 1fe41fe5
2411500 1fe81fe6 1fec1fe8 1fef1fef 1feb1fef
2411520 1fe81fe9 1fea1fed 1fed1ff3 1fed1feb
2411540 1fef1fed 1fef1ff2 1fee1fef 1fe91feb
2411560 1fef1fe9 1ffd1fe8 1ff81ff6 1ff91ff1
2411600 20031ff7 1ff91ffa 1ffd1ff6 1ff71ffb
2411620 1ff01ffa 20041ffa 20031ffc 1ff51ff6
2411640 1ffe1ffb 20032001 1ffb1ffc 1ffe1ffb
2411660 20031ffb 20021ffd 20012005 20082009
2411700 2009200d 200d2004 200b200b 200c2008
2411720 200d200f 200c200a 20092008 20022003
2411740 20062005 20092003 20062007 2011200b
2411760 2009200d 2007200b 200c200c 200e200c
2412000 20142012 20142010 201a2015 20112010
2412020 200e2012 20172012 200f2013 200d2014
2412040 20192014 200d2015 200d2008 200c2010
2412060 20072009 200e200d 2014200b 2014200a
2412100 20102010 20092012 200f2013 2015200f
2412120 201a200d 20152014 2016201b 200f2014
2412140 20102013 201a2011 20182016 20142012
2412160 20162015 20112015 20172011 201c2016
2412200 20152019 201a201d 2017201b 2017201a
2412220 20112012 20102010 201b2018 20132011
2412240 20182010 2012200f 2010200c 20152017
2412260 20122019 20182016 20112010 20152015
2412300 2017200d 20172015 20162014 20102013
2412320 200d200d 20122018 20182014 20112012
2412340 200b2009 2013200b 200c2013 2014200c
2412360 2010200c 20092009 20142010 20112015
2412400 200c2014 200b200c 200f200f 2010200c
2412420 200a200f 2013200d 2010200c 200e2013
2412440 20102013 200b2014 200f200c 200d2008
2412460 20072007 20012009 1fff2006 1ffd2000
2412500 20032000 20032006 20082003 20052009
2412520 1ffe2003 20042004 20002002 1ffe2001
2412540 20062003 1ffe2001 20062001 200c200a
2412560 200a2010 20062002 1ffe2008 20042003
2412600 20042002 1ffe2002 20082006 20062008
2412620 20142009 200b2013 2006200c 200b200e
2412640 20052003 200e2000 200c200b 20072008
2412660 2004200b 200d2006 200f2007 200a200a
2412700 200a200b 200d2012 20092009 20082000
2412720 20092007 200a2004 2009200c 20062003
2412740 200c2008 200c2012 20052005 1fff2005
2412760 20012004 20062003 200b2009 200f201a
2413000 20122010 20042007 20082003 200d200d
2413020 200a200f 2011200e 2014200e 200e2015
2413040 20092008 2015200b 2007200d 2011200d
2413060 20132009 200d2012 20172018 201a2016
2413100 20142013 2014200c 2017200e 201a201c
2413120 20162017 201d2019 201f2020 2016201d
2413140 201a2017 20162013 200e2013 20172014
2413160 201c201a 201a201b 20212020 20222020
2413200 2027201c 20242023 201a2022 201e201f
2413220 201b201d 201d201c 202a2028 202d202c
2413240 202e2030 202b2029 2027202a 20242026
2413260 202b2027 202c2030 2031202a 202b2036
2413300 202f2029 2023202f 202e202e 20352030
2413320 202e202e 203b2034 20332033 202f2031
2413340 202b202a 202c2024 20352031 20312033
2413360 2035202f 203c202d 203b2034 20382039
2413400 2039203c 2037203f 203d203e 20422040
2413420 20412043 203f2042 203f2041 20462043
2413440 20432041 204c2040 2048204d 2050204c
2413460 2052204d 204d204e 204f204b 204a204f
2413500 2051204e 204e204d 204f2047 2049204d
2413520 204d2051 20562055 205a205a 20592055
2413540 2061205c 20622068 20532055 2059205d
2413560 205a205c 205d2058 2053205f 2060205a
2413600 20592060 2062205f 205d2059 2058205a
2413620 2060205c 2062205d 2067205d 20682062
2413640 206c2068 2070206f 206e206e 206a206f
2413660 2070206f 20732072 206f206e 20732077
2413700 20762073 20722070 206c2068 2069206d
2413720 2069206f 20762071 20742072 206f2071
2413740 20742071 20732072 20742074 20742071
2413760 20712079 2076207e 20792079 20762077
2414000 207a207b 20842080 207d207d 207c207d
2414020 2072206d 20782079 20852083 20832080
2414040 2089207f 20862085 20882085 208b208b
2414060 20932086 2084208e 208b208d 2080208d
2414100 20812082 20872086 208b2089 2088208a
2414120 20862086 2088208f 2092208e 208c208d
2414140 208f2086 2088208a 20862087 208a208a
2414160 20882088 2090208c 20932092 20912090
2414200 208e2095 2093208c 2090208f 20942095
2414220 209b2094 20912092 2097208f 20912093
2414240 208f2093 2090208c 208f2091 2090208e
2414260 208e2094 20932090 2093209a 20902098
2414300 20922096 2098208e 20972094 20922093
2414320 20992090 20902094 20932095 209b2099
2414340 20992099 209d20a2 209a209c 20912094
2414360 2090208d 20922099 20912095 20932093
2414400 20902093 208b2090 208a208f 208d2086
2414420 20922091 209c2093 20922098 20952094
2414440 20942098 208a2090 208e208c 2090208f
2414460 20962096 208e2092 208f2091 20932091
2414500 208e208f 208d208e 20962090 20952095
2414520 2091208e 20a120a0 208e2093 208f2096
2414540 208c2092 208d208a 208c2091 20802085
2414560 20872083 2082207d 208a2086 208c2089
2414600 2085208a 2085208d 2083207d 20892083
2414620 208c2085 208a208e 208b2089 208a2085
2414640 20852083 207f207d 2087208c 20882088
2414660 207b2089 207f2074 20852080 20842083
2414700 207f2081 2073207c 2077207b 207d207e
2414720 2074207a 2079207f 2070207b 206f2066
2414740 20752076 20742074 207c207c 2074207c
2414760 2073206e 20792071 20732079 20782076
2415000 2076207c 20762074 207b2075 2075207d
2415020 20792077 2075207e 207e2075 2078207a
2415040 20752078 2077206c 207b2076 20732073
2415060 20712078 206e2077 2070206d 20712071
2415100 206f206f 2075206f 206e2070 20752070
2415120 20772078 206e2075 2074206f 20712078
2415140 20742077 206e2074 20782074 2075206c
2415160 206f2075 206b2071 206b206e 206c206a
2415200 206b206b 20702070 20732071 20762075
2415220 206b2070 2067206c 2069206a 20642069
2415240 20662066 206d2067 2072206f 206a2074
2415260 206b206d 2073206e 20782073 207a2074
2415300 207a2079 20732079 2072206d 2070206d
2415320 20702070 20672070 206b2072 20712070
2415340 20772079 20702080 20742078 2079207a
2415360 20732074 20742073 207a2076 207b2078
2415400 207c207c 207d2074 207f2076 20812080
2415420 2081207c 207c2080 207f207c 2081207c
2415440 2078207e 207b2079 207b2087 2080207d
2415460 20832082 207f2084 207c2085 207d2084
2415500 208b2080 20812083 20842081 207e2080
2415520 20802083 20802084 20852081 20862085
2415540 20872080 208a2090 208f208e 208e2091
2415560 2088208b 208a2089 20942090 208d208e
2415600 208f2085 20932093 20952094 209a2095
2415620 20942098 20962096 209d2095 2094209e
2415640 209c209b 20a1209e 20a2209b 2097209f
2415660 209e20a2 209d20a0 209e20a2 20a1209c
2415700 20a920a2 20a120a6 20a720a7 20a020a4
2415720 20a520a5 20a320ad 20a820a6 20aa20a9
2415740 20a820a6 20b220ae 20ac20a8 20ae20b8
2415760 20a620b3 20af20ae 20b520aa 20b320b1
2416000 20af20b6 20bd20b5 20be20bc 20b620b5
2416020 20b720b8 20ae20b6 20b420af 20b720ba
2416040 20bc20b3 20ba20be 20b820be 20bb20be
2416060 20bc20ba 20bc20be 20b620b9 20c320c0
2416100 20be20c2 20bd20be 20bd20c2 20be20be
2416120 20b820be 20be20bd 20cb20c0 20d820cc
2416140 20cd20d3 20d520d4 20d320d1 20c920d3
2416160 20cc20ce 20cc20ca 20c220c6 20c420c2
2416200 20c820c6 20cc20ca 20c020c3 20c720c9
2416220 20d020cc 20d620d1 20dd20da 20de20dc
2416240 20da20db 20d520da 20db20d5 20d620d4
2416260 20de20d5 20d820d9 20d520de 20d820d8
2416300 20db20d6 20db20da 20d820d9 20dc20dc
2416320 20d820d6 20dd20dc 20de20db 20d620dc
2416340 20db20d9 20e720e0 20ea20ea 20db20e8
2416360 20d920e0 20e220e0 20ea20e7 20e620e4
2416400 20e420e5 20df20e8 20e420e6 20ee20ea
2416420 20f120eb 20eb20eb 20e720e5 20e020e6
2416440 20e820e2 20f220e7 20f120fb 20f120fe
2416460 20f620f0 20fb20f6 20ec20f1 20ed20ef
2416500 20f620f5 20f320f1 20f620f6 20f920f3
2416520 210220fa 20f920f9 20f520f2 20fa20fa
2416540 20fa20f5 20f720f4 20f120fa 20f820f4
2416560 20f820ef 20fa20f3 20f920f8 20fa20fe
2416600 20f62102 20fc20fa 20fd20f4 210020f8
2416620 20fe2104 20ff20fd 20fd20fc 20fe20f7
2416640 20fe20f9 20f720fa 21022100 20f620f7
2416660 20f820f6 20f520fa 20f620f4 20fd2101
2416700 20f720f6 20f620f5 20f420f1 20f520ee
2416720 20fd20f9 20f720fb 20f720e9 20f420f5
2416740 20f020ef 20f820fa 20f620f7 20fb20f6
2416760 20f620fa 20f720f6 20f820f5 20fa20f3
2417000 20f620f8 20fb20f5 20f420f4 20f420f4
2417020 20f220f6 20f020f0 20ef20f1 20ee20ef
2417040 20e720ef 20f420f0 20f120e9 20f220f1
2417060 20f320f5 20f520f0 20ef20ee 20e620e8
2417100 20ea20e6 20dd20e7 20eb20e7 20e920ed
2417120 20ea20e8 20e020e1 20e420e4 20e920ec
2417140 20e720ec 20ec20e9 20ea20ed 20ea20ef
2417160 20e320ee 20ed20ed 20ec20dd 20f020ee
2417200 20e220e7 20e620ea 20e920e6 20e720df
2417220 20e320e1 20e220e2 20e420df 20e520de
2417240 20e820dd 20e420e2 20e220e5 20e620e4
2417260 20de20df 20e820e2 20e720e6 20df20e0
2417300 20dd20e4 20dd20dd 20e020df 20df20e0
2417320 20e620e2 20e520e7 20ec20ec 20e520e0
2417340 20df20e3 20e120db 20e620de 20df20e3
2417360 20e220dc 20dc20e5 20e020d9 20dd20db
2417400 20eb20e1 20e120db 20e220dd 20d720df
2417420 20df20de 20e020dd 20ec20df 20e120e9
2417440 20df20dc 20df20e4 20dd20e2 20e320e1
2417460 20e320e3 20e420e4 20e020eb 20e020e2
2417500 20dc20e2 20e020d9 20de20e5 20e320e2
2417520 20e020e2 20dd20de 20e520de 20ea20e6
2417540 20e720ea 20ea20ed 20eb20e9 20e320e8
2417560 20e520ec 20e220e6 20e320e1 20db20dc
2417600 20d720d7 20da20da 20de20e4 20ea20ea
2417620 20e620ea 20e120e9 20e420e8 20e120e4
2417640 20ea20e7 20ed20e2 20ea20eb 20e820e9
2417660 20e820e8 20ea20e2 20f320f1 20f220eb
2417700 20ec20f3 20f120f0 20e620e6 20ed20e4
2417720 20ef20f1 20e720ed 20e720ee 20ef20eb
2417740 20f120f3 20f120ef 20ea20ee 20ec20ec
2417760 20e920ed 20e920e3 20e720e5 20f120ec
2420000 20e920ec 20e620f0 20ee20ef 20e720ea
2420020 20e420e6 20ed20ec 20f320f3 20f620f5
2420040 20f120f8 20f220f1 20ec20f0 20e920ed
2420060 20eb20ee 20eb20f0 20f320f3 20ff20f4
2420100 20fa20fa 20fb20f3 20fd20fa 20fb20fa
2420120 20fa20fc 20f420fb 20f620f5 20f720f7
2420140 20f720f7 20f820f9 20f320f4 210520fe
2420160 210320fd 20fe2104 21092106 210a2103
2420200 210b2102 21002106 20fd2100 21002105
2420220 210320ff 21062109 21012101 210120ff
2420240 21032107 20fa2104 21002103 21052101
2420260 21062105 b01004b6 00001004 0001000a
2420300 00010000 03b1603a 00000ffc 0001000a
2420320 1400003c add01f00 add01f01 add01f02
2420340 add01f03 add01f04 add01f05 add01f06
2420360 add01f07 add01f08 add01f09 add01f0a
2420400 add01f0b add01f0c add01f0d add01f0e
2420420 add01f0f add01f10 add01f11 add01f12
2420440 add01f13 add01f14 add01f15 add01f16
2420460 add01f17 add01f18 add01f19 add01f1a
2420500 add01f1b add01f1c add01f1d add01f1e
2420520 ff000134 00000020 00000002 bfc6c3f9
2420540 00000001 deadbeef f0000002 bfc6c3e5
2420560 2003024a 00000000 00000134 00001f48
2420600 a01104b7 21fd20fe 22032200 21fa21ff
2420620 22082200 220121fd 220021fe 22062201
2420640 220921fe 22082203 2209220a 220b2208
2420660 220f220b 220e2214 22092203 220d2204
2420700 22012209 220c220b 220f2211 2211220c
2420720 22122210 2207220f 22012205 2208220c
2420740 220c220a 22082206 220e2209 22152213
2420760 22162215 22112213 2214220f 22062209
2421000 22092206 2209220c 22102204 220f2211
2421020 2209220f 22082212 2209220c 22092207
2421040 2211220e 220d2215 220a220f 220c220d
2421060 2210220d 220f220d 21ff220a 22062205
2421100 22162215 221d2220 2215221e 221a2216
2421120 220e2216 220b2211 220e220e 220b220e
2421140 22122210 220c2211 220a2211 220a2208
2421160 220e2209 2213220c 22132212 221a221a
2421200 220f2215 22142213 221c2216 2218221c
2421220 2212221a 221b221b 221a2218 221b221b
2421240 22152218 2227221c 22222224 221f221f
2421260 220a2220 218c21c4 212c2158 20f32106
2421300 20dd20ea 20da20d9 20d820d9 20d420d6
2421320 20d220d4 20d820ce 20d620d5 20d120d1
2421340 20d820d5 20d520da 20d420d1 20cc20d3
2421360 20dc20d0 20d720db 20db20e0 20ec20e1
2421400 20d920dd 20d720d9 20da20d8 20dc20d2
2421420 20db20d9 20db20dc 20dc20dc 20de20d2
2421440 20e820d9 20dd20e1 20d820db 20e420de
2421460 20e720e5 20df20e3 20e420e0 20eb20eb
2421500 20e220ec 20e120eb 20e120e5 20e720e5
2421520 20e020ea 20db20e5 20dc20e1 20dc20da
2421540 20e320de 20e220e4 20df20e4 20e020e3
2421560 20e420df 20ed20e5 20e220e0 20de20e0
2421600 20e220e3 20e220e7 20da20dd 20dd20da
2421620 20d320db 20d720d7 20d520d6 20d720ce
2421640 20d720d4 20e020d7 20dd20da 20dd20df
2421660 20df20de 20d220d7 20cf20da 20d320d3
2421700 20d320d5 20da20d5 20e120e1 20df20de
2421720 20e320e0 20e520ea 20e520e5 20df20e0
2421740 20db20dd 20db20d5 20d720df 20db20dd
2421760 20e020df 20df20e2 20d420d9 20cb20d9
2422000 20da20d5 20d920da 20d820d6 20df20db
2422020 20dc20e3 20d520d7 20d720db 20de20d9
2422040 20de20e8 20db20e0 20d320dc 20d920da
2422060 20db20d8 20e420db 20e220e2 20de20e2
2422100 20d920d7 20dc20d2 20d520d8 20d620d7
2422120 20d220d9 20db20d2 20de20d4 20d520da
2422140 20d920d6 20da20d7 20dd20dd 20db20dc
2422160 20dc20dd 20dc20de 20e420db 20d920d9
2422200 20d220dd 20e320de 20e320de 20df20e3
2422220 20e220de 20da20e9 20dc20e3 20e120d6
2422240 20e620e0 20df20e4 20df20e7 20e820e6
2422260 20df20e7 20df20db 20de20dd 20d920dc
2422300 20dc20e3 20db20db 20e120df 20da20df
2422320 20dd20df 20d920df 20d920dc 20e120dd
2422340 20da20dd 20da20d9 20dc20dc 20e020e2
2422360 20e020d4 20de20de 20d820dc 20d620db
2422400 20df20e4 20e320dd 20e720e0 20e120e3
2422420 20df20e0 20e220e8 20e620e2 20e620e7
2422440 20e020e4 20e020e9 20e820e3 20e720e7
2422460 20de20e0 20db20e4 20e120e0 20e620e3
2422500 20e820e6 20e420e9 20e420e9 20e620eb
2422520 20e520ee 20e920e7 20e920e8 20ea20ef
2422540 20e820e7 20ec20ea 20eb20e9 20ed20f1
2422560 20e720ed 20e520ea 20e720e4 20ea20e7
2422600 20e620e9 20dd20e0 20e620e9 20ed20e5
2422620 20e520dd 20ee20e8 20e920ea 20f220f1
2422640 20ee20ec 20ee20ed 20ed20ef 20ee20f7
2422660 20ef20f7 20f120e8 20ee20ed 20ea20eb
2422700 20ec20e6 20ec20ea 20f920f6 20f220eb
2422720 20f020ee 20e920ed 20f320ef 20f320ec
2422740 20f520eb 20ee20f0 20eb20ea 20fc20f4
2422760 20ee20eb 20f120f0 20eb20ed 20eb20ee
2423000 20ef20f7 20f320f2 20f620f5 20ee20ef
2423020 20f920ec 20fa20f6 20f320f7 20f420f4
2423040 20f920f6 20f820f7 20f420f7 20f820f8
2423060 20f320f7 20f820f7 20fa20f7 20f72100
2423100 20f120f3 20f620ed 20ee20f5 20f520f4
2423120 20ef20f3 20f120f3 20f620f5 20f520f7
2423140 20ef20f5 20f620f6 20f520f7 20f420f4
2423160 20fa20f9 20f920fc 210120fa 21052100
2423200 20fc20fd 20ff2100 20f020fc 20ed20f1
2423220 20f320f1 20ff20f4 21032103 20f820f8
2423240 20f620ff 20fa20ff 20fd20fc 20f120fa
2423260 20f820ef 20fb20fe 210120f9 20f620fd
2423300 20f720f6 210220fe 20fe20ff 20fa20fa
2423320 21072108 20fc2102 20f320fb 21032104
2423340 20f820fe 20fa2104 20fa20fb 20ff20f6
2423360 2108210b 2106210e 210b2102 21042105
2423400 20f820fd 20f720fa 20f920f6 21042100
2423420 21102108 21072108 21082106 20ff2105
2423440 21032105 21042102 20fd2101 21072109
2423460 20fb2104 21092101 21112111 210d210d
2423500 2107210b 210c2108 21062100 21012104
2423520 20fa2101 210b2106 21052106 21052102
2423540 21042100 21012103 20fd20fc 21032104
2423560 20ff2105 21092101 21072108 21102113
2423600 210e2109 21072106 20f92100 21012103
2423620 21092107 210c2107 210b210d 2108210c
2423640 210d2104 21072107 210b210b 21072103
2423660 21042105 21022104 210b210e 2115210a
2423700 2109210c 210f210c 210f2113 210f2110
2423720 2111210a 2110210c 210a210e 210a210e
2423740 210a210d 210b210b 210e2106 210a210b
2423760 21022109 210a210e 2101210b 20ff2102
2424000 20fd2104 20fa20ff 21012106 21032104
2424020 21092103 210b2105 210b210b 2100210c
2424040 20fa20fd 210e2100 20ff2101 21072106
2424060 20fc2102 21002101 2102210a 21082100
2424100 21042102 20fc20fe 210620fe 21072102
2424120 21002102 21022108 21022105 21022104
2424140 20fc2102 20fc20fb 20fc20fc 20fc2103
2424160 20fe20f8 20fe20fa 210120fb 210020fe
2424200 20f520f6 20fe20f9 20fa20f7 20fc20f9
2424220 210120fe 20fa2102 21002102 20f620ff
2424240 20f320ef 20fe20f7 210720fd 21072102
2424260 210320fd 21022106 20fd2100 21012105
2424300 21092101 21092109 21012102 21062105
2424320 20ff2109 21032106 21082106 21032104
2424340 21052104 21052105 21022106 21052103
2424360 21022108 20ff2106 21002103 20f92105
2424400 20ff20fc 20fb20fc 20ff20ff 210120fd
2424420 21032101 20fa20fb 20f920fb 20fc20fe
2424440 21002100 210420ff 210620fe 21032106
2424460 21002106 21072105 21052106 210b2104
2424500 21082107 21052105 21032103 210520ff
2424520 210520ff 2109210a 21092108 21082104
2424540 21022102 210a20ff 210020fd 21102101
2424560 21092113 2112210b 210d2109 210e210f
2424600 2111210a 21072109 210d210c 210e2107
2424620 210f210c 2110210c 21122113 21162118
2424640 21132118 21122115 210d210d 21112119
2424660 21132111 21172113 21162119 21142119
2424700 210d2118 2110210e 21172110 21182114
2424720 2112211a 211d211c 21162116 2115210e
2424740 211e2119 211a2120 21162114 21182117
2424760 211a2119 21122113 211d211c 211e211c
2425000 21242123 2126211f 21242120 21202121
2425020 21172128 212a2123 21222121 21282123
2425040 2123212c 21262120 21212125 21252123
2425060 212b212c 21242128 212a2127 21292129
2425100 21302127 2128212b 21212128 21322131
2425120 212d2130 21262127 21262124 2127212b
2425140 212b2130 21282123 2137212b 212e2129
2425160 21302130 212a2134 212f212c 213a2128
2425200 21352134 2139213f 2139212f 21332135
2425220 21312132 21332130 21382139 21322135
2425240 212f2132 21382133 21382133 21342135
2425260 21382134 21462138 2137213d 213c2138
2425300 212f2137 21312135 21362135 2137213b
2425320 21322138 21322138 213b2139 21372142
2425340 213a2136 213c213d 213a213e 2141213f
2425360 21432140 21432140 2138213f 213a213e
2425400 21362137 213a213e 213a213d 213a213b
2425420 213e213d 21402143 21362137 213a2135
2425440 213b2137 2139213b 213d2141 213c213b
2425460 213c2132 213a213b 21352138 2134213b
2425500 2140213a 213c2138 213b213e 214b2147
2425520 21462143 213c2142 213a213c 21422143
2425540 214a214e 2148214f 21452145 21432142
2425560 213a213c 213a213b 213b2142 21432145
2425600 21472147 21422148 21432146 213d2148
2425620 21412137 213f213e 2141213a 213c2142
2425640 21412144 214f2142 21492147 21452149
2425660 21452147 214f2151 214e214e 2147214a
2425700 2149214a 2145214d 2142213f 213f213c
2425720 213c2138 21402136 21412142 2145213f
2425740 214b2144 214c214f 2144214c 21452147
2425760 21452143 213a213d 213a213a 214f2148
2426000 213d2145 2149213c 2145214a 21522148
2426020 2149214d 213e2142 214a214b 214f214a
2426040 214b2149 213c2141 21432142 21432147
2426060 21442148 214c2148 214a214b 2148214c
2426100 214a2149 214f214e 21432142 213b2141
2426120 213d2136 213f2143 213e213e 2134213b
2426140 21312134 21352135 21372137 213f213c
2426160 21452138 21462142 213f2146 213e213f
2426200 21372142 21382131 21322134 21392135
2426220 21372135 213f213a 21382136 2134213e
2426240 212d2131 212c2128 212b2135 212e2129
2426260 212b2137 212f2134 2132212f 21362136
2426300 21392135 21292133 212c212f 2130212e
2426320 212c2132 212f212c 2128212c 212c212a
2426340 212a212c 212d212c 2126212c 212a2125
2426360 2126212d 212e212a 2128212d 212e2129
2426400 21242122 21272126 2123212a 21252127
2426420 212a2128 212a2123 21282129 2123212c
2426440 21262126 2126212d 21242129 21202122
2426460 21262126 21292129 21282128 211f2120
2426500 21262122 21212120 21222121 2122211c
2426520 212f2125 211b2121 21292130 212c212b
2426540 212e2120 21282127 21262125 212c212a
2426560 21282125 21252126 21272122 2129212c
2426600 212c212c 212b2128 212b2128 21262125
2426620 21272129 212b212b 21272128 21262126
2426640 212a2129 21242129 21222123 2122211e
2426660 21212121 212d2127 2129212c 21262120
2426700 21262121 212b2125 2123212a 2122212b
2426720 212a2129 212d212c 21342130 2132212d
2426740 212c2126 2132212d 2134212e 2136212d
2426760 21352135 212e212f 21302130 212c212e
2427000 2133212e 2134213a 213c2135 213e213b
2427020 213d213c 2133213a 21362131 21382136
2427040 2135213a 21392137 213e2141 213d213f
2427060 213e213e 213e2142 213c213e 21432140
2427100 213d213e 213f2145 21472140 21412144
2427120 2146213e 213e2140 21452141 21432142
2427140 21472146 21492145 21442143 21482148
2427160 21482143 214a2145 21502149 2145214d
2427200 214e2148 21442148 214d2144 21512148
2427220 2151214c 21442154 2154214c 214c214f
2427240 214f214b 21502153 21532156 21552153
2427260 21562150 21582157 21582152 21592159
2427300 2162215d 215c2164 21652160 215c2161
2427320 215f215c 21632162 215c2160 215a215a
2427340 215e215e 215f2166 215c2160 21662164
2427360 21662165 215e2160 2161215e 2165215c
2427400 21662165 216b2165 2169216b 216a2169
2427420 216b2171 216d2168 21612161 2164216a
2427440 2168216a 216e216d 216d216c 21652164
2427460 21692165 21742173 217a2178 21742181
2427500 21782175 21742176 216b216e 216e216f
2427520 21732174 217c2176 21712176 217d2173
2427540 217a217a 217c217c 21722171 21732176
2427560 2171216e 21732171 21782176 2184217d
2427600 217e2183 2174217b 21762178 217c217b
2427620 21742179 217a217a 21752178 21792179
2427640 2178217a 21832178 21842185 217c2181
2427660 217e217b 21792178 21742172 217a2176
2427700 217b2180 217d217b 21782177 21802174
2427720 2178217c 2176217c 2176217f 2178217c
2427740 217d2171 21772185 217d2179 217f218a
2427760 217d217e 217b2176 21802180 217e2182
2430000 21802186 217e217c 21832180 21812184
2430020 217a2185 217b2183 217d2178 2184217c
2430040 21832180 21842184 21882184 217f217f
2430060 2182217e 2182217f 217b2184 217a2185
2430100 21732177 217f217e 217f2178 2179217d
2430120 217e217c 2179217c 2183217b 21802180
2430140 21832182 217e2180 2180217e 21832177
2430160 2180217b 21802185 21822181 2181217f
2430200 2186217f 21702185 21752178 217f2178
2430220 21742174 2176216e 21772173 2172217a
2430240 21702177 2174216e 2174216f 2174216e
2430260 216d2176 2171216e 21722170 2170216e
2430300 21722176 216d2170 216f2173 2176216e
2430320 216d216f 2161216c 2171216f 216f2175
2430340 216f2170 216c2169 21632168 21682168
2430360 216d216b 2171216e 21772171 21722174
2430400 21672170 2167216b 21612163 21622164
2430420 2160215d 2158215e 215b215a 215d2159
2430440 21602159 21612163 2156214f 215b2159
2430460 21582154 2161215e 21592156 214d2153
2430500 214e214f 2150214c 214e2158 21532150
2430520 21502157 21592158 214d2150 2157214e
2430540 214e2151 21532156 21552152 214d214c
2430560 21492150 2148214c 214b214b 214c2149
2430600 214e214b 214d214e 21422151 214d2150
2430620 214e214c 214c214b 214c2146 21482148
2430640 21422146 2146214a 21472146 21402143
2430660 21422147 213e2143 2142214b 213f2141
2430700 213e213e 21442148 2149214c 214b2149
2430720 21482143 21462149 2146213d 2144214a
2430740 2146214d 21432146 21442141 21392140
2430760 2140213f 21452141 214a2143 21442149
2431000 21412141 2138213a 21422146 213e213e
2431020 2141213d 2136213b 213f213e 21402144
2431040 21442142 21432146 21452142 21442144
2431060 2140214a 213f2143 2141213f 21402144
2431100 214b2145 21432144 2145214a 21412142
2431120 213b2138 213c213d 213d213f 213d2140
2431140 2144213e 21432145 2148214a 214b214a
2431160 214f214d 213a213f 2145213d 213a2141
2431200 21452144 21432145 2147214e 21462148
2431220 21472145 21402147 214b2145 214a213c
2431240 21462148 214e2147 21532154 21512153
2431260 2156214d 2150214f 2151214d 21502158
2431300 21532154 2153214e 21562156 2150214d
2431320 214f2153 2159214b 215d2157 2158215e
2431340 21512158 21552153 21582155 21602158
2431360 215d215a 21592151 215c215c 215d2160
2431400 2160215e 215a2165 215f215d 215b2159
2431420 21602162 215b215a 2162215c 2158215d
2431440 2166215c 21622164 216a2164 216a2164
2431460 216a2162 21612165 216c2167 2172216c
2431500 2172216b 2162216d 216c2169 216d216d
2431520 216f216f 2172216c 21712172 216d2175
2431540 21722177 21782176 21752177 21732177
2431560 2178217b 217f2175 21842186 217f2181
2431600 21842186 217b2183 2182217a 2181217d
2431620 217e2184 217a217e 21852185 21852180
2431640 21852180 21842182 2188218e 218d218a
2431660 218d2185 2190218d 218f218f 21882194
2431700 218a2187 218f218f 2197218f 21912194
2431720 218a2194 21912190 218e2193 21972192
2431740 219e219b 219221a0 21982198 21982199
2431760 21992197 21982191 21992195 219a2195
2432000 21952199 2195218d 21952190 219c219a
2432020 219c21a3 21982198 21a02199 219d219e
2432040 219c21a0 21a421a1 21a1219a 21a921a4
2432060 21b021a8 21a321a5 21a2219c 21a821a7
2432100 21a521a0 21aa21a4 21a421a5 21a321aa
2432120 21a1219a 21a3219f 21a321a5 219921a1
2432140 21a421a7 21ab21a7 21a421a5 21b221a9
2432160 21aa21ae 21ae21af 21aa21b1 21b621aa
2432200 21b321b3 21ad21b2 21a421a9 21ae21a5
2432220 21ab21a9 21a921ab 21ad21b0 21ac21ad
2432240 21ab21a8 21ad21a6 21b321b3 21b121ad
2432260 21b021aa 21aa21a6 21ae21a5 21ba21b3
2432300 21b721ba 21ac21bd 21b121b2 21ab21b3
2432320 21ad21aa 21ae21a9 21b821b2 21af21b3
2432340 21bc21b2 21b521ba 21b221b6 21aa21b8
2432360 21ad21b2 21b521ae 21b021b2 21ac21b0
2432400 21b721ac 21b421b1 21a221a8 21b321af
2432420 21a821a6 21b321be 21bc21b7 21b921b9
2432440 21ab21b6 21aa21ad 21ac21a8 21ae21ad
2432460 21ae21ad 21ad21ac 21b321b6 21a721b2
2432500 21a321ae 21a721a1 21a221a2 21a521a8
2432520 21ae21a8 21ac21a6 21ad21a8 21a921ae
2432540 21a521a5 21a421a9 21a521a8 21a521a3
2432560 21a921ac 21a121a2 219d21a2 219c219e
2432600 21a021a1 219c219a 219f219c 21a121a3
2432620 219f21a5 21a021a4 21a4219c 219e21a0
2432640 219d21a1 219e21a1 219c21a2 219d219e
2432660 21892197 21942195 218d2190 21912190
2432700 21982193 21942199 21902196 2189218d
2432720 218d218b 2189218d 218d2187 21972192
2432740 21922193 21942194 2190218e 2190218d
2432760 2187218e 218a2183 21832185 21812185
2433000 217f2182 217b217b 21832173 2184217b
2433020 217e217c 2178217c 2178217d 217f217d
2433040 217d2187 2180217a 2178217b 217e2179
2433060 21782177 21732175 21722176 216f2176
2433100 2178217b 21782178 21762173 21782174
2433120 216d2167 21752178 21762175 217a2172
2433140 2174216f 216b216e 21712172 2169216b
2433160 2169216a 2174216c 21732167 2173217b
2433200 217b2178 21762174 216f2176 21702175
2433220 216b216e 2168216a 21692166 216b2169
2433240 216f2173 21702171 21752172 216c2174
2433260 21672163 2169216b 2169216e 216b2166
2433300 216b2164 2168216a 2164216b 2167216a
2433320 2167216c 216a216a 216c216b 216a2169
2433340 21742172 2179216e 216a216b 216a216c
2433360 216d216e 216d2165 21662160 216f2168
2433400 216d2165 216c216b 216b216e 216d216b
2433420 2170216a 216c2171 2168216f 21712171
2433440 2170216b 21712172 21672172 2169216f
2433460 216d2170 216f216c 216d2169 21682167
2433500 216c2167 216e216f 21762170 216b216d
2433520 216c216c 21762174 217a217a 21722170
2433540 2172216b 21652170 216c2173 21722175
2433560 217c2179 2182217b 217f217c 217d2184
2433600 217f217d 21882180 21822180 217c217c
2433620 2180217c 217d2183 2177217e 218d2180
2433640 2189218e 21912185 218c2190 21852187
2433660 21912189 2184218c 21802181 21822185
2433700 21852178 218b2187 218e2194 218f2190
2433720 21902190 218c218d 21922189 21902191
2433740 21952195 21982193 21932197 2196218e
2433760 2198219a 21902199 21922193 2194218e
2434000 2192218d 21952196 218e2195 2197218d
2434020 219a2198 21a4219c 219f21a1 21a2219e
2434040 21a421a6 219c219d 21a021a0 21a3219b
2434060 21972198 219e2198 21a1219e 21a621a1
2434100 219c21a4 21a821a6 21a321a7 21a921a5
2434120 21a121a9 21a32198 21a121a8 219f21a8
2434140 21a821a6 21b121ad 21a721aa 21ac21aa
2434160 21ac21ab 21ad21aa 21ac21ad 21b221af
2434200 21b021be 21b721b3 21b621b4 21b221b3
2434220 21b821b4 21b521b3 21af21b7 21b021ac
2434240 21ae21b0 21b321b2 21b621bc 21b921ba
2434260 21c121b6 21b621bb 21bc21bc 21b721bb
2434300 21b421bf 21b321b7 21ba21b7 21bb21bc
2434320 21c321c7 21c321c8 21b921bb 21bc21bf
2434340 21c021c7 21c621c3 21c121d1 21c821bc
2434360 21cb21ca 21c721c8 21c421c8 21c921c7
2434400 21cf21c6 21c621c5 21cf21cb 21c321c9
2434420 21cf21d0 21cc21ce 21c721c6 21cd21ca
2434440 21ce21d1 21cf21d0 21d021ce 21d321d1
2434460 21d321d0 21ce21d2 21d021ce 21d021ca
2434500 21d021cb 21d621ce 21d321ce 21df21d7
2434520 21db21df 21d021cf 21ce21d4 21d221d2
2434540 21cb21cf 21d521ce 21d621d3 21d521d2
2434560 21d821d8 21d821dd 21d521d9 21d921da
2434600 21d521d6 21d721d9 21dc21d7 21d421d3
2434620 21d921d7 21d321d5 21d921da 21ce21d4
2434640 21d421d1 21d221d7 21d021d1 21cd21d0
2434660 21d621d1 21cd21ce 21d221cd 21cc21d3
2434700 21cc21d1 21d621d3 21d221d4 21d421d5
2434720 21cb21c7 21c621c5 21c921cd 21cc21ce
2434740 21c521c4 21cc21c7 21d321cd 21d121da
2434760 21cf21ce 21d221cd 21cd21cf 21ca21cc
2435000 21c221c0 21bf21c0 21c721c3 21ca21c8
2435020 21c521ca 21cc21cb 21c921cd 21c921d1
2435040 21c821c3 21c521bf 21c321bd 21b321bc
2435060 21c121c0 21b821bc 21ba21bb 21b221b8
2435100 21b721b8 21b921b9 21c021b7 21b721bb
2435120 21ba21be 21ba21c5 21bb21af 21b921b3
2435140 21b321bb 21b821b2 21b221ad 21ad21ad
2435160 21ab21ad 21b021b2 21ae21b5 21a821a6
2435200 21a621a8 21a321aa 21aa21aa 21ac21aa
2435220 21a321a5 219c219f 219f219d 21a0219d
2435240 21a521ad 21a621a0 219c21a1 21a121a5
2435260 219c219f 2197219d 21992195 219f219d
2435300 219d2198 2198219c 219b2196 21a22199
2435320 21a3219c 2191219a 21972197 219a219a
2435340 21972197 219b219d 2193219b 21992193
2435360 219a2199 2199219a 21912196 2195218d
2435400 21902198 21912193 21912190 2191218a
2435420 21922191 218c2192 218e2194 2196219a
2435440 219a2195 218f218f 218f2192 21902193
2435460 218e2193 2188218c 21862187 218b2188
2435500 2188218c 218d218b 218a2187 218e2187
2435520 218b2190 21872190 21862189 218a2184
2435540 21852188 21812180 21852185 218a2185
2435560 21852181 21802189 21862182 217c217f
2435600 21892180 21812180 217e217e 21842180
2435620 21862187 2191218e 21882185 217e2185
2435640 217e2186 2188218c 218a2187 218c2187
2435660 21872188 21862185 21802186 21862183
2435700 217f2182 2177217d 217c217b 2186217d
2435720 218a2187 21962193 218f2188 21852187
2435740 2184218b 2182217d 218a2188 21802185
2435760 21852189 217f2183 217f2180 21872181
2436000 218d2189 21932195 21982192 21912190
2436020 218e2191 21922189 218f2192 218f2192
2436040 2192218e 21912191 218d218e 21852185
2436060 218f2191 21942199 2192218e 2190218c
2436100 2188218f 21942197 218e2192 2195218d
2436120 21972195 21892192 2191218d 21962194
2436140 21972191 21912196 21942196 21972192
2436160 219a21a1 219f21a1 21a121a4 2196219d
2436200 219f21a1 219b219a 2197219b 21952194
2436220 219a219b 21a321a6 21ac21af 21a621ac
2436240 21a521a4 21a421aa 21ab21aa 21a521aa
2436260 21aa21ac 21a521a9 21a621a8 21ac21a5
2436300 21b021ad 21b021a5 21b321b3 21b121b5
2436320 21b521b6 21ad21af 21b021a6 21aa21ac
2436340 21a621aa 21a021a8 21a921a8 21af21af
2436360 21b421b1 21ad21b5 21b021a9 21b621af
2436400 21b821b2 21b321b3 21b621b1 21b621ba
2436420 21ba21b6 21b921b6 21bc21b0 21ba21bc
2436440 21b721b8 21b821bd 21ba21b5 21bf21b9
2436460 21b721be 21ba21bd 21b821b7 21b321b6
2436500 21b821b8 21bc21bb 21b921c1 21b921bc
2436520 21c221b9 21c221c1 21b921c1 21b821b6
2436540 21be21bb 21c021c1 21c821c1 21bf21c0
2436560 21c721c4 21c221c2 21cc21ce 21cc21d1
2436600 21be21c4 21c221bd 21c421c2 21c721c3
2436620 21c721c7 21c921cd 21c721cf 21d221c7
2436640 21cb21ca 21cf21d0 21c721cc 21d121c9
2436660 21d121cb 21d521ce 21ce21cb 21cb21d0
2436700 21ca21cd 21d021ce 21d521d4 21d721d3
2436720 21d121d5 21cc21db 21d421ce 21d921d5
2436740 21e121da 21df21d8 21dd21db 21d621d3
2436760 21d321cf 21d321d2 21db21d2 21de21d9
2437000 21de21e3 21db21d6 21dc21db 21cb21db
2437020 21dc21d1 21d821d9 21e621df 21e421e9
2437040 21dc21e3 21e021e1 21d821dd 21e121d8
2437060 21de21de 21d521db 21d321da 21dc21d2
2437100 21dc21dc 21e021d9 21dc21e1 21d121dc
2437120 21db21da 21de21d9 21dc21d6 21de21d8
2437140 21e221e6 21df21da 21de21d7 21de21e1
2437160 21dd21e3 21db21de 21de21da 21e421d8
2437200 21d821e0 21e121dd 21da21dd 21dc21d7
2437220 21de21d3 21d721db 21d021d6 21ce21cc
2437240 21c421c6 21d621d1 21cf21d1 21d421cf
2437260 21d821d5 21cb21d1 21d021ca 21c221ca
2437300 21c521cc 21d221ce 21cf21cc 21ce21cf
2437320 21d521d8 21d521d7 21d221d0 21d321c9
2437340 21d021ce 21cb21d3 21c921cf 21ca21d1
2437360 21d221ce 21cc21d4 21ca21c3 21c121c4
2437400 21c421cc 21c621c9 21bf21c2 21c221c4
2437420 21c221c4 21c021c6 21c721c1 21c221bd
2437440 21bc21b7 21be21c1 21c421c8 21cb21c6
2437460 21c621bd 21c821c2 21c621ca 21c021ca
2437500 21bd21bf 21bf21ba 21b921bb 21ba21ba
2437520 21b221b7 21b321af 21bd21bd 21b221b4
2437540 21bf21b9 21bf21bc 21bb21b8 21bd21b8
2437560 21bb21c0 21be21bb 21bd21be 21b421b8
2437600 21b721ad 21b521b6 21b321b9 21bc21bf
2437620 21b121b1 21b221aa 21b421b3 21a921b7
2437640 21ae21af 21b121aa 21b121b2 21b421b2
2437660 21ab21a9 21a921aa 21b121a9 21bb21bb
2437700 21b921bb 21a921b1 21a121a9 21b021ad
2437720 21b721b1 21aa21b2 21b021a9 21ac21ae
2437740 21ad21aa 21a621ab 21ab21aa 21b121ae
2437760 21af21ad 21b321ae 21b321af 21ab21ae
2440000 21af21a6 21a521a4 21b721b1 21b321ae
2440020 21b021b7 21ac21af 21aa21a9 21ab21a9
2440040 21af21ac 21b421b1 21ad21ae 21ab21a9
2440060 21ae21a9 21a721a6 21aa21ad 21a921a2
2440100 21af21ac 21a521ad 21a621a0 21a921a0
2440120 21a721a9 21b321a9 21ac21b2 21b621b3
2440140 21b121b6 21aa21aa 21ac21a9 21b121a6
2440160 21ad21ab 21af21a6 21a921a9 21a721a9
2440200 21a921af 21a621a5 21a821a8 21aa21a5
2440220 21ac21ae 21a621ad 21a221a9 21a221a3
2440240 21ab21a5 21a321a5 21af21a5 21b021a9
2440260 21a721ad 21ae21af 21ae21ad 21ad21b2
2440300 21b121a8 b01104b7 00001004 0001000a
2440320 00010000 03b1603b 00000ffc 0001000a
2440340 1400003c add01f00 add01f01 add01f02
2440360 add01f03 add01f04 add01f05 add01f06
2440400 add01f07 add01f08 add01f09 add01f0a
2440420 add01f0b add01f0c add01f0d add01f0e
2440440 add01f0f add01f10 add01f11 add01f12
2440460 add01f13 add01f14 add01f15 add01f16
2440500 add01f17 add01f18 add01f19 add01f1a
2440520 add01f1b add01f1c add01f1d add01f1e
2440540 ff000134 00000020 00000002 c09ab3e2
2440560 00000001 deadbeef f0000002 c09ab3ce
2440600 370b62ed 00000000 00000134 00001f48
2440620 a01004b8 21e621b3 21e021e5 21e421e4
2440640 21e221ea 21f021f2 21e521e2 21e121e4
2440660 21d621de 21e021e1 21de21dd 21d721dd
2440700 21d321d1 21d821cf 21d721d7 21d321d5
2440720 21d421cf 21cd21cf 21d221d0 21cc21d2
2440740 21d221ce 21d121ce 21db21d7 21da21d9
2440760 21ce21da 21d421ce 21d321d5 21cb21cf
2441000 21c721ca 21c521d3 21cb21cc 21d221cc
2441020 21cd21ca 21c821c7 21cf21cd 21ca21c5
2441040 21c721bf 21c621c3 21c321c7 21cc21ca
2441060 21c421c8 21c921c0 21bf21c2 21c021c2
2441100 21ca21c5 21c021c0 21ca21c2 21cc21cc
2441120 21c021c0 21c121bf 21c021c2 21c521c0
2441140 21c221c1 21bb21bf 21c221c3 21c021c3
2441160 21c421c0 21c821bf 21c821c8 21bf21cc
2441200 21c621c2 21c421c3 21c721bb 21c821c5
2441220 21d121ca 21c021c4 21c721cc 21c821bf
2441240 21c421c3 21c921c6 21ca21c5 21cc21c8
2441260 21ca21cb 21c821c7 21ce21d1 21c421cd
2441300 217621cd 1f81207e 1e0b1ead 1d691da9
2441320 1d291d3c 1d161d17 1d0e1d12 1d0d1d10
2441340 1d141d0e 1d091d10 1d111d0e 1d161d0d
2441360 1d0a1d08 1d101d19 1d111d0d 1d101d0d
2441400 1d0d1d09 1d0b1d0c 1d101d09 1d021d0a
2441420 1d081d0a 1d091d05 1d191d12 1d181d1b
2441440 1d1c1d1b 1d211d1e 1d1d1d26 1d191d1b
2441460 1d1b1d21 1d1d1d20 1d261d29 1d281d2a
2441500 1d241d22 1d291d20 1d2a1d30 1d2e1d2e
2441520 1d281d2a 1d2c1d29 1d2d1d33 1d391d2e
2441540 1d351d37 1d3f1d3b 1d321d3c 1d321d33
2441560 1d351d32 1d3e1d35 1d3f1d38 1d371d3f
2441600 1d3c1d3d 1d3a1d3a 1d481d39 1d421d48
2441620 1d4b1d4b 1d531d4f 1d431d4b 1d4f1d50
2441640 1d4b1d48 1d501d4e 1d561d54 1d5d1d53
2441660 1d631d57 1d5c1d5b 1d5f1d62 1d601d61
2441700 1d5c1d61 1d641d65 1d661d66 1d671d6b
2441720 1d701d6e 1d6e1d6e 1d701d70 1d6f1d73
2441740 1d6c1d70 1d6d1d6e 1d711d6d 1d7b1d71
2441760 1d701d75 1d6e1d72 1d751d72 1d751d77
2442000 1d7d1d73 1d7f1d7e 1d811d7b 1d7e1d82
2442020 1d821d80 1d851d7f 1d8a1d81 1d8e1d8d
2442040 1d8a1d8e 1d861d82 1d8f1d88 1d911d91
2442060 1d951d92 1d991d99 1d901d9a 1d9a1d8d
2442100 1d8c1d98 1d9a1d93 1d961d9a 1d971d95
2442120 1d9d1d9b 1d981d97 1d921d98 1da31da2
2442140 1d9c1da6 1da31d9f 1d9f1da5 1da51da4
2442160 1da31d9f 1da11da3 1d9f1d9c 1da51da4
2442200 1da61da4 1db01da7 1db11dab 1dac1dad
2442220 1daf1db5 1daf1dad 1da91db0 1db01da8
2442240 1dad1daf 1dac1daa 1dac1daa 1db11dad
2442260 1db01daa 1db41db1 1db01dac 1dac1db7
2442300 1db21db4 1db01dad 1dbb1db3 1dbe1db8
2442320 1dc01dba 1dc31dbf 1dc21dbf 1dc01db9
2442340 1dbc1dc3 1dc91dbf 1dbe1dc6 1dc01dbf
2442360 1dc71dc0 1dbc1dc1 1db71db6 1dbc1dc0
2442400 1dbc1db0 1dc11dbd 1dbf1dc2 1dbe1dc0
2442420 1dc11dc0 1dc81dc1 1dcb1dc7 1dc21dbf
2442440 1dc31dc5 1dc21dcb 1dc01dc7 1dc51dc5
2442460 1dc51dc4 1dc01dc5 1dc91dc9 1dd11dc7
2442500 1dd21dcd 1dd21dd4 1dd71dd6 1dd41dd4
2442520 1dce1dd2 1dc81dcd 1dcd1dcb 1dca1dce
2442540 1dd11dd0 1dcc1dc6 1dce1dcd 1dce1dcc
2442560 1dc91dc8 1dcf1dd2 1dcf1dc8 1dce1dcd
2442600 1dc11dcf 1dcc1dc9 1dc81dcd 1dcf1dc4
2442620 1dd31dcf 1dc61dc9 1dd31dcc 1dcf1dd2
2442640 1dce1dc9 1dce1dca 1dcc1dd0 1dc61dc9
2442660 1dc91dc6 1dc21dc4 1dc51dc2 1dca1dcb
2442700 1dce1dd5 1dbf1dc9 1dc81dc1 1dbb1db9
2442720 1dc21dc0 1dca1dd2 1dc21dc7 1dc61dc1
2442740 1dc31dc2 1dc11dc0 1dc11dc1 1dc11dc2
2442760 1dbd1dc2 1dc51dc4 1dc11dc0 1dc01dc3
2443000 1dbf1dc5 1dbf1db8 1dbf1db5 1dbd1dc1
2443020 1dba1dbb 1dc21dc3 1db81dbe 1dbc1db2
2443040 1dc01db6 1dbe1dbe 1dad1db6 1dbb1db5
2443060 1dbd1dbf 1dc51dc2 1dc11dc5 1db61db9
2443100 1db51db7 1db91db7 1db41db8 1db61dbc
2443120 1db71db7 1dbb1db6 1db71db9 1dad1db4
2443140 1db31db5 1db51db9 1db31dad 1db61db2
2443160 1db31db6 1da91dac 1db81dbd 1db81db7
2443200 1db91db8 1dba1db8 1db71dbc 1db71dbd
2443220 1db41db8 1db31db5 1db21db3 1dba1db5
2443240 1dbc1dc2 1dad1daf 1da71dae 1db81db1
2443260 1db31db7 1dbd1dbc 1db71dba 1dbc1db7
2443300 1db91dbb 1daa1db8 1db41db7 1dc61db8
2443320 1dbd1db9 1dc41db7 1db31dc1 1db21dbd
2443340 1dbf1db6 1dbd1dbc 1dc31dc1 1db71dba
2443360 1dbb1db9 1dbf1dc2 1dbf1dbe 1dba1dbe
2443400 1db91dbc 1db81dc1 1dbe1dbc 1dc41dba
2443420 1dc51dc2 1dc21dc9 1dc41dc7 1dc41dca
2443440 1dc71dc9 1dbf1dc0 1dbf1dbe 1dc81dc8
2443460 1dd21dc6 1dc81dc7 1dcd1dd0 1dcf1dcb
2443500 1dd41dd3 1dd31dd4 1dd61dda 1dd31dd9
2443520 1dce1dd1 1dd01dd2 1dd61dd1 1dd51dcc
2443540 1ddb1dd6 1dd61dd9 1de11dd9 1de51ddd
2443560 1ddb1de4 1de11dd7 1ddd1dea 1de31ddb
2443600 1ddf1dd8 1de01de8 1dee1de8 1deb1df3
2443620 1df31df1 1de81dee 1dee1df1 1dee1df0
2443640 1df21dec 1dec1def 1dee1ded 1df51def
2443660 1df01df2 1ded1df5 1df81df2 1df71df2
2443700 1df91df4 1e001e02 1df61dfd 1df91dfd
2443720 1df31df5 1e031df9 1dff1dfc 1dfe1e00
2443740 1e051e02 1e071e09 1e141e0e 1e0f1e12
2443760 1e0b1e0d 1e0d1e15 1e0d1e10 1e141e10
2444000 1e191e18 1e181e1a 1e1e1e22 1e1c1e1f
2444020 1e231e1f 1e271e18 1e201e22 1e2b1e20
2444040 1e2b1e2f 1e2f1e31 1e331e32 1e2c1e2c
2444060 1e281e26 1e2a1e2f 1e391e35 1e361e36
2444100 1e361e41 1e331e38 1e351e37 1e3e1e3c
2444120 1e3f1e3c 1e3f1e3c 1e371e3c 1e481e40
2444140 1e461e42 1e3f1e39 1e431e41 1e481e4a
2444160 1e4b1e44 1e521e4d 1e501e4e 1e591e4d
2444200 1e571e5e 1e561e53 1e5c1e54 1e561e57
2444220 1e551e58 1e621e62 1e591e5a 1e5b1e52
2444240 1e5c1e5c 1e601e64 1e601e60 1e5a1e65
2444260 1e661e61 1e5c1e61 1e5b1e68 1e681e6e
2444300 1e661e65 1e6f1e6d 1e671e67 1e6f1e6c
2444320 1e6f1e6e 1e751e74 1e711e6d 1e721e6d
2444340 1e761e72 1e731e72 1e791e71 1e731e79
2444360 1e721e75 1e801e7d 1e771e7f 1e771e79
2444400 1e801e77 1e7f1e80 1e7e1e7d 1e7e1e85
2444420 1e7b1e7a 1e821e78 1e7c1e80 1e851e86
2444440 1e8d1e8a 1e8b1e8b 1e911e83 1e821e86
2444460 1e841e84 1e821e8a 1e8c1e8b 1e8e1e8f
2444500 1e8b1e88 1e851e82 1e861e82 1e941e8d
2444520 1e951e93 1e9b1e98 1e9b1e9a 1e991e9c
2444540 1e871e87 1e941e94 1e8b1e92 1e971e93
2444560 1e981e92 1e9b1e9b 1e9e1e9c 1ea01e9f
2444600 1e9f1ea1 1ea41e9e 1ea01ea2 1eab1ea6
2444620 1ea61ea2 1ea61ea8 1e9b1ea4 1ea01e9f
2444640 1ea61ea1 1e9e1ea4 1ea51ea5 1ea31ea8
2444660 1ea61e9f 1ea91ea1 1ea91ea8 1ea41ea3
2444700 1ea81eac 1ea51ea7 1eaa1ea4 1eac1ead
2444720 1ea71ead 1eac1ea8 1eaa1eab 1eb11ea8
2444740 1eb81ea9 1eb71eb5 1eb11eae 1eab1ea9
2444760 1ea71eaa 1ea91ea4 1ea81ead 1ea81ea9
2445000 1ea71eb2 1eaf1eab 1ead1ead 1eb11eaa
2445020 1ead1eaf 1eb61eae 1eb11eb1 1ea51ea7
2445040 1ea91ea8 1eab1eae 1eaa1ead 1eac1ea7
2445060 1ead1eae 1ea81eb0 1eb51ead 1eae1eaf
2445100 1eaa1eab 1ea71ea7 1ea21ea6 1ea51eab
2445120 1ea51ea9 1ea21ea3 1e9f1ea1 1ea11ea9
2445140 1ea61ea4 1ea31e9e 1ea71e9b 1ea61eab
2445160 1eab1ea7 1ea51eaf 1eaa1ea3 1ea81ea2
2445200 1ea21ea6 1e9d1ea1 1e9e1ea7 1e9e1e9e
2445220 1ea71ea1 1e9d1ea1 1e9d1e9d 1ea31ea2
2445240 1e9c1ea1 1e9d1e9a 1e991ea8 1ea01e99
2445260 1e991ea1 1e961e92 1e921e94 1e911e9a
2445300 1e931e95 1e9a1ea0 1e9b1e9a 1ea11e9a
2445320 1e9e1ea2 1e9e1e9e 1e9c1e9d 1e9b1e9a
2445340 1e9c1e97 1e991e9b 1e9c1e9e 1e961e9c
2445360 1e921e97 1e961e94 1e9b1e9e 1e9b1e9a
2445400 1e9c1e9f 1e981e96 1e971e9c 1e991e97
2445420 1e991e9c 1e941e98 1e941e95 1e951e91
2445440 1e961e94 1e8d1e99 1e8f1e8a 1e891e8c
2445460 1e8f1e8f 1e951e91 1e8f1e96 1e961e94
2445500 1e871e93 1e961e8c 1e931e9b 1e8f1e97
2445520 1e951e95 1e981e8d 1e921e97 1e8f1e91
2445540 1e941e95 1e971e9b 1e951e94 1e991e94
2445560 1e991e96 1e991e98 1e981e9c 1e971e99
2445600 1e971e94 1e981e95 1e981e9b 1e921e91
2445620 1e9a1e96 1ea81e99 1e9c1e9b 1e9d1ea2
2445640 1e991e99 1e961e98 1ea11e97 1e9d1e9e
2445660 1e9c1e9b 1e9f1ea0 1e9e1ea0 1ea31ea2
2445700 1e971ea0 1e9e1ea1 1e991e96 1e9e1e9d
2445720 1ea71e9f 1ea71ea3 1ea81ea2 1eac1eaa
2445740 1ea91eaa 1eab1ea5 1ea81ea6 1ea61ea6
2445760 1eb71ea8 1eac1eb2 1eaf1ea8 1eac1eaf
2446000 1ea71ead 1eac1ea9 1ea51eac 1eb41eab
2446020 1eba1eb4 1eaf1eb7 1ebb1eb3 1ebe1ebe
2446040 1ebc1ebe 1ebd1ec3 1ebe1ec0 1ebb1ebe
2446060 1eba1ebb 1ec21eb6 1ec51eb8 1eb71ebe
2446100 1eba1ebb 1ec01ebf 1ece1ec1 1ec51ecf
2446120 1ec41ec4 1ec21ec7 1ec51ec5 1ec51ec1
2446140 1ecd1ec5 1ece1ecc 1ece1ed4 1ecc1ed2
2446160 1ed11ec9 1ed71ed8 1ecf1ed7 1ecf1ed5
2446200 1ece1ecc 1ed71ecf 1eda1ed2 1ed41ed4
2446220 1ed01ed7 1ede1ed6 1ee51ed3 1ee11ee3
2446240 1ee51edb 1ee31ee5 1ee01ee6 1ee21ee1
2446260 1ee71ee7 1ee71ee9 1ee71ee9 1ee91ee0
2446300 1eed1eec 1ef31ef7 1ef41ef7 1eed1ef4
2446320 1ef91ef5 1efc1ef2 1ef51ef7 1ef91efa
2446340 1ef81efb 1efc1efa 1ef71efc 1ef21eee
2446360 1eff1efd 1f021f03 1f001efe 1f031efd
2446400 1f031f00 1f011f04 1f091f08 1f031f0a
2446420 1f031f03 1f0e1f0e 1f141f14 1f111f17
2446440 1f0d1f13 1f091f0a 1f0c1f0a 1f111f0f
2446460 1f181f10 1f0d1f16 1f191f1e 1f1f1f1f
2446500 1f101f13 1f1a1f1a 1f1a1f17 1f261f1e
2446520 1f2b1f2e 1f201f28 1f201f27 1f201f1e
2446540 1f1a1f1c 1f1f1f19 1f241f22 1f221f20
2446560 1f241f1b 1f271f29 1f251f23 1f271f2c
2446600 1f2b1f2b 1f2d1f29 1f311f26 1f2e1f26
2446620 1f281f2d 1f2c1f2f 1f391f3d 1f341f33
2446640 1f3b1f32 1f371f39 1f381f37 1f391f2f
2446660 1f3d1f39 1f391f37 1f3b1f3e 1f3a1f3b
2446700 1f391f38 1f431f3a 1f401f3f 1f371f3d
2446720 1f3f1f44 1f411f3e 1f441f45 1f421f3c
2446740 1f3e1f3f 1f3d1f4a 1f481f4a 1f431f43
2446760 1f431f3f 1f401f42 1f421f44 1f491f47
2447000 1f4c1f41 1f421f47 1f401f41 1f461f4a
2447020 1f501f4d 1f551f50 1f4c1f55 1f531f4d
2447040 1f571f51 1f521f52 1f541f4f 1f571f55
2447060 1f561f54 1f531f5c 1f561f57 1f4f1f4e
2447100 1f511f4d 1f531f57 1f4f1f59 1f561f54
2447120 1f4e1f51 1f561f56 1f501f54 1f531f54
2447140 1f521f54 1f521f4e 1f5c1f5c 1f5a1f60
2447160 1f581f5d 1f5c1f5b 1f5c1f5f 1f5c1f64
2447200 1f561f61 1f631f63 1f581f56 1f6c1f5f
2447220 1f5b1f5f 1f581f5c 1f5b1f62 1f5a1f58
2447240 1f631f62 1f5b1f5e 1f581f5c 1f621f5d
2447260 1f5b1f59 1f5e1f5e 1f5d1f5d 1f5a1f5d
2447300 1f601f60 1f671f62 1f691f63 1f6a1f66
2447320 1f6b1f6c 1f651f69 1f691f6a 1f5b1f60
2447340 1f5a1f60 1f601f5d 1f5e1f5d 1f601f61
2447360 1f641f62 1f5c1f5f 1f5b1f5e 1f631f62
2447400 1f601f64 1f5e1f5b 1f5d1f60 1f5b1f57
2447420 1f5f1f5c 1f561f53 1f5b1f53 1f5f1f5e
2447440 1f5b1f5d 1f571f5c 1f581f5c 1f5f1f5d
2447460 1f571f57 1f591f5a 1f591f52 1f5b1f5e
2447500 1f5d1f55 1f561f58 1f4f1f53 1f5f1f52
2447520 1f5b1f5c 1f581f55 1f531f4e 1f531f53
2447540 1f591f56 1f561f52 1f5a1f57 1f561f53
2447560 1f501f52 1f551f51 1f561f51 1f561f52
2447600 1f561f53 1f541f57 1f521f54 1f4f1f53
2447620 1f571f4f 1f531f57 1f531f4c 1f571f57
2447640 1f5f1f54 1f561f55 1f501f51 1f511f4c
2447660 1f571f55 1f591f5e 1f541f5c 1f581f5a
2447700 1f4e1f57 1f561f4f 1f4d1f4a 1f471f4b
2447720 1f451f45 1f511f4a 1f491f50 1f4b1f52
2447740 1f561f51 1f4a1f52 1f521f55 1f5d1f57
2447760 1f601f5e 1f5a1f5a 1f541f57 1f571f54
2450000 1f551f5b 1f531f59 1f4e1f54 1f541f58
2450020 1f511f55 1f571f54 1f5e1f5b 1f5d1f60
2450040 1f571f5d 1f5b1f5f 1f5d1f5e 1f5b1f56
2450060 1f5f1f58 1f601f63 1f661f64 1f631f68
2450100 1f651f5c 1f641f60 1f671f6a 1f621f65
2450120 1f671f5d 1f611f64 1f611f60 1f5d1f60
2450140 1f591f5a 1f5e1f5e 1f5a1f5c 1f5e1f5d
2450160 1f651f67 1f6f1f6a 1f691f70 1f6d1f6b
2450200 1f651f68 1f651f63 1f6d1f6c 1f751f73
2450220 1f6c1f71 1f741f73 1f6d1f6d 1f681f68
2450240 1f6a1f6e 1f701f6b 1f751f76 1f771f76
2450260 1f771f7a 1f781f78 1f751f78 1f7f1f7d
2450300 1f7b1f7f 1f7d1f83 1f7c1f7a 1f7a1f7d
2450320 1f801f79 1f831f7e 1f851f84 1f871f7f
2450340 1f851f8a 1f8a1f83 1f821f81 1f811f84
2450360 1f891f8c 1f891f84 1f851f88 1f8a1f8a
2450400 1f8a1f88 1f8d1f8e 1f861f84 1f911f87
2450420 1f8a1f8a 1f851f8d 1f881f93 1f901f8a
2450440 1f8d1f8d 1f881f83 1f841f82 1f901f8e
2450460 1f9b1f97 1f921f95 1f9a1f93 1f9c1f9c
2450500 1f981f9c 1f971f95 1f9a1f95 1f951f94
2450520 1f9f1f94 1f9f1fa3 1fa41f9b 1fa31fa3
2450540 1fa01fa3 1fa21f9d 1fa91fa8 1fa71fa7
2450560 1fac1fa3 1fa71fa9 1fa71fa6 1fa61fa6
2450600 1fa61fa3 1fa91fa5 1fac1fac 1faa1fad
2450620 1faf1fb5 1fb21fb0 1fb01fae 1fb01fb3
2450640 1faa1fae 1faf1fb4 1fac1fae 1faa1fa7
2450660 1fae1faf 1fb31fb5 1fb41fb6 1fc41fbc
2450700 1fbd1fc2 1fb61fb1 1fbc1fb9 1fb21fb7
2450720 1fb41fb1 1fbe1fc1 1fbc1fb7 1fb61fb9
2450740 1fc21fb5 1fbe1fbe 1fb81fbc 1fbb1fb7
2450760 1fbd1fc1 1fc31fc5 1fbf1fc4 1fc81fbe
2451000 1fc41fc6 1fbf1fca 1fbf1fbe 1fc41fc4
2451020 1fc31fc1 1fc31fc8 1fc61fc9 1fca1fcc
2451040 1fcc1fcb 1fc81fc7 1fc91fc7 1fc41fc7
2451060 1fca1fc7 1fc71fc2 1fcb1fcf 1fd71fd4
2451100 1fd31fd4 1fcd1fd1 1fcb1fcf 1fd81fd1
2451120 1fd21fd9 1fd61fd8 1fd11fdb 1fd81fd6
2451140 1fdc1fd9 1fdd1fdb 1fd91fdf 1fca1fd7
2451160 1fd61fd3 1fe11fd8 1fe21fdc 1fdc1fdd
2451200 1fde1fdf 1fe01fdf 1fe61fdd 1fe71fe1
2451220 1fe41fe5 1fdf1fe3 1fd91fe4 1fe11fde
2451240 1fdf1fe5 1fe31fe2 1fe31fe4 1fe81fe2
2451260 1fed1fe7 1fe21fe5 1fe71fe2 1fe61fee
2451300 1fec1fe8 1fec1fec 1fe11fe9 1fe41fe1
2451320 1fe51fe6 1fec1fe7 1fe61fe3 1fe21fea
2451340 1fe71fe8 1fea1fe6 1fed1fec 1fe81fe8
2451360 1fe61fe9 1fe91fe9 1fed1ff1 1ff01fee
2451400 1fef1fe8 1ff31fef 1ffb1ff1 1ff31fec
2451420 1ff71ff2 1ff61ff4 1ff21ff6 1fee1ff4
2451440 1fe41fed 1fe71fe7 1ff11fed 1feb1fe9
2451460 1fe61fef 1fef1ff2 1fed1fee 1fe71fe7
2451500 1fed1fe7 1fee1fef 1ff01fef 1ff01fee
2451520 1ff41ff1 1ff21fee 1ff11ff6 1ff91ff5
2451540 1fef1ff3 1fee1ff0 1fea1fef 1fe41fec
2451560 1fe61fec 1ff01fe4 1fe61feb 1fe61fe8
2451600 1fe81feb 1fe91fea 1fec1fed 1ff91ff5
2451620 1fee1ff6 1fec1ff5 1ff31ff4 1fe81fea
2451640 1feb1fec 1fe51fe8 1fe41fe7 1fe61feb
2451660 1ff11ff1 1ff41ff2 1ff41fe4 1fed1ff7
2451700 1fef1ff1 1ff71ff4 1feb1ff0 1ff61ff0
2451720 1fec1ff2 1feb1fec 1fe91fe6 1ff51fe9
2451740 1fef1fea 1fe71fea 1fe61fea 1fe31fe7
2451760 1fe71fe3 1fdf1fe1 1fe01fe0 1fdb1fe2
2452000 1fd71fdd 1fd91fd6 1fe21fe2 1fe01fe5
2452020 1fd91fdf 1fe21fde 1fe21fe3 1fed1fe3
2452040 1fe01fe0 1fe91fea 1fe61fe9 1fee1fe4
2452060 1feb1fee 1fe71fe2 1fe41fe5 1fe71fe2
2452100 1ff31fed 1feb1fec 1fee1fe7 1fe81fe7
2452120 1fef1fea 1ff61ff9 1fea1fed 1fea1ff2
2452140 1fef1fea 1fee1fec 1fee1fe8 1ff01fe4
2452160 1fe61fee 1ff01fed 1ff21fec 1ff21fef
2452200 1fed1fef 1fe91ff2 1ff41ff0 1ff11ff0
2452220 1ff31fef 1ff71ffa 1ff11ffa 1fef1ff4
2452240 1ff91ff3 1ff71ff5 1ff31ff7 1ffa1ff4
2452260 1fef1ffa 1fee1fef 1fef1fea 1ff11ff0
2452300 1ff71ff4 20012000 20031ffb 1ffd1ff3
2452320 1ffd1ffa 1ffe1ffd 1fff2003 1ffe2001
2452340 20001fff 1ffa1ffb 1ff81ffa 1ffa1ff9
2452360 20022008 200f2001 20061ffe 200d200b
2452400 1fff1fff 1fff200a 20071ffd 20051fff
2452420 200c2005 2008200d 200c200c 2009200a
2452440 200b200a 200e200c 2013200e 20172012
2452460 20102017 20162011 200f2019 20082010
2452500 20022009 20072007 200e200c 20122009
2452520 200f201d 200e200f 2013200a 20122014
2452540 20172011 2019201b 201c201b 20232021
2452560 20272024 201a2027 201c201c 201c201c
2452600 20212019 20262021 201d2021 201e201e
2452620 201f2022 20252027 2024201f 202a2025
2452640 20262025 20282024 20222020 201f201f
2452660 2024201c 20262025 2026202b 201e2025
2452700 20232019 20262023 20252027 20242024
2452720 202e2026 202b202b 2026202e 202a202a
2452740 202b202a 2036202a 20322031 20312035
2452760 202e2033 202f202e 202f2030 202f202c
2453000 20312030 20382031 2038203b 20362039
2453020 203a2040 20302030 20332030 2038203a
2453040 20352038 20372031 20372037 203a203b
2453060 2042203b 2043203d 203e203c 2038203f
2453100 2031203b 203e2034 2040203c 20432039
2453120 20472040 20412042 203c2044 20432043
2453140 2046203f 20402046 20472040 2049204c
2453160 204b204a 2046204a 203f2043 20482044
2453200 20482044 204b2044 204b2048 2045204f
2453220 20462051 204d2048 204f204c 20422048
2453240 20422040 20402040 20432043 20442046
2453260 20472041 20442041 203f2043 2045203f
2453300 20452049 20472045 20472049 204e204e
2453320 204b204d 2053204c 2052204a 204c204c
2453340 2050204e 204e2051 204c205c 204f2049
2453360 204b204f 2056204e 204e2053 204f204b
2453400 2049204e 204c204f 204d204f 20522050
2453420 204b2049 2048204b 204e2047 204e204b
2453440 2055204c 204f2050 2053204c 2053204e
2453460 2050204f 20512050 20512051 2051205b
2453500 20522056 20502050 204d2052 204f204d
2453520 20512049 204c204d 20532052 205a205a
2453540 20592054 20512059 20552056 205f2056
2453560 2054205a 20532051 204e204a 2044204f
2453600 204c2047 204c204d 20542049 205f2044
2453620 204e205a 204e204e 204d204d 20532047
2453640 2053204f 20512052 204e2051 204b2053
2453660 204f204c 204d204b 2054204d 20572059
2453700 20562055 204f2054 20522052 204c204b
2453720 20512050 204b204a 2051204e 20542053
2453740 20482051 204f204f 204e2053 20532049
2453760 204f2048 20522052 204e2058 204e2047
2454000 204e204d 20522051 204f2056 205a2051
2454020 20592057 20572050 204d2051 204b204e
2454040 2045204a 2048204b 204c204b 203f2052
2454060 20412045 204f2049 20492049 204b2046
2454100 204c204f 20412045 20442046 20472043
2454120 204a2045 203d2044 20422040 20432040
2454140 20482044 204c2041 203e2048 2047204b
2454160 204e204f 204b2049 2047204b 20452049
2454200 20492048 204f2051 204d204b 204b2045
2454220 204c2043 2049204b 20482045 204b2048
2454240 204f204a 204d2047 20462041 20492046
2454260 2050204c 20502052 204e204c 2045204c
2454300 204a204b 20522048 204f204d 204d204f
2454320 2058204d 205d204f 204e2059 205a204a
2454340 2050205a 2053204c 204e2057 204c204b
2454360 20572047 20592053 2056204f 20502058
2454400 20562056 20522056 20542052 20582057
2454420 20562051 2055205a 20552055 20552054
2454440 204c204e 20522049 205a204a 20602057
2454460 205f205b 2058205d 205e205b 205e2057
2454500 205a2057 205e205b 20582056 2059205c
2454520 2061205d 2063205f 20622063 20652066
2454540 20662060 20682064 20682061 20652064
2454560 20602066 206b2070 20672063 2064205d
2454600 206e206f 2070206b 206f2072 20752075
2454620 206e2073 206b206b 20642068 206f206e
2454640 2069206f 20732073 20722072 20752072
2454660 207c2077 20742072 20742075 20762078
2454700 2073207d 207c207f 2085207e 20802081
2454720 20832082 207b2083 20852081 20852082
2454740 20892083 208e208f 2088208e 2085208e
2454760 207b207f 2085207d 207e2085 207e207f
2455000 207e207f 20842085 208c2085 208f2088
2455020 2089208f 20862087 208f208e 208f2093
2455040 208e2093 20992091 2094209a 2093208e
2455060 20972090 20942096 20932096 20972093
2455100 209f2097 2099209e 20a120a2 20a620a0
2455120 20a320a3 209920a0 20a4209d 20a120a3
2455140 20a120a6 20a420a1 209e20a1 20a220a1
2455160 20a1209d 209e209e 20a920a3 20aa20a5
2455200 20a320a4 20a120a2 20a220a6 20a620a3
2455220 20a4209f 20a720a5 20aa20a2 20ae20af
2455240 20ab20ab 20aa20a9 20ad20ac 20ad20a9
2455260 20ae20a4 20aa20b2 20ab20a6 20ad20ad
2455300 20a820ac 20ad20ac 20b420b7 20b320b1
2455320 20af20b3 20ae20ae 20b320b2 20b520b6
2455340 20b120b7 20b720b6 20b220b1 20b120b1
2455360 20b020b5 20a720ad 20ae20ad 20aa20a5
2455400 20a920a7 20ac20ad 20b920b5 20b920b3
2455420 20b920ba 20b320b4 20b920b6 20af20b3
2455440 20b220ac 20b620bb 20ad20b2 20b620b1
2455460 20b920b7 20b820b9 20bc20b6 20b520ba
2455500 20b920b9 20b520b5 20b120b0 20b320ad
2455520 20b720b8 20b220bc 20b920ae 20b320aa
2455540 20b020b1 20b920b8 20c420b5 20b420be
2455560 20c420ba 20b120b8 20bb20b8 20bb20c1
2455600 20b820b9 20bc20be 20bd20bf 20bb20b9
2455620 20b820bd 20ba20b3 20c120b9 20bb20c0
2455640 20bd20c2 20be20be 20bf20bc 20c520c2
2455660 20bd20bf 20b420be 20bb20b9 20c620bf
2455700 20c120bf 20b720b9 20ac20b7 20ac20b5
2455720 20b020b5 20bb20b4 20bc20be 20b720be
2455740 20ac20b3 20b120b2 20b820b8 20b820ba
2455760 20bb20b6 20bd20be 20c220bd 20b820be
2456000 20b620b0 20bf20b7 20b920bd 20b020b1
2456020 20b220ab 20b520b7 20b520b0 20b520b4
2456040 20b520b5 20b820b2 20b220b4 20b020b4
2456060 20b120b0 20b820ac 20b820bd 20b720b8
2456100 20ae20b2 20ac20ad 20aa20af 20b320ab
2456120 20b720b4 20b320b9 20ae20b1 20ae20a9
2456140 20b120af 20af20ad 20a920af 20b220b4
2456160 20b220b3 20b120ad 20b420b5 20ae20af
2456200 20b120af 20b020b8 20b120ae 20ae20b1
2456220 20b220af 20b020b4 20ac20b1 20aa20a7
2456240 209f20a3 209f20a3 20a720ab 20a420ad
2456260 20a120a2 20a920aa 20a420a3 20b420ab
2456300 20a620a6 20a620a9 20a620a9 20a820a6
2456320 20a620ab 20a520a9 20b020aa 20a520a8
2456340 209e20a6 20b1209e 20b220ae 20ad20b0
2456360 20b120ad 20b020b0 20aa20b0 20ad20aa
2456400 20aa20a6 20a020a2 20a620a5 20a820ab
2456420 20b520ab 20ab20ad 20af20ab 20ac20ab
2456440 20a820ab 20ab20aa 20a220a9 20a720a3
2456460 209f20a5 20a620a6 20a520a6 20ac20ac
2456500 20af20b4 20ad20a7 20ae20b1 20a920a9
2456520 20a820a6 20a320a6 209f20a0 20b420ab
2456540 20ab20b4 20b320af 20b320b2 20ab20b3
2456560 20b220b6 20ac20ad 20b520b3 20b020b1
2456600 20b620b4 20b620bb 20b720b3 20b920b5
2456620 20b520b3 20b320ba 20bc20b8 20b620b2
2456640 20bb20ad 20b620b6 20bb20b7 20bc20bf
2456660 20bd20bc 20b820b8 20b920bc 20c020bc
2456700 20c120c2 20c420c7 20c420bc 20c420c5
2456720 20c720c5 20c320c9 20bf20c0 20b620c1
2456740 20bb20c4 20c520c1 20c520c2 20c220c6
2456760 20be20c2 20c020c9 20be20c3 20d020c4
2457000 20cc20cf 20d820d0 20d420d4 20d420d0
2457020 20dc20d5 20d520d4 20da20d6 20d720d7
2457040 20d820d9 20dd20de 20d920d4 20de20d8
2457060 20e020d3 20d920e1 20e620e0 20e920e9
2457100 20e320e1 20e320df 20e620e2 20e220e3
2457120 20e920e2 20ec20f0 20e420e6 20f320ee
2457140 20ed20eb 20ef20ea 20f720e8 20f020ed
2457160 20ec20ed 20ef20e9 20f420f2 20f720ef
2457200 20f820fa 20f920f6 20fd20fc 20f920f7
2457220 20fb20fc 20fd20f8 20f220f1 20fd20f4
2457240 210120fc 210020fc 20fb2107 210020ff
2457260 21022101 21022108 21062106 21032107
2457300 21032107 2109210f 2116210b 21172114
2457320 21122114 21132112 21162116 21142116
2457340 21172114 2113210f 210f211b 21182116
2457360 2118211a 211d2118 21192122 21192117
2457400 211c211c 211d211d 2121211a 211e211c
2457420 21232126 21232126 2126212f 21252128
2457440 211e2121 2116211c 21152116 21212118
2457460 21242122 21222125 211f2120 21272126
2457500 211d211d 21262124 212d2132 211f212b
2457520 212d2129 21242123 21272127 2127212d
2457540 21292128 212d212d 211f2122 21212124
2457560 21292125 212d2129 2124212c 21222127
2457600 21262122 21252120 212d2127 2127212c
2457620 212a2127 21242129 21262126 212f212a
2457640 21312133 212a212d 21302123 212b2126
2457660 212a212f 212d2129 21232125 212a2127
2457700 21272125 21272129 2127212d 2133212c
2457720 212f2133 2126212b 2127211d 212d212c
2457740 2131212f 212b212d 2128212a 212d212c
2457760 212f2137 21312129 21302131 212d212a
2460000 21252129 21302130 21292127 212a2127
2460020 21272122 211f2128 21272128 21332125
2460040 2133212f 212e212d 212c2139 212f2130
2460060 212c212f 2124211f 2121211d 21232121
2460100 2124211d 2121212a 21292123 211b2126
2460120 2122211f 211f211f 2122211f 21292125
2460140 2128212a 21242126 212a2130 21242127
2460160 21222125 21252120 21212128 21242127
2460200 211f211d 2120211e 211e211d 21282120
2460220 21252125 211c2117 2129211c 211b211b
2460240 211f2120 210b2118 2113210e 2113210b
2460260 21182111 21142117 211a2115 2116211f
2460300 211f211c 21182113 210f211f 21182115
2460320 2117211a b01004b8 00000f90 0001000a
2460340 00010000 03b1603c 00000ffc 0001000a
2460360 1400003c add01f00 add01f01 add01f02
2460400 add01f03 add01f04 add01f05 add01f06
2460420 add01f07 add01f08 add01f09 add01f0a
2460440 add01f0b add01f0c add01f0d add01f0e
2460460 add01f0f add01f10 add01f11 add01f12
2460500 add01f13 add01f14 add01f15 add01f16
2460520 add01f17 add01f18 add01f19 add01f1a
2460540 add01f1b add01f1c add01f1d add01f1e
2460560 ff000134 00000020 00000002 c1130afe
2460600 00000001 deadbeef f0000002 c1130aea
2460620 1b0b282a 00000000 00000134 00001f48
2460640 a01104b9 21d92117 21db21e0 21dc21df
2460660 21df21dd 21e321df 21db21dc 21e221d7
2460700 21dd21e3 21df21e4 21dc21e0 21dc21d6
2460720 21e021db 21d521d9 21d321d8 21dc21da
2460740 21e321db 21e421dd 21e221de 21d821e5
2460760 21e021da 21e321e3 21de21df 21dc21da
2461000 21dd21dc 21d621e1 21d721d8 21dd21d9
2461020 21d921dc 21e021e0 21db21e0 21dc21d7
2461040 21d421d8 21d921d8 21db21da 21df21e2
2461060 21e121e0 21e021e1 21da21d9 21da21df
2461100 21de21d7 21db21e0 21db21d9 21dd21e0
2461120 21df21e2 21df21e4 21e521db 21e721df
2461140 21e921ed 21e421e2 21ee21ed 21df21e6
2461160 21da21da 21dd21e2 21ed21e5 21e821f3
2461200 21eb21e0 21e321e9 21e321e3 21de21e6
2461220 21db21e1 21db21d5 21e521e1 21e421e1
2461240 21eb21f1 21eb21f0 21e821ed 21e321e7
2461260 21ed21e6 21ef21ee 21f621ed 21f921ee
2461300 21ed21ef 21f421f0 21f521fa 21f221f8
2461320 213921e7 1f532038 1e131e98 1d911dca
2461340 1d581d6e 1d4a1d46 1d451d4a 1d4c1d4a
2461360 1d401d4b 1d481d44 1d401d44 1d461d47
2461400 1d421d49 1d451d45 1d461d41 1d3a1d3e
2461420 1d3f1d3d 1d481d47 1d4b1d4c 1d4e1d48
2461440 1d441d41 1d441d3f 1d431d48 1d371d43
2461460 1d421d3c 1d481d41 1d431d43 1d461d45
2461500 1d4b1d48 1d4d1d49 1d4f1d48 1d4d1d54
2461520 1d4c1d4b 1d541d52 1d541d50 1d5d1d51
2461540 1d5e1d5b 1d5f1d59 1d621d5d 1d591d5c
2461560 1d621d60 1d5a1d60 1d591d5d 1d5c1d5e
2461600 1d611d56 1d5e1d57 1d641d5f 1d591d61
2461620 1d5d1d62 1d611d5b 1d621d5e 1d651d62
2461640 1d601d69 1d621d68 1d6d1d6a 1d771d71
2461660 1d6a1d68 1d6b1d70 1d6a1d6c 1d761d75
2461700 1d751d6c 1d6b1d70 1d701d71 1d741d75
2461720 1d6e1d77 1d751d73 1d761d76 1d721d71
2461740 1d791d7b 1d7a1d79 1d851d7c 1d821d83
2461760 1d781d73 1d7e1d7c 1d881d86 1d8a1d82
2462000 1d801d81 1d751d80 1d7e1d80 1d851d8a
2462020 1d8c1d87 1d881d8b 1d791d84 1d871d81
2462040 1d861d84 1d8a1d85 1d8c1d87 1d8f1d8d
2462060 1d8c1d8e 1d891d84 1d891d8c 1d8e1d8f
2462100 1d8c1d90 1d911d91 1d971d97 1d961d93
2462120 1d921d8e 1d901d97 1d921d94 1d951d92
2462140 1d9d1d91 1d9c1d9a 1d941d9b 1d9f1d9d
2462160 1d9a1d9e 1d9f1d9f 1d991d97 1d9a1da1
2462200 1d981d9e 1da31d9e 1d9d1d9d 1d9e1da0
2462220 1da11da1 1da51d9f 1da41da2 1d9d1d9c
2462240 1d9e1d9d 1d9e1da6 1da11d9f 1da01da1
2462260 1da01da3 1da11da0 1da51da6 1da31da4
2462300 1da71da2 1dab1da8 1da51da9 1daa1db1
2462320 1da91daf 1da51dad 1da41da0 1da81da3
2462340 1da91da9 1daa1dab 1da91daf 1da61da3
2462360 1da21da3 1db21da9 1da61db2 1dad1daa
2462400 1da91da3 1da71da6 1da21da6 1da31da6
2462420 1da71da2 1dac1da7 1daf1daf 1dae1dac
2462440 1dae1db3 1daf1daa 1da71da7 1da01da5
2462460 1d9a1d97 1da21da5 1da41da4 1da81daa
2462500 1da41d9f 1da41daa 1db11dac 1db31db2
2462520 1db41db6 1db31db0 1db31db2 1dae1db1
2462540 1db01daf 1daf1dab 1daa1dab 1da61dae
2462560 1da61dac 1da91dac 1da11da1 1d961d9d
2462600 1da11da0 1d9f1da5 1dae1da9 1da41da4
2462620 1d9d1da3 1da31d9e 1da01da9 1daa1da1
2462640 1da31da8 1da81da2 1daf1da4 1da81da5
2462660 1da61dab 1dad1da2 1da61da8 1da01da3
2462700 1da81da8 1dab1dad 1dac1daa 1da81da6
2462720 1da41daa 1da71daa 1da21da1 1da51da2
2462740 1da51d9f 1da61daa 1db01dad 1dad1dad
2462760 1db31db0 1da41da9 1da31dae 1dac1da4
2463000 1da51da3 1daf1dad 1da81daf 1daf1dac
2463020 1dac1db1 1dab1daf 1da91da3 1dab1dad
2463040 1dad1dab 1dab1db0 1dad1da7 1db01da8
2463060 1db11dba 1db21db3 1db71dbb 1dad1dac
2463100 1db31db5 1db71db2 1db91dbf 1db91dbf
2463120 1db61db5 1db31dac 1dab1db0 1daf1daa
2463140 1db71da6 1db71db3 1db91db5 1db01db2
2463160 1dbe1db9 1db61db8 1dbc1dc4 1dc01dc1
2463200 1dc01dc2 1dbb1dc5 1dba1dc1 1dc31dc0
2463220 1dc41dc3 1dc21dbe 1dc71dca 1dcc1dcf
2463240 1dc21dc1 1dc41dc4 1dd21dcb 1dd31dcd
2463260 1dd41dd6 1dcc1dcf 1dcd1dca 1dcc1dcc
2463300 1dcb1dce 1dcd1dcd 1dc71dc9 1dd11dc6
2463320 1dc71dc6 1dcd1dca 1dcf1dd1 1dd91dd0
2463340 1dda1dc9 1de01ddd 1ddb1ddb 1de01de3
2463360 1ddd1ddd 1de01dda 1de11de7 1ddc1de2
2463400 1de51ddc 1de31de6 1de21de1 1de71de1
2463420 1de11de3 1de21de9 1de61de1 1de51de2
2463440 1def1deb 1de81ded 1dee1dec 1deb1de6
2463460 1dec1dea 1df81ded 1dfa1e00 1df01df6
2463500 1df51df8 1df41df3 1df51dfa 1df81df9
2463520 1dfc1dfd 1df01df9 1dfe1dfd 1e011dfd
2463540 1e001dff 1e011dff 1dff1dfe 1e0b1e03
2463560 1dff1e03 1e0b1e02 1e0c1e06 1e101e0a
2463600 1e0d1e12 1e0c1e0f 1df91e03 1e0b1e0a
2463620 1e081e04 1e0c1e06 1e061e05 1e071e0e
2463640 1e0e1e0f 1e131e10 1e171e18 1e1b1e1a
2463660 1e181e17 1e1c1e17 1e1b1e1e 1e2b1e21
2463700 1e291e25 1e201e27 1e201e28 1e231e26
2463720 1e291e27 1e231e27 1e281e28 1e291e29
2463740 1e251e23 1e291e27 1e2a1e2a 1e261e32
2463760 1e2a1e2a 1e311e31 1e2b1e2e 1e2f1e31
2464000 1e351e37 1e341e37 1e3b1e3c 1e3d1e3e
2464020 1e3a1e41 1e381e39 1e391e3a 1e3f1e36
2464040 1e371e38 1e391e3b 1e381e37 1e371e3a
2464060 1e401e40 1e451e38 1e421e45 1e431e41
2464100 1e401e44 1e421e44 1e491e44 1e4e1e4c
2464120 1e491e4a 1e4a1e49 1e4e1e49 1e511e4b
2464140 1e501e55 1e4e1e57 1e531e4e 1e541e56
2464160 1e4e1e56 1e4f1e54 1e4e1e4e 1e581e54
2464200 1e531e4d 1e621e59 1e511e5a 1e571e5b
2464220 1e5c1e5c 1e5d1e58 1e601e5d 1e641e5f
2464240 1e631e61 1e631e69 1e631e64 1e661e5d
2464260 1e671e6a 1e721e6d 1e6c1e70 1e6b1e67
2464300 1e6d1e60 1e6c1e6c 1e5d1e67 1e5c1e5d
2464320 1e6b1e72 1e691e6d 1e781e6d 1e6e1e6d
2464340 1e771e75 1e791e78 1e721e74 1e791e7d
2464360 1e731e76 1e751e7a 1e7f1e76 1e7f1e77
2464400 1e711e73 1e761e76 1e761e79 1e811e74
2464420 1e7e1e82 1e7a1e7f 1e7c1e7e 1e7b1e7e
2464440 1e781e83 1e861e82 1e841e81 1e811e7f
2464460 1e7f1e84 1e811e83 1e841e81 1e871e8a
2464500 1e871e88 1e881e80 1e821e83 1e8b1e80
2464520 1e8c1e89 1e851e85 1e8a1e86 1e871e88
2464540 1e8a1e87 1e8c1e89 1e881e8a 1e8c1e8a
2464560 1e8b1e8d 1e821e89 1e891e86 1e8b1e88
2464600 1e8c1e8b 1e8c1e91 1e881e87 1e841e88
2464620 1e891e88 1e881e88 1e881e88 1e891e8a
2464640 1e8b1e8a 1e901e8b 1e871e8e 1e811e87
2464660 1e871e7e 1e851e88 1e911e87 1e891e8b
2464700 1e8d1e8d 1e8c1e90 1e8c1e8f 1e861e8d
2464720 1e801e85 1e7f1e81 1e891e8a 1e8a1e88
2464740 1e871e8e 1e851e89 1e8d1e87 1e921e8a
2464760 1e861e8c 1e851e89 1e891e89 1e891e8b
2465000 1e871e88 1e871e89 1e881e93 1e841e89
2465020 1e8c1e87 1e851e7e 1e791e7c 1e861e8a
2465040 1e7b1e80 1e881e83 1e841e85 1e8c1e89
2465060 1e851e89 1e811e81 1e831e87 1e831e82
2465100 1e861e84 1e831e82 1e7c1e86 1e8a1e88
2465120 1e861e7f 1e7d1e85 1e891e81 1e8b1e83
2465140 1e7b1e83 1e8a1e81 1e861e85 1e861e90
2465160 1e911e8b 1e861e87 1e881e87 1e831e89
2465200 1e7d1e83 1e841e85 1e821e84 1e851e80
2465220 1e8a1e83 1e8b1e8b 1e861e88 1e7d1e7f
2465240 1e811e7b 1e841e82 1e851e85 1e851e8a
2465260 1e821e7d 1e891e8a 1e8c1e88 1e961e8c
2465300 1e8c1e8d 1e911e90 1e8a1e8c 1e871e91
2465320 1e891e88 1e8c1e85 1e8b1e87 1e8c1e87
2465340 1e8b1e8a 1e911e93 1e961e93 1e951e92
2465360 1e921e90 1e8b1e91 1e8c1e8e 1e901e93
2465400 1e921e90 1e981e92 1e941e95 1e971e90
2465420 1e9b1e97 1e981e9e 1e961e98 1e961e98
2465440 1e911e9b 1e9a1e9a 1e961e97 1e9c1e96
2465460 1e9e1e9f 1e9f1ea5 1ea31e9b 1ea71ea4
2465500 1ea31e9c 1ea21ea6 1ea21ea5 1ea11e9d
2465520 1ea51ea5 1ea31ea2 1ea61ea2 1ea21ea7
2465540 1e9a1ea3 1ea91eab 1ea61ea7 1ead1eac
2465560 1ea61ea5 1ea81eaa 1ea31ea5 1eaf1ea5
2465600 1eb01eab 1eb61eaf 1eb01eb6 1eb01eb7
2465620 1eb71eb4 1eb81eb8 1eba1eb6 1eb71eb3
2465640 1eb71eaf 1eb21eb1 1eb51eb2 1eb21eb4
2465660 1eba1eb7 1ebe1ebe 1eb91eb7 1eb21eb9
2465700 1ebc1ebf 1ebc1ec0 1ebc1eba 1ec21eba
2465720 1ec11ec4 1ebc1ebf 1ebd1ec4 1ec31ec1
2465740 1ec91ec3 1ecb1ec4 1ec21ec3 1eca1ec6
2465760 1eca1ecc 1ec81ec9 1eca1ecc 1ecb1ecd
2466000 1ece1ed1 1ed31ecf 1ec51ed4 1ed71ece
2466020 1ecd1ed3 1ede1ed5 1ede1ede 1ed41ecd
2466040 1ed81ed6 1edc1ed4 1ee11ee1 1edc1edb
2466060 1ed51eda 1edb1edb 1ed91edb 1ed91ed6
2466100 1ed41ed6 1eda1ed7 1ede1edc 1ed91edf
2466120 1ede1ed3 1ee91ee1 1ee71ee8 1ee81ee1
2466140 1ee11ee8 1ede1ee0 1eda1edb 1ee01ee1
2466160 1ee61ee1 1eea1ee9 1ee31eef 1ee11ee1
2466200 1ee41ee2 1ee11ee2 1eed1eea 1eee1eec
2466220 1ef31ee8 1ef11ef0 1eef1ef1 1ef61ef3
2466240 1ef21ef6 1ef41eec 1ef21ee8 1ef91ef0
2466260 1efc1f01 1ef51efe 1ef71efe 1f001ef9
2466300 1efe1efc 1efd1efd 1efd1efa 1efd1efd
2466320 1f081f00 1f071f03 1efb1f00 1eff1f03
2466340 1efc1eff 1efc1ef3 1f001f00 1efe1f01
2466360 1f071f05 1f051f07 1f071f03 1f0f1f07
2466400 1f061f0b 1f0a1f0b 1f051f05 1f111f0a
2466420 1f0a1f0d 1f121f0f 1f111f14 1f121f0d
2466440 1f151f0a 1f0e1f18 1f171f1b 1f181f16
2466460 1f131f17 1f191f0f 1f1b1f19 1f161f1f
2466500 1f1a1f1f 1f241f1f 1f281f1c 1f251f1b
2466520 1f261f1e 1f1d1f22 1f201f22 1f171f21
2466540 1f261f1c 1f2c1f29 1f2c1f2e 1f221f20
2466560 1f281f28 1f2d1f22 1f271f2a 1f231f2b
2466600 1f231f22 1f2d1f24 1f381f32 1f321f33
2466620 1f2c1f32 1f311f31 1f391f31 1f331f38
2466640 1f291f35 1f291f2d 1f2e1f2d 1f301f2e
2466660 1f3c1f32 1f3b1f3c 1f371f39 1f321f33
2466700 1f3b1f36 1f3e1f39 1f371f3e 1f381f37
2466720 1f381f35 1f3a1f37 1f3e1f39 1f351f30
2466740 1f371f37 1f3b1f40 1f431f3c 1f461f45
2466760 1f4a1f53 1f411f49 1f441f39 1f3a1f3f
2467000 1f371f32 1f3b1f3b 1f3c1f3d 1f3a1f37
2467020 1f371f3c 1f3b1f36 1f361f39 1f341f3b
2467040 1f361f37 1f411f3c 1f431f3f 1f3a1f43
2467060 1f3f1f3e 1f3e1f41 1f3c1f35 1f3c1f38
2467100 1f421f42 1f3f1f44 1f391f41 1f3c1f3c
2467120 1f391f3e 1f3a1f38 1f411f40 1f431f3e
2467140 1f451f3b 1f3a1f3d 1f3d1f3b 1f391f41
2467160 1f3c1f36 1f3f1f3f 1f3e1f40 1f431f37
2467200 1f451f44 1f421f3f 1f4f1f49 1f441f45
2467220 1f481f45 1f421f41 1f461f46 1f3f1f42
2467240 1f491f43 1f4d1f51 1f401f48 1f431f4e
2467260 1f4a1f44 1f461f41 1f3c1f3e 1f431f42
2467300 1f3e1f41 1f491f3e 1f481f47 1f401f42
2467320 1f441f42 1f431f3b 1f481f3d 1f4a1f44
2467340 1f4c1f49 1f461f47 1f411f3d 1f431f3f
2467360 1f411f41 1f401f3b 1f4d1f48 1f471f47
2467400 1f4b1f43 1f4d1f48 1f481f45 1f491f4b
2467420 1f471f48 1f571f4b 1f531f51 1f491f4e
2467440 1f471f4e 1f561f55 1f551f52 1f4a1f4e
2467460 1f451f48 1f551f4f 1f501f53 1f481f48
2467500 1f531f44 1f4c1f51 1f521f4b 1f4c1f4b
2467520 1f571f50 1f5c1f59 1f551f55 1f5b1f5e
2467540 1f531f55 1f501f4f 1f4b1f4f 1f4c1f45
2467560 1f591f50 1f591f5a 1f611f5e 1f601f62
2467600 1f621f5e 1f591f5c 1f5a1f59 1f5e1f5a
2467620 1f591f64 1f551f5d 1f5c1f5c 1f5c1f5f
2467640 1f681f63 1f651f65 1f611f68 1f5c1f5d
2467660 1f5f1f5e 1f691f5d 1f681f66 1f651f66
2467700 1f691f6a 1f621f6a 1f641f60 1f691f68
2467720 1f6b1f69 1f6c1f6e 1f6b1f6d 1f751f6e
2467740 1f701f72 1f6b1f71 1f6b1f68 1f701f77
2467760 1f711f68 1f711f77 1f6e1f77 1f731f79
2470000 1f781f76 1f7e1f78 1f751f7b 1f781f7a
2470020 1f721f72 1f721f77 1f7b1f7a 1f751f79
2470040 1f751f7c 1f7c1f7c 1f7a1f7c 1f7d1f7b
2470060 1f7a1f7b 1f7d1f80 1f841f7e 1f861f85
2470100 1f801f7d 1f861f81 1f7c1f81 1f7c1f86
2470120 1f7f1f82 1f8b1f86 1f861f86 1f801f85
2470140 1f821f80 1f861f81 1f901f83 1f8d1f8d
2470160 1f8d1f8c 1f911f94 1f931f8c 1f8f1f90
2470200 1f981f96 1f931f8e 1f891f91 1f931f92
2470220 1f951f91 1f971f90 1f901f92 1f921f9b
2470240 1f941f9d 1f9c1f95 1f9c1f9b 1f9c1f9f
2470260 1fa21fa3 1fa81fa7 1f9f1fa2 1f9b1f9e
2470300 1fa11fa1 1fa11fa1 1fa81f9d 1fa01fa4
2470320 1fa51f9f 1fa51fa3 1fa01fa1 1fa11f9e
2470340 1fa11fa4 1fa81fa3 1fa01fa0 1fa21f9e
2470360 1fa21f9d 1faa1fa0 1fa11fa5 1fa01fa4
2470400 1fa71fa6 1fa31fa3 1fa51fa2 1fa41fa0
2470420 1fa81fa8 1fa31fab 1fa31faa 1fad1fab
2470440 1fa41fa0 1fa51faa 1fae1fad 1faf1fb1
2470460 1fb11fab 1fc11fb8 1fb11fbd 1fb31fb5
2470500 1fb81fb8 1fb21fb2 1faf1fb9 1fad1fb1
2470520 1fae1fb1 1fb91fb6 1fb11fb1 1fb11fb6
2470540 1fb91fb7 1fbd1fbf 1fc31fbe 1fbc1fbb
2470560 1fc51fbf 1fb81fbc 1fbd1fbd 1fb81fb6
2470600 1fbd1fbb 1fb81fb6 1fbb1fbd 1fbd1fbd
2470620 1fb21fb6 1fb91fae 1fb81fb2 1fb41fbb
2470640 1fbc1fb9 1fb71fb8 1fc51fc0 1fbf1fbc
2470660 1fbe1fc1 1fc01fc3 1fba1fbc 1fc41fc5
2470700 1fcc1fcc 1fc41fcd 1fc41fca 1fc51fc2
2470720 1fc31fbf 1fb91fba 1fc81fc4 1fc01fc0
2470740 1fc61fc8 1fbf1fbe 1fc11fc1 1fc71fbf
2470760 1fc01fc4 1fc31fc8 1fcc1fc6 1fce1fcc
2471000 1fc31fce 1fcd1fcd 1fd21fd1 1fcf1fcf
2471020 1fc41fca 1fbf1fc2 1fc41fbd 1fb91fc3
2471040 1fbe1fbd 1fca1fc1 1fc51fc3 1fd41fc8
2471060 1fd01fcd 1fce1fcb 1fca1fc9 1fc41fc3
2471100 1fc51fcb 1fca1fc6 1fc61fc1 1fc51fc6
2471120 1fcb1fca 1fcb1fcc 1fcc1fc6 1fd21fcf
2471140 1fd51fd2 1fd01fd4 1fcb1fc7 1fc71fc8
2471160 1fc41fc5 1fc51fc2 1fc41fc7 1fcc1fca
2471200 1fcb1fcd 1fd01fd2 1fc11fc9 1fc31fc3
2471220 1fc21fbe 1fc51fbe 1fc11fc0 1fbc1fc0
2471240 1fc61fbe 1fc01fc4 1fc81fc2 1fc81fc3
2471260 1fc41fc3 1fc51fc6 1fc31fc6 1fc31fc3
2471300 1fc01fbb 1fbe1fb7 1fbb1fc2 1fbb1fc2
2471320 1fb61fbe 1fb71fbc 1fb31fb6 1fbb1fbe
2471340 1fc11fca 1fb81fbe 1fbe1fb6 1fc71fbe
2471360 1fba1fc4 1fb91fbb 1fc11fb7 1fb71fbc
2471400 1fb91fb9 1fb41fbc 1fb01fb3 1fb11fb4
2471420 1fb91fb2 1fb51fb6 1fb21fba 1fa51fae
2471440 1faf1fae 1fbe1fbe 1fbf1fb4 1fb41fbd
2471460 1fba1fbe 1fc51fc4 1fb61fbc 1fb91fbb
2471500 1fb41fbf 1fb71fbd 1fb81fbc 1fbb1fbe
2471520 1fb31fba 1fbb1fb5 1fbb1fbe 1fbf1fbf
2471540 1fbc1fbc 1fb31fb3 1fb81fbb 1fb81fbb
2471560 1fbc1fb7 1fbb1fbf 1fbc1fb8 1fbc1fc2
2471600 1fb41fbf 1fb71fb2 1fb91fb4 1fbb1fb9
2471620 1fbd1fb8 1fb91fb9 1fbc1fb5 1fb81fb4
2471640 1fb51fb5 1fb61fb5 1fbd1fc0 1fc11fbe
2471660 1fc21fba 1fc21fc3 1fc21fc8 1fbc1fb9
2471700 1fbc1fbd 1fc61fc8 1fc91fbf 1fc01fc6
2471720 1fbf1fbc 1fc21fc2 1fce1fca 1fca1fc8
2471740 1fcd1fca 1fc61fcd 1fc81fc9 1fc71fc2
2471760 1fcc1fcd 1fc91fc9 1fce1fd0 1fd11fce
2472000 1fcf1fcf 1fcd1fcd 1fce1fc6 1fd21fd4
2472020 1fcf1fcb 1fd01fc9 1fd51fd0 1fd01fd2
2472040 1fd71fd6 1fd71fd4 1fd71fd1 1fd71fd7
2472060 1fd71fda 1fde1fdd 1fd21fcc 1fd71fd5
2472100 1fd31fda 1fd71fda 1fd71fd8 1fd41fd7
2472120 1fdb1fd8 1fd81fdd 1fe21fe3 1fe41fe3
2472140 1fe81fe6 1fed1fe7 1fdf1fe9 1fec1fea
2472160 1fe21fee 1fef1fed 1fe91feb 1feb1ff4
2472200 1ff21fed 1fe91fed 1ff51ff3 1ff21feb
2472220 1fea1fec 1ff11ff3 1ff61ff9 1ffb1ff6
2472240 1ffd1ff9 1ffb1ffd 1ff11ff2 1ff81ff8
2472260 1ffa1ff4 1ffb1ff5 20041ff6 1ff91ffd
2472300 20002003 1ffa1ffa 1ffd1ffe 200e2001
2472320 1ffd2008 20092005 20062006 20032008
2472340 20052001 20072002 200a2010 200f2007
2472360 2014200a 200c200f 20172014 20122014
2472400 200f2011 200b200b 2012200d 201a2016
2472420 20142016 20152016 201f2017 201d2021
2472440 201c201f 20222020 202c2026 20262029
2472460 20212022 201c2023 20252023 202c2028
2472500 202b2026 2028202d 2022202c 20282024
2472520 20262022 202b202a 2031202e 20362039
2472540 203c203b 2034203b 203a2036 20362035
2472560 20312032 20342030 20332033 20382036
2472600 20362038 203b2037 2037203b 203a2043
2472620 203d2039 2033203d 20392037 2037203a
2472640 203b2035 20422038 20392043 20422043
2472660 203c2048 203e2037 20452041 203f203b
2472700 20402040 203e203a 2043203f 20432045
2472720 20462043 20442049 20492043 20492046
2472740 204a2047 20482046 20462042 20482048
2472760 20482047 204a2047 204c204b 2048204e
2473000 204f2051 2055204e 205b2055 20552056
2473020 204f2052 20572054 2053204e 2052204d
2473040 204e2050 204c2059 205a2057 2056205c
2473060 20592054 20542056 20512057 20522053
2473100 205a2055 20572053 2058205b 205e2061
2473120 2055205b 2056205d 2057205e 20522056
2473140 20582054 205b2057 20632060 2068205f
2473160 20682061 205f206c 20632062 205a205b
2473200 20552053 205e2058 2057205a 20502052
2473220 2058204c 205f205a 20592060 205a2057
2473240 20592057 205f2061 205e2058 20632065
2473260 2057205b 20572055 2055204f 20572051
2473300 20572056 20542053 20502053 20532050
2473320 20592051 204e205b 20582059 2057205a
2473340 2059205e 205d205a 205b2058 2050205d
2473360 20582058 205a2058 20592050 204d2054
2473400 20532055 205b2060 20582056 204d2053
2473420 20472046 20442047 20422044 2052204f
2473440 2051204b 204d204c 2043204b 20432049
2473460 20452042 204c2046 2046204a 203e2041
2473500 20422046 203e203f 20422041 2040203d
2473520 203b203f 2042203c 203b2046 203f203d
2473540 2040203d 2037203c 203e203d 2035203e
2473560 2040203b 203c203d 20332035 202f2036
2473600 202d202e 20392035 20382038 20322032
2473620 2037203b 202f2034 202c202e 202b2028
2473640 202f2029 20282033 202e2024 20332031
2473660 202a202a 20342034 20322039 202e202f
2473700 202f202b 2032202f 2033202d 202f202f
2473720 2032202c 20392032 20342037 202c202a
2473740 2027202c 20282024 2032202a 202e2028
2473760 2028202f 20262029 202e202b 20242026
2474000 20222029 201e2021 20262023 201d2020
2474020 2024201c 20292025 2028202b 2025202b
2474040 20272023 202f2025 201e2026 20252025
2474060 2027202a 20272026 20202027 2025202c
2474100 202b202b 2025202d 20202027 20302026
2474120 20202019 201f2026 20212020 2024201d
2474140 202c2022 2021201f 201d201d 20252024
2474160 2026201e 20262027 20202025 202a202d
2474200 202c202e 20262022 202e202e 20312028
2474220 20252030 202d202a 2032202b 20302025
2474240 2031202d 20342034 202f2033 202b2034
2474260 202c202e 20302032 20392036 2038203b
2474300 20372039 20312034 20362031 20382038
2474320 203d2039 203a203f 203e2039 2041203d
2474340 20422040 203a2042 2038203e 20422041
2474360 203f203b 20432042 203f2046 20432041
2474400 20452045 20422045 20472041 20452041
2474420 20432041 204b2044 204b2047 204f2048
2474440 20532053 20512057 204f2051 2050204c
2474460 2051204f 205a2055 205f205e 20672062
2474500 205b205e 205d205a 2054205d 20572059
2474520 2064205f 20602060 2056205e 2059205e
2474540 20612062 20642065 205c205d 20642069
2474560 20642066 20612069 20662067 206d2067
2474600 20702068 206e206f 20792072 20712073
2474620 20602075 20682065 206b2071 2074206a
2474640 20782073 20782074 207a2072 206f2075
2474660 2073206a 2076206b 20752080 207c207e
2474700 20822087 20842086 20802080 2080207d
2474720 2080207d 2085208a 208b2084 20822086
2474740 208a2087 20892087 20912086 2094208f
2474760 209c2096 20982095 20932093 209b209e
2475000 209b2098 209c2098 20942098 209b20a2
2475020 20a2209d 20a0209d 209a209f 20972098
2475040 209f209f 209e20a2 20a420a4 20a820a3
2475060 20a5209c 20a8209b 20a320a5 20ab209f
2475100 20b420b0 20ac20a7 20ac20a8 20ae20b2
2475120 20b220ae 20ae20ac 20b120ac 20b120a9
2475140 20b120b1 20b120ad 20bc20b7 20bc20b9
2475160 20b520ba 20bd20b0 20c220b9 20c320be
2475200 20ba20bc 20c120c0 20c520c7 20bf20c0
2475220 20c020c4 20ba20b7 20af20b9 20b220b4
2475240 20bf20ba 20c320c6 20c320c1 20c820bd
2475260 20c320c4 20c620c0 20cf20cc 20ce20c9
2475300 20d120d0 20d320ce 20cf20d8 20cd20d4
2475320 20ca20ce 20cc20c9 20d220d1 20c220cd
2475340 20cf20c1 20cd20d7 20cf20cc 20d220d4
2475360 20d420d3 20d920d7 20d620d1 20d220da
2475400 20d420d7 20d820d1 20cc20d0 20c520cc
2475420 20cb20c8 20cf20cc 20d620d1 20d320d6
2475440 20d520d5 20d420ce 20ce20d5 20ca20cf
2475460 20cc20ce 20cc20cf 20d120d3 20cf20d1
2475500 20d320d4 20d120ce 20c920cc 20d020cd
2475520 20d120d6 20d320d0 20d920cf 20cb20d0
2475540 20d320cc 20d320d2 20db20d7 20da20dc
2475560 20d520d5 20dc20d5 20dd20e1 20d820d6
2475600 20cd20c6 20d320cd 20d520d5 20d920da
2475620 20db20d7 20d020cd 20ca20cf 20cb20c6
2475640 20cb20cc 20cd20cb 20d320cd 20cb20cf
2475660 20cb20d0 20d520d2 20cf20d2 20cf20ce
2475700 20cc20cd 20c920ca 20d020d2 20c820cd
2475720 20c520c9 20bd20be 20bd20c4 20c020cb
2475740 20c420c3 20c520c3 20bc20c1 20c020c1
2475760 20bd20c0 20b820c1 20ba20bf 20c020bc
2476000 20c120c3 20bf20c2 20c420c3 20bb20be
2476020 20be20c1 20b320b2 20ba20b4 20b920b3
2476040 20be20bd 20bd20b6 20ad20b8 20b920b5
2476060 20ab20b0 20a820aa 20af20ab 20a720ab
2476100 20b320b0 20a620ab 20aa20aa 20ad20b0
2476120 20aa20aa 20a220a5 20a020a3 20a0209c
2476140 20a420a1 20a320a3 20a520a2 20a620a6
2476160 209e20a6 20a220a7 20a520a2 20a0209e
2476200 209920a0 209e2097 209d209d 209c209c
2476220 20a3209f 20a420a6 20a5209f 209a20a2
2476240 209f20a0 2097209c 20932091 20922090
2476260 209f209d 209d20a1 209b209a 209b2097
2476300 20a5209e 2095209e 2094209c 2098209a
2476320 2096209b 2097208c 20912098 208d2091
2476340 208d2093 2091208f 20962093 20952093
2476360 2096209c 20912097 2093208b 20952096
2476400 208f208a 208d2092 20912091 208d2089
2476420 209c2092 209c2098 2095209d 208f2097
2476440 20992093 20962092 20932090 2092208d
2476460 209b2091 20992094 209e209c 2098209a
2476500 20a6209e 20a220a2 209b209b 20a3209f
2476520 209e209d 2097209f 209c209e 20a020a4
2476540 20a2209c 209c209e 2098209b 2095209a
2476560 209f2098 20992091 20a320a2 2095209b
2476600 209e209d 20a420a4 20a520a4 20a920a4
2476620 20a320a5 20a520a9 20a820aa 20a820a5
2476640 20a420ab 209d20a0 20a520ab 20a820ad
2476660 20af20ac 20b020ad 20b320b4 20ab20b2
2476700 20ac20ad 20a720a5 20b220aa 20b820b2
2476720 20b420b8 20af20af 20a920a9 20ae20a7
2476740 20b020b3 20ba20b5 20b820bc 20c020bc
2476760 20ba20bc 20b820b5 20b720bc 20b720b7
2477000 20b620af 20bc20ba 20b820b9 20ca20c7
2477020 20c020c2 20c120c3 20bd20bc 20b520bc
2477040 20bb20bd 20c320c7 20cb20c4 20ce20ca
2477060 20cb20c8 20ce20d5 20d220d2 20d120d2
2477100 20d020cb 20cc20cf 20cf20cb 20d320d3
2477120 20d120da 20d320d0 20d520d4 20d120cc
2477140 20d620d6 20d220d2 20dc20d8 20d620d7
2477160 20d820da 20d720dd 20e220d9 20e020de
2477200 20dd20e8 20e620df 20dc20db 20e220e4
2477220 20df20df 20dd20df 20dc20e1 20e720df
2477240 20e420e0 20ee20e3 20e920eb 20f120e5
2477260 20f220ee 20f220ed 20f120e7 20f020f2
2477300 20f420ef 20fa20fc 20fc20f4 20f120f1
2477320 20f220f3 20f820f5 20fd20f7 20fe20f8
2477340 20fc20f6 20ff20fb 21052102 21022102
2477360 20ff2100 20fc20f8 20fd20fb 20fd20fd
2477400 20ff20fc 21062102 210120fb 21092109
2477420 21122110 2116210f 210c2113 2116210f
2477440 210c210f 210b2109 210a210c 2111210d
2477460 210d2113 21122111 211a2113 211b2117
2477500 2116211c 21142111 21132113 21142114
2477520 21182110 21122111 210f2112 210c2112
2477540 21102110 211a2119 21132112 21122118
2477560 211d211a 211e211a 211e2122 212e2124
2477600 21252121 21222122 211d2120 21242125
2477620 21282128 21202121 211f2126 212b2129
2477640 21282127 212e2126 21312138 21312135
2477660 21252128 21292123 21252123 2127212c
2477700 2123211f 2126212c 21292124 2128212c
2477720 212d2127 2126212b 2137212f 2132212f
2477740 2128212a 212b2129 2121212d 21262124
2477760 21272123 21272123 21212127 211f2125
2500000 00003fe8 0001000a 00010078 000afe4b
2500020 00000001 00000000 63e50c71 0000032a
2500040 00000001 00000000 00000078 00000000
2500060 00000074 0001000a 211b212b 21292122
2500100 21222124 212f212d 21282134 2120212a
2500120 2120211e 212b2122 212f2129 212c2131
2500140 21332134 21222127 212c2129 21282127
2500160 21202129 211e2127 21252123 212a2123
2500200 21252128 211c2124 211d2118 2127211c
2500220 211d211e 21182115 21232122 21232126
2500240 21222127 21202122 211f211f 211c211f
2500260 211a2123 2124211b 21282125 211f2125
2500300 2117211c 2116211a 211d2117 211b211b
2500320 2119211b 211e211a 211d211e 2120211e
2500340 2122211c 21112120 211c211a 210f2112
2500360 210f2109 21172119 21122111 21172114
2500400 210c2113 2113210f 210e210c 210d210a
2500420 21112113 210a2115 210a210b b01104b9
2500440 00001004 0001000a 00010000 03b15cfd
2500460 00000ffc 0001000a 1400003c add01f00
2500500 add01f01 add01f02 add01f03 add01f04
2500520 add01f05 add01f06 add01f07 add01f08
2500540 add01f09 add01f0a add01f0b add01f0c
2500560 add01f0d add01f0e add01f0f add01f10
2500600 add01f11 add01f12 add01f13 add01f14
2500620 add01f15 add01f16 add01f17 add01f18
2500640 add01f19 add01f1a add01f1b add01f1c
2500660 add01f1d add01f1e ff000134 00000020
2500700 00000000 e3c13dbb 00000001 deadbeef
2500720 f0000000 e3c13da7 2d0b38a5 00000000
2500740 00000134 00001f48 a010017a 21e621fa
2500760 21e121e4 21e121de 21e121df 21dd21dc
2501000 21d621cf 21d421d7 21d921d5 21da21df
2501020 21d821dd 21d521d2 21cf21d5 21cc21cf
2501040 21d021d5 21ce21d2 21ca21c7 21ce21cb
2501060 21c621cf 21cb21cd 21c621c5 21c721c1
2501100 21c821c1 21c221c4 21c921c6 21cb21c9
2501120 21bf21c6 21c121be 21b821c6 21c121c7
2501140 21c521be 21bf21c8 21c121bf 21bb21bd
2501160 21c621c8 21bf21c6 21c321c1 21c721c9
2501200 21b821c2 21bc21be 21bd21be 21bb21b7
2501220 21b421b7 21b821b7 21c221be 21bc21be
2501240 21c221c1 21c021c0 21bf21bb 21c621bc
2501260 21b721be 21b821b7 21c121b9 21b121c0
2501300 21b721bc 21b521b7 21b221af 21b421b4
2501320 21b021b4 21b921b8 21b721b7 21af21b4
2501340 21a821ae 21ad21ab 21ad21b4 21b521b1
2501360 21b821b1 21b821b6 21b721b9 21b221b1
2501400 21b621b5 21c021ba 21b721bd 21b721b7
2501420 21b721b4 21b521b4 214321b9 1f4a2048
2501440 1df11e85 1d591d90 1d221d34 1d071d0f
2501460 1d081d07 1d001d08 1d061cfd 1cfe1cff
2501500 1cfb1cf6 1cf81cfb 1d011cfb 1d031d04
2501520 1d021d02 1d011d02 1d0b1d09 1cfc1d04
2501540 1d001cfd 1d001d08 1d0a1d05 1d0c1d04
2501560 1d031d06 1d041d05 1d041d04 1d151d0d
2501600 1d131d13 1d0f1d11 1d141d11 1d151d11
2501620 1d1b1d16 1d201d19 1d191d18 1d151d17
2501640 1d0e1d13 1d171d14 1d101d10 1d201d18
2501660 1d201d23 1d271d20 1d2b1d29 1d271d2c
2501700 1d271d25 1d271d26 1d251d27 1d291d23
2501720 1d301d2b 1d311d30 1d381d38 1d371d30
2501740 1d331d31 1d321d33 1d351d33 1d311d33
2501760 1d3b1d34 1d411d3a 1d3d1d3e 1d351d3d
2502000 1d471d43 1d3e1d49 1d4c1d40 1d3f1d42
2502020 1d491d49 1d4b1d53 1d581d51 1d4f1d4e
2502040 1d4a1d53 1d4b1d51 1d511d48 1d521d4f
2502060 1d551d57 1d581d59 1d611d63 1d621d5e
2502100 1d5e1d67 1d621d5b 1d611d5d 1d5c1d65
2502120 1d661d63 1d691d64 1d6b1d6a 1d621d6e
2502140 1d701d67 1d771d71 1d731d73 1d791d79
2502160 1d791d7d 1d7b1d7b 1d751d78 1d781d77
2502200 1d761d70 1d6e1d6c 1d751d72 1d781d7b
2502220 1d811d81 1d871d83 1d831d83 1d831d80
2502240 1d841d81 1d7e1d7c 1d881d83 1d7c1d85
2502260 1d811d7b 1d881d87 1d8e1d8b 1d931d9a
2502300 1d931d95 1d931d92 1d951d99 1d991d93
2502320 1d9b1d98 1d911d9a 1d931d9c 1d9b1d98
2502340 1da31da4 1d9a1da6 1d9f1da5 1da01d9f
2502360 1da61da7 1da71da3 1da91da9 1dab1da9
2502400 1da71dab 1dac1daa 1dae1db1 1dad1dac
2502420 1da71db2 1da51daa 1db01dad 1dad1daa
2502440 1dac1dae 1da91da6 1db31db3 1db81db6
2502460 1db41db5 1dae1dac 1db01db2 1daa1db1
2502500 1db01db5 1db71db5 1dc51db6 1db81dc3
2502520 1dbb1db6 1db61dbd 1db41db3 1dbb1db4
2502540 1db81dad 1db81db4 1dbc1db9 1dbc1dc7
2502560 1dbc1dc2 1dc01dc2 1dc31dc4 1dc11dc2
2502600 1dbd1dc9 1dc21dc2 1dbf1dbc 1dc01dbd
2502620 1dc41dbd 1dc21dc6 1dc01dc4 1dca1dc7
2502640 1dc51dcc 1dc41dc3 1dc51dc2 1dcb1dc7
2502660 1dcd1dcb 1dc81dcd 1dd01dc5 1dc81dcc
2502700 1dd11dca 1dd11dd1 1dd31dcf 1dd31dd0
2502720 1dca1dcb 1dc51dc5 1dc21dc0 1dc51dbf
2502740 1dc81dc6 1dcb1dcb 1dcb1dcc 1dc41dca
2502760 1dcb1dc6 1dce1dd2 1dcd1dc9 1dcc1dd1
2503000 1dc91dc7 1dcb1dca 1dc71dcd 1dc41dce
2503020 1dd21dcc 1dc91dcc 1dcc1dd0 1dd41dd1
2503040 1dd51dd5 1dd01dc8 1dce1dcf 1dc61dce
2503060 1dc91dc1 1dc31dc1 1dd41dd0 1dce1dd5
2503100 1dca1dcc 1dc51dc9 1dc51dc1 1dc51dc4
2503120 1dcb1dd2 1dc61dcd 1dc81dcb 1dc51dc7
2503140 1dc61dc3 1dc41dc8 1dc71dca 1dc71dc9
2503160 1dc41dc7 1dd01dc1 1dd31dca 1dc61dc9
2503200 1dc81dca 1dc51dc5 1dc31dc1 1dcc1dca
2503220 1dc31dc5 1dd21dd1 1dca1dd7 1dcb1dcf
2503240 1dbf1dc9 1dc21dc4 1dc91dcc 1dbe1dc9
2503260 1dc31dbe 1dbd1dc3 1dc71dc3 1dbc1dc3
2503300 1dbe1db8 1dc81dc4 1dc71dc9 1dc31dcd
2503320 1dce1dcd 1dcc1dd5 1dc81dc8 1dc71dc6
2503340 1dc21dc0 1dbe1dc2 1dc31dc5 1dc51dbe
2503360 1dbc1dbd 1dbe1dbf 1dc21dc1 1dc31dc1
2503400 1dc71dc3 1dc21dc5 1dc61dc7 1dcd1dca
2503420 1dc31dca 1dca1dc3 1dce1dc4 1dc91dc6
2503440 1dc91dc3 1dc51dc8 1dc91dc1 1dc81dc9
2503460 1dbf1dc4 1dc11dc2 1dc21dc0 1dc51dbf
2503500 1dc31dc5 1dc01dc9 1dc31dc9 1dc51dc7
2503520 1dc81dc0 1dc61dc2 1dcf1dc5 1dcb1dcc
2503540 1dc71dc6 1dce1dc6 1dcb1dc8 1dd01dce
2503560 1dd41dd7 1dce1dd0 1dcf1dc7 1dcd1dc9
2503600 1dce1dcf 1dd41dcf 1dd71dd9 1dd61dd1
2503620 1dd21dd4 1dda1dce 1dda1dd7 1dda1dd6
2503640 1dd71dd6 1dd61ddb 1dd21dd6 1dd51dd5
2503660 1dcd1dc8 1dd61dcf 1dd41dd4 1ddb1dd8
2503700 1dd41dd7 1dd91dd5 1dde1dd7 1ddd1ddc
2503720 1de31de4 1de41de2 1de01de4 1dea1de5
2503740 1ddb1de2 1de91ddf 1ddb1de8 1de01de2
2503760 1de61de2 1de91de5 1de51de8 1de81df1
2504000 1dea1dec 1dea1de3 1dec1dee 1dea1dee
2504020 1de81de3 1df01ded 1df71df1 1df91df4
2504040 1df71df6 1def1df4 1df31df0 1df91df1
2504060 1df21df6 1df31df4 1dfb1dfb 1dfe1dfc
2504100 1e061dfd 1dfb1e01 1e031dfe 1e061e09
2504120 1e071e0a 1e031e03 1e0f1e04 1e0d1e0a
2504140 1e061e07 1e091e06 1e171e10 1e161e17
2504160 1e1a1e11 1e151e1a 1e151e11 1e0f1e10
2504200 1e101e19 1e141e15 1e151e18 1e1a1e13
2504220 1e1c1e0f 1e1d1e21 1e1b1e1d 1e1b1e20
2504240 1e251e20 1e1b1e1f 1e251e1f 1e281e2a
2504260 1e2e1e2e 1e251e2e 1e321e29 1e2e1e2a
2504300 1e321e2f 1e2e1e29 1e2b1e27 1e2b1e2c
2504320 1e341e2f 1e2e1e31 1e381e2e 1e371e36
2504340 1e3b1e3a 1e3d1e41 1e3e1e41 1e451e3e
2504360 1e3a1e3f 1e431e3a 1e451e41 1e4c1e4b
2504400 1e4a1e4b 1e471e46 1e431e45 1e401e44
2504420 1e471e43 1e481e48 1e4e1e49 1e4d1e4e
2504440 1e521e50 1e541e52 1e501e5a 1e5a1e4d
2504460 1e521e57 1e531e54 1e5c1e5a 1e521e5f
2504500 1e5a1e5c 1e581e59 1e5a1e57 1e551e5d
2504520 1e5a1e57 1e5c1e5f 1e641e63 1e5f1e57
2504540 1e621e5e 1e641e64 1e611e68 1e5f1e62
2504560 1e5f1e61 1e601e62 1e621e64 1e5c1e5d
2504600 1e691e64 1e691e68 1e641e68 1e6f1e6e
2504620 1e6d1e70 1e731e70 1e6a1e69 1e691e6c
2504640 1e6a1e73 1e721e70 1e781e71 1e751e73
2504660 1e751e79 1e7d1e80 1e771e7c 1e791e7b
2504700 1e7c1e79 1e7d1e7a 1e801e7d 1e781e77
2504720 1e791e75 1e721e6f 1e7d1e82 1e821e7f
2504740 1e811e80 1e801e81 1e8e1e86 1e881e8e
2504760 1e8b1e86 1e861e83 1e871e84 1e8f1e8a
2505000 1e881e8d 1e871e89 1e831e8c 1e861e84
2505020 1e861e8b 1e861e8a 1e941e8c 1e911e8f
2505040 1e911e8d 1e8f1e8f 1e931e8e 1e8e1e8b
2505060 1e951e8d 1e961e90 1e8f1e96 1e971e96
2505100 1e961e9b 1e8e1e92 1e921e8f 1e961e91
2505120 1e8e1e86 1e8f1e9b 1e981e8f 1e8f1e93
2505140 1e9a1e8f 1e981e91 1e951e9b 1e9c1e93
2505160 1e941e98 1e971e8e 1e961e9a 1ea31e99
2505200 1e951e9e 1e941e96 1e981e97 1e971e8e
2505220 1e981e95 1e9d1ea2 1e9d1ea2 1e9c1e9a
2505240 1e971e99 1e9a1e9b 1e921e9c 1e971e97
2505260 1e9a1e9a 1ea51ea3 1ea11ea0 1e9e1e9f
2505300 1ea51ea6 1e9f1ea2 1e9a1ea3 1ea21e9d
2505320 1e9c1ea1 1ea41e9a 1eaa1ea8 1eab1eac
2505340 1e9e1ea7 1e9d1ea3 1e9b1e9b 1e9e1e9d
2505360 1e9f1ea6 1ea01ea4 1e991ea1 1e9d1e94
2505400 1e9d1e98 1ea31ea6 1ea01ea3 1ea01e9c
2505420 1e981e99 1ea81ea0 1e9e1eaa 1ea11ea0
2505440 1ea41ea2 1e9d1e9e 1e941e99 1e8f1e92
2505460 1e9f1e94 1e9c1e97 1e9a1e96 1e9b1e9b
2505500 1e911e98 1e9b1e91 1e981e97 1e9e1e9a
2505520 1e991e99 1e951e99 1e9d1e9a 1e971e97
2505540 1e9f1e95 1ea61ea0 1e9d1ea3 1ea21e99
2505560 1e931e9b 1e9d1e9d 1e991e9b 1e991e97
2505600 1e9a1e9b 1e9f1e9c 1ea11ea0 1e981e9c
2505620 1ea41e9d 1ea61ea2 1e9c1ea5 1e9f1e98
2505640 1e9c1ea0 1e961e9a 1e9e1e97 1e9e1e98
2505660 1ea71e97 1e9d1e9c 1ea21e9e 1e921e98
2505700 1e9d1e9a 1e9c1e9e 1ea61ea4 1eb01ea6
2505720 1eac1eaa 1ea31ea2 1ea21e97 1ea91ea4
2505740 1ea31ea5 1ea71ea6 1e9d1ea2 1ea11e99
2505760 1ea91ea9 1eaa1ea3 1ead1eac 1ea61ea8
2506000 1ea21ea3 1ea71ea4 1ea61ea9 1ea31ea6
2506020 1ea31ea3 1eb01e9f 1eae1eaa 1eaf1eb8
2506040 1ea91ea8 1eaa1ea6 1ea91ea8 1ead1eac
2506060 1ea91eaf 1eaf1eb0 1eb41eaf 1eb71eae
2506100 1eb91ebd 1eb41eb1 1eb41eb6 1ebb1eb0
2506120 1eba1eba 1ebb1eb8 1eaf1eb6 1eb41eb9
2506140 1ebb1ebd 1eb81eb8 1ec01eb9 1eb91ebb
2506160 1ec41ebd 1ec51ec2 1eca1ebf 1ebe1ec3
2506200 1ebd1ebb 1eba1ebd 1eb81eb9 1eb81ebc
2506220 1ebb1ec0 1eb71ebc 1ec11ebd 1ec21ec3
2506240 1ec51ec0 1eca1ec3 1ec71ece 1ec21ec3
2506260 1ebd1ec0 1ec71ec9 1ed01ec9 1ec81ed0
2506300 1eca1ecd 1ecc1ecb 1ed31ecc 1ed61ecd
2506320 1ed51ed3 1edb1edc 1ed41ed9 1ed41ed5
2506340 1edc1ed6 1edb1ed7 1ede1edf 1ee31ee2
2506360 1ee01ee1 1ee01edf 1ee01ed8 1edb1edd
2506400 1ee01edb 1edb1edb 1eeb1ee7 1ee11ee2
2506420 1ee11ee9 1ef01ee5 1ee61eed 1eea1eec
2506440 1ee81eea 1ef21ee8 1ef01eef 1ef61ee5
2506460 1ef41ef6 1ef41ef8 1ef11eee 1eee1ee9
2506500 1ef21ee7 1ef01eed 1eee1eed 1efa1ef7
2506520 1ef51ef6 1efc1ef9 1ef61eff 1efd1efd
2506540 1ef71ef4 1efd1ef8 1ef91efc 1ef51f01
2506560 1ef81ef5 1f021f05 1eff1efe 1f021efd
2506600 1f001f04 1efe1eff 1ef81efc 1efa1efb
2506620 1f041efa 1f081f0c 1f001efb 1f041f06
2506640 1f031f0a 1f071f0c 1f0f1f08 1f051f00
2506660 1f101f09 1f071f0c 1f101f11 1f091f09
2506700 1f111f12 1f1c1f1d 1f0c1f10 1f171f14
2506720 1f121f14 1f131f1a 1f191f1c 1f151f13
2506740 1f161f19 1f171f14 1f151f13 1f1f1f12
2506760 1f1b1f20 1f211f1d 1f151f1c 1f1f1f16
2507000 1f211f23 1f1d1f21 1f1c1f17 1f191f1b
2507020 1f1a1f1a 1f191f1f 1f191f1c 1f221f20
2507040 1f291f21 1f251f23 1f271f24 1f221f1e
2507060 1f261f21 1f261f29 1f241f25 1f281f2f
2507100 1f2c1f25 1f2b1f2b 1f2b1f2c 1f241f30
2507120 1f3a1f2e 1f321f32 1f371f2c 1f2e1f2b
2507140 1f271f29 1f321f2e 1f261f2b 1f3b1f2e
2507160 1f311f34 1f2d1f36 1f2f1f33 1f331f35
2507200 1f331f32 1f321f34 1f2f1f32 1f401f34
2507220 1f381f3c 1f311f35 1f391f35 1f3a1f3a
2507240 1f391f3c 1f361f40 1f381f36 1f361f37
2507260 1f3a1f35 1f3c1f3c 1f3d1f3c 1f3a1f3a
2507300 1f3e1f3e 1f411f3f 1f3b1f42 1f401f41
2507320 1f451f40 1f471f45 1f401f43 1f3f1f49
2507340 1f471f46 1f491f42 1f481f4c 1f481f47
2507360 1f4e1f4d 1f4c1f4f 1f551f52 1f461f4c
2507400 1f4a1f43 1f521f57 1f4f1f4c 1f531f50
2507420 1f531f4f 1f4f1f56 1f4b1f4a 1f4a1f49
2507440 1f591f4b 1f5b1f56 1f561f56 1f4f1f59
2507460 1f4b1f4a 1f4d1f4e 1f471f44 1f501f4c
2507500 1f551f4c 1f591f4e 1f5d1f55 1f541f5a
2507520 1f501f51 1f521f54 1f4d1f50 1f4e1f4d
2507540 1f471f4a 1f481f4a 1f4b1f4e 1f521f4a
2507560 1f4f1f4d 1f4a1f52 1f481f50 1f4c1f4f
2507600 1f3b1f46 1f431f43 1f4b1f45 1f561f4d
2507620 1f561f58 1f531f5a 1f571f56 1f4f1f4d
2507640 1f5c1f53 1f501f57 1f5a1f5b 1f561f56
2507660 1f581f56 1f551f58 1f531f5a 1f521f56
2507700 1f561f4d 1f501f54 1f541f52 1f531f56
2507720 1f501f4d 1f511f4c 1f491f52 1f4f1f4f
2507740 1f4b1f4a 1f4d1f47 1f531f45 1f461f50
2507760 1f4e1f52 1f551f5c 1f541f52 1f551f54
2510000 1f5d1f5a 1f591f5d 1f5a1f5e 1f541f5f
2510020 1f581f52 1f4d1f4d 1f4c1f4e 1f4d1f53
2510040 1f531f50 1f4d1f4b 1f4d1f50 1f4c1f53
2510060 1f591f51 1f511f54 1f4c1f4a 1f551f4c
2510100 1f621f5c 1f5d1f66 1f5c1f57 1f5c1f54
2510120 1f5c1f52 1f591f55 1f5a1f5b 1f5a1f5c
2510140 1f541f55 1f591f5d 1f5a1f5f 1f611f59
2510160 1f5b1f5c 1f641f60 1f591f5f 1f5b1f58
2510200 1f5e1f60 1f5d1f59 1f591f5c 1f611f56
2510220 1f5e1f60 1f631f68 1f671f6b 1f651f63
2510240 1f631f63 1f661f65 1f651f69 1f631f69
2510260 1f6e1f6d 1f6e1f6d 1f6a1f6b 1f621f69
2510300 1f631f63 1f6a1f67 1f671f69 1f691f70
2510320 1f641f63 1f681f5c 1f6f1f62 1f771f6c
2510340 1f7a1f6f 1f6f1f70 1f731f71 1f6f1f6d
2510360 1f761f74 1f7d1f7c 1f7a1f78 1f731f71
2510400 1f721f75 1f791f76 1f721f75 1f711f73
2510420 1f721f71 1f731f6e 1f771f7a 1f7f1f72
2510440 1f7c1f7f 1f7d1f7e 1f781f7a 1f7b1f82
2510460 1f811f88 1f7e1f7e 1f8d1f84 1f891f8a
2510500 1f801f8e 1f791f81 1f7d1f80 1f891f87
2510520 1f871f80 1f8b1f8b 1f811f81 1f841f88
2510540 1f8d1f86 1f8a1f81 1f861f8a 1f811f84
2510560 1f8a1f86 1f891f8b 1f8a1f7e 1f891f88
2510600 1f891f89 1f8a1f8a 1f961f8a 1f941f92
2510620 1f991f94 1f8b1f8c 1f8f1f8a 1f911f8e
2510640 1f951f94 1f951f90 1f8c1f92 1f961f94
2510660 1f951f9b 1f9b1f94 1fa21f9f 1f991f9a
2510700 1f941f9f 1f961f96 1f9d1f95 1fa41f9e
2510720 1f9b1fa0 1fa11fa2 1fa61fa1 1fa61fa3
2510740 1f9d1f9c 1f9b1fa1 1fa01fa7 1fa01fa0
2510760 1fa51fa0 1fa81fa3 1faa1fac 1fae1fa8
2511000 1fb11fb0 1faf1faf 1fab1fad 1fa41fa4
2511020 1fab1faa 1fad1fb0 1fac1faa 1faa1fab
2511040 1faf1fb0 1fb31fb3 1fae1fad 1fb11fb5
2511060 1fb51fae 1fb11fb4 1faf1fa9 1fac1fab
2511100 1fa91fab 1fb31faf 1faa1fb1 1fae1fb0
2511120 1fa91faf 1fac1fb2 1faf1faf 1fa71fa5
2511140 1fb51fb1 1fbd1fb6 1fb61fb4 1fae1fb0
2511160 1fb31fad 1fad1faf 1fa91fb2 1fb31fac
2511200 1fb61faf 1fb91fb7 1fb81fb7 1fb61fb9
2511220 1fb81fb0 1fb71fbf 1faf1fb4 1fb21fb9
2511240 1fb31fb0 1fb11fb1 1fb31fb4 1fb31fae
2511260 1fb01fb2 1fb31fb5 1fb81fb9 1fb91fb7
2511300 1fbd1fbb 1fbe1fbf 1fbe1fbc 1fbd1fbc
2511320 1fb91fbe 1fc21fc0 1fba1fbf 1fbc1fbe
2511340 1fc11fc0 1fbe1fbe 1fb61fc3 1fb81fbb
2511360 1fbb1fbe 1fc11fc7 1fb91fbc 1fb81fbb
2511400 1fb71fae 1fbb1fbd 1fc31fb9 1fbb1fc0
2511420 1fbd1fbe 1fbd1fc6 1fc41fc4 1fc61fbf
2511440 1fc71fc7 1fbe1fc5 1fc11fc9 1fc21fc8
2511460 1fc61fc6 1fbf1fc0 1fc01fc0 1fc51fc9
2511500 1fc71fc8 1fc61fc6 1fc81fc7 1fc61fc6
2511520 1fc41fc7 1fca1fcc 1fd01fcd 1fc71fc8
2511540 1fc51fc7 1fc01fc6 1fc41fc7 1fc81fc5
2511560 1fce1fc8 1fd61fcc 1fc11fcd 1fce1fc5
2511600 1fc81fce 1fc11fc9 1fc51fc1 1fca1fcb
2511620 1fd31fd4 1fcb1fce 1fc91fca 1fc81fc9
2511640 1fc91fcf 1fcc1fc6 1fc81fc4 1fca1fce
2511660 1fc71fcc 1fd31fcc 1fc51fc9 1fc61fc6
2511700 1fcb1fc7 1fce1fd2 1fd31fd6 1fd31fd1
2511720 1fcc1fcd 1fcd1fce 1fcc1fcc 1fcb1fd2
2511740 1fca1fcc 1fcc1fc6 1fce1fca 1fcd1fcb
2511760 1fcf1fd2 1fcf1fcd 1fcc1fc9 1fca1fce
2512000 1fca1fc7 1fcd1fce 1fd81fd1 1fd21fd4
2512020 1fda1fd4 1fce1fd3 1fca1fcd 1fcb1fc4
2512040 1fc11fbf 1fc91fc0 1fc51fc9 1fcc1fc6
2512060 1fd01fcd 1fcb1fd1 1fd41fce 1fc21fcb
2512100 1fca1fc7 1fcb1fcb 1fcc1fcd 1fd31fd0
2512120 1fce1fcd 1fc91fcf 1fc41fce 1fcd1fca
2512140 1fd61fcc 1fce1fd2 1fd41fd4 1fd01fd9
2512160 1fcb1fd1 1fcf1fcf 1fd01fce 1fd41fd2
2512200 1fcd1fd4 1fcf1fcb 1fc21fc8 1fca1fcd
2512220 1fc91fcc 1fc91fcf 1fda1fcb 1fd31fd5
2512240 1fd81fd4 1fd91fdc 1fd71fd2 1fd21fd0
2512260 1fce1fd3 1fd61fdc 1fd71fd9 1fd81fd6
2512300 1fe21fe8 1fdd1fda 1fd71fe2 1fd71fd4
2512320 1fdf1fdc 1fde1fdf 1fdb1fde 1fd41fd3
2512340 1fdb1fd7 1fd81fd8 1fd11fd1 1fdd1fd9
2512360 1fdd1fdb 1fe01fe0 1fe41fdb 1fe31fdc
2512400 1fe11fdf 1fe01fe2 1fe31fea 1fdd1fe3
2512420 1fe41fe3 1fe01fe7 1fe21fe5 1fed1fed
2512440 1fe51fee 1fe81fe7 1fe41fdf 1fe51fe6
2512460 1fef1feb 1fe91fec 1fe81fe7 1fed1fe9
2512500 1fed1fef 1ff31ff2 1ff51ff3 1ff31fee
2512520 1ff81ffc 1ffb1ff7 1ffd1ffd 1fed1ffa
2512540 1fef1ff2 1fe81fe2 1ff41ff8 1ff91ffa
2512560 1ff72002 1ff61ffa 1ff61ff3 1ffb1ffd
2512600 1ff41ffc 1ffb1ffa 20011fff 1ff81ff9
2512620 20021ffb 1ffc2007 20041ffe 20001ff9
2512640 1ff71ffe 20011ffa 20012004 20011fff
2512660 20092006 2005200b 20002008 200c200f
2512700 200f200f 20112009 200c2006 20042006
2512720 20042010 200d2004 200d2010 200c200d
2512740 200f200c 2012200f 200d2013 20152012
2512760 2021201f 2028201f 20252020 201c2023
2513000 201b2017 201a201a 2021201e 20142017
2513020 2019201d 201c2016 2021201c 201c201e
2513040 201f201c 201f201c 2019201d 2021201f
2513060 20242025 2024201e 20242027 20252027
2513100 2024202a 2020201f 20242029 202b202c
2513120 202f202d 202e2029 2027202a 2030202f
2513140 202f2036 20332022 202c202f 202c202b
2513160 20342033 20352029 2035202b 20312034
2513200 202e2033 202f2032 20342031 202e202f
2513220 202e202c 2029202e 20372030 2031202c
2513240 20352033 20362035 20352036 202c202e
2513260 202b2026 202c2028 202d2027 20262033
2513300 20372036 20342037 20362031 2034202f
2513320 20352032 2040203b 20432042 20492044
2513340 20402042 203b203a 203c2041 203a2041
2513360 203f203b 203e203b 20342039 203a203d
2513400 203e203f 2044203f 203f203f 20362044
2513420 2042203d 203c203d 203f203f 203d2044
2513440 203a203d 203a2037 2035202c 20362032
2513460 20372035 203b2036 2035203e 20322035
2513500 20372031 2033202d 2036203a 20422039
2513520 20402041 203a2047 20462042 203f2044
2513540 2046203c 203d2040 2039203b 203d203c
2513560 203c203a 20412048 20402037 2037203a
2513600 20322034 2030202b 203b203b 203b203c
2513620 203b2039 202f2038 20372032 2037203a
2513640 2040203b 20392038 2031203c 2040203c
2513660 203c203e 204a2040 20402044 203f203e
2513700 20442041 20412041 203d2042 2043203d
2513720 20402042 203b2040 2039203c 20382038
2513740 2046203b 20462045 2042203f 203c2044
2513760 202f2033 202f2033 202a2037 20342032
2514000 20372036 203f203d 203b203e 203e203a
2514020 203c2039 20342038 203a203b 203c2038
2514040 203c203c 20372037 2038203d 2039203f
2514060 20412032 20492040 20472044 20482046
2514100 203f2044 20332040 203e203b 203b2038
2514120 20412042 203a2041 20442040 203f203b
2514140 203a203d 2031203b 2034202f 20362034
2514160 203b2035 2040203d 203b203f 20362030
2514200 20332038 20372031 202f202f 20382035
2514220 20392038 2045203a 203c2039 2044203c
2514240 203b203a 203f2039 202b203b 202f202c
2514260 20312034 20382033 20312032 20372035
2514300 20372038 202a2032 202c202e 2031202c
2514320 20332039 20372036 2036203a 2036203a
2514340 2040203b 20452041 203b203b 20312032
2514360 2039203b 20332033 20382034 2034203c
2514400 2035203c 203a2041 203c203c 20402041
2514420 203b203b 20392038 2032203b 203c203b
2514440 2040203f 203f203e 203a2036 203e2042
2514460 203e2041 20432044 2044203e 20402044
2514500 203e2036 20412038 20332041 2043203c
2514520 203a2047 2047203f 20392040 203d203a
2514540 20482049 2049204e 204c204f 2045204d
2514560 2047203f 204c2046 204b2055 204b2052
2514600 204a2048 204d204b 204a2051 20502049
2514620 204d2057 204f2050 2059204d 20582055
2514640 20562052 204d204b 20512050 20512052
2514660 205e2058 2061205f 2064205a 2062205d
2514700 20612060 205a205b 2057205d 20622062
2514720 2062205d 206a2064 206b206b 206a2069
2514740 20642068 205e205f 20742063 2062206a
2514760 206c2065 2066206b 205f2061 2063205b
2515000 20642061 20692066 20692068 206f206d
2515020 206f2074 2069206e 206f206f 20742072
2515040 20792074 20742073 20742071 20762072
2515060 207b207e 20822086 2083207f 20892082
2515100 20842084 207e2086 207d207e 2081207d
2515120 20872082 20882086 2087208b 20832083
2515140 208e2087 20862087 208c2082 20912094
2515160 2091208d 208d2087 20982091 20922094
2515200 20962092 20962090 2096208e 209a209a
2515220 20982092 20922099 20a12099 20a4209c
2515240 20912095 2097209d 2098209f 20a2209d
2515260 20a520a6 20a120a7 209d209b 20a520a5
2515300 20ab20aa 20a820a6 20a320a3 209b20a3
2515320 209f209e 209f20a1 20a7209c 209e20a4
2515340 20a420a4 20a2209d 20a920a2 20a720aa
2515360 20a920a9 20a420a6 20a520a4 20aa20a3
2515400 20ae20b0 20ac20b1 20a720b3 20aa20a9
2515420 20bb20b6 20b720ac 20b820b6 20b420b1
2515440 20b320b5 20b720b9 20b320b3 20bc20b1
2515460 20bc20b6 20b220b9 20b720b3 20af20b7
2515500 20b920b3 20bd20be 20bc20c4 20b720c0
2515520 20be20b6 20bf20b6 20b720b6 20b720b7
2515540 20b920b5 20b620b8 20b720bc 20b120b7
2515560 20c320bb 20b720b8 20c020bb 20b720c0
2515600 20b920c1 20c020c3 20ba20ba 20b120b7
2515620 20b220af 20b520ae 20b620b8 20b920b7
2515640 20c120b8 20bf20c0 20b920b7 20b720be
2515660 20ba20c3 20b620b1 20aa20b2 20ac20b2
2515700 20b820b5 20b220b9 20af20b3 20aa20ac
2515720 20b120b1 20b320af 20ab20a5 20b320b3
2515740 20b020ae 20b320b1 20b620bd 20b620b3
2515760 20b920b2 20ae20b5 20b020b8 20b120b9
2516000 20af20b7 20b220b1 20b220ae 20b620b3
2516020 20b220b4 20b020b8 20b620b9 20b220b0
2516040 20ad20ad 20aa20ac 20aa20af 20a920a5
2516060 20aa20a8 20b720b0 20b320b6 20a820b2
2516100 20ad20a1 20a620ab 20b120ac 20aa20ae
2516120 20ad20af 20ae20a8 20a220a8 20a420a9
2516140 20a820aa 20b320ab 20b520af 20af20ae
2516160 20ae20ac 20ad20aa 209d20a7 20b220a9
2516200 20a220a5 20ac20a5 20a120ac 20a520a4
2516220 20a620a5 209d209a 20a720a0 20a420ab
2516240 20a820a9 20a920a4 209e209d 20a3209c
2516260 20a120a1 20a220a2 20a920a4 20ac20a6
2516300 20ac20ab 20a320a5 20a120a3 209e209b
2516320 209d209f 209d2099 209d209e 20a020a1
2516340 20a0209e 20a220a4 209d20a3 20a120a1
2516360 209b209e 209920a0 2098209b 209c209b
2516400 20a020aa 2098209e 208f2090 20922091
2516420 20932095 208d209a 209c2094 20962098
2516440 208b2094 2093208e 208c2093 2097208d
2516460 208a208f 208b208d 2091208a 208c2090
2516500 20982094 208e2090 20902092 2090208b
2516520 208e2090 20952096 209a2093 20972095
2516540 20922095 20962096 2094208f 2096208d
2516560 20922094 208e2095 208d2091 2089208a
2516600 208f2086 208b208a 2098208d 2097208f
2516620 20982098 20942090 208d2089 20902090
2516640 2097209a 2093208f 20922092 208c208e
2516660 208c2086 208a208e 208d208a 20952090
2516700 209c2094 209f209a 20972091 209c2095
2516720 208f2093 20942095 2094209c 20a0209f
2516740 20a1209a 20972097 20982099 20952099
2516760 20982098 20962096 20a1209a 20a120a0
2517000 209c20a2 20a220a0 209d209f 209f20a1
2517020 209f209f 209e209e 209e20a1 209c20a1
2517040 20a820a0 20a5209e 20a520a3 209f20a3
2517060 209f209d 209f209a 20a720a6 20a720ac
2517100 20af20ac 20ae20ae 20b720b3 20ac20b4
2517120 20a820af 20af20ac 20b420b4 20bc20b7
2517140 20b720be 20b520ba 20b420b4 20bd20b6
2517160 20b720bb 20bb20b6 20af20b2 20b720b7
2517200 20b720b8 20bd20b9 20bc20b8 20bc20bc
2517220 20cb20c3 20cb20cd 20cb20c9 20cb20c6
2517240 20c920cc 20d620d6 20cf20cd 20ca20ca
2517260 20c920c7 20cd20cc 20d120d2 20cf20c9
2517300 20d820d0 20d020d7 20d120d4 20d720d7
2517320 20d520d2 20e420d9 20d820d6 20de20dc
2517340 20df20dc 20d520dd 20de20d9 20e420db
2517360 20ea20e4 20e820e7 20e620e7 20e920e7
2517400 20ed20e9 20ef20ed 20ea20f1 20ec20eb
2517420 20ef20f4 20ef20e5 20ec20f6 20f420f1
2517440 20ee20f3 20ef20f3 20f420f6 20f820f3
2517460 20f320f9 20fc20fa 20f720fb 20f520f6
2517500 20ec20ee 20f420fb 20f320f6 20fe20f6
2517520 20fb2104 21012104 210520fd 21012109
2517540 20ff20fc 21052107 21042106 21042109
2517560 21032106 21072104 210d2108 21082112
2517600 210d210a 210f210e 2110210a 21062110
2517620 21032100 2106210a 210c2116 2111210f
2517640 2110210e 2113210e 21122114 211a2114
2517660 21122112 21162111 2114211f 21152121
2517700 2113211d 211a2110 21132119 21112115
2517720 2115211a 211c211a 211e2119 211e2123
2517740 2121211d 2121211c 211b2119 211a2114
2517760 210e211a 21192115 2111210f 211a2114
2520000 2116211b 21172118 21182114 211f211b
2520020 211f211d 21282113 21222122 211f2120
2520040 2115211e 21172116 210d2110 21162114
2520060 21112117 2118211b 21172118 211a2119
2520100 211b2118 21192122 21152119 2120211e
2520120 21222120 21212122 2115212c 21192118
2520140 21192122 21222118 211d212a 2119211f
2520160 211f211f 2116211a 21132115 21182113
2520200 21102111 21192112 21102117 211b2110
2520220 211e211b 2118211a 21122115 21162116
2520240 2112211a 21132112 21152119 2126211f
2520260 211a211a 211d2118 211e2120 2118211b
2520300 21192116 21192117 2117211a 210a2112
2520320 210e210c 210f2116 21152114 2114210a
2520340 211d2118 21102114 2114211a 211a211b
2520360 21152111 21102115 2106210e 210d210d
2520400 2114210c 21122112 2110210c 210b210b
2520420 210e210a 21132115 2111210b 21092114
2520440 21082108 210b210d 210e2109 b010017a
2520460 00001004 0001000a 00010000 03b15cfe
2520500 00000ffc 0001000a 1400003c add01f00
2520520 add01f01 add01f02 add01f03 add01f04
2520540 add01f05 add01f06 add01f07 add01f08
2520560 add01f09 add01f0a add01f0b add01f0c
2520600 add01f0d add01f0e add01f0f add01f10
2520620 add01f11 add01f12 add01f13 add01f14
2520640 add01f15 add01f16 add01f17 add01f18
2520660 add01f19 add01f1a add01f1b add01f1c
2520700 add01f1d add01f1e ff000134 00000020
2520720 00000000 e3f31124 00000001 deadbeef
2520740 f0000000 e3f31110 080a38f5 00000000
2520760 00000134 00001f48 a011017b 21ed2103
2521000 21f221f5 21ee21e9 21f021e7 21f121ef
2521020 21ec21e8 21f021eb 21ec21f0 21ed21ef
2521040 21f121f6 21fb21f5 21f221f4 21f121f6
2521060 21ef21ef 21f321f4 21f321f5 21f021f5
2521100 21f421f2 21f321f5 21fc21fc 21fb21f3
2521120 21ec21ef 21f221f2 21f721f2 21f721f4
2521140 21fc21f2 220621f7 21fc2207 22072208
2521160 21fc2206 21fa21f9 22052204 220221ff
2521200 22012201 220a2209 22082207 220c2206
2521220 22032207 2208220e 220e220b 22102209
2521240 220e2212 22172214 220f2211 22092215
2521260 220f220f 220b2209 22132217 22152218
2521300 22182218 22162213 220d2211 22152212
2521320 22132212 22192215 2223221c 221a221c
2521340 2217221e 221f221d 221b221d 22202216
2521360 22182216 221c221e 221c2220 2224221e
2521400 221b221a 2220221d 22242222 22222217
2521420 22242221 22262222 2226222b 22182221
2521440 2222221f 22252225 21402201 1f892054
2521460 1e8c1ef4 1e1a1e47 1df41e03 1de71def
2521500 1de01de7 1dd91de1 1ddd1dda 1ddc1de0
2521520 1de31de1 1ddd1dde 1ddb1de7 1dd41de1
2521540 1de01de4 1de21de2 1de01de2 1de31dec
2521560 1dec1de7 1ded1de8 1de51de3 1de31de0
2521600 1de71de8 1de71dea 1deb1de7 1de71dec
2521620 1deb1dec 1dee1de9 1dea1df0 1de11ded
2521640 1df51ded 1df11df5 1dea1df1 1de21df2
2521660 1dee1de8 1deb1df1 1df31de8 1dee1df6
2521700 1df11def 1df21df3 1df51df6 1df91df5
2521720 1dfc1df8 1dec1def 1def1df2 1df71df1
2521740 1df91dfb 1df81dfe 1e011dfd 1dfa1df9
2521760 1dfb1df4 1df51df4 1dfe1dfb 1dfd1df8
2522000 1df81dfa 1df81df5 1df41df8 1df91df5
2522020 1df61dfb 1df71dfc 1dfe1df6 1dfc1df6
2522040 1dfd1dfd 1e0b1e01 1e041dfe 1e061e02
2522060 1e081e01 1dfe1df7 1dfc1dfa 1e041dff
2522100 1e0a1e09 1dfe1e07 1e041e01 1e071e04
2522120 1e0b1e09 1e051e11 1e081e05 1e0f1e09
2522140 1e0a1e02 1e0c1e07 1e0b1e04 1e0d1e09
2522160 1e081e0e 1e041e0b 1e081e04 1e061e06
2522200 1e081dff 1e031dff 1e041e03 1e061e0b
2522220 1e0c1e0b 1e0e1e0b 1e061e05 1e041e09
2522240 1e0d1e0c 1e0d1e06 1e041e08 1dfe1e06
2522260 1e0d1e06 1e0d1e0c 1e131e11 1e181e11
2522300 1e121e0f 1e101e11 1e0c1e09 1e101e0a
2522320 1e151e0d 1e101e13 1e0d1e14 1e101e0d
2522340 1e0c1e0b 1e091e0c 1e0d1e09 1e0c1e07
2522360 1e091e07 1e111e0c 1e051e17 1e061dff
2522400 1e0a1e0e 1e0e1e05 1e0d1e0c 1e111e0d
2522420 1e091e17 1e0a1e0d 1e141e0e 1e0e1e11
2522440 1e101e0b 1e0e1e0c 1e0d1e0d 1e091e0a
2522460 1e0e1e0d 1e0a1e0e 1e0a1e07 1e0a1e0c
2522500 1e071e07 1e0a1e06 1e061e0b 1e031e07
2522520 1e0a1e11 1e061e01 1e081e01 1e081e05
2522540 1e0a1e05 1e111e0e 1e0c1e0e 1e061e00
2522560 1e031e00 1e0a1e05 1e031e02 1e051e06
2522600 1e071e02 1e061e0a 1e081e07 1e041e0e
2522620 1e041e02 1e0a1dff 1e031e06 1df31dfc
2522640 1dfe1e04 1df61df9 1e071dfc 1df91dfa
2522660 1df91dfd 1e001df9 1dfd1dfe 1e041e03
2522700 1e0b1e02 1e031e04 1e011dfb 1e071e03
2522720 1dfd1dfb 1dff1dfa 1dff1dfb 1dfc1dfd
2522740 1df81df8 1dfd1dfa 1dff1df9 1e011dfe
2522760 1e061e09 1e051e00 1dfe1dff 1e001df6
2523000 1dfd1dfa 1e001e04 1dff1dfb 1e021dff
2523020 1dfe1dfe 1dfa1e03 1e031dfc 1e021e01
2523040 1e091e02 1e001e05 1df51dfe 1e041e04
2523060 1dff1e00 1e041e05 1e091e08 1e061e08
2523100 1e0e1e09 1dfc1e07 1e111e04 1e0d1e15
2523120 1e0e1e0b 1e091e0f 1e051e0a 1e081e0b
2523140 1e0a1e04 1e0e1e10 1e0f1e0e 1e0f1e10
2523160 1e111e11 1e0a1e0a 1e091e14 1e0a1e0c
2523200 1e0f1e0b 1e151e11 1e121e15 1e111e1c
2523220 1e1b1e0e 1e171e1a 1e161e14 1e131e16
2523240 1e161e19 1e121e1a 1e151e14 1e151e14
2523260 1e1c1e1a 1e171e1e 1e181e1c 1e1e1e1a
2523300 1e221e21 1e211e20 1e231e19 1e271e21
2523320 1e2b1e2c 1e311e30 1e2a1e2d 1e281e21
2523340 1e331e29 1e2c1e2d 1e2f1e27 1e261e29
2523360 1e2c1e2c 1e271e2d 1e371e2b 1e421e43
2523400 1e3d1e3b 1e3c1e3c 1e3d1e35 1e3f1e3b
2523420 1e3d1e3e 1e3f1e3d 1e421e3e 1e4b1e43
2523440 1e4c1e42 1e411e40 1e471e48 1e511e51
2523460 1e501e52 1e4b1e50 1e491e4a 1e451e47
2523500 1e4e1e49 1e571e53 1e571e56 1e511e55
2523520 1e541e51 1e581e4e 1e561e5b 1e5b1e5f
2523540 1e5e1e59 1e5f1e5c 1e5f1e5c 1e581e5f
2523560 1e601e59 1e611e60 1e641e65 1e621e67
2523600 1e671e65 1e681e67 1e701e6c 1e671e73
2523620 1e731e70 1e671e75 1e691e68 1e6b1e6f
2523640 1e771e6c 1e7a1e77 1e781e77 1e7b1e77
2523660 1e751e75 1e7a1e76 1e7b1e7a 1e7d1e7f
2523700 1e771e7f 1e831e81 1e761e75 1e761e7c
2523720 1e851e7d 1e831e7e 1e8a1e85 1e911e90
2523740 1e931e97 1e8b1e88 1e8b1e8b 1e881e87
2523760 1e8b1e8b 1e8a1e8f 1e8e1e95 1e8a1e8c
2524000 1e951e89 1e961e95 1e971e9a 1e9c1e9c
2524020 1e941e97 1e991e99 1e981e9d 1e981e91
2524040 1e9e1e97 1ea11e96 1ea21ea1 1e9f1e9e
2524060 1ea11ea0 1e9c1e9f 1ea31e9c 1ea41e9e
2524100 1eae1ea5 1eaa1eab 1ea21ea8 1ea31ea9
2524120 1ea71ea7 1ea81ea2 1ea91ea8 1eab1ea9
2524140 1ea31ea9 1eb01eac 1eaf1eb2 1eb11eaf
2524160 1eab1ea7 1ea41eae 1eae1ea4 1ea31ea9
2524200 1eae1ea3 1eb11eaa 1eaa1ea9 1eb71eaf
2524220 1eb21eb4 1eaf1eb3 1eb21eb1 1eb01eb3
2524240 1ebf1eb0 1eba1eba 1eb71ebb 1ebc1ebe
2524260 1eba1eb7 1ec21eb8 1ebd1eb8 1eb61eb6
2524300 1eb41eb7 1ec01ebc 1ebf1eb8 1ec01ec5
2524320 1ebe1ec1 1ebd1ec4 1ec61ebc 1ec51eca
2524340 1ec21ebb 1ec11ec6 1ec31ec4 1ec21ec7
2524360 1eca1ec9 1ecc1ec7 1ec91eca 1ec01ecd
2524400 1ec11ec3 1ec71ec4 1ecf1ecc 1ed01ed2
2524420 1ed01ecc 1ec81ec9 1ec91ec8 1ec81ec2
2524440 1ec21ec1 1ecb1ecb 1eca1ed0 1ed01ecd
2524460 1eca1ec8 1ed01ed6 1ecf1ed2 1ed01ecc
2524500 1ecb1ec7 1ecf1ed4 1ec81ecf 1ece1ed2
2524520 1ece1ecc 1ed31ed5 1ece1ed0 1ecc1ecc
2524540 1ecb1ecd 1ece1ecd 1ece1ecb 1ecc1ecc
2524560 1ed81ed2 1ecb1ec8 1ed21ed8 1ed01edc
2524600 1ed91ed4 1ed21ed6 1ed61ed5 1ecf1ed8
2524620 1ecf1ed2 1ecb1ecc 1ec01ecb 1eca1ec0
2524640 1ecc1ecc 1ece1ecd 1ed01ed1 1ec91ed0
2524660 1eca1ed3 1ecb1ecc 1ed51ecc 1ecc1ecf
2524700 1ed21ecb 1ed21ed8 1ed71ed6 1ed01ed2
2524720 1ecc1ecd 1ecb1ecc 1ec51ec4 1ec91ec8
2524740 1eca1ec9 1ecc1ece 1ec51ece 1eca1ed1
2524760 1ecb1ecd 1ece1ecb 1ed11ed3 1ecd1ece
2525000 1eca1ecf 1ecb1ecf 1ecc1ecd 1ed01ecc
2525020 1ed01ec8 1ecf1ec9 1ed61ecf 1ed81ed1
2525040 1ed01eda 1ed71ed2 1ec81ed3 1ec41ec8
2525060 1ecf1ecf 1ec51eca 1ece1ec5 1ed01ecd
2525100 1ed91ed4 1ece1ed2 1ecc1ec7 1ec91ec8
2525120 1ec71ecc 1ec71ec7 1ec91ec7 1ec31ec2
2525140 1ec11ec4 1ec91ec9 1ecd1ecc 1ecf1ed2
2525160 1ecd1ecf 1ec31ec9 1ecd1ec8 1ec41ec7
2525200 1ebd1ebf 1ec51ec3 1eca1ec7 1ec81ec7
2525220 1ecf1ecf 1ed01ecf 1ec01ec6 1ecb1eca
2525240 1ecb1ed1 1ec61ec8 1eca1ec5 1ec51ec9
2525260 1ec01ec9 1ec31ec2 1ecd1eca 1ed21eca
2525300 1ed31ed3 1ebf1ec3 1eca1ec9 1ec11ebf
2525320 1ec71ec2 1ec41ec7 1ec81ec4 1ec31ec9
2525340 1ec21ec3 1ec41ec2 1ec21ebe 1ec21ec6
2525360 1ece1ece 1ed11ec8 1ed01ecc 1ed21ed0
2525400 1edc1ed8 1ed31edd 1ed11ece 1ed31ecf
2525420 1ed21ed3 1ed61ed7 1ed61edf 1ed31ed5
2525440 1ede1ed7 1edc1ed3 1ed21ed6 1ede1edb
2525460 1edf1ee3 1ee31ee0 1ee01edd 1ee61edd
2525500 1ee01ee7 1eda1ed8 1eda1ed3 1ee11ee3
2525520 1ed91ee2 1edb1edc 1ee01edc 1ee61ee6
2525540 1ee61ee3 1ee51ee3 1eeb1ee6 1eda1ee2
2525560 1eee1edd 1edc1ee6 1eea1ee5 1ef01ee9
2525600 1ef01eeb 1ee81ee5 1eea1ef1 1ee61ee9
2525620 1ee91eeb 1ef31ee8 1ef81ef4 1ef61ef5
2525640 1eeb1ef5 1eee1eec 1efb1ef7 1ef61ef1
2525660 1efe1ef8 1efb1efd 1ef81ef5 1eff1ef5
2525700 1efe1efe 1f021efc 1f001f02 1f031f03
2525720 1efc1efe 1efe1ef6 1f061f06 1f0f1f04
2525740 1f011f0b 1f021efe 1f041f01 1f051f07
2525760 1f031f05 1f031f08 1f051f08 1f0d1f08
2526000 1f0c1f0f 1f091f0c 1f0e1f0c 1f051f0b
2526020 1f0d1f0e 1f0f1f13 1f121f12 1f191f18
2526040 1f1d1f20 1f1b1f11 1f181f19 1f191f1c
2526060 1f131f13 1f171f19 1f1f1f18 1f1d1f1d
2526100 1f251f25 1f201f23 1f271f1e 1f2e1f26
2526120 1f321f2f 1f251f2a 1f2d1f29 1f311f27
2526140 1f331f30 1f341f39 1f301f36 1f311f2f
2526160 1f311f35 1f2e1f2c 1f321f34 1f301f2f
2526200 1f271f2c 1f2f1f2f 1f2f1f26 1f2d1f33
2526220 1f2b1f33 1f311f32 1f3a1f39 1f431f3e
2526240 1f3f1f47 1f3e1f44 1f3a1f3f 1f401f3b
2526260 1f471f47 1f3e1f4a 1f3f1f37 1f361f3e
2526300 1f471f3b 1f411f46 1f441f4f 1f431f48
2526320 1f451f46 1f431f3f 1f4b1f49 1f4a1f46
2526340 1f4c1f4a 1f4d1f4f 1f4f1f4d 1f4a1f4b
2526360 1f571f4f 1f501f50 1f4a1f4e 1f4b1f47
2526400 1f531f4e 1f4f1f51 1f541f59 1f551f55
2526420 1f551f53 1f541f59 1f591f57 1f551f5a
2526440 1f521f56 1f521f4f 1f521f4e 1f521f54
2526460 1f531f51 1f571f56 1f5f1f59 1f5e1f5a
2526500 1f581f60 1f5a1f5c 1f541f58 1f601f5d
2526520 1f631f5d 1f621f60 1f5c1f5a 1f5e1f68
2526540 1f5e1f5a 1f661f66 1f5d1f5c 1f5f1f61
2526560 1f621f61 1f651f62 1f6c1f6a 1f5c1f66
2526600 1f581f59 1f5d1f5f 1f641f63 1f6b1f69
2526620 1f651f6a 1f6f1f69 1f6c1f6e 1f6b1f6c
2526640 1f761f70 1f701f6e 1f6e1f6c 1f6c1f6b
2526660 1f701f69 1f671f64 1f6e1f67 1f6f1f6e
2526700 1f771f77 1f791f76 1f721f75 1f731f71
2526720 1f671f6c 1f6d1f6c 1f721f6d 1f6d1f6a
2526740 1f6f1f74 1f761f7a 1f781f7a 1f771f74
2526760 1f801f7a 1f741f82 1f751f76 1f7d1f79
2527000 1f681f6d 1f781f66 1f6e1f67 1f751f7a
2527020 1f711f72 1f7b1f74 1f7b1f7c 1f761f76
2527040 1f741f78 1f771f74 1f7b1f7a 1f761f74
2527060 1f6f1f76 1f751f77 1f7d1f7f 1f7c1f80
2527100 1f801f80 1f781f7e 1f791f7b 1f751f7c
2527120 1f771f79 1f7c1f78 1f781f7d 1f811f7f
2527140 1f811f82 1f791f78 1f7e1f6f 1f7d1f80
2527160 1f831f82 1f7b1f82 1f741f7c 1f791f75
2527200 1f711f7a 1f701f71 1f721f6f 1f741f6e
2527220 1f7b1f78 1f731f73 1f751f77 1f791f72
2527240 1f801f85 1f7c1f84 1f811f7f 1f801f7f
2527260 1f771f78 1f781f73 1f7c1f7b 1f831f81
2527300 1f761f82 1f731f79 1f6e1f71 1f6d1f6f
2527320 1f781f74 1f6e1f79 1f741f7a 1f711f77
2527340 1f721f71 1f751f77 1f791f75 1f751f7b
2527360 1f761f73 1f7a1f77 1f731f73 1f721f76
2527400 1f791f77 1f7d1f7f 1f781f74 1f781f78
2527420 1f7b1f7a 1f731f76 1f731f6d 1f731f75
2527440 1f751f74 1f7b1f78 1f861f80 1f801f82
2527460 1f7a1f7e 1f751f7a 1f7f1f80 1f7c1f83
2527500 1f7c1f78 1f801f76 1f701f7c 1f821f78
2527520 1f7b1f7d 1f7f1f77 1f841f7f 1f851f82
2527540 1f861f86 1f831f84 1f7f1f8b 1f821f7f
2527560 1f821f82 1f841f83 1f881f85 1f871f91
2527600 1f8b1f84 1f881f85 1f821f84 1f811f83
2527620 1f841f7c 1f8d1f87 1f8b1f8a 1f901f8d
2527640 1f871f92 1f861f83 1f841f86 1f8a1f8b
2527660 1f8d1f8c 1f8b1f8d 1f8b1f8a 1f861f8d
2527700 1f881f8d 1f8c1f88 1f8b1f8b 1f8c1f8e
2527720 1f8c1f8b 1f961f8d 1f931f94 1f8f1f94
2527740 1f8d1f8e 1f921f91 1f951f92 1f981f94
2527760 1f901f8c 1f871f8c 1f8f1f93 1f9a1f97
2530000 1f981f96 1f961f96 1f951f99 1f9a1f96
2530020 1f971f97 1f991f98 1fa21f9d 1f9d1fa2
2530040 1f9f1f9b 1f9f1f9f 1fa41f9c 1f991f9c
2530060 1f961f95 1f991f98 1f9b1f9c 1f9a1f95
2530100 1fa61f9a 1f9f1f97 1fa71f9e 1fa51f9e
2530120 1fa71fa7 1fa11fa4 1f9e1fa0 1fa71f9a
2530140 1fa71fac 1fa51fa9 1faa1fa7 1fa91fad
2530160 1fa91fac 1fa51fa7 1fa81faa 1fae1fab
2530200 1fb01fb1 1fad1fb9 1fad1fac 1faa1fb5
2530220 1fac1fb6 1fc21fb7 1fbf1fbf 1fbf1fbb
2530240 1fb51fb0 1fb91fb8 1fbd1fbb 1fbb1fb9
2530260 1fc11fc6 1fb91fc2 1fb91fbb 1fc51fbd
2530300 1fbc1fbd 1fc41fbd 1fbf1fbd 1fc21fc1
2530320 1fcb1fcb 1fc41fce 1fc91fc7 1fc61fc8
2530340 1fc91fc6 1fc21fc8 1fc71fc5 1fc61fc8
2530360 1fc11fc6 1fc41fca 1fce1fc5 1fcd1fc9
2530400 1fc71fcb 1fc51fca 1fd01fc9 1fca1fc7
2530420 1fcc1fc5 1fd01fd0 1fd71fd4 1fd01fcf
2530440 1fcd1fd0 1fce1fc9 1fd11fcc 1fd31fce
2530460 1fda1fda 1fd31fcf 1fc61fcd 1fd21fca
2530500 1fd41fd1 1fdc1fdd 1fd81fd4 1fd91fd6
2530520 1fcf1fdb 1fda1fd7 1fdc1fdc 1fdb1fd8
2530540 1fdc1fd7 1fd81fd8 1fd81fd2 1fd31fd7
2530560 1fd11fd3 1fdd1fd7 1fd81fda 1fd31fdb
2530600 1fd71fd6 1fd91fd2 1fda1fd8 1fdd1fd6
2530620 1fdc1fe2 1fdf1fdf 1fe31fe1 1fef1fe3
2530640 1fe21feb 1fe51fe9 1fe31fe9 1fe31fe1
2530660 1fe11fdf 1fe21fd9 1fea1fea 1fe51fe8
2530700 1fe51fe2 1fed1fe5 1fec1ff1 1fe81fe7
2530720 1fe51fe1 1fe51feb 1fe41fda 1fe71fdb
2530740 1ff01fef 1feb1fe8 1fe51fe9 1fea1feb
2530760 1fe81fe9 1fe71fec 1fee1fed 1ff41ff2
2531000 1ff41ff2 1ffa1ff4 1ffb1ff9 1ffd2000
2531020 1ff21ff3 1ff41fee 1ff71ff2 1ff91ff9
2531040 1fed1ff6 1fe91ff4 1ff41ff0 1ffb1ff9
2531060 1ffd1fff 1fff1ff9 20002002 1ffc1ffd
2531100 1ffa2003 1ffd2001 1fff1fff 20001ffc
2531120 1ffa1ffb 1ff41ff3 1ff91ffd 1ffe1ffe
2531140 1ffa1ff6 20011ff8 20021ffe 1fff1ffd
2531160 1ffb1ffd 20001ffc 1ff71ffb 1ff91ff6
2531200 20052003 20071ff5 1ffe2003 20031ffd
2531220 20082009 1fff2007 200d2003 20031ffe
2531240 1ffd2001 1ffe2004 20041ffd 1ffe1ffd
2531260 1ffb2001 1fff2000 20002005 20032003
2531300 2003200a 1ffe2000 1fff2003 1ffd2000
2531320 20022000 20042002 200a1fff 20012000
2531340 20012003 1ffc1ffd 1ffa1ff1 1ff51ff6
2531360 1fff1ff9 20001ffe 20082000 20051ffe
2531400 20011fff 1ffd1ffa 20041ffc 1fff2006
2531420 20022004 1ffc1ffb 20021ffe 20052003
2531440 20062008 200c2005 200d200b 20032002
2531460 20052009 20042006 20022004 20002007
2531500 20011ffd 20041ffe 20082000 200c2001
2531520 200b200b 200c2008 20022002 20062007
2531540 20002007 2004200e 200a1ff9 20082001
2531560 20061fff 20091ffd 20052003 20022005
2531600 200c2006 2003200c 20012002 20021ffc
2531620 20092003 20102008 200a2010 20052005
2531640 20092005 200c2008 2008200d 2008200a
2531660 20032005 20062006 20031fff 20092002
2531700 200a2014 20132010 20092009 20052008
2531720 200a200b 200b200b 20152015 20102015
2531740 2013200e 200b2012 200c200c 200e200f
2531760 200e200f 20162011 200f200e 20122017
2532000 200d2012 200f200d 20152010 20132014
2532020 20152015 201b2014 20172019 201a2013
2532040 2013201c 20122015 20142016 20142017
2532060 20142015 201c201a 201b2023 2019201c
2532100 2019201f 201c2016 2015201b 20162018
2532120 201c201b 2018201b 2023201f 20192023
2532140 20222024 2028202d 201c2025 20222027
2532160 2026202a 201f201f 20292020 20242023
2532200 202b2024 20292028 202a2027 202b202a
2532220 20262024 20262024 202a2021 2021201f
2532240 20292024 202d202c 202f202b 20312029
2532260 2031202f 202a2033 202f202d 202d202d
2532300 2028202b 202c2032 20322033 2027202e
2532320 20292026 20262024 202c2027 202a202c
2532340 202d202a 202e202a 202d2030 202e2032
2532360 2038203c 2038203d 2033203a 2031202e
2532400 20292034 2032202c 20362037 203e2034
2532420 20352038 20312039 203c2037 20332034
2532440 203b2033 203c2044 202b2037 203b2037
2532460 20432037 2046203f 20492049 20412042
2532500 203d2048 203c2043 20382037 203b2048
2532520 20422041 2042204c 20482045 20482047
2532540 2045204b 2041204b 204b2044 20432043
2532560 204b2047 20462045 204a2049 204a2047
2532600 204f204a 2051204d 204b204c 2045204b
2532620 20492047 20432048 20462045 20472041
2532640 204b2049 204b204b 204b204b 20542050
2532660 204c204d 204c204e 2055204e 2050204f
2532700 20552053 2049204a 204d2050 204b2050
2532720 20512052 20532054 20562050 205a2055
2532740 20542058 204d2050 204a2051 20522054
2532760 204d2053 204d2052 2049204d 205b204f
2533000 20562057 20522051 20562057 2054204f
2533020 2055204c 20552055 204d2052 20542055
2533040 2055205b 2055205b 20502053 20522055
2533060 20582056 2058205a 20632057 205b2058
2533100 205a2056 205e205f 2064205f 205d205a
2533120 205b2063 20572061 205d2061 20572053
2533140 20682057 20612066 205a2060 205a2062
2533160 20582058 205f2055 205f205e 20622069
2533200 205f206a 205b205b 20622058 20622066
2533220 205d2069 205a2060 2063205d 206a2067
2533240 205e2066 205d206c 20622064 20672063
2533260 2063205c 2063205d 20642063 20612064
2533300 2063205e 205e2062 205f2065 20622068
2533320 206a2067 2065206e 206b2068 20682068
2533340 2062206c 20722068 206e206e 20722073
2533360 20732075 206a2078 206a206e 20662063
2533400 206d2069 2066206f 2070206a 2069206b
2533420 20732065 2076206f 206d206d 20732070
2533440 206d2069 206d2075 2076206d 20752074
2533460 206f207c 206c2074 20732066 206e206c
2533500 20752078 20752073 20752074 20782074
2533520 207a207a 207a2078 2070207c 20792079
2533540 207a2074 20792075 206e2076 206f2075
2533560 20742075 2072206e 2078206f 20762072
2533600 2079207b 206e2076 20762079 2078207d
2533620 207b207f 207a207b 207a207e 207c207c
2533640 2082207c 20792075 207d2078 20722078
2533660 207c2071 20792077 207b2075 207e2077
2533700 2071207d 20762077 20772078 20772075
2533720 20782071 207f2076 20812083 2084207d
2533740 20852083 207b2083 207b2079 207f207c
2533760 20862081 20822089 2080207e 20822081
2534000 2078207f 207a2078 2084207d 207d207e
2534020 207d207b 2086207b 20872085 20822087
2534040 20822085 20852087 207f2082 208a2084
2534060 208a2087 2087208d 208b2083 208a2083
2534100 2095208b 208b2089 20892093 208a208d
2534120 2089207f 2095208c 208d2089 2089208c
2534140 208c208f 20902090 2095208e 20992094
2534160 2099209b 209d20a0 209e20a5 209a209d
2534200 209b2099 20902092 2095208e 20932098
2534220 20992099 20962098 209a2095 209e20a2
2534240 209c209b 20982094 20972094 209d209e
2534260 20a020a5 20a7209d 20a220a7 209f20a3
2534300 209a2098 2098209e 209d209c 2099209c
2534320 209b2098 209d209c 209b20a1 20a020a2
2534340 20ab20a6 20ad20a7 20a820ac 20ac20a3
2534360 20a720a9 20b020b0 20aa20a6 20a820af
2534400 20a920ac 20af20ae 20af20b0 20af20a7
2534420 20af20ab 20ae20ae 20ac20ad 20b620ac
2534440 20b220b0 20b020b5 20b720b5 20b120b5
2534460 20bb20b1 20b820bc 20b520b5 20b720b5
2534500 20c220bd 20c220c5 20bf20bf 20b220ba
2534520 20ba20b9 20c120bf 20ba20be 20c220bc
2534540 20b620bb 20bd20bb 20c120b9 20be20be
2534560 20c820bf 20ca20cd 20c820c7 20c720c2
2534600 20c720c6 20c920c3 20c320ce 20c520c7
2534620 20c820c9 20cf20c5 20bf20c8 20d220ce
2534640 20c720ce 20ca20cb 20c920c2 20ca20c7
2534660 20c920ca 20ce20d6 20ce20d2 20c820c4
2534700 20c120c6 20cc20ca 20d120ce 20cf20d3
2534720 20ce20d0 20cc20d4 20cf20cf 20d320d7
2534740 20c920ca 20c620c5 20c820cb 20c420ce
2534760 20ca20c7 20cc20c6 20d120cd 20dd20d9
2535000 20ce20d7 20d820d0 20d420d3 20d020ca
2535020 20cd20cc 20ca20c5 20d520d1 20d020d6
2535040 20cb20cc 20d820d1 20d120d9 20d120d6
2535060 20d820d4 20d920db 20d720d8 20d820db
2535100 20d120d8 20d720d3 20db20d4 20d820db
2535120 20d520d7 20d420d3 20d420d7 20d320d5
2535140 20cf20ce 20ca20d4 20ce20ce 20d020d0
2535160 20d820d4 20dc20d8 20dc20dd 20cc20d2
2535200 20ce20ce 20d120c7 20cc20d2 20ce20d3
2535220 20cb20d1 20cc20d0 20d120cf 20cf20cb
2535240 20d320d3 20ce20cf 20d420d6 20d420d4
2535260 20d120ce 20ce20cb 20d020d0 20cf20d2
2535300 20d520d4 20cd20d6 20d120ce 20d320d4
2535320 20cf20d7 20da20ce 20da20d0 20ce20d4
2535340 20cf20d1 20cd20d0 20c220cc 20ce20c6
2535360 20ce20cd 20cb20d3 20ce20ce 20ce20d1
2535400 20d320ce 20d020d5 20d320d4 20d220d2
2535420 20d520d5 20d420d5 20ce20ce 20c820d1
2535440 20ca20c9 20d020c9 20d120ca 20d220cf
2535460 20d620ce 20d920d5 20d220d5 20d020d3
2535500 20d420d2 20cf20d1 20c920d0 20d020c9
2535520 20cf20cc 20d120d0 20d420cc 20d220d0
2535540 20cb20d0 20ce20ca 20c820ce 20cd20cd
2535560 20d220cb 20d020ce 20d320d2 20d320d2
2535600 20dd20d8 20d920db 20ca20cc 20d020d1
2535620 20c420d4 20cc20cf 20d120cc 20d020d5
2535640 20d820cc 20cf20d1 20d620d2 20d020d6
2535660 20d320cf 20cd20cf 20d620d2 20d820d9
2535700 20d120d4 20d620d2 20cd20c9 20c520ce
2535720 20d120d0 20cc20d3 20ce20cf 20d120c6
2535740 20cd20ce 20cf20ce 20d120d1 20d620d7
2535760 20d120d9 20cd20d7 20c720cb 20c720c5
2536000 20cd20c6 20c820cd 20cf20ca 20cd20d2
2536020 20cf20d0 20d120cb 20cf20d1 20cd20d0
2536040 20ce20d0 20ca20cc 20c620c5 20c920c9
2536060 20c120c8 20c320c3 20c820ca 20ca20c4
2536100 20c820c9 20c420c2 20c020bf 20cd20c3
2536120 20d620c8 20cb20cc 20ce20ce 20cb20ce
2536140 20cb20c3 20d120ce 20d120d2 20ce20d0
2536160 20d420d3 20cc20ca 20ce20ce 20c520cb
2536200 20d120ce 20d320cd 20da20d4 20d520d0
2536220 20d220d4 20cb20c8 20d320cc 20d820d1
2536240 20d520d5 20d120d5 20d420d6 20d820d9
2536260 20d920d3 20de20d4 20db20d8 20dd20e0
2536300 20d920dc 20da20e0 20d920df 20de20dc
2536320 20d320d6 20de20de 20d820da 20e720e0
2536340 20e220ea 20e420ec 20e220ed 20e620e2
2536360 20e620e9 20dd20dc 20e320dc 20e520e3
2536400 20e720e4 20e920e6 20e820ec 20e820ef
2536420 20ec20e5 20e720ec 20ed20e9 20eb20eb
2536440 20e620eb 20e820e5 20e820ee 20e920e4
2536460 20e720ea 20e920eb 20e720e8 20ea20ea
2536500 20ed20e8 20ee20ec 20ea20e9 20f020ee
2536520 20ec20f0 20f520ed 20f620f7 20f720fc
2536540 20fb20f4 20f820f8 20fc20f8 20f720f1
2536560 20f720f6 20fa20f6 20f920f8 210320f9
2536600 20fc2101 2108210b 2109210b 210a2104
2536620 210e210b 2109210a 21012104 21032105
2536640 21022109 210620fd 21082106 2111210a
2536660 210f2113 2104210a 210620fd 210b210c
2536700 21042106 210a2108 21032106 21082104
2536720 20ff2108 2109210a 2109210e 21072106
2536740 210f210f 210e210e 210e2110 210c2112
2536760 2113210f 2119211b 211e2118 211c211e
2537000 211d2121 211c2116 211c2112 21192116
2537020 21152118 2119211a 21112117 21222113
2537040 211f211d 211c211c 211c211d 211e2123
2537060 21212118 21132120 211a211a 21252120
2537100 21222125 21262121 21212124 21212125
2537120 21262124 21242118 21282121 2117211b
2537140 211f211c 21262128 2121211d 2121211b
2537160 21262122 21242126 212f2129 2129212a
2537200 21212122 21272123 21282128 212c212f
2537220 212a2132 212a212a 21262129 2123211f
2537240 21292126 21262127 21232123 2120211e
2537260 211f211c 21212127 212d2123 212b2126
2537300 21292127 21202121 21202129 211e211e
2537320 2118211b 211f2122 21282121 21202123
2537340 21212119 21232126 21192120 21192121
2537360 2121211d 2122211d 2121211a 2118211d
2537400 2120211d 21282122 21272125 2124211d
2537420 211e2124 21232126 211d2120 211e211a
2537440 2120211d 211d211b 211f2125 21272122
2537460 211d2122 211d2122 2120211f 211f2123
2537500 21192123 21132119 21182114 21152119
2537520 21172118 2119211a 21122118 2121211b
2537540 211e2119 211b211d 2122211d 211a2115
2537560 21202122 211c211f 21122117 2118211d
2537600 211b2116 211e2114 2113211b 21122117
2537620 21152116 211c2116 21162114 21102110
2537640 2114211c 210f2112 2111210c 21122110
2537660 21152115 21182115 21122116 21102114
2537700 210f2113 2114210f 21132115 210d2114
2537720 2111210d 21122114 210c210b 2109210c
2537740 210e2112 21142114 2112210a 2113210e
2537760 210d210f 2116210f 2110210e 210c2108
2540000 210d210e 210b210e 2113210a 2107210c
2540020 2117210a 21042113 210d210b 210e210c
2540040 2107210c 210a2103 2110210b 210b210a
2540060 210f2107 2109210c 2110210b 21022102
2540100 20fb2102 210120fe 21042101 21082102
2540120 20ff2103 21072103 210d2106 21032103
2540140 21062100 21012106 210a2108 210b2107
2540160 210b2104 210f20ff 21092109 21072104
2540200 2102210a 21062109 210a2102 20fe210d
2540220 20fc20fc 21062103 21062101 20ff20ff
2540240 20fa2100 21012101 20fe2102 20fc2102
2540260 20f920f5 20fe20f5 20fa20f6 21022103
2540300 20f820fa 20fe20f6 20f520f5 20fd20f5
2540320 20ff2101 20fb20f9 20f720fa 20f920fb
2540340 20f820f9 20fd20fe 20f620fd 20fe20fa
2540360 21022100 20f92101 20ff20f6 21012101
2540400 21032102 20fa20ff 20f320f7 20fb20fa
2540420 20fb20f9 210120fb 210020f9 2106210b
2540440 2106210e 21082106 21022107 210020ff
2540460 20f92101 20f020f8 20f720f7 b011017b
2540500 00001004 0001000a 00010000 03b15cff
2540520 00000ffc 0001000a 1400003c add01f00
2540540 add01f01 add01f02 add01f03 add01f04
2540560 add01f05 add01f06 add01f07 add01f08
2540600 add01f09 add01f0a add01f0b add01f0c
2540620 add01f0d add01f0e add01f0f add01f10
2540640 add01f11 add01f12 add01f13 add01f14
2540660 add01f15 add01f16 add01f17 add01f18
2540700 add01f19 add01f1a add01f1b add01f1c
2540720 add01f1d add01f1e ff000134 00000020
2540740 00000000 e57f6cfd 00000001 deadbeef
2540760 f0000000 e57f6ce9 2d07e3b6 00000000
2541000 00000134 00001f48 a010017c 21dd20fe
2541020 21dc21dd 21dc21df 21dc21d8 21e021e1
2541040 21dd21e5 21e121e1 21df21e2 21e621e1
2541060 21dd21e1 21e221da 21da21e3 21e121e1
2541100 21de21dd 21e021dc 21e321e3 21dc21da
2541120 21e221e1 21db21dd 21de21d9 21e021e2
2541140 21e421de 21dd21e1 21e121dc 21dc21dd
2541160 21e121e4 21e821ec 21e221e4 21e921e5
2541200 21e221e8 21ec21ea 21ea21ec 21ee21ee
2541220 21eb21ec 21f621f3 21ed21f1 21ef21ef
2541240 21f121f1 21ec21ec 21f221f0 21ec21f5
2541260 21fc21f1 21fa21f4 21f421f4 21ea21f3
2541300 21ed21eb 21f521f1 21ef21f1 21ef21ed
2541320 21f021ed 21ef21f6 21ed21ed 21fb21ea
2541340 21f621f9 21f521f4 21eb21f7 21f421f2
2541360 21f521f5 21ec21f0 21f121ee 21ed21f1
2541400 21f921f0 21f321f0 21fc21f5 21f821ff
2541420 21fb21f8 220221fc 21f821fd 21fb21fa
2541440 21fc21f9 21f921ff 22012202 21ff2205
2541460 220021f8 21f121f3 21a821fa 204920f5
2541500 1f4d1fb3 1ed11f07 1ea71eb3 1e9d1ea0
2541520 1e971e98 1e971e92 1e9d1e97 1e9f1e9d
2541540 1e9d1e9f 1ea81ea5 1ea81ea3 1ea51ea3
2541560 1ea01ea1 1e9b1ea0 1e9b1ea1 1e9d1ea4
2541600 1e9a1e97 1ea11e96 1e9f1ea4 1e9b1e9c
2541620 1e9e1ea3 1e9b1e9d 1e9c1e9e 1e971e97
2541640 1e9b1ea0 1ea11e9d 1e9f1e9d 1e9c1e9f
2541660 1ea51ea2 1eab1ea2 1ea11ea6 1ea81ea4
2541700 1ea11ea6 1ea31ea8 1ea01ea7 1ea51ea5
2541720 1eaa1ea8 1ea71ea9 1ea11ea8 1eaa1eac
2541740 1ea61eaf 1ea51eac 1ead1ea6 1eaf1eaa
2541760 1ead1ead 1eac1eab 1eb31eb0 1eb91eb6
2542000 1eaf1eb7 1eb11eb4 1eb21eb5 1ebc1eb9
2542020 1eb31ebb 1eb61eb5 1ebc1eba 1eaf1eb7
2542040 1eb01eb2 1ea91eb3 1eb41eb2 1ebb1eb3
2542060 1ec51eba 1eb71eba 1eba1eb6 1eb21ebb
2542100 1eb31ebb 1ebb1ebe 1ebe1eb7 1eb71ebc
2542120 1eb71eb9 1ec41ec3 1eb71ec2 1ebc1ebc
2542140 1eba1ebd 1eb81ebc 1ebf1ec0 1ec11ec1
2542160 1ec61ebf 1ec71ec4 1ec11ec1 1ec31ec7
2542200 1ec11ebf 1ebc1ec3 1ebf1ec2 1ecc1ec9
2542220 1ecb1ec9 1ecc1eca 1ecf1ed0 1eca1ecb
2542240 1ece1ed0 1ed31ed3 1ecb1ecd 1ed21ecb
2542260 1ecc1ece 1eca1ed0 1ecb1ecc 1ed31ecb
2542300 1ed61ed2 1ed11ed0 1ed11ed3 1ed01ed9
2542320 1ed91ecc 1ed01ecf 1ed21ec9 1ec61ecc
2542340 1ed11ed1 1ecf1ed2 1ed81ed1 1ed71ed5
2542360 1edb1ed7 1edb1edd 1ed81ed9 1ed51ed9
2542400 1edd1eda 1edf1edb 1eda1ee1 1edc1edc
2542420 1eda1eda 1ed91ee2 1ede1ee2 1ee11ee0
2542440 1ed31ed9 1ed91ed1 1ed61ed5 1ed51ed4
2542460 1edd1eda 1ed41ed9 1ece1ed5 1ee41ede
2542500 1ee01ee7 1ee41eda 1ee01ede 1ede1ee0
2542520 1ed71edc 1edb1ee0 1edc1edd 1edb1eda
2542540 1ed61ed4 1eda1ed7 1ee01ed8 1edc1edf
2542560 1edb1edb 1edf1edd 1ee11ee2 1eed1ee5
2542600 1ee91eec 1ee51ee0 1ee51ee1 1edf1edf
2542620 1ee11ee2 1ee21edc 1ee21ee0 1edc1eda
2542640 1edd1ed9 1ed71eda 1ede1ee1 1ede1eda
2542660 1ee41edf 1ee31ee2 1edc1edc 1ee21edd
2542700 1edf1ede 1ee01ede 1ed91edf 1ee51ee8
2542720 1ee91ee8 1ed61ee1 1eda1edc 1eda1ed9
2542740 1edb1edf 1edb1edd 1ee51edc 1ee11ee1
2542760 1ede1ee1 1ed91edc 1edb1ee2 1edf1ede
2543000 1ee01edd 1ed41ede 1ed51ed4 1edd1edc
2543020 1ee21ed9 1ee71eda 1edd1edb 1ee31ede
2543040 1edb1ee3 1ee01ee2 1ee41ee3 1ee01ede
2543060 1edb1ee0 1edd1ee2 1edf1eda 1edd1ee0
2543100 1ee21ee0 1ee11eee 1ee31ee8 1ee71ee4
2543120 1ee11edf 1ee11edd 1ee01ee6 1eea1eeb
2543140 1ee61ee6 1ede1ee3 1ee01edd 1ee21ee9
2543160 1ee41ee2 1ee71ee6 1ee71eea 1ee41ee0
2543200 1ede1edd 1ee31ede 1ee01edd 1ee41edc
2543220 1ee31ee7 1ee51ee8 1ee51ee8 1ee71ee0
2543240 1eea1ee2 1ee41ee9 1eef1ee8 1ee71ee9
2543260 1ee51ee4 1ee61ee7 1ee31eeb 1eed1eea
2543300 1ee61ef6 1eeb1ee1 1ee81ee7 1ee21ee3
2543320 1ee81ee6 1eed1ef0 1ef81eec 1ef31ef0
2543340 1eea1ef0 1ee71eec 1ef31eec 1eea1ef4
2543360 1eea1ee9 1eed1eed 1eef1eee 1ef11ef4
2543400 1ef91efa 1ef11ef2 1ef21ef0 1ef41ef7
2543420 1ef21ef6 1ef91ef5 1ef21ef6 1efa1eff
2543440 1efb1efc 1efd1efb 1efa1f00 1efa1ef7
2543460 1f041ef8 1efa1efa 1efd1f00 1f041f03
2543500 1f051f03 1efb1f06 1f031eff 1f041f0b
2543520 1f0c1f0b 1f101f09 1f071f0e 1efe1f07
2543540 1f051f09 1f081f05 1f051f09 1f0d1f02
2543560 1f0d1f0b 1f0d1f11 1f0b1f0d 1f131f12
2543600 1f071f0b 1f0e1f0f 1f0f1f15 1f0b1f0a
2543620 1f111f11 1f121f15 1f161f12 1f191f14
2543640 1f181f13 1f161f19 1f1a1f16 1f1b1f15
2543660 1f161f19 1f141f18 1f1a1f17 1f1a1f1b
2543700 1f1c1f1d 1f241f1b 1f1f1f1a 1f281f22
2543720 1f211f21 1f281f21 1f261f28 1f241f29
2543740 1f221f20 1f271f23 1f2b1f2a 1f301f30
2543760 1f311f2c 1f2d1f28 1f311f2c 1f301f2a
2544000 1f311f34 1f281f35 1f2f1f26 1f1f1f30
2544020 1f2c1f2b 1f2f1f33 1f321f2e 1f361f36
2544040 1f331f31 1f381f3b 1f371f3c 1f361f35
2544060 1f351f3c 1f411f3c 1f3a1f3f 1f441f48
2544100 1f481f45 1f3a1f3d 1f381f3e 1f3d1f3c
2544120 1f3d1f3a 1f3e1f3b 1f421f41 1f3f1f3d
2544140 1f411f44 1f451f49 1f4b1f47 1f501f4e
2544160 1f421f4c 1f481f43 1f4b1f4d 1f4b1f46
2544200 1f4f1f4d 1f4a1f53 1f4d1f4b 1f531f53
2544220 1f511f4e 1f4f1f51 1f4d1f53 1f481f51
2544240 1f481f4f 1f541f4d 1f5f1f4d 1f551f5f
2544260 1f521f52 1f531f4d 1f5a1f53 1f5c1f58
2544300 1f571f56 1f581f56 1f561f53 1f5d1f54
2544320 1f521f50 1f4f1f4f 1f571f53 1f5b1f55
2544340 1f631f60 1f621f5e 1f611f60 1f591f5f
2544360 1f5f1f61 1f631f64 1f5d1f58 1f631f64
2544400 1f621f67 1f631f6a 1f681f69 1f6c1f6d
2544420 1f621f6a 1f651f6b 1f691f67 1f6c1f6b
2544440 1f711f6f 1f6d1f6c 1f6f1f6b 1f661f6a
2544460 1f671f6f 1f711f67 1f6b1f6d 1f6b1f6e
2544500 1f6e1f6e 1f6a1f69 1f691f6e 1f681f6c
2544520 1f701f6a 1f6e1f74 1f6f1f6b 1f701f70
2544540 1f6d1f73 1f731f71 1f751f7c 1f7f1f73
2544560 1f7d1f7b 1f7f1f7a 1f7f1f85 1f801f81
2544600 1f821f7e 1f7d1f79 1f7b1f7b 1f7e1f80
2544620 1f841f88 1f811f86 1f811f81 1f831f85
2544640 1f851f88 1f7d1f7e 1f7d1f7a 1f7c1f7f
2544660 1f7b1f7b 1f7f1f7a 1f7a1f78 1f851f7e
2544700 1f891f83 1f7f1f85 1f781f7d 1f801f7f
2544720 1f7f1f7c 1f821f80 1f771f7a 1f7e1f81
2544740 1f831f88 1f8e1f89 1f8b1f8f 1f841f7e
2544760 1f871f8b 1f7f1f8e 1f8a1f84 1f8c1f8b
2545000 1f8c1f82 1f881f8d 1f861f8d 1f821f88
2545020 1f8a1f87 1f891f8c 1f8a1f93 1f901f8e
2545040 1f891f8c 1f8c1f86 1f891f88 1f851f86
2545060 1f8a1f8e 1f8c1f89 1f801f88 1f881f7f
2545100 1f871f84 1f891f8f 1f891f8a 1f831f87
2545120 1f861f80 1f871f83 1f871f85 1f821f85
2545140 1f841f7d 1f8a1f88 1f8d1f93 1f861f8a
2545160 1f831f81 1f861f82 1f861f8e 1f851f83
2545200 1f861f89 1f8a1f84 1f8e1f90 1f871f8e
2545220 1f841f86 1f811f88 1f7e1f76 1f8a1f84
2545240 1f801f82 1f871f8e 1f8b1f89 1f831f82
2545260 1f7c1f85 1f7b1f7c 1f841f7e 1f7b1f77
2545300 1f7e1f80 1f7d1f7c 1f7f1f78 1f811f7e
2545320 1f891f83 1f861f85 1f821f8a 1f891f80
2545340 1f841f84 1f7d1f81 1f821f7a 1f831f7a
2545360 1f821f85 1f811f7c 1f7f1f84 1f841f83
2545400 1f831f87 1f7e1f79 1f861f89 1f801f87
2545420 1f841f7e 1f851f82 1f871f87 1f861f8c
2545440 1f881f86 1f8a1f8d 1f861f83 1f811f83
2545460 1f831f87 1f8e1f8b 1f891f8c 1f8d1f88
2545500 1f7f1f82 1f841f81 1f8e1f8a 1f8b1f91
2545520 1f821f89 1f851f81 1f7d1f81 1f831f84
2545540 1f801f7e 1f871f83 1f831f80 1f8d1f86
2545560 1f8c1f8c 1f931f88 1f921f98 1f921f96
2545600 1f941f98 1f8c1f8f 1f801f84 1f821f88
2545620 1f821f8b 1f901f8a 1f931f93 1f911f8e
2545640 1f8a1f89 1f891f86 1f8a1f89 1f891f89
2545660 1f8d1f8b 1f891f8a 1f8c1f8c 1f8a1f8b
2545700 1f891f8f 1f8d1f8f 1f971f89 1f901f91
2545720 1f8a1f8b 1f8f1f8d 1f8f1f8a 1f8f1f95
2545740 1f961f99 1f971f9b 1f931f9a 1f921f8f
2545760 1f951f93 1f901f96 1f991f92 1f991f9a
2546000 1f9a1f9e 1f9d1f9c 1f9a1f9d 1fa01fa1
2546020 1fa21fa3 1f9c1fa1 1f9e1f9e 1fa21f9c
2546040 1fa31fa0 1fa01fa5 1f9e1f9b 1fa11fa0
2546060 1f9e1f9e 1fa21fa1 1fa41fa3 1fa51fa6
2546100 1fa11fa9 1f9e1fa8 1fa51fa2 1fa61fa6
2546120 1fa71fa7 1fa91fa6 1faf1fae 1fa21faf
2546140 1fa31fab 1fa81fa4 1fa41fa9 1fa71fa6
2546160 1fa91fa6 1fa71fa5 1fa81fa7 1fac1fa7
2546200 1fb11faa 1fb21fb4 1fb21fb9 1fb71fb3
2546220 1fb71fb8 1fb81fb0 1fb21fae 1fad1fb0
2546240 1fad1fa7 1fb21faf 1fae1fb3 1fb41fad
2546260 1fb71fba 1fba1fb4 1fbb1fb7 1fb81fb6
2546300 1fba1fb6 1fba1fba 1fbe1fb8 1fc51fbe
2546320 1fc11fba 1fb91fbe 1fc21fb9 1fbc1fba
2546340 1fbe1fbe 1fbd1fb8 1fc11fc5 1fc11fbc
2546360 1fc91fc1 1fc31fc5 1fbe1fba 1fbd1fba
2546400 1fc41fc8 1fc71fc0 1fc71fc5 1fc71fcd
2546420 1fc81fcb 1fc71fce 1fc71fc6 1fcd1fc8
2546440 1fcd1fc1 1fcb1fd2 1fd01fca 1fd71fcf
2546460 1fc61fd3 1fcc1fc5 1fc21fcc 1fcb1fce
2546500 1fcb1fd0 1fca1fcc 1fd01fca 1fc91fc8
2546520 1fcc1fc6 1fd31fd6 1fd71fd2 1fc71fd2
2546540 1fd21fd7 1fdd1fd8 1fd91fd7 1fdd1fd4
2546560 1fd81fdd 1fdf1fdf 1fdc1fdd 1fdb1fe1
2546600 1fdd1fdb 1fdc1fde 1fda1fdf 1fda1fe2
2546620 1fdb1fd7 1fd71fd7 1fd91fdc 1fdf1fda
2546640 1fe61fe3 1fe31fe6 1fec1fe9 1fe81fe7
2546660 1fe51feb 1fe01fe4 1fe81fee 1fec1fee
2546700 1fed1fef 1fe81fe7 1fe81feb 1fea1fef
2546720 1fea1fef 1fec1ff1 1fe81fed 1fed1fee
2546740 1ff91ff6 1ff21ff8 1fed1ff2 1ff81ff3
2546760 1ffa1ffb 1ff91ffa 20031ffe 1ffd2003
2547000 20012000 20012005 1ff61ffc 20011ffd
2547020 20012001 20012001 20052004 20032004
2547040 200b200e 2003200c 20002002 20021ffd
2547060 20022000 200c2006 2010200e 200c200e
2547100 20082015 20092010 20072004 20112011
2547120 20132011 20192017 2010201c 200f200d
2547140 200e200e 200d2009 2019201e 20122013
2547160 2010200c 200f200c 2014201a 20122013
2547200 20132018 2013200b 201b2017 2018201b
2547220 20142016 2011200f 200e200e 20102012
2547240 200f2012 201b2018 201f2022 20182018
2547260 2011200f 20152016 200c2018 20132011
2547300 20192015 201d2015 2017201d 201b2018
2547320 20182014 201d2015 201f201c 201c2017
2547340 201c2021 20172018 201e2013 201c2019
2547360 2019201a 201b2020 201f2020 201d2023
2547400 2021201a 20202022 201c201f 20152013
2547420 201a2018 2017201c 201d201a 20222020
2547440 201b2023 2021201d 20172016 20172017
2547460 201c2019 201f201f 201a2014 2017201b
2547500 201a2016 2015201c 201e201a 2022201b
2547520 2022201a 20182020 2017201a 201e201d
2547540 201f2021 20182021 2024201e 20152020
2547560 20242020 20232020 20252020 2019202b
2547600 201f2022 201f201f 201e2024 2022201c
2547620 201d2019 20222023 20232025 20262020
2547640 20252028 20282029 20252028 2021201f
2547660 20272020 20262023 20202026 201b2025
2547700 20282022 20232026 202d202a 201f202a
2547720 202f2028 202a202b 202f202e 202d202d
2547740 20212029 201d201e 201e201b 201f2021
2547760 20232022 2028201c 202b2025 20272025
2550000 202c201d 20202020 2020201f 2021201e
2550020 20232024 202a2024 20202029 2021201e
2550040 20292025 20282026 2027201f 20232027
2550060 2032202a 202d2035 201e2029 202d2033
2550100 20232028 201e202a 2022201d 20292024
2550120 202b202e 20282029 20202027 20212025
2550140 202a202a 201f2026 20232027 20232027
2550160 2032202b 202c2028 20262028 202b202f
2550200 2029202b 20352032 202d202f 2031202e
2550220 202d202e 202d202e 2024202a 20252028
2550240 20252021 202d202b 2029202c 2030202c
2550260 20352031 2029202b 202e202d 202c202f
2550300 202d2030 202f202a 20272027 202b202e
2550320 202b202d 20322033 20302032 202f2029
2550340 202a2032 202b202d 202d202e 2024202a
2550360 20332028 2031202c 202e2031 2031202f
2550400 20382030 2036202f 202f2031 20312038
2550420 202d2029 202a202f 2033202a 2032202c
2550440 20302032 202f2033 20342033 203a202c
2550460 20312030 20372036 203d2037 203f203d
2550500 2034203a 20352037 20362033 202d203e
2550520 202c202e 2030202c 2026202f 202e202a
2550540 202f2031 20322032 20362031 202f2031
2550560 20312037 20342033 20332030 20382039
2550600 203c2039 20322035 20352036 20362035
2550620 203a2030 2030203e 20302034 20332035
2550640 20372039 20372038 203a2037 20342034
2550660 202d202d 20332035 20302033 2039203a
2550700 203a203e 203b203b 2031203c 2032202d
2550720 20332039 203b2039 20432046 20332039
2550740 203a2035 202e2035 2032202e 203b2039
2550760 2040203d 203b2036 203c2032 20342031
2551000 20302032 20292033 2029202b 20332030
2551020 202e2037 202e202c 20332033 203f2041
2551040 20362037 203d2036 2037203b 203c2037
2551060 20422038 20422045 20482047 20472047
2551100 20432042 203b203b 203e203a 2042203f
2551120 203e203e 203c2037 203b2045 204d2040
2551140 20482055 204c204a 20422045 2044203e
2551160 203e203b 2038203d 20412043 20482040
2551200 20452048 20412046 204a2043 204c204d
2551220 20482047 204e2045 204a2046 20452052
2551240 204b2048 2048204a 204e204a 204c2045
2551260 204f204c 204b2053 205a2056 20542057
2551300 20542055 2051204e 204f2054 2049204e
2551320 204f2042 204d204b 20502050 20552055
2551340 205a205a 205c2055 2054205b 204f2056
2551360 20572052 20562050 2054205e 2053204f
2551400 204e2058 20552050 20532058 20572052
2551420 2058205d 2054205d 20512056 205a2058
2551440 2053205a 20512051 205c205a 205e205e
2551460 205a205d 205b205c 20592056 205d205a
2551500 20622060 20632059 20682061 205e205a
2551520 20542056 20552054 205f2058 205c2059
2551540 205c205b 2058205f 20532057 205e2056
2551560 20602056 2056205c 20582055 205a205d
2551600 20602058 2058205a 20572056 20522054
2551620 20572053 2062205d 2069205c 20672060
2551640 20582064 20602065 20572064 20612059
2551660 20682058 20622061 20622064 2062205f
2551700 20652065 2068206d 20622068 2060205d
2551720 20622059 20672061 2071206c 2068206a
2551740 2066206a 20602065 206b2062 20682061
2551760 2061206b 20692068 20672064 20632064
2552000 20622067 20612066 205d2066 205d2063
2552020 205f205d 20612061 2062205d 206b206d
2552040 20702071 206c206e 206f206f 20692070
2552060 20702069 2071206e 206e2070 206e2070
2552100 20732071 20642072 2073206c 206a2068
2552120 2072206f 2067206b 206f2070 20782075
2552140 2071206d 206d206d 2071206b 206c2075
2552160 2074206e 2076206e 207a2072 207a207c
2552200 20792082 2080207d 207a207d 207d2078
2552220 207b207a 207a2072 207a207b 20852076
2552240 207a207b 2075207a 207a2073 2080207c
2552260 20842088 20832085 20822084 207c207e
2552300 20832082 207d2085 20842081 207f2084
2552320 207f2081 207e207d 20852086 2089208e
2552340 20832080 2081207c 207f207b 208b2084
2552360 208c208a 2088208f 208e208d 20832089
2552400 20892089 208c2088 2088208c 208a2085
2552420 208a2084 208d208d 208f2089 208f208e
2552440 208d2095 208c208c 20822089 20862087
2552460 208a2089 208d208f 2091208a 208b2091
2552500 209e2093 20982095 20922095 20952098
2552520 20942090 208e208a 20932091 208e2090
2552540 2090208e 2091208a 20962093 2095208e
2552560 209e209e 20932099 20912091 2091208a
2552600 20912092 20922098 209b209b 2099208e
2552620 208d208f 209b208f 2095209a 2096209b
2552640 20922097 20942099 20952095 2094209f
2552660 209d2092 20952096 209c2099 20982095
2552700 20942095 20912093 20992092 20912094
2552720 20992098 209a2097 209e209c 20a1209d
2552740 209b209a 208f2096 20942093 20902091
2552760 209b2097 20972094 20902093 20902094
2553000 208c2092 2091208d 208f2092 208e2092
2553020 2093208f 20982097 209c209e 209f209f
2553040 209d209c 20a5209c 209f209f 20922097
2553060 20992095 2091208a 2099209c 208d208b
2553100 209b2094 209720a1 2099209c 2092209c
2553120 20912090 20a02099 209a209c 20932096
2553140 208e208f 208d2093 20982093 20952091
2553160 208e2096 2091209b 2093208f 2090208e
2553200 20912093 208f2094 20942094 20922098
2553220 208c208d 20932095 20942094 20982099
2553240 209720a0 209c209c 2093209c 209a209b
2553260 20942094 209b209c 20a02099 2098209b
2553300 20922096 209d209d 209e209f 209e209c
2553320 209e20a1 209720a1 20a3209c 20982098
2553340 20a820a0 20962098 2095209a 209e209e
2553360 20992099 209a209b 209e2098 209c20a0
2553400 20972099 2098209b 209c2097 209f2097
2553420 209520a0 20912099 209b2096 2093209a
2553440 20982091 209a2096 20992098 209e2099
2553460 209e2097 209b2099 20982097 20982098
2553500 2094208d 209a2099 209b2093 209820a2
2553520 209f20a2 2091209a 209b209a 20972099
2553540 209d2098 2097209a 20962098 2095209a
2553560 209a2099 20a1209f 20a620a9 2099209c
2553600 20a9209d 20a420a8 20ad20a1 20a920ac
2553620 20b720ac 20a920b3 20a520a0 20a420a1
2553640 209f20a5 209e20a4 20a5209c 20a420a1
2553660 209e20a3 20a320a2 20a4209d 20a720a0
2553700 20ac20a2 209e20a0 209d20a5 209f209e
2553720 209e209f 209e2099 20a6209b 20aa20a3
2553740 20a620a6 209f20a1 20ad20a3 20a820a9
2553760 20a520a6 20af20a7 20a720a9 20ad20a3
2554000 20a520a6 20ae20aa 20a820b1 20ac20a9
2554020 20a820a5 209f20a2 2097209d 20a22098
2554040 20a120a3 20a0209a 20a220a0 20a120ab
2554060 20a620a2 20ab20a4 20a820a6 20a120a6
2554100 20a620ac 20a720a6 20a3209f 209d20a1
2554120 20a0209d 20a920a5 20a420a7 20a820a7
2554140 20ad20b0 20a620a7 20a020a9 20a320ab
2554160 20ac20a8 20a420a8 20ad20ae 20a720b1
2554200 20aa20ac 20b320af 20b220b5 20b120b6
2554220 20ad20b6 20b120b2 20b520b5 20b420b8
2554240 20b020b3 20b120ae 20aa20b3 20b920bc
2554260 20b920ba 20b120af 20af20af 20b620b7
2554300 20b320bb 20bc20bb 20b520b8 20b920bc
2554320 20b020af 20bb20bd 20b620b4 20b620b4
2554340 20b920b5 20b820b5 20c020c5 20be20ca
2554360 20bd20c2 20b920c0 20c020c0 20c820bc
2554400 20c320c3 20bc20c2 20c320c5 20c420c1
2554420 20c220bb 20c520c4 20c620bf 20d020cb
2554440 20cc20cf 20c820ca 20cd20ca 20ce20cd
2554460 20cb20ca 20ce20cf 20cc20ce 20cd20cf
2554500 20cf20ce 20cf20ce 20d220d6 20d520d1
2554520 20d020d0 20d520d3 20d820d6 20da20d5
2554540 20e020de 20dc20dd 20dd20e6 20de20e8
2554560 20e220de 20e320df 20d520d9 20d720d8
2554600 20da20e4 20dd20da 20e020dc 20d520da
2554620 20d820db 20df20df 20e620e6 20e620e6
2554640 20ee20e6 20e820eb 20e320e0 20e420e6
2554660 20e620e4 20ea20e4 20e620ed 20ea20e7
2554700 20ec20eb 20f220eb 20f020eb 20f520f3
2554720 20f520f7 20ee20eb 20f520ef 20fd20f8
2554740 20f820fb 20f220f7 20f320f4 20fb20f7
2554760 20f620f8 20f420ee 20f320ee 20f720fc
2555000 20f420f1 20fb20f4 20f620f7 20f520f9
2555020 20eb20f5 20fb20f6 20f520fe 210120fe
2555040 21002108 20fc20ff 21082106 210120ff
2555060 20ff2103 20fc2104 21082106 20fa2101
2555100 20f420fa 20fd20f7 210c2104 21052107
2555120 21052109 21022105 21092101 2105210a
2555140 20fb2100 20ff2101 21002108 21022105
2555160 210320fa 21072100 210b2108 2113210d
2555200 2109210c 210a2110 210e210a 210a210a
2555220 210a210d 21072107 2110210f 2110210a
2555240 21112111 210b210d 2105210b 21042104
2555260 210e2104 2110210c 210d2114 210c210f
2555300 2107210d 21062103 21042104 21092103
2555320 20fd2103 21002104 21062101 210e2104
2555340 210c2101 21052104 2108210b 2109210b
2555360 210b2109 210a210a 21092104 210d210a
2555400 21052103 210f2105 211a2110 2111210f
2555420 21122114 210f2110 210a210e 21062107
2555440 20fe210c 210f210b 2110210a 2111210c
2555460 2105210f 21052106 2110210f 210a210b
2555500 210f2100 210f210c 2107210c 21042106
2555520 210e2109 2101210a 20ff210a 21112109
2555540 2105210f 210f2105 210a2105 210d2108
2555560 210f210a 2113210f 21092107 210d2109
2555600 210e2110 2103210d 210b2105 2109210c
2555620 21082106 21092108 21072106 2105210b
2555640 21012106 21012104 21012106 21002102
2555660 210c2104 21112110 210f2110 210f2114
2555700 21132111 210e2111 21032111 21012109
2555720 210a2105 2107210b 210a210d 21052107
2555740 210420fd 20fd2101 20fe2101 21032100
2555760 20fd20fd 210920fd 20ff2107 21002104
2556000 2100210b 210820ff 21092100 210a20fe
2556020 2107210c 210b2112 210c210f 21062107
2556040 20ff2104 21022103 21002102 20ff20fd
2556060 21022102 210520fb 20fb2104 20fc2100
2556100 20fb2102 20fa20fb 20fa20f9 210020fd
2556120 20f920fd 21042103 20fe2102 20fd20fa
2556140 210020fa 21062109 21022106 21022101
2556160 20fd2105 20fd20fc 21002104 20fa20fa
2556200 20fd2100 20fb2105 20f420f7 20f920f7
2556220 20f920f8 20f820f8 20f420f0 20fd20fa
2556240 20fa20fb 20fb20f2 20f920f9 20f020f4
2556260 20fc20fe 20f220f4 20ef20eb 20f820eb
2556300 20f420f6 20f420f7 20f620f4 20fa20f7
2556320 20f220fb 20f920fa 20f320f6 20f520f6
2556340 20fc20ef 20fa20f9 20f620f7 20f720f2
2556360 210120fc 20fa2101 20ff20fe 20f52106
2556400 20f720f7 20f320f4 20f420f3 20fc20f5
2556420 20f520fe 210020f8 20fb20fe 20fa20fa
2556440 20fa20fd 20f920fc 20fb2101 210020fa
2556460 20fc20f9 20fc2101 20fe20fe 20fe20fe
2556500 20f520fb 20f720f6 20fd20f6 20f620f5
2556520 210220fc 210720fd 21012104 20ff20ff
2556540 20ff20fe 20f72105 20fe2101 21032102
2556560 210620ff 210a2105 21062106 21072107
2556600 21022100 210a2107 21012102 210420ff
2556620 21012103 21022104 20fe2103 21092102
2556640 210e2105 2108210c 210b2103 21082109
2556660 21072108 21092106 2107210a 210b210c
2556700 210d2105 210c2107 21032104 2109210c
2556720 210c2107 21112106 210b2114 210f2112
2556740 2107210b 210f2104 2110210b 21122112
2556760 21112116 21162112 211d211b 211a211d
2557000 21162114 2118211a 211b211a 2120211f
2557020 211f211c 211b211f 2120211f 211c211f
2557040 211e211d 21222122 21202124 211e211f
2557060 211e211d 21272124 211e2127 2122211e
2557100 21292121 2122211d 21202122 2127211c
2557120 211f2126 21282123 212b212b 21282126
2557140 212a212c 212c2129 2130212c 21272130
2557160 21252129 212e212e 21322131 212b2131
2557200 21292130 212c212a 21322133 213a2139
2557220 213b2138 2135213a 21382137 213b2135
2557240 213d2140 213c2141 21432149 21402141
2557260 21372139 213f2138 21332133 21362134
2557300 213b2133 213b2137 213c213c 213b213f
2557320 2138213d 21382137 2140213d 213d213b
2557340 2144213a 21402140 214e2147 21422142
2557360 2141213b 2139213f 213c213e 21452145
2557400 21482146 214f2148 21492147 2149214e
2557420 2149214b 21452145 21492143 21442144
2557440 214f214d 2148214b 214b2146 21432146
2557460 21492147 21412145 213d213a 2148214a
2557500 21422143 214c2152 2144214b 21442144
2557520 214a2146 214f2147 214c2150 214d2150
2557540 214f2146 214c2147 2150214e 21442149
2557560 2150214b 214a214f 2152214c 214a214d
2557600 2148214b 21432148 21442148 214c214b
2557620 214c214a 214c2150 214c2154 214a2146
2557640 21522147 21532153 21532152 21532156
2557660 21542150 215d214f 21552159 215b215c
2557700 215f215c 215c2153 21542159 214f2150
2557720 2149214f 214b2149 21512152 214e2154
2557740 21492144 214c2147 214c214d 21532151
2557760 2152214a 215a2158 214b2150 214d2152
2560000 214e2155 21542153 2157214a 21562158
2560020 21532152 21552150 21522151 21592153
2560040 2149214d 2155214f 21522156 21562157
2560060 215b215d 21572155 21522152 2144214c
2560100 2153214a 214d214d 21522156 21502152
2560120 21592155 215b2157 21522151 2146214e
2560140 21502149 21522152 2152214c 2155214f
2560160 214c2151 214c2152 214e214a 21452145
2560200 21492147 21572157 214c214d 21552154
2560220 214c214c 21492144 21452149 214e2148
2560240 214f214a 2152214f 2147214a 21462144
2560260 21472145 214a2147 21482146 214a2147
2560300 21492145 214c2152 21492148 2146214c
2560320 213f2141 21422147 2146213f 21422144
2560340 214a2149 2140214a 2138213e 21422147
2560360 21402141 21482144 213c213b 2138213b
2560400 21342140 21392137 213d2137 2143213e
2560420 2139213a 213c213f 2138213d 21382137
2560440 213c213d 213b2137 2137213b 213a2137
2560460 21372131 213f2142 213a2139 21392137
2560500 2135213f 213b2132 213a2139 b010017c
2560520 00000f54 0001000a 00010000 03b142f9
2560540 00000ffc 0001000a 1400003c add01f00
2560560 add01f01 add01f02 add01f03 add01f04
2560600 add01f05 add01f06 add01f07 add01f08
2560620 add01f09 add01f0a add01f0b add01f0c
2560640 add01f0d add01f0e add01f0f add01f10
2560660 add01f11 add01f12 add01f13 add01f14
2560700 add01f15 add01f16 add01f17 add01f18
2560720 add01f19 add01f1a add01f1b add01f1c
2560740 add01f1d add01f1e ff000134 00000020
2560760 00000087 b54b2902 00000001 deadbeef
2561000 f0000087 b54b28ee 020a7cb1 00000000
2561020 00000134 00001f48 a01142f7 21d320f4
2561040 21da21e0 21e321db 21d821d6 21d221d3
2561060 21d021d2 21d521cf 21cd21cb 21d421cb
2561100 21ce21ce 21d021cd 21d321db 21ca21ca
2561120 21c421c6 21bc21be 21bc21b7 21bf21bd
2561140 21bf21bc 21bd21b9 21bc21bd 21b921bc
2561160 21bd21c3 21be21c2 21c221bf 21c721c8
2561200 21c521c5 21c221c6 21c321c0 21c121bd
2561220 21ba21b9 21bb21bf 21c121c4 21bc21c4
2561240 21bd21be 21bb21bb 21bf21c1 21b821ba
2561260 21c021ba 21c121bb 21bf21bd 21b921c0
2561300 21b621c2 21be21bd 21bc21bf 21b821b3
2561320 21b721c0 21b621b4 21b821ba 21bb21b3
2561340 21b921bb 21b921b7 21b521b4 21be21bc
2561360 21ba21b9 21bd21bc 21b821ba 21bd21be
2561400 21b721b4 21b921b4 21b121bc 21c021b7
2561420 21b721bb 21b821bb 21c221b8 21c721c3
2561440 21be21c0 21c321c0 21cc21c1 21ca21c6
2561460 21c121c7 21c321c4 21c521c7 21ca21c6
2561500 21c321c8 219d21bf 1ff020d5 1e791f1c
2561520 1dcc1e12 1d881da6 1d761d7b 1d681d6d
2561540 1d691d6c 1d6a1d6a 1d681d6c 1d691d5f
2561560 1d671d6f 1d621d66 1d681d68 1d6b1d62
2561600 1d711d6e 1d6e1d72 1d721d6f 1d661d6a
2561620 1d6d1d67 1d6e1d73 1d6f1d72 1d7b1d78
2561640 1d751d7c 1d7b1d7c 1d781d78 1d771d79
2561660 1d7f1d84 1d801d7d 1d7f1d7a 1d7c1d81
2561700 1d7c1d7a 1d771d81 1d7c1d81 1d901d87
2561720 1d871d8f 1d891d8b 1d891d94 1d8b1d87
2561740 1d8c1d84 1d861d7f 1d891d86 1d8a1d8b
2561760 1d911d8e 1d9b1d95 1d961d9a 1d961d9b
2562000 1d981da2 1d9e1d9d 1da11d9d 1d9c1d95
2562020 1d9c1da5 1da61d9f 1da21daa 1da71d9b
2562040 1daa1da5 1dad1da4 1db01db2 1dab1dae
2562060 1db41da9 1db41db2 1db31db5 1dbc1dbd
2562100 1dba1db7 1db81db9 1dc01db8 1dc11dbb
2562120 1dbe1dc5 1dba1dc0 1dc11db4 1dc31dc4
2562140 1dc41dc2 1dc91dca 1dcc1dce 1dcd1dcf
2562160 1dcd1dc9 1dca1dca 1dd21dd3 1dd41dd7
2562200 1dd51dd1 1dd01dce 1dc71dd4 1dcf1dce
2562220 1dd71dd5 1dd51dd6 1ddc1dd9 1de11de0
2562240 1dd81de3 1dd91ddb 1dde1dde 1dd91dd6
2562260 1de31de1 1ddd1de4 1dec1de8 1de01ddf
2562300 1de31de1 1deb1de3 1de51ddf 1dec1de5
2562320 1df51dec 1df61df5 1df01dfa 1ded1df3
2562340 1dfa1df7 1dfc1df3 1df11df6 1df41def
2562360 1df91df7 1df71df7 1df71df6 1dfe1dff
2562400 1df81dfb 1def1dee 1df71df2 1e051dfb
2562420 1dfb1e03 1dfb1dff 1dfd1e00 1e051e05
2562440 1e061e02 1e001e03 1dfb1dfd 1e0d1e04
2562460 1e0c1e06 1e0d1e06 1e091e0a 1e091e0c
2562500 1e0b1e0d 1e0a1e0c 1e0e1e0d 1e0b1e05
2562520 1e0b1e0c 1e071e09 1e191e10 1e0a1e16
2562540 1e121e10 1e0e1e0f 1e151e13 1e161e16
2562560 1e121e14 1e171e14 1e0d1e12 1e121e10
2562600 1e0e1e14 1e131e14 1e141e12 1e121e0c
2562620 1e191e18 1e131e15 1e1a1e13 1e1d1e18
2562640 1e181e1b 1e181e19 1e161e16 1e131e17
2562660 1e151e10 1e171e1a 1e181e1b 1e131e10
2562700 1e1d1e16 1e1f1e18 1e191e1f 1e1b1e22
2562720 1e1b1e16 1e1f1e1a 1e121e15 1e1c1e0f
2562740 1e241e1e 1e181e1d 1e191e12 1e111e1b
2562760 1e151e1d 1e1c1e1f 1e1a1e1b 1e141e1c
2563000 1e1e1e15 1e1a1e1e 1e1f1e1d 1e1e1e20
2563020 1e1d1e1b 1e151e1e 1e121e13 1e0e1e13
2563040 1e151e1b 1e0c1e0b 1e0a1e0b 1e171e10
2563060 1e1e1e19 1e1e1e1c 1e201e19 1e171e17
2563100 1e131e11 1e171e16 1e141e17 1e1c1e16
2563120 1e191e19 1e171e1d 1e161e1d 1e101e12
2563140 1e101e0b 1e0b1e13 1e081e0d 1e0c1e0c
2563160 1e0d1e07 1e121e0d 1e0d1e10 1e0a1e12
2563200 1e081e12 1e0e1e10 1e061e0d 1e0c1e05
2563220 1e0f1e12 1e0d1e11 1e0d1e0a 1e121e0e
2563240 1e0d1e07 1e0e1e0d 1e0b1e12 1e0b1e0a
2563260 1e0b1dfe 1e0a1e0a 1e031e08 1e021e0a
2563300 1e041e08 1e0d1e07 1e0d1e07 1e051e09
2563320 1e091e0a 1e011e07 1e0d1e03 1e0a1e0d
2563340 1e031e0d 1e061e04 1e091e02 1e0d1e07
2563360 1dfb1e04 1e051e01 1dfb1dff 1df91dfa
2563400 1dff1e00 1dff1df8 1e001e04 1dff1e05
2563420 1dff1e05 1e071e04 1df91df8 1dfe1dfd
2563440 1dfb1dff 1df91dfa 1dfd1dfc 1dfe1dfe
2563460 1dfe1dfd 1e091e07 1e121e0a 1e111e04
2563500 1e051e0c 1e051e08 1e031e04 1dff1e02
2563520 1df61e01 1e081e00 1e0b1e10 1e091e0b
2563540 1e101e07 1e081e09 1e051e07 1e071e06
2563560 1e101e0d 1e0f1e0e 1e121e0c 1e141e10
2563600 1e0a1e15 1e0f1e10 1e141e13 1e1d1e11
2563620 1e1a1e1d 1e181e1a 1e1c1e18 1e1d1e17
2563640 1e1f1e21 1e201e20 1e201e1d 1e1f1e1d
2563660 1e1d1e23 1e211e23 1e1d1e21 1e111e1c
2563700 1e1a1e14 1e1a1e14 1e241e23 1e251e2a
2563720 1e231e21 1e1f1e1e 1e281e27 1e2e1e29
2563740 1e291e27 1e2b1e2f 1e271e29 1e2d1e2e
2563760 1e2c1e27 1e341e2f 1e301e3a 1e2e1e32
2564000 1e321e2f 1e381e30 1e3a1e37 1e351e30
2564020 1e3b1e3b 1e321e35 1e381e34 1e371e37
2564040 1e3b1e3a 1e371e42 1e401e36 1e3d1e38
2564060 1e401e3e 1e451e47 1e4b1e4b 1e4c1e4e
2564100 1e4e1e48 1e4e1e4c 1e541e51 1e521e52
2564120 1e511e59 1e541e4c 1e541e51 1e541e55
2564140 1e571e56 1e5a1e58 1e5a1e5d 1e541e51
2564160 1e4e1e4d 1e501e4e 1e621e59 1e681e5d
2564200 1e691e60 1e5b1e67 1e631e6a 1e691e67
2564220 1e6d1e63 1e721e6d 1e711e71 1e791e76
2564240 1e7a1e79 1e891e7b 1e811e86 1e861e85
2564260 1e821e87 1e801e7f 1e891e7c 1e891e85
2564300 1e801e81 1e7c1e83 1e861e82 1e891e8b
2564320 1e8f1e89 1e8d1e93 1e881e94 1e911e89
2564340 1e891e8d 1e881e88 1e881e86 1e901e8d
2564360 1e901e92 1e941e93 1e961e92 1e9b1e99
2564400 1ea31e9c 1e991ea4 1ea11e9b 1ea71e9d
2564420 1e9e1ea7 1ea81ea3 1ea91ea3 1eb11ea5
2564440 1ea71ea6 1ead1eac 1eb41eb6 1eb41eb9
2564460 1eb31eb7 1eb71eb3 1eb41eb6 1eba1eb9
2564500 1eb51eb4 1eb61eb5 1eb51eb9 1eaf1eb9
2564520 1ebc1eb7 1ebd1eb7 1ebe1eb6 1eba1eb5
2564540 1ec01ec2 1eb51ebf 1ec31ebe 1ec41ec6
2564560 1ec51ec1 1ec81ec8 1ecb1ecc 1ecd1ecd
2564600 1ecb1ecc 1ec51eca 1ec21ec7 1ec51ec2
2564620 1ec91ec6 1ed01ec8 1ec61ec4 1ec31ec6
2564640 1ecc1ecf 1ed71ed0 1ed01ed0 1ece1ed2
2564660 1ed31ecd 1ed51ed1 1ed91edd 1ed61ece
2564700 1eda1ed7 1ed91ee0 1edd1ee3 1ee11edf
2564720 1ee91edf 1ee51eea 1ed41ee2 1ee51edb
2564740 1ed31ee3 1edf1eda 1ee01edb 1ee41ee6
2564760 1eeb1ee4 1ee71ee8 1eea1ee0 1ee51ee9
2565000 1ee31ee3 1ee81ee4 1ee31ee4 1ee61ee7
2565020 1eec1ee4 1ee61eea 1ee41eeb 1ee91ee6
2565040 1ef01eea 1eeb1ef1 1eed1eed 1ef41eef
2565060 1eec1ef0 1eee1ef1 1eec1eed 1eef1eec
2565100 1eed1eef 1eef1ef7 1ef31ef3 1ef61eec
2565120 1eed1eee 1eed1ef1 1ef21eec 1eea1eee
2565140 1eed1eea 1eef1eef 1ef41ef6 1eee1eee
2565160 1eee1ef3 1eef1ef0 1ef31eef 1efc1ef3
2565200 1ef91efb 1efa1eef 1ef01ef3 1ef21eee
2565220 1ef01ef2 1ef31eef 1ef31ee8 1eed1ef0
2565240 1ef01eea 1eeb1eed 1eed1ee3 1ee61ee7
2565260 1eed1ee8 1eee1ef7 1ef31ef5 1eed1eee
2565300 1ef01eed 1ef11ef0 1ef01eec 1eee1eeb
2565320 1eef1ef1 1ef61ef2 1eed1eef 1eed1ee9
2565340 1eec1ef3 1ee41eea 1ee31ee4 1ee51ee1
2565360 1ee71ee8 1ee91ee4 1ee51ee2 1ee61ee6
2565400 1ee21ee6 1ee21ee1 1edb1edc 1ee11edf
2565420 1ee91ee0 1ee61ee5 1ee21ee3 1ee41eeb
2565440 1eea1ee9 1eea1ee2 1eec1eec 1ee01ee3
2565460 1ed91ee0 1eda1ed9 1ed91ed6 1edf1edb
2565500 1ee11edf 1edd1ee1 1edc1edc 1ee71ee0
2565520 1edf1edf 1edc1ee3 1ee21edb 1edc1edf
2565540 1ee71ed8 1eda1ee0 1ed71ede 1ed41edf
2565560 1ed81edb 1edd1edb 1edd1eda 1ed71edc
2565600 1ed41eda 1ed71ed7 1ed21ed3 1ed11ed2
2565620 1ed81ed3 1ed71ed9 1ed61ed2 1edb1ed4
2565640 1edb1edd 1ed51ece 1ece1ed2 1ed81ed0
2565660 1ed61ed8 1ede1edb 1ed81eda 1edc1edf
2565700 1ed51eda 1ed01ed4 1ed41edb 1ed61ed8
2565720 1ed41edd 1ed91ed0 1edc1ed6 1ed01ed4
2565740 1ed21ed2 1ed31ed7 1edb1ed7 1ed51ed7
2565760 1ed81eda 1ed61ed1 1ed61ed2 1edf1eda
2566000 1ee01ed9 1ed51ed8 1ee11eda 1edb1edd
2566020 1ede1ed9 1edf1edf 1ed81eda 1ed51ed5
2566040 1eda1ede 1ee01ee2 1ee31eda 1edb1ede
2566060 1ede1edf 1ee01edb 1ee21edf 1ee31ee1
2566100 1ee61edd 1ee11eec 1edf1ee7 1ee61ee3
2566120 1ee51ee6 1ee01ee5 1edc1ee0 1ee51ee6
2566140 1ee11ee5 1ef21eea 1eef1eeb 1eec1eef
2566160 1ee91eed 1ee91ee8 1eef1eec 1eed1ee7
2566200 1ee61ee8 1eeb1eef 1eec1eed 1eef1eed
2566220 1ef11ef3 1ef41ef2 1ef31eef 1ef71ef1
2566240 1ef91ef7 1eff1efa 1ef61ef6 1ef31ef5
2566260 1efa1ef7 1ef71ef7 1ef41efb 1ef81ef3
2566300 1f001eff 1eff1f00 1f061efc 1f0b1f09
2566320 1f0a1f07 1f0b1f0a 1f091f01 1f0b1f04
2566340 1f0b1f0f 1f0d1f0b 1f111f14 1f141f0e
2566360 1f121f16 1f0e1f0a 1f0f1f10 1f151f19
2566400 1f201f1d 1f1e1f15 1f151f17 1f1a1f1a
2566420 1f1d1f15 1f101f15 1f271f15 1f1e1f17
2566440 1f1f1f21 1f241f27 1f211f29 1f291f28
2566460 1f241f22 1f2c1f2a 1f311f2f 1f2f1f35
2566500 1f391f2c 1f2e1f30 1f261f28 1f2f1f2b
2566520 1f2c1f28 1f351f30 1f381f39 1f371f36
2566540 1f371f3e 1f3f1f3e 1f401f3f 1f401f3b
2566560 1f411f3d 1f421f41 1f491f3d 1f4a1f48
2566600 1f431f44 1f451f44 1f461f47 1f4d1f46
2566620 1f491f47 1f491f44 1f4b1f44 1f4e1f51
2566640 1f501f50 1f561f52 1f511f50 1f4d1f54
2566660 1f591f57 1f531f53 1f571f51 1f561f5d
2566700 1f5e1f58 1f5b1f65 1f591f5e 1f5a1f57
2566720 1f581f57 1f601f5b 1f621f63 1f5b1f64
2566740 1f651f5b 1f651f64 1f6a1f6b 1f6e1f6a
2566760 1f701f6d 1f6a1f6a 1f661f65 1f621f5f
2567000 1f681f66 1f681f6a 1f691f5e 1f6b1f65
2567020 1f681f71 1f691f70 1f6c1f6f 1f7a1f71
2567040 1f701f73 1f741f75 1f761f73 1f7d1f71
2567060 1f701f70 1f711f72 1f6d1f6f 1f7f1f78
2567100 1f731f76 1f7a1f72 1f771f72 1f7a1f7b
2567120 1f731f7d 1f781f74 1f8a1f80 1f891f8d
2567140 1f861f85 1f7c1f8c 1f801f7b 1f881f82
2567160 1f841f82 1f871f82 1f7f1f85 1f8d1f84
2567200 1f8f1f8d 1f851f89 1f8a1f85 1f931f8e
2567220 1f921f8d 1f921f87 1f8e1f94 1f8b1f8f
2567240 1f841f87 1f941f8d 1f8d1f8f 1f941f92
2567260 1f941f97 1f931f98 1f941f93 1f971f93
2567300 1f981f91 1f911f93 1f961f94 1f971f9a
2567320 1f9a1f98 1f9f1f9e 1f9c1f9e 1f901f96
2567340 1f981f95 1f9a1f9f 1f961f9e 1f961f97
2567360 1f941f90 1f9c1f92 1f981f9a 1f941f98
2567400 1f8d1f94 1f9a1f99 1f981f90 1f9e1f95
2567420 1f9b1f95 1f971f96 1f9a1f9d 1fa31f9a
2567440 1f9f1f99 1fa01f9f 1f9f1fa1 1f981f9e
2567460 1fa41fa1 1fa71fa0 1fa11fa3 1fa61fa3
2567500 1f9f1fa4 1f9b1fa4 1f9b1f9c 1f9e1f9a
2567520 1f9f1fa5 1f971fa1 1fa11fa4 1fa21f9e
2567540 1f9d1f9b 1fa21f9e 1fa31fa2 1fa11fa6
2567560 1f9b1f9f 1f931f98 1f931f97 1f921f9c
2567600 1f921f8f 1f971f93 1f931f94 1f8f1f93
2567620 1f951f8e 1f961f91 1f9d1f97 1f971f9a
2567640 1f961f90 1f9d1f9a 1f941f9a 1f991f91
2567660 1f8a1f8b 1f901f8c 1f9a1f8e 1f931f91
2567700 1f911f89 1f911f8b 1f971f9a 1f8f1f94
2567720 1f8c1f8e 1f921f92 1f8f1f8b 1f871f8f
2567740 1f871f8b 1f8e1f8a 1f931f8c 1f981f93
2567760 1f931f94 1f8d1f93 1f821f88 1f881f85
2570000 1f851f8b 1f8d1f8a 1f8b1f94 1f921f8d
2570020 1f941f8f 1f8e1f91 1f8b1f8f 1f871f94
2570040 1f891f86 1f901f91 1f8a1f8b 1f8d1f8a
2570060 1f951f90 1f961f94 1f961f8b 1f8a1f93
2570100 1f881f91 1f891f8c 1f881f8c 1f8b1f83
2570120 1f7f1f8d 1f831f7f 1f841f89 1f821f82
2570140 1f8e1f85 1f861f89 1f8e1f8c 1f8d1f90
2570160 1f8b1f89 1f881f87 1f861f8b 1f861f85
2570200 1f811f8a 1f881f83 1f851f82 1f911f8c
2570220 1f941f8f 1f931f96 1f8f1f90 1f8c1f90
2570240 1f8a1f86 1f8f1f8c 1f8e1f92 1f931f8d
2570260 1f981f98 1f8c1f92 1f8f1f91 1f821f8f
2570300 1f8c1f8d 1f8e1f8c 1f961f8e 1f8f1f93
2570320 1f8d1f95 1f8e1f95 1f8d1f8e 1f8c1f8e
2570340 1f8c1f91 1f921f91 1f931f91 1f8e1f91
2570360 1f971f8c 1f8f1f96 1f941f9c 1f931f92
2570400 1f9e1f90 1f9b1f97 1f9c1fa4 1f9a1f9e
2570420 1f911f99 1f961f93 1f961f94 1fa11f9f
2570440 1fa21fa0 1fa21fa2 1fa21f9e 1f9b1fa0
2570460 1f9d1fa4 1fa51fa3 1fa41fa2 1fac1fa6
2570500 1fae1faf 1fab1fab 1faf1fa9 1fae1fac
2570520 1fab1fa7 1fa71fa7 1fa41faa 1fb01fac
2570540 1fb01fad 1fb61fac 1fb01fb6 1fac1fb7
2570560 1fb01fb4 1fad1fad 1fad1faa 1fb31faf
2570600 1fb51fbb 1fb81fb8 1fb81fb7 1fb71fb4
2570620 1fb41fb6 1fb51fb3 1fb01fb3 1fb21fbb
2570640 1fb41fb7 1fc01fbd 1fbd1fc4 1fc11fc3
2570660 1fc01fc0 1fc71fc2 1fbe1fc3 1fc11fc0
2570700 1fcb1fc1 1fc71fc7 1fcf1fc7 1fc71fcb
2570720 1fc11fcf 1fc21fc2 1fcd1fc2 1fc71fc7
2570740 1fca1fc7 1fc41fc4 1fd01fce 1fc71fd2
2570760 1fca1fc4 1fcf1fca 1fca1fce 1fda1fd8
2571000 1fd41fd8 1fdc1fd4 1fd21fd3 1fdb1fd6
2571020 1fd51fe0 1fdd1fdb 1fe91fe8 1fde1fe3
2571040 1fdc1fe1 1fe01fea 1fd31fd6 1fd11fcb
2571060 1fe01fda 1fdd1fd5 1fec1fe3 1fe71fed
2571100 1fe71fdd 1fdc1fe3 1fe11fe0 1fe01fe8
2571120 1fe51fe2 1fe61fe4 1fdd1fe0 1fe51fdf
2571140 1fe91fed 1feb1fe5 1fed1fef 1feb1fe9
2571160 1fef1fec 1fee1ff2 1fea1fe7 1fee1fe8
2571200 1ff61ff3 1ff91ff7 1ffb2002 1ffa1ff7
2571220 1ff81ff3 1ff31ff1 1ff01ff8 1ff31ff2
2571240 1ff01fef 1ff11fed 1ff51ff5 1fea1ff4
2571260 1ff21ffa 1ff91fef 1ffc1ff3 1ffc1ff7
2571300 1ff92003 1ff82000 1ffb1ff9 20041ffc
2571320 20012000 1ffd2005 20082006 20052002
2571340 20021ffc 20012001 20032000 20012005
2571360 20031ffb 20062002 1ffa1ffe 20021ffc
2571400 20062009 20082005 20052007 1ffe2001
2571420 20092004 2009200e 200d200c 2012200b
2571440 200b200d 2006200d 2010200e 20142016
2571460 20122015 20092010 200f2014 20182016
2571500 20162010 20132014 200e2010 2012200f
2571520 200f2015 20132016 20132015 200d200d
2571540 20142018 2015201b 20172019 20102012
2571560 2006200f 2009200d 20112016 200f200f
2571600 2011200c 20142011 200b200c 2010201b
2571620 200e200f 20172011 20132013 20162016
2571640 201b2019 201a2015 2011201e 20102016
2571660 20142011 20152018 20192014 20182010
2571700 200e200e 200c200d 200e2013 2019200e
2571720 20102015 200c2013 20092010 200c2013
2571740 2012200d 200e200e 20082012 200a200b
2571760 200d2011 200e2011 2017200f 20132019
2572000 20102015 200d2014 2011200d 200e2014
2572020 200d200e 20142011 200e200f 20152013
2572040 20192011 20172017 200a200f 20182013
2572060 20142012 201c2014 200c2011 2012200c
2572100 200e2009 2013200c 20192016 20132010
2572120 200a200d 200b2011 201c2011 2013200f
2572140 20182014 200e2012 200d200f 20112013
2572160 200e200b 2009200c 200f200f 20052012
2572200 200c2008 200d2009 200f2010 200c2011
2572220 200a2011 200e2001 200e200e 20072005
2572240 200d2011 20122012 200e200d 20102008
2572260 200f200e 200f200c 20032008 20032005
2572300 20122009 200e200d 200b2011 20182011
2572320 2007200d 2013200a 20092007 200a1fff
2572340 2001200b 200a2009 200b2009 20152018
2572360 20192012 200d2014 201a200f 201e2017
2572400 2013201a 20122014 200f2012 200d2007
2572420 20112017 20092014 200e2011 20172018
2572440 20122013 20152017 20102014 2017201c
2572460 201f2020 201a201a 201b201a 20122016
2572500 200e200d 2019201c 20132015 201b2016
2572520 20202019 201e2027 20222028 201d2020
2572540 201a201a 2024201b 20192021 201c2022
2572560 201b201a 2027201b 20202021 2027201d
2572600 20202028 2021201d 20252020 201b2022
2572620 20222024 20212028 20272024 20282024
2572640 20242021 20272023 20262023 2023202c
2572660 2030202b 202a2027 2027202b 20262028
2572700 202b2029 20342034 20382036 2033203d
2572720 20392039 203c203c 2036203a 20322031
2572740 20332033 20332033 2033202f 20392037
2572760 20362038 20342036 20392038 2041203b
2573000 20412046 20422040 203c203c 20442044
2573020 204b2047 2044204b 204b2045 2034203c
2573040 20412041 203c203b 20432042 203e2044
2573060 20422043 2047204a 20452044 20512045
2573100 20462045 204d204b 2046204b 20492046
2573120 20492040 204f2045 2045204e 204e2050
2573140 2050204e 2058204c 204d204e 204d204a
2573160 204f2051 20482049 20492042 2050204c
2573200 204f2056 20592058 2061205d 20622060
2573220 205b205b 205c205a 205b205c 20582058
2573240 2063205b 20682063 2060206a 205e2066
2573260 205c205f 205c204e 2067205e 205e2066
2573300 20612063 20582062 2068205b 2059205f
2573320 205d2059 205d2062 205a2060 205b205b
2573340 205a2058 20602066 20622063 205d205d
2573360 206c206b 20622064 20642064 20662069
2573400 206a2067 206f2063 2069206b 20672068
2573420 20682069 20662062 20672061 20692061
2573440 20642068 20662065 20692060 20732068
2573460 2071206e 206f2072 2069206b 2069206a
2573500 20622061 20692068 206a2066 2068206a
2573520 20612065 206a2069 2069206a 20672064
2573540 20672065 206e206c 206e2063 2070206e
2573560 2070206e 20722073 206a206a 206b2069
2573600 20662070 20672066 206a2074 20682069
2573620 206a2069 206e2066 20692071 206a2070
2573640 20662068 20732068 2070206b 20722072
2573660 206e2070 2072206d 2073206e 206f206e
2573700 2065206e 206f206c 207b207c 207c2078
2573720 20762073 206a207a 20712074 2071206c
2573740 206f206c 206c206f 206e2073 206c206e
2573760 2074206e 2077206d 20712074 20772074
2574000 2076207b 207c207a 20782071 20752075
2574020 206f2067 20702071 20742073 20732077
2574040 206f2073 20752079 20732072 2074206f
2574060 20752071 2076206d 20742078 20742075
2574100 2078206e 207a2073 20782073 20742075
2574120 206d2079 206a206a 20712071 206d2070
2574140 206c2072 20702078 20742072 20742079
2574160 206c2070 206f2072 206f2072 206b2069
2574200 2064206a 206b2067 206d206f 206f206e
2574220 206b206f 20742070 206d2070 2070206f
2574240 2073206f 2063206b 2066206a 20722074
2574260 2065206c 206d2074 20692068 20672064
2574300 20652064 20622062 2063206f 20652062
2574320 2069206b 20652066 2066206a 2065206a
2574340 206a2068 206b2064 20652065 206a206e
2574360 20622070 2063206b 20752073 20662070
2574400 20682069 206c2066 2069206e 2067206a
2574420 20732069 20692070 206f2070 20742073
2574440 206c2069 206d2065 2069206c 206c206d
2574460 206e206e 206e2064 2063206b 20692068
2574500 2065206a 206d206a 206e206b 206a206b
2574520 206a206c 20692070 20672070 206c206a
2574540 206c206b 207a2071 20732076 206d206c
2574560 2068206a 206b206a 206e206c 20702072
2574600 20742075 2073206d 206c206a 2079206f
2574620 207d2083 2083207d 20822085 20722078
2574640 206f206f 20712070 20732071 20762070
2574660 207d2074 207a207a 207e2082 20762074
2574700 207a207b 2077207a 207d207e 207e207e
2574720 20892086 208b2088 2089208a 207e207e
2574740 2082207f 20892084 20872084 2081208b
2574760 207e2077 2088207c 20892081 2086207d
2575000 2086208b 207f208d 20862087 208c208b
2575020 208d2088 2089208c 20872086 2086208b
2575040 20902086 20912092 20952097 20992098
2575060 2097209c 20942097 2093209c 208b2090
2575100 2097208f 20962095 20a42097 20a0209e
2575120 209c209e 209b209f 2097209c 2099209d
2575140 209c209a 20a520a0 209e20a5 209b20a0
2575160 209f209d 209e2094 20a320a2 20a120a5
2575200 20a720aa 20a720a5 20ac20a2 20a720a2
2575220 20a420a9 20a820ad 20ab20ac 20ae20a5
2575240 20ba20b2 20ae20af 20b020b1 20ad20ae
2575260 20b320b0 20a920af 20ae20af 20ae20b7
2575300 20b420b3 20b720ae 20bc20b9 20b720be
2575320 20b520ba 20b720b4 20c020b5 20b720b3
2575340 20b820be 20c020bc 20c020bf 20b820bd
2575360 20b920bb 20b820bc 20b620b8 20b620be
2575400 20be20bc 20c020ba 20bb20c0 20ba20c2
2575420 20b620b8 20ba20bb 20bc20b7 20c120bf
2575440 20bd20c2 20c320bd 20c720be 20c420c8
2575460 20be20bf 20c520c6 20ca20c8 20d120cc
2575500 20cb20c9 20bf20c2 20c220c5 20c820c3
2575520 20cb20c0 20ce20c9 20ce20cc 20c520c8
2575540 20c620c5 20c720c0 20c520c7 20c120c7
2575560 20c620c9 20d120c7 20d120c6 20c720c7
2575600 20cb20ca 20c720cc 20cf20ca 20ca20cd
2575620 20cf20c4 20c520c8 20c420c9 20ca20c4
2575640 20c620cd 20cf20cc 20cd20d4 20ce20cf
2575660 20cb20c6 20c820c9 20c820c7 20cb20cd
2575700 20cc20d1 20cd20d0 20cf20cc 20cf20ca
2575720 20cc20cb 20c920cc 20ce20c6 20cf20cc
2575740 20ce20cc 20c720c8 20c920be 20c920cf
2575760 20d120c9 20d020ce 20ce20d8 20d320cb
2576000 20cc20c8 20cb20cf 20d320d8 20d320d6
2576020 20d320d8 20ca20cd 20c720cd 20d620c9
2576040 20ca20ce 20ce20cd 20d320d2 20cb20da
2576060 20d420ce 20cf20d1 20ce20cf 20ca20cd
2576100 20d120ce 20ce20d0 20d720d3 20de20dc
2576120 20d020d3 20d520cc 20d220ca 20cf20cd
2576140 20cd20cd 20ca20ca 20cc20c3 20ce20d2
2576160 20d120ca 20d020d2 20d120cd 20d720cf
2576200 20cf20ce 20d220d0 20cd20d1 20cc20cb
2576220 20c520c4 20c920cf 20c620cf 20cd20cd
2576240 20bf20cc 20c820ca 20c620c5 20c620c5
2576260 20c520c8 20c520ca 20c420bf 20cb20c7
2576300 20c920ce 20ca20ce 20c420c3 20cc20c9
2576320 20c220be 20ba20c4 20c020be 20bf20bf
2576340 20c020c8 20c120bd 20c020c3 20c220c6
2576360 20c720cb 20c520c3 20bf20c6 20c420c5
2576400 20bd20c6 20c120c1 20b720bd 20b620ba
2576420 20b620b8 20ba20b7 20b320ba 20b720b4
2576440 20b420b7 20b520b5 20ba20c1 20b420b2
2576460 20b620ae 20c420b3 20b520c5 20b920b7
2576500 20c020be 20bc20bd 20bc20b9 20b820c2
2576520 20b820b9 20b620b6 20ba20ba 20ba20b5
2576540 20b720bb 20b520bb 20b420ba 20be20b8
2576560 20b620b9 20b620b8 20bc20ba 20bb20b9
2576600 20bd20b6 20b520b3 20af20b7 20b420b4
2576620 20ae20b1 20b820b0 20b420af 20ba20b9
2576640 20be20b6 20bf20c3 20be20c2 20bf20c2
2576660 20c120c1 20c320bc 20bc20bb 20c120b9
2576700 20ba20bf 20bd20c4 20bb20c0 20bc20b8
2576720 20bb20b8 20b320b1 20b520b7 20c220b7
2576740 20cb20ca 20c220ba 20cd20c2 20c220bf
2576760 20c820c0 20c220c3 20c220c1 20c120c7
2577000 20bd20c1 20c320ca 20c820c6 20d520c8
2577020 20cc20d2 20c720ce 20ca20cb 20c120c6
2577040 20cd20c7 20cd20c6 20ce20cd 20d420cd
2577060 20d220cd 20ce20d4 20d020cd 20cf20d1
2577100 20d220dd 20d120d3 20d820d6 20d320d3
2577120 20d520d9 20e120e1 20da20d7 20da20d3
2577140 20e020db 20dc20e0 20dd20dd 20ea20e2
2577160 20e120d8 20db20da 20de20e0 20e320e3
2577200 20e920ef 20e620eb 20e520e5 20e720e7
2577220 20ee20ef 20e920ed 20ec20e7 20ea20e2
2577240 20e820e9 20f320f5 20f220f3 20fb20f1
2577260 20f820f4 20fc20f9 20f620fb 20f820f2
2577300 20f820f6 20f320f1 20fe20f9 21062106
2577320 21042100 21012102 20fb20fb 21022103
2577340 21012105 20ff20fc 210820f9 210a2100
2577360 21082109 2105210e 210a210a 21082108
2577400 210c2103 21062105 210c2104 210d210f
2577420 2117210b 21132117 21132111 211c210c
2577440 211e2120 211b2110 211c2123 211a2121
2577460 211e211e 211e211b 2122211d 21142116
2577500 211c2118 211b2121 2120211e 21262124
2577520 2125212a 21282125 2128212d 212a2128
2577540 212c212d 21242125 21262122 21232125
2577560 212b2123 2129212b 21312124 212d212d
2577600 21332132 2126212a 21282121 212b212c
2577620 21382133 21352132 21312130 213c2131
2577640 21322137 21342131 213f2137 2139213c
2577660 21432139 21392137 213b2135 21432147
2577700 21402142 213c2138 213a213e 213a2137
2577720 21382140 21332135 213c2136 213c213d
2577740 2135213a 213d213d 21432139 21472141
2577760 213e2144 213c2142 213d213d 213b213c
2600000 00003fe8 0001000a 01003fe8 000afe4c
2600020 00000004 00000000 63e50c72 00000089
2600040 00000001 00001004 00003fe8 00000000
2600060 00001004 0001000a 00010000 03b1603d
2600100 00000ffc 0001000a 1400003c add01f00
2600120 add01f01 add01f02 add01f03 add01f04
2600140 add01f05 add01f06 add01f07 add01f08
2600160 add01f09 add01f0a add01f0b add01f0c
2600200 add01f0d add01f0e add01f0f add01f10
2600220 add01f11 add01f12 add01f13 add01f14
2600240 add01f15 add01f16 add01f17 add01f18
2600260 add01f19 add01f1a add01f1b add01f1c
2600300 add01f1d add01f1e ff000134 00000020
2600320 00000002 c3066055 00000001 deadbeef
2600340 f0000002 c3066041 010a92fa 00000000
2600360 00000134 00001f48 a01004ba 2220210c
2600400 2218221a 221b2214 221d2217 22172216
2600420 22162214 22112215 221f2214 221b2217
2600440 220f2213 22142214 220c220f 22162214
2600460 220f2210 2216220e 22092214 220f2208
2600500 220b220f 220f220e 220e2214 22092210
2600520 220c220f 22072207 2209220c 22092212
2600540 2208220b 2208220e 220c220b 22032208
2600560 22022203 22002202 21fd21fe 21ff21fb
2600600 21fd21ff 22012202 21f821fa 220221fa
2600620 21fa21fa 21f621f8 21f421f6 21fb21fa
2600640 21f821fe 21f621fe 21f121f9 21ef21f6
2600660 21f421f3 21f321f3 21f521ef 21f221f2
2600700 21fa21ee 21f621fb 21f821f3 21f621f2
2600720 21f021f2 21f121ee 21f221f5 21f321e8
2600740 21f621fe 21f221f1 21e921f0 21ee21eb
2600760 21ef21f3 21f821f5 21f121f0 21eb21ef
2601000 21ec21ed 21f221ea 21ee21eb 21eb21e5
2601020 21df21df 21e021e2 21e521e0 21e521e4
2601040 21ed21e6 21e621ee 20e821ba 1f1e1ff1
2601060 1e161e8a 1da91dd8 1d811d8c 1d7e1d79
2601100 1d811d7a 1d741d79 1d731d75 1d6a1d6d
2601120 1d691d6a 1d6a1d6b 1d641d61 1d691d6a
2601140 1d611d66 1d671d66 1d671d68 1d631d63
2601160 1d641d5e 1d5f1d69 1d5f1d65 1d651d5b
2601200 1d5a1d5e 1d5e1d5f 1d5e1d62 1d691d62
2601220 1d661d63 1d641d61 1d641d64 1d5f1d60
2601240 1d6b1d63 1d691d6a 1d6d1d6a 1d6d1d6b
2601260 1d681d71 1d691d6d 1d631d64 1d6e1d63
2601300 1d711d64 1d761d74 1d751d75 1d741d72
2601320 1d6f1d74 1d671d74 1d711d71 1d721d75
2601340 1d721d79 1d6f1d71 1d701d6c 1d7a1d79
2601360 1d761d7b 1d791d74 1d7e1d81 1d731d7d
2601400 1d711d74 1d751d73 1d7c1d76 1d811d7c
2601420 1d831d82 1d7b1d7d 1d811d81 1d881d84
2601440 1d721d78 1d871d80 1d791d79 1d811d83
2601460 1d881d84 1d8a1d81 1d851d8d 1d871d86
2601500 1d8c1d8e 1d8e1d8c 1d901d8c 1d961d98
2601520 1d951d91 1d941d99 1d8c1d8e 1d8f1d8c
2601540 1d8b1d88 1d911d91 1d931d8e 1d901d8f
2601560 1d981d96 1d931d9f 1d981d97 1d961d98
2601600 1d9f1d99 1d9f1d9a 1d9a1d9d 1d901d99
2601620 1d911d9b 1da21d9c 1daa1d9f 1da11da5
2601640 1da01da1 1da51d9d 1da21da5 1daa1da1
2601660 1daa1dac 1da61da6 1da71da8 1da81daa
2601700 1dad1dac 1db81db2 1dae1db0 1db81db1
2601720 1dab1db1 1daf1dab 1da91da7 1db31dab
2601740 1db41db1 1db41dae 1db51db1 1db81db1
2601760 1dba1db5 1dc51dc5 1dc01dc3 1dc51dc8
2602000 1db71dbe 1dba1dbe 1dbf1dc4 1dbf1dc0
2602020 1dc51dc6 1dc71dc4 1dcc1dcf 1dd31dd6
2602040 1dcb1dcf 1dc51dc1 1dcb1dc7 1dce1dc8
2602060 1dcf1dd2 1dc81dd6 1dcf1dc7 1dcb1dce
2602100 1dd11dca 1dd11dd4 1dd11dd4 1dd21dd7
2602120 1dd61dd0 1dd51dd5 1dd71dd8 1dd21dd7
2602140 1dda1dd8 1dd61dd9 1dc91dd9 1ddf1dd2
2602160 1dd11ddd 1de11ddd 1de11de0 1de71de4
2602200 1de41de7 1df01de1 1de91de3 1de81de7
2602220 1ded1de7 1de21de7 1de61de2 1df31de9
2602240 1df31df2 1dfb1df4 1df91dfc 1df51df7
2602260 1df71df2 1dee1dee 1df41df4 1dfb1dfa
2602300 1df91dfc 1df51dfc 1df71dfa 1dfd1dfd
2602320 1e001dfd 1e001e02 1dfe1df8 1e001e01
2602340 1dff1e03 1e0a1e03 1e0b1e04 1e051e05
2602360 1e0b1e08 1e061e08 1e0e1e0d 1e0d1e07
2602400 1e131e0a 1e181e17 1e111e10 1e1c1e0d
2602420 1e151e20 1e131e12 1e191e18 1e131e10
2602440 1e1f1e13 1e181e17 1e1c1e15 1e1c1e1b
2602460 1e161e18 1e171e18 1e141e19 1e1d1e13
2602500 1e191e11 1e1f1e18 1e171e24 1e241e1f
2602520 1e1f1e1a 1e271e1c 1e1f1e26 1e201e24
2602540 1e221e23 1e201e20 1e211e31 1e261e21
2602560 1e171e1d 1e241e1b 1e2b1e26 1e2d1e2e
2602600 1e2c1e23 1e281e2c 1e2f1e26 1e2c1e2c
2602620 1e241e24 1e2e1e28 1e2b1e2a 1e2f1e29
2602640 1e2a1e2b 1e331e2e 1e321e35 1e301e3c
2602660 1e2f1e35 1e351e29 1e311e37 1e291e29
2602700 1e2c1e34 1e291e2d 1e361e2e 1e2f1e36
2602720 1e3d1e30 1e361e37 1e3c1e3a 1e371e38
2602740 1e3a1e30 1e361e38 1e331e39 1e351e34
2602760 1e351e2b 1e331e2e 1e301e2f 1e321e35
2603000 1e331e37 1e361e2f 1e351e34 1e361e33
2603020 1e3d1e3e 1e371e39 1e331e37 1e361e37
2603040 1e331e3a 1e2f1e34 1e371e34 1e3d1e35
2603060 1e371e38 1e3e1e3b 1e391e3d 1e3f1e3a
2603100 1e411e38 1e351e39 1e371e3a 1e3e1e3e
2603120 1e411e3d 1e451e40 1e351e45 1e361e38
2603140 1e401e3c 1e3b1e38 1e3c1e3a 1e3a1e41
2603160 1e421e3a 1e411e43 1e391e3c 1e451e44
2603200 1e3c1e42 1e471e40 1e431e45 1e421e45
2603220 1e421e41 1e421e3e 1e401e44 1e431e47
2603240 1e401e45 1e3c1e3c 1e401e35 1e411e3e
2603260 1e421e4e 1e451e45 1e481e42 1e491e48
2603300 1e481e49 1e4d1e4c 1e4a1e4b 1e531e4f
2603320 1e501e57 1e4a1e49 1e521e4c 1e4c1e4d
2603340 1e4b1e52 1e481e47 1e511e4a 1e5b1e52
2603360 1e531e56 1e511e56 1e461e46 1e461e41
2603400 1e531e57 1e4b1e4b 1e541e53 1e521e54
2603420 1e4e1e52 1e511e58 1e531e57 1e561e4f
2603440 1e5a1e4f 1e5e1e5f 1e5a1e59 1e4f1e58
2603460 1e5a1e51 1e551e59 1e4e1e50 1e551e57
2603500 1e601e5b 1e621e5e 1e641e60 1e6e1e6a
2603520 1e681e66 1e661e60 1e611e5b 1e621e5f
2603540 1e601e5d 1e571e60 1e641e61 1e681e64
2603560 1e621e65 1e5e1e61 1e631e61 1e6b1e61
2603600 1e701e62 1e6a1e6f 1e641e6b 1e6d1e6b
2603620 1e6c1e67 1e6e1e69 1e701e6d 1e6c1e6e
2603640 1e6b1e72 1e681e65 1e6e1e6b 1e6a1e6c
2603660 1e6f1e78 1e651e6b 1e6b1e6b 1e6b1e67
2603700 1e691e73 1e701e72 1e791e79 1e801e81
2603720 1e7c1e7c 1e711e7a 1e751e75 1e7b1e77
2603740 1e7d1e7c 1e791e79 1e7e1e78 1e821e8b
2603760 1e7e1e7f 1e891e8a 1e831e88 1e7e1e8a
2604000 1e7c1e82 1e7f1e83 1e851e80 1e861e86
2604020 1e851e8c 1e841e83 1e791e81 1e821e7f
2604040 1e8a1e84 1e891e82 1e801e81 1e861e86
2604060 1e8a1e84 1e8e1e87 1e8e1e85 1e8b1e8b
2604100 1e8b1e8b 1e8c1e82 1e8a1e91 1e8f1e86
2604120 1e8a1e94 1e8f1e8a 1e911e8f 1e8d1e88
2604140 1e8d1e8d 1e881e8e 1e941e85 1e8a1e8d
2604160 1e8b1e8b 1e8f1e8e 1e931e96 1e911e93
2604200 1e911e91 1e8c1e88 1e921e94 1e8f1e92
2604220 1e9b1e93 1e991e98 1e9b1e9a 1ea41e9f
2604240 1ea01e9f 1e9c1e9a 1e991e9f 1ea31e9a
2604260 1e941ea0 1e981e9b 1e9c1ea1 1e9d1e9b
2604300 1e9d1ea1 1e9c1ea3 1e921e98 1e9a1e98
2604320 1e9c1e9d 1e9e1e9f 1e9e1ea0 1e9e1ea0
2604340 1ea31ea1 1e9c1ea0 1ea31e9e 1ea71ea2
2604360 1ea21ead 1ea61ea1 1eb21eb0 1ea71eac
2604400 1ea81eaa 1ea71ea7 1eaf1eb6 1ead1eb4
2604420 1eaa1eac 1eaa1ea9 1eae1ead 1eae1eb1
2604440 1eaf1eb5 1eb31ead 1eb61eb2 1eb71eb0
2604460 1eb81eb8 1ebe1ec0 1eb21eb6 1eb71eb8
2604500 1eaf1eb2 1eb81eb6 1eb91eba 1eb81eb4
2604520 1eb51eb5 1ec51eb7 1ec31ec1 1ec21ec4
2604540 1ec01ec2 1ec01ebc 1ebb1ec5 1ec51ec5
2604560 1ec91ebe 1eca1ec1 1ec61ec6 1ec41eca
2604600 1ec41ec4 1ec21eca 1eca1ec4 1ec51ecc
2604620 1ec31ed7 1ec71ec0 1ecb1ecc 1ecb1ec4
2604640 1ed21ecd 1ec91ed1 1ec71ec9 1ecb1ec7
2604660 1ecd1ec5 1ecf1eca 1ecd1ecc 1ed51ecf
2604700 1ed61ed2 1ecf1ecc 1ece1ed3 1ed11ece
2604720 1ecf1eca 1ece1ecd 1ed41ecf 1ed51ed5
2604740 1ed61ed0 1eda1ed6 1ed51ed7 1ed31ed5
2604760 1ed81ed6 1ed61ed4 1ed61ed7 1ed81ed7
2605000 1edd1eda 1ee01ed4 1ee01ee4 1ee61ee3
2605020 1ee01edb 1edf1ee0 1ed81ed8 1ede1ed9
2605040 1ee01edf 1ee11ee1 1ee81ee2 1ed91ee4
2605060 1ed61ed8 1ede1ee0 1edd1edd 1ee21ed5
2605100 1ee21ed8 1ee01ee8 1ee31eea 1ee11ee5
2605120 1ee71ee6 1ee41eea 1ee11ee2 1ede1eda
2605140 1edc1ee5 1ee51ee1 1ee81ee7 1ee31ee4
2605160 1edd1ee7 1ee41edb 1ee61ee8 1ee61ef0
2605200 1ee81ee4 1ee81eed 1eec1eeb 1eeb1eef
2605220 1eec1eef 1eed1eeb 1ee91eeb 1ef21eec
2605240 1ee71ef0 1eeb1ee9 1ef01eea 1ef31ef6
2605260 1ef11ef2 1eee1eeb 1ee91ee6 1ee91eea
2605300 1eee1eed 1eed1ef2 1ef61eec 1ef51ef5
2605320 1ef01ef1 1eee1ef3 1eed1eed 1ef51ef7
2605340 1ee71eef 1ef51eec 1eeb1ef2 1eec1eef
2605360 1ef91ef5 1eee1eef 1ef51ef4 1ef31ef7
2605400 1ef31ef8 1ef81ef3 1efe1efa 1efc1efb
2605420 1f001ef8 1efc1efd 1ef31efb 1ef91ef6
2605440 1efd1ef5 1f011efa 1f041efe 1eff1f01
2605460 1f031f00 1efe1f00 1f071efa 1f061f09
2605500 1f071f04 1efc1f00 1ef91efc 1f021efe
2605520 1f001efa 1f061f07 1f0d1f08 1f011f0d
2605540 1f071f07 1f081f05 1f0b1f07 1f0d1f10
2605560 1f041f0b 1f061f03 1f0b1f0a 1f091f0f
2605600 1f071f09 1f0e1f0e 1f051f02 1f0a1f08
2605620 1f0f1f0b 1f0a1f0a 1f121f16 1f1a1f17
2605640 1f141f1a 1f0d1f0e 1f101f0c 1f141f11
2605660 1f131f17 1f0f1f13 1f191f10 1f131f15
2605700 1f181f0f 1f161f15 1f151f18 1f1f1f1a
2605720 1f1b1f1a 1f1e1f20 1f1e1f1b 1f161f18
2605740 1f1b1f16 1f1c1f1b 1f1e1f1b 1f131f14
2605760 1f261f15 1f211f20 1f211f26 1f221f1f
2606000 1f201f23 1f251f1e 1f2b1f2c 1f291f29
2606020 1f281f32 1f231f27 1f281f27 1f2d1f28
2606040 1f321f2b 1f241f2c 1f311f26 1f291f30
2606060 1f2a1f27 1f2b1f2a 1f291f2d 1f281f2b
2606100 1f301f29 1f341f2f 1f351f32 1f381f35
2606120 1f381f40 1f3a1f38 1f3c1f35 1f311f39
2606140 1f351f34 1f371f36 1f391f39 1f3a1f38
2606160 1f301f32 1f2e1f2e 1f3c1f39 1f3f1f3a
2606200 1f451f3d 1f3f1f3f 1f3c1f3a 1f3d1f38
2606220 1f3d1f3a 1f401f39 1f3c1f37 1f351f3d
2606240 1f381f3e 1f3a1f3c 1f3d1f3e 1f411f49
2606260 1f411f47 1f4c1f43 1f451f4b 1f4a1f48
2606300 1f3b1f44 1f421f44 1f461f48 1f4b1f47
2606320 1f551f4f 1f511f4a 1f471f49 1f4b1f41
2606340 1f481f4b 1f451f4a 1f471f48 1f4d1f49
2606360 1f4d1f4e 1f4b1f48 1f4c1f4a 1f461f4d
2606400 1f471f44 1f451f47 1f471f40 1f511f48
2606420 1f481f46 1f521f47 1f4b1f50 1f521f46
2606440 1f4a1f46 1f461f4a 1f4c1f4b 1f551f52
2606460 1f531f53 1f541f51 1f571f59 1f5d1f57
2606500 1f511f52 1f511f53 1f581f53 1f511f56
2606520 1f4a1f4f 1f4f1f50 1f511f4e 1f5e1f51
2606540 1f501f51 1f541f56 1f591f56 1f621f50
2606560 1f691f66 1f531f5e 1f511f57 1f551f55
2606600 1f5b1f58 1f5c1f5d 1f5a1f53 1f551f61
2606620 1f5d1f5f 1f5c1f5b 1f5a1f5a 1f5e1f5e
2606640 1f531f5d 1f601f59 1f611f5c 1f5f1f5f
2606660 1f551f5a 1f591f5c 1f661f60 1f601f5e
2606700 1f6c1f65 1f6a1f69 1f641f67 1f5f1f5e
2606720 1f5e1f5e 1f651f63 1f5e1f60 1f601f5c
2606740 1f601f59 1f561f5c 1f631f63 1f651f60
2606760 1f681f65 1f681f67 1f6b1f68 1f6d1f67
2607000 1f691f6c 1f681f68 1f701f74 1f6f1f72
2607020 1f6b1f6f 1f711f64 1f731f71 1f681f6d
2607040 1f681f6b 1f6a1f6e 1f6a1f67 1f671f6b
2607060 1f701f6f 1f691f67 1f6a1f6c 1f611f65
2607100 1f601f64 1f621f64 1f691f6b 1f6e1f69
2607120 1f6a1f67 1f701f6d 1f721f79 1f791f75
2607140 1f781f78 1f771f72 1f711f74 1f761f72
2607160 1f701f6f 1f731f69 1f711f71 1f7d1f73
2607200 1f7b1f7b 1f751f79 1f7b1f79 1f761f74
2607220 1f751f77 1f711f78 1f781f76 1f721f71
2607240 1f751f74 1f771f76 1f721f75 1f6e1f70
2607260 1f691f69 1f6e1f69 1f7c1f77 1f7b1f7d
2607300 1f7b1f82 1f831f7d 1f791f80 1f781f78
2607320 1f841f78 1f7c1f7f 1f8a1f7c 1f811f77
2607340 1f7b1f7c 1f7c1f7f 1f821f83 1f7d1f86
2607360 1f7b1f7d 1f7e1f76 1f7b1f84 1f801f75
2607400 1f851f7e 1f811f86 1f7c1f7d 1f801f7b
2607420 1f861f81 1f7f1f86 1f7d1f81 1f7e1f82
2607440 1f7b1f7d 1f761f7f 1f821f75 1f7d1f7a
2607460 1f851f87 1f7e1f80 1f851f80 1f8a1f8a
2607500 1f8d1f8b 1f831f8d 1f811f89 1f881f84
2607520 1f8b1f83 1f931f86 1f8f1f8d 1f881f8e
2607540 1f8d1f89 1f901f8e 1f9b1f99 1f961f97
2607560 1f921f93 1f8e1f93 1f8b1f8c 1f861f8d
2607600 1f891f82 1f861f8a 1f8a1f87 1f8b1f88
2607620 1f8e1f85 1f891f85 1f911f8e 1f8e1f91
2607640 1f891f89 1f8a1f8c 1f881f8b 1f911f8c
2607660 1f921f95 1f971f8a 1f8f1f99 1f921f8c
2607700 1f9c1f96 1f9a1f9d 1fa41f9f 1fa01f9c
2607720 1f9e1f9f 1f971f9a 1f971f92 1f941f8e
2607740 1f9a1f93 1f9e1f99 1f9e1fa1 1fa21fa7
2607760 1fa21fa4 1f9e1f9e 1f981f9b 1f9f1fa5
2610000 1fa61fa6 1fa31fa0 1fa31fa6 1fa21f9a
2610020 1fa31fa2 1fa31fa8 1fa31fa2 1fac1fa8
2610040 1fae1faf 1fa71fad 1fa81fa9 1fa71fa3
2610060 1fa31fac 1fa81fae 1fb11fae 1fb31faf
2610100 1fb41fa8 1faa1fa8 1fad1fa8 1fb21fae
2610120 1fbe1fb4 1fb31fb3 1fb21fb3 1fba1fb6
2610140 1fb71fb2 1fb51fb3 1fb61fad 1fb31fb8
2610160 1fb61fbd 1fc91fc1 1fbf1fbf 1fc01fc1
2610200 1fba1fc2 1fbb1fc2 1fb81fbd 1fbc1fbc
2610220 1fbc1fb9 1fba1fbe 1fc41fc3 1fc21fc2
2610240 1fbe1fc3 1fc31fb9 1fce1fcc 1fca1fcb
2610260 1fd41fce 1fce1fc9 1fcf1fd4 1fcf1fd6
2610300 1fd31fcf 1fc91fcc 1fd21fcd 1fda1fc8
2610320 1fce1fd7 1fd21fcf 1fd61fd7 1fd61fd4
2610340 1fd51fd5 1fd41fda 1fd01fd2 1fd41fd2
2610360 1fd41fcf 1fd91fd5 1fe01fdd 1fe31fe4
2610400 1fe31fe6 1fe41fe2 1fe31fd9 1fe31fe3
2610420 1fe21fe6 1fe61feb 1fdf1fe2 1fde1fdb
2610440 1fdd1fdc 1fe61fe6 1fe11fe0 1fe01fe5
2610460 1fe71fe6 1fe51feb 1fea1fed 1ff01fef
2610500 1fe01fe9 1feb1feb 1fed1fe6 1fda1fdd
2610520 1fe61fe2 1fdd1fdd 1fe71fe7 1fe81fe8
2610540 1ff31feb 1fed1fef 1fe71fef 1feb1fe9
2610560 1fed1feb 1fe81fe4 1fe71feb 1fe71fe5
2610600 1fec1fea 1fe81fe9 1fe61fe3 1fee1fec
2610620 1fef1fe8 1fe71fec 1fe81fe9 1fec1feb
2610640 1ff11ff4 1ff11ff4 1ff01ff0 1feb1fec
2610660 1fec1fee 1fef1ff0 1feb1ff1 1fed1fe8
2610700 1fe71fe7 1fee1fea 1fec1fef 1fef1fec
2610720 1fe81fef 1ff11ff3 1ff81ffb 1ff11ff7
2610740 1ff41ff3 1ff41ff0 1ff91ff3 1ff51ff4
2610760 1ff01ff2 1fee1fea 1fe91fea 1feb1fec
2611000 1ff71ff1 1ff01ff7 1ff21ff4 1ff91ff5
2611020 1ff91ff8 1ff41ff5 1ff51ffb 1ffd1ff5
2611040 20001ffe 1ff11ff5 1fed1ff1 1ff91ff1
2611060 1ff71ff6 1ffb1ff3 1ff61ff8 1ffc1ffe
2611100 20001ff9 1ffa2001 1ff71ff9 1ff41fed
2611120 1ff71ff7 1ff41ff9 1ffd1ff8 1ffc1ffc
2611140 1ff51ff9 1ff31ff8 1ff61ffa 1fec1ff0
2611160 1ff71ff3 1ffd1ff9 20032001 1ffc1ffd
2611200 1ffc1ffd 20001ffa 20001ff9 1ffd2000
2611220 1fff1ff2 1ffd1ff3 1fff2002 1ff21ff8
2611240 1ff41ffb 1ff81ff7 1ff41fee 1ff31ff7
2611260 1ff71ff0 1fff1ffa 1ffa1ffa 1ff81ffa
2611300 1ffe2003 1ffe1ff8 1ff01ffb 1ff91ff8
2611320 1ffc1ff7 20031ffb 1ffa2002 1ff71ff7
2611340 1ffb1fff 1ffe1ffa 20001ff7 1ffd1ffb
2611360 1ffb1ff7 1ffd2001 1ffe2003 20002003
2611400 20002002 1ffa1ffc 1fee1ff0 1ff41ff9
2611420 1ff81ff6 1ff21ff8 1ff71ff8 1ffb1ff7
2611440 1ff31ff9 1ffd1ff3 20011fff 1ffc2001
2611460 20021ffb 20001ff9 1ff81ff9 20031ffb
2611500 1ff62002 1ffd1ffa 1ff61ffd 1ff71ffa
2611520 20011ff9 1ffe2003 1fff2000 1ffc1ffc
2611540 1ffc1ffe 1ffe1ff8 1ffe1ffe 20002003
2611560 1ffa1ff8 20051ff6 1ffa1ffa 1ffb1ffe
2611600 1ff61ffe 1fee1ffb 1ff11ff0 1ff71ff3
2611620 1ff91ff7 1ffb2001 1ff21fef 1ff71ff4
2611640 1ff51ff5 1ff51ffa 1ff71ff6 1ff31ff8
2611660 1ffa1ff1 1ff31fef 1fee1ff0 1ff31ff1
2611700 1ff81fef 1ff81ffc 1fff1ffc 1ffa1ff7
2611720 1ff61ff8 1ffe1ffa 1ff31ff8 1ff81fed
2611740 1ff01ff9 1ff71ff5 1ff11ffb 1ff61ff5
2611760 20032000 20012002 20012006 1ffb2000
2612000 20072003 20021ffe 200c2003 20072007
2612020 2003200c 20082005 200a200b 20032006
2612040 20072005 20042005 20061fff 20012006
2612060 1ffc1ffc 20022000 1ffd2004 200a1fff
2612100 20072006 200a2005 2003200c 2004200c
2612120 20042002 1ffe2006 20012002 20052003
2612140 20052002 200a200a 20172011 20152013
2612160 20142015 200e2012 200d2006 20162013
2612200 200c2012 20162018 200d201b 201c200c
2612220 201b2019 201a201e 201e201e 201c201b
2612240 2022201d 201e2023 20192021 20202021
2612260 202a2022 20202026 2022202e 20202023
2612300 20272022 20262020 20292025 20292029
2612320 20262025 201d2020 201e201f 2026201f
2612340 20282025 2025202f 2031202c 2035202e
2612360 20352036 20392035 203a2038 202d2036
2612400 203b202c 20362035 203a2038 20402043
2612420 20382043 203c203d 2039203c 203c203a
2612440 2040203a 20482045 20412049 2046203c
2612460 2046204d 20412043 20482042 2039203a
2612500 20382037 203c2035 2040203f 204a2042
2612520 204c2049 204a204f 2048204b 20462045
2612540 204e2045 204d2044 2051204a 20562054
2612560 20552051 20562060 20512052 20552051
2612600 205d204f 205f205b 205e205b 2054205d
2612620 20542051 20602059 2055205d 20582060
2612640 205c2059 20582054 205f2059 205b205c
2612660 205e205d 2063205f 2065205a 20662060
2612700 20642066 20622067 20692067 20712065
2612720 2065206d 206b206b 206b206d 2071206d
2612740 206b206c 2072206b 206a206e 206e2071
2612760 20722071 20712066 206f206e 206f2070
2613000 20712069 2071206f 206f206e 2073206f
2613020 206d2073 20752074 207a2078 2079207a
2613040 207e2072 2072207b 2079207c 20752078
2613060 207a2078 20752079 2075207b 2079207c
2613100 207b2080 2080207e 207f207b 207a207c
2613120 20762077 20752072 207a207b 207b207a
2613140 207b207e 2075207a 2074206e 207d2077
2613160 20732080 207f2077 207b207f 20842079
2613200 20872088 20832083 207f207f 207f2080
2613220 20802080 2075207b 207b2078 20762076
2613240 207e207a 207d207a 207b2079 2082207f
2613260 207e2089 20802083 2081207f 207a207f
2613300 207f207f 207d207d 207f207b 207a2083
2613320 20812077 2086207c 2081207c 20792083
2613340 207c2081 2084207a 207f2081 20792080
2613360 20842084 20802080 2085207b 20842084
2613400 20802085 20842087 20852084 20822085
2613420 20802081 207c2074 20812080 20822087
2613440 207a207f 20862079 207c207e 207e2075
2613460 207e207c 2082207e 2077207c 207a207d
2613500 20822080 2082207f 2080207e 2074207b
2613520 207f207d 207a2077 207a207c 207d207a
2613540 2081207b 207e207c 2080207d 2087208b
2613560 20832081 20822080 207d207f 207e207e
2613600 2079207e 207f207b 207b2073 20772078
2613620 20762078 2072206e 20762072 207f2082
2613640 20852081 207b207f 207d2080 20802080
2613660 207a207d 2075207f 2070207d 20742070
2613700 20782076 2073206f 20752073 20732076
2613720 20782072 2070206f 20762073 2071206f
2613740 2079206d 206e2072 206f2073 20702071
2613760 2073207c 20752075 20712072 20742072
2614000 20732071 20712072 206d2075 2071206d
2614020 2068206e 20672066 206e206d 2068206c
2614040 20602066 20632068 20662066 20632062
2614060 206b2063 20662065 2069206c 2070206e
2614100 206c2074 206b2072 206b2066 20652067
2614120 2071206e 2069206f 206a206e 2066206c
2614140 2069206f 206e2061 2064206a 206d206a
2614160 20692065 206f206c 206c2070 2066206f
2614200 2072206d 206d206f 20642060 20692062
2614220 206d2066 206b206d 206b2071 206e206d
2614240 206b2069 20662061 206d2068 20652068
2614260 20692069 2070206d 2070206a 206a206d
2614300 206e206b 20702068 205f2067 2061205c
2614320 206b2063 206e2066 2069206b 2071206c
2614340 2073206e 2069206a 2075206d 206c206c
2614360 206c206c 20712073 206c2071 206a206a
2614400 20662063 2064205e 20792074 20752074
2614420 207a207c 20772077 20752079 207a2078
2614440 207a207a 20762076 207a2078 2075207d
2614460 20752078 207f207f 2072207b 207c207f
2614500 207e207c 207d2081 207b207a 207f207a
2614520 2085207e 20812080 20792082 2086207d
2614540 20862081 20862080 20862081 207c2083
2614560 2085207f 20892085 208c2082 208a2088
2614600 208d2088 208c2089 20922090 20922093
2614620 2092208f 208e2092 20962099 2093208b
2614640 208c208e 208e2090 20972092 2095208d
2614660 20992097 20972092 20982098 2096209c
2614700 20942093 20992094 209c2097 20a0209e
2614720 2098209f 209d209e 209d20a4 20a720a8
2614740 20a520aa 20a620a7 20a520ab 20a120a6
2614760 20a420a7 20b120b1 20ab20ac 20ad20b0
2615000 20a920b0 20b320af 20b220b1 20b720b6
2615020 20b420bd 20b320b2 20b620b2 20b020b5
2615040 20b420b6 20b520b9 20bb20b3 20b020ac
2615060 20b520b3 20af20b4 20ba20be 20b720b8
2615100 20bd20b8 20c120c0 20b920bb 20b820bb
2615120 20cf20c9 20cc20c1 20d420ce 20cf20cc
2615140 20cc20c8 20d020c9 20c620c7 20c920c8
2615160 20cd20ce 20c820d3 20c920c5 20ce20c5
2615200 20cd20cf 20cf20ce 20ce20d2 20d220d3
2615220 20da20d2 20d620da 20d920db 20dd20e2
2615240 20d820dd 20d320de 20d620d9 20d220d0
2615260 20d220d8 20d020d1 20cf20d3 20ce20cc
2615300 20d220db 20db20dc 20d820db 20d920d0
2615320 20d320d5 20d720d7 20d620d8 20db20dc
2615340 20d620d8 20dd20d5 20e420d8 20e620e4
2615360 20e220e0 20dc20dc 20ea20e9 20e420e2
2615400 20ec20ec 20ec20de 20e820ed 20e720e6
2615420 20e420e6 20e820e4 20e520e6 20e420de
2615440 20dd20e2 20de20e0 20de20df 20da20df
2615460 20e520df 20e420eb 20e820e1 20e720e3
2615500 20ed20e4 20f320ef 20ed20ed 20e920e6
2615520 20f020e8 20f220ef 20f120ef 20f320f4
2615540 20ed20f7 20f220ef 20f620f3 20ec20f2
2615560 20ef20ee 20ed20ed 20f620f1 20fe20f9
2615600 210220fa 20fc2109 20f220fb 20f420f6
2615620 20f720f2 20f820fe 210520f5 20fc20fe
2615640 210020f6 20f620ff 20f820f1 20f520f9
2615660 20f320f1 20fd20f7 20ef20f1 20f420f6
2615700 20f420f2 20fb20f5 210020fe 20f420fd
2615720 20f420f2 20ef20ee 20ea20ef 20ec20f2
2615740 20f220f0 20fc20f6 20f020f5 20f020f3
2615760 20f020f3 20f520f6 20f420f6 20ee20f2
2616000 20ef20ed 20f520f2 20f120ec 20f020ed
2616020 20f720fc 20f920f8 20f820fc 20f420f7
2616040 20ed20ea 20f420f7 20fa20f8 20f420f9
2616060 20f020f0 20f720f1 20f120f8 20f120f8
2616100 20f420eb 20f020f8 20f520eb 20f920f9
2616120 20f720f9 20f620f2 20ed20ec 20ec20ea
2616140 20ea20eb 20ec20ec 20eb20eb 20e920e7
2616160 20ef20ed 20ee20f3 20ec20f2 20f120f0
2616200 20f620f2 20ee20e9 20e620e8 20ec20ea
2616220 20ed20ee 20e720e2 20ee20e8 20ea20e0
2616240 20df20de 20e220e1 20df20e1 20e220de
2616260 20e120e5 20e020e4 20e420e6 20e120e3
2616300 20e620e5 20e720e8 20dd20e7 20e220e5
2616320 20e320de 20de20df 20dd20e3 20dd20de
2616340 20d720d5 20e020de 20d320d9 20d820da
2616360 20cd20d4 20d520db 20dc20d7 20d920db
2616400 20e220e4 20e520e2 20df20e1 20df20df
2616420 20e020da 20d420da 20d520d8 20d420d6
2616440 20d620dd 20da20d3 20de20d2 20d720d9
2616460 20da20dd 20e120e0 20de20dd 20e820e5
2616500 20e320e3 20de20de 20e020d8 20de20db
2616520 20d820d9 20d120ce 20db20de 20d520d6
2616540 20db20d9 20d320d5 20d320d4 20dd20d9
2616560 20e520da 20e020e0 20d920e0 20dd20db
2616600 20e220dd 20e920e4 20e020e3 20e520e3
2616620 20e420e1 20e320e4 20e120e6 20dd20dc
2616640 20d920da 20d620dc 20db20e1 20dd20de
2616660 20e420e2 20db20df 20e120de 20da20d8
2616700 20e020d6 20dd20e3 20dd20e5 20e820e2
2616720 20e320e6 20dc20e4 20dc20d8 20e420d4
2616740 20df20e2 20e320e6 20e720e2 20e520eb
2616760 20e420ea 20e320e6 20ed20e7 20ee20eb
2617000 20e820e9 20ec20f0 20eb20e9 20ea20e9
2617020 20f120e9 20f020ef 20ed20f3 20ec20e9
2617040 20ea20f4 20e020ea 20e820e5 20f720ea
2617060 20ed20f4 20f120f5 20ec20ea 20f120ef
2617100 20ee20ea 20f520f0 20f820f7 20f420f0
2617120 20ec20f9 20ef20ec 20f620f2 20f720fb
2617140 20fe20f4 210220fc 20f920f9 20f220f2
2617160 20f920fe 20f720fa 20ff20f9 20fb20f9
2617200 20fe2101 20ff2105 21022100 21052102
2617220 20fd2103 20ff2101 21022100 210720fb
2617240 210b2105 21022102 21092106 21142110
2617260 2111210e 21112112 2107210d 2105210a
2617300 21052104 21062106 210b2105 210b210a
2617320 210d210a 2111210d 210a210e 210c2109
2617340 210b210f 210e210d 210e2110 210c2111
2617360 210d2114 210c210e 21122114 21182113
2617400 21142114 211d2118 21192115 21112113
2617420 21172119 21132111 211d211d 21162119
2617440 21142111 21132110 21122112 2126211e
2617460 2129212d 211d2126 21252129 211a211e
2617500 211c211b 21202120 21252126 21252125
2617520 211d2117 21292123 21232120 212b2124
2617540 21212125 211d211e 211f211b 21152119
2617560 2125211c 212a211e 21172116 2128211f
2617600 211e211b 21222124 21242121 21222126
2617620 21282122 2124212a 2128212c 212a2128
2617640 21262128 212a2128 212d2132 212c2134
2617660 212d2136 212d2131 2132212b 212e2134
2617700 212e212d 212e212b 212a2125 213b2137
2617720 21332133 212f2136 212d212c 2133212b
2617740 21352133 21312135 21342134 2137212f
2617760 21322132 21422134 21412139 2136213b
2620000 21342137 21342134 213a2132 212f2131
2620020 21382131 213b213c 2138213d 213a213a
2620040 21362131 2134213b 213a2137 21372137
2620060 2140213b 213d2140 21392148 b01004ba
2620100 00001004 0001000a 00010000 03b1603e
2620120 00000ffc 0001000a 1400003c add01f00
2620140 add01f01 add01f02 add01f03 add01f04
2620160 add01f05 add01f06 add01f07 add01f08
2620200 add01f09 add01f0a add01f0b add01f0c
2620220 add01f0d add01f0e add01f0f add01f10
2620240 add01f11 add01f12 add01f13 add01f14
2620260 add01f15 add01f16 add01f17 add01f18
2620300 add01f19 add01f1a add01f1b add01f1c
2620320 add01f1d add01f1e ff000134 00000020
2620340 00000002 c30d7425 00000001 deadbeef
2620360 f0000002 c30d7411 300b4aa3 00000000
2620400 00000134 00001f48 a01104bb 2210213d
2620420 220f220c 22092208 2208220d 220d2207
2620440 2207220c 220c220a 22102210 220a220c
2620460 2210220a 220f220a 22062210 22092205
2620500 220b2209 2211220f 2218220d 22142213
2620520 220d220e 220a220b 22032202 220b220c
2620540 22152213 220d221b 22132212 2206220f
2620560 220f220d 22092209 220d2210 220c220d
2620600 22082209 2207220b 22062208 22042203
2620620 22022200 220121fc 22072207 22002203
2620640 21ff21fd 2203220b 22002201 220021f9
2620660 220221ff 21ff2205 21f42200 21ee21f8
2620700 21f121f2 21f921f9 21f521f8 21fb21ff
2620720 21fe21fb 21f721f9 21f021ed 21f221f7
2620740 21f621f6 21f421ff 21fa21f5 21ee21f5
2620760 21e921f1 21ef21f0 21f121f3 21f321e8
2621000 21eb21f4 21ef21f9 21f521ed 21f121f7
2621020 21ee21f1 21f921f2 21f421f7 21fc21f7
2621040 21fc2202 21f921f7 21f721f6 21f321f4
2621060 21f221f8 21f021ee 219d21ea 1faa20ad
2621100 1e3d1ed8 1d8f1dd4 1d511d6f 1d451d42
2621120 1d341d3e 1d2d1d33 1d281d2b 1d2c1d29
2621140 1d2d1d29 1d281d25 1d221d24 1d291d27
2621160 1d231d25 1d2a1d2c 1d231d27 1d1e1d1f
2621200 1d221d27 1d201d23 1d221d21 1d271d24
2621220 1d261d28 1d2b1d2b 1d321d28 1d2b1d29
2621240 1d291d26 1d1f1d21 1d2b1d21 1d1f1d28
2621260 1d271d25 1d281d30 1d271d2e 1d351d36
2621300 1d2e1d31 1d321d30 1d2e1d2b 1d281d32
2621320 1d371d31 1d371d3e 1d3d1d38 1d361d39
2621340 1d311d3d 1d361d34 1d421d43 1d471d43
2621360 1d401d3b 1d371d3b 1d3b1d3d 1d3c1d43
2621400 1d391d36 1d3f1d37 1d4b1d46 1d4d1d49
2621420 1d4d1d51 1d501d4e 1d401d47 1d461d43
2621440 1d481d46 1d471d42 1d4c1d4d 1d431d48
2621460 1d4a1d46 1d4a1d47 1d4b1d4a 1d511d4b
2621500 1d521d51 1d541d52 1d5d1d59 1d511d59
2621520 1d5c1d4f 1d531d54 1d501d4a 1d531d56
2621540 1d551d59 1d5c1d5a 1d551d5c 1d5f1d59
2621560 1d611d65 1d6a1d60 1d671d60 1d641d60
2621600 1d711d67 1d651d6f 1d6c1d68 1d641d67
2621620 1d671d6a 1d671d66 1d6a1d68 1d6b1d6c
2621640 1d711d6d 1d761d74 1d751d74 1d741d70
2621660 1d6c1d6a 1d741d68 1d711d73 1d7a1d76
2621700 1d7b1d7f 1d7d1d79 1d791d73 1d711d77
2621720 1d7b1d7b 1d871d80 1d811d83 1d8a1d85
2621740 1d841d85 1d881d88 1d831d8b 1d8e1d85
2621760 1d8f1d88 1d881d8d 1d891d86 1d871d8f
2622000 1d881d84 1d931d96 1d8f1d94 1d9a1d98
2622020 1d9b1d97 1d9b1d97 1d9d1d9c 1d9a1d9b
2622040 1d941d9b 1d9f1da2 1da21da1 1d9f1d9d
2622060 1d9b1d9b 1d971d9d 1d971d9d 1d991d97
2622100 1da61d9e 1d971d9b 1d9e1da2 1d9f1da2
2622120 1d9d1d9f 1d931d9a 1d9d1d9c 1da11d9e
2622140 1dae1da4 1dac1db2 1daf1dae 1da41dab
2622160 1da61da9 1da61dab 1da51da5 1da71dac
2622200 1daa1da4 1da81daa 1daa1dad 1db11dad
2622220 1dad1db0 1dab1dac 1da61da5 1db31dad
2622240 1da61dae 1db31daf 1dab1dae 1dab1da9
2622260 1dad1daf 1db01dac 1daf1db6 1da91da9
2622300 1db31db0 1db11db4 1db41db4 1db41db9
2622320 1db51daf 1db71db3 1db91db4 1db81db4
2622340 1db61db1 1dbe1dba 1db41dbb 1db21dbe
2622360 1db61db3 1dbb1dba 1db61db8 1db61db6
2622400 1dbf1dbb 1db91dc0 1db91dba 1dbd1dba
2622420 1dbc1dbd 1dc01dc0 1db91dbf 1db61db7
2622440 1dc11dbc 1dc51dbf 1dc71dc7 1dcd1dca
2622460 1dcc1dcc 1dc61dcb 1dc01dc4 1dcc1dc2
2622500 1dc81dca 1dd71dcd 1dca1dcf 1dcf1dcb
2622520 1dd81dd8 1dd41dd4 1dda1dd5 1dc91dd5
2622540 1dcd1dd1 1dd21dd5 1dcf1dd3 1dcf1dca
2622560 1dd11dd3 1dd21dd8 1dd71dce 1dd81dd0
2622600 1dd51dd6 1dd31dd7 1dd31dd1 1dcf1dd9
2622620 1dd61dd4 1dde1dd9 1dd61ddc 1dd11dd8
2622640 1dd11dd2 1dda1dd4 1ddc1dd5 1dd21dd3
2622660 1dd61dd6 1ddb1dd8 1dd41dd5 1dd11dd1
2622700 1dd41dd9 1dda1dd5 1de01de1 1de51ddb
2622720 1ddf1de3 1de31ddf 1ddf1dde 1de21de2
2622740 1dd91de7 1ddc1dd3 1ddd1de7 1de81dd8
2622760 1dd91de2 1dda1ddc 1de01de5 1ddf1de0
2623000 1de31de3 1de71de7 1de31de5 1de61ddb
2623020 1de21de4 1ddc1de1 1ddd1de5 1ddf1ddd
2623040 1ddb1dd7 1de01ddf 1ddd1ddd 1dd21de0
2623060 1ddc1dd9 1de41ddc 1de21de2 1de11de8
2623100 1ddd1de8 1de71ddb 1de21ddd 1de71de0
2623120 1de51de5 1de81de8 1de31de5 1ded1de0
2623140 1de81de8 1dea1deb 1deb1df1 1def1de7
2623160 1de91de8 1deb1de9 1de21de5 1de81dea
2623200 1de31dea 1dec1de6 1df21df2 1deb1deb
2623220 1df31df1 1de81de5 1df01dea 1dea1ded
2623240 1def1deb 1dea1def 1ded1def 1dee1df0
2623260 1deb1deb 1de71de8 1de71deb 1deb1deb
2623300 1df61def 1deb1dea 1dee1deb 1df11deb
2623320 1deb1de7 1df31dee 1df31df1 1df21dec
2623340 1dee1df2 1ded1ded 1deb1df1 1df51df1
2623360 1df31df4 1df31ded 1dff1dfc 1dfb1df9
2623400 1df21df4 1df61ded 1dff1dfb 1df61df7
2623420 1e011e03 1dfc1df8 1e001dfe 1dfb1dfd
2623440 1df51df8 1e0a1dfc 1e0c1e0a 1e011e0f
2623460 1e091e08 1e081e08 1e021e06 1e081e07
2623500 1e041e09 1e081e0c 1e121e10 1e181e0d
2623520 1e131e14 1e0f1e0e 1e121e11 1e131e0c
2623540 1e151e12 1e101e0e 1e151e16 1e161e16
2623560 1e131e16 1e111e12 1e121e0e 1e161e15
2623600 1e191e17 1e1a1e16 1e141e16 1e1c1e19
2623620 1e1f1e20 1e211e23 1e261e24 1e291e28
2623640 1e261e2a 1e211e25 1e261e2c 1e2c1e27
2623660 1e2b1e2c 1e291e28 1e2a1e2d 1e331e32
2623700 1e311e34 1e3c1e32 1e3a1e3d 1e3b1e34
2623720 1e3e1e35 1e3c1e45 1e3e1e41 1e3a1e43
2623740 1e3e1e41 1e391e3f 1e371e36 1e3f1e33
2623760 1e421e3d 1e431e44 1e4b1e4f 1e431e50
2624000 1e491e43 1e511e4e 1e4e1e53 1e521e51
2624020 1e4d1e51 1e4f1e4e 1e481e4f 1e4a1e50
2624040 1e4e1e52 1e4a1e53 1e501e47 1e501e52
2624060 1e571e56 1e591e59 1e601e5e 1e601e56
2624100 1e631e60 1e631e5e 1e621e69 1e651e68
2624120 1e681e6e 1e5b1e62 1e561e62 1e651e62
2624140 1e691e66 1e671e61 1e6b1e6b 1e6a1e71
2624160 1e6c1e6f 1e761e71 1e6f1e63 1e731e74
2624200 1e671e67 1e741e71 1e741e74 1e791e75
2624220 1e781e79 1e761e75 1e781e79 1e7c1e7e
2624240 1e811e7e 1e761e7c 1e771e79 1e7e1e7c
2624260 1e7f1e7b 1e7e1e7a 1e7d1e7d 1e7e1e83
2624300 1e831e83 1e811e81 1e821e7e 1e7e1e86
2624320 1e861e7d 1e881e86 1e831e87 1e901e8d
2624340 1e861e8c 1e881e88 1e851e82 1e8b1e8a
2624360 1e911e8b 1e861e89 1e861e8b 1e901e89
2624400 1e921e8c 1e861e8c 1e8a1e87 1e8c1e89
2624420 1e8c1e92 1e8c1e8a 1e861e85 1e901e90
2624440 1e851e8c 1e941e9b 1e951e8b 1e901e93
2624460 1e8f1e91 1e941e94 1e971e97 1e901e93
2624500 1e901e8d 1e8d1e94 1e8d1e91 1e8c1e8e
2624520 1e8d1e89 1e8b1e8b 1e901e8c 1e941e92
2624540 1e961e94 1e901e90 1e981e94 1e991e98
2624560 1e9d1e94 1ea61ea2 1ea41ea1 1e971ea1
2624600 1e9d1e9d 1ea31ea6 1e9e1eaa 1ea01e9d
2624620 1e9e1e9b 1e9b1e9d 1ea01e9c 1e9f1ea1
2624640 1e9a1e93 1e9a1ea0 1e941e97 1e971e94
2624660 1ea11e99 1e9a1ea1 1e9b1e9f 1e991ea0
2624700 1e9a1e95 1ea41eab 1ea31e99 1ea11ea4
2624720 1e991ea3 1ea01e9e 1e9b1ea8 1e971e94
2624740 1e991e98 1e9c1e9a 1ea21e9f 1e9c1e9d
2624760 1ea61ea0 1ea21e9e 1ea41ea0 1e951e99
2625000 1ea71e9c 1e981ea4 1e9d1e99 1e9c1e9b
2625020 1e9b1ea2 1ea11ea1 1ea41ea2 1ea81ea0
2625040 1ea11ea9 1ea21ea8 1ea41ea5 1ea71ea1
2625060 1eae1ea6 1ea61ea4 1ea41ea2 1ea31ea4
2625100 1ea51ea3 1eaf1ea9 1ea31ea9 1e9f1ea3
2625120 1e9b1e9c 1e991e97 1ea21e9c 1ea91ea1
2625140 1e9e1ea1 1e961ea1 1e9b1e97 1e9d1e99
2625160 1ea21e9e 1e9e1ea1 1ea11ea1 1eac1ea2
2625200 1ea91ea1 1e9b1ea0 1e991e9d 1ea41ea3
2625220 1ea41ea3 1e9a1e9b 1ea01e9a 1ea31ea4
2625240 1e9e1ea2 1ea41ea3 1ea61e9c 1ea41ea3
2625260 1ea11ea7 1ea71ea4 1ea61ea4 1ea31ea0
2625300 1e9f1ea8 1ea21e9f 1ea11ea5 1e9d1e9e
2625320 1ea11ea4 1e9e1e9f 1e9d1ea1 1e9c1e9e
2625340 1e9b1ea1 1e9e1e9e 1ea31ea4 1ea71ea9
2625360 1ea01e9f 1ea41eaa 1ea61ea6 1ea01ea4
2625400 1e9e1ea0 1e9d1e9c 1e921e91 1ea11ea2
2625420 1e9e1e9c 1ea01ea4 1e961e9c 1e9b1e9c
2625440 1e9b1e9c 1e991e95 1ea81e9f 1ea61ea4
2625460 1ea41ea6 1ea61ea4 1eb21ea4 1ea41ea3
2625500 1ea51ea9 1ea81ea7 1eaa1ea6 1ea21ea6
2625520 1ea01ea1 1ea81ea8 1ea31eab 1ea11ea1
2625540 1ea31ea0 1ea01ea5 1ea61eaa 1ea81ea5
2625560 1ea41ea0 1eae1ea3 1eae1eb1 1eb31eb0
2625600 1eae1ead 1eb31eae 1eab1eaf 1ea61eae
2625620 1eb21eaf 1eaf1eb0 1eb21eb5 1eb21eb4
2625640 1eb11eb2 1ec01eb6 1eb51eb9 1eb71ebc
2625660 1eb41ea6 1eaf1eb3 1eb91eb5 1ec01ebc
2625700 1ec21eb9 1ebb1eb5 1eb81eb7 1ebc1ec0
2625720 1ec71ec5 1ec71ec7 1ec71ebe 1ec31ec8
2625740 1ecc1ec8 1ec81ec2 1ec51ec3 1ec41ec2
2625760 1ec81ec4 1ece1ed6 1ecb1ec8 1ed11ecb
2626000 1ecc1ec6 1ec31eca 1ece1ecd 1eca1eca
2626020 1ecf1eca 1ecf1ed1 1ed11edb 1ed91edc
2626040 1edc1ed7 1edc1edb 1ee21ee5 1ee91ee7
2626060 1ee71ee7 1ee51ee7 1edf1ee3 1ee81eea
2626100 1ee21ee8 1ee81ee2 1edf1ee1 1ee61ee0
2626120 1ef21eed 1eee1ef0 1eeb1eec 1ef01ef7
2626140 1ef81ef3 1efa1ef3 1ef71ef8 1ef51efa
2626160 1f051efc 1efb1efe 1efc1eff 1eff1f00
2626200 1efd1efe 1f051f04 1f021f05 1f0a1f09
2626220 1f051f0a 1f091f09 1f091f0a 1f0e1f0c
2626240 1f101f12 1f131f12 1f161f11 1f1a1f19
2626260 1f1f1f1a 1f231f20 1f1e1f1e 1f1d1f1e
2626300 1f241f1e 1f291f1a 1f1f1f20 1f1d1f25
2626320 1f241f22 1f1f1f20 1f201f1e 1f1e1f19
2626340 1f2a1f2b 1f261f2c 1f291f2f 1f301f29
2626360 1f321f33 1f2e1f2a 1f2d1f2a 1f311f2c
2626400 1f351f2d 1f3c1f3a 1f351f36 1f3b1f36
2626420 1f371f37 1f391f38 1f3f1f39 1f391f41
2626440 1f431f43 1f3d1f3e 1f401f42 1f461f3f
2626460 1f411f42 1f3d1f3f 1f401f43 1f411f3e
2626500 1f451f45 1f461f45 1f4f1f4c 1f521f4f
2626520 1f521f4d 1f501f4c 1f4c1f52 1f4d1f4d
2626540 1f531f54 1f581f50 1f571f52 1f5c1f57
2626560 1f5b1f5e 1f5d1f5d 1f591f5a 1f5a1f55
2626600 1f531f55 1f591f57 1f4b1f4e 1f541f52
2626620 1f611f5a 1f5b1f5d 1f581f68 1f5a1f64
2626640 1f581f51 1f5e1f5b 1f5d1f54 1f571f5a
2626660 1f5b1f5d 1f5a1f5c 1f5e1f5e 1f5a1f5a
2626700 1f5e1f61 1f631f61 1f5d1f5a 1f5e1f5a
2626720 1f5a1f5b 1f5d1f61 1f5f1f63 1f641f60
2626740 1f611f68 1f601f61 1f6c1f5f 1f631f68
2626760 1f611f64 1f5c1f60 1f5f1f5b 1f601f60
2627000 1f681f66 1f651f6a 1f651f65 1f641f60
2627020 1f611f65 1f5e1f63 1f641f64 1f5d1f66
2627040 1f591f5e 1f601f5f 1f651f5f 1f6d1f6a
2627060 1f6a1f67 1f651f6a 1f621f62 1f5b1f5c
2627100 1f611f5e 1f651f68 1f651f63 1f631f6b
2627120 1f631f68 1f6a1f5c 1f671f6b 1f631f62
2627140 1f621f62 1f5e1f60 1f631f62 1f631f6a
2627160 1f6a1f67 1f611f6b 1f661f68 1f6c1f67
2627200 1f6e1f69 1f6c1f6d 1f6d1f6d 1f631f6b
2627220 1f641f5f 1f641f5d 1f5e1f63 1f621f62
2627240 1f671f66 1f641f5f 1f631f5f 1f6b1f6c
2627260 1f5f1f63 1f5c1f60 1f5f1f5a 1f621f64
2627300 1f5d1f60 1f621f63 1f5f1f5d 1f631f5c
2627320 1f5d1f5e 1f611f64 1f5b1f64 1f5c1f60
2627340 1f671f57 1f681f5e 1f5c1f59 1f5b1f5c
2627360 1f531f58 1f5b1f5e 1f601f5b 1f5b1f5c
2627400 1f5c1f5a 1f541f56 1f591f4e 1f551f51
2627420 1f5d1f59 1f5d1f64 1f571f5a 1f541f4c
2627440 1f511f4e 1f4e1f4f 1f541f53 1f501f50
2627460 1f511f56 1f541f53 1f501f50 1f481f4a
2627500 1f4c1f43 1f4e1f4b 1f501f50 1f581f53
2627520 1f511f50 1f501f50 1f4d1f4e 1f4c1f48
2627540 1f441f4a 1f471f44 1f4b1f4c 1f4c1f49
2627560 1f4c1f4a 1f491f49 1f441f4f 1f4d1f57
2627600 1f4f1f4d 1f4b1f52 1f411f4b 1f461f46
2627620 1f411f45 1f4a1f41 1f451f48 1f451f41
2627640 1f521f48 1f521f51 1f561f4f 1f4a1f4d
2627660 1f4b1f4d 1f551f52 1f4a1f4a 1f401f42
2627700 1f421f45 1f431f3c 1f4c1f46 1f431f47
2627720 1f471f48 1f451f47 1f451f45 1f481f4d
2627740 1f4f1f50 1f501f4a 1f461f44 1f471f4a
2627760 1f541f4e 1f491f4a 1f4b1f4a 1f501f51
2630000 1f441f4d 1f4f1f4d 1f4d1f4f 1f501f49
2630020 1f491f4c 1f4e1f4d 1f581f55 1f531f53
2630040 1f531f4d 1f491f55 1f4e1f4e 1f541f55
2630060 1f4f1f5c 1f4e1f4a 1f4f1f47 1f551f51
2630100 1f571f59 1f551f53 1f5d1f5e 1f631f5e
2630120 1f531f59 1f591f5d 1f5b1f5b 1f5a1f55
2630140 1f5b1f56 1f5d1f58 1f621f63 1f651f63
2630160 1f691f66 1f5f1f68 1f5b1f61 1f5c1f5d
2630200 1f681f67 1f731f6e 1f6b1f72 1f731f6e
2630220 1f6e1f72 1f741f6b 1f7a1f75 1f781f73
2630240 1f741f75 1f6b1f78 1f691f70 1f781f76
2630260 1f731f78 1f7b1f78 1f8b1f7d 1f851f87
2630300 1f841f82 1f861f88 1f7a1f80 1f821f7b
2630320 1f7d1f7e 1f8c1f83 1f851f91 1f7f1f83
2630340 1f881f8a 1f8e1f8a 1f931f88 1f8d1f90
2630360 1f8d1f8f 1f8b1f8c 1f8e1f95 1f921f95
2630400 1f9c1f99 1f981f96 1f9e1f9e 1f9e1f9d
2630420 1f9a1f97 1f9c1f9a 1fa11fa0 1fa91fac
2630440 1fa61faa 1faa1faa 1faa1faf 1fac1fac
2630460 1fb41fb7 1fb11fad 1fb31fb1 1fac1fac
2630500 1fac1fab 1faf1fb1 1fb91fb5 1fb61fb7
2630520 1fc41fc0 1fbf1fbd 1fc01fb9 1fb91fbd
2630540 1fc31fba 1fc61fc2 1fc41fc4 1fbd1fc5
2630560 1fc51fc3 1fc91fc1 1fcd1fc4 1fc41fc0
2630600 1fc71fcc 1fc51fc6 1fcd1fcd 1fcb1fc8
2630620 1fcc1fca 1fcd1fd1 1fcb1fce 1fcb1fd0
2630640 1fcd1fce 1fd01fd0 1fdc1fd9 1fd21fd6
2630660 1fd61fda 1fdb1fd6 1fd51fdd 1fde1fd7
2630700 1fdc1fd8 1fdc1fd7 1fde1fe0 1fda1fdc
2630720 1fdc1fd9 1fd81fdb 1fe31fdf 1fe61fe8
2630740 1fe31fe8 1fe21feb 1fe91fe4 1fed1fed
2630760 1fef1fef 1ff21ff5 1ff31ff5 1ffc1ff7
2631000 1ffb1ff6 1ff01ff2 1fef1fec 1ff31fed
2631020 1fed1ff0 1ff51ff4 1fef1fef 1ff31ff1
2631040 1ffe1ffc 1fec1ff4 1ff81ff0 1ff31ff9
2631060 1ff21ff9 1ff31ff5 1ff31ffa 1ffc1ff9
2631100 1ffa1ffd 1ff71ffc 1ff81ff9 1ffb1ff3
2631120 20041ffc 1ffe1ffe 1ffb1ffd 1ffe2005
2631140 20032005 1ffe2003 1fff1ffc 1ffa1ffd
2631160 2000200b 20002004 20052007 20042007
2631200 20022000 20032003 20081ffe 20082006
2631220 20011fff 20032003 200a2000 20022008
2631240 20022004 20032002 20032007 20022008
2631260 20062005 20021ffe 1fff2005 200e2007
2631300 20102009 2008200f 20152010 200b200d
2631320 2007200c 2003200d 2005200e 20092009
2631340 20002000 20002004 200d2008 20082003
2631360 20062006 2009200a 200e200c 200e2010
2631400 2008200e 200c2008 20042003 20092008
2631420 20072009 200d200e 200a200c 20082004
2631440 20072003 20052000 20072005 2007200a
2631460 20072002 20022006 20032008 20032003
2631500 200b2006 2009200e 1ffe2003 1ffc1ff8
2631520 20042002 1fff2001 20032000 1ff62004
2631540 1ffa1ff7 20001ffa 20032004 20022001
2631560 20022007 1fff2002 1ffd1ffe 20042003
2631600 20001ffb 1ffd1ffe 1ff91ff9 1ff61ff3
2631620 1ffa1ff5 1ff21ff0 1ff71ff5 1fea1ff7
2631640 1fef1ff1 1ff21fea 1ff01ffa 1fee1ff2
2631660 1ff71ff7 1ff21ff5 1ff31fef 1ff21fed
2631700 1ff91fef 1ff51ff5 1ff31ff1 1fee1ff0
2631720 1fec1fee 1fe61fea 1fe71fee 1fe61ff0
2631740 1fee1fed 1fef1ff6 1fe91fec 1fed1fe8
2631760 1fe31fdb 1fe71fe2 1fe41fe5 1fe31fe1
2632000 1fe01fe6 1fe61fe4 1fde1fe3 1fdf1fe2
2632020 1feb1fe6 1fe51fec 1feb1fe5 1fe51fe4
2632040 1fe31fe4 1fe21fe8 1fdd1fe3 1fdd1fdd
2632060 1fdc1fe2 1fde1fdd 1fd11fd9 1fdd1fd9
2632100 1fdb1fd6 1fd61fd3 1fe21fda 1fe01fe4
2632120 1fdf1fe3 1fdb1fdc 1fda1fd4 1fdd1fda
2632140 1fda1fdb 1fd91fe1 1fd61fdb 1fde1fd9
2632160 1fda1fdf 1fe01fe7 1fe11fe1 1fdf1fda
2632200 1fe71fe3 1fe01fd8 1fdc1fdf 1fe31fe1
2632220 1fdf1fdd 1fe01fe4 1fd91fe5 1fe01fdc
2632240 1fdb1fe2 1fda1fd8 1fd81fda 1fdf1fe2
2632260 1fdd1fde 1fd71fd8 1fe71fe2 1fe81fe9
2632300 1fe41fe7 1fdf1fe2 1fe11fe5 1fe41fe0
2632320 1feb1fe7 1fe81fed 1fea1fec 1fef1fed
2632340 1fe81ff0 1fe41fe7 1fee1fe8 1feb1fe8
2632360 1fe91fea 1fe81fe8 1fef1fe9 1fea1feb
2632400 1fe81fed 1fe91fe7 1ff21feb 1fec1fec
2632420 1feb1feb 1fe81feb 1feb1ff2 1ff21ff9
2632440 1ffa1ff3 1ff71ff6 1ff41ff4 1ff11ffb
2632460 1ffb1ffb 1ffc1ffd 20011ffe 1ffe1ffa
2632500 1ffb1ffa 1ffd1ffc 1ffc1ffa 20011ffd
2632520 1ff11ffe 1ffa1ff9 200d2001 20052006
2632540 20051ffd 200b2007 2008200d 200e200a
2632560 2011200a 20132011 200e2012 20122012
2632600 20192016 201a2017 20132017 200e200c
2632620 20162016 20182016 201c2013 201a201a
2632640 2023201c 20282029 201c201f 20232020
2632660 2019201a 2022201f 20212025 20262024
2632700 2021201f 20212026 2024202a 202f202d
2632720 202e2033 202e202f 2030202d 20382036
2632740 20382034 20332035 203c2037 20332039
2632760 203f203b 2040203d 202c2039 20342036
2633000 20462041 20452049 20452046 204b2048
2633020 2049204a 20492043 20472047 204b204c
2633040 204b204c 20472047 20522049 20502052
2633060 204f2051 204e204f 2050204c 2054204f
2633100 205b2058 205a2060 205b2057 205b2055
2633120 2060205a 20632067 20622063 2062205e
2633140 20642064 20622063 20622063 20632069
2633160 20662060 206d206a 206e2070 206c206a
2633200 206f206a 2073206b 206c2076 206c2071
2633220 206e2079 2071206f 206f2073 20782075
2633240 207d207c 206e2071 20772074 206a206e
2633260 2072206c 20702074 206e2070 20782078
2633300 20752079 20802073 207c207d 207b207e
2633320 207c207d 2085207e 20822080 2084207f
2633340 2078207e 207a207b 2076206c 20742070
2633360 207d2075 20742073 207f207d 2081207f
2633400 20852082 20812087 207e2086 207c207b
2633420 2078207c 207f207d 207f2085 207e207f
2633440 20902086 208a208b 2085208e 2087208e
2633460 2085208c 208d208b 20822086 20812084
2633500 20862080 208e2085 208d209c 20892085
2633520 208d208c 20852086 20902089 208a2092
2633540 208b208b 20852087 20852085 20822084
2633560 20822086 2089208c 208c207f 208e2089
2633600 2089208a 20832088 20892088 20862087
2633620 208b207f 208a2092 2089208c 208c2089
2633640 208a2082 2084208a 208e2090 208d208b
2633660 208d2089 20842089 20822089 2089208d
2633700 208e208c 208a208c 2085208a 208a207e
2633720 20862083 20882090 20892088 20852082
2633740 20802087 20832083 208e208d 20802086
2633760 20852087 207f2082 20842082 207f207e
2634000 2084207c 20832081 20892086 2088208b
2634020 20802084 20832082 20872083 207d2083
2634040 20742079 207a2075 207a207a 20782082
2634060 2076207a 20692074 20732076 20692070
2634100 206e206e 2074206e 207a2077 20772079
2634120 20752073 207c2075 2076207d 20752075
2634140 20722076 206b206f 2068206b 2068206a
2634160 2070206e 2067206f 2074206e 206c2066
2634200 2063206d 206b2068 206d206e 206f206c
2634220 206b2072 20642065 20662073 206d206b
2634240 20622069 20662063 205f2064 205e2065
2634260 20602061 20672061 20672064 205f2069
2634300 2060205e 20632060 20602061 2060205c
2634320 205a2054 20542058 2055205a 205b2056
2634340 2062205a 205a205f 20602060 20632067
2634360 20632063 20592056 2056205b 20542058
2634400 2052205e 205e205d 205e205b 20582057
2634420 20552061 205a2062 2059205d 20642059
2634440 205b205f 205d205d 205d2061 20582063
2634460 20592054 205a2051 204a2057 20512051
2634500 204f2052 20582056 20532058 205d2059
2634520 205c205b 20572056 205e2058 20622060
2634540 20642064 2058205d 2056205d 205e205a
2634560 20562056 2060205b 20662064 20612068
2634600 2064205f 205f205e 205d205d 20662067
2634620 205b2061 2059205d 205b205c 2060205d
2634640 205d2060 205d205c 20612059 2061205e
2634660 20692063 206b206b 20642066 206c2068
2634700 20612065 20662062 206e2066 206e206e
2634720 206b2076 20762071 206b2070 206f2062
2634740 2069206b 206c2065 206f2072 2066206f
2634760 2072206a 206f2071 20722069 20762074
2635000 20772079 2078207c 2077207c 20812078
2635020 207c207a 2074207d 207c207d 207b2078
2635040 207e207f 2080207f 2083207c 208c2085
2635060 20902085 208a2084 208e208b 208c2089
2635100 2088208f 20892086 208f208a 2096208c
2635120 208a2089 208e2093 20952096 20992094
2635140 20962096 20902096 208e2095 20942093
2635160 20972093 209a2098 209a2098 2092209e
2635200 209b209d 20a2209c 20aa20a4 209e20a1
2635220 209e20a4 209b209f 20942095 20982099
2635240 20a420a1 20a720ad 20b020aa 20b220a9
2635260 20ae20ad 20af20b6 20b120b5 20b720bb
2635300 20b520ae 20aa20b4 20ad20ac 20b620b2
2635320 20b620b5 20b120af 20af20ad 20b720ae
2635340 20bb20b7 20ba20b8 20bb20ba 20be20bf
2635360 20ba20b8 20b720bc 20bf20bf 20c320c0
2635400 20c120c4 20bd20c5 20c520c1 20c420c0
2635420 20c620c3 20c020c2 20c920c7 20da20cb
2635440 20cc20cc 20c220cc 20d320cf 20c520d1
2635460 20d020cc 20ca20cb 20c720cc 20c420cb
2635500 20c920cc 20d020cc 20ce20cd 20d220d1
2635520 20cb20cf 20cd20d0 20d720d6 20d420d9
2635540 20da20d5 20d320d8 20d520d1 20d220d9
2635560 20da20da 20da20d6 20d920d9 20d220d8
2635600 20d520d4 20d520d6 20da20d4 20dc20d7
2635620 20d720dc 20da20d7 20d720d6 20d920d1
2635640 20db20dc 20dd20da 20e020e1 20df20dd
2635660 20dc20d9 20de20e0 20dc20de 20db20dd
2635700 20dd20e5 20dc20db 20e320d0 20d820d6
2635720 20da20dc 20dd20e4 20dd20d5 20e120dc
2635740 20e120e0 20e820e6 20e720e9 20e620e4
2635760 20eb20e7 20e120df 20e220e5 20e320de
2636000 20e620e5 20e620e4 20ea20ea 20e920f0
2636020 20ec20e6 20f720ef 20f820f4 20e720f7
2636040 20e720f0 20e120e6 20ea20e3 20ea20e4
2636060 20eb20ef 20e820ee 20e720e9 20f120e7
2636100 20e020e0 20e220e4 20e420e7 20e320e6
2636120 20e820db 20e220e1 20df20e1 20e620e6
2636140 20e820e9 20e820ee 20e920e8 20df20e7
2636160 20e920e3 20e520e8 20e520df 20e820ec
2636200 20ea20e9 20e520e9 20e820e7 20ea20e3
2636220 20eb20dd 20e820e6 20e420e6 20e820e4
2636240 20e320e4 20df20e0 20e120e4 20da20e7
2636260 20dd20d7 20e320dd 20da20e0 20dc20d8
2636300 20e320e1 20dc20da 20d720d3 20da20d8
2636320 20e120da 20de20dc 20da20e2 20d920d9
2636340 20da20d5 20e020dd 20dc20d9 20d520d5
2636360 20db20d2 20d720dd 20dc20d3 20da20db
2636400 20d920da 20d720db 20d920d3 20d420d4
2636420 20dc20d4 20d620d9 20d820d5 20cf20d5
2636440 20d120cc 20cf20d8 20d420d0 20d820cb
2636460 20d120d3 20cc20d0 20ca20d2 20c920cb
2636500 20c720cc 20c320c7 20bf20c6 20c120be
2636520 20c020c2 20c320c4 20c320c1 20c520c3
2636540 20c620cd 20c620c7 20c120c2 20c120bf
2636560 20c820c8 20cd20cb 20cc20c6 20d420c7
2636600 20d120cc 20c320cc 20c620c5 20c420cc
2636620 20c120c0 20c920c9 20c620c7 20c920d0
2636640 20c420c4 20c620c7 20c820c4 20c020c5
2636660 20c520c8 20bf20c6 20c220bb 20b720c2
2636700 20bf20c1 20c020c7 20c520c2 20cb20bf
2636720 20c720c5 20c220c6 20c920ca 20ca20c2
2636740 20c720c0 20cf20c5 20c820c9 20c920ce
2636760 20cb20c7 20cf20ca 20cf20d5 20c020cd
2637000 20c720d0 20c120c9 20c920c8 20c520c9
2637020 20cb20ca 20d620cf 20d620d8 20d120d4
2637040 20d520d3 20d020d4 20d220d1 20cc20c9
2637060 20cd20d0 20d020d4 20d520d4 20ca20d1
2637100 20c920cc 20cd20cd 20cf20ce 20d620d4
2637120 20d320df 20d220d0 20e320d6 20d720df
2637140 20d220cc 20d320d8 20cd20cc 20d620d5
2637160 20d020d1 20d420d8 20dc20db 20d820d7
2637200 20e120db 20d920d9 20d820dc 20db20d9
2637220 20d920dc 20de20de 20df20dd 20d920dc
2637240 20df20df 20e520df 20ea20e2 20e520e7
2637260 20e720ea 20e520e7 20e220dd 20e320de
2637300 20e820ea 20df20e8 20e020e8 20e520e4
2637320 20e920e4 20ec20e4 20ed20f1 20eb20f3
2637340 20ef20f0 20f220ee 20f020f1 20eb20ee
2637360 20ed20ec 20eb20ef 20f720ec 20ec20f2
2637400 20f620f2 20fe20fc 20fc2102 20fc20f7
2637420 20f420f3 20f220ef 20f320fb 20fb20f9
2637440 210a20fe 21062109 20fb20fc 210020ff
2637460 21042101 20fe20fd 21002101 20fb20fe
2637500 21012102 210d2105 210b2108 21052107
2637520 21092106 21042107 210820ff 21082109
2637540 210b2107 210c210b 21142115 210d210b
2637560 210a210d 210c210e 210b210b 21092111
2637600 21182112 21192117 210e2119 21112110
2637620 21112116 21102111 21182111 21132117
2637640 21172120 21252115 21152112 21162107
2637660 21172117 211b2119 2118211b 2115211b
2637700 211e2117 21142113 21152113 2116211b
2637720 211c211a 211f2115 2116211d 211a211b
2637740 21222126 211e211c 2123211f 211a2123
2637760 211c211d 211b211a 211b211d 211e211b
2640000 21122117 21192118 211a2120 2117211b
2640020 21142112 21182117 211f211d 212a212a
2640040 21282129 212d2129 212d212e 2131212b
2640060 21302130 212e2133 212d212d 21262127
2640100 212b212c 2122212b 21242122 b01104bb
2640120 00001004 0001000a 00010000 03b1603f
2640140 00000ffc 0001000a 1400003c add01f00
2640160 add01f01 add01f02 add01f03 add01f04
2640200 add01f05 add01f06 add01f07 add01f08
2640220 add01f09 add01f0a add01f0b add01f0c
2640240 add01f0d add01f0e add01f0f add01f10
2640260 add01f11 add01f12 add01f13 add01f14
2640300 add01f15 add01f16 add01f17 add01f18
2640320 add01f19 add01f1a add01f1b add01f1c
2640340 add01f1d add01f1e ff000134 00000020
2640360 00000002 c3683e5a 00000001 deadbeef
2640400 f0000002 c3683e46 200b534e 00000000
2640420 00000134 00001f48 a01004bc 222c2131
2640440 22252229 22242225 22252229 2223221e
2640460 2223221c 22292226 222f2227 22292231
2640500 222c2224 222b2224 2227222d 22282225
2640520 22212220 2227221f 22292228 22222225
2640540 22202222 22232222 22292220 22232220
2640560 22232221 221e221a 221c221a 22232226
2640600 22272227 22222221 221f2220 22222225
2640620 22222220 22282222 2222221e 22282223
2640640 22242221 221f2223 221b221f 2218221c
2640660 2221221e 221d221c 2214221d 221e221a
2640700 22202219 221f2219 22252220 221e221f
2640720 221f2221 221a221e 22252221 221b2222
2640740 221b2218 22152218 22142215 22182211
2640760 221a2215 22142218 22172212 22152217
2641000 22112213 22162213 22162210 221c2212
2641020 22142210 22122213 22172217 22122214
2641040 2219220c 22142217 2211221a 22172212
2641060 220e2214 2216220a 220c2210 220c220a
2641100 22102212 220a220f 21732202 1f79206c
2641120 1e211eb8 1d8e1dc7 1d5b1d6d 1d4b1d3f
2641140 1d431d49 1d441d42 1d411d47 1d3c1d41
2641160 1d431d3d 1d3b1d41 1d331d38 1d2e1d34
2641200 1d411d38 1d431d49 1d411d36 1d3c1d3d
2641220 1d3d1d3b 1d3d1d3e 1d3b1d3a 1d391d3b
2641240 1d391d3d 1d431d44 1d3b1d41 1d3b1d3f
2641260 1d3c1d34 1d3e1d3d 1d3b1d46 1d3f1d3d
2641300 1d3f1d40 1d3d1d3e 1d411d42 1d3c1d3f
2641320 1d421d42 1d481d40 1d3f1d3e 1d3d1d43
2641340 1d3a1d3a 1d3e1d3c 1d3f1d38 1d371d3c
2641360 1d3f1d40 1d3b1d40 1d351d37 1d3b1d37
2641400 1d3e1d3b 1d3f1d34 1d3d1d3a 1d441d3b
2641420 1d461d46 1d411d40 1d3d1d38 1d381d36
2641440 1d351d36 1d3c1d3a 1d3e1d3b 1d3f1d3f
2641460 1d411d44 1d401d3e 1d401d3c 1d3f1d3a
2641500 1d3e1d3b 1d3e1d43 1d3d1d42 1d431d3d
2641520 1d4a1d3f 1d3f1d42 1d431d42 1d421d42
2641540 1d491d44 1d3d1d42 1d441d44 1d451d48
2641560 1d461d41 1d4f1d4a 1d4a1d46 1d4a1d47
2641600 1d501d49 1d511d52 1d4d1d4f 1d4d1d55
2641620 1d451d4d 1d4a1d50 1d4c1d52 1d4d1d4b
2641640 1d4e1d48 1d4b1d4a 1d481d50 1d541d4a
2641660 1d491d54 1d4d1d4d 1d471d4c 1d521d4e
2641700 1d5c1d58 1d571d56 1d571d56 1d591d54
2641720 1d5c1d5c 1d611d58 1d5c1d62 1d5a1d5d
2641740 1d621d60 1d651d67 1d601d60 1d641d62
2641760 1d661d60 1d641d69 1d631d67 1d621d68
2642000 1d6c1d65 1d711d6e 1d711d6f 1d711d78
2642020 1d691d6e 1d701d6c 1d711d71 1d701d74
2642040 1d741d6f 1d6e1d6b 1d651d62 1d6f1d6b
2642060 1d711d76 1d761d76 1d7a1d7a 1d7a1d7b
2642100 1d7a1d7c 1d841d7f 1d7e1d80 1d831d7d
2642120 1d851d85 1d801d7e 1d7f1d87 1d871d83
2642140 1d891d85 1d8b1d86 1d8b1d8b 1d891d87
2642160 1d901d8c 1d931d92 1d991d98 1d961d99
2642200 1d951d8f 1d991d9c 1d991d98 1d9b1d94
2642220 1d991d93 1d971d98 1da31da4 1d9a1d9d
2642240 1da11da1 1d9b1d9a 1da41d9e 1da71da1
2642260 1dab1da2 1dab1dac 1dab1dac 1dad1db3
2642300 1dae1db4 1daa1dad 1db31dab 1db41db0
2642320 1db21db4 1dbd1db9 1dbd1dba 1dbd1db6
2642340 1dc01dbb 1dbb1dbf 1dc31dbe 1dbd1dc2
2642360 1db91dcb 1dc31dc2 1dbd1dc7 1dbf1db9
2642400 1dc81dc0 1dc61dc9 1dc21dc9 1dc21dbf
2642420 1dca1dc9 1dcf1dcb 1dd51dd5 1dd41dd4
2642440 1dd21dd2 1dd21dd1 1dcd1dcf 1dd41dcc
2642460 1dd91dd9 1dd51ddd 1dd61dd7 1dd91dd9
2642500 1ddc1dd7 1dd61dd5 1dd91dd9 1dd41dd1
2642520 1ddc1dd5 1de01dd9 1de81de1 1dee1dee
2642540 1de91df0 1dea1de5 1deb1dee 1deb1dea
2642560 1dea1dea 1ded1de9 1dec1dea 1deb1def
2642600 1df31df0 1df11df3 1de91df5 1ded1deb
2642620 1dfb1de9 1dfa1df4 1ded1df0 1df51dee
2642640 1df11df8 1df71dfa 1e031e04 1dfc1e03
2642660 1df91e01 1df71df1 1dfc1df7 1dfa1dfc
2642700 1e0a1e00 1dfd1e02 1dfe1dfb 1e071e04
2642720 1e071e08 1e0e1e09 1dff1e08 1e011e01
2642740 1e071e03 1e061e05 1e061e02 1e0f1e0e
2642760 1e091e03 1e031e08 1e071e00 1e011e04
2643000 1e021e07 1e061dff 1e101e08 1e0d1e10
2643020 1e0e1e10 1e151e13 1e1b1e1a 1e0d1e0f
2643040 1e091e0a 1e081e0d 1e101e0c 1e081e07
2643060 1e0d1e06 1e101e0c 1e0c1e16 1e111e12
2643100 1e091e0a 1e101e0f 1e0e1e0f 1e131e12
2643120 1e181e16 1e191e18 1e121e17 1e161e11
2643140 1e0e1e19 1e171e10 1e171e16 1e201e1b
2643160 1e261e21 1e1b1e22 1e1b1e1c 1e1d1e18
2643200 1e1a1e1a 1e131e17 1e151e18 1e131e1b
2643220 1e181e12 1e161e12 1e261e1b 1e1d1e24
2643240 1e1d1e22 1e181e15 1e161e16 1e171e16
2643260 1e161e1a 1e161e1f 1e181e13 1e1c1e17
2643300 1e191e18 1e231e1a 1e211e21 1e221e20
2643320 1e1b1e23 1e2a1e26 1e201e2c 1e1a1e18
2643340 1e1e1e12 1e221e1d 1e211e1d 1e251e2b
2643360 1e2f1e26 1e2e1e31 1e321e30 1e241e30
2643400 1e271e29 1e221e26 1e251e23 1e201e25
2643420 1e161e23 1e1f1e1d 1e271e23 1e251e2a
2643440 1e2c1e25 1e2c1e2a 1e1e1e29 1e231e24
2643460 1e201e1e 1e271e1f 1e261e25 1e221e23
2643500 1e221e22 1e221e26 1e1f1e1e 1e201e1c
2643520 1e201e21 1e231e23 1e1e1e1d 1e271e1e
2643540 1e271e27 1e2f1e2a 1e261e29 1e2c1e23
2643560 1e331e2d 1e2b1e30 1e211e2a 1e231e22
2643600 1e291e22 1e241e26 1e231e1e 1e201e29
2643620 1e2e1e20 1e271e27 1e1e1e22 1e201e24
2643640 1e1d1e23 1e1a1e21 1e1f1e19 1e281e22
2643660 1e291e25 1e271e1e 1e201e24 1e1f1e21
2643700 1e1c1e20 1e191e20 1e1b1e1d 1e211e1e
2643720 1e211e1d 1e2b1e1f 1e271e25 1e211e28
2643740 1e271e26 1e251e26 1e231e22 1e231e24
2643760 1e1d1e26 1e181e1b 1e1e1e1d 1e231e21
2644000 1e2b1e21 1e201e2b 1e1e1e22 1e211e21
2644020 1e221e21 1e1d1e1d 1e251e22 1e281e27
2644040 1e1c1e26 1e251e21 1e291e1f 1e201e27
2644060 1e251e1b 1e221e26 1e281e1c 1e2a1e25
2644100 1e251e29 1e271e2b 1e251e29 1e2b1e25
2644120 1e2e1e29 1e2d1e31 1e381e33 1e281e28
2644140 1e311e2a 1e2c1e2c 1e2a1e2f 1e321e2c
2644160 1e381e33 1e371e31 1e3a1e3b 1e2f1e39
2644200 1e3c1e36 1e381e36 1e3e1e3b 1e321e3e
2644220 1e3a1e36 1e3b1e42 1e3c1e3d 1e401e3a
2644240 1e401e42 1e451e3a 1e3f1e40 1e431e45
2644260 1e531e3e 1e501e57 1e4c1e51 1e4e1e4f
2644300 1e4e1e4c 1e431e48 1e4d1e50 1e471e55
2644320 1e441e40 1e501e4b 1e4c1e44 1e4e1e51
2644340 1e531e4a 1e581e56 1e561e55 1e561e52
2644360 1e5a1e57 1e591e5c 1e581e62 1e561e59
2644400 1e5d1e51 1e651e5c 1e661e60 1e5f1e62
2644420 1e621e5a 1e611e60 1e641e66 1e661e6d
2644440 1e641e65 1e611e65 1e681e5e 1e6a1e6b
2644460 1e6b1e6c 1e711e6e 1e6d1e74 1e681e66
2644500 1e701e70 1e751e74 1e751e75 1e751e6d
2644520 1e7f1e73 1e7a1e76 1e731e75 1e781e72
2644540 1e781e70 1e7e1e7a 1e851e83 1e7c1e85
2644560 1e851e87 1e7c1e86 1e851e7d 1e831e85
2644600 1e8e1e90 1e921e92 1e8a1e8f 1e911e87
2644620 1e8e1e8e 1e891e8e 1e8d1e8b 1e901e8f
2644640 1e921e8d 1e911e8b 1e941e8d 1e951e95
2644660 1e9b1e97 1e9d1e9c 1ea31ea2 1ea61eab
2644700 1ea41ea5 1ea51ea4 1e9f1e9b 1e9d1e9b
2644720 1ea41ea4 1ea71ea4 1ea81ea8 1ea41ea9
2644740 1ea31ea5 1eae1ea6 1ea91ead 1ea81eac
2644760 1ea61ea7 1eac1ea3 1eaf1eb2 1eb41eb3
2645000 1eb61eb2 1ebe1eb7 1ebf1ec4 1ebf1eb9
2645020 1ebd1ebe 1eb01eb0 1ebb1eb0 1eb71ebb
2645040 1eb31eb2 1ebb1eb9 1ebe1eb8 1ec81ec1
2645060 1ebd1ebf 1ebd1ebe 1ec31ec5 1ec61ecb
2645100 1ec61ec4 1ec41ec3 1ec71ec8 1ec21ec8
2645120 1ecb1ec8 1ec11ec2 1ec21ec4 1ec11ec4
2645140 1eca1ec7 1ed01ec6 1eca1ecb 1ed11ed0
2645160 1ece1ed0 1ecf1ecf 1ecb1ecc 1ecc1ec8
2645200 1ec51ecc 1ece1eca 1ed21ece 1ed11ece
2645220 1ed81ed3 1edd1ed7 1ee11ee0 1edd1ee0
2645240 1edd1ee4 1edf1ed7 1ed91ed6 1ed91ee0
2645260 1ed61ede 1ed71ed9 1eda1ed2 1ed81ede
2645300 1edb1ed7 1ed21edc 1eda1ed6 1ee51edb
2645320 1ee01ee2 1ee61ee1 1ee81ee6 1ee01ee3
2645340 1edd1ede 1edd1edb 1ed91ee7 1ee81eea
2645360 1ee51ee6 1ee61ee8 1ee31ee8 1ee91eeb
2645400 1ee91ef1 1ee71ee5 1eee1ef0 1eeb1ee5
2645420 1eeb1eef 1eed1eec 1eed1ef3 1ef11eed
2645440 1ef91ef6 1ef21ef5 1ef11ef5 1eef1eed
2645460 1ef51ef1 1ef11ef3 1ef01ef3 1ef21efb
2645500 1ef71eef 1ef71ef5 1ef01ef7 1ef91ef7
2645520 1ef91ef7 1ef61eef 1efc1efa 1f031efe
2645540 1efe1f03 1ef81efb 1ef81ef8 1ef91eff
2645560 1ef31ef1 1efa1efa 1ef21efb 1efb1ef1
2645600 1efa1ef6 1ef81ef3 1ef31eef 1ef21ef4
2645620 1efd1efd 1efc1ef7 1ef81efb 1f081f04
2645640 1f011f05 1ef61efb 1ef91ef4 1ef61ef9
2645660 1ef51efa 1ef81efa 1efa1ef8 1efd1eff
2645700 1f021efc 1f021f00 1eff1f03 1f011f03
2645720 1f031eff 1eff1efd 1efd1efd 1efe1f04
2645740 1f001efa 1f021f00 1f021efd 1efa1efe
2645760 1efe1efa 1efc1efc 1f001efb 1f011f00
2646000 1efe1efb 1ef51efb 1efa1efa 1efa1ef5
2646020 1f061ef8 1ef71ef4 1ef41eff 1efd1ef9
2646040 1efa1ef7 1ef71ef3 1ef41ef0 1ef61eea
2646060 1ef61ef3 1ef91efb 1ef81ef7 1ef91ef2
2646100 1ef61ef1 1eec1ef2 1eed1eef 1ef41ef1
2646120 1ef51ef4 1ef21ef2 1ef51ef5 1ef61ef1
2646140 1ef91ef6 1efc1eff 1ef41ef5 1ef71ef3
2646160 1ef81ef8 1ef81ef5 1ef51eef 1efa1efa
2646200 1ef51efa 1ef81ef8 1ef51ef8 1ef41ef5
2646220 1efd1efb 1efa1eff 1eef1ef8 1ef41ef3
2646240 1ef11ef4 1ef91ef8 1f011ef7 1ef11efa
2646260 1efd1efc 1ef71efa 1efb1ef6 1efe1eff
2646300 1efa1ef9 1f001f01 1f011f00 1efb1eff
2646320 1efb1f00 1f001eff 1f011ef9 1efc1efc
2646340 1efe1efa 1efd1efa 1f001efd 1eff1efe
2646360 1ef71efa 1eee1ef2 1efd1efc 1efc1f01
2646400 1efd1eff 1efa1f02 1f051f00 1f041f05
2646420 1f021f01 1eff1f05 1efd1efc 1f041f07
2646440 1f091f08 1f0e1f08 1f061f07 1f0e1f10
2646460 1f031f09 1f001f05 1f061f05 1f0b1f0b
2646500 1f071f08 1f091f0b 1f0c1f08 1f091f06
2646520 1f0c1f06 1f091f17 1f0e1f0f 1f0e1f14
2646540 1f161f09 1f171f18 1f101f10 1f171f10
2646560 1f191f16 1f1a1f12 1f101f15 1f161f15
2646600 1f1e1f16 1f1c1f15 1f1a1f1b 1f171f1c
2646620 1f1c1f20 1f201f1f 1f201f1b 1f1f1f1d
2646640 1f1f1f20 1f2c1f21 1f2c1f1f 1f211f22
2646660 1f271f22 1f1a1f28 1f1f1f1d 1f2b1f27
2646700 1f2a1f2a 1f2c1f2d 1f311f2a 1f251f2d
2646720 1f2c1f2c 1f261f25 1f261f22 1f231f2d
2646740 1f2a1f20 1f251f2a 1f311f2a 1f371f35
2646760 1f361f33 1f311f36 1f3c1f3b 1f2f1f37
2647000 1f371f2f 1f311f2e 1f2c1f2d 1f371f3d
2647020 1f341f33 1f3c1f31 1f401f34 1f381f3b
2647040 1f381f41 1f391f3f 1f3b1f3a 1f361f38
2647060 1f3d1f3c 1f421f3b 1f421f3f 1f441f3b
2647100 1f451f44 1f461f4a 1f491f4e 1f4f1f45
2647120 1f431f47 1f4f1f4e 1f4d1f53 1f541f53
2647140 1f561f53 1f571f4f 1f551f5e 1f581f5a
2647160 1f5d1f5a 1f5a1f57 1f561f53 1f5a1f55
2647200 1f551f55 1f561f53 1f561f55 1f5b1f59
2647220 1f5a1f5d 1f5f1f59 1f611f5d 1f581f59
2647240 1f621f58 1f631f62 1f621f67 1f651f68
2647260 1f601f65 1f6b1f6b 1f6c1f6e 1f6b1f6d
2647300 1f721f70 1f6f1f6d 1f6c1f6b 1f6f1f71
2647320 1f671f6f 1f641f69 1f6c1f6a 1f721f6a
2647340 1f711f73 1f6f1f6d 1f711f72 1f7a1f6e
2647360 1f721f71 1f721f73 1f6d1f71 1f751f74
2647400 1f751f73 1f771f73 1f7a1f77 1f771f7e
2647420 1f751f77 1f751f6e 1f831f75 1f7f1f81
2647440 1f7a1f81 1f821f85 1f7b1f80 1f801f7f
2647460 1f801f80 1f821f85 1f841f87 1f801f79
2647500 1f801f74 1f831f89 1f841f83 1f901f91
2647520 1f931f93 1f911f8c 1f8c1f8e 1f851f86
2647540 1f801f87 1f851f80 1f8c1f89 1f8c1f83
2647560 1f8a1f8c 1f8a1f8e 1f8e1f8d 1f901f8b
2647600 1f971f91 1f921f92 1f921f94 1f9a1f91
2647620 1f8b1f8e 1f881f8e 1f8e1f8a 1f861f91
2647640 1f951f95 1f951f96 1f941f91 1f931f95
2647660 1f921f93 1f961f97 1f951f92 1f971f95
2647700 1f9a1f9d 1f981f9c 1fa51fa0 1fa71f9d
2647720 1fa11f9c 1fa11fa2 1f9e1fa0 1fa31f9f
2647740 1fac1f9e 1f9e1fa3 1fa41f9b 1f9c1fa6
2647760 1fa21f9b 1fa21fa8 1fa11fa3 1fab1fa6
2650000 1fab1fa5 1fae1fa9 1fae1fa3 1fa81fa8
2650020 1fad1fac 1fa91fac 1faa1fab 1fae1fae
2650040 1fa81fa4 1faa1fa5 1fa91fa9 1fa71fab
2650060 1fa91fac 1faa1fae 1fa81faa 1fa61fa9
2650100 1fb01fab 1fab1fab 1faa1fb1 1fac1fab
2650120 1faa1fa9 1fb21fad 1fb11fb7 1faa1fb4
2650140 1fac1fa8 1fb11fb2 1fb51fb1 1fad1faf
2650160 1fb01fa7 1fa51fab 1fad1fa9 1fa91fa7
2650200 1fa61fa9 1fa81fa5 1fa71f9c 1fac1fb0
2650220 1fa91fa3 1faf1fac 1fa51fab 1fa01fa1
2650240 1fa91fab 1fa81fad 1fa71faa 1fa51fab
2650260 1fac1fa7 1fac1fae 1fad1fb4 1fb31fb3
2650300 1fb21fb3 1faa1fae 1fad1fb2 1fa81fac
2650320 1fa01fa7 1f9e1fa1 1fa11fa9 1fa31fa4
2650340 1fa41fa5 1fad1f9f 1fa61faa 1fab1fb0
2650360 1fb51fb5 1fab1fad 1fab1fa9 1fa31fa2
2650400 1f9c1fa0 1fa21fa4 1fa51fa4 1fa81fa4
2650420 1fab1fa8 1fa31fa3 1fa31fa4 1faa1fa0
2650440 1fab1fa5 1faf1faf 1fa71fad 1fa61fa5
2650460 1fa21f9f 1faa1fa5 1fa61fa5 1fa71fa4
2650500 1faa1fa9 1fa71faa 1fad1fa5 1fb31fac
2650520 1faa1fad 1fa31fa7 1faf1fad 1fab1faa
2650540 1fae1fab 1fb01fb4 1fad1fb2 1faa1faa
2650560 1fae1fae 1fa41fae 1fab1fab 1fab1fb0
2650600 1fa71fac 1faa1fa6 1fa61fad 1fab1fb2
2650620 1fa61fad 1faf1fa6 1fb51fb2 1fab1fb0
2650640 1fb01fae 1fa91fb0 1faf1fa4 1fae1fa9
2650660 1fb21fb1 1fb51fb5 1fb01fb5 1fb21fb0
2650700 1fb11fb3 1fae1fab 1faf1fb3 1fb11fb6
2650720 1fae1faf 1fbe1fb4 1fb81fb8 1fb81fba
2650740 1fa51fab 1fa71fa7 1fb81fae 1fbc1fb2
2650760 1fbb1fc2 1fb81fba 1fb01fb7 1faf1fae
2651000 1fba1fb4 1fb81fb6 1fb71fba 1fb61fb8
2651020 1fb51fb2 1fbd1fba 1fbd1fbd 1fbc1fbd
2651040 1fb41fb7 1fbd1fbd 1fbe1fb9 1fbe1fc3
2651060 1fc11fc0 1fba1fb9 1fba1fb7 1fc21fbf
2651100 1fba1fbd 1fb81fbf 1fbd1fb6 1fc41fb9
2651120 1fc51fbf 1fc11fc6 1fc51fc6 1fc21fca
2651140 1fc81fc0 1fc91fcb 1fbf1fca 1fc81fcb
2651160 1fc61fc8 1fc41fc2 1fc51fbe 1fcc1fc8
2651200 1fc81fc6 1fcf1fc9 1fc81fc5 1fc81fc7
2651220 1fc61fc9 1fc71fc2 1fcf1fc9 1fd21fca
2651240 1fcd1fc9 1fd11fce 1fd01fce 1fc81fd0
2651260 1fd41fc8 1fd21fd8 1fd01fd9 1fda1fd5
2651300 1fd91fd8 1fd71fd5 1fd71fd9 1fd81fd9
2651320 1fd41fde 1fd11fd3 1fdd1fd7 1fd41fd5
2651340 1fd31fdb 1fe71fe2 1fe51fe9 1fe21fe6
2651360 1fd71fdd 1fdc1fe0 1fda1fda 1fdf1fda
2651400 1fe51fdf 1fdd1fde 1fe01fdb 1fe31fe3
2651420 1fdf1fe5 1fe41fe5 1fe71fee 1fec1ff0
2651440 1fe51fe6 1feb1fea 1fee1fe7 1fed1fe9
2651460 1fef1fea 1ff41ff4 1feb1ff3 1ff01fe7
2651500 1feb1fef 1fed1fe9 1ff11feb 1fef1ff0
2651520 1ffc1ff6 1ff81ffc 1fec1ffb 1fee1fef
2651540 1ff61ff0 1ff61ff1 1feb1fea 1fed1ff6
2651560 1fef1fef 1ff41fee 1ff81ff5 1ff31ff9
2651600 1ffc1ff6 1ff41ff5 1ff31ff3 1ffc1ff5
2651620 20021ff8 20042002 20002002 1ffa1ffe
2651640 1ffa1ffe 20032000 1ffb2003 20082003
2651660 1fff2003 20052004 20022006 1ffe2001
2651700 1ffa1ffe 20082004 1ffd2003 20011ff5
2651720 1ffb1ffe 20022003 20092007 20122009
2651740 200e2013 2009200b 1ffb2003 20062001
2651760 200e200a 20162011 20112011 20112014
2652000 200f2014 20102011 200c200d 200d200f
2652020 200a200d 20132010 20172018 2017201c
2652040 20122016 2013201d 200c2019 200f2010
2652060 200d2015 200c2008 200f2015 20102010
2652100 20122004 200d200c 20132016 201a2014
2652120 201e2021 2020201e 201c201e 201d201d
2652140 201e2026 202d2021 201e201c 20232020
2652160 20142025 2019201e 20212014 20202019
2652200 2023201d 20232022 20282020 202a2027
2652220 20312027 20262029 202c202b 202e2031
2652240 20242028 202d2028 202b2027 20312027
2652260 202f202e 202a202c 20252024 202a202c
2652300 2037202d 20372031 202d202f 2032202d
2652320 2033202b 202e2032 202c2037 202e202c
2652340 202f202d 20342028 202e2037 20352036
2652360 2037202c 20302034 20362034 20332034
2652400 20362038 202e202f 202b202f 202e202f
2652420 202d202d 20312030 2026202e 2031202c
2652440 20362032 2033202f 20372037 202a2033
2652460 20302029 20352034 203b203b 2037203b
2652500 2038203b 20392035 203b203e 203f203f
2652520 2037203f 202e2036 20392035 2034202b
2652540 203b2036 203d203a 203c2033 203f2037
2652560 2036203a 20372039 2036202d 2033203a
2652600 203e2033 203d203d 20372042 203c203d
2652620 2043203e 203b203f 203b203e 20332036
2652640 2036203a 2037203a 202f2038 2032202c
2652660 20322030 203b203c 2033203b 203f2040
2652700 203e2040 20352039 2036203d 20362038
2652720 203d203b 203c203a 20412040 20432046
2652740 203f203e 2041203d 203e2042 20432047
2652760 20452042 20442044 2044203f 20422041
2653000 203d2046 20422046 20472045 20452041
2653020 20432041 20432044 2043204c 20472047
2653040 2046203d 2039203f 203f2043 20402044
2653060 20442044 20442045 20472047 2040204a
2653100 20422042 20472042 204c2046 204a204a
2653120 20502052 204f2053 20422045 204d2048
2653140 2043204a 204c2050 204f204d 205a2059
2653160 20552055 2050204f 20462051 204f2050
2653200 204a2051 20522050 204d204a 204b2051
2653220 2056204c 20522056 2050204d 20492052
2653240 2051204c 20532053 205e2055 205a2056
2653260 205b205b 20522055 204d205a 20502055
2653300 204f204c 20562052 20562056 205b2059
2653320 205f205d 205a2058 205b205a 2058205b
2653340 20572055 2060205a 2067205f 205d2062
2653360 205b2062 2069205e 206c2066 20592063
2653400 205d2059 2054205e 205a205b 2062205c
2653420 2062205f 20672063 2060206b 206c2068
2653440 20642064 2060205e 20682065 205e206c
2653460 2061205c 20652060 206b2062 20642063
2653500 2061205d 20632065 20622065 205e205c
2653520 2063205f 205f2066 206a2062 206f2069
2653540 2073206d 206d206a 206b206b 20702072
2653560 206c2070 206c2064 20662068 20662062
2653600 20692066 2066206e 206f2064 20692063
2653620 206c2068 206c2073 20682070 206e206a
2653640 2076206c 20692071 2069206d 2068206d
2653660 206f206a 20742072 20782076 20742073
2653700 20722073 206d206a 206f2071 20722074
2653720 20742072 206a2076 207a2070 2072206f
2653740 20722071 207b2072 20792077 20772077
2653760 20732071 20742071 207b207b 2077207d
2654000 20792078 20772077 206e2079 207b2077
2654020 207a2076 2076207b 20762074 2076207d
2654040 20702074 20712072 20762071 207d2076
2654060 206d2072 20732070 20762071 20762072
2654100 2083207a 206e207f 207c2071 2075207a
2654120 20732076 206c2071 20702075 20742070
2654140 20772078 20792077 207f2078 207b2078
2654160 20712080 20762072 20772073 207a2079
2654200 207c207a 207c2080 20742076 207a2077
2654220 20782075 207f207a 207d207d 2076207c
2654240 20802079 20822082 20812081 2085207f
2654260 207f2086 2086207f 20842084 20782083
2654300 207c207a 2077207d 2081207c 207f2083
2654320 207e2080 207d2080 207c207e 2088207e
2654340 20812084 20862081 2089208d 2084208a
2654360 208d2088 20842088 207f2081 208c2080
2654400 20892088 20852084 207c2083 207e2080
2654420 20872084 208a2087 20912087 2091208f
2654440 208b2087 208d208c 2088208a 208a2089
2654460 20892089 20882086 2086208a 20872092
2654500 208f2087 208c208a 208d208f 20942093
2654520 208f2092 2094208b 2085208e 20872090
2654540 2087208c 208f2086 208d208a 208d2087
2654560 20882085 208a208f 20872086 208e208a
2654600 20892091 2089208d 208f2089 208c2086
2654620 20942094 2089208c 208b2093 20882087
2654640 20842087 208e208c 2095208e 208f2094
2654660 208a208c 20892087 208f2085 208c208c
2654700 208f208e 20902093 208a2088 208f208b
2654720 208a208d 20872087 208d2092 20922091
2654740 2092208f 2094208d 20972093 20982094
2654760 208f2092 208d2083 208f208e 20902092
2655000 208b208d 2091208a 208a2087 208a2085
2655020 208e2088 208a2092 208f208a 2091208f
2655040 208c208c 2092208f 208e208c 2096208f
2655060 20942092 20912094 20912097 20942090
2655100 20972093 20982092 20912097 20972096
2655120 208e2095 20972089 20962091 20942091
2655140 20942091 20972097 209a2095 209a2097
2655160 209720a0 209c209a 209920a1 209a2099
2655200 209c2097 209d209f 20962099 20982095
2655220 20a0209b 20a5209b 20a120a4 209e20a2
2655240 20a220a1 20a020a4 20a4209d 209e20a9
2655260 20a520a4 209e20a1 20a720a1 209b20a1
2655300 209d209f 209e209c 20a620a3 20ac20ac
2655320 209d20a1 20a620a7 20b020a5 20a520a9
2655340 20ab20a5 20ac20a4 20aa20ac 20af20ab
2655360 20b720b1 20ae20b2 20af20aa 20bb20b5
2655400 20b120b5 20ae20b1 20ae20ac 20ac20aa
2655420 20b520b3 20b420bd 20b820ba 20b320b5
2655440 20b720ad 20b920ae 20b120af 20b820b9
2655460 20b520b3 20bd20b9 20ba20bb 20b620bc
2655500 20b020b4 20b320b7 20b820af 20b620bb
2655520 20bb20b5 20c820c5 20c120c5 20be20bd
2655540 20ba20bf 20bc20bb 20c120bf 20c120c4
2655560 20c020c2 20be20c0 20c020c2 20c420c8
2655600 20d120c6 20c720c6 20c420c0 20c620cc
2655620 20c420c0 20c620c2 20cd20c5 20cd20c9
2655640 20be20c6 20ca20ca 20cd20cc 20ca20ca
2655660 20c920cc 20d120c8 20cc20cd 20d220cf
2655700 20cc20cf 20c920c2 20c420c9 20cf20ce
2655720 20c820cb 20d620d3 20da20da 20dc20d5
2655740 20d320d7 20d420d4 20e020da 20db20d8
2655760 20d620d5 20dd20d1 20db20d7 20d920d6
2656000 20d720d7 20d220d9 20d820d9 20dc20d6
2656020 20db20e1 20de20dd 20dd20e2 20d720e1
2656040 20e320d3 20de20de 20ea20df 20db20e7
2656060 20e120df 20e320e9 20e520e0 20dd20e2
2656100 20d820d4 20d520d7 20d320d3 20db20cf
2656120 20e420df 20e320e1 20e320e4 20df20ea
2656140 20e520dd 20e220df 20e520e3 20e220e4
2656160 20e320dd 20dc20dc 20e120e1 20dd20e9
2656200 20e020e7 20e220e3 20e720e1 20ea20ee
2656220 20e720e3 20e120e6 20e520e1 20e820e5
2656240 20e120e9 20e220e1 20ec20eb 20e820e7
2656260 20f020e9 20e320eb 20e320e5 20e820e6
2656300 20e920e9 20e520ec 20ed20ec 20df20e7
2656320 20f520e8 20ed20f1 20e820ef 20e120ed
2656340 20e020e3 20e220e2 20df20e0 20e320e3
2656360 20e620e9 20e720ed 20eb20eb 20e020e0
2656400 20ed20e8 20e920e6 20e820ec 20f020f3
2656420 20e920ea 20f020e6 20ec20f0 20e920f0
2656440 20f020ee 20eb20f1 20e620e4 20ea20eb
2656460 20e020e8 20eb20ea 20e920ee 20f120ea
2656500 20f220f1 20ee20f2 20e420f0 20e720df
2656520 20ea20ee 20ed20e8 20e920f0 20e620ed
2656540 20ec20ec 20f120e9 20f120e9 20f720f2
2656560 20ed20ea 20f320fe 20f020ec 20f420ef
2656600 20ea20f2 20f820f4 20ec20ef 20ee20e4
2656620 20ed20e9 20e920eb 20ed20ee 20ef20ed
2656640 20ef20ed 20e820f2 20ee20f4 20f420ed
2656660 20ee20f4 20f320ef 20eb20eb 20ef20eb
2656700 20ee20ee 20e920ec 20ea20ea 20ee20f4
2656720 20f320f5 20f420f4 20f520f4 20f420f0
2656740 20f120f1 20f020ef 20ee20f2 20f120ee
2656760 20f020ed 20ec20ec 20f020f5 20f120f8
2657000 20ed20ee 20f320f4 20f420f0 20f220f5
2657020 20f920f1 20f920fe 210520fd 20f120fa
2657040 20ea20ed 20e820e8 20ec20ea 20e720e5
2657060 20e320e6 20e720e8 20e920e4 20de20e1
2657100 20e820dd 20e420e1 20ea20e9 20ec20ef
2657120 20ed20e8 20ec20e6 20e320e9 20e420e7
2657140 20ee20e6 20ef20ec 20f020f2 20e620e8
2657160 20e520e2 20e920f0 20e720e3 20e520e4
2657200 20eb20e7 20e620e6 20e520e5 20f220f3
2657220 20ea20ef 20f220e4 20e920e6 20e720ee
2657240 20f020f0 20ec20ef 20ea20e5 20e020e5
2657260 20ed20e7 20e320ed 20e320e2 20df20ee
2657300 20ea20e5 20e020eb 20e120e0 20e620e3
2657320 20e220e4 20ec20ec 20f220ec 20eb20f0
2657340 20ee20ee 20ea20ec 20ea20ed 20e820ef
2657360 20e920e4 20e820e6 20f320e8 20f220f6
2657400 20ef20f2 20f120f5 20f220ed 20f420ec
2657420 20ef20f1 20ea20ef 20ec20ec 20f320ed
2657440 20ed20f7 20e720e9 20e420ee 20ea20e8
2657460 20f120f0 20f320f5 20f620f4 20eb20f3
2657500 20f120ed 20f620f0 20f120f7 20fa20f7
2657520 20f920f9 20f320f0 20fb20f0 20ee20f7
2657540 20fa20f4 20f92100 20f720fd 210720f8
2657560 20fa20fe 20fc20fd 20fb20ff 20fc20fc
2657600 20fc20fb 20f620fb 20f720f3 20fb20fa
2657620 210020ff 20f720f7 20fd20f7 20f620fd
2657640 21012104 20fd2104 20fc20f3 20f420f5
2657660 21062103 21072106 2104210c 21042105
2657700 21042103 210620fe 20fe2103 210220ff
2657720 210c2106 21082103 210f2114 21162113
2657740 21162113 2113210c 210f2109 2107210d
2657760 2115210d 210e2115 210e210f 210d2111
2660000 21182117 21112111 21132112 210b2112
2660020 21122111 2114210f 21152116 211d211d
2660040 2124211b 21242125 2116211a 211d2111
2660060 21202121 2121211e 2122211e 211b211e
2660100 2122211f 211d2122 211e2118 211c2120
2660120 2123211e 211e211c 212a211d b01004bc
2660140 00000fcc 0001000a 00010000 03b16040
2660160 00000ffc 0001000a 1400003c add01f00
2660200 add01f01 add01f02 add01f03 add01f04
2660220 add01f05 add01f06 add01f07 add01f08
2660240 add01f09 add01f0a add01f0b add01f0c
2660260 add01f0d add01f0e add01f0f add01f10
2660300 add01f11 add01f12 add01f13 add01f14
2660320 add01f15 add01f16 add01f17 add01f18
2660340 add01f19 add01f1a add01f1b add01f1c
2660360 add01f1d add01f1e ff000134 00000020
2660400 00000002 c3df3f6e 00000001 deadbeef
2660420 f0000002 c3df3f5a 150575f1 00000000
2660440 00000134 00001f48 a01104bd 21ea2125
2660460 21ec21e3 21df21e9 21e121e0 21e321ed
2660500 21e721e1 21e121e1 21df21dd 21e321e3
2660520 21e221d7 21e021dc 21dd21e4 21db21e0
2660540 21de21dd 21dd21dd 21db21da 21e321db
2660560 21d421de 21dd21d9 21de21dc 21db21d9
2660600 21e221e3 21dc21da 21d921e4 21db21d8
2660620 21e521e0 21e121e2 21e221e6 21ea21eb
2660640 21e821ea 21e321e4 21da21e4 21db21dc
2660660 21d821d7 21d821d8 21da21d8 21d821dd
2660700 21d521dc 21da21d9 21d921db 21d621d7
2660720 21d321d7 21d021d5 21e021dd 21d621d7
2660740 21d921e2 21d321d7 21d521d7 21d821d8
2660760 21dc21de 21de21df 21dd21df 21d621dc
2661000 21d621d4 21ce21d6 21d121d0 21d321d1
2661020 21ca21d8 21d421cb 21d221d3 21db21cc
2661040 21d421d8 21ce21d5 21d121ca 21d421d7
2661060 21d921d5 21d621d9 21d321d9 21d221d3
2661100 21d121d6 21d421d0 21cf21d3 21d521d2
2661120 21cf21d9 21d121d2 217621c7 209120fc
2661140 1ffc2039 1fbd1fdd 1fa51faa 1f951f9a
2661160 1f991f99 1f951f99 1f931f93 1f8f1f8c
2661200 1f971f91 1f901f8f 1f921f8e 1f901f9b
2661220 1f941f93 1f911f8f 1f8e1f91 1f851f8a
2661240 1f8c1f88 1f8f1f8d 1f951f8a 1f921f91
2661260 1f981f97 1f9b1f99 1f921f8e 1f9b1f95
2661300 1f961f91 1f991f9d 1f971f96 1f941f95
2661320 1f971f90 1f921f8e 1f951f9e 1f9e1f9b
2661340 1f991f98 1f9e1f93 1f901f9b 1f961f99
2661360 1f9c1f9b 1f981f9c 1f921f98 1f9d1f98
2661400 1f9a1fa2 1f981fa0 1f9e1f96 1f9c1f9a
2661420 1f9f1fa1 1fa01fa1 1f991fa4 1fa21fa2
2661440 1fa51f9c 1fa61fa2 1fa01fa6 1f9e1fa0
2661460 1fac1f9f 1fad1fa7 1fa81fa5 1fa31faa
2661500 1fa81fa8 1fa51fad 1fb31faa 1fb31fba
2661520 1fb11fb1 1fb01fb1 1fad1fa8 1fb61fb9
2661540 1fab1fad 1fab1fb7 1fb61fb6 1fbd1fb7
2661560 1fbe1fba 1fc41fc3 1fc31fc3 1fc71fc7
2661600 1fbf1fc7 1fbd1fbf 1fc21fc0 1fc11fc3
2661620 1fb91fc1 1fc61fbf 1fc61fc8 1fc71fbe
2661640 1fc81fcd 1fcc1fcc 1fc41fc9 1fcd1fce
2661660 1fd21fcd 1fc91fc8 1fc21fc6 1fc61fca
2661700 1fd11fca 1fd61fd4 1fd71fda 1fd81fcd
2661720 1fda1fd7 1fd21fd1 1fd41fd2 1fcf1fd6
2661740 1fd51fd0 1fd41fda 1fda1fd4 1fcf1fd0
2661760 1fd81fd8 1fdb1fdd 1fd21fdb 1fda1fd0
2662000 1fd51fd4 1fd31fdb 1fd21fd1 1fd81fdb
2662020 1fdf1fdc 1fe31fdb 1fe31fe2 1fe21fe6
2662040 1fe11fe3 1fe01fda 1fe41fda 1fe81fdf
2662060 1fda1fe2 1feb1fe1 1fe41fdf 1fe41fe6
2662100 1fe61fe5 1fe71fed 1fe31fe6 1fe11fdf
2662120 1fe01fdf 1fde1fe1 1fe21fe1 1fe51fe4
2662140 1fec1fe2 1feb1fea 1fe31fed 1fe31fe9
2662160 1fec1fea 1fea1fe4 1feb1fe4 1fe71fe7
2662200 1fec1fea 1fec1fec 1fee1fee 1feb1feb
2662220 1fe41feb 1fe61fe6 1fe31fe6 1fef1fe8
2662240 1fea1ff3 1fe71ff0 1fe41fe7 1fe91fe6
2662260 1fed1fe1 1fe11fe2 1fdf1fe3 1fe21fe2
2662300 1fef1fe7 1fea1feb 1ff61ff3 1feb1ff1
2662320 1ff41ff4 1fee1ff6 1ff71fee 1fed1ff4
2662340 1fe81fea 1fea1fe3 1fe61fec 1fea1feb
2662360 1fe61fe4 1fef1fec 1fe81feb 1fe91fec
2662400 1fe71fea 1fe61fe4 1feb1fe7 1fec1ff0
2662420 1fee1fee 1feb1fec 1ff01fee 1fec1ff1
2662440 1feb1fed 1fec1ff2 1ff31fed 1feb1fef
2662460 1ff21ff2 1ff71ff9 1ffa1ffa 1ff21ff9
2662500 1fed1ff3 1feb1ff4 1fe31fe7 1ff31ff0
2662520 1fef1fe9 1fef1fea 1feb1fea 1fe81fed
2662540 1fec1fef 1fe91fe1 1fe91fe7 1fe71fe8
2662560 1fe71fe9 1fe61fe2 1fe41fea 1fe81fe8
2662600 1fe71fe5 1fed1fec 1ff11ff5 1feb1ff3
2662620 1ff11fef 1fed1ff0 1fea1fea 1ff21ff0
2662640 1fef1ff0 1ff21ff1 1fe71ff0 1feb1ff5
2662660 1fe61fe7 1ff11fed 1fe91fef 1fea1fec
2662700 1fec1fed 1fe71fe8 1fe41fe2 1fe71fec
2662720 1fed1ff3 1fea1ff1 1fe71fec 1fea1fea
2662740 1fe81fee 1fe41fea 1feb1fef 1fed1fe4
2662760 1fea1fe4 1fee1fe3 1fe71ff0 1fe81ff4
2663000 1fe51fe7 1fec1fea 1ff41fef 1fed1ff7
2663020 1feb1ff3 1ff01fed 1fec1fef 1fe91fe8
2663040 1fea1fe8 1fef1ff0 1fec1ff3 1fef1fee
2663060 1fe21fe7 1fe51fde 1fe21fe8 1fe51fdb
2663100 1fe11fde 1fe21fe3 1fe81fe2 1fe31fe2
2663120 1feb1fe4 1fe71fe4 1fe91fe7 1fec1fea
2663140 1ff41fef 1fe61fea 1fe51fe4 1fe01fe4
2663160 1fe51fe7 1fe51fe4 1fe41fe2 1fe51fdd
2663200 1fe21fe0 1fe11fdf 1feb1fe7 1fe41fea
2663220 1fe11fe1 1fe81fdb 1fda1fe3 1fe71fe2
2663240 1fe01fe2 1fe61fe5 1fde1fe4 1fe41fe3
2663260 1fe21fe2 1fe31fde 1fe41fe6 1fe81fe3
2663300 1fe81fe7 1fe91fe8 1fe81fee 1fe61fec
2663320 1fe11fe3 1fe01fe6 1fd51fe3 1fe11fde
2663340 1fe01fe6 1fdb1fe1 1fd71fdd 1fdf1fdd
2663360 1fe11fd9 1fe81fe4 1fe21fea 1fe11fe5
2663400 1fe51fe1 1fe61fe4 1fea1fe3 1fe71fe8
2663420 1fee1fe7 1fe31fec 1fef1fe4 1fe61fe5
2663440 1fe91fe7 1feb1ff2 1fea1fe5 1fe81fe5
2663460 1fef1fe6 1fe41fe1 1fe81fdd 1ff31ff2
2663500 1ff21fe7 1ff41ff6 1fe91feb 1fea1fe7
2663520 1feb1feb 1fee1fef 1ff41ff3 1fef1ff4
2663540 1ff51ff8 1fef1ff5 1ff51ff0 1ff71ff6
2663560 1ff61ff7 1fee1ff5 1ff91ff8 1ff91ff6
2663600 1ffe1ff8 1ffa1ffa 1ffd1ff3 20021ff8
2663620 1ffc1ff8 1ffb1ff9 1fff1ff8 20011fff
2663640 1ffe2003 1ffd1ffd 20022002 200c1fff
2663660 20022004 1ffd2000 20071ffc 200b2007
2663700 200e2010 200e2007 20122012 200c2010
2663720 200c200c 20112011 2017200e 200e2019
2663740 200f2007 20152011 200b200d 200d200c
2663760 20122013 20162011 201a2010 20192014
2664000 20112014 201a201a 20172021 201d2019
2664020 2021201f 2017201d 201e2018 2018201f
2664040 2022201b 2020201f 20252024 201d2025
2664060 201f2022 20232020 2029201f 2023202a
2664100 20242021 20232029 202d2027 202b202e
2664120 202a202f 202f2031 20332035 2032202e
2664140 2038203a 20322035 20332034 2035203e
2664160 203b203a 20382036 20382038 203c203c
2664200 2047203e 2038203d 203f2038 20362034
2664220 2038203a 20402036 203e2041 203f2038
2664240 20432041 203f2040 20462043 20442045
2664260 20462046 20412047 20472046 204d2045
2664300 204c204a 20462045 204e204a 20422048
2664320 204c204a 2054204a 204c204d 2051204c
2664340 20552050 2045204e 204c204a 20582053
2664360 204c2053 204d204d 204c204a 205a2051
2664400 20512054 20572050 2055205c 204e2054
2664420 204e2050 204d2049 2052204d 20552054
2664440 205a2056 20502059 2063205e 2059205c
2664460 2064205a 20592051 20532051 20562054
2664500 20542055 205b2057 20562054 205d2059
2664520 2056205b 20572057 2060205b 20582061
2664540 2062205a 2062205f 205e205b 205f205f
2664560 2060205d 2057205e 204d2055 204f2051
2664600 2054205a 2064205a 20612058 2063205d
2664620 205c205e 2061205f 205e2063 20642056
2664640 20602060 2057205d 2057205b 205d205f
2664660 205d2058 205c2059 2060205d 2062205d
2664700 205e2056 2062205a 206f2063 205c2061
2664720 20652069 2060205e 20682069 206a2066
2664740 20642065 20602066 20612063 206a2062
2664760 20682066 2066206b 206b206d 20692066
2665000 205f2065 20622064 20662063 205f206e
2665020 20632063 2068205f 20602066 205d205c
2665040 20632068 20632065 2066205e 20652062
2665060 2064206d 2060206a 20692067 2071206b
2665100 2071206c 2064206d 2067206c 2068206b
2665120 20612060 20712068 20602067 205c2064
2665140 2057205c 205a2059 20582054 20592054
2665160 20632063 2058205f 205e205c 2057205c
2665200 2066205c 205c205f 20522057 2061205c
2665220 20672066 20632067 205a2064 2061205c
2665240 20612060 204f205b 2053205a 2052205b
2665260 20542055 2053204e 2057204e 20542056
2665300 2058205a 20582054 20562054 204e2053
2665320 20512054 20562051 204f2057 204d204c
2665340 204d2048 2048204a 20482050 204d204d
2665360 2052204f 20562052 20502050 20542052
2665400 20472050 204d204d 204f2049 204d2050
2665420 20592051 204f205a 204f204d 204f2055
2665440 2054204c 204d2054 204d204f 204a204c
2665460 204e204c 2044204a 204b2049 2055204f
2665500 204c204b 204a2048 20472045 204b204b
2665520 2049204f 20492044 204b2045 2043204c
2665540 20422046 204c2050 204d204c 204d2054
2665560 204d2052 204f2053 20472049 2049204c
2665600 204b204c 203d2047 203d2042 20432041
2665620 20462042 20412044 2044204c 20442044
2665640 20522049 204f2054 20482050 20492049
2665660 204b204c 2050204c 204a2041 20452043
2665700 2043203f 203e204d 204a2046 204e204a
2665720 204b204e 204b204e 2043204f 20482042
2665740 204c2047 204b204b 204c204a 204f2052
2665760 2051204e 204d2048 204c204b 204d204f
2666000 204a204c 2055204f 20542057 20512058
2666020 20552060 2055205a 204e204c 20572051
2666040 20502053 20572056 205a205a 205a2055
2666060 20582059 20532054 20522051 204f204f
2666100 20542056 205d205a 2057205a 205d205e
2666120 20622062 205d2062 2059205f 205c205e
2666140 2067205c 2061206a 2069205e 2066206c
2666160 2064206e 20692065 2066206d 206b2062
2666200 20672061 20652064 2069206b 206c206c
2666220 206c206a 206b2062 2066206c 20632062
2666240 20632064 205f2065 206d2062 206f206e
2666260 20742075 20792079 207b2080 2079207a
2666300 20772078 20732072 20762079 20822079
2666320 2083207c 207f207f 2070207c 207c2082
2666340 207c207a 207b2076 20812078 2080207c
2666360 20832089 20852085 20872087 2087208b
2666400 208c2090 208e2099 208e208e 208a208f
2666420 208f2088 208d208d 208d208b 2091208e
2666440 2095208b 208d208d 20902091 2091208d
2666460 20952094 20942093 20942093 2097209e
2666500 2091209a 20952096 2090208e 20912093
2666520 20902097 20942099 209b2099 209a2091
2666540 20962094 209a209a 20a4209a 209f20a2
2666560 20a5209c 20a620a5 209e20a0 20aa209f
2666600 20a3209d 20a0209e 20a120a1 209e20a0
2666620 209e209f 209b2098 20a7209a 20a520a1
2666640 20ab20a7 20a320aa 20a7209f 20a620ac
2666660 20a6209f 20a920b3 20ae20b4 20b320ad
2666700 20b720b0 20b320b2 20ac20b1 20af20ad
2666720 20ae20ad 20b120ae 20af20aa 20ae20a8
2666740 20ab20ad 20ae20ae 20b920b1 20b420b4
2666760 20b620b1 20b120b7 20b820b8 20b720b5
2667000 20b420ae 20b020b1 20b120b0 20b520b2
2667020 20b520b7 20bf20b8 20b320b3 20b320b3
2667040 20ab20b8 20ba20b1 20b520b5 20bf20c5
2667060 20b720bb 20ba20b2 20b920c0 20bb20b8
2667100 20b920bf 20b720bd 20c320bf 20c620c7
2667120 20c420b9 20b920c1 20bc20b8 20c020c2
2667140 20bd20bb 20bc20c0 20b720c0 20b920bc
2667160 20ba20ba 20c120b7 20b820bc 20bb20c0
2667200 20c020bf 20c120bc 20c920bf 20bb20bc
2667220 20c020c8 20b820c0 20c020be 20c820c1
2667240 20bf20c0 20bd20bc 20bb20c1 20be20c2
2667260 20c020be 20be20b8 20ba20bd 20c420c2
2667300 20c320c1 20c420c2 20c220be 20ba20bf
2667320 20c520c3 20c120c5 20b920b9 20b720b6
2667340 20c220ba 20bb20c3 20bf20c1 20bd20b8
2667360 20bc20bd 20bf20c0 20b720bd 20b920c3
2667400 20b720bc 20b920b3 20b820b8 20b920b6
2667420 20b420b9 20bb20b5 20b520bb 20b320b6
2667440 20bb20be 20c320ba 20bd20bf 20bd20be
2667460 20bd20bc 20c320bc 20c320bf 20c120ba
2667500 20bd20bd 20b620be 20b620b7 20b020aa
2667520 20b120b0 20b120b4 20b920b2 20b820bb
2667540 20bd20b4 20c020b6 20bc20bb 20be20bc
2667560 20bc20be 20b720b8 20b320b0 20b520b2
2667600 20ac20b1 20b020b0 20b220b0 20b220b1
2667620 20b020b8 20b020aa 20ac20b1 20b320ad
2667640 20a620a8 20b120b4 20b120b3 20af20ae
2667660 20a820af 20b120a7 20ae20ad 20aa20b0
2667700 20b220ab 20b320b1 20ac20b7 20aa20a7
2667720 20a220a0 20a620a7 20a720a3 20ad20a9
2667740 20a920ab 20a220a7 20ab20a7 20a920a7
2667760 20a920a9 20ab20ab 20a620a9 20a320ab
2670000 20a720a0 20a7209b 20aa20a9 209e20a4
2670020 20ab20a6 20aa20a5 20a720a5 20ab20a7
2670040 20ab20aa 20a720ae 20a320a6 20a320a2
2670060 20a420a0 209d20a1 209a209f 20a02098
2670100 209620a1 209d209c 2095209f 20962099
2670120 209f2097 20a020a1 20a3209e 209a209e
2670140 20ae20a0 20a420a4 20a920a4 20a120a7
2670160 209d209c 20a420a9 20a520a5 20a720a4
2670200 20a420a2 209e20a0 20a5209f 20a720a5
2670220 20a0209d 20a620a2 20a420a7 20a220a7
2670240 209b209f 20a720a3 20a520a7 209f20a7
2670260 20a220a0 20aa20a6 20a620ab 20a220a4
2670300 20a420a8 20a320a4 209e20a2 20a0209e
2670320 209a209f 20a1209b 20a2209e 20a920a4
2670340 20a620a7 20ad20a8 209d20a0 20a3209f
2670360 20a820a8 20a720ab 20a820ac 20af20af
2670400 20ae20ae 20af20a7 20ac20ad 20ad20a7
2670420 20a720a2 20a920a8 20a220a2 20a220a2
2670440 20a520a5 20b420b4 20c220b8 20b320ac
2670460 20b320a9 20b420a9 20ac20ae 20b120ae
2670500 20bc20b3 20b320b9 20b120b7 20b720b1
2670520 20b620bd 20b420b1 20b720b4 20b220b5
2670540 20be20bb 20b720b6 20bb20b8 20bd20b6
2670560 20ae20b8 20b120b2 20b820b3 20bc20c2
2670600 20ca20b7 20be20bc 20bd20c5 20b820be
2670620 20c020c4 20c420b8 20cd20c8 20c120c9
2670640 20c420c9 20c520c9 20cb20ca 20cc20c9
2670660 20c520c4 20cb20cb 20cd20c8 20cb20c9
2670700 20d120d0 20cc20d0 20cc20ce 20cc20ce
2670720 20d420d1 20cc20d4 20d120d2 20cf20d5
2670740 20cd20d2 20d620cc 20cf20d5 20c620cd
2670760 20d020cf 20cc20d1 20cb20c9 20cd20cd
2671000 20cf20c9 20cd20d0 20ce20d6 20da20d6
2671020 20d520d8 20d920d5 20d920d8 20e120dd
2671040 20df20db 20db20e1 20d420da 20da20da
2671060 20e220e0 20e420da 20da20dd 20db20de
2671100 20e320d7 20dc20dc 20e120d8 20e620e9
2671120 20e420e3 20e420e6 20e620e3 20e620e3
2671140 20e820e1 20e320e7 20e720e8 20e420e6
2671160 20f120e7 20f620f3 20ea20f1 20ef20eb
2671200 20e520f0 20e620e5 20e920ea 20e820e6
2671220 20e620e9 20e520e3 20e320e7 20ea20e5
2671240 20de20f0 20e520ea 20eb20ec 20f120ed
2671260 20f020ec 20f320f6 20f420f7 20f220f4
2671300 20f220f3 20ec20ef 20f620f6 20f620fc
2671320 20f92105 20fa20f0 20f820fa 20f120f0
2671340 20f320f6 20ed20f5 20f620f1 20f720f5
2671360 20f020fb 20f820f6 20f820f8 210020f6
2671400 20f320fc 20fb20fe 20fc2102 210320fd
2671420 21062100 20fa2108 20f220fd 21012102
2671440 21062104 21052103 20fd20fd 20f320ff
2671460 20f520fd 20fa20fc 20fd20fc 210220fa
2671500 20f820ff 20fd20fe 21022100 21082102
2671520 2109210a 21032106 21092102 2107210a
2671540 21032103 21012102 20ff2108 20fe2103
2671560 20fe20fd 210b2103 2109210b 21042105
2671600 21072116 21042105 210a2105 21032102
2671620 20fe2100 21022102 210820fc 20fe2106
2671640 210520fe 20fd2108 21082109 21042102
2671660 20ff20fc 21002103 20f720fe 20fc2100
2671700 21012103 210220fe 210420fd 21072104
2671720 210f2114 21132114 210d210c 210a210c
2671740 21052100 21032102 21072102 21022101
2671760 20fb2101 21012102 21032100 20fc2100
2672000 20fe20fd 210020ff 210520fd 20fe2108
2672020 20fb20f9 20fc20fc 20fd20fc 20fd20f2
2672040 21012103 210320fb 20ff2104 20f820ff
2672060 20fd20fe 20f420fb 20f720f5 20fc20f5
2672100 20f620fd 20f920f9 20ff2102 20f720fa
2672120 20fa20fc 20fc20f6 20fd20fb 20f920fc
2672140 20fa20fb 20fc20f5 20f720f4 20f420fa
2672160 20f320fa 20f020f1 20f320ef 20f320f4
2672200 20f320f5 20f420fa 20ea20f0 20f720ef
2672220 20fa20f6 20f120f8 20f220f2 20f820f7
2672240 20f620f0 20f520f4 20f120f4 20f220f3
2672260 20f120f3 20f520ed 20ef20f0 20ff20f6
2672300 20fa20fb 20fb20f3 20ee20f8 20fc20f5
2672320 20fd20fd 20f520f8 20f120ef 20ea20f1
2672340 20f820f4 20f020ef 20f820f8 20fb20f4
2672360 20f420e9 20f020f1 20f120f0 20f820f7
2672400 20f420fc 20ef20f2 20ef20f1 20ec20ed
2672420 20fd20fe 20ff20f7 20f420f4 20f120f5
2672440 20fa20f8 20fe20fd 20fc20f9 20fd20f5
2672460 20f52100 20f420fa 20f120f4 20f020f5
2672500 20eb20ef 20eb20ea 20f520f2 20f920f5
2672520 20f920f2 20f420f2 20ed20ee 20e920ed
2672540 20ea20f1 20f720f1 20f620f3 20fc20f9
2672560 20f620ff 21002101 20fa20f4 210320fb
2672600 20ff2103 20fa2101 20ff2103 20fb20fa
2672620 20f220f7 20f620f5 20f420f5 20fd20f9
2672640 210220fb 210820fd 21022109 21052102
2672660 20ff2105 21032101 21002101 20fa20fa
2672700 20fc20fb 21042100 20fd20fc 210220f9
2672720 21002104 210020fc 21022107 21022102
2672740 210820fe 21012104 20ff2103 21002103
2672760 21012101 21032106 21052105 21092103
2673000 21052105 2107210c 2108210d 20ff20fd
2673020 21092109 21062107 2108210b 210c2107
2673040 210e210a 2105210f 210d2109 210c2107
2673060 210d210e 21152114 210e210b 2109210d
2673100 21072105 210b2105 210a2104 21002101
2673120 210b2107 21062109 2111210a 210d210c
2673140 21112110 21122112 210d2113 210f210b
2673160 2114210d 2112211a 21142117 21102119
2673200 21102111 210f2114 210f210e 211a2113
2673220 211e211a 21192113 210a2112 21132113
2673240 21152116 2115210c 2108210c 2107210b
2673260 21122112 2113210b 211a2119 2115210f
2673300 21162113 21132117 21122117 21142111
2673320 21122111 211b2115 21192121 2113211b
2673340 21122110 21162111 21112111 211a2111
2673360 211d2113 2118211b 21182113 21112116
2673400 210e2113 210c2112 21122110 211c2118
2673420 21192118 2118211e 21122118 210c2113
2673440 21142111 2117211b 2123211d 21192124
2673460 2122211b 2121211c 211e211f 21192118
2673500 2126211c 2121212d 211a211e 21212122
2673520 211f2124 2118211c 211c2123 21172119
2673540 211b2122 211e211e 211a211c 21242121
2673560 2121211c 2120211b 21232126 21252123
2673600 212d2124 212a2126 21252126 21282124
2673620 212d2129 212f2131 2124212a 211f211f
2673640 21202124 212a2125 21242123 21282127
2673660 212a212c 21272128 212a2125 212c2131
2673700 2128212b 21222129 212c212a 212d212b
2673720 21312129 212a2129 212d2131 21302132
2673740 21262129 212f212f 212c2126 21232127
2673760 2125212c 2131212a 21352138 2132212a
2674000 21362133 2131212b 21362135 212d212f
2674020 21392131 212f2135 21282126 2123212e
2674040 212d2133 213e2132 213a2137 2134213a
2674060 21372139 21342133 21382135 2131213a
2674100 21322133 21322133 21352139 2131212e
2674120 21312131 2131212f 2134213c 21302138
2674140 2132212c 212f212c 21342133 2130213b
2674160 212d212e 212e2131 2131212f 212f212f
2674200 21302133 2131212c 212f212c 212f2131
2674220 212b2131 212e2134 212b2128 213d2129
2674240 213b2141 212e2132 212e213b 212c212d
2674260 2135212e 21342136 21352132 21322139
2674300 21332133 21372136 21392135 2138213b
2674320 2136213b 21382137 21362136 212d212a
2674340 21332130 21322134 212a2129 2133212f
2674360 21312130 2132212d 212f2131 21322132
2674400 212f212e 212b2134 21302131 2127212e
2674420 21282128 212d2127 212a212a 21242127
2674440 212b2128 21272125 21322127 21302135
2674460 21332133 21302137 212b2130 21292129
2674500 212a212e 21282129 2136213a 212e212e
2674520 21382131 21312138 21362138 2139213a
2674540 21322131 21352132 212a2135 2131212f
2674560 212a2133 2132212f 212f2131 212e2126
2674600 21322132 2128212d 212d212b 2133212b
2674620 2129212d 2126212d 212c212e 212b212a
2674640 2135212f 21352133 212b212f 212e212e
2674660 212a212d 2138212e 212d2132 21342132
2674700 21342133 21312137 2130212d 212e212d
2674720 21322137 212f2132 212c2136 2139212f
2674740 21372138 2131212d 21362142 21332133
2674760 213b2137 213a2137 2137213b 21352139
2675000 213e213a 21342134 213f2137 213c2144
2675020 213b2140 213a213c 213c213c 213e2134
2675040 2144213f 213c2141 2145213c 21432142
2675060 2147213b 21382143 213a213d 2134213a
2675100 21382135 213e2137 213a213e 213a2136
2675120 213c213f 2138213d 21422141 2138213b
2675140 213f213c 213e213c 21422138 213e213d
2675160 213c213b 21412146 2145213c 2148213d
2675200 2142213f 21402148 21412147 21412139
2675220 213e2140 2139212f 2135213e 21362137
2675240 2140213e 213a213d 21402137 213b2143
2675260 21422140 21452143 21492143 21402144
2675300 21412141 2146214b 213e213e 2146213d
2675320 2142213f 2140213d 213f213d 213c213c
2675340 21442141 21472141 21432141 21432140
2675360 214c2146 21502146 2145214a 2141214e
2675400 2140213f 214b214b 214a2147 21402149
2675420 21412144 213e213e 21462141 21482149
2675440 21482141 214b2147 2140213f 21452140
2675460 21422149 213b2144 2134213d 21392136
2675500 2145213f 213f213e 2147213e 213e2146
2675520 2141213f 21422142 21502145 214f214b
2675540 21462149 214c214a 21452141 213e213e
2675560 21342139 213b2144 2138213b 2138213e
2675600 213b2138 213d2141 213e213e 21372142
2675620 2143213a 214e2147 2146214d 21432146
2675640 213a2146 2141213c 213e2143 214a2143
2675660 2144214c 21472147 21432140 21442145
2675700 213f2140 214c2144 21482147 2146214a
2675720 21492144 21482139 21452149 21452148
2675740 2149214e 213d213d 214d2143 21442149
2675760 214a2145 21472146 2152214c 21512154
2676000 214c2152 214f2152 214b214e 21492149
2676020 21452142 21482147 21532150 21452151
2676040 2152214a 2149214b 214c214a 2155214d
2676060 21512156 2154214d 214b2148 214e214d
2676100 21552158 21562153 21542152 21512150
2676120 21502151 21512158 21552152 21512153
2676140 2149214c 214e2150 214a2149 2154214b
2676160 2158214f 21572157 215b215c 21532150
2676200 21502159 21592151 2163215f 21632160
2676220 2158215b 21552155 215b2153 215b2159
2676240 21532155 21562155 215d2158 21672160
2676260 2161216b 2160215c 21572152 2154214e
2676300 21572150 21532156 21562156 2152215a
2676320 21552154 215a2158 215a215b 215c2159
2676340 215b2164 21572154 21582155 215a2155
2676360 215b2157 2155215e 21592159 21552153
2676400 21542153 215a2159 215a2160 21622161
2676420 2161215c 21602160 2155215d 21522151
2676440 2154215b 21522152 21572157 21532152
2676460 214d2153 21532156 2157215b 215c215e
2676500 21592164 2157215a 21522159 215a2150
2676520 214d2155 21572156 215b215b 215b215f
2676540 2155215c 21562152 21522157 215d2152
2676560 21582157 2165215e 21612163 215c2162
2676600 21612166 215a215f 215d215d 2159215a
2676620 215a215a 215f215c 215f215d 215e215b
2676640 215b2164 215a2160 2161215b 215d215b
2676660 2169215d 21692168 215f2169 21672162
2676700 21642167 215e2157 216e215f 215d2169
2676720 215f2166 21692164 216a2164 216b2169
2676740 21672167 21602166 215b2162 21662166
2676760 21682160 21682161 21642167 2167216a
2677000 216c2160 2170216b 216e2175 2168216d
2677020 21672165 21672168 2164216b 21662169
2677040 216d2170 216d216a 21692168 21682164
2677060 216a2169 21682168 21692168 216b2164
2677100 21662167 2164215f 21692169 216c2166
2677120 216f216c 21672170 21692169 216f2174
2677140 21742170 21702178 21752177 216c216d
2677160 21702170 216d216f 2176216d 21742173
2677200 21712173 217b217b 216f2177 21772175
2677220 21792177 21762176 21702173 21742172
2677240 21792178 2174217b 216e2175 21772177
2677260 21742177 216f2175 217b2178 21762177
2677300 217c2178 21732174 21762170 21762175
2677320 21792177 2182217d 2182217d 21782178
2677340 217a2179 217a2179 217f217d 2180217d
2677360 21802176 2174217d 21822179 21872181
2677400 2183218b 2185217f 217f2182 21772189
2677420 21832182 217e217b 2183217b 217f2179
2677440 21752175 21782175 21812187 2185217f
2677460 2178217f 217d217e 2185217f 217d2180
2677500 2181217e 217e2177 21792180 21752180
2677520 217d2179 217b2175 21802178 21862185
2677540 21822183 217e218b 2178217a 21762175
2677560 21752179 217c217b 217d2173 217a217d
2677600 2182217d 2180217f 21852188 21812182
2677620 2177217f 217d2170 2179217b 217c2183
2677640 217f2178 217a2179 21782177 217f217f
2677660 217d2182 21802174 21822181 217f2182
2677700 217c2186 21862189 2184217f 21842185
2677720 21802184 21742183 217b2177 21702174
2677740 217b2173 217e2176 217d217d 21772181
2677760 21732173 217f2172 21792178 21762173
2700000 00003fe8 0001000a 01013fe8 000afe4d
2700020 00000005 00000000 63e50c72 00000118
2700040 00000001 00001004 00003fe8 00000000
2700060 00000038 0001000a 2174217a 21722175
2700100 217a2177 21752176 217c217a 2178217d
2700120 216f2171 216d216b 2177216a 21732173
2700140 216e2171 21792179 21812179 21722177
2700160 21772179 217e2177 21772179 217a2178
2700200 21752178 217c2174 21772176 217c217e
2700220 21752173 21742173 21772176 21792177
2700240 2177216e b01104bd 00001004 0001000a
2700260 00010000 03b16041 00000ffc 0001000a
2700300 1400003c add01f00 add01f01 add01f02
2700320 add01f03 add01f04 add01f05 add01f06
2700340 add01f07 add01f08 add01f09 add01f0a
2700360 add01f0b add01f0c add01f0d add01f0e
2700400 add01f0f add01f10 add01f11 add01f12
2700420 add01f13 add01f14 add01f15 add01f16
2700440 add01f17 add01f18 add01f19 add01f1a
2700460 add01f1b add01f1c add01f1d add01f1e
2700500 ff000134 00000020 00000002 c4840b27
2700520 00000001 deadbeef f0000002 c4840b13
2700540 020b1e7c 00000000 00000134 00001f48
2700560 a01004be 222b2175 22232227 222c2229
2700600 22242223 221f2224 221e2221 2223221f
2700620 22242222 221e2223 22202227 22282225
2700640 22252220 22172222 221c221c 22242222
2700660 22242226 221e221b 221e2220 221c221f
2700700 22202225 22262221 2225221f 22272223
2700720 22222224 22142220 221e2214 22102217
2700740 22112210 2206220e 22142214 221a2216
2700760 22192212 22122215 220a220e 22142216
2701000 22112215 2212220e 220c2211 22142211
2701020 2211220b 220d2210 2213220c 220e220d
2701040 2212220e 2210220f 22052214 22032205
2701060 22022204 22012205 22002209 22062207
2701100 220821fc 220121ff 220021fd 2202220b
2701120 220a2206 22042207 220121fc 21fa21f4
2701140 22042205 22042202 220721fb 22072209
2701160 21fc2204 21fc21ff 21f221f9 21f621fc
2701200 21f921f2 21ed21f7 21fa21f2 21ec21ef
2701220 21f021e8 21ef21f2 21f621f1 21cb21f9
2701240 1fe920e8 1e651f0b 1dab1df6 1d641d7d
2701260 1d461d59 1d3f1d47 1d441d3d 1d411d42
2701300 1d3d1d3e 1d371d3c 1d401d3d 1d3a1d3a
2701320 1d321d3a 1d351d38 1d311d33 1d351d34
2701340 1d361d35 1d321d37 1d311d32 1d261d2b
2701360 1d311d28 1d2d1d28 1d351d33 1d381d33
2701400 1d381d3b 1d341d39 1d2f1d29 1d301d30
2701420 1d261d35 1d331d30 1d301d31 1d3d1d32
2701440 1d3a1d40 1d321d2f 1d411d3b 1d351d3a
2701460 1d391d3b 1d331d39 1d2e1d2f 1d311d2c
2701500 1d2f1d27 1d331d2a 1d391d39 1d391d39
2701520 1d361d39 1d371d34 1d351d30 1d371d35
2701540 1d3d1d40 1d431d43 1d3f1d41 1d491d3d
2701560 1d441d43 1d401d42 1d3f1d47 1d431d3f
2701600 1d521d40 1d4a1d48 1d491d47 1d441d48
2701620 1d4a1d47 1d441d43 1d4b1d41 1d4f1d4f
2701640 1d4e1d50 1d4d1d43 1d481d4a 1d461d4c
2701660 1d461d4a 1d4d1d4b 1d4d1d4a 1d491d4b
2701700 1d4f1d4a 1d4d1d4e 1d601d5f 1d5b1d5e
2701720 1d6a1d5d 1d661d60 1d661d69 1d641d6a
2701740 1d611d61 1d641d61 1d6e1d5f 1d681d6e
2701760 1d6b1d6b 1d6f1d6f 1d6f1d6d 1d6d1d6f
2702000 1d731d71 1d791d76 1d741d79 1d731d6d
2702020 1d721d70 1d741d79 1d751d71 1d7b1d79
2702040 1d7f1d81 1d7d1d7a 1d7b1d82 1d7c1d79
2702060 1d881d7f 1d8c1d80 1d871d83 1d831d84
2702100 1d7e1d82 1d841d84 1d911d83 1d8c1d92
2702120 1d861d8d 1d8d1d8c 1d8e1d91 1d931d8a
2702140 1d9a1d93 1d991da0 1da31d9f 1d8e1d8d
2702160 1d971d95 1d8e1d8d 1d961d93 1d991d9d
2702200 1d951d93 1d9d1d99 1da21da0 1da21da6
2702220 1da01da3 1da51d9f 1da51d9f 1da01da1
2702240 1da21da7 1da51da4 1da11da5 1dab1da9
2702260 1db11daa 1db21db1 1daf1db1 1db31db4
2702300 1db21db3 1dad1db4 1db11db5 1db81db8
2702320 1db61db9 1dbe1db5 1dc11dc1 1dc41dc3
2702340 1dbd1dbb 1dbf1dba 1db81db9 1db81db3
2702360 1dbe1db6 1dc51dc1 1dcb1dcb 1dc91dc5
2702400 1dc11dcb 1dca1dcd 1dca1dca 1dd31dd3
2702420 1dd31dce 1dd21dd4 1dd51dd5 1dda1dd9
2702440 1dd71dd9 1dd91dd5 1ddc1dda 1dd71dd6
2702460 1ddc1ddc 1dd91dd5 1ddd1dcf 1de21dd8
2702500 1de01de2 1de41de0 1de61dea 1dec1deb
2702520 1ded1de7 1de61de8 1de61de8 1de51de9
2702540 1de71dec 1def1de9 1de71de5 1ded1df1
2702560 1df31ded 1df61dee 1dee1df5 1df11dec
2702600 1df61dec 1df81df3 1dfc1df3 1df91df7
2702620 1df91df5 1df21df8 1df91df2 1dfb1dfa
2702640 1df81df8 1dfe1dfa 1dff1e02 1df11dff
2702660 1df51df6 1df21dfb 1dfd1df6 1e021e0a
2702700 1e0a1dfe 1e081e0b 1e001e06 1e031e0a
2702720 1e011e02 1e0b1e07 1e0c1e06 1e0f1e10
2702740 1e101e12 1e0d1e11 1e141e12 1e101e13
2702760 1e111e0f 1e061e11 1e0d1e11 1e131e14
2703000 1e0c1e09 1e121e16 1e101e0d 1e141e16
2703020 1e1c1e15 1e171e1f 1e171e17 1e161e13
2703040 1e1a1e18 1e1b1e15 1e171e18 1e1f1e1d
2703060 1e191e16 1e1d1e18 1e1c1e1a 1e1a1e1b
2703100 1e211e21 1e231e21 1e1d1e22 1e211e1d
2703120 1e271e22 1e271e20 1e241e25 1e1a1e27
2703140 1e141e1b 1e161e13 1e1c1e15 1e141e18
2703160 1e1a1e1c 1e211e18 1e211e1e 1e1c1e1a
2703200 1e121e1d 1e131e1a 1e201e1b 1e281e1d
2703220 1e271e22 1e181e25 1e201e1c 1e1a1e1a
2703240 1e181e17 1e191e20 1e1b1e18 1e181e1f
2703260 1e1d1e1b 1e141e1a 1e191e14 1e121e18
2703300 1e201e1c 1e171e19 1e131e15 1e1a1e14
2703320 1e141e1b 1e171e16 1e161e15 1e1b1e1a
2703340 1e131e1f 1e141e10 1e121e12 1e161e15
2703360 1e1e1e1b 1e1d1e17 1e131e16 1e131e14
2703400 1e151e1a 1e081e16 1e171e09 1e141e19
2703420 1e141e1a 1e141e17 1e141e15 1e0e1e15
2703440 1e0b1e0b 1e0c1e0d 1e131e13 1e1d1e14
2703460 1e131e12 1e171e14 1e141e19 1e101e11
2703500 1e1e1e19 1e191e1c 1e151e13 1e0e1e11
2703520 1e131e10 1e101e0e 1e0d1e16 1e121e0f
2703540 1e0b1e0c 1e0e1e0f 1e171e0f 1e0c1e10
2703560 1e0f1e0c 1e111e12 1e1a1e0d 1e191e10
2703600 1e161e1a 1e121e18 1e111e14 1e0e1e0d
2703620 1e0d1e0c 1e151e14 1e171e19 1e111e1b
2703640 1e101e16 1e0c1e1b 1e171e13 1e131e16
2703660 1e131e10 1e141e1b 1e1c1e1c 1e161e17
2703700 1e151e17 1e161e16 1e1b1e1c 1e1c1e25
2703720 1e101e14 1e151e1a 1e111e0c 1e0e1e10
2703740 1e141e0c 1e141e19 1e171e19 1e191e13
2703760 1e1a1e14 1e1e1e19 1e1c1e1e 1e201e21
2704000 1e1a1e1b 1e1b1e1a 1e1f1e1a 1e1d1e17
2704020 1e1b1e1d 1e1c1e13 1e181e15 1e1e1e16
2704040 1e1f1e1d 1e241e20 1e251e23 1e261e1f
2704060 1e271e1e 1e261e23 1e261e26 1e2c1e2b
2704100 1e211e2a 1e1f1e1e 1e2d1e21 1e281e30
2704120 1e281e26 1e321e31 1e2f1e28 1e361e29
2704140 1e2c1e2f 1e341e31 1e2a1e31 1e341e2b
2704160 1e2e1e32 1e391e3a 1e341e38 1e391e39
2704200 1e371e30 1e331e35 1e361e37 1e3b1e3b
2704220 1e401e3b 1e3b1e3c 1e371e34 1e3f1e33
2704240 1e3e1e3d 1e411e41 1e3e1e41 1e431e46
2704260 1e471e47 1e4d1e4c 1e4e1e48 1e561e4c
2704300 1e461e49 1e471e46 1e501e51 1e4b1e51
2704320 1e4d1e4f 1e4c1e46 1e471e48 1e521e4e
2704340 1e551e53 1e4e1e56 1e511e55 1e501e54
2704360 1e561e49 1e581e57 1e551e4d 1e571e58
2704400 1e541e5a 1e5c1e5d 1e5d1e63 1e5a1e5f
2704420 1e591e5f 1e631e63 1e651e64 1e631e5d
2704440 1e6a1e63 1e691e6a 1e611e63 1e661e66
2704460 1e6a1e68 1e6d1e63 1e651e69 1e691e62
2704500 1e691e6c 1e721e6a 1e761e78 1e7d1e75
2704520 1e801e7f 1e7a1e80 1e791e7c 1e801e74
2704540 1e811e76 1e7e1e7b 1e7d1e7d 1e7d1e74
2704560 1e7c1e7c 1e821e80 1e821e86 1e821e81
2704600 1e7f1e89 1e891e8b 1e851e86 1e8e1e88
2704620 1e921e8f 1e901e98 1e901e8c 1e931e9c
2704640 1e8f1e96 1e9a1e9c 1e961e9f 1ea31e9d
2704660 1e9a1e9a 1e921e9a 1e981e9a 1e981e9f
2704700 1e9b1e9a 1ea71ea1 1ea31ea7 1e9b1e9f
2704720 1ea41e9c 1ea11e9f 1ea41ea1 1ea41ea8
2704740 1ea41ea9 1eac1ea7 1eb01eae 1eb31eb2
2704760 1ebb1eb7 1eb21eb2 1eae1eaa 1eb01eab
2705000 1ebb1eb8 1ebd1ebb 1eb41eaf 1eb71eb4
2705020 1ebc1eb7 1ec21ec2 1ebd1ec6 1ec41ebb
2705040 1ec31ec2 1ec41ec1 1ec01ec3 1ec01ebc
2705060 1ec71ec9 1ec91ec2 1ec81ebc 1ec51ec3
2705100 1eca1ebd 1ecb1ed0 1ed31ecd 1ed81ed2
2705120 1ed81ed7 1ecd1ec9 1ecf1ed2 1edc1ed7
2705140 1edb1ed8 1ec91ed5 1ece1ece 1ecf1ecf
2705160 1ed81ed8 1ed81ed2 1ed41edb 1ed71ed7
2705200 1edd1edd 1edd1ede 1edc1edd 1ed91edb
2705220 1ede1eda 1ee21ee1 1ee11ede 1ee51ee1
2705240 1edf1ee1 1ee01ed8 1edb1edc 1ee41ede
2705260 1eea1ee4 1ee51ee7 1ee01ee6 1ee51ee4
2705300 1ee81ee7 1ef01eec 1ef51ef9 1eec1ef4
2705320 1eea1eeb 1eef1ee7 1ef51ee8 1eeb1ef6
2705340 1eee1eea 1ee91ef6 1eeb1eec 1eef1eee
2705360 1ee21eea 1ef31eee 1eed1eed 1ef11ef4
2705400 1f051ef4 1efa1ef9 1eef1ef8 1eef1eee
2705420 1ef51eee 1ef31eec 1eee1ef1 1ee51eef
2705440 1ef01ef3 1ef31eec 1ef61ef2 1eee1ef2
2705460 1eee1ef2 1eed1eec 1eef1eef 1eee1ee9
2705500 1ef51ef1 1ef11ef0 1ef01ef9 1ef21ef0
2705520 1ef41ef1 1ef01eec 1eed1eee 1eea1eeb
2705540 1ef01eef 1ef21ef1 1ef41ef1 1ef41ef8
2705560 1ef01ef4 1eeb1eee 1eea1eea 1ef11ee8
2705600 1eeb1ee6 1eea1eea 1ef21eea 1ef21ef2
2705620 1ee91ee8 1eee1ee9 1ef11ef5 1ef21eea
2705640 1eed1ef4 1ef11eea 1ee91ef3 1ee81ee9
2705660 1ef71eec 1ef61ef5 1efd1efa 1eed1ef6
2705700 1ef31eee 1ef21ef1 1ef41eea 1ef31eea
2705720 1eeb1eee 1ef01eea 1ef51eef 1eef1ef1
2705740 1eea1eee 1eed1ef1 1ef01ef0 1ee81ee8
2705760 1eec1eee 1eed1eee 1ee21eef 1eef1eed
2706000 1eed1ee6 1ee81eea 1ee31ee7 1eec1ee7
2706020 1ef31ef2 1eed1ef0 1eef1ef0 1ee21ee8
2706040 1eed1eea 1ef31eee 1ee71ee5 1ef01eeb
2706060 1eef1eee 1ef21eee 1eef1eed 1ef51eef
2706100 1ef61ef7 1eff1f00 1ef91efb 1eff1efb
2706120 1efa1ef8 1efa1efb 1ef51ef5 1ef01ef6
2706140 1ef31ef0 1ef61ef0 1ef71eef 1ef61efb
2706160 1ef31efb 1ef31ef6 1ef11ef1 1efd1ef7
2706200 1ef81efe 1eec1ef6 1eee1eef 1eef1ef7
2706220 1ef61eee 1ef81ef8 1ef51ef8 1efa1efa
2706240 1efe1efd 1efb1ef8 1ef31efb 1ef21ef7
2706260 1ef01ef4 1ef91efa 1ef41ef4 1efb1efe
2706300 1ef51efb 1ef71ef7 1efb1eff 1f001efa
2706320 1ef61f00 1efa1ef9 1efd1efc 1f021eff
2706340 1f061f01 1f071f01 1f071f07 1f011f0a
2706360 1f081eff 1f051efb 1f041f07 1f0d1f11
2706400 1f091f0c 1f0a1f06 1f101f03 1f051f06
2706420 1f0d1f05 1f0a1f0b 1f131f11 1f111f10
2706440 1f011f0c 1f0b1f08 1f111f12 1f161f13
2706460 1f121f12 1f101f15 1f0d1f0c 1f121f18
2706500 1f0f1f12 1f1a1f1c 1f191f1a 1f191f1c
2706520 1f1c1f1d 1f151f19 1f1e1f18 1f241f21
2706540 1f211f1f 1f261f1f 1f1d1f21 1f241f25
2706560 1f1d1f2c 1f1a1f17 1f221f29 1f1c1f19
2706600 1f1d1f1e 1f281f21 1f231f25 1f231f27
2706620 1f2f1f21 1f251f27 1f261f29 1f211f23
2706640 1f271f27 1f251f25 1f291f2a 1f231f27
2706660 1f261f29 1f311f2d 1f2e1f31 1f321f2c
2706700 1f301f2f 1f321f2d 1f341f35 1f3e1f36
2706720 1f3c1f38 1f351f39 1f3a1f3f 1f3c1f38
2706740 1f311f38 1f2d1f2f 1f361f32 1f331f3e
2706760 1f3d1f3c 1f411f46 1f421f3f 1f3c1f3f
2707000 1f401f3f 1f421f46 1f431f3c 1f441f48
2707020 1f401f44 1f3d1f3b 1f421f48 1f411f3c
2707040 1f401f43 1f401f45 1f471f43 1f4b1f4b
2707060 1f4d1f47 1f4d1f45 1f511f50 1f521f50
2707100 1f5c1f55 1f511f51 1f541f53 1f541f54
2707120 1f491f4f 1f511f4c 1f5b1f52 1f581f54
2707140 1f5b1f5b 1f5b1f5f 1f541f5f 1f5d1f59
2707160 1f5c1f5c 1f571f63 1f551f56 1f621f58
2707200 1f5f1f5c 1f661f67 1f641f62 1f651f5e
2707220 1f5f1f62 1f631f66 1f661f63 1f6b1f6b
2707240 1f6f1f6b 1f691f70 1f6a1f6a 1f681f62
2707260 1f621f6e 1f641f68 1f711f74 1f6d1f6c
2707300 1f761f70 1f611f6d 1f771f76 1f7d1f71
2707320 1f801f78 1f7c1f7b 1f791f7e 1f741f78
2707340 1f751f7f 1f801f7c 1f851f86 1f7d1f86
2707360 1f721f77 1f7a1f80 1f7c1f75 1f851f79
2707400 1f7e1f7c 1f821f7a 1f801f82 1f861f85
2707420 1f841f7c 1f801f7f 1f841f84 1f801f83
2707440 1f831f7b 1f821f7c 1f851f85 1f801f81
2707460 1f821f7f 1f861f8a 1f891f84 1f831f83
2707500 1f7f1f87 1f8c1f8c 1f891f8a 1f901f8e
2707520 1f8e1f92 1f8a1f92 1f901f90 1f871f93
2707540 1f951f91 1f901f92 1f981f9b 1f941f94
2707560 1f991f98 1fa01f94 1f9a1f9d 1f931f9c
2707600 1f901f95 1f881f8b 1f941f8f 1f951f95
2707620 1f921f8f 1f8b1f92 1f8c1f89 1f881f89
2707640 1f911f8f 1f921f94 1f901f8c 1f921f92
2707660 1f921f92 1f901f88 1f921f96 1f931f96
2707700 1f961f93 1f971f93 1f981f91 1f921f94
2707720 1f931f91 1f9b1f93 1f991f96 1f991f9e
2707740 1f951f99 1f951f96 1f8d1f93 1f931f8e
2707760 1f921f92 1f901f91 1f8a1f93 1f921f91
2710000 1f931f8f 1f841f9b 1f931f8d 1f881f93
2710020 1f8f1f8a 1f911f8c 1f8c1f8e 1f911f90
2710040 1f971f93 1f8f1f8e 1f931f8e 1f931f93
2710060 1f901f92 1f961f94 1f921f90 1f931f98
2710100 1f921f93 1f921f92 1f931f94 1f8c1f91
2710120 1f8d1f8c 1f951f8e 1f971f96 1f971f92
2710140 1f8e1f8e 1f951f8f 1f8f1f90 1f961f97
2710160 1f951f9c 1f9b1f99 1f921f9a 1f8c1f90
2710200 1f921f8b 1f941f9b 1f971f99 1f8d1f8a
2710220 1f921f8a 1f941f95 1fa11f99 1f9e1fa0
2710240 1f8e1f99 1f961f95 1fa21f99 1f8f1f9b
2710260 1f901f97 1f911f97 1f9c1f91 1fa01f9f
2710300 1f9d1f9e 1f941f94 1f921f92 1f9f1f98
2710320 1f9d1f92 1fa31fa0 1fa21f97 1f991f9c
2710340 1fa21fa4 1f9d1fa3 1fa21f9e 1f9b1fa5
2710360 1f971f96 1f9a1f93 1f9a1f9f 1f9b1fa1
2710400 1f9a1f99 1f9a1f98 1f9e1f94 1fa71fa1
2710420 1f9c1f9e 1fa11fa2 1fa11fa4 1f961f9c
2710440 1fa01f98 1fa81fa2 1fa81faa 1fa51fa1
2710460 1f9a1fa6 1fa31fa0 1fa11fa6 1fa61fa5
2710500 1fa51f9f 1fa61fa5 1fa21fa6 1fa71fa6
2710520 1fa81fa7 1fa81fae 1fb11fa7 1fa91fa7
2710540 1fa61faa 1fad1fac 1fab1fb0 1fac1fad
2710560 1fa81fa6 1fa31fac 1fa71fa9 1fb01fb0
2710600 1fb31fb5 1faf1fb3 1fb01fb4 1fb81fb8
2710620 1fb81fb8 1fbd1fb6 1fc21fbe 1fbc1fba
2710640 1fb31fba 1faf1faf 1fb01fb4 1fb71faf
2710660 1fbb1fb5 1fb81fb8 1fb61fbc 1fb81fb9
2710700 1fb41fbb 1fb71fbd 1fb01fb7 1fb21fad
2710720 1fb51fb0 1fbc1fbb 1fbe1fc3 1fbe1fbd
2710740 1fbf1fbb 1fc61fbe 1fc41fc5 1fc11fc6
2710760 1fc51fca 1fc21fc3 1fc91fc1 1fc51fcd
2711000 1fc81fc8 1fca1fc8 1fc71fc2 1fc61fbe
2711020 1fc71fcd 1fd11fcd 1fce1fd3 1fce1fcf
2711040 1fc71fd0 1fcc1fcd 1fcc1fd2 1fd11fcc
2711060 1fcf1fc8 1fcf1fcd 1fd51fcd 1fdb1fde
2711100 1fd61fdb 1fd91fd6 1fda1fd8 1fdb1fdd
2711120 1fd41fdc 1fd01fd6 1fd21fca 1fd31fd2
2711140 1fda1fda 1fd71fd7 1fdc1fd9 1fe21fe4
2711160 1fdf1fe1 1fdc1fe2 1fda1fdd 1fdb1fdd
2711200 1fde1fd8 1fe21fe1 1fe81fe6 1feb1fea
2711220 1fee1fe7 1fe61fe2 1fea1fdd 1fe91ff1
2711240 1fea1fe7 1fe31fe9 1fe21fdd 1fe81fe1
2711260 1fe81feb 1fe71fec 1fea1fe9 1feb1fe3
2711300 1fee1feb 1ff01ff3 1ff11ff4 1fed1ff2
2711320 1ff01fee 1fe61fe7 1fe51fe8 1fed1fed
2711340 1ff31ff1 1ff61fe9 1fee1fee 1fea1ff1
2711360 1fea1ff0 1fed1fee 1feb1fea 1fed1fef
2711400 1feb1fee 1fe71ff3 1ff41fee 1fed1fee
2711420 1ff21ff6 1feb1ff3 1ff61ffb 1ff81ff6
2711440 1ff91ff4 1ff61ffc 1ffa1ff9 1ff41ff8
2711460 1ff41ff3 1ff41ff2 1ff41ff4 1ffc1ff5
2711500 1ffc1ff4 1fff1fff 20022000 1fff1ffa
2711520 20012004 1ffb2009 1ff91ff5 1ffd1ff4
2711540 1ffb1ffa 1ffa1ff8 20031fff 1ffc2002
2711560 1ffc1ff3 20062000 20082001 200b2007
2711600 20012008 20002005 20052003 20022005
2711620 200b2009 20062008 20042009 20022010
2711640 20002003 20042005 200e2008 2010200d
2711660 200e200f 20062009 200c200d 20102007
2711700 200b2009 2009200b 200a200d 2009200b
2711720 20092006 20091ffe 20082008 200c200d
2711740 200c2013 20052004 2009200d 200b2006
2711760 200f2011 200f200f 2006200c 200a2006
2712000 2015200c 200f2012 20172015 200b2017
2712020 2010200d 200f2013 200a200c 2007200c
2712040 20042007 200b2007 2009200c 20072005
2712060 20042008 20082004 200a200a 20062007
2712100 1ffe2005 20032003 20061ffd 20052007
2712120 200b2009 20032006 20052001 20072004
2712140 20082002 20012005 200a200d 20002006
2712160 20091ffe 20052000 20042004 20012003
2712200 1ffe200a 200d2008 20102017 20082007
2712220 2008200a 20042008 1ffd2000 1ffb2001
2712240 20022002 20052003 200a2005 20062008
2712260 20042004 20012004 1ff92003 20002003
2712300 1ffe1ffc 1ffc1fff 20001fff 20032007
2712320 2007200b 20042001 20052001 20031fff
2712340 1fff2005 20012002 20042004 20052008
2712360 20032008 20012001 20061ffa 20022002
2712400 20022000 1fff2001 1ffc2002 20092007
2712420 20052002 20001ff7 1ffb2002 1fff2000
2712440 20092008 200a2007 20102008 1fff2007
2712460 200f200b 20042015 200d200c 200a200a
2712500 20072009 200a2009 20052006 2004200c
2712520 200d2009 200e2017 20072009 200b2014
2712540 200e200a 200c2006 20052006 20062006
2712560 200c2009 2007200a 20072003 20042006
2712600 2001200a 200a200a 20112012 2009200c
2712620 2008200c 200b200d 200f200d 200d200c
2712640 20092007 200f200a 20102010 20102016
2712660 200f200e 20092006 2013200c 20122010
2712700 20132017 2012200e 20102012 20162014
2712720 20192013 20162018 20142011 20152018
2712740 20172011 20142018 201f201b 201f201c
2712760 201b2021 20212019 201a2021 2021201c
2713000 201c201d 201e201e 20212023 20222028
2713020 20252023 20252024 2024201e 20272024
2713040 202c2025 20292025 2036202b 2037202f
2713060 202b2031 20232033 202f202e 202d2027
2713100 20302029 2031202a 202f2033 20312036
2713120 20332032 20302029 202f2038 20312031
2713140 2032203b 20322038 20352034 20392036
2713160 2030202e 20332033 2040203f 2044203c
2713200 20442042 203e2040 2044203e 2039203c
2713220 203c203c 203e2045 2042203d 20422040
2713240 20422042 20442043 20482044 2044204a
2713260 204b2042 204c204e 204b2049 20492049
2713300 20472047 204c204e 20522052 204d204e
2713320 204e204f 20502056 204f2055 20522053
2713340 20502049 204e204f 204e2057 20542055
2713360 205a2058 20602060 2054205d 20552054
2713400 20522053 205b205b 20672062 2066205e
2713420 2060205e 205b2064 2064205c 2055205a
2713440 205b2057 2052205b 205e205c 205f205d
2713460 205f205a 205f2069 20622069 2067206d
2713500 20692068 20662068 205e2061 20652060
2713520 20622063 2063206c 20642061 20652067
2713540 20632060 20652067 2066206a 206e2068
2713560 206b2070 206e206d 20712075 20772076
2713600 206e2073 20762077 2073207a 20742070
2713620 20782074 20762074 207b2078 207a207e
2713640 2084207f 20822086 207a2081 207e2077
2713660 2083207f 207d207c 208b2082 2087207c
2713700 208f2076 2085208d 20842086 20862085
2713720 2086207e 207d2084 207f208a 208b208a
2713740 2087208f 20802086 20832088 208d2086
2713760 20802083 2082207b 20842085 20802081
2714000 208c208b 2080208e 20852083 20842081
2714020 20872082 207e2086 208b208e 208e208e
2714040 208b2088 20862087 208a208d 2089208a
2714060 20872085 20892087 20912088 20902089
2714100 20932093 20922091 208d208c 2093208a
2714120 20912091 208c2092 208a208d 20922089
2714140 208a2090 20952097 2090208e 2095208d
2714160 20912090 20932096 20932096 20922099
2714200 208f2096 208e2089 20902090 2095209b
2714220 209a209e 208f2098 20982090 209b209a
2714240 20902098 20932093 20992092 20912090
2714260 208c208d 2088208e 208e208f 2090208f
2714300 208c208d 208f2091 208d2088 20972094
2714320 208c208f 208f208b 208e2095 20902091
2714340 208d208d 20922089 2090208e 208d208c
2714360 20892085 2087208a 208a2082 208e2084
2714400 208c2089 20822083 20782082 208c2084
2714420 2082208a 20882084 20812084 20812082
2714440 20832082 208b2083 207c2080 207b2076
2714460 207c2079 206e2076 207d2075 20772079
2714500 20822082 20822086 20822081 20872084
2714520 207b2084 20792083 2086207b 20892084
2714540 20882086 20822081 207d207e 2076207a
2714560 207e207a 20832072 207a207c 20742079
2714600 207b2080 207d2071 207b207f 207d2077
2714620 207f2081 2078207f 20752074 207e2075
2714640 207a2079 2086207b 20822088 20802087
2714660 207e2084 20792075 20762078 207b2080
2714700 2078207c 207d207b 207b207d 20812082
2714720 207d2082 207e207c 2086207f 20822087
2714740 2078207f 207b207b 2082207f 20842080
2714760 20822081 207c207f 207d207e 2081207a
2715000 20812081 207c207e 2076207d 20762077
2715020 207d207c 20802079 207e2076 2075207c
2715040 2078207a 207e2079 207f207c 20862083
2715060 20812084 207f2087 207c2083 207b207e
2715100 20792077 2080207d 20842085 20792081
2715120 20842079 20822075 20802089 20852080
2715140 2085208c 207f2081 20842080 20832081
2715160 20872084 20872087 2088207b 208a2086
2715200 20822088 20882087 208d208c 20842088
2715220 2087208b 2085208b 20812083 20832086
2715240 2083207e 208d2087 20852087 208a208d
2715260 20982092 2097208e 2091208b 208b208d
2715300 208f2093 2098208e 209a2097 20972096
2715320 209a209c 20982097 209c2097 20a0209b
2715340 20982091 20902097 20932095 208d2090
2715360 209a2093 209d2098 2091209c 20972098
2715400 2099209d 20a320a2 20a320a1 209e20a6
2715420 20a620aa 20a420a7 20a820a3 209f20a2
2715440 209d209f 20a020a1 20aa20a7 20ad20a5
2715460 20b520b1 20af20b0 20ac20b0 20b220a6
2715500 20b720b1 20b020b4 20b020af 20ab20b0
2715520 20a920ac 20b120a6 20ac20b0 20af20b6
2715540 20b220b3 20b320b4 20b720b6 20bc20b7
2715560 20b920b5 20b820bf 20b620c1 20ba20b7
2715600 20b520b9 20af20b7 20bb20b7 20be20bb
2715620 20c220b8 20c320c4 20bd20c2 20b220bd
2715640 20bc20b6 20c420c3 20c620be 20c220cf
2715660 20c120c3 20c520bd 20c420c6 20c120c5
2715700 20bd20be 20c420c1 20c420c2 20c820c3
2715720 20d620ce 20d320d5 20d620d9 20d120cf
2715740 20d120cd 20ca20d1 20d320d4 20d020d1
2715760 20d220cb 20d120cd 20d920d4 20d920d7
2716000 20db20e4 20dc20db 20db20d2 20de20df
2716020 20de20dd 20e120e3 20df20de 20e520e0
2716040 20df20df 20e520e5 20e920e7 20eb20e3
2716060 20ea20e6 20ef20ed 20ea20ea 20ed20ee
2716100 20ec20f3 20eb20f7 20e620e2 20eb20f3
2716120 20e920eb 20ea20ed 20ef20f0 20f120eb
2716140 20e320ed 20e820e8 20eb20e8 20f620eb
2716160 20f620ed 20f120f4 20f120f1 20fa20f6
2716200 20fa20ff 20f820fb 20f420f3 20f420f4
2716220 20f620f1 20ed20f3 20eb20ea 20f120ec
2716240 20f920f5 20f320f6 20fc20f8 20f620f8
2716260 20fe20fa 21072105 21012100 20f920fd
2716300 21032102 20fd20fc 21032104 21072101
2716320 210a2100 2104210b 21012105 21032104
2716340 21102109 21052107 20ff2104 21042108
2716360 20fb2104 210a210d 210f210b 2102210a
2716400 21082109 2109210a 210f2106 21042103
2716420 21082102 2108210e 21092106 21032107
2716440 21062101 21002107 21042106 21082108
2716460 21092109 21022106 21002100 21032107
2716500 21042101 210220fb 21062103 21082105
2716520 210a2104 21052101 20ff20ff 210a2103
2716540 2103210a 21042105 210b2108 210d2108
2716560 21042104 21042105 21062105 2105210b
2716600 21072107 21072105 21032109 210920fd
2716620 20f92105 210320fd 210520fe 21052105
2716640 21012109 20fe2105 20ff20fd 20f920fe
2716660 20f620fe 20f920fa 20fc20fb 20ff2100
2716700 20fb20f5 20fb20f9 20f220f6 20ed20ef
2716720 20f720f3 20fb20f7 20fd20f7 20f720fa
2716740 20fb20fe 20f420f3 20f620ee 20ee20ee
2716760 20f420f4 20f220f7 20f320ec 20fa20ed
2717000 20f420f7 20fc20fb 20fc2101 20fc20fb
2717020 20f820fa 20f920f7 20ec20f5 20ee20ed
2717040 20f020f0 20f720f5 20ec20f3 20e620f6
2717060 20e320ec 20e920eb 20f920f1 20fe20f2
2717100 20f220f8 20f320f4 20f420f5 20ea20ef
2717120 20e920ea 20eb20e6 20f920f3 20f220f0
2717140 20f020ed 20e620f1 20ec20ea 20f120f1
2717160 20f720ef 20fc20f2 20f220f4 20f720f8
2717200 20ef20f1 20e620f1 20f220f6 20f520f2
2717220 20e920f6 20e920f3 20f220f4 20f720fa
2717240 20f820f4 20f320f4 20f420f4 20ef20ef
2717260 20ee20eb 20f020ef 20e720f0 20ed20ec
2717300 20e920e5 20f120f2 20f620f7 20ef20f8
2717320 20f320f3 20f020ef 20f120ed 20f420f1
2717340 20f120f2 20f520f2 20f820f9 20f820f2
2717360 20f520fa 20f520fa 20f820f6 20f620f6
2717400 20f020f4 20f320f0 20eb20f1 20ee20ed
2717420 20f220ec 20ed20ec 20ee20f3 20f220f6
2717440 20f120f6 20ec20ef 20fa20f0 20f620f8
2717460 20f120f2 20f220f4 20fa20fa 20f420f5
2717500 20ef20ef 20f620fa 20f220f4 20f420f2
2717520 20fa20f3 20ff20fc 20f920f8 20f920f3
2717540 20f820fb 20f120fc 20f420f4 20f020f9
2717560 20ee20f3 20f120fd 20fd20f9 210620f4
2717600 21002107 20fe2103 20f220fc 20f120f3
2717620 20f620ef 20fc20fa 21022105 20fc20fd
2717640 210220ff 20ff2101 21062101 2104210a
2717660 210820fc 210520fd 21062101 21012105
2717700 21002104 20fc2103 20fc20f8 20fe20fb
2717720 21032100 21052107 210120ff 210520fa
2717740 210320fa 210d2105 21082114 21082110
2717760 21082109 210c2104 21182110 21132112
2720000 210f2118 21072106 21062103 21072104
2720020 2104210b 210a210a 21102105 21112112
2720040 210b2117 21122110 21162115 21152113
2720060 211a211c 21132117 210e2117 210b210f
2720100 210b2107 2110210f 2109210b 2115210d
2720120 21172111 211a210e 2110210e 21102111
2720140 21212114 211b211c 21152116 21152111
2720160 21182115 2117211a 21152112 211a2114
2720200 211b2118 211a2119 21162111 2116211b
2720220 2118211b 211f2117 21182120 2115211d
2720240 211e211c 21212122 21232122 21232122
2720260 21262127 b01004be 00001004 0001000a
2720300 00010000 03b16042 00000ffc 0001000a
2720320 1400003c add01f00 add01f01 add01f02
2720340 add01f03 add01f04 add01f05 add01f06
2720360 add01f07 add01f08 add01f09 add01f0a
2720400 add01f0b add01f0c add01f0d add01f0e
2720420 add01f0f add01f10 add01f11 add01f12
2720440 add01f13 add01f14 add01f15 add01f16
2720460 add01f17 add01f18 add01f19 add01f1a
2720500 add01f1b add01f1c add01f1d add01f1e
2720520 ff000134 00000020 00000002 c58d79e3
2720540 00000001 deadbeef f0000002 c58d79cf
2720560 360b3840 00000000 00000134 00001f48
2720600 a01104bf 21f12122 21eb21e9 21f521f3
2720620 21fc21fc 21ff21fd 22022203 21f821fa
2720640 21f821f8 21f021fb 21f421f3 21f321ef
2720660 21fc21f8 21f721f7 21f821ff 21f821f5
2720700 21fa21f6 21ff21fa 21f621fc 21f621f8
2720720 21f521f8 220221f6 21f921f7 22002202
2720740 21f621fe 21f721f8 21ff21f9 21fd21fd
2720760 21f621f9 21f021f5 21fc21ef 21f621fc
2721000 21ff21fb 21f72201 21f721fa 21f521f9
2721020 21f221f3 21f521f9 21f321fa 21f521fd
2721040 21f921f6 21f921f4 21fa2200 21f321fc
2721060 21f721fa 21fb21f7 21fc21f6 21fb21f8
2721100 21f321f4 21f821f6 21f821f4 21f521f5
2721120 21f221ed 21f121f1 21ee21f3 21f021ef
2721140 21f221f3 21f321f5 21f321f4 21ef21f6
2721160 21ee21e9 21ea21ec 21e921ea 21e321ee
2721200 21e921ee 21f421ef 21fa21f5 21fe21fd
2721220 21f421f9 21f321f4 21f821f0 21ee21f6
2721240 21ee21ec 21ef21f4 21f421ea 21f421f2
2721260 21a521f0 1fb320af 1e3f1ee2 1d911dd2
2721300 1d511d67 1d431d44 1d3c1d39 1d331d3d
2721320 1d2a1d30 1d221d28 1d2e1d28 1d251d24
2721340 1d271d2f 1d2b1d2f 1d301d2d 1d2d1d30
2721360 1d291d2c 1d251d28 1d201d29 1d221d24
2721400 1d241d28 1d231d22 1d271d26 1d1f1d26
2721420 1d1f1d23 1d211d1f 1d231d26 1d231d26
2721440 1d221d22 1d2b1d22 1d231d21 1d251d21
2721460 1d221d25 1d291d2c 1d2b1d2b 1d1c1d25
2721500 1d111d18 1d201d1d 1d1c1d20 1d201d21
2721520 1d251d20 1d211d1e 1d221d21 1d231d1d
2721540 1d2e1d26 1d2c1d23 1d1b1d24 1d1e1d23
2721560 1d211d23 1d2b1d22 1d331d29 1d311d36
2721600 1d361d35 1d331d2b 1d331d31 1d291d2d
2721620 1d291d28 1d301d28 1d2b1d33 1d301d2e
2721640 1d341d2e 1d2c1d32 1d351d2f 1d331d32
2721660 1d381d32 1d381d35 1d391d3c 1d371d32
2721700 1d3a1d38 1d3d1d3e 1d411d3b 1d381d39
2721720 1d381d36 1d421d3c 1d461d43 1d441d46
2721740 1d491d4a 1d4a1d4e 1d4a1d46 1d4e1d44
2721760 1d441d44 1d441d45 1d491d45 1d531d49
2722000 1d4a1d4e 1d4c1d47 1d471d43 1d4c1d48
2722020 1d511d4d 1d4f1d4e 1d4d1d45 1d511d55
2722040 1d511d55 1d581d53 1d511d53 1d541d50
2722060 1d571d50 1d551d56 1d5c1d5a 1d5d1d59
2722100 1d611d5e 1d571d65 1d571d5e 1d5d1d57
2722120 1d641d62 1d5f1d57 1d631d5f 1d681d66
2722140 1d671d6a 1d621d63 1d631d64 1d651d64
2722160 1d661d68 1d641d64 1d6d1d65 1d6c1d6a
2722200 1d6b1d68 1d6b1d6e 1d6e1d6c 1d7d1d72
2722220 1d741d78 1d7f1d77 1d701d79 1d751d72
2722240 1d7b1d77 1d7b1d78 1d7c1d7a 1d7f1d7c
2722260 1d841d82 1d811d7f 1d891d81 1d891d81
2722300 1d8a1d8a 1d891d86 1d891d93 1d8f1d87
2722320 1d8a1d92 1d911d95 1d8e1d8b 1d921d8e
2722340 1d971d95 1d8d1d97 1d8e1d93 1d951d96
2722360 1d9c1d95 1d9a1d8e 1d971d9c 1d991d97
2722400 1da01d9e 1da41da6 1d9f1d9c 1da31da1
2722420 1db01da9 1db01dac 1db31da5 1daa1da7
2722440 1da21dab 1da01da7 1dad1dac 1dac1db2
2722460 1da91dac 1dae1db0 1dad1db5 1db11dab
2722500 1db11db2 1db21db0 1db01db4 1db71db9
2722520 1db71dbc 1db91db9 1db81db3 1dbf1db7
2722540 1dbb1dbc 1dbf1dc1 1db71dbf 1dc31dba
2722560 1dbb1dbb 1dbd1dbc 1dc41dc1 1dc61dc1
2722600 1dcc1dc4 1dc91dc5 1dcb1dc9 1dc81dce
2722620 1dc71dcc 1dcd1dcd 1dca1dcb 1dcf1dcc
2722640 1dcd1dd3 1dd31dc8 1dd31dca 1dce1dd4
2722660 1dce1dcf 1dd51dd2 1dd41dd3 1dd31dcd
2722700 1dda1dd4 1dd81dda 1dde1ddb 1ddf1ddf
2722720 1dd51dd2 1dd31dd3 1dd91dda 1dde1dd9
2722740 1de71de6 1de41de4 1ddf1ddc 1ddc1ddc
2722760 1de11ddc 1ddd1de1 1de61ddd 1de11deb
2723000 1deb1de8 1de91def 1de41de7 1dea1de3
2723020 1de91de5 1de11de9 1de51de6 1de51de8
2723040 1df81dea 1dee1df7 1ded1df4 1dfb1df0
2723060 1df81df8 1df81dfa 1df81df5 1df31df5
2723100 1df41df5 1df41df7 1e011df1 1e011dfa
2723120 1df71dfc 1df61df9 1df61dfb 1dff1df8
2723140 1dfe1df7 1e011dff 1dfd1dfa 1dfa1df8
2723160 1e011dfd 1e001e00 1dff1dfd 1dff1e05
2723200 1e0f1e07 1e031e06 1e081e01 1e031e02
2723220 1e041e04 1e021e04 1dfa1dfe 1df61dfb
2723240 1e031dfc 1e051e0b 1e051e0a 1e081e05
2723260 1e011e08 1dff1e09 1e0e1e0c 1e151e0f
2723300 1e131e0f 1e121e13 1e0b1e11 1e0a1e07
2723320 1e0c1e0d 1e0f1e13 1e121e0c 1e051e0b
2723340 1e091e0a 1e151e09 1e091e0c 1e0e1e0a
2723360 1e0b1e0a 1e091e0c 1e081e0c 1e081e06
2723400 1e081e06 1e0e1e0c 1e0d1e11 1e091e0e
2723420 1e0d1e03 1e111e0b 1e0a1e09 1e101e0e
2723440 1e161e10 1e0d1e12 1e151e0d 1e0b1e0c
2723460 1e191e13 1e101e11 1e0b1e07 1e001e0b
2723500 1e0a1e02 1e091dfd 1e091e09 1e0d1e0c
2723520 1e091e10 1e0f1e0f 1e151e17 1e111e13
2723540 1e141e0d 1e091e0b 1e0f1e08 1e0b1e0a
2723560 1e111e12 1e171e14 1e0e1e0e 1e001e09
2723600 1e071e0f 1e0b1e08 1e111e11 1e151e17
2723620 1e0b1e0d 1e0b1e10 1e0c1e0a 1e0f1e0e
2723640 1e0f1e0e 1e121e0d 1e0b1e0e 1e001dfb
2723660 1e0f1e02 1e0b1e10 1e101e12 1e0e1e0c
2723700 1e121e0c 1e081e0b 1e141e0b 1e021e0c
2723720 1e0a1e0b 1e0b1e0a 1e0f1e0d 1e0c1e0b
2723740 1e011e07 1e091e0b 1e081e03 1e0f1e03
2723760 1e141e0e 1e011e09 1e081e0b 1e121e09
2724000 1e171e0e 1e0d1e16 1e111e14 1e101e12
2724020 1e071e0b 1e0a1e06 1e0b1e0f 1e141e0f
2724040 1e141e15 1e131e13 1e191e15 1e111e12
2724060 1e0b1e10 1e0f1e06 1e151e0b 1e1b1e14
2724100 1e1e1e1b 1e1d1e1a 1e181e18 1e131e14
2724120 1e161e15 1e1d1e1a 1e1a1e1b 1e201e23
2724140 1e181e1a 1e101e14 1e081e13 1e191e1c
2724160 1e161e1c 1e1c1e18 1e1d1e19 1e181e1d
2724200 1e161e19 1e161e1b 1e1e1e21 1e261e1b
2724220 1e221e1f 1e1a1e27 1e1d1e1d 1e1d1e17
2724240 1e211e1d 1e271e25 1e2b1e27 1e2f1e2f
2724260 1e301e2d 1e311e27 1e321e2c 1e261e28
2724300 1e291e27 1e311e28 1e261e24 1e241e25
2724320 1e2c1e2c 1e251e2e 1e331e2f 1e351e30
2724340 1e311e36 1e3a1e33 1e371e3c 1e381e33
2724360 1e371e33 1e351e36 1e3a1e39 1e3d1e39
2724400 1e401e43 1e471e44 1e491e45 1e471e4c
2724420 1e431e45 1e4a1e44 1e401e3f 1e4d1e47
2724440 1e4e1e4c 1e461e48 1e491e44 1e531e4d
2724460 1e501e4f 1e4d1e4f 1e4e1e56 1e501e56
2724500 1e581e56 1e5c1e5b 1e591e61 1e5a1e5f
2724520 1e5d1e5b 1e5c1e58 1e5a1e5e 1e591e5c
2724540 1e5a1e5c 1e591e57 1e611e5b 1e661e61
2724560 1e621e64 1e6a1e6a 1e661e64 1e671e67
2724600 1e6a1e69 1e661e6c 1e6f1e70 1e701e6c
2724620 1e721e6c 1e6f1e6a 1e751e6d 1e711e72
2724640 1e711e70 1e731e6e 1e731e7a 1e751e76
2724660 1e731e75 1e751e6d 1e7a1e7c 1e791e71
2724700 1e791e77 1e7a1e7d 1e851e81 1e881e82
2724720 1e841e7f 1e7d1e88 1e8d1e8e 1e911e8d
2724740 1e8f1e91 1e981e92 1e971e97 1e951e93
2724760 1e8b1e8d 1e891e87 1e911e91 1e901e92
2725000 1e951e99 1e971e99 1e9a1e94 1e9b1e9d
2725020 1e961e99 1e991e94 1e9f1e9d 1ea51ea2
2725040 1e9f1ea1 1ea21e9a 1ea61ea4 1ea31ea1
2725060 1ea51ea1 1ea51ea3 1ea31ea5 1ea91ea7
2725100 1ea71ea9 1eab1ea0 1eac1ea5 1ea41ea5
2725120 1ead1eaa 1ea61eae 1eb41ea7 1ea71eae
2725140 1eb11eae 1ea31eaf 1ead1ea5 1eaf1eae
2725160 1eb21eb0 1eab1eb4 1ea21eae 1eb31ea8
2725200 1eb21ead 1eb31eb6 1eab1eb4 1eb21eb8
2725220 1eb01eaf 1eba1eb2 1ebd1ebf 1ec31ebd
2725240 1ec01ebf 1ebb1ec2 1ec51ebe 1ec51ec7
2725260 1ec01ec2 1ec01ec3 1ec11ec2 1eca1ebf
2725300 1ec61ec8 1ec11ec9 1ecf1ece 1ec91ed0
2725320 1ed11ecb 1ed01ece 1ecd1ed1 1ed31ecf
2725340 1ed61ecb 1ecf1ed2 1ece1ed3 1ec81ed3
2725360 1ed71ed2 1ed51ed9 1ecc1ed5 1ec81ed1
2725400 1ed21eca 1ecd1ed4 1ede1eca 1ed51ed4
2725420 1ed51ed3 1ed31ed9 1ecf1ed0 1ed61ecb
2725440 1ed71ed7 1ed91ed4 1ee01ed8 1edd1ee6
2725460 1ee41edf 1edf1ee2 1ed61ed8 1ed51ed7
2725500 1ed81ecc 1edc1edc 1ee31edf 1eda1ee3
2725520 1edc1edf 1edb1edb 1ede1ee0 1edd1ee3
2725540 1ee01ee0 1ee01ee5 1ee21ee5 1ed91ee0
2725560 1eda1ed9 1edf1edf 1edd1ee0 1edb1ee3
2725600 1edb1ed5 1ee51ede 1ee71ee3 1eea1eed
2725620 1eed1eef 1eeb1eeb 1ee21ee3 1edf1edb
2725640 1ee31ed6 1ee41ee8 1ee11ede 1ee01edc
2725660 1ee01eda 1ee81ee2 1ee61ee3 1ee11ede
2725700 1ee11ee5 1ed31eda 1ed11ed7 1ed01ed3
2725720 1edc1ed0 1ed51ed7 1ed91ed9 1eda1ed9
2725740 1edb1edc 1edb1ede 1edb1edc 1ee01edc
2725760 1ee01edb 1ed91edf 1edb1ed4 1ed61eca
2726000 1ed91ed6 1ed81ed8 1ed11edb 1ece1ed5
2726020 1ed51ed0 1ecf1ed0 1ecb1ed0 1ed41ecd
2726040 1ece1ecb 1ed31ed0 1ed21ed4 1ed11ed4
2726060 1ecc1ecd 1ec91ec9 1ecf1ec8 1ed41ed4
2726100 1ed01ed3 1ec41ec8 1ed11ecc 1ec81ecb
2726120 1ed31eca 1ecd1eca 1ec91ed1 1ed01ed0
2726140 1ecf1ecb 1ed41eca 1ed01ed2 1ed01ed5
2726160 1ecf1ecc 1ec81ec9 1eca1ec5 1ec91ecc
2726200 1ec61ec8 1ec81ec4 1ecf1ecf 1ec71ecd
2726220 1ec51ecd 1ec71ec9 1ed11ed0 1ed21ed2
2726240 1ecf1ed2 1ec71ecd 1ecc1ecc 1ecf1ecf
2726260 1ed01ec8 1ed01ecd 1ece1ece 1ecf1ed0
2726300 1ecc1ecf 1ecb1ec8 1ed01eca 1ece1ed1
2726320 1ecc1ed2 1ec91eca 1ed21ed3 1ecf1ed3
2726340 1ecc1ecf 1ec71ecc 1ece1ecd 1ecf1ed1
2726360 1ecc1ec9 1ecc1eca 1ec71ec6 1ecd1ec3
2726400 1ecf1ecd 1ecd1ece 1ecf1ed2 1ed01ecb
2726420 1ed21ed3 1ec81ecb 1ece1ecb 1ecc1ecd
2726440 1ed71ecf 1ed41ed0 1ed41ed9 1ed41ed3
2726460 1ed31ed4 1ed01ed9 1ed81ed2 1ee31eda
2726500 1ee21edf 1eda1ede 1ed91eda 1edb1ed8
2726520 1ed61ed3 1ed71ed5 1ee11edd 1ee91ee7
2726540 1edf1ee0 1edd1ed8 1ee01edd 1ee51ee2
2726560 1eea1ee9 1eed1eea 1ee81ee3 1ee11ee7
2726600 1edf1ee5 1ede1ee3 1ee41edb 1ee71ee9
2726620 1ee21eef 1eee1eec 1eeb1ef0 1eed1eeb
2726640 1ee91eef 1ee21ee0 1ef11eea 1ef71ef0
2726660 1eff1ef7 1ef91f01 1efa1eff 1ef51f02
2726700 1ef51efc 1ef81efb 1f041f03 1eff1f01
2726720 1efd1f06 1efc1f01 1efb1efb 1f061efd
2726740 1f091f01 1f051f09 1f041f08 1f061f06
2726760 1f091f01 1f0a1f07 1f101f0d 1f111f16
2727000 1f121f0e 1f0f1f11 1f091f0a 1f0c1f03
2727020 1f071f0d 1f141f14 1f181f15 1f131f17
2727040 1f101f15 1f171f1a 1f1a1f19 1f1b1f18
2727060 1f211f18 1f221f1d 1f301f29 1f2a1f27
2727100 1f251f2f 1f211f23 1f281f27 1f261f28
2727120 1f311f28 1f321f2e 1f301f34 1f2f1f32
2727140 1f311f2c 1f2a1f34 1f2b1f2a 1f3a1f2f
2727160 1f371f32 1f381f3c 1f391f3a 1f3e1f3e
2727200 1f3e1f3f 1f3d1f37 1f381f3b 1f421f41
2727220 1f461f3c 1f471f43 1f431f43 1f471f4e
2727240 1f441f47 1f441f3f 1f4c1f49 1f471f47
2727260 1f461f49 1f4a1f48 1f471f45 1f471f4a
2727300 1f471f43 1f461f4b 1f431f3e 1f4e1f47
2727320 1f4f1f50 1f551f53 1f5e1f5d 1f591f5b
2727340 1f5a1f55 1f571f62 1f5a1f50 1f5d1f5a
2727360 1f5a1f5e 1f5b1f54 1f5b1f57 1f631f61
2727400 1f611f5f 1f5f1f5f 1f661f64 1f661f60
2727420 1f6a1f67 1f681f6a 1f6a1f67 1f651f64
2727440 1f661f60 1f6a1f6d 1f721f71 1f6c1f71
2727460 1f6f1f67 1f601f66 1f6e1f70 1f741f73
2727500 1f781f78 1f711f75 1f771f6f 1f7a1f77
2727520 1f7a1f7c 1f781f76 1f7a1f78 1f761f74
2727540 1f6b1f70 1f781f75 1f7b1f77 1f831f7b
2727560 1f821f7e 1f7c1f7e 1f801f81 1f831f82
2727600 1f821f83 1f7c1f86 1f831f80 1f811f83
2727620 1f811f81 1f891f82 1f841f7e 1f881f87
2727640 1f881f8c 1f8d1f83 1f8f1f8a 1f931f8d
2727660 1f921f92 1f921f97 1f971f8e 1f941f8d
2727700 1f8c1f92 1f861f8c 1f8a1f8a 1f8f1f88
2727720 1f961f94 1f971f9b 1f971f93 1f991f97
2727740 1f9d1f9a 1f981f97 1f901f95 1f8e1f8e
2727760 1f9d1f94 1f971f99 1f9b1f9a 1f991f9c
2730000 1f951f9e 1f941f97 1f931f93 1f9c1f96
2730020 1f941f92 1f8b1f95 1f9a1f98 1f951f9a
2730040 1f901f8c 1f8f1f8c 1f931f9a 1f901f8f
2730060 1f901f91 1f8e1f95 1f981f91 1f931f93
2730100 1f911f95 1f951f91 1f941f94 1f9d1f93
2730120 1f961f9a 1f971f99 1f951f94 1f941f91
2730140 1f961f93 1f891f92 1f951f90 1f8f1f8c
2730160 1f8e1f89 1f961f8a 1f861f8f 1f971f8c
2730200 1f941f90 1f8f1f8e 1f911f8f 1f8a1f8d
2730220 1f8d1f8c 1f901f8d 1f8e1f89 1f891f8f
2730240 1f8f1f8e 1f921f90 1f8c1f90 1f851f87
2730260 1f801f7f 1f871f88 1f8d1f93 1f881f8e
2730300 1f891f86 1f8a1f8a 1f8c1f8f 1f871f86
2730320 1f8d1f8b 1f8c1f86 1f8c1f88 1f881f89
2730340 1f8b1f85 1f8d1f8c 1f8b1f87 1f7d1f86
2730360 1f871f86 1f881f8a 1f8a1f81 1f881f86
2730400 1f821f84 1f821f7c 1f881f89 1f7f1f85
2730420 1f891f82 1f831f84 1f7d1f81 1f791f7e
2730440 1f7e1f7c 1f801f81 1f761f7f 1f751f7c
2730460 1f761f7d 1f801f7e 1f851f83 1f7c1f81
2730500 1f7d1f7e 1f7c1f7c 1f7d1f7f 1f7f1f82
2730520 1f801f84 1f821f87 1f861f85 1f811f79
2730540 1f7b1f7a 1f751f73 1f7e1f7c 1f771f7b
2730560 1f851f79 1f7b1f84 1f821f75 1f6f1f79
2730600 1f7b1f7b 1f7d1f80 1f7f1f7d 1f781f7b
2730620 1f7a1f7c 1f7a1f7a 1f7f1f7a 1f791f77
2730640 1f831f75 1f7f1f82 1f861f86 1f7e1f7e
2730660 1f7f1f7b 1f7a1f7a 1f7b1f7e 1f8d1f86
2730700 1f7c1f82 1f851f7e 1f871f8a 1f811f85
2730720 1f7b1f82 1f811f80 1f851f7c 1f7f1f88
2730740 1f891f85 1f881f86 1f841f85 1f891f84
2730760 1f831f85 1f8c1f82 1f831f8c 1f861f88
2731000 1f8b1f84 1f851f87 1f891f8b 1f8c1f8c
2731020 1f8b1f93 1f8c1f8a 1f941f88 1f8c1f94
2731040 1f911f87 1f8b1f94 1f8a1f88 1f891f87
2731060 1f871f88 1f9a1f8e 1f8d1f95 1f961f93
2731100 1f991f94 1f951f91 1f9a1f9a 1f971f97
2731120 1f991f9c 1f9b1f99 1f941f96 1f9b1f94
2731140 1f9c1f9e 1f9f1f9b 1fa21fa2 1f9f1fa2
2731160 1f9f1fa2 1f9b1f98 1fa01f99 1f9d1f9c
2731200 1f9b1f9b 1fa71fa1 1fac1fa8 1f9e1fa2
2731220 1fa91fa1 1fa11f9f 1fa21fa1 1fa41fa8
2731240 1fa61fa5 1fa91fa9 1fa71faa 1fa31fa1
2731260 1fa51fa8 1fa71fa2 1fa71fa6 1fb01fb2
2731300 1fb01fb0 1fb21fbd 1fb71fae 1fbf1fb8
2731320 1fb51fbf 1fb31fb5 1fbd1fb6 1fbe1fbe
2731340 1fc31fc1 1fbe1fbf 1fc81fc2 1fce1fca
2731360 1fc91fc9 1fc01fc5 1fbb1fbf 1fbf1fbf
2731400 1fc41fbf 1fc51fc7 1fc71fc6 1fc91fcc
2731420 1fd21fcd 1fcd1fcd 1fd61fc6 1fd11fce
2731440 1fd21fcd 1fd71fdb 1fd11fd4 1fc71fca
2731460 1fca1fcd 1fd31fd2 1fd81fd0 1fd81fd5
2731500 1fd31fd1 1fd41fd3 1fd31fdc 1fde1fda
2731520 1fd91fd5 1fe01fdf 1fe41fdf 1fde1fda
2731540 1fd31fda 1fdf1fdc 1fd11fd5 1fd21fda
2731560 1fdc1fda 1fe21fe3 1fdf1fde 1fe31fd8
2731600 1fe41fe4 1fe91fe4 1fea1ff2 1fe51fe6
2731620 1fec1fe8 1fe91fef 1fe91fee 1fe41fe5
2731640 1fe21fe6 1fed1fe6 1ff01ff3 1fef1fee
2731660 1fed1fef 1fed1feb 1fe91fec 1ff31ff4
2731700 1ff61ff2 1ff71ffa 1ff81ffa 1fff1ffa
2731720 1ffa1ffe 1ffa2002 1ffb1ff7 1ff91ffd
2731740 20062002 20052007 2008200b 1ffe2007
2731760 20032001 20052001 20062006 20092002
2732000 2000200d 20102011 2006200a 200c200b
2732020 1fff2007 200e2010 200f2012 2016200c
2732040 20112013 20112013 20142017 2016201a
2732060 201a2010 201b2014 20182019 2012201c
2732100 20182011 2020201f 201e201e 2019201b
2732120 2013201d 20222020 201f2021 2019201c
2732140 20122015 2018201b 201d201b 20182019
2732160 2017201a 20202023 2020201c 202c2029
2732200 202d2025 20272029 20292025 20292028
2732220 20252027 20272025 20212026 20242020
2732240 20232024 20282020 20242024 2029201f
2732260 20282022 202b2029 202c202d 20232028
2732300 20282026 20232026 20252026 20292024
2732320 20242025 2028201d 20232020 20242023
2732340 20212024 2023201d 20252025 201d2023
2732360 20282024 20272021 20222021 20212025
2732400 201f201f 2025201e 201b201c 201a201c
2732420 201e201e 2014201c 2020201a 2020201d
2732440 20232028 20232022 2023202c 201b201d
2732460 201d201d 20182019 201e2015 201d2016
2732500 201e201f 201e2021 201b2020 201d201c
2732520 20152016 20222015 20172017 201c2016
2732540 201e2021 2019201a 201c201b 20122017
2732560 201a2019 201a2015 201e2020 201c2020
2732600 2020201d 201e2016 2017201a 201a2017
2732620 20182011 20172013 2015200f 2018200e
2732640 20152015 20112015 20192011 201d201a
2732660 20172018 2014201c 2019201b 20172013
2732700 2018201b 20102016 200e200e 20102014
2732720 200a200b 200b200b 200f200a 20102009
2732740 200d2014 200a2011 2011200d 200f200d
2732760 20032017 200d2013 200f2011 2014200a
2733000 20122014 200d200f 20172011 20172010
2733020 20172012 200c2014 20122010 2015201e
2733040 20132015 2008200e 20072005 200c2004
2733060 200f200d 200e200f 2013200e 200b200e
2733100 2006200e 200c2009 20082009 200b200e
2733120 20162012 20172013 200c200f 200f200d
2733140 2008200a 20092004 200d200b 200c200f
2733160 200e2011 20152011 200e200b 2010200e
2733200 2012200d 20112012 20092008 200d200f
2733220 2013200b 2018201a 20142020 2012200b
2733240 20132018 200f2010 200e2014 2007200e
2733260 2011200f 200a2012 2015200b 20152017
2733300 20162014 20182013 200e200d 200d2015
2733320 20172015 201d200e 201d201c 20192016
2733340 20152016 20102014 20172017 200f200c
2733360 2019200f 201a2020 201f201d 2017200f
2733400 20192015 201a2020 201b2018 201c2023
2733420 2023201e 2029201f 201e201b 20212025
2733440 20242020 20222026 20202024 201d2025
2733460 201f2022 2029202a 20252024 201f2018
2733500 20282021 20202022 202b202b 202a202a
2733520 202e2029 2022202b 20272027 2025202f
2733540 20282027 20242025 202a202b 202a202e
2733560 20312031 20372033 2035202f 202d202e
2733600 2035202d 202d202f 202f202d 20342030
2733620 2032202f 20312039 203e2038 2039203a
2733640 203e2039 2029203a 203c2030 20382040
2733660 203d203e 203e2036 2038203a 20362034
2733700 203b2041 20442040 20422040 203a203a
2733720 203d203d 20432040 20452041 203a203d
2733740 203d2031 2045203f 2049203d 20482047
2733760 204b204b 204b2047 20472044 20492047
2734000 204b204a 204f204b 204b2050 20552050
2734020 20532054 204e204f 2053204c 20532050
2734040 20532059 20512054 20562056 20592059
2734060 205c205d 2053205b 205d205a 20592063
2734100 205c205f 2058205b 205b205b 205b2060
2734120 205a2058 20582058 205c2061 205c205c
2734140 206a2064 20622064 20652063 20612065
2734160 20652061 20642065 20682062 206b2063
2734200 2065206a 20662065 20652063 2071206e
2734220 206b206a 206f206d 2073206b 20762073
2734240 206d206c 20722075 206b206a 2070206a
2734260 2076207b 20742071 2079207c 2072207a
2734300 20792074 2076207b 207e2080 2078207d
2734320 207c207d 207e207f 207d2087 207d207c
2734340 2075207b 207a2077 2075207b 20822081
2734360 20842082 207c207e 20812081 207c2081
2734400 20872089 207b207c 20822081 207e207b
2734420 207f207e 20852085 20872081 20872088
2734440 2086208a 208f2092 208b208f 2089208a
2734460 207e2088 208d2086 208a2080 208b208a
2734500 208a208c 20872085 20832085 20832087
2734520 2088208b 20872088 208e2088 208e208c
2734540 2089208e 20892089 20812087 207d207e
2734560 20852087 20852087 20882088 20892087
2734600 20822087 208c208a 208a208d 208b208b
2734620 208c208a 20842085 20862089 2082207e
2734640 20872086 20822080 20872081 207e207e
2734660 20812081 207e2082 2082207f 2084207e
2734700 20862081 2081208a 20832085 20862080
2734720 20812083 20862083 207d207d 2088208d
2734740 20842087 208c2089 2089208c 20822085
2734760 20872089 2086207a 20892085 208a2084
2735000 20912085 20832088 207f2086 20882085
2735020 208b208d 208c208e 2089208d 208b2087
2735040 208b2089 20862086 2089208d 2087208a
2735060 20842088 207b207e 2079207e 2081207c
2735100 207c207e 2081207a 2085207f 20832083
2735120 207d2088 207a2083 207e207f 20802082
2735140 208a2083 208a208b 20892090 20812089
2735160 20792081 20752074 20802085 20882081
2735200 2087208f 208a2086 208b2086 208e2090
2735220 2085208e 2087208b 20822083 20822080
2735240 20802085 20862084 20832084 208e208b
2735260 20862091 208e2090 20922092 2093208d
2735300 208e2091 208c208d 208b208f 208c208b
2735320 2090208b 208f2084 208a2089 207f2088
2735340 2088208a 20852086 208e208a 20882085
2735360 208c2093 208a208d 208f2091 208c2089
2735400 208b208d 2083208e 208a208e 20882086
2735420 20882083 208a208d 208c2091 208d208b
2735440 2090208e 208b2086 20872089 20832088
2735460 208e2086 2085208a 208a2088 20862087
2735500 20882087 208f2090 209b2091 20962095
2735520 20942092 2088208f 208a2091 20942090
2735540 20982095 20952096 2090209a 208a2095
2735560 208e208f 2090208d 20892093 208f2091
2735600 20922094 209b2096 209a2097 20972099
2735620 20982097 209d20a0 20992099 209d2093
2735640 209b2098 2096209c 209f209d 20a220a0
2735660 20a02098 2097209d 208f209b 20922095
2735700 20a32099 209c209f 209d2096 209f209d
2735720 209c20a4 209f209a 20a0209b 20a12099
2735740 209c209c 20a620a6 20a620a3 20ab20a0
2735760 209d20a0 209f209f 20a120a2 20a120a2
2736000 209c209b 209c209b 20952099 20a2209c
2736020 20a2209b 20a720a2 20a620ae 209e20a5
2736040 20af20af 20ae20ad 20af20ad 20ac20b1
2736060 20a420a9 20a420ad 20a020a6 20a6209a
2736100 20aa209e 20a920b0 20af20b0 20b120b2
2736120 20a520ac 20a420a8 20aa20ac 20a920ac
2736140 20b020a1 20a920ab 20ba20b8 20ae20bc
2736160 20b120b6 20ae20ae 20ae20a7 20ac20ae
2736200 20ad20ab 20bd20b1 20bc20b9 20b520b4
2736220 20ad20b0 20ad20af 20b520b0 20b120b1
2736240 20b320b4 20b820b7 20b720b4 20ba20bb
2736260 20b820b8 20be20b6 20bb20ba 20b620ba
2736300 20b920bb 20c220bc 20be20c5 20ba20bd
2736320 20bd20bf 20c120c5 20c320c4 20c320c0
2736340 20c620c2 20ca20c3 20c620c3 20c520c3
2736360 20cb20c1 20d220d0 20c820d2 20c820c6
2736400 20cb20cc 20c720c7 20ca20be 20c520cd
2736420 20c920ca 20c920d0 20cc20c1 20c320c0
2736440 20c620c7 20cd20cf 20ce20c9 20d420cf
2736460 20cf20d8 20cb20cf 20cc20c9 20d120cf
2736500 20d920d1 20d420d5 20d220db 20d320d3
2736520 20d520d4 20e120d7 20d220d7 20d220d6
2736540 20d820d2 20e020d9 20d720dd 20da20df
2736560 20d520dd 20e120e0 20e120e1 20d220d9
2736600 20da20d6 20d220db 20d620dc 20e020d8
2736620 20dd20da 20d820d6 20d720d8 20e820e1
2736640 20e320e0 20dc20dd 20dd20de 20e320dc
2736660 20e920e0 20ee20ed 20e920e6 20e920e9
2736700 20dd20ea 20e520e9 20dd20e4 20e720e2
2736720 20e120e8 20e220e3 20e020e2 20e020e3
2736740 20e120df 20e420e6 20e320e1 20e020e4
2736760 20dc20e0 20e220e0 20e720e3 20e720e9
2737000 20e420ea 20e520e6 20e520e6 20df20e5
2737020 20e120db 20e520dd 20ee20e9 20ee20ec
2737040 20e820ed 20e420ed 20e620e4 20e620e3
2737060 20eb20ea 20e820e9 20e720e8 20e520eb
2737100 20e120dc 20ee20e1 20ec20e8 20eb20e6
2737120 20ea20e5 20ea20df 20e420ec 20ed20e4
2737140 20db20e0 20db20db 20db20da 20e520da
2737160 20e020d5 20e520e0 20dc20e3 20e820e1
2737200 20e620e6 20ef20ef 20e320e8 20e620e5
2737220 20ed20e7 20e420e9 20e220e6 20ea20e8
2737240 20de20e2 20df20e4 20e020dc 20e720e1
2737260 20e520e4 20ea20ec 20ec20e8 20ea20e3
2737300 20df20e8 20e220e4 20e820e5 20ed20de
2737320 20ea20ea 20e520e1 20e920e3 20ed20e3
2737340 20ec20e6 20e820ec 20e920ec 20e020e5
2737360 20eb20df 20f020ef 20e620e6 20ed20e8
2737400 20e820ea 20ee20ea 20e920ee 20ed20ed
2737420 20e720ed 20e920e9 20ea20f2 20e420e4
2737440 20e420e3 20e620e2 20eb20ea 20ee20f0
2737460 20ec20ec 20f520f4 20f020f7 20f220f4
2737500 20ec20ed 20ea20e6 20e620e0 20ed20eb
2737520 20ea20f0 20ed20ee 20f520ec 20ea20ef
2737540 20ed20ec 20ef20f2 20f320f5 20f620f2
2737560 20f420f0 20f120f3 20f120f0 20f420f7
2737600 20f620f7 20fd20f8 20fc20f9 20f520fa
2737620 20f420f4 20f120f1 20f820f0 20fb20f0
2737640 20f020f7 20fe20f7 20ff2104 20f720f7
2737660 20f720f6 20f320f4 20f420f7 20ef20ef
2737700 20f020f1 20f620ed 20f520f9 20fe20fc
2737720 20fd20f7 20ff20ff 20fc20fc 20fc20fd
2737740 20fb20fb 20fb20fb 20f720f0 20f920f9
2737760 20fa20fe 210220fd 20fe2104 20fd20fb
2740000 20fe20fb 210120fc 21092103 210420ff
2740020 20fa2100 20fb20f9 21072107 21062104
2740040 210b2110 2113210d 210e2110 21022106
2740060 21072102 21062107 210d2104 21132115
2740100 210a2111 2112210c 2113210d 21052108
2740120 210f2111 2107210d 210c210a 21042106
2740140 21112108 21112118 210f2113 210b210f
2740160 2114210e 21102113 21122113 21192111
2740200 211a2115 2118211c 2115210f 210f2108
2740220 21092112 21142110 211f211b 211d2113
2740240 21212114 2116211a 210c2111 21082105
2740260 210e2105 21102110 210b2105 210b210b
2740300 21142113 b01104bf 00001004 0001000a
2740320 00010000 03b16043 00000ffc 0001000a
2740340 1400003c add01f00 add01f01 add01f02
2740360 add01f03 add01f04 add01f05 add01f06
2740400 add01f07 add01f08 add01f09 add01f0a
2740420 add01f0b add01f0c add01f0d add01f0e
2740440 add01f0f add01f10 add01f11 add01f12
2740460 add01f13 add01f14 add01f15 add01f16
2740500 add01f17 add01f18 add01f19 add01f1a
2740520 add01f1b add01f1c add01f1d add01f1e
2740540 ff000134 00000020 00000002 c601d629
2740560 00000001 deadbeef f0000002 c601d615
2740600 350b5039 00000000 00000134 00001f48
2740620 a01004c0 21c62117 21cd21c6 21c521c3
2740640 21c721cd 21cd21c9 21d521ce 21cb21cb
2740660 21c921cc 21d021c9 21d421cc 21cd21d0
2740700 21c521cb 21c521c8 21c821c8 21cf21ce
2740720 21d021c6 21d221ce 21cf21d1 21d421d0
2740740 21d721d0 21ca21d6 21d121d1 21cc21ca
2740760 21cd21cd 21cc21d2 21cf21cf 21c721c5
2741000 21d321cf 21cc21cf 21cf21d4 21d321d2
2741020 21c821d1 21c821ce 21d321cb 21bf21cc
2741040 21d021c9 21c621cc 21d621d9 21d621d7
2741060 21d721d7 21d321d2 21d121cf 21cb21d5
2741100 21d821d4 21d821d7 21d521d4 21dc21db
2741120 21dc21d8 21d721d9 21d921da 21dd21d6
2741140 21d521d8 21d721df 21d821db 21d221d7
2741160 21d321d2 21d521d4 21d921d9 21d021d9
2741200 21d421cf 21dd21db 21de21d5 21d921d8
2741220 21e021d6 21de21df 21e121e2 21d721d8
2741240 21d021d3 21d421d8 21e021d8 21e721dd
2741260 21e221e0 21e121e4 21e621e3 21e021e7
2741300 218121e4 1f822089 1e1f1eb3 1d7b1dc1
2741320 1d3f1d5b 1d241d32 1d1f1d22 1d201d1b
2741340 1d171d20 1d231d28 1d251d16 1d281d1c
2741360 1d241d26 1d191d20 1d201d20 1d1a1d1c
2741400 1d211d1c 1d261d20 1d241d26 1d2d1d2d
2741420 1d241d2a 1d211d22 1d2b1d22 1d231d1f
2741440 1d251d23 1d2a1d26 1d231d20 1d261d2a
2741460 1d251d2b 1d201d1f 1d231d24 1d2a1d2b
2741500 1d281d2a 1d281d2d 1d2f1d2c 1d2e1d2a
2741520 1d3a1d32 1d371d2f 1d321d31 1d261d2d
2741540 1d291d30 1d431d37 1d381d3f 1d381d3d
2741560 1d371d33 1d2c1d2c 1d381d34 1d3b1d3a
2741600 1d441d3c 1d441d46 1d3c1d47 1d401d38
2741620 1d451d3c 1d401d48 1d3f1d4c 1d471d44
2741640 1d481d45 1d481d4a 1d431d45 1d4b1d48
2741660 1d441d44 1d4a1d41 1d4c1d4b 1d491d4b
2741700 1d4c1d4e 1d4b1d4c 1d501d4d 1d4e1d52
2741720 1d4e1d4e 1d591d54 1d601d54 1d641d63
2741740 1d561d59 1d511d57 1d541d56 1d551d55
2741760 1d531d54 1d551d4f 1d551d58 1d531d58
2742000 1d5e1d57 1d621d5e 1d591d58 1d561d58
2742020 1d551d55 1d571d5e 1d5b1d54 1d671d5e
2742040 1d631d64 1d5c1d62 1d631d67 1d5f1d65
2742060 1d5c1d5c 1d621d66 1d631d69 1d5f1d62
2742100 1d691d6a 1d6c1d6d 1d751d72 1d731d6f
2742120 1d711d6a 1d681d6b 1d641d6d 1d661d6a
2742140 1d6a1d6d 1d731d73 1d6c1d73 1d6e1d6a
2742160 1d6d1d6b 1d721d77 1d6f1d71 1d6e1d6b
2742200 1d6c1d6b 1d6e1d6b 1d781d74 1d731d7b
2742220 1d771d70 1d681d6e 1d681d6d 1d751d73
2742240 1d781d70 1d771d79 1d6f1d71 1d751d68
2742260 1d751d7d 1d781d75 1d721d7b 1d721d74
2742300 1d751d70 1d711d77 1d721d73 1d781d6e
2742320 1d791d76 1d741d77 1d721d72 1d761d76
2742340 1d7d1d7c 1d711d76 1d6f1d78 1d751d74
2742360 1d701d6b 1d751d6f 1d781d73 1d791d7a
2742400 1d761d7a 1d781d74 1d791d7b 1d701d74
2742420 1d751d77 1d6e1d70 1d7a1d7a 1d841d7f
2742440 1d7e1d80 1d7b1d80 1d7a1d83 1d731d78
2742460 1d731d71 1d731d75 1d771d72 1d721d79
2742500 1d801d74 1d801d7b 1d821d80 1d7b1d87
2742520 1d801d83 1d7b1d7e 1d7c1d7d 1d7a1d7b
2742540 1d7c1d81 1d7a1d7e 1d801d81 1d811d7c
2742560 1d7c1d83 1d801d83 1d7e1d82 1d8a1d85
2742600 1d831d85 1d7b1d7d 1d7e1d7c 1d821d81
2742620 1d8c1d86 1d8e1d8f 1d8c1d8c 1d821d85
2742640 1d861d87 1d8f1d8b 1d8e1d8b 1d8f1d8b
2742660 1d8e1d8a 1d831d8b 1d851d85 1d891d84
2742700 1d7d1d7d 1d821d80 1d851d86 1d861d85
2742720 1d891d85 1d871d85 1d911d8a 1d8a1d90
2742740 1d8c1d8d 1d941d8e 1d921d94 1d921d91
2742760 1d841d8a 1d7c1d84 1d8c1d81 1d8d1d93
2743000 1d9c1d8e 1d921d95 1d931d8f 1d941d91
2743020 1d931d8c 1d911d91 1d951d98 1da31d9a
2743040 1da11da0 1da31da0 1da21da6 1d9c1da6
2743060 1da11d9c 1d9f1d9a 1d981d96 1d9c1d9d
2743100 1da11d9d 1da91da6 1da61da4 1da71da9
2743120 1da91dac 1dac1daf 1daf1dae 1db61dac
2743140 1db31db2 1dad1db4 1db31db2 1dba1db0
2743160 1dab1daf 1daf1dad 1db11db6 1db81db9
2743200 1dbc1db7 1dc01dc0 1dc11dc6 1dc81dc6
2743220 1dc81dc8 1dd11dc3 1dc91dca 1dcf1dcf
2743240 1db81dbd 1dcb1dca 1dc21dc9 1dd51dc9
2743260 1dcb1dd1 1dd41dd0 1dd91dd6 1ddc1dd3
2743300 1dd61ddb 1dd01dd9 1dd71dd6 1dd81ddc
2743320 1de01ddb 1de11dd8 1dda1ddc 1dd71ddc
2743340 1dcc1ddb 1dd61dd2 1dd51dd8 1dd21dd0
2743360 1de01dd5 1de01de4 1dda1de3 1de31ddc
2743400 1de31de7 1ddf1de5 1de91deb 1de71de5
2743420 1de71de4 1de61de9 1de51de5 1deb1de8
2743440 1df31def 1df31deb 1dea1df3 1df61dee
2743460 1df11dfb 1dfa1df9 1df51dfd 1df31dec
2743500 1df21dec 1dfb1df9 1df81deb 1dfe1e00
2743520 1df41dfc 1dfa1df5 1df91dfd 1e021e00
2743540 1e051e07 1e101e09 1e0e1e16 1e0a1e14
2743560 1e0d1e0e 1e081e0c 1e0e1e09 1e051e0a
2743600 1e0a1e0e 1e0d1e0f 1e141e0b 1e171e11
2743620 1e161e15 1e161e14 1e151e13 1e101e12
2743640 1e181e15 1e181e18 1e191e1d 1e191e14
2743660 1e1d1e19 1e1b1e20 1e221e1e 1e2f1e2b
2743700 1e271e2f 1e291e22 1e211e20 1e281e24
2743720 1e311e34 1e321e32 1e301e32 1e271e29
2743740 1e2e1e32 1e321e2e 1e231e28 1e311e28
2743760 1e281e31 1e261e2a 1e2b1e2a 1e2d1e28
2744000 1e2f1e2e 1e271e2b 1e311e34 1e341e33
2744020 1e3c1e3d 1e331e36 1e341e34 1e371e32
2744040 1e301e33 1e2c1e30 1e301e33 1e331e33
2744060 1e401e3e 1e3d1e3d 1e3b1e36 1e391e33
2744100 1e3d1e35 1e391e40 1e411e41 1e3b1e41
2744120 1e471e46 1e4a1e4d 1e4b1e4d 1e4a1e47
2744140 1e451e44 1e451e42 1e481e47 1e471e4a
2744160 1e481e45 1e451e44 1e3f1e39 1e4a1e45
2744200 1e4a1e47 1e471e4e 1e3c1e48 1e4c1e3b
2744220 1e461e4b 1e4c1e46 1e501e50 1e481e48
2744240 1e521e43 1e4b1e48 1e401e47 1e531e4d
2744260 1e541e4f 1e581e53 1e511e58 1e4f1e56
2744300 1e4f1e4e 1e4f1e47 1e4b1e47 1e4d1e4b
2744320 1e531e53 1e511e49 1e4d1e4c 1e4e1e48
2744340 1e4c1e4b 1e491e4c 1e4f1e4a 1e4a1e4a
2744360 1e4d1e4d 1e4b1e4a 1e4a1e4c 1e511e5c
2744400 1e551e52 1e541e56 1e511e52 1e4f1e4c
2744420 1e561e51 1e521e54 1e561e56 1e4f1e54
2744440 1e561e51 1e521e48 1e521e53 1e4f1e51
2744460 1e5b1e58 1e4f1e50 1e551e57 1e551e4e
2744500 1e5b1e55 1e501e52 1e4d1e51 1e461e4e
2744520 1e511e4e 1e5b1e53 1e531e55 1e501e51
2744540 1e561e55 1e551e58 1e531e4e 1e4a1e4a
2744560 1e4b1e4e 1e4e1e49 1e4e1e4d 1e4a1e4b
2744600 1e4d1e4d 1e471e4a 1e471e4c 1e481e47
2744620 1e451e42 1e4a1e4a 1e481e4b 1e501e49
2744640 1e4e1e4e 1e4a1e4e 1e551e50 1e4f1e4f
2744660 1e471e4d 1e421e4c 1e4b1e48 1e461e49
2744700 1e4b1e4a 1e511e49 1e511e55 1e4f1e50
2744720 1e471e40 1e401e40 1e4b1e4f 1e421e44
2744740 1e4a1e48 1e451e4c 1e3d1e3f 1e3b1e41
2744760 1e501e3c 1e521e53 1e4c1e4f 1e4c1e4d
2745000 1e4b1e50 1e451e4a 1e461e43 1e431e46
2745020 1e451e41 1e4c1e4f 1e471e44 1e481e4e
2745040 1e451e45 1e401e41 1e481e48 1e4f1e4e
2745060 1e551e55 1e521e51 1e4c1e4f 1e4e1e54
2745100 1e4e1e54 1e501e4b 1e4e1e47 1e4b1e52
2745120 1e4d1e4b 1e531e44 1e481e4d 1e511e50
2745140 1e571e57 1e651e59 1e5c1e5b 1e551e5c
2745160 1e541e52 1e561e58 1e5c1e5e 1e5c1e65
2745200 1e681e5a 1e5a1e5e 1e5a1e5d 1e591e58
2745220 1e591e57 1e621e58 1e611e60 1e681e61
2745240 1e651e65 1e6d1e63 1e6c1e68 1e6c1e67
2745260 1e621e6a 1e661e62 1e681e66 1e711e6f
2745300 1e6d1e6a 1e691e6e 1e671e6b 1e691e6a
2745320 1e701e65 1e731e76 1e701e74 1e761e77
2745340 1e6f1e79 1e7b1e77 1e791e7a 1e6f1e74
2745360 1e781e77 1e811e7e 1e801e80 1e7e1e80
2745400 1e7c1e7d 1e831e7f 1e831e86 1e831e84
2745420 1e801e82 1e861e81 1e871e86 1e881e89
2745440 1e8e1e7f 1e861e8c 1e841e7d 1e8e1e8d
2745460 1e931e91 1e8c1e8c 1e881e81 1e8e1e8d
2745500 1e931e8d 1e971e92 1e981e91 1ea01e9e
2745520 1e9e1ea3 1ea21ea3 1ea81ea2 1ea81ea2
2745540 1ea61eaa 1ea61eab 1ea81ea8 1ea61ea6
2745560 1ea81eac 1ea61eaa 1eac1ea7 1eb81ead
2745600 1eb71eaf 1eb81eb9 1eab1eae 1eb01eae
2745620 1eb31ead 1ebc1eb3 1ebd1ebc 1ec21ebe
2745640 1ebd1ec2 1ec21ec5 1ec11ec7 1eca1ec9
2745660 1ec41ec6 1ec41ec3 1ec31ec8 1ebf1ec7
2745700 1ec71ec1 1ed61ed3 1ecc1ec4 1eda1ede
2745720 1ed51ed1 1ecf1ed1 1ece1ed1 1ed81ed4
2745740 1ed91ee0 1ed41ed5 1ed81ed2 1ee01eda
2745760 1edc1edf 1ee31edd 1ed81eda 1ee01ed9
2746000 1ee01ed6 1ee11ee0 1eea1ee8 1ee91ee9
2746020 1ee61ee9 1eee1ee5 1ee71eea 1ef01eeb
2746040 1ee81ee9 1eec1eed 1ee81eec 1eee1eeb
2746060 1eec1eef 1eed1eea 1ef41eee 1efb1ef8
2746100 1ef91ef5 1efd1f02 1ef41ef9 1ef01ef1
2746120 1ef81ef2 1ef81ef7 1ef91ef6 1ef81ef6
2746140 1eff1efa 1efe1efc 1ef31efa 1f0a1efa
2746160 1ef91f07 1f0d1f01 1eff1f02 1efc1eff
2746200 1f001eff 1f051f04 1f071f02 1f011f04
2746220 1f041f06 1f091f03 1f0a1f04 1f101f03
2746240 1f0a1f0e 1f131f0c 1f0a1f13 1f071f0e
2746260 1f061f01 1f081f09 1f0b1f09 1f0b1f0c
2746300 1f071f0b 1f0a1f08 1f0c1f0d 1f001f04
2746320 1f061f0f 1f0b1f03 1f0c1f0a 1f081f14
2746340 1f111f11 1f111f11 1f111f11 1f151f1b
2746360 1f171f16 1f101f14 1f101f11 1f101f0e
2746400 1f171f17 1f151f17 1f141f1b 1f1e1f16
2746420 1f131f1b 1f1b1f12 1f151f12 1f161f18
2746440 1f201f1c 1f1a1f1b 1f1a1f1e 1f191f18
2746460 1f1a1f16 1f0e1f11 1f161f17 1f1d1f1b
2746500 1f181f1a 1f1b1f1b 1f0e1f14 1f161f14
2746520 1f1f1f15 1f1f1f1b 1f161f13 1f161f1a
2746540 1f101f14 1f1a1f1b 1f0f1f17 1f0f1f12
2746560 1f0f1f14 1f0a1f11 1f0c1f0d 1f161f0c
2746600 1f111f0e 1f101f0d 1f101f0e 1f101f0f
2746620 1f131f0b 1f191f1b 1f151f1a 1f191f14
2746640 1f0f1f0f 1f151f17 1f121f18 1f181f1b
2746660 1f1c1f1f 1f0d1f07 1f131f12 1f091f05
2746700 1f101f16 1f101f12 1f0e1f10 1f091f04
2746720 1eff1f06 1f061f02 1f041f05 1f041efd
2746740 1f041f05 1f0c1f08 1f0b1f10 1f0a1f07
2746760 1f031f05 1efd1efd 1f081f00 1f081f0b
2747000 1eff1f03 1f011f02 1eff1efd 1f011f02
2747020 1f091f05 1f0a1f07 1f051f0a 1efe1eff
2747040 1efb1f03 1eff1efa 1efe1f01 1f011eff
2747060 1efd1efe 1efa1f02 1efb1efd 1eff1f00
2747100 1efc1f01 1efa1ef8 1ef41ef9 1efa1ef7
2747120 1ef71ef8 1efb1ef5 1efa1ef2 1ee81ef6
2747140 1eea1ef7 1eed1ee6 1ef11eec 1eec1eed
2747160 1ef51ef1 1ef81efa 1efb1ef8 1efc1efd
2747200 1efd1efb 1ef61efe 1ef71efa 1ef21ef8
2747220 1ef81ef7 1eef1ef6 1ef31ef0 1ef01ef9
2747240 1ef11ef7 1ef51ef3 1ef51ef5 1ef51efa
2747260 1ef71ef7 1ee91ef4 1ef11eee 1eec1eea
2747300 1ef31ef1 1ef71ef9 1efa1ef4 1ef51ef8
2747320 1efd1ef9 1ef11ef6 1ef61ef1 1ef61ef9
2747340 1ef51ef2 1efa1ef7 1ef61ef7 1efb1ef6
2747360 1ef51efa 1ef51ef0 1efa1ef9 1eea1ef6
2747400 1efc1efa 1ef91ef9 1f011ef7 1f001efd
2747420 1efa1efe 1f001f00 1f011f04 1f0c1f03
2747440 1f071f0b 1f041f04 1f031f07 1f011f05
2747460 1f061f0a 1f0d1f0b 1f031f0a 1f0d1f08
2747500 1f0a1f05 1f0c1f0c 1f0f1f10 1f0a1f13
2747520 1f121f0f 1f111f0f 1f161f0f 1f161f15
2747540 1f161f19 1f1d1f20 1f161f19 1f181f1e
2747560 1f1a1f1b 1f1e1f16 1f1a1f1c 1f1b1f19
2747600 1f1f1f18 1f1f1f19 1f1e1f21 1f191f1f
2747620 1f1e1f1b 1f241f1e 1f1c1f20 1f201f1f
2747640 1f281f27 1f2d1f2f 1f3d1f2f 1f331f39
2747660 1f2f1f30 1f361f33 1f321f31 1f2f1f30
2747700 1f301f32 1f401f39 1f371f3c 1f381f35
2747720 1f431f42 1f3e1f49 1f431f45 1f431f42
2747740 1f441f45 1f3a1f3a 1f3c1f3b 1f431f46
2747760 1f4c1f46 1f451f4f 1f4a1f47 1f4d1f52
2750000 1f471f4e 1f511f53 1f581f5a 1f531f58
2750020 1f571f5d 1f5a1f55 1f5c1f5c 1f671f57
2750040 1f691f67 1f621f5f 1f661f65 1f6a1f69
2750060 1f681f66 1f6c1f62 1f6d1f67 1f681f6a
2750100 1f6e1f6f 1f701f72 1f6d1f63 1f6d1f70
2750120 1f751f6f 1f771f78 1f781f78 1f791f80
2750140 1f811f78 1f7f1f7d 1f811f85 1f861f80
2750160 1f891f84 1f821f80 1f7d1f84 1f8a1f8e
2750200 1f8e1f92 1f8b1f92 1f8e1f8c 1f861f8a
2750220 1f861f8b 1f981f91 1f931f8f 1f961f93
2750240 1f8d1f93 1f931f93 1f911f93 1fa01f94
2750260 1f9b1f99 1f971f9b 1fa31f9f 1f9e1f9d
2750300 1f9d1f98 1fa11f9e 1f9c1fa4 1fa01fa6
2750320 1f9f1fa0 1fa71fa0 1fad1faa 1fa61fa9
2750340 1f9f1f9e 1fa21f9d 1fa81fab 1fa91faa
2750360 1fa61f9f 1faa1fb3 1fac1fa9 1fb51fac
2750400 1fb01faf 1fb31fb8 1fa71fb7 1faf1fab
2750420 1fb31faf 1fb01fb5 1fb01fb2 1fb91fb7
2750440 1fbb1fb6 1fc01fbc 1fc11fc0 1fb91fc2
2750460 1fc11fc2 1fc21fc6 1fc41fc6 1fbf1fc0
2750500 1fbb1fbe 1fbe1fbd 1fb21fb8 1fbf1fb6
2750520 1fc21fc2 1fc31fc1 1fcb1fc0 1fcd1fd2
2750540 1fc81fc8 1fc71fca 1fc61fc6 1fc21fc3
2750560 1fca1fc3 1fce1fca 1fce1fcd 1fd41fcc
2750600 1fd31fda 1fce1fd9 1fc81fcf 1fd01fca
2750620 1fc91fc6 1fc91fcc 1fce1fc8 1fcc1fc6
2750640 1fcd1fcb 1fca1fcc 1fc31fd1 1fd31fc8
2750660 1fcc1fd3 1fcc1fd0 1fcf1fce 1fce1fcd
2750700 1fcc1fcb 1fc61fcb 1fc81fc7 1fc51fcf
2750720 1fc91fcb 1fce1fc9 1fce1fcf 1fcd1fcc
2750740 1fcc1fd0 1fc71fcc 1fc51fc6 1fcd1fc1
2750760 1fcd1fce 1fca1fd0 1fd31fc9 1fc21fc4
2751000 1fc61fc3 1fc71fc4 1fc21fc2 1fc11fc0
2751020 1fc11fc5 1fc51fc3 1fc61fc7 1fc11fc5
2751040 1fc31fc8 1fc81fc2 1fc71fc8 1fc01fc8
2751060 1fbd1fc3 1fbf1fbe 1fbd1fc9 1fc11fb5
2751100 1fb91fc0 1fc11fbd 1fc61fc1 1fc01fbf
2751120 1fbf1fbd 1fc01fbd 1fc11fc6 1fba1fbe
2751140 1fbd1fb8 1fc01fbb 1fba1fc0 1fb81fb9
2751160 1fb71fb8 1fbd1fb8 1fb21fb9 1fb11fb7
2751200 1fb61fb7 1fae1fb3 1fb51fb1 1fb11fac
2751220 1fac1fab 1fac1fb5 1fb41fb2 1fba1faf
2751240 1fae1fae 1fa61fab 1fa91fa4 1fa81fa9
2751260 1fa21fa2 1fa61f96 1fa31fa4 1f9f1f9f
2751300 1f9c1fa4 1fa31f9d 1fa81fa1 1fa01fa1
2751320 1f9f1f9d 1f9e1fa0 1f951f9f 1fa11f97
2751340 1f9c1fa3 1fa11f9d 1fa11fa5 1f9f1f9f
2751360 1f9d1f9f 1f9a1fa0 1f9a1f98 1f971f9a
2751400 1f9b1f9a 1f9c1fa3 1f991f9f 1f991f98
2751420 1f961f9f 1f9b1f98 1f9f1f9c 1f9b1f99
2751440 1f951f99 1f971f9f 1f951f9a 1f941f97
2751460 1f931f9c 1f901f92 1f941f93 1f931f8f
2751500 1f961f90 1f951f95 1f971f9d 1f991f97
2751520 1f991f94 1f941f98 1f941f91 1f8c1f8f
2751540 1f8c1f93 1f951f8e 1f911f8a 1f921f92
2751560 1f911f8c 1f8e1f95 1f941f92 1f9a1f96
2751600 1f901f97 1f8c1f8d 1f8d1f9e 1f951f93
2751620 1f961f92 1f951f96 1f8b1f93 1f931f93
2751640 1f931f91 1f8e1f8e 1f931f8f 1f9d1f9a
2751660 1f981f94 1f961f98 1f9c1f98 1f9e1f9e
2751700 1f9a1f9b 1f981fa0 1f9c1f94 1f9d1f9c
2751720 1f951f9a 1f961f99 1f9b1f9a 1f9e1f9b
2751740 1f981f99 1fa11fa1 1fae1fa7 1fa51fa9
2751760 1fa71fab 1fac1fa9 1fac1fa8 1fa81f9e
2752000 1fa41fa3 1fa71fa4 1fae1fa7 1fac1faa
2752020 1fa61fb0 1fab1fad 1faf1fb0 1fb51fb6
2752040 1fb31fb1 1faa1fad 1fb01fb4 1fa91fac
2752060 1fb11fae 1fbc1fb9 1fbe1fbc 1fc11fbf
2752100 1fbf1fbd 1fbd1fbe 1fbf1fc3 1fbc1fbb
2752120 1fc01fc4 1fbe1fc2 1fc61fc4 1fc81fcd
2752140 1fbc1fcc 1fca1fca 1fd01fcc 1fd01fd2
2752160 1fce1fd2 1fcf1fc9 1fd01fc9 1fce1fcf
2752200 1fd21fcf 1fce1fd1 1fcc1fcb 1fd31fd4
2752220 1fd81fd1 1fd91fd1 1fda1fd8 1fd41fd6
2752240 1fd71fd8 1fdc1fd4 1fe21fd4 1fe61fe5
2752260 1fe71feb 1fe81fe6 1fec1fea 1fed1fe9
2752300 1fe71feb 1fec1ff2 1fec1ff3 1ff21ff0
2752320 1ffc1ff8 1ff61ff2 1ff61ff5 1ffe2001
2752340 20001ffb 20012006 2007200d 20102011
2752360 2006200b 200f200f 2008200c 20062007
2752400 200a2008 200d2011 201b200e 20152010
2752420 200b2008 200c200d 20172012 20142018
2752440 200d2015 20112011 20142013 20122017
2752460 201d200f 2020201f 2020201e 201d2021
2752500 201d201e 201b2015 201e201e 20232021
2752520 20282020 20292020 20262029 2029201c
2752540 2025202d 202a2028 2029202a 201f2028
2752560 20272025 2025202e 202e2027 2024202b
2752600 202a2025 202f2031 20342033 20322034
2752620 203a203b 203b2043 2041203e 20442038
2752640 20342037 2048203e 20472047 203e2041
2752660 203d203f 2036203c 203c2039 2042203c
2752700 204c2043 203c2041 203c2044 20462040
2752720 204d2047 204b2045 204c204b 20502048
2752740 20532057 205b2053 20592056 205f205e
2752760 20502055 204f2053 20512052 205b2050
2753000 204c2053 204f2052 20562054 2052204c
2753020 20592052 204f205a 204e2050 20502056
2753040 204f2050 20582052 205a205d 205b2060
2753060 20592060 20522050 205c2055 20542050
2753100 20522056 20552054 20572053 205e2059
2753120 2067205e 205a2062 20542056 205c2058
2753140 205f2059 20602064 205d2061 20542058
2753160 20572055 20562057 20542054 2056204f
2753200 20592055 205c205a 2065205f 2057205e
2753220 20542059 205c205b 204d2054 20572050
2753240 20582052 20552057 2057205f 205b2063
2753260 205d2058 20602055 205c205a 20592060
2753300 20512051 20582056 20542059 20532057
2753320 20472050 204f204e 20512050 204b204e
2753340 20442049 20462047 2050204d 204f204c
2753360 204a2050 204b2049 2046204a 204f204c
2753400 20522050 20462048 20452047 2041204e
2753420 2046204a 20452040 20402042 203d203c
2753440 203a2031 2040203b 2041203b 203c203f
2753460 203c203f 2034203e 20372032 20332031
2753500 202d202f 202c202f 202b202d 20322036
2753520 2030202f 20282028 20252029 202a2030
2753540 20282029 20272026 20242021 201e201b
2753560 20202028 20282023 20232020 20242026
2753600 20222024 20212024 201a201e 2020201c
2753620 20202021 201c2022 201a201e 201a2021
2753640 2024201d 201d201f 2017201a 2014201b
2753660 201c200f 20132012 20192016 20112016
2753700 20102010 201a2018 20192021 2018201c
2753720 20172018 20132017 20102013 2011200e
2753740 2012200f 20082010 20172015 20162016
2753760 201a2015 20112019 20132017 2012200a
2754000 200f2011 200e201e 2014200b 200b2019
2754020 2013200b 2016200b 201c2017 2010201b
2754040 20132019 2010201b 200f200c 200d200f
2754060 200a200a 200b200b 200d2010 20172012
2754100 20152011 2010200f 200c2008 20112014
2754120 200f200e 2014200e 201a2019 20122018
2754140 20182010 20142019 2013201b 2015201a
2754160 20142018 20162015 20122015 201a200e
2754200 200e2018 20162014 20172018 20172016
2754220 2016200d 20152014 20182012 201e201b
2754240 201e201b 20272027 201b2021 202e2029
2754260 20212021 20212023 2026201a 20272024
2754300 20202026 20202023 20232022 20272025
2754320 20272024 20252029 202a2025 20282025
2754340 202e2025 202b202e 20302030 202b2031
2754360 2033202c 20322030 20312035 20392035
2754400 203a2039 20352039 20372033 2038203c
2754420 2034203b 20392035 203f203d 203d2044
2754440 203f2040 20432047 20392043 20382035
2754460 203c2036 203e203c 203a2042 20462040
2754500 20462048 20482048 20432047 20512050
2754520 20482050 2054204e 204e204d 20462050
2754540 20482049 204d2046 20622055 205f205e
2754560 205b205a 2057205b 20672059 20602062
2754600 2066205e 20622069 2060205f 20682063
2754620 205e2060 206a2066 206b2069 2069206a
2754640 206a2067 206e2068 206b2067 2069206e
2754660 2073206b 207c207e 207a207e 207b2078
2754700 207b207a 20812079 207f207c 207a207b
2754720 207a2078 20742075 20772071 207f207d
2754740 20862080 2081207d 20862083 20852087
2754760 20842087 20882086 2082208b 20872082
2755000 2087208e 2088208b 208b208c 208a2086
2755020 208b2089 20882087 208a2089 2088208b
2755040 208f208a 20952093 20932099 20952098
2755060 20982096 20982096 2096209b 2099209c
2755100 209f209c 209e20a2 20a520a2 209f209c
2755120 20a620a9 20a020ab 20a520a7 20a320a0
2755140 20a720a5 20a220a7 20ad20a5 20a720a7
2755160 20b120a8 20af20aa 20aa20b4 20ac20b1
2755200 20ae20aa 20ac20aa 20af20ac 20b120b4
2755220 20ae20b3 20b420ae 20ab20b0 20ac20aa
2755240 20ad20af 20af20a9 20ad20a9 20b020a6
2755260 20b720b8 20b320b6 20b720ab 20b420bb
2755300 20ac20b2 20b120b4 20ae20b6 20ad20b4
2755320 20ab20aa 20b220ae 20b420b3 20af20b8
2755340 20b420b1 20b620b2 20b220b7 20b620b4
2755360 20ba20ba 20b120ba 20b220ae 20b220b0
2755400 20bf20b5 20b120b9 20b820b1 20b420b8
2755420 20b320b3 20af20b4 20af20b6 20b620b6
2755440 20b520b0 20bd20b8 20bd20be 20b920be
2755460 20bd20bd 20b620bd 20b620b9 20ab20b1
2755500 20ad20b2 20ad20a9 20b220b8 20ad20ab
2755520 20b020ac 20a920b3 20b220b0 20b120b0
2755540 20a820ae 20a920ae 20a920aa 20af20b2
2755560 20b420ad 20af20af 20aa20ad 20ac20ad
2755600 20a020a9 209f209c 20a3209d 20a520a4
2755620 209c20a2 20a3209e 20a1209c 20a1209e
2755640 20ad20a6 20a520ab 209e20a4 20a220a4
2755660 20a320ab 209c20a3 20a020a4 20a320a2
2755700 209a209c 209d2097 209c209c 209e209a
2755720 209c20a2 209a2097 20952095 2095208e
2755740 209820a3 20972095 2095209d 2093208f
2755760 208e2090 20972090 208f2096 20932096
2756000 2089208a 208d208f 208b2092 208f2093
2756020 20932091 20952087 2093208e 2095208f
2756040 208a2094 208e208f 20902090 20882084
2756060 20862089 20872082 208b208c 2094208a
2756100 2089208c 2083208c 2088208e 208c2087
2756120 208f208f 2087208b 20882088 208b208c
2756140 20822088 2083207f 2074207d 207c2078
2756160 20852082 20802085 20842086 20812081
2756200 20852080 20822088 20842083 2083208c
2756220 2083207e 207d2083 2080207b 20822081
2756240 20842080 207b2083 207f207b 207f2082
2756260 20892082 20832087 20812083 20802085
2756300 20832087 20842084 2080207f 2085207b
2756320 20852089 2085208c 20852085 2087207f
2756340 20832086 2084208a 20882089 208d208e
2756360 2089208b 2087208e 208a208a 208b208d
2756400 2085208c 20852088 2090208b 2087208c
2756420 208d2086 2087208b 208d2087 20872087
2756440 208a208a 208e2089 209a208a 20902099
2756460 2092208a 208f209e 208d208f 2089208a
2756500 208c2089 208e2095 208d2090 209c2092
2756520 20982099 209a2094 20922095 208f208d
2756540 20972094 20942096 209b2097 209e2098
2756560 209b2099 2097209f 209f209b 209b209d
2756600 20a12097 209e209d 209a2097 209d209e
2756620 20a620a2 20a120a3 20ab20aa 20af20af
2756640 20a920a9 20a820ad 20a820a7 20a120ac
2756660 20a420a5 20a620aa 20ab20b0 20b120ac
2756700 20b620b1 20af20b2 20ac20a7 20ad20ab
2756720 20bb20b3 20b020b8 20b320ab 20af20ab
2756740 20b020b1 20b120ae 20bb20b7 20c320c4
2756760 20bd20be 20bd20ba 20bf20c1 20c020be
2757000 20c320c2 20c320c5 20c620c6 20bd20b8
2757020 20bb20be 20c620c4 20c820ca 20c920c3
2757040 20c920c8 20c420ca 20c020c5 20c320bc
2757060 20cc20c5 20cd20ce 20c920ca 20d420cf
2757100 20dc20d1 20d420d5 20d620d1 20d120da
2757120 20d520d0 20ce20d6 20d320da 20d320d3
2757140 20d320d2 20d020d4 20d920d8 20d720d5
2757160 20dd20dd 20e320e9 20da20d7 20e720e4
2757200 20e120df 20da20de 20db20e3 20d620da
2757220 20dc20d6 20e220d4 20e620e3 20e620df
2757240 20e820e5 20eb20e8 20e120df 20ef20ef
2757260 20ed20f2 20f320f3 20f020f6 20ed20ed
2757300 20e820e9 20ee20ea 20f320f5 20f320ed
2757320 20f520ec 20ef20ee 20ed20f4 20f520f5
2757340 20f220f4 20f720f2 20f720f4 20f020f8
2757360 20fe20fc 20fb20fa 210220fe 20fa2103
2757400 20fe20f9 21022100 210120fc 210c2106
2757420 21052104 21072109 21052107 20fd2102
2757440 21002106 210020fc 20fd2103 210520fe
2757460 21082100 210a210d 21082108 2105210a
2757500 21162111 210d2115 210f210c 210a210c
2757520 21172114 21172119 2111210d 210a210b
2757540 210a210b 210d2106 21062105 21032102
2757560 210f2107 2107210e 210f210f 21192113
2757600 21112116 21182113 2109210e 210b210b
2757620 2112210a 210c2108 210e210f 210e2106
2757640 210e2114 210e2114 2110210b 2107210b
2757660 2113210c 210d2117 210b210a 21192106
2757700 2110210e 21072108 21082110 210a2108
2757720 210a210d 2111210c 2110210f 210c2110
2757740 21042105 210a210b 21072109 2110210b
2757760 2110210e 2112210d 21072108 2112210d
2760000 2103210c 21052109 21042106 210a2107
2760020 21062108 21072107 21052102 20ff210b
2760040 20fc2104 21032104 21022104 210020ff
2760060 21012107 20ff20ff 20fd20fd 20fd20ff
2760100 20f820f4 20fa20f6 20f920f8 20f820f6
2760120 20f520fb 20f220f2 20f920f6 20f320f2
2760140 20f220f9 20f320f4 20ec20f7 20f420f3
2760160 20f520f7 20f320f8 20f920f2 20f520fb
2760200 20fe20ff 20f020f4 20f920f3 20f820f9
2760220 20f220f0 20f320f5 20eb20ea 20ed20e1
2760240 20eb20ee 20ec20ec 20f020f7 20f620f5
2760260 20ec20e9 20f320f3 20eb20ec 20ee20ee
2760300 20e820ee 20ec20eb 20ec20ef 20ec20ed
2760320 20e620e9 b01004c0 00000f90 0001000a
2760340 00010000 03b16044 00000ffc 0001000a
2760360 1400003c add01f00 add01f01 add01f02
2760400 add01f03 add01f04 add01f05 add01f06
2760420 add01f07 add01f08 add01f09 add01f0a
2760440 add01f0b add01f0c add01f0d add01f0e
2760460 add01f0f add01f10 add01f11 add01f12
2760500 add01f13 add01f14 add01f15 add01f16
2760520 add01f17 add01f18 add01f19 add01f1a
2760540 add01f1b add01f1c add01f1d add01f1e
2760560 ff000134 00000020 00000002 c66e73b8
2760600 00000001 deadbeef f0000002 c66e73a4
2760620 330a26d5 00000000 00000134 00001f48
2760640 a01104c1 21d020eb 21cb21cf 21c821c8
2760660 21ca21c6 21c821d0 21ca21cc 21cb21cf
2760700 21d321ce 21ce21cf 21c821cd 21ce21cb
2760720 21ca21ce 21d721cf 21d321d4 21c921d2
2760740 21c421d2 21c921c8 21cb21c6 21d221ca
2760760 21cf21d1 21d121d7 21d621d5 21d921d8
2761000 21d621cf 21d621da 21d221d2 21db21d8
2761020 21de21d8 21e221e8 21df21d7 21df21e1
2761040 21dc21de 21e121e8 21e021e0 21df21e1
2761060 21d521dd 21d821d1 21e221e0 21e221e5
2761100 21e621e7 21ee21ea 21ec21f0 21ea21e5
2761120 21e421e8 21db21e0 21e521e5 21e621e8
2761140 21f621eb 21ec21f2 21ef21e9 21e821eb
2761160 21ec21ea 21eb21ea 21ec21eb 21f021ee
2761200 21ec21eb 21f521f4 21f421f1 21f121f3
2761220 21ed21ee 21f121ef 21f421f5 21eb21f3
2761240 21f021ed 21ee21f2 21e621ef 21ed21ec
2761260 21f921ef 21f521f8 21fb21fe 22032204
2761300 21fa21f7 22002200 220021fc 22052202
2761320 21a82210 1fe920c5 1ea71f2a 1e151e47
2761340 1dd51df0 1dc11dcd 1dc51dc4 1dc91dc6
2761360 1dc51dc2 1dbc1dbf 1dbb1dbe 1dc01dbf
2761400 1dc41dc0 1dc11dc8 1dbc1dc4 1dba1dbb
2761420 1db81db5 1db41db4 1db31db8 1dc21dba
2761440 1dc31dc5 1dc31dbf 1dc91dc2 1dd01dcc
2761460 1dce1dd1 1dd11dd1 1dd11dcd 1dd41dd2
2761500 1dd51dd2 1dd41dd7 1dd61dd8 1ddb1ddc
2761520 1de01ddb 1dd51de2 1ddc1dd7 1de51dda
2761540 1de11ddf 1deb1de4 1de61de8 1de11dea
2761560 1de11deb 1de61de6 1de81de4 1dec1de9
2761600 1dea1ded 1dea1de8 1dee1dee 1df51de9
2761620 1de91deb 1df41dea 1df01dfe 1e001df6
2761640 1df71df9 1e001dfa 1dfc1df8 1e011e00
2761660 1e0a1e06 1e051e01 1e011dfb 1e031e00
2761700 1e0c1e03 1e081e06 1dff1e04 1dfc1e04
2761720 1e031e05 1e0a1e01 1e091e02 1e0c1e06
2761740 1e0a1e04 1e081e09 1e0b1e10 1e111e0b
2761760 1e151e0e 1e0b1e1a 1e071e0d 1e011e07
2762000 1e0d1e0b 1e121e0b 1dfe1e0c 1e071e01
2762020 1e0c1e08 1e091e0f 1e101e12 1e0e1e0b
2762040 1e071e11 1e081e05 1e0b1e0a 1e111e0e
2762060 1e141e10 1e121e15 1e081e0d 1e0e1e0c
2762100 1e171e0e 1e181e19 1e1a1e1a 1e1b1e24
2762120 1e1d1e1f 1e131e15 1e121e10 1e131e10
2762140 1e141e15 1e131e15 1e141e0c 1e151e18
2762160 1e161e1a 1e1c1e1c 1e181e1a 1e181e16
2762200 1e161e10 1e171e16 1e191e1b 1e1b1e14
2762220 1e191e16 1e141e14 1e161e12 1e191e14
2762240 1e1e1e14 1e1e1e1b 1e171e20 1e0f1e0c
2762260 1e171e11 1e131e13 1e191e12 1e0b1e0e
2762300 1e0b1e0a 1e0d1e0b 1e0e1e0b 1e0e1e0d
2762320 1e0f1e12 1e0b1e06 1e0f1e0e 1e0c1e0e
2762340 1e0d1e09 1e0a1e07 1e0d1e07 1e041e0e
2762360 1e071e06 1e091e02 1e0d1e0c 1e0c1e12
2762400 1e111e0d 1e141e0d 1e111e0f 1e071e10
2762420 1e081e0c 1e041e0a 1e111e0e 1e0c1e0a
2762440 1e091e06 1e071e08 1e0c1e0c 1e0e1e09
2762460 1e141e10 1e0f1e10 1e081e07 1e031e11
2762500 1e011e03 1e061dfe 1e021e07 1e011e04
2762520 1e081e08 1e061e01 1e0d1e06 1e0c1e04
2762540 1e0b1e0b 1e011e04 1e071e00 1e081dff
2762560 1e091e0c 1e0b1e0b 1e0e1e0b 1e0c1e0f
2762600 1e0b1e08 1e081e04 1e001e08 1e061e0d
2762620 1e021e0c 1e061e03 1e061e04 1e0d1e0c
2762640 1e0b1e0a 1e061e09 1e101e08 1e0c1e0e
2762660 1e0a1e0e 1e071e0d 1e141e13 1e061e0d
2762700 1e071e03 1e0b1e11 1e0d1e10 1e0e1e0b
2762720 1e101e0a 1e151e0d 1e0a1e0e 1e121e0e
2762740 1e0c1e0d 1e0f1e0b 1e0a1e05 1e081e08
2762760 1e101e0c 1e0e1e13 1e141e08 1e0e1e17
2763000 1e141e0f 1e161e18 1e111e10 1e141e0e
2763020 1e0e1e16 1e131e0d 1e1a1e19 1e161e12
2763040 1e161e18 1e1c1e17 1e1d1e1c 1e1f1e1c
2763060 1e271e1e 1e1f1e1f 1e201e21 1e221e22
2763100 1e261e21 1e231e1a 1e211e1d 1e1a1e14
2763120 1e181e1a 1e1f1e1e 1e1e1e21 1e201e1a
2763140 1e221e22 1e231e26 1e251e22 1e231e23
2763160 1e1e1e23 1e1c1e1c 1e1c1e23 1e231e1e
2763200 1e291e26 1e2a1e28 1e281e2b 1e291e2f
2763220 1e351e38 1e2f1e32 1e311e2d 1e341e3b
2763240 1e361e2a 1e341e39 1e411e34 1e411e3b
2763260 1e3b1e3a 1e3b1e40 1e3c1e47 1e411e43
2763300 1e3c1e3f 1e3b1e38 1e3b1e3a 1e371e33
2763320 1e3e1e3f 1e441e3d 1e411e43 1e491e43
2763340 1e4e1e49 1e491e4a 1e411e48 1e411e49
2763360 1e451e46 1e4e1e4f 1e4e1e4c 1e531e4d
2763400 1e4d1e4b 1e4c1e56 1e531e4f 1e581e55
2763420 1e5a1e5c 1e591e5b 1e561e5e 1e5d1e5b
2763440 1e641e61 1e601e5c 1e611e66 1e5c1e62
2763460 1e611e64 1e631e63 1e5b1e5d 1e631e67
2763500 1e671e5e 1e631e6b 1e661e5b 1e6d1e69
2763520 1e6b1e72 1e731e77 1e701e70 1e721e6f
2763540 1e791e74 1e781e7a 1e7e1e7c 1e731e78
2763560 1e7a1e77 1e791e7e 1e7f1e7c 1e781e82
2763600 1e851e87 1e8a1e80 1e811e85 1e881e8a
2763620 1e811e82 1e881e8a 1e841e8d 1e8c1e88
2763640 1e881e8b 1e891e8a 1e901e8b 1e911e90
2763660 1e921e91 1e961e97 1e901e95 1e931e92
2763700 1e961e95 1e9a1e94 1e951e97 1e971e93
2763720 1ea11ea6 1ea11ea0 1ea11ea5 1ea61e9f
2763740 1ea11e9d 1ea11ea1 1eaa1ea3 1ea11eab
2763760 1ea21ea4 1eab1ea5 1eae1eb2 1eae1eae
2764000 1ea71ea4 1eae1eaa 1ea61eac 1ea81eb1
2764020 1eae1ead 1eb41eae 1eb51eaf 1eb41eb3
2764040 1eb91eb5 1eb11eb5 1eb01eb2 1eb41eb1
2764060 1eb51eb6 1ec51eb7 1eb81ebf 1ebc1ebf
2764100 1ec71ec2 1ebc1ec9 1ec81ec0 1ec31ec1
2764120 1ec91ec4 1ecb1ecc 1ec11eca 1ebf1ec8
2764140 1ec51ec5 1ecb1ecb 1ecb1ec7 1eb91ec4
2764160 1ec11ec0 1ecb1ecd 1ece1ecc 1ece1ed2
2764200 1ec21ec8 1ebe1ec3 1ecc1eba 1ec51ec5
2764220 1ecd1ec6 1ec71ecc 1ecf1ecb 1ec81ec7
2764240 1ec31ec3 1ec91ec3 1ecb1eca 1ed41ecd
2764260 1ed81eda 1ed11ecf 1ed11ed1 1ed41ed2
2764300 1ed01ed2 1ecb1ed1 1ed61ed1 1ed61edb
2764320 1eda1edd 1ed41ed8 1edc1ed3 1ed51ed1
2764340 1ed41ecf 1ed31eda 1ed71ed8 1ed91ed7
2764360 1ee01eda 1ed41ed3 1ed71ed3 1ee11ee3
2764400 1ee51ee4 1edd1ee0 1ed81edf 1edc1ed8
2764420 1edc1ee1 1eda1ee0 1ed01ed6 1ed51ecc
2764440 1ed81ed8 1ed91eda 1edc1ed9 1edf1ed9
2764460 1ee11edb 1edc1edd 1ee71ede 1ee01ee5
2764500 1ee21edd 1ee11ee1 1edf1ee3 1edf1ee5
2764520 1ed91ee0 1edd1ee0 1ed71ed7 1edf1ede
2764540 1edd1edd 1ee21edf 1edb1ede 1edc1eda
2764560 1ed91edc 1ed81ed5 1ed21ed5 1edb1ed2
2764600 1ed51ed7 1edd1ed8 1ed81edd 1ed41edb
2764620 1ee11ed8 1eda1edd 1ed81ed4 1edf1ed9
2764640 1eda1edb 1ed91edc 1ed41ed3 1ed41ed4
2764660 1eda1ed5 1ed31ed6 1edc1ed8 1eda1eda
2764700 1eda1edf 1ed71ede 1ee21ed8 1ed71ed7
2764720 1edc1ed5 1ed41ee1 1ed11eda 1ed51ed5
2764740 1ed71ed5 1ecf1ecc 1ed81ed6 1ed81edc
2764760 1ed51ed9 1ed91ed3 1edc1ed4 1ee21ee0
2765000 1ed91ee0 1edb1ed9 1edb1eda 1ede1ede
2765020 1ed31eda 1ed91ed9 1eda1ed8 1ed41ece
2765040 1ed71ed0 1ed71ed4 1ee21ede 1ede1edf
2765060 1edc1ed9 1edb1ede 1ee01edd 1ede1ee3
2765100 1ed81ed8 1edd1ed9 1ed81ed9 1ed71ed5
2765120 1ede1ed8 1edd1ee0 1ee51ee3 1ee71ede
2765140 1ee11ee8 1ee11ee6 1ee91ee0 1edb1ee5
2765160 1ee81ee0 1ee71ee7 1ee41ef0 1ee51edb
2765200 1ee51edf 1edc1ee4 1ee41ee0 1ee31eea
2765220 1edf1ee1 1ee01ee1 1ed81ed6 1edf1ee0
2765240 1ee21ee0 1ee91ee5 1ee61ee0 1ee91ee8
2765260 1ef11eeb 1ef31ef3 1eef1ef0 1ef21ef2
2765300 1eef1ef3 1eee1ee9 1ef81ef2 1ef81ef2
2765320 1efb1ef7 1eef1ef3 1eec1eef 1eee1ef2
2765340 1eee1ef1 1ef61ee8 1ee51eec 1eec1eec
2765360 1ef41eef 1eef1ef0 1ef91ef5 1ef81ef7
2765400 1ef91efb 1ef81efa 1ef71ef6 1ef91ef7
2765420 1efe1efd 1efc1f03 1ef91f00 1ef81ef5
2765440 1ef81f00 1ef61ef5 1efc1ef9 1eff1efb
2765460 1efa1efa 1efe1ef8 1efd1efa 1eff1f00
2765500 1efb1efc 1f061f03 1f111f09 1f0c1f0c
2765520 1f031f08 1f091f07 1f091f08 1f0b1f00
2765540 1f071f07 1f0a1f05 1f0f1f07 1f0c1f0f
2765560 1f101f0c 1f151f19 1f081f1a 1f0a1f12
2765600 1f0d1f08 1f181f0e 1f151f15 1f141f13
2765620 1f181f1e 1f151f10 1f131f17 1f0e1f16
2765640 1f151f15 1f181f17 1f201f1c 1f191f16
2765660 1f131f1c 1f121f15 1f191f14 1f191f26
2765700 1f1e1f1a 1f1d1f1b 1f1e1f1b 1f1a1f18
2765720 1f1c1f24 1f221f23 1f231f1a 1f1e1f1d
2765740 1f231f1f 1f1d1f1c 1f291f24 1f2c1f21
2765760 1f261f2b 1f241f24 1f301f29 1f391f34
2766000 1f331f35 1f371f35 1f301f31 1f391f2e
2766020 1f3a1f3a 1f381f34 1f321f37 1f371f31
2766040 1f3a1f33 1f3b1f35 1f361f38 1f351f3b
2766060 1f411f3b 1f401f39 1f461f3c 1f3c1f40
2766100 1f461f45 1f4d1f44 1f471f46 1f461f46
2766120 1f431f44 1f461f49 1f461f47 1f4a1f46
2766140 1f3e1f41 1f441f43 1f4d1f4d 1f4a1f4c
2766160 1f4b1f4b 1f451f48 1f451f4a 1f4a1f4d
2766200 1f501f50 1f591f54 1f541f4d 1f511f58
2766220 1f521f55 1f4f1f54 1f531f4f 1f521f4e
2766240 1f4e1f55 1f521f4d 1f5a1f57 1f5c1f5a
2766260 1f5c1f52 1f511f54 1f571f55 1f611f61
2766300 1f5f1f5f 1f691f5d 1f5e1f65 1f5e1f63
2766320 1f641f61 1f661f68 1f6d1f64 1f651f63
2766340 1f681f6b 1f641f6b 1f651f65 1f5f1f5c
2766360 1f661f63 1f661f67 1f601f68 1f681f66
2766400 1f6c1f6c 1f731f6e 1f771f70 1f741f74
2766420 1f791f74 1f751f74 1f741f75 1f6c1f70
2766440 1f6f1f6a 1f661f6d 1f731f73 1f741f73
2766460 1f6d1f6e 1f701f70 1f741f72 1f791f71
2766500 1f7a1f7a 1f741f71 1f771f76 1f761f7b
2766520 1f791f75 1f6d1f77 1f6b1f72 1f761f77
2766540 1f781f75 1f761f75 1f7d1f77 1f761f78
2766560 1f7b1f75 1f7b1f7d 1f7c1f79 1f761f7e
2766600 1f791f76 1f771f7c 1f791f76 1f811f7b
2766620 1f761f75 1f751f79 1f711f76 1f721f73
2766640 1f751f72 1f721f79 1f6d1f79 1f6e1f71
2766660 1f781f6f 1f6c1f73 1f6d1f6d 1f671f6d
2766700 1f6d1f6c 1f721f6b 1f681f6a 1f6e1f6e
2766720 1f6d1f6e 1f6e1f68 1f6b1f66 1f651f69
2766740 1f6f1f6d 1f6c1f73 1f781f74 1f721f75
2766760 1f731f72 1f711f70 1f751f7e 1f731f78
2767000 1f731f71 1f701f71 1f6f1f6d 1f691f77
2767020 1f6d1f74 1f731f73 1f6a1f6e 1f6f1f66
2767040 1f6a1f6b 1f721f73 1f731f73 1f751f6b
2767060 1f751f71 1f701f75 1f6b1f6a 1f6c1f6f
2767100 1f691f6e 1f6d1f6b 1f731f71 1f7c1f6f
2767120 1f7c1f7a 1f741f7c 1f771f77 1f711f7b
2767140 1f6e1f72 1f6d1f71 1f741f6d 1f741f72
2767160 1f671f69 1f6b1f73 1f791f72 1f761f7b
2767200 1f741f7d 1f711f79 1f761f75 1f6d1f70
2767220 1f6d1f66 1f731f73 1f721f71 1f781f7a
2767240 1f761f77 1f7e1f79 1f7a1f84 1f7c1f7f
2767260 1f751f79 1f771f74 1f7c1f79 1f791f76
2767300 1f761f77 1f811f7a 1f771f78 1f7f1f7a
2767320 1f851f7f 1f7f1f7a 1f801f83 1f791f79
2767340 1f7f1f7a 1f7e1f7e 1f821f80 1f851f8a
2767360 1f7b1f87 1f7a1f77 1f7d1f79 1f791f82
2767400 1f791f7a 1f811f87 1f861f85 1f901f87
2767420 1f881f81 1f871f8d 1f8b1f8b 1f841f89
2767440 1f7f1f82 1f8a1f86 1f861f86 1f881f8c
2767460 1f861f8b 1f831f84 1f8c1f90 1f8c1f90
2767500 1f841f89 1f8a1f89 1f8c1f8e 1f8a1f94
2767520 1f911f92 1f901f93 1f921f94 1f981f94
2767540 1f941fa3 1f921f96 1f8f1f8f 1f931f93
2767560 1f941f93 1f971f90 1f951f94 1f9c1f9a
2767600 1fa41fa1 1f971fa2 1f971f99 1fa21f9e
2767620 1f9f1f9f 1fa51f9f 1fa11fa6 1f9b1fa7
2767640 1f9f1f9d 1fac1faa 1fab1fa7 1fa21f9e
2767660 1fa81fa1 1fa71faa 1fa61fa9 1fb11fab
2767700 1fb21fb1 1fad1fac 1fac1fad 1fa21fa8
2767720 1fa91fa0 1fad1fa7 1fab1faa 1fb51fb3
2767740 1faf1fb1 1fb01fb4 1fb21fb2 1fb41fb2
2767760 1fb51fbc 1fba1fb6 1fbe1fb8 1fba1fb4
2770000 1fbd1fc1 1fb71fb9 1fb51fb9 1fb51fb7
2770020 1fc21fb9 1fbc1fc1 1fca1fc1 1fc51fc0
2770040 1fca1fc6 1fcb1fc8 1fc71fc4 1fc21fc8
2770060 1fc61fc4 1fce1fca 1fc61fcb 1fc21fc7
2770100 1fbc1fc7 1fc61fc9 1fc11fb7 1fcb1fc9
2770120 1fc21fc3 1fc01fc7 1fc01fbb 1fbf1fbd
2770140 1fc21fc2 1fbc1fbe 1fc11fbe 1fc91fc4
2770160 1fcc1fd3 1fc81fcb 1fcf1fc7 1fd51fd4
2770200 1fd01fd3 1fd41fd4 1fcb1fd4 1fc71fc8
2770220 1fd01fcf 1fd11fd0 1fd81fcd 1fd31fd5
2770240 1fd11fd5 1fd21fd5 1fdb1fd3 1fde1fd9
2770260 1fd71fd9 1fd51fdf 1fdf1fdc 1fde1fd9
2770300 1fd51fda 1fd91fdc 1fd61fd5 1fde1fe4
2770320 1fd91fdc 1fde1fd9 1fdd1fe2 1fdd1fd8
2770340 1fe41fdc 1fe71fe3 1fe41fe0 1fe61fde
2770360 1fdb1fdb 1fe31fdd 1fe11fdf 1fe71fe0
2770400 1fe11fe1 1fe01fe4 1fe61fe8 1fea1fe6
2770420 1fe91fe3 1fdb1fdf 1fdd1fda 1fd81fd9
2770440 1fe31fdc 1fe81fe4 1fe21fe3 1fe01feb
2770460 1fe31fed 1fea1fed 1ff21fed 1ff11ff4
2770500 1fe91fe9 1fee1fea 1ff01fef 1fec1fee
2770520 1ff11ff3 1fe81ff1 1ff41fee 1ff01ff0
2770540 1ff01ff0 1fe91fef 1fef1fe7 1fef1ff2
2770560 1feb1fef 1fed1fea 1fea1fec 1fea1feb
2770600 1fef1ff3 1fed1fec 1feb1fe7 1ff41fe9
2770620 1fed1ffd 1ff31ff0 1ff61ff5 1ff21ff0
2770640 1ff41fed 1fef1fe9 1ff31ff3 1ff81ff4
2770660 20021ffb 1ff81ffc 1ff51ff9 1ff31ffb
2770700 1ff81ff2 1ffe1ff4 1ff31ffa 1ffa1ffc
2770720 1ff72004 1ff61ff8 1ff31ff1 1ff31ff7
2770740 1ff21ff3 1fee1ff5 1fef1ff1 1ff01fea
2770760 1fee1fee 1fee1ff3 1ff21ff7 1ff41ffb
2771000 1fef1fed 1feb1ff0 1fec1fea 1ff21ff3
2771020 1ff51ff6 1ff51ff4 1ff31ff3 1fed1ff1
2771040 1fee1feb 1ff51fec 1ff21feb 1ff41ff6
2771060 1fef1ff0 1fea1fe9 1fea1fea 1fe51fe5
2771100 1ff21feb 1fe61feb 1fe71fe1 1fe51fe4
2771120 1fee1fee 1ff21ff1 1fed1feb 1fe91fe9
2771140 1fe51fe8 1fe11fe3 1feb1fe3 1fea1feb
2771160 1fe81fe9 1fea1fe5 1fe71fe8 1fe61fe0
2771200 1feb1fe6 1fe81fec 1fe51fea 1fe91fdf
2771220 1feb1feb 1fee1feb 1fef1ff1 1fee1fec
2771240 1fe81fe2 1fea1fee 1fea1fe7 1ff11fec
2771260 1fec1fed 1fec1fed 1fee1fed 1fe81fec
2771300 1fed1feb 1fe71fea 1fe41fe8 1fe11fe7
2771320 1fe41ff1 1fe61fe3 1fec1fe4 1fe71feb
2771340 1fe91fdf 1fe11fe7 1fe31fe6 1fe31fea
2771360 1feb1fe6 1ff11fe7 1feb1fef 1fe81fe5
2771400 1fe81fe8 1fec1fe1 1ff31fef 1feb1ff0
2771420 1fee1fe6 1ff11feb 1ff11fea 1fe81ff0
2771440 1fe91fea 1feb1fed 1fe81fe3 1ff01fe9
2771460 1fed1fef 1ff01ff4 1ff71ffa 1ff11ff4
2771500 1ffc1ff1 1ff51ff9 1ff01ff5 1ff11feb
2771520 1fef1fe8 1ffb1ff3 1ff71ffb 1ffd1fff
2771540 1fff1fff 1ffe1ffb 1ffb1ffe 20061fff
2771560 1ffe2001 20071ffb 20082008 20012006
2771600 20001ffc 20022007 20022000 20082006
2771620 20042005 20012003 1ff92005 1ffc1ffb
2771640 1ffc1ffd 1ffc2000 20071fff 200a2009
2771660 200f2013 2012200b 200e200e 200c2007
2771700 2010200a 20182017 20122014 200d2010
2771720 200e200b 2019200f 20122019 201c2019
2771740 20152016 201c201c 201d201b 201c201b
2771760 2018201a 20162013 201e2016 20182019
2772000 20192019 201a2024 2020201d 2017201b
2772020 2020201e 20272020 20272022 20262024
2772040 20392025 2027202f 20342026 20332038
2772060 2037202d 20372032 202c202d 20392038
2772100 20372033 20352032 2034203a 20352036
2772120 203b203d 2045203c 2044203c 20382040
2772140 203a203c 20382038 203e2037 2038203c
2772160 2034203a 20342041 20422042 203e203b
2772200 2047203e 203d2047 20452045 20482041
2772220 20482042 20412044 204a2044 204e204f
2772240 20512051 20582054 20532050 20562055
2772260 204e2052 204e204f 2052204d 2055204d
2772300 2058204d 204d2057 20542052 20562054
2772320 2055204f 205b2056 205c2052 205a205c
2772340 205c2056 20562058 205c2058 2059205a
2772360 205f2062 205e205e 2061205e 20632064
2772400 205c2068 20602064 20672062 20692063
2772420 2064206a 205b205f 205d205e 20602062
2772440 20632064 20662061 2062205f 205f205e
2772460 20682060 206b2068 206a206d 20682070
2772500 206b206a 206f206f 2068206d 206e206d
2772520 206c2075 20732075 20752070 206d206c
2772540 206b206e 206a206d 2065206c 2074206c
2772560 206a206c 2076206d 206a206b 206e206f
2772600 20742075 207a2071 206c2076 20712070
2772620 2077207a 20792076 2079207a 20752074
2772640 20732073 2079207b 20742075 20732076
2772660 2074207a 20772076 20792076 20732074
2772700 207c2074 20792080 2079207c 207f207b
2772720 20772078 20792079 2072207b 20752073
2772740 20762074 20782075 207a2074 207e207b
2772760 207d207e 207a207a 20762077 207d2078
2773000 207a207d 20812080 207f207f 207b207a
2773020 207a2079 2075207a 206e2078 2071206d
2773040 206d206d 20762070 206f2077 206f2070
2773060 206e2072 20772070 207f207c 207b2078
2773100 20742074 2078207a 2080207c 2071206c
2773120 2077206e 20752073 206b206f 2073206f
2773140 20792070 20732075 2065206d 20692068
2773160 2069206c 20662064 20662066 206a2070
2773200 206a206a 2069206a 2067206a 20602061
2773220 20602062 2069206f 2070206b 20722071
2773240 2067206a 20612062 20652065 20672065
2773260 20642061 205e2061 2062206e 20612058
2773300 205d205e 2064205f 20662068 20682067
2773320 2067206c 205d2064 2061205a 2060205c
2773340 205b205d 205e2058 20602060 2065205c
2773360 205c2062 2060205e 205f2067 20652068
2773400 2061205c 205e205e 205d205e 205c205d
2773420 2058205b 20522055 20532055 204d2059
2773440 20562058 20552057 205c2058 205e2056
2773460 20532056 20572059 20592057 205a205a
2773500 20552058 20512052 20512051 20502053
2773520 20572050 20602059 205b2065 20522053
2773540 205b2053 20562059 20502058 20532054
2773560 20572054 20512053 204f204d 20582056
2773600 2057205a 205e2056 2059205c 20592054
2773620 20572059 20582055 20562057 20552054
2773640 20622056 205d205b 2054205a 20552061
2773660 20582051 205c2055 2054205c 204f205c
2773700 2052205e 205d2052 205a205a 20552058
2773720 2063205b 2066205e 206a2065 206b206a
2773740 2061206c 2069206d 20682065 20682062
2773760 20672062 2065205f 205e2063 20602061
2774000 20682069 20612067 2070206a 20642060
2774020 20652064 2070206e 20722063 206c2070
2774040 206c2070 20712074 20772077 20762073
2774060 207a207c 20762079 206d2075 2070206b
2774100 20702068 20712071 20762070 207b2076
2774120 20792078 20782076 207b2073 2078207d
2774140 2078207d 207f2079 207c207a 20812082
2774160 20872084 2086208d 20862087 208c2083
2774200 208e2081 2089208c 2084208b 208d2088
2774220 2086208b 20862083 2089208f 209a2087
2774240 20902090 20922088 20942090 208f2092
2774260 20902092 208e2092 208c208b 20942094
2774300 209b2099 20a1209a 209b209b 209e2093
2774320 2098209b 20a72098 20a620a6 20a620a7
2774340 20a120aa 20a320a3 20a920ab 20a520ae
2774360 20af20a8 20b020af 20b320af 20b720b5
2774400 20b920b4 20c220ba 20c120bd 20b620b8
2774420 20b720b7 20b720ba 20bc20b9 20bd20bb
2774440 20bf20c5 20bb20bd 20c120c0 20c420c5
2774460 20c220c2 20c820bf 20ca20d4 20c420c7
2774500 20cb20bf 20c920c0 20c620c8 20ce20d1
2774520 20c520ca 20c720cd 20d320ca 20cf20d5
2774540 20cd20cb 20d320d3 20d620d6 20d320d0
2774560 20d120d4 20cb20d5 20d120c7 20d820cf
2774600 20d820d3 20d620d9 20d820d8 20e420d9
2774620 20da20d6 20db20da 20dd20dd 20e120e2
2774640 20da20de 20df20d9 20e620e0 20e720e3
2774660 20e420e4 20eb20e1 20e420e9 20e420e5
2774700 20de20e1 20d720df 20db20df 20e920e0
2774720 20e720ea 20e920eb 20e820e5 20eb20e8
2774740 20ea20ee 20e220e4 20ec20e4 20ee20e9
2774760 20e020e6 20e720e4 20ef20ec 20f620f1
2775000 20f320f2 20f220f1 20f320f3 20f220f4
2775020 20f020e8 20ee20f2 20f720f7 20f620fc
2775040 20f720f7 20f520f3 20f820f3 20ff2101
2775060 20f520fc 20f020f0 20ec20ed 20f720f7
2775100 20fc20fa 20f820f7 20fd20f0 20fa20f4
2775120 20f620f8 20f520f4 20f220ee 20f120f0
2775140 20f420f5 20f520e8 20fb20f3 20f320f5
2775160 20f820ef 20fa20ed 20f020f8 20f020f1
2775200 20f520f2 20f920ec 20f620f7 20fa20f8
2775220 20f020f7 20f320ed 20f320f9 20f920ef
2775240 20f420f7 20f020f7 20ee20f3 20f820f1
2775260 20fd20f9 20f220f6 20f020f4 20f020ed
2775300 20ee20e7 20e820ea 20e920ee 20ef20eb
2775320 20f720ed 20fa20f7 20f420f4 20f020ed
2775340 20ef20ee 20e620e8 20ea20e7 20e620ee
2775360 20ea20dd 20ea20eb 20ef20e6 20e620e4
2775400 20e420e6 20e420e7 20db20e2 20d220e0
2775420 20dd20d2 20d920dc 20d820dc 20dc20e2
2775440 20d820dc 20d620d1 20d420cc 20cf20d0
2775460 20d320cf 20d920d3 20d420d7 20d820cc
2775500 20cd20d8 20d620d4 20cf20d2 20d320d2
2775520 20d320d2 20de20d9 20db20dc 20d320d0
2775540 20d420cc 20d320cf 20d520d1 20d520d4
2775560 20cc20ce 20c920cc 20cc20ca 20cb20ce
2775600 20cb20c3 20cb20c4 20c620c3 20c220c2
2775620 20bd20c3 20c420c2 20c220c5 20bc20b9
2775640 20be20bf 20c220c0 20be20bb 20b920ba
2775660 20c220b6 20b720b4 20b420ae 20b920b1
2775700 20ba20b6 20c120bb 20bc20b9 20b520b6
2775720 20b220b8 20af20b3 20a720a3 20b120a4
2775740 20af20b5 20b420ac 20b920b7 20b820b1
2775760 20af20af 20b020af 20aa20b0 20a420ae
2776000 20b620ad 20b620b8 20af20ac 20a520ac
2776020 20a820a3 20a920a4 20aa20a5 20b020b0
2776040 20b520b5 20af20b0 20ad20aa 20af20af
2776060 20b120b0 20b320b2 20b920b5 20b520b4
2776100 20b320b3 20ae20b1 20a520a7 20a720a8
2776120 20ae20a7 20b420ab 20b120b0 20b520b5
2776140 20b820b0 20af20b1 20ac20ab 20b420ac
2776160 20b520b3 20b820b8 20c420b7 20b920b8
2776200 20b720c3 20bf20b7 20b520b3 20c020b5
2776220 20b520b3 20ba20b5 20b920bf 20bf20c4
2776240 20b620bc 20b520be 20bb20bc 20c020c0
2776260 20c120bb 20bb20b8 20b620bb 20b420bc
2776300 20b920b8 20b820b6 20c220be 20c120c0
2776320 20bf20bc 20c320c1 20cc20c5 20c720c6
2776340 20c120c2 20c120c7 20c420c1 20cf20c4
2776360 20cf20ca 20cf20cc 20ce20cf 20d020d0
2776400 20d220d3 20d320d4 20d920d6 20dc20da
2776420 20d620d5 20d720d1 20d520d2 20da20d8
2776440 20d920d2 20e620dc 20d920df 20ed20da
2776460 20dd20f0 20ee20e9 20ef20ec 20e920e5
2776500 20f420e5 20e620ed 20ea20ed 20eb20f0
2776520 20ec20f0 20f020e7 20ef20ee 20f520ef
2776540 20ee20f2 20f320ef 20ef20f0 20f720f3
2776560 20fd20ff 20fe2103 21042101 21042102
2776600 21042103 20fd20f9 21052102 210420fd
2776620 21042103 210c2105 2108210f 2109210d
2776640 2100210f 210c2108 210c2110 210f210b
2776660 2111210c 2114210d 21192112 21142119
2776700 21102115 21112117 2111210e 211c210c
2776720 2114211b 2117211d 2120211d 211b211e
2776740 21262120 21212124 21172125 211d2125
2776760 211d2118 211d2125 21292123 21202129
2777000 21252127 212a212a 21282123 21202123
2777020 21272128 212a212b 212c2128 212a212d
2777040 212b2130 2128212b 2124212e 2129212e
2777060 21372128 212d2132 212e212e 212f212c
2777100 2134212f 2134212f 21352137 2132212f
2777120 213a213b 213e213e 213d2137 21362135
2777140 2137213b 21342137 2139213b 2141213f
2777160 2140213d 2133213a 2146213f 2142213e
2777200 214d214c 21472148 214d2144 214d214f
2777220 21482147 214b2147 21472142 21492145
2777240 214a214f 214c2151 214e214c 214b214a
2777260 214a2147 21482148 214c2150 214b2149
2777300 214e2150 21522150 21532150 21562152
2777320 2152214f 2153214f 21502154 214e2151
2777340 214a214e 21562146 215c2154 21532157
2777360 2158215d 2156215d 21532156 21552152
2777400 21502149 2152214d 214f214e 214d2150
2777420 2146214e 214a214b 21582155 21542157
2777440 2153214a 21512150 214e2158 214a2150
2777460 214f2150 2150214e 21552151 2152214f
2777500 214a2152 214a2149 2153214d 21552152
2777520 21512157 214f214e 214b214c 214b2147
2777540 214a214e 2150214e 2147214b 214e2148
2777560 21492146 21412141 2140213e 213f2143
2777600 21402141 2140213f 213e2141 2139213f
2777620 21382132 21322133 2134212d 21312135
2777640 21332136 21372137 21322133 21382131
2777660 21322130 212f2133 2124212a 2136212d
2777700 212c212f 2135212a 2133212e 212f2130
2777720 212e212d 2134212b 212b212f 21232128
2777740 21232121 21202122 21202120 21232123
2777760 212d2121 212d212b 2121212b 2125211f
3000000 00003fe8 0001000a 00013090 000afe4e
3000020 00000004 00000000 63e50c72 000002c5
3000040 00000001 00001004 00003090 00000000
3000060 00000074 0001000a 21202126 211f2120
3000100 21212123 211f2115 2123211d 211a211f
3000120 211a211b 21152114 21132119 21152114
3000140 21152111 2119211a 211a211a 21172117
3000160 211a2112 21122116 21122117 2114211a
3000200 211a2117 2116211a 210f2113 21112114
3000220 210d210e 21132110 210d210e 210d210e
3000240 2102210a 210a2109 210b210b 21082107
3000260 21082108 21042101 21092106 21022107
3000300 21042100 21042108 20fe2100 20ff2106
3000320 20fc20ff 20fc2100 210320ff 2110210d
3000340 210f2112 21042109 21042103 210420fa
3000360 210d210b 21072105 210020fe 20f820fa
3000400 20f62102 20fb20f5 20ff20fd 20f520fa
3000420 210120f8 210120ff 20fd2104 b01104c1
3000440 00001004 0001000a 00010000 03b16045
3000460 00000ffc 0001000a 1400003c add01f00
3000500 add01f01 add01f02 add01f03 add01f04
3000520 add01f05 add01f06 add01f07 add01f08
3000540 add01f09 add01f0a add01f0b add01f0c
3000560 add01f0d add01f0e add01f0f add01f10
3000600 add01f11 add01f12 add01f13 add01f14
3000620 add01f15 add01f16 add01f17 add01f18
3000640 add01f19 add01f1a add01f1b add01f1c
3000660 add01f1d add01f1e ff000134 00000020
3000700 00000002 c6b625ee 00000001 deadbeef
3000720 f0000002 c6b625da 360ae01f 00000000
3000740 00000134 00001f48 a01004c2 21e420fd
3000760 21f721f2 21fc21fa 21f421fa 21f521ed
3001000 21eb21f9 21f421ef 21f821f6 21f721f6
3001020 21f221f7 21f121f8 21f521f3 21fd21f7
3001040 21fd21f7 21f721fa 21f221f6 21f821f9
3001060 21f421ee 21ea21f1 21ef21ef 21ee21e8
3001100 21f521f8 21f821f8 21f321fa 21ed21e9
3001120 21f721f7 21fc21f4 21fe21f7 21fa21f6
3001140 21f721f6 21f021fc 21fb21fc 220021fe
3001160 220221fc 21ee21f9 21fc21fb 21f621f3
3001200 220021f9 21f62201 21f521f4 21f521f6
3001220 21fb21f7 21ff21fb 21f621f4 21fa21f2
3001240 21fd2204 220021fb 21f521fd 21f721f8
3001260 21f121f1 21ed21f1 21f621f6 21f421f9
3001300 21f621fb 21f421f6 21f021f2 21f521f5
3001320 21f521f0 21f321f3 21f821f2 21fa21f6
3001340 21f72200 21f921fa 21f021f1 21f121f6
3001360 21ee21f3 21f821f2 21f721f4 21f221f9
3001400 21f321ed 21f421f5 21f921fc 21f721f4
3001420 21f921f8 21ed21f3 21a021f1 1fc320ba
3001440 1e6c1efe 1dbf1e06 1d841d9a 1d7b1d76
3001460 1d761d79 1d6f1d76 1d6b1d6b 1d6f1d73
3001500 1d701d74 1d641d66 1d691d6e 1d5a1d64
3001520 1d661d65 1d6b1d64 1d641d63 1d581d61
3001540 1d661d60 1d641d65 1d641d69 1d661d6b
3001560 1d6e1d6c 1d671d69 1d671d67 1d611d63
3001600 1d641d6c 1d621d64 1d641d64 1d641d60
3001620 1d6e1d71 1d6b1d6f 1d6e1d6a 1d711d6c
3001640 1d6c1d76 1d6e1d6d 1d671d65 1d671d63
3001660 1d6b1d60 1d6c1d6c 1d6d1d70 1d6d1d6f
3001700 1d6d1d71 1d6f1d6d 1d701d6b 1d6d1d70
3001720 1d6d1d73 1d751d72 1d721d72 1d691d75
3001740 1d671d6f 1d681d6b 1d6c1d71 1d5f1d62
3001760 1d701d66 1d671d6a 1d6d1d6f 1d701d71
3002000 1d741d6f 1d791d74 1d761d72 1d711d70
3002020 1d741d72 1d751d6f 1d701d70 1d721d75
3002040 1d6c1d72 1d701d71 1d751d73 1d771d78
3002060 1d6e1d72 1d6e1d71 1d701d6c 1d781d74
3002100 1d6d1d73 1d791d6c 1d7e1d7c 1d751d7a
3002120 1d8b1d7a 1d891d88 1d851d88 1d841d83
3002140 1d811d7c 1d831d81 1d831d81 1d8a1d8d
3002160 1d821d88 1d821d7f 1d821d82 1d801d81
3002200 1d851d7f 1d811d81 1d831d86 1d811d87
3002220 1d891d81 1d811d90 1d871d8b 1d8c1d8e
3002240 1d841d84 1d911d86 1d8b1d8b 1d911d8b
3002260 1d8e1d8e 1d971d94 1d931d8e 1d931d93
3002300 1d981d9d 1d9a1d9c 1d9f1d9c 1d9b1da4
3002320 1d981da0 1da01da1 1d9c1d9b 1da51d99
3002340 1da31da0 1da01da6 1d9f1da6 1da71da0
3002360 1da51da7 1da51da7 1da71da0 1da71da7
3002400 1da11da6 1da61da8 1da91da7 1da91da8
3002420 1dac1dad 1da61dad 1da51d9c 1db41dad
3002440 1db11dad 1db81db6 1db61dbc 1dae1da8
3002460 1db11db1 1dad1db5 1db21dab 1db81dba
3002500 1db31dab 1db91db7 1db81dba 1dbc1dc4
3002520 1dbf1dc2 1dc61dc0 1dc21dc3 1dc11dbf
3002540 1dc21dc2 1dc31dc4 1dbe1dc1 1dc31dbd
3002560 1dc01dc1 1dc21dc3 1dc31dc5 1dc41dc0
3002600 1dbf1dc3 1dc31dc1 1dc41dc1 1dc91dc4
3002620 1dd41dcc 1dd21dd2 1dd31dda 1dd41dda
3002640 1dcf1dd0 1dd91dd3 1dd71ddd 1de01dde
3002660 1ddc1de2 1ddf1ddb 1de21dde 1ddf1de7
3002700 1dd81de2 1de21ddf 1ddd1de1 1dda1ddf
3002720 1de61dea 1de51de7 1ddc1ddc 1de81dea
3002740 1dec1de3 1de91deb 1de21de9 1de31dea
3002760 1de91de8 1ded1dea 1de31dec 1ded1deb
3003000 1df11df6 1df41df3 1df51dee 1deb1df3
3003020 1dea1df3 1def1df1 1df61df3 1df51df3
3003040 1def1dee 1dfb1df7 1dee1df4 1df31def
3003060 1e011df6 1dfb1dfc 1e011e01 1dfe1dfa
3003100 1df91dfe 1dfa1dfe 1dfe1dfc 1dfc1e02
3003120 1dfa1dfa 1dff1dfc 1dfe1dfb 1e031dfb
3003140 1dfa1e05 1e061e07 1dff1e04 1e0a1e05
3003160 1e081e05 1e021e07 1e061e06 1e0e1e08
3003200 1e061e09 1e0b1e08 1e0a1e04 1e0e1e1a
3003220 1e0e1e0c 1e151e0d 1e141e15 1e0f1e14
3003240 1e1b1e15 1e0f1e13 1e111e0e 1e111e0d
3003260 1e0e1e0b 1e1b1e12 1e111e12 1e0d1e0f
3003300 1e171e10 1e151e13 1e151e18 1e171e19
3003320 1e1a1e18 1e1c1e21 1e121e15 1e151e12
3003340 1e181e12 1e1c1e16 1e1b1e1a 1e151e20
3003360 1e161e18 1e191e16 1e211e13 1e1f1e1f
3003400 1e211e21 1e221e27 1e1b1e24 1e1b1e1d
3003420 1e221e20 1e271e23 1e2b1e2b 1e211e2d
3003440 1e1e1e2e 1e281e1d 1e211e26 1e261e21
3003460 1e251e25 1e261e27 1e271e26 1e241e28
3003500 1e2b1e29 1e2b1e2d 1e2e1e2d 1e2b1e2b
3003520 1e2d1e21 1e2d1e2c 1e311e2c 1e311e2f
3003540 1e321e2d 1e321e32 1e3e1e37 1e3e1e3b
3003560 1e391e34 1e2b1e37 1e311e2e 1e361e2d
3003600 1e2e1e32 1e2f1e2e 1e361e32 1e371e34
3003620 1e391e37 1e381e34 1e361e35 1e391e38
3003640 1e341e34 1e2e1e36 1e2f1e33 1e371e33
3003660 1e341e33 1e351e3b 1e3d1e42 1e351e39
3003700 1e391e3a 1e411e3b 1e3f1e40 1e401e3e
3003720 1e341e3c 1e3d1e31 1e3e1e42 1e3f1e39
3003740 1e341e40 1e331e38 1e2b1e2b 1e361e30
3003760 1e311e3c 1e301e35 1e391e38 1e321e31
3004000 1e351e36 1e3b1e38 1e411e41 1e421e3c
3004020 1e401e41 1e3c1e3e 1e3b1e30 1e341e35
3004040 1e371e31 1e351e34 1e3c1e3e 1e301e38
3004060 1e321e32 1e371e34 1e411e3a 1e3e1e40
3004100 1e361e39 1e331e3b 1e371e34 1e391e30
3004120 1e381e3b 1e3d1e3d 1e3e1e3e 1e421e43
3004140 1e471e45 1e481e47 1e481e43 1e361e38
3004160 1e3b1e32 1e381e2f 1e3e1e3f 1e3c1e3a
3004200 1e3a1e36 1e381e3d 1e391e33 1e301e36
3004220 1e391e38 1e3b1e30 1e3b1e3b 1e431e3c
3004240 1e3f1e41 1e421e3f 1e411e44 1e3f1e42
3004260 1e411e3d 1e3b1e3c 1e3e1e40 1e461e45
3004300 1e4c1e44 1e431e46 1e431e3c 1e451e46
3004320 1e441e3f 1e411e48 1e441e42 1e401e3b
3004340 1e3d1e42 1e3c1e41 1e471e47 1e4e1e4a
3004360 1e551e52 1e491e4e 1e481e4c 1e471e48
3004400 1e441e44 1e461e46 1e431e41 1e431e41
3004420 1e4e1e49 1e471e45 1e4d1e4d 1e481e46
3004440 1e4c1e48 1e4d1e56 1e611e4f 1e5a1e59
3004460 1e5a1e54 1e581e54 1e561e56 1e561e55
3004500 1e551e59 1e4a1e54 1e531e4f 1e5e1e58
3004520 1e5e1e55 1e561e60 1e571e5e 1e601e5e
3004540 1e5a1e60 1e5a1e5a 1e5f1e58 1e591e5d
3004560 1e5a1e5f 1e621e5d 1e681e61 1e661e69
3004600 1e641e64 1e671e67 1e661e61 1e631e63
3004620 1e671e61 1e681e6c 1e701e79 1e701e6a
3004640 1e6e1e6c 1e761e71 1e6f1e74 1e791e77
3004660 1e811e75 1e731e85 1e7c1e74 1e761e80
3004700 1e7a1e7a 1e801e79 1e7d1e75 1e811e78
3004720 1e751e7c 1e801e7d 1e7d1e7f 1e881e81
3004740 1e891e87 1e861e86 1e841e81 1e831e87
3004760 1e8a1e80 1e891e83 1e8c1e8a 1e8a1e91
3005000 1e881e87 1e8d1e84 1e8e1e8d 1e921e8c
3005020 1e911e94 1e921e89 1e911e91 1e951e8c
3005040 1e941e97 1e951e94 1e9e1e99 1e9a1e99
3005060 1e9b1e9d 1e9d1ea9 1ea51eaa 1e9e1e9f
3005100 1ea21ea2 1ea21ea6 1ea01eac 1ea21e9f
3005120 1e9e1ea6 1ea51e9c 1ea91ea6 1ea71eb0
3005140 1eb11ea9 1eb31eb4 1eb91eaf 1ebc1eb5
3005160 1ebf1ebc 1ec11ebc 1eb71ebf 1eb91ebf
3005200 1eb81eba 1eb71eb8 1ebb1eb7 1ec71eb8
3005220 1ec51ebe 1ec41ec3 1ebf1ec4 1ec31ec4
3005240 1ecb1ec8 1ecf1ecd 1ec91eca 1ec61ec9
3005260 1ec11ebc 1ec31ec9 1ecd1ec1 1ec51eca
3005300 1ed11eca 1ed11ecf 1ece1ed3 1ece1ecc
3005320 1ed11ed1 1ed21ed4 1ed81ed6 1ed71ed9
3005340 1ee31ed9 1edc1ee0 1ed91ede 1ed11ed8
3005360 1ed91ed6 1ede1ed6 1ee11ede 1ee01ee0
3005400 1ee01ed7 1edb1ee6 1edf1ed8 1ee41ee6
3005420 1ed01edd 1ed61ed9 1ee31edd 1ee61ee3
3005440 1eeb1ee1 1ee41eeb 1ee91eea 1ee81eea
3005460 1eec1eea 1ee91ee9 1ee11ee6 1ee91ee7
3005500 1ee11ede 1ee71ee2 1eea1ee4 1ee71ee5
3005520 1eed1eed 1ef71ef1 1ef51ef3 1ef21ef5
3005540 1ee61ef4 1ef11eee 1ef51ef1 1ef51eee
3005560 1ef81ef8 1f001eff 1f051f06 1efe1f01
3005600 1efc1f01 1ef71efd 1ef01ef8 1efa1ef9
3005620 1f051f00 1f071eff 1f001f00 1f011f00
3005640 1f051f01 1f051f04 1f091f00 1f051f02
3005660 1ef91efe 1f021efe 1f0a1f06 1f0f1f0c
3005700 1f0c1f10 1f061f0f 1f0d1f06 1f081f09
3005720 1f061f01 1f041f06 1f081f0d 1f001f0a
3005740 1f011f07 1f0a1f00 1f0a1f0f 1f151f0b
3005760 1f151f10 1f111f15 1f151f14 1f0b1f13
3006000 1f111f0f 1f131f1c 1f0e1f0c 1f0e1f0d
3006020 1f0b1f0d 1f0a1f08 1f091f0d 1f051f0b
3006040 1f0a1f06 1f111f12 1f141f0b 1f121f15
3006060 1f0f1f11 1f121f15 1f191f11 1f1a1f18
3006100 1f251f1d 1f191f1b 1f0d1f10 1f131f11
3006120 1f0b1f10 1f171f16 1f171f14 1f0e1f12
3006140 1f151f1f 1f0d1f13 1f121f11 1f121f0c
3006160 1f0f1f15 1f141f13 1f151f15 1f101f0d
3006200 1f0d1f0c 1f121f12 1f121f12 1f171f11
3006220 1f191f17 1f141f13 1f151f18 1f131f13
3006240 1f151f16 1f171f18 1f111f11 1f151f15
3006260 1f0f1f0f 1f111f15 1f0f1f18 1f111f12
3006300 1f0e1f12 1f0c1f10 1f0a1f0c 1f0b1f0f
3006320 1f0d1f08 1f181f0a 1f061f0b 1f091f0d
3006340 1f081f0e 1efe1f09 1f061f06 1f0e1f08
3006360 1f101f0f 1f191f14 1f0c1f0f 1f0d1f09
3006400 1f0e1f0f 1f071f04 1efe1f05 1eff1efc
3006420 1f031f02 1f051f08 1f061f08 1f0b1f00
3006440 1f031f08 1f061f00 1efd1eff 1f001efb
3006460 1f051efd 1f091f0e 1f051f06 1efd1f09
3006500 1efe1ef8 1efd1f05 1f051eff 1f071f07
3006520 1f061f08 1f041f09 1efd1f01 1f011f00
3006540 1f061f00 1f0c1f01 1ef81efd 1f031efe
3006560 1f091f06 1f091f05 1f051f03 1f081f03
3006600 1f001f08 1f011f03 1f0d1f01 1f151f13
3006620 1f091f14 1f091efe 1f0b1f07 1f021f03
3006640 1f041f00 1f041f0a 1f0a1f08 1f021f03
3006660 1f011f02 1f051f04 1f0c1f09 1f061f0f
3006700 1f061f00 1f051f05 1f0a1f05 1f101f11
3006720 1f0a1f0f 1f041f0e 1efe1efe 1f031efb
3006740 1f0b1f07 1f101f08 1f091f0e 1f0d1f09
3006760 1f081f10 1f051f08 1f0d1f0d 1f0f1f11
3007000 1f151f10 1f121f14 1f111f11 1f131f0d
3007020 1f161f18 1f0c1f12 1f0e1f12 1f0f1f08
3007040 1f0e1f0f 1f151f11 1f1b1f14 1f1b1f22
3007060 1f181f24 1f161f1e 1f291f21 1f1b1f21
3007100 1f241f21 1f111f1a 1f121f18 1f1a1f1d
3007120 1f211f1d 1f1a1f1c 1f261f20 1f271f25
3007140 1f1f1f29 1f241f22 1f221f24 1f2a1f28
3007160 1f221f25 1f271f25 1f211f1e 1f211f23
3007200 1f261f25 1f1d1f22 1f261f2a 1f281f22
3007220 1f261f25 1f261f2c 1f311f29 1f301f33
3007240 1f341f2e 1f331f31 1f2d1f2b 1f2f1f2e
3007260 1f341f33 1f3a1f37 1f351f38 1f301f38
3007300 1f331f32 1f371f38 1f2f1f2d 1f2e1f2c
3007320 1f381f2f 1f341f38 1f431f35 1f3c1f45
3007340 1f471f3a 1f451f43 1f511f4b 1f451f41
3007360 1f431f3e 1f4e1f4a 1f4e1f4d 1f4d1f4a
3007400 1f491f4e 1f501f4d 1f511f58 1f4d1f4d
3007420 1f501f4f 1f4c1f50 1f591f51 1f511f5b
3007440 1f511f53 1f551f52 1f511f51 1f5e1f53
3007460 1f5b1f5c 1f611f5c 1f5f1f65 1f651f62
3007500 1f641f61 1f611f67 1f651f69 1f671f5d
3007520 1f681f63 1f611f5c 1f5e1f69 1f641f63
3007540 1f691f68 1f601f67 1f681f61 1f631f5b
3007560 1f681f6b 1f6d1f6a 1f6f1f6b 1f6e1f6b
3007600 1f6a1f69 1f6e1f6e 1f6c1f71 1f731f70
3007620 1f791f6c 1f701f73 1f761f73 1f741f75
3007640 1f721f75 1f771f72 1f711f6f 1f731f7a
3007660 1f7c1f7b 1f821f78 1f7b1f77 1f801f75
3007700 1f7a1f77 1f7f1f7d 1f7a1f76 1f781f78
3007720 1f7e1f7b 1f881f81 1f8d1f83 1f921f8c
3007740 1f891f83 1f7e1f82 1f881f86 1f891f8a
3007760 1f821f85 1f831f7c 1f8e1f84 1f851f8c
3010000 1f901f91 1f891f8c 1f8c1f8e 1f8d1f93
3010020 1f8f1f8d 1f8c1f92 1f941f94 1f9c1f95
3010040 1f951f9c 1f9c1f92 1f971f95 1fa31f91
3010060 1f9f1f9f 1f9c1f9d 1f9d1f9c 1f9d1f9e
3010100 1f9b1f9e 1fa01f9d 1fa31fa0 1f9f1fa4
3010120 1f961f99 1f971f9b 1f9f1f98 1fa91fa2
3010140 1fa61fa6 1fb51faf 1faf1fa9 1fae1fa7
3010160 1fac1fa4 1fa71fad 1fa61fa7 1fae1fa8
3010200 1fba1fb3 1fb31fb1 1fb91fb6 1fae1fb3
3010220 1fb01fb2 1fb61fae 1fac1faf 1fa81fac
3010240 1fa21faa 1fa71fa1 1fb41fa8 1fae1fad
3010260 1faf1fae 1fb31fb7 1fb11faf 1fbd1fb3
3010300 1fb01fbd 1fab1fab 1fae1fa9 1fae1fa8
3010320 1fac1faf 1fab1fa6 1fb41fb0 1fb71fb0
3010340 1fb41faf 1fc01fbc 1fba1fbb 1faf1fb4
3010360 1faa1fad 1fb11fb4 1fb61faf 1fb71fba
3010400 1fb51fb7 1faf1fb9 1fa81fb0 1fab1fad
3010420 1fac1faf 1fac1fad 1fb21fb2 1fad1fab
3010440 1fb31fb1 1fb51fb5 1fb91fb2 1fb31fba
3010460 1faf1fb5 1fae1faf 1faa1fa9 1fae1fac
3010500 1fb01fb4 1fb21fb2 1fb01fb0 1faa1fb1
3010520 1faf1fb3 1fb21fb0 1fa71fad 1fa91fae
3010540 1faa1fa9 1fb01fb4 1fa81fb4 1fa71fb0
3010560 1fb31fb0 1fa51faa 1fb51fac 1fa71fad
3010600 1fb01faa 1fae1fb0 1fae1faf 1fab1faf
3010620 1fab1fac 1faf1faf 1fb41fb3 1faf1fb1
3010640 1fb01fb1 1faa1fac 1fa31f9f 1fa51fa1
3010660 1fab1faa 1fa01fa3 1fa71fa3 1fab1faa
3010700 1fad1fa4 1fa51fa7 1fae1fa3 1fac1faf
3010720 1fa51fa4 1fb61fa2 1fa51fac 1fa21fa8
3010740 1fa51faa 1fb31fac 1fb31fae 1faf1fb0
3010760 1fae1fad 1fa91fac 1fab1fa9 1fa71fa4
3011000 1fa31f9e 1fa11fa7 1faa1fa5 1fa41fab
3011020 1fa31fa7 1f9a1fa5 1fa11f95 1f9d1fa4
3011040 1fa31fa0 1fb21fa5 1fae1fb0 1fb01fae
3011060 1fb11fb0 1faa1fad 1fb01fa7 1fb41fad
3011100 1fad1fa8 1fa31fa8 1faa1fa9 1fac1fa8
3011120 1fae1fae 1faf1fac 1fab1fab 1fb11fab
3011140 1fa81faa 1fa91fa9 1fac1fac 1fb11fad
3011160 1fab1fae 1fae1fad 1fad1fa9 1fad1f9d
3011200 1faa1fa8 1fad1fae 1fb31fb1 1fb61fb5
3011220 1fa71fa6 1faa1fa6 1fa61fa9 1faf1fa8
3011240 1fa91fa9 1fac1fad 1fb21fb0 1fb81fb4
3011260 1fb91fb0 1faf1fb3 1fae1fab 1fb81fb9
3011300 1fac1fb5 1fb71fb6 1fb91fb9 1fbb1fb7
3011320 1fbb1fc2 1fb61fbe 1fb81fbc 1fc21fbd
3011340 1fb81fb9 1fb71fbc 1fba1fbc 1fc51fbb
3011360 1fba1fc5 1fbb1fb8 1fbe1fbf 1fb61fba
3011400 1fbb1fb6 1fbf1fbc 1fc01fbd 1fc41fc6
3011420 1fc51fc4 1fc71fc6 1fca1fc6 1fb81fbc
3011440 1fc31fc3 1fcb1fcd 1fd11fc7 1fcd1fcc
3011460 1fcb1fcf 1fcf1fd4 1fcf1fc7 1fcc1fc6
3011500 1fc81fcb 1fcd1fd1 1fd01fd2 1fca1fd0
3011520 1fc61fc7 1fd11fca 1fdb1fd6 1fd91fdc
3011540 1fcd1fd0 1fce1fca 1fd01fc5 1fcb1fd0
3011560 1fd71fd7 1fd41fcc 1fd31fd5 1fd61fd5
3011600 1fd31fde 1fdb1fdb 1fde1fdc 1fe51fda
3011620 1fe31fdc 1fe71fe5 1fe41fec 1fe41fe4
3011640 1fdf1fd9 1fe01fe0 1fe11fde 1fe21fe0
3011660 1fe31fe3 1fe71fe3 1fdd1fe8 1fe71fdf
3011700 1fe51fe7 1fe51fe9 1fe21fe8 1fe21fe6
3011720 1ff41fea 1ff21ff0 1ff61ff1 1ff21ff0
3011740 1fed1ff1 1ff21ff0 1fea1ff2 1ff21fee
3011760 1ff61fed 1ff41ff3 1ff51ff2 1ff41ff6
3012000 1ff21ff3 20041fef 1ff82003 1ffc1ff5
3012020 1ff22001 20011ff8 20012000 20032008
3012040 1fff1fff 20032002 20002000 1ffc1ff9
3012060 1ffa1ffd 1ffc2001 1fff2006 20042008
3012100 20031fff 20022003 20072003 20032005
3012120 1fff1fff 20052001 20082006 2005200b
3012140 20072007 200b2006 2009200a 200c200b
3012160 20042009 200b200d 20082009 20122006
3012200 20132014 20112011 20192014 20112012
3012220 20172011 200f2013 20112014 20132011
3012240 20142012 20162019 201b2014 20152015
3012260 2019201f 2016201c 20232019 2021201f
3012300 20242022 201f2021 2023201f 20232022
3012320 201e2020 2022201d 20272028 202b202b
3012340 20312030 20262024 201f2025 20282026
3012360 20232024 2026202b 20212024 20212020
3012400 20242024 20232027 20292023 20262029
3012420 202a202d 202a202b 20302036 2032202c
3012440 202d202b 2030202e 20312031 202d202d
3012460 202d2024 202c2028 2030202f 202f2031
3012500 20352032 202e202c 20312034 20222033
3012520 20312032 202a202f 203b202a 202f2030
3012540 2030202b 2036202f 20312032 20372032
3012560 203a203a 20352037 20372034 203d2037
3012600 203f2031 2033203b 20312031 2034202d
3012620 202b2030 202e2029 20302031 203d2036
3012640 203c203b 20392035 20302032 2033202f
3012660 20322030 20352039 20352031 20302031
3012700 20352031 20342031 202d202e 202d202e
3012720 2034202f 202f2034 20332030 20392037
3012740 203a2038 2036202c 20302034 202a2030
3012760 20322034 2039203f 2039203a 20312036
3013000 2033202f 2035203c 2033203e 20372033
3013020 202f202a 202d2028 202f2038 20302030
3013040 2031202c 202e2035 202b202b 20312035
3013060 20352035 20332034 202d2030 20372032
3013100 20332039 20362034 20382034 202d202f
3013120 20272032 2030202e 2028202f 2030202d
3013140 202e202d 202f2030 2032202f 2029202a
3013160 202e202f 202c202b 2027202a 202b202b
3013200 20292029 202a2027 202e2025 20342030
3013220 2030202f 20252029 202e201d 202a2035
3013240 202e2026 20302037 2032202d 202c2028
3013260 20322030 202a2033 20302031 2031202f
3013300 202d2024 2031202a 20362034 202f2034
3013320 20312038 202f202b 20362030 20302036
3013340 20322032 20372033 20392035 203f2038
3013360 203d2034 2037203c 203b203c 203c2039
3013400 203c203a 20372038 20462040 20412041
3013420 2044203f 20402042 203c203a 2040203e
3013440 20412040 203f203a 203d2037 203f203d
3013460 203a2044 203c203f 20402039 2045203e
3013500 2041203f 20462048 203b203c 2041203f
3013520 20502047 204a204d 20472048 204b204b
3013540 2055204d 2047204f 204a2046 204b2049
3013560 20452040 204c204f 204a204d 20452043
3013600 204e204a 20552051 204e204d 2047204e
3013620 20492047 2051204c 204d204a 2053204c
3013640 204b204a 204e204e 20532054 20512055
3013660 2052204e 20552054 20552053 205d205a
3013700 20582060 205a2058 20532055 20522051
3013720 20522051 20582056 20592059 204b2053
3013740 204f2052 205c2062 205a2062 20632060
3013760 20552053 20532058 205b205b 20582057
3014000 20612057 20602062 20642061 2066206c
3014020 2070206b 206c206a 205f2066 206b2068
3014040 2067206f 206a206d 20622065 20642061
3014060 206c2063 20622064 20642062 206a206b
3014100 2068206d 2067206c 20642065 206a2066
3014120 206c2063 20692067 2075206f 2078206e
3014140 20722072 20772079 20752073 20762078
3014160 20722078 20772071 20732070 206f2069
3014200 20722070 20782078 20742077 20822079
3014220 206e2072 207c2079 207d2082 20702078
3014240 206f2071 207f2075 207f207a 207b207e
3014260 2079207a 20812073 2078207c 207c207c
3014300 207f207b 20752074 207b207d 20792078
3014320 207d207e 20802081 207a207b 207b2078
3014340 20862080 20832086 207e2081 207e207d
3014360 20812080 20812084 20842083 20832082
3014400 20852082 208c2082 20812083 20862080
3014420 20872082 208d2088 208b208d 208b208e
3014440 2088208e 2087208b 208a207f 2084207e
3014460 2091208b 2088208d 20862093 207e2088
3014500 2088207d 20872084 20972088 208a2090
3014520 208d2088 208f208a 2090208a 208e208f
3014540 208b2090 2084208a 208e2084 208c208f
3014560 208c208e 208d2092 208c208c 20952092
3014600 208f208d 208d208e 2092208a 208d208c
3014620 20902090 208f208f 20972095 20922097
3014640 208f2091 20912091 208f2091 20932095
3014660 208f2094 208c2094 2090208b 2094208c
3014700 2093208f 20922097 208f208f 20992095
3014720 20932092 208e208b 209b209b 208b2093
3014740 20952095 2091209b 20892096 208d2092
3014760 20952095 20992093 20982099 20932091
3015000 20892090 2090208a 2090208c 208d208c
3015020 208d2090 208b208d 2084208b 20882080
3015040 208f2089 2089208a 20842087 207c207c
3015060 20802078 20832084 20822086 208c208d
3015100 20862080 20852087 20882087 20852087
3015120 20892087 20822086 2081207e 20802081
3015140 207b2082 207e207e 20732078 207d2072
3015160 20762079 20692073 207c2082 207a2080
3015200 20812080 2072207d 20802076 207b2084
3015220 20822081 20802077 20812081 207a2082
3015240 2077207b 207e2078 207f2076 207b207b
3015260 20832084 20872087 207f2085 207b207b
3015300 20772078 20722075 207c2079 2079207a
3015320 2079207f 20752077 20782078 20772077
3015340 20782079 2081207a 207a2080 2080207d
3015360 207c2083 207c2080 2080207c 20812084
3015400 20852082 207e2080 207b207e 207a2075
3015420 20732076 20772076 20702075 2075206d
3015440 207c207c 206e206f 2072206e 20772073
3015460 207c2071 20822078 2077207d 207a2075
3015500 207a207e 20742079 20712071 20742071
3015520 20742074 20722078 20742072 2084207a
3015540 20822081 207b207b 20762082 20772074
3015560 207e2074 207d207b 20832081 208f2087
3015600 20822085 20802082 208a207f 208c208a
3015620 208a208b 207e2084 20892081 20892086
3015640 20882087 2085208e 2089208f 20802081
3015660 207d2085 207a207a 20822081 20812084
3015700 20902083 2081208d 20842086 207f208b
3015720 20872082 20882086 208f2083 208d208c
3015740 20922096 20872092 208d2085 208c208c
3015760 20812088 208d2086 208b208e 20992091
3016000 20982097 209a2099 209e209d 209d209e
3016020 20992099 20992094 20982098 209220a0
3016040 209a2098 209b209a 20a2209a 209b209a
3016060 209c209f 20a1209d 20a820a1 20aa20ab
3016100 20ad20af 20a620a7 20a420a5 20a120a3
3016120 209f209d 20a1209d 20ac20ad 20b020ad
3016140 20b020aa 20a920b0 20b720b3 20ae20ba
3016160 20ae20b0 20b520ac 20aa20af 20ac20ae
3016200 20b320b2 20b620ba 20b320b2 20ad20b5
3016220 20bc20b3 20c120ba 20c520bb 20c320c5
3016240 20bb20c3 20c120c5 20be20c1 20bf20c7
3016260 20c820bf 20ca20c7 20c220c8 20c420c5
3016300 20c320c1 20c820c2 20c920c4 20ca20c4
3016320 20bc20c3 20c820c9 20cd20c8 20c520c7
3016340 20ce20c4 20c620cb 20cf20c9 20d620d3
3016360 20d320d4 20d120d9 20c520ce 20d420cf
3016400 20d120d0 20cf20d4 20d320d6 20db20e5
3016420 20d220d4 20e320dc 20dc20df 20d820dd
3016440 20e120e2 20dc20e3 20e120dd 20e020e0
3016460 20dd20e1 20e420e4 20e020e0 20e020d9
3016500 20d820e1 20db20e0 20e720e1 20df20e3
3016520 20e920df 20df20df 20e020e1 20e220dd
3016540 20de20dd 20ec20e3 20ef20ec 20e320e6
3016560 20e820e6 20e620e9 20ee20e6 20ec20e6
3016600 20f020ed 20f820ef 20f720f1 20f120f1
3016620 20fb20f6 21022101 20f620f9 20f320fb
3016640 20f520f7 20f620f8 20f220f3 20fa20f8
3016660 20fa20fa 20fb20f8 20f620fa 20fc20fd
3016700 20f920f9 20f920f9 210020fa 20fc20fb
3016720 20f820fc 20fc20fb 21002102 20fc20ff
3016740 20ff20fc 210120fd 21052103 20fc2101
3016760 210520fa 21042102 21022104 21022110
3017000 210320fe 210420f9 21022106 21072102
3017020 210a210a 210b2106 210a210b 21032107
3017040 20fb2107 20fc20fa 20fe20fd 210020fb
3017060 20fb2101 21012101 21022105 21022106
3017100 21062100 21062106 2103210a 21012109
3017120 20fb20fa 210620f9 20fe210c 21052100
3017140 21042114 210a210b 21092108 20f820ff
3017160 20fd20ff 21022105 21012100 210620ff
3017200 20fe2105 21032106 20fe2101 21032104
3017220 21052104 21042108 20fd2103 21012101
3017240 21052107 20f720fc 20fa20f2 20fd20fc
3017260 20ff20fa 20f22101 20fb20f7 20fd2101
3017300 20ff20fc 20fd20fa 20fd20f8 20fb20fa
3017320 20f820f7 20f920fb 20f620f8 20f920fe
3017340 20f820f4 20fd20fb 20f920fb 20ec20f3
3017360 20eb20ef 20ee20f0 20f120f4 20e920ec
3017400 20ef20f5 20f320ed 20ee20f1 20ee20ef
3017420 20ef20f2 20ed20f2 20ee20f1 20eb20ef
3017440 20f020ec 20e920e9 20e820f1 20ea20e8
3017460 20ee20e7 20e720e7 20e520ea 20ed20e7
3017500 20dd20e4 20df20e3 20dd20dc 20dd20da
3017520 20d820db 20db20db 20e220d9 20dc20e1
3017540 20db20dd 20dc20de 20d920de 20db20d8
3017560 20d620d8 20df20e1 20e220de 20de20db
3017600 20d720d4 20d920d8 20d420d8 20d920d8
3017620 20d920d8 20db20d6 20d020d3 20d820d1
3017640 20d720db 20ca20c9 20ca20d0 20c920c1
3017660 20c820cb 20d620cf 20d520d3 20d620d7
3017700 20d020d0 20cb20d1 20ce20d0 20d420d3
3017720 20d320ce 20d320d3 20d120d0 20d220d7
3017740 20d720cf 20da20d5 20d220d5 20c920c6
3017760 20cc20ca 20d620d3 20d620d2 20d520d8
3020000 20d720d1 20d820d2 20d120d1 20d920d1
3020020 20d420d9 20d120d0 20ce20d1 20d620d2
3020040 20d520d0 20c520c9 20d020ca 20d020d3
3020060 20d320d6 20cf20d0 20d020d4 20d420cf
3020100 20dd20d4 20d620d8 20da20d7 20d120d7
3020120 20d820d1 20d920dd 20d020d1 20d720d4
3020140 20d620d7 20d320d9 20d520d6 20d620da
3020160 20dd20d7 20dd20e0 20d920dd 20d620da
3020200 20e020d6 20de20d7 20d720e3 20dd20dc
3020220 20d920da 20e320d9 20dd20d8 20e520d9
3020240 20de20dc 20d820df 20dd20d7 20de20d7
3020260 20d920da 20dc20d9 20dd20e7 20dd20de
3020300 20e120dc 20e420e1 20e320e2 20e020e0
3020320 20e520e4 20f020e7 20ef20ec 20e820ef
3020340 20ec20f4 20ea20e9 20f920ed 20e720ec
3020360 20ec20eb 20ea20f0 20ef20ed 20ef20ee
3020400 20f120f3 20fc20fd 20fb20f7 20f820f3
3020420 20fb20f3 20f420f3 20f920f9 20f620f8
3020440 20fc20f8 20f820f8 20fd20fd b01004c2
3020460 00001004 0001000a 00010000 03b16046
3020500 00000ffc 0001000a 1400003c add01f00
3020520 add01f01 add01f02 add01f03 add01f04
3020540 add01f05 add01f06 add01f07 add01f08
3020560 add01f09 add01f0a add01f0b add01f0c
3020600 add01f0d add01f0e add01f0f add01f10
3020620 add01f11 add01f12 add01f13 add01f14
3020640 add01f15 add01f16 add01f17 add01f18
3020660 add01f19 add01f1a add01f1b add01f1c
3020700 add01f1d add01f1e ff000134 00000020
3020720 00000002 c735f409 00000001 deadbeef
3020740 f0000002 c735f3f5 1e0b3ebb 00000000
3020760 00000134 00001f48 a01104c3 21f72101
3021000 21f721f5 21ed21f0 21eb21eb 21f621f1
3021020 21f621f6 21f521f9 21f021f5 21e821f1
3021040 21ef21f1 21ef21f1 21f121ed 21e021e5
3021060 21e521e9 21e121e4 21e721de 21dd21e4
3021100 21d921e3 21da21df 21d321d7 21dc21d5
3021120 21d321d8 21d521db 21d221d5 21cd21cd
3021140 21d421cf 21db21d5 21d521df 21d321d5
3021160 21d521d5 21d621d7 21cd21d5 21d421d5
3021200 21cd21d9 21d521d2 21d421d4 21d321d0
3021220 21d821dc 21d621da 21cf21cf 21cb21cd
3021240 21ca21d0 21cb21ca 21c621c6 21c421c5
3021260 21c721c1 21bb21c4 21c321c0 21bc21bd
3021300 21c421bc 21cc21c3 21bf21c6 21bf21c4
3021320 21c621c0 21b821bf 21b821b7 21bf21b8
3021340 21b921b8 21bc21b8 21bd21bb 21bc21b5
3021360 21b721b6 21b921b1 21b821b9 21c121be
3021400 21bc21b8 21bb21b9 21b621b8 21b721ba
3021420 21c021b6 21c021bf 21b721bd 21b921b2
3021440 21bf21c4 21c021ba 200a2106 1e5b1f14
3021460 1d7f1dd3 1d231d4b 1d0d1d13 1d051d07
3021500 1d001d01 1cfa1d00 1cff1cfb 1cfe1cfc
3021520 1cfd1cf7 1cfa1cf6 1cfb1cfe 1cf91cff
3021540 1d031cfe 1d011d04 1d041cfe 1cfb1d02
3021560 1cf81cfb 1cf81cf6 1d001cfd 1d051cff
3021600 1d031d07 1d001d07 1d061d03 1d0a1d07
3021620 1d071d06 1d081d0a 1d0b1d0b 1d0b1d10
3021640 1d0a1d0c 1d0f1d10 1d0d1d0f 1d0c1d14
3021660 1d111d0f 1d161d15 1d141d0e 1d171d1a
3021700 1d171d1f 1d0f1d14 1d151d13 1d141d16
3021720 1d211d1d 1d221d22 1d1d1d1c 1d211d1f
3021740 1d251d20 1d2a1d27 1d261d32 1d231d2d
3021760 1d2c1d2b 1d321d2d 1d2c1d30 1d2f1d33
3022000 1d351d37 1d301d2f 1d301d3b 1d2b1d2f
3022020 1d381d31 1d371d32 1d3b1d37 1d3f1d3f
3022040 1d421d3e 1d451d40 1d481d42 1d4c1d45
3022060 1d4e1d4d 1d461d46 1d4e1d4b 1d4b1d4a
3022100 1d571d4b 1d581d4c 1d541d5a 1d4f1d56
3022120 1d521d53 1d5d1d55 1d5e1d5a 1d5c1d5d
3022140 1d551d60 1d501d4e 1d631d58 1d5f1d67
3022160 1d641d5b 1d6d1d70 1d6a1d6f 1d6b1d69
3022200 1d6d1d70 1d6b1d75 1d6e1d73 1d721d75
3022220 1d781d6e 1d771d74 1d761d78 1d7c1d77
3022240 1d821d7b 1d7e1d7c 1d8d1d88 1d8a1d83
3022260 1d861d89 1d861d88 1d871d82 1d881d86
3022300 1d871d8b 1d891d84 1d8c1d8c 1d8a1d8c
3022320 1d8e1d87 1d911d8d 1d921d8e 1d9a1d91
3022340 1d9e1d93 1d9b1d97 1d911d92 1d991d9a
3022360 1d991d96 1d971d99 1d9d1d98 1d9f1da0
3022400 1da21da2 1da81da9 1dac1da6 1d991da6
3022420 1d9c1d9a 1da01da4 1dac1d9b 1dae1dad
3022440 1da91dae 1d9f1dab 1dae1da9 1db21dab
3022460 1db71daf 1db11db0 1db21db9 1db01db2
3022500 1db71daa 1db11db8 1db71db3 1daf1db3
3022520 1db71dbb 1dbc1dbb 1dbd1dbe 1dbb1dbd
3022540 1dba1dbb 1dc11dc2 1dc81dc6 1dd21dc8
3022560 1dc41dc6 1dc81dc2 1dc01dc7 1dc91dbe
3022600 1dc31dc6 1dc61dc6 1dc71dc4 1dcb1dcd
3022620 1dc51dcb 1dbd1dc5 1dc71dca 1dc61dc5
3022640 1dc91dcc 1dc71dcd 1dd21dca 1dcd1dd4
3022660 1dc61dd1 1dd91dd7 1dc81dcc 1dcd1dca
3022700 1dd61dcb 1dd61dce 1dd61dd5 1dd11dd3
3022720 1dcb1dcc 1dd41dd3 1dd91ddb 1dd21ddc
3022740 1dd91dd3 1ddf1ddb 1ddf1de1 1dd11dda
3022760 1dd91dd9 1dd61ddd 1ddb1dd2 1ddd1dd9
3023000 1dde1ddb 1de41de4 1ddc1dd7 1ddd1dda
3023020 1ddc1ddd 1ddb1ddb 1de31ddf 1de21ddd
3023040 1de11de1 1de01ddd 1dd81dd5 1dd91ddd
3023060 1dda1ddf 1ddf1dd8 1dd91ddc 1dd81ddc
3023100 1de01de1 1ddd1ddd 1dd71dd8 1dd51dd4
3023120 1ddf1ddc 1de01ddf 1dd91dd9 1dd61dd7
3023140 1dca1dd3 1dd61ddc 1dd21dd5 1ddd1dd4
3023160 1dd21dd2 1dd81dd0 1dd91ddd 1dd31ddb
3023200 1dd11dd9 1dd61dc9 1dd11dd7 1dd61dd1
3023220 1dd11dd3 1dd61dd0 1dd91dda 1dd81dd8
3023240 1dcf1dd6 1dd81dd3 1dda1dd4 1dd91dd6
3023260 1dd61dd8 1dd61ddc 1dd21dd4 1dcd1dd4
3023300 1dd31dcc 1dcb1dce 1dd51dcf 1dd51dd9
3023320 1dd31dd2 1dd21dcf 1dcf1dd4 1dce1dd2
3023340 1dd11dd6 1dcd1dd7 1dca1dce 1dcd1dce
3023360 1dc71dcc 1dc21dc7 1dba1dc1 1dcd1db9
3023400 1dc61dca 1dc81dca 1dc51dc7 1dca1dc8
3023420 1dd61dce 1dce1dd2 1dd71dd4 1dc71dcf
3023440 1dcc1dc9 1dcb1dc6 1dc51dc6 1dca1dce
3023460 1dc71dc9 1dca1dc7 1dd21dcd 1dce1dd3
3023500 1dc91dcc 1dc71dc4 1dc51dcb 1dc91dc4
3023520 1dcf1dcd 1dd11dcf 1dcc1dca 1dc41dc6
3023540 1dce1dc8 1dd01dd2 1dcb1dd0 1dcc1dca
3023560 1dcd1dcf 1dcc1dc8 1dc21dce 1dbf1dc2
3023600 1dcb1dcb 1dcd1dc8 1dca1dd5 1dce1dcd
3023620 1dd21dd0 1dd41dd8 1dce1dd5 1dc71dc8
3023640 1dc91dc3 1dd81dcf 1dd81de0 1ddc1de0
3023660 1ddc1ddb 1dd91dde 1dd81ddf 1dda1dd6
3023700 1dd91dd7 1ddc1dd6 1ddb1dd8 1dd51ddd
3023720 1dd41dd7 1ddc1de1 1ddd1de0 1dd71dd7
3023740 1dd41ddc 1ddc1ddc 1ddb1dda 1ddf1ddc
3023760 1ddf1ddc 1de51de2 1de81de0 1de41de8
3024000 1de11de1 1de91ddc 1de21de5 1de21de9
3024020 1de31de3 1de41de4 1de91ded 1de91de5
3024040 1df91def 1dfa1df6 1df61df6 1def1df3
3024060 1de91df3 1ded1df9 1df31df2 1df71def
3024100 1e011dfd 1dfa1e00 1df61e02 1dfa1df9
3024120 1df21dfc 1df01dec 1df61df5 1dfa1dfb
3024140 1e041e04 1e061e07 1e041e07 1e0c1e07
3024160 1e0f1e11 1e071e0e 1e121e0b 1e131e0d
3024200 1e081e0a 1e0c1e0b 1e0e1e11 1e191e0e
3024220 1e101e1a 1e111e1a 1e171e18 1e171e16
3024240 1e1a1e16 1e1d1e1c 1e1b1e19 1e131e1b
3024260 1e1d1e1d 1e1f1e19 1e141e1a 1e1d1e1a
3024300 1e1f1e22 1e231e25 1e2a1e27 1e281e2d
3024320 1e2e1e2a 1e2a1e2f 1e2d1e33 1e2a1e2e
3024340 1e2d1e2c 1e2c1e35 1e271e36 1e331e2c
3024360 1e341e32 1e2a1e2a 1e331e38 1e321e3b
3024400 1e381e32 1e371e34 1e3b1e3f 1e3f1e43
3024420 1e441e43 1e471e43 1e491e4a 1e491e46
3024440 1e461e47 1e421e42 1e4c1e42 1e4c1e46
3024460 1e561e4c 1e4a1e4c 1e4a1e4c 1e491e3e
3024500 1e461e46 1e521e43 1e4f1e51 1e4c1e4f
3024520 1e531e4e 1e581e58 1e5c1e51 1e5f1e60
3024540 1e5c1e5e 1e641e57 1e641e5c 1e651e61
3024560 1e5b1e62 1e601e5f 1e621e5d 1e631e65
3024600 1e611e61 1e5c1e63 1e5b1e65 1e591e5d
3024620 1e6a1e67 1e5f1e5d 1e6e1e69 1e6e1e6a
3024640 1e6e1e6f 1e6b1e6e 1e691e68 1e701e6f
3024660 1e6d1e72 1e711e74 1e781e74 1e741e74
3024700 1e791e73 1e811e79 1e811e80 1e831e7f
3024720 1e7e1e82 1e791e78 1e7c1e7d 1e7d1e7b
3024740 1e821e7b 1e7f1e86 1e891e8c 1e831e8a
3024760 1e871e85 1e8a1e83 1e8d1e85 1e8e1e91
3025000 1e871e87 1e8b1e91 1e961e92 1e9b1e97
3025020 1e941e95 1e951e95 1e8f1e8f 1e951e8c
3025040 1e911e92 1e971e99 1e991e9b 1e9c1e97
3025060 1e9b1e99 1e9f1e93 1ea21ea4 1e9f1e9c
3025100 1e9c1e9e 1e941e96 1e901e97 1e981e9c
3025120 1e961e99 1e9e1e9d 1e9e1ea0 1e9c1e9a
3025140 1ea01e9f 1ea51ea1 1ea81e9d 1ea31e9f
3025160 1ea31e9e 1ea11e9c 1ea61ea7 1ea61ea6
3025200 1eac1ea8 1eaf1ead 1ea91ea9 1ea81eb0
3025220 1ea91ea9 1ea71ea4 1ea81ea9 1ea41ea9
3025240 1ead1ea6 1ea41ea3 1ea11e9f 1ea11ea7
3025260 1ea71ea8 1ea21ea8 1ea91eac 1ea51ea9
3025300 1ea41ea0 1ea01ea5 1ea21ea2 1ea21ea7
3025320 1ea71e9e 1eb11eaf 1ea81eb4 1ea41eab
3025340 1ea81ea9 1ea71ea2 1ea81ea8 1ea91eab
3025360 1ea71ea9 1ea91ea6 1eb11ea4 1eaa1eaa
3025400 1e9a1ea4 1eac1ea6 1ea71ea0 1ea21ea4
3025420 1ea51ea4 1ea11ea7 1ea31ea4 1ea31ea7
3025440 1ea61eae 1ea51eaa 1ea81ea4 1ea61ea6
3025460 1ea81eaf 1ea71eaa 1ea61ea9 1ea81eaa
3025500 1ea41eab 1ea91ea8 1ea21ea5 1e9c1ea0
3025520 1e941e98 1e961e99 1e9b1e9d 1ea41e9e
3025540 1ea01ea1 1e9f1ea5 1e9b1ea0 1e921e98
3025560 1e991e94 1e961e9b 1e9e1e99 1e9d1e9e
3025600 1eab1ea8 1e9f1ea5 1eaf1ea6 1ea01ea5
3025620 1e9e1ea8 1ea31ea5 1ead1ea1 1ea51ea8
3025640 1ea21ea4 1ea21ea6 1ea31ea5 1ea41ea3
3025660 1ea01ea1 1e9c1ea0 1e9b1e9f 1ea21e9e
3025700 1ea21ea3 1ea21ea6 1e9d1e9b 1ea41ea2
3025720 1ea01ea1 1ea71ea1 1ea91ea6 1e9e1ea1
3025740 1eae1eac 1eac1ea8 1eaf1eaa 1eaa1eab
3025760 1eaa1eaf 1eaa1eac 1eab1eac 1eb11ea9
3026000 1eab1ea8 1eaa1eaf 1ead1eac 1eaa1eab
3026020 1eb61eb0 1eb51eb5 1eb21eae 1ead1eb3
3026040 1eb81eb6 1eb51ebd 1eb31eaf 1ea11eaf
3026060 1eaf1ea5 1eaf1ead 1eb21eac 1eb31eb3
3026100 1ead1eb1 1eaf1eac 1eab1eac 1eab1eab
3026120 1eb21eab 1eb41eb3 1eb11ebb 1eb61eb0
3026140 1eb91eb7 1eb41eb5 1ebb1eb9 1ec11ec2
3026160 1ec41ec0 1ebd1eb7 1ebf1ec5 1ec51ec6
3026200 1ec81ec5 1ec31ec6 1ec61eba 1ec31ec4
3026220 1ebd1ec0 1eb91ebf 1ebe1ec2 1ebd1ebb
3026240 1ec01ec0 1ec21ebf 1ec21ec4 1ec41ec1
3026260 1ec31ec8 1ece1eca 1ecb1ed3 1edb1ed4
3026300 1ed21ecf 1ed01ecb 1ed71ec8 1ed21ed8
3026320 1ed71ed5 1ed41ed3 1ee01ed3 1edd1edd
3026340 1edb1ed6 1ed61ed9 1edc1ed9 1edd1ed9
3026360 1edb1edd 1ed71ee1 1ee01ee4 1ee51ee4
3026400 1ee01ee5 1ee21ee4 1ee61ee3 1eee1ee9
3026420 1eee1eea 1ef01eef 1ef31ef5 1ee71ef3
3026440 1eec1ef3 1ef41ef5 1ef31efa 1ef51ef9
3026460 1eef1ef2 1eee1ef9 1ef31ef1 1efb1ef6
3026500 1efd1efa 1efd1f00 1efc1efa 1efd1eff
3026520 1efb1efa 1efb1efa 1ef91efb 1ef81f01
3026540 1ef91f00 1f051f02 1f091f05 1f081f03
3026560 1f031f0a 1f0d1f01 1f041f06 1f091f08
3026600 1f0b1f04 1f0d1f0a 1f0b1f11 1f111f0d
3026620 1f0a1f0e 1f0b1f0a 1f111f0a 1f151f14
3026640 1f171f10 1f151f16 1f1c1f1a 1f1d1f1d
3026660 1f171f1c 1f191f18 1f1a1f1a 1f191f1b
3026700 1f181f1d 1f1c1f17 1f181f1c 1f1f1f20
3026720 1f191f1f 1f1a1f1e 1f221f1f 1f2c1f28
3026740 1f2b1f24 1f2b1f2f 1f2d1f2f 1f2c1f27
3026760 1f2c1f28 1f2a1f2c 1f291f2b 1f291f2a
3027000 1f271f28 1f2b1f2c 1f301f31 1f331f2e
3027020 1f2c1f31 1f301f2f 1f381f33 1f371f2f
3027040 1f3c1f40 1f351f39 1f381f38 1f351f36
3027060 1f351f37 1f391f3b 1f3c1f32 1f391f37
3027100 1f391f38 1f291f32 1f2b1f2b 1f341f2a
3027120 1f3f1f31 1f441f3a 1f411f44 1f381f36
3027140 1f451f3e 1f401f3e 1f4b1f47 1f4a1f4d
3027160 1f3f1f45 1f421f49 1f491f42 1f451f47
3027200 1f4f1f45 1f4a1f4e 1f491f4c 1f4c1f4c
3027220 1f4a1f4c 1f4b1f47 1f451f4c 1f441f4a
3027240 1f441f44 1f451f42 1f451f44 1f491f4c
3027260 1f4a1f42 1f4e1f45 1f541f54 1f481f45
3027300 1f4d1f55 1f4c1f4d 1f511f51 1f501f53
3027320 1f4c1f51 1f4d1f4b 1f491f44 1f481f48
3027340 1f461f48 1f491f4e 1f4d1f49 1f531f52
3027360 1f531f51 1f521f51 1f521f54 1f4e1f50
3027400 1f4d1f4a 1f491f4e 1f451f48 1f401f41
3027420 1f3c1f43 1f3d1f49 1f421f42 1f491f3e
3027440 1f4b1f46 1f4c1f50 1f531f52 1f4d1f51
3027460 1f4d1f4e 1f501f4f 1f4d1f4b 1f441f47
3027500 1f461f49 1f4a1f4a 1f471f3d 1f441f42
3027520 1f421f46 1f541f47 1f541f4d 1f4a1f52
3027540 1f531f51 1f491f52 1f4a1f45 1f4c1f47
3027560 1f471f47 1f4b1f48 1f451f46 1f4e1f4c
3027600 1f501f4d 1f4d1f4a 1f461f45 1f421f4a
3027620 1f481f42 1f471f47 1f4a1f4a 1f421f42
3027640 1f471f47 1f441f42 1f401f42 1f401f49
3027660 1f481f47 1f441f45 1f451f46 1f441f40
3027700 1f401f3f 1f421f42 1f471f3f 1f451f3f
3027720 1f471f42 1f481f43 1f4c1f48 1f4a1f4e
3027740 1f491f44 1f461f3e 1f431f48 1f481f4c
3027760 1f451f47 1f441f45 1f451f41 1f421f44
3030000 1f4f1f47 1f491f4e 1f4c1f49 1f4b1f4a
3030020 1f4c1f43 1f4d1f50 1f411f45 1f3e1f3f
3030040 1f491f41 1f421f3f 1f451f41 1f411f43
3030060 1f4b1f4b 1f491f44 1f431f3f 1f3e1f44
3030100 1f401f46 1f411f3e 1f461f43 1f401f46
3030120 1f3d1f42 1f411f42 1f461f48 1f411f42
3030140 1f3f1f41 1f411f41 1f3c1f41 1f401f3e
3030160 1f431f3d 1f4e1f44 1f461f49 1f471f4a
3030200 1f431f3e 1f411f44 1f4a1f47 1f451f46
3030220 1f4c1f48 1f4e1f48 1f4a1f46 1f4a1f41
3030240 1f451f4b 1f511f4c 1f4d1f44 1f5c1f51
3030260 1f511f51 1f461f4d 1f441f44 1f491f44
3030300 1f4e1f4f 1f581f4b 1f561f57 1f4c1f51
3030320 1f531f49 1f541f53 1f541f52 1f5d1f58
3030340 1f591f62 1f5e1f59 1f5b1f58 1f5f1f59
3030360 1f5f1f61 1f5d1f66 1f591f60 1f5f1f5d
3030400 1f641f5f 1f621f6a 1f5d1f63 1f6e1f6a
3030420 1f651f63 1f5f1f6a 1f671f62 1f5e1f5b
3030440 1f6c1f58 1f6b1f65 1f6c1f69 1f651f63
3030460 1f741f68 1f6e1f6f 1f691f6a 1f6f1f71
3030500 1f6e1f6d 1f641f6d 1f6a1f6a 1f771f6b
3030520 1f6e1f76 1f7e1f74 1f761f7a 1f7c1f7b
3030540 1f801f7c 1f7f1f7e 1f791f7d 1f7f1f7e
3030560 1f7b1f82 1f841f7a 1f811f84 1f851f7c
3030600 1f8a1f86 1f871f88 1f7f1f87 1f821f86
3030620 1f7a1f85 1f7e1f84 1f861f80 1f841f85
3030640 1f831f83 1f8b1f8a 1f941f94 1f9a1f97
3030660 1f951f8a 1f961f94 1f961f94 1f9d1f9b
3030700 1f941f91 1f981f92 1f981fa1 1f9c1f9c
3030720 1f9c1f99 1f971f9a 1fa11f9f 1fa11fa1
3030740 1fa31fa4 1fa31fa4 1fa51fa5 1fb01fa5
3030760 1fa51faa 1faa1fa5 1fa91fac 1fa91fa3
3031000 1fac1fab 1fa91faf 1fac1fac 1fae1fab
3031020 1fb71fb1 1fb31fb3 1fb91fb3 1fb91fb8
3031040 1fba1fbf 1fb81fb6 1fb41fb2 1fb91fad
3031060 1fb21fb0 1fb61fb7 1fc01fbb 1fbd1fbb
3031100 1fc11fba 1fb31fb8 1fba1fb8 1fc31fb9
3031120 1fbd1fb6 1fba1fb9 1fc61fc4 1fc81fcc
3031140 1fc81fc7 1fc41fc7 1fbb1fc1 1fbf1fbf
3031160 1fc01fc5 1fce1fc8 1fcb1fc7 1fd01fc9
3031200 1fd51fd5 1fd41fd3 1fce1fca 1fce1fca
3031220 1fc41fcd 1fc81fd0 1fd21fcb 1fcd1fc6
3031240 1fd51fcb 1fd11fd5 1fce1fd1 1fce1fcc
3031260 1fd51fcd 1fde1fd3 1fd71fd6 1fd91fd8
3031300 1fd91fdf 1fda1fd2 1fe01fd3 1fe31fe2
3031320 1fdf1fd9 1fdd1fe4 1fdf1fdf 1fe31fdf
3031340 1fe71fe6 1fde1fe5 1fdf1fe2 1fd71fdd
3031360 1fd41fd2 1fe01fda 1fdf1fe2 1fde1fe4
3031400 1fd91fdd 1fdd1fdc 1fe01fd9 1fd91fe1
3031420 1fea1fe7 1fe71fe4 1fed1fe3 1fe71fe9
3031440 1fea1fee 1feb1fef 1fe41fe4 1fd91fdd
3031460 1fe21fe5 1fe81fe1 1fe81fe8 1fe01fe7
3031500 1fe91fde 1fe51fee 1fe81fe5 1fec1fea
3031520 1fef1ff8 1fec1fea 1fe61fe8 1feb1fea
3031540 1fea1fe9 1fea1fe6 1fe91fe4 1fec1feb
3031560 1fea1ff0 1fe31feb 1fe71fe0 1fe01fdc
3031600 1fe31fe5 1fe21fe0 1fe21fe3 1fec1fea
3031620 1ff11ff3 1ff41ff2 1fee1ff1 1fef1ff6
3031640 1fef1ff1 1ff11fec 1fe91fe8 1fed1fe9
3031660 1feb1fe7 1fe61ff0 1fee1ff1 1fe81ff0
3031700 1fed1fe9 1fe61fe4 1fe51fe4 1fed1fea
3031720 1fec1fe7 1fe31fe3 1feb1feb 1fe71fea
3031740 1fe61fe2 1fe71fea 1fe01fe1 1fe51fe6
3031760 1fe71fe3 1fe31fe3 1fe01fe1 1fe21fd7
3032000 1fdd1fe5 1fde1fdc 1fd91fdb 1fd71fda
3032020 1fdc1fd5 1fd01fd9 1fdd1fdb 1fd91fdb
3032040 1fe01fdc 1fd61fdf 1fd91fdd 1fe11fd9
3032060 1fdb1fe0 1fd31fde 1fda1fdf 1fdc1fe2
3032100 1fe41fd9 1fe61fe1 1fe01fdf 1fd51fdb
3032120 1fd61fd8 1fd01fcf 1fd81fdb 1fd31fd8
3032140 1fd61fd4 1fcf1fd3 1fd01fcd 1fcf1fcb
3032160 1fd11fcf 1fd11fd6 1fd01fcf 1fd51fd5
3032200 1fdc1fdf 1fd31fe2 1fcf1fd5 1fd61fce
3032220 1fd01fcf 1fd21fcf 1fcb1fcb 1fcc1fcc
3032240 1fd81fd2 1fd11fd3 1fd51fd5 1fcb1fcb
3032260 1fc91fcc 1fd11fd2 1fc81fcb 1fc81fcc
3032300 1fc91fca 1fc51fcc 1fcf1fcc 1fd21fca
3032320 1fce1fd4 1fc91fcb 1fcd1fcc 1fc11fc2
3032340 1fc41fc1 1fbd1fc0 1fc81fc7 1fc41fbe
3032360 1fc71fc8 1fcc1fd0 1fd31fd2 1fc51fc9
3032400 1fca1fcb 1fc41fca 1fc51fca 1fd11fc7
3032420 1fcf1fcb 1fcf1fd2 1fcb1fcd 1fcb1fcd
3032440 1fd81fd1 1fce1fd6 1fc61fcd 1fc61fbe
3032460 1fc61fd3 1fcf1fca 1fd81fd3 1fcd1fd6
3032500 1fd01fd6 1fd51fd5 1fd51fc8 1fd51fd4
3032520 1fc81fd5 1fcc1fce 1fd51fc3 1fd51fd3
3032540 1fce1fd4 1fcc1fd4 1fd11fd1 1fcd1fce
3032560 1fce1fcc 1fcf1fd4 1fd21fd4 1fde1fda
3032600 1fd21fd5 1fdb1fd4 1fe11fd9 1fd71fdd
3032620 1fd91fda 1fe51fde 1fec1fe1 1fe31fe1
3032640 1fdd1fd9 1fe01fd9 1fda1fdb 1fe21fdd
3032660 1fe31fe8 1fe61fea 1fe91feb 1fe91fe8
3032700 1fde1fe2 1fe51fdf 1fe91fe4 1fe51fee
3032720 1ff61fed 1fee1fef 1fed1fe5 1fe11fdd
3032740 1fe41fed 1fe61fea 1fef1fe6 1ff51fea
3032760 1ff31ff9 1ffb1ff8 1ffb1ff7 1ffd1ffb
3033000 20012002 1ffe2003 1ffa2005 1ffd1ffe
3033020 1ffd1fff 1ffa1ffc 20061fff 20072009
3033040 200c2005 20042002 20082005 20032004
3033060 20052003 2010200b 200b200a 2015200d
3033100 20112016 2010200f 201b2012 20112017
3033120 201b2018 201a2013 201f201d 201d2017
3033140 20192015 2011200e 201b2019 201f201b
3033160 20222025 20212029 201a2019 20192021
3033200 20252019 202a2024 202c202d 202e202e
3033220 202d2031 20332033 20372035 20312033
3033240 20342036 202e2037 203a203a 203b203c
3033260 203a2033 203a203b 20342037 20372037
3033300 20312039 203e2034 203c203a 203d2034
3033320 203c203e 204d2042 2042203f 203f203a
3033340 2043203d 20422040 203e2040 20402040
3033360 20462043 20492046 20522050 204d204d
3033400 2051204f 20542054 2049204a 204f2059
3033420 204e2050 204d204a 20472048 204a2050
3033440 204d204e 2052204f 205c2051 20582056
3033460 204e2056 2055205a 205c205d 2059205a
3033500 2058205e 205c2059 20612061 2061205d
3033520 20642063 20652067 2069206a 2060206d
3033540 2068206c 206b206a 206c2068 206d206e
3033560 206c206e 205a2064 20632061 2065206b
3033600 206e206c 20712070 2076206a 2072206c
3033620 20762076 206f2069 207a2072 20712073
3033640 206f2072 20702072 206e2075 2074206e
3033660 20732072 20732070 207b2081 2086207c
3033700 2076207c 20792076 20732071 207a2075
3033720 2077207c 2078207b 2077207e 20772074
3033740 207a207b 207b207b 2079207a 207a2072
3033760 207d2078 20792076 20742074 207f2079
3034000 207a207d 207e2073 207e207a 2071207c
3034020 20742074 2075207a 207f207a 207b207b
3034040 20802079 207a207c 207f2077 20812078
3034060 2084207f 20862084 20782086 20752078
3034100 207e2078 207c2081 2082207d 2079207a
3034120 2074207a 207a2078 2079207f 20712073
3034140 20772071 2087207e 207e2079 207f207c
3034160 20732076 20712073 207b2078 20762074
3034200 20782078 2075207b 20752078 206f2072
3034220 206c2067 2070206f 20762073 2075207c
3034240 206d2070 2070206b 206f2071 206f206f
3034260 206b206e 206c206c 2075206b 2068206d
3034300 20692067 20622065 20682065 20672069
3034320 2066206a 20602060 205d205d 205e205b
3034340 20572052 205f2060 20622062 206a2067
3034360 2069206e 206a2064 20632062 20672065
3034400 20662068 206b2066 205e206d 2061205f
3034420 204f205d 2058205c 205c2057 20562059
3034440 205a205b 205c2059 205f205d 205f205b
3034460 2063205a 20562059 2055205c 205e2057
3034500 205b205a 2055205f 20532055 2053205d
3034520 2058205a 20512052 2051204a 20512056
3034540 20542059 20532057 20542052 20512057
3034560 2056205d 205c205f 20572061 204b2058
3034600 205a204f 20542055 20542053 20572058
3034620 20522054 205a2059 205b2054 204e2053
3034640 20532053 20582059 2056204e 204d2050
3034660 204c2052 20492046 20462049 20562048
3034700 2057204f 20542051 2051204b 205a2054
3034720 204c2055 20512052 205a2058 20532057
3034740 20522053 20552051 20562056 204d2051
3034760 20542054 20512053 204f2054 204c204d
3035000 204e204f 2052204e 20502050 20552051
3035020 20542056 20552052 205d2056 2052205a
3035040 205a2057 20502056 20522050 204e2054
3035060 205a2050 20512056 20502055 20592057
3035100 205e205c 20532059 205e2058 20632061
3035120 20682068 205c205e 20672061 2058205d
3035140 20602064 205b2061 205a2058 205a205c
3035160 206a2063 206d2071 206d2074 20672066
3035200 2062205e 20642065 206d2067 20642068
3035220 20652065 20642063 206a2069 2074206e
3035240 20722075 206d2076 2067206b 20672069
3035260 206a2066 206a2070 206f206b 20712073
3035300 2076206e 20732075 20762076 20772072
3035320 20762077 20772071 20762071 20732073
3035340 20742074 207c2077 20732077 20832073
3035360 2071207e 2072207c 20832078 207b207f
3035400 207e207a 2070207b 20742076 207a2078
3035420 2081207e 207d2081 20872086 20862081
3035440 208c208b 2089208c 208b2085 2091208c
3035460 208e2093 208b208c 20912088 20902091
3035500 208a2088 2090208d 20902092 208e208e
3035520 20972094 208f2090 209c209a 209d2095
3035540 20992096 20952098 20972090 209a209b
3035560 20962099 209b209b 209d2094 2098209d
3035600 2098209a 209a2095 20a2209d 209b20a0
3035620 209b20a4 2092209e 209720a1 20a120a0
3035640 209d20a5 209f20a2 20a2209d 209d209c
3035660 20a320a3 20a320a4 20a220a7 20a620a8
3035700 20a420a1 20a820a8 209d20a4 209a209d
3035720 20a420a3 20a320a7 20aa209f 20a520a6
3035740 20a520a4 20a720a2 20a920a8 20aa20a3
3035760 20b520a9 20ae20aa 20ad20b0 20ab20ad
3036000 20b420af 20b720bb 20b520b2 20b520be
3036020 20b420b8 20ba20af 20be20b8 20ba20c1
3036040 20bc20c0 20be20b9 20b720bb 20b520b9
3036060 20b620bb 20bb20bd 20c120c0 20b820bc
3036100 20b220b5 20bd20b7 20c320bc 20c120c4
3036120 20c520c1 20ba20c0 20c120c1 20c520c7
3036140 20c420c5 20c420c2 20c820cd 20c720cb
3036160 20c620c9 20c520cc 20c820c4 20d220cd
3036200 20d220d4 20d020ca 20ce20ce 20d520d4
3036220 20cc20ce 20c220cb 20c720d0 20cc20ce
3036240 20c920c6 20c720c8 20c920c9 20cb20ce
3036260 20ca20ca 20d120ce 20c820cd 20be20c9
3036300 20c320c5 20c420c3 20c920c2 20c920c2
3036320 20c720ca 20c620cc 20c920c8 20d220c2
3036340 20d220ca 20c220c8 20c420cd 20c520be
3036360 20c320c5 20c220bf 20cd20cb 20c920c8
3036400 20c420c7 20c720ca 20cb20c2 20c120c5
3036420 20c620c8 20ce20d2 20cc20c4 20cd20c8
3036440 20cb20c5 20c820c6 20c120ca 20c520c0
3036460 20c920c2 20c920d2 20c620c4 20c720c6
3036500 20c520c6 20c620c9 20c220c7 20c020c6
3036520 20c520c2 20be20c0 20ba20bd 20ba20bf
3036540 20c920c6 20c720cb 20c920c5 20c320c7
3036560 20bd20c7 20bc20c0 20b920bd 20c520c3
3036600 20c720ca 20c220ce 20c420c0 20be20ba
3036620 20c520c1 20bc20bd 20c320c2 20c120c0
3036640 20c520c0 20c420c3 20c120c3 20c920cc
3036660 20c320c9 20c320c8 20c620bd 20c420c1
3036700 20bb20c6 20c320c0 20cd20c1 20cd20c9
3036720 20c920c8 20bd20c7 20bc20bf 20b620b7
3036740 20bc20bc 20c520bb 20c320c1 20bd20bd
3036760 20be20bd 20be20be 20c320bd 20c820c4
3037000 20c020c1 20b520ba 20c420bc 20be20c1
3037020 20c520c3 20c120c4 20c920c4 20c820cb
3037040 20c720c5 20c120ca 20bc20bd 20bd20c1
3037060 20c620c7 20c620bd 20c720cb 20c020c2
3037100 20c620c5 20c220c7 20c720c4 20c620c2
3037120 20c820c2 20be20c1 20be20c2 20ca20c4
3037140 20ca20c9 20c320c6 20c520c7 20be20c6
3037160 20be20be 20c120c3 20c820c4 20c620c4
3037200 20ca20c7 20c320c6 20c220c3 20c020c3
3037220 20ba20bf 20be20bc 20ca20cb 20cb20ce
3037240 20c720c4 20c720cb 20c020be 20c820c3
3037260 20cc20d2 20d320d8 20cf20cc 20cf20cc
3037300 20ce20d0 20ce20cd 20cf20d8 20dd20d3
3037320 20d520d3 20cb20d0 20d120d0 20ca20d5
3037340 20cb20ce 20cf20ca 20c820ce 20cc20d6
3037360 20cf20d2 20d120d4 20cd20d3 20e220d6
3037400 20da20db 20d420d8 20d120d2 20d720cc
3037420 20d820d7 20d920d6 20d820da 20df20da
3037440 20de20d7 20e020d9 20d620df 20e220e6
3037460 20dd20e3 20df20e6 20e120e3 20e620e6
3037500 20e720e3 20e420e4 20df20d9 20de20e0
3037520 20e320e5 20e220e5 20e020e2 20e120dc
3037540 20e120e3 20e720e5 20e420e4 20e520e6
3037560 20e620dd 20ec20df 20ee20e1 20e120ed
3037600 20e920e5 20ea20f1 20e720e5 20ea20ed
3037620 20e720e6 20ec20ea 20f120eb 20ee20ec
3037640 20ea20e9 20f320ec 20f520f5 20f420f5
3037660 20fc20f6 20fa20f6 20f720f3 20ec20f3
3037700 20f320ed 20ec20ed 20f320f5 20f520f9
3037720 20f120f4 20f520ee 20fa20f9 20f920fc
3037740 20f720fc 20f520f7 20f420f6 20f520f3
3037760 20f720f9 20fc20fe 20f620f8 20f320f5
3040000 20f220f5 20f820f2 20f920fa 20fa20fa
3040020 210120f7 20f320fc 20fe20fb 21002106
3040040 20f420ff 210120f6 20f620fa 20fa20f7
3040060 210020fe 20f720fe 20f520fd 20f620f0
3040100 20fa20fb 20f620fe 20fa20fc 20fc20f7
3040120 20ff20fb 21012102 20ff2104 20ff2104
3040140 20ff2102 20f92103 20f620f7 20fd20ff
3040160 210820ff 21032104 21072107 2105210c
3040200 2104210a 210620ff 20fc20fc 210220ff
3040220 21022107 21092107 210c210a 210b2106
3040240 2104210b 21032103 21082103 210a210b
3040260 21032103 2109210b 20ff2102 20f72100
3040300 210120ff 21112107 2101210c 2103210a
3040320 210d210a 2111210f 21082105 21082108
3040340 21032107 210220ff 21022101 210a2108
3040360 2105210a 2109210b 210d210d 210a210a
3040400 210a210a 2109210a 21042107 21092107
3040420 210f210d 210f210e 210f210a 210e2110
3040440 21102114 210c210b 210c210b 21052103
3040460 2103210b 21012105 210a2105 b01104c3
3040500 00001004 0001000a 00010000 03b16047
3040520 00000ffc 0001000a 1400003c add01f00
3040540 add01f01 add01f02 add01f03 add01f04
3040560 add01f05 add01f06 add01f07 add01f08
3040600 add01f09 add01f0a add01f0b add01f0c
3040620 add01f0d add01f0e add01f0f add01f10
3040640 add01f11 add01f12 add01f13 add01f14
3040660 add01f15 add01f16 add01f17 add01f18
3040700 add01f19 add01f1a add01f1b add01f1c
3040720 add01f1d add01f1e ff000134 00000020
3040740 00000002 c7d513cd 00000001 deadbeef
3040760 f0000002 c7d513b9 22062cbb 00000000
3041000 00000134 00001f48 a01004c4 21eb210f
3041020 21e621e9 21de21e3 21da21de 21da21de
3041040 21e221db 21e221dd 21d621de 21d521db
3041060 21d321ca 21d521d7 21da21d8 21dc21dd
3041100 21e521e7 21d521de 21e321e0 21e421e4
3041120 21e921e1 21e621eb 21de21e4 21de21dd
3041140 21dd21dd 21e521e0 21dc21e0 21df21e2
3041160 21df21df 21e021e0 21d721de 21d621d4
3041200 21de21d9 21df21da 21d921db 21d521e1
3041220 21e121df 21d921e1 21d921da 21de21df
3041240 21da21d7 21d721da 21dc21d7 21d621d7
3041260 21db21d9 21df21d7 21d121d6 21d621d5
3041300 21d521d1 21d621d6 21da21d7 21e321e3
3041320 21e421da 21e221e6 21dc21de 21da21e7
3041340 21e021e0 21e121da 21ee21e0 21e721eb
3041360 21e321e8 21dd21de 21dd21db 21de21d8
3041400 21e621de 21de21e4 21e021da 21e921e0
3041420 21e321e1 21e221dd 21e521e9 21eb21e6
3041440 21e821e8 21ea21e4 21e521e9 21e721e7
3041460 21e821e9 21e221ed 219621d8 207c20fd
3041500 1fb92008 1f671f87 1f4a1f50 1f401f3f
3041520 1f421f3c 1f391f3c 1f3f1f35 1f3c1f3a
3041540 1f431f3d 1f401f3f 1f391f43 1f391f3d
3041560 1f421f3a 1f4b1f3c 1f3d1f43 1f461f3c
3041600 1f451f45 1f401f42 1f451f3e 1f3c1f38
3041620 1f451f45 1f3d1f41 1f351f36 1f451f3f
3041640 1f3f1f44 1f451f41 1f401f48 1f431f46
3041660 1f431f3f 1f4f1f47 1f4b1f50 1f451f4c
3041700 1f451f4b 1f4b1f48 1f4b1f52 1f471f4f
3041720 1f501f50 1f491f4a 1f491f40 1f461f48
3041740 1f451f45 1f4e1f55 1f501f52 1f491f4e
3041760 1f511f55 1f561f57 1f561f56 1f551f55
3042000 1f4f1f4c 1f571f56 1f521f4f 1f5d1f53
3042020 1f5b1f5a 1f5c1f60 1f521f5c 1f591f51
3042040 1f531f5d 1f5d1f57 1f5c1f5a 1f561f57
3042060 1f591f52 1f5c1f5d 1f5d1f5b 1f681f64
3042100 1f601f67 1f5a1f61 1f5e1f5d 1f611f5e
3042120 1f691f5f 1f661f64 1f671f65 1f621f63
3042140 1f6c1f68 1f6a1f65 1f681f65 1f6d1f6d
3042160 1f6e1f68 1f681f6d 1f6b1f6a 1f631f68
3042200 1f631f66 1f691f69 1f6b1f6c 1f6c1f62
3042220 1f6d1f6f 1f6a1f6c 1f651f70 1f701f6a
3042240 1f711f6d 1f721f6b 1f711f70 1f771f7b
3042260 1f721f72 1f731f72 1f691f6c 1f6b1f71
3042300 1f7d1f77 1f7e1f7f 1f811f7b 1f6e1f79
3042320 1f771f78 1f751f7c 1f7a1f7d 1f7c1f79
3042340 1f761f7a 1f781f7a 1f801f79 1f821f81
3042360 1f7e1f82 1f781f82 1f7f1f84 1f821f85
3042400 1f861f85 1f861f7e 1f7b1f80 1f7e1f76
3042420 1f7d1f80 1f871f84 1f861f85 1f7f1f7e
3042440 1f7c1f75 1f7f1f82 1f831f7e 1f841f7f
3042460 1f811f85 1f861f88 1f8d1f88 1f8f1f90
3042500 1f8e1f8d 1f8c1f8d 1f8b1f86 1f8c1f89
3042520 1f911f8a 1f911f8f 1f911f91 1f8d1f8d
3042540 1f911f90 1f971f8d 1f971f92 1f971f9b
3042560 1f931f95 1f951f93 1f8e1f91 1f961f8f
3042600 1f911f91 1f8c1f8f 1f9f1f9b 1f961f93
3042620 1f961f96 1f941f90 1f981f96 1f991f9d
3042640 1f991f99 1f971fa0 1f9c1f99 1f931f94
3042660 1f921f93 1f911f97 1f901f96 1f9b1f97
3042700 1f9f1f9d 1f9b1fa6 1f9d1f96 1f9c1f9b
3042720 1f9c1f96 1f961f9b 1f8e1f95 1f941f97
3042740 1f931f91 1f941f90 1f971fa1 1f9e1f9b
3042760 1f9d1f9d 1f9a1f9d 1fa11f98 1f9b1f9e
3043000 1f961f9b 1f911f94 1f951f94 1f8f1f94
3043020 1f941f90 1f941f9a 1fa01f9b 1fa21fa1
3043040 1f9c1f97 1fa01f94 1f961fa0 1f991f97
3043060 1f9d1f9a 1f9a1fa3 1f9c1f9f 1f9d1fa0
3043100 1f9f1fa2 1fa81fa2 1fa41fa5 1fa61fa7
3043120 1f9c1fa6 1f9c1f9c 1f971f98 1f9e1f9d
3043140 1fa31fa1 1f9f1fa1 1f9c1fa0 1fa61f9d
3043160 1fa41fa0 1f9d1f9d 1f9b1fa1 1f9f1f9d
3043200 1fa01f9d 1f9e1fa0 1f9c1f9a 1fa11f9e
3043220 1fa31fa2 1f9d1fa0 1f991f95 1f9c1fa1
3043240 1fa21f97 1fa31fa0 1fa71fa7 1fa51fa8
3043260 1fa21fa1 1f9e1fa3 1fa51f9f 1fa41fa3
3043300 1faa1fa5 1fa41fa9 1fa51fa8 1fa51fab
3043320 1faa1fa4 1fa61faa 1fa61fa8 1fa71fa7
3043340 1fa71fad 1faf1fb0 1fb01fae 1fae1fac
3043360 1fb01faf 1fab1fb1 1fac1fab 1fb21fac
3043400 1fa91fad 1fac1fa8 1fa51fa5 1fa71fab
3043420 1fa21fa5 1fa91fab 1faf1fab 1fab1faf
3043440 1faa1fa5 1fb21fa9 1fac1fad 1fac1fb3
3043460 1fac1faf 1fb01fb1 1fba1fb4 1fb31fb4
3043500 1fae1fb7 1fb81fb3 1fb61fb4 1fb01faf
3043520 1fb21fae 1fbb1fbd 1fb81fb3 1fb71fbf
3043540 1fba1fb5 1fb21fba 1fb41fb8 1fbe1fb3
3043560 1fb61fb8 1fb41fb1 1fbb1fb3 1fb51fb9
3043600 1fbb1fb7 1fbd1fbb 1fbd1fb9 1fc31fba
3043620 1fc21fc1 1fc11fb9 1fc11fbc 1fbf1fc4
3043640 1fbd1fbd 1fc31fc2 1fc31fc0 1fbf1fc3
3043660 1fb91fc1 1fc61fb9 1fbd1fc1 1fc11fb9
3043700 1fc31fc5 1fc71fc6 1fbb1fc0 1fbf1fbc
3043720 1fc71fc2 1fca1fc8 1fc41fc8 1fcd1fc6
3043740 1fd31fcc 1fcb1fcf 1fc91fc9 1fc51fc8
3043760 1fd51fd2 1fcf1fd7 1fcb1fc9 1fd21fcf
3044000 1fc21fc9 1fd01fcc 1fca1fce 1fcc1fc8
3044020 1fce1fcc 1fcc1fd7 1fce1fd0 1fcf1fd2
3044040 1fcf1fd2 1fd01fcd 1fcc1fd0 1fd01fce
3044060 1fd01fd9 1fd71fdb 1fcf1fd5 1fd11fd1
3044100 1fcd1fd2 1fd61fcf 1fda1fdc 1fd61fd4
3044120 1fd71fda 1fcc1fd5 1fd11fcf 1fdb1fd2
3044140 1fda1fe3 1fda1fd7 1fcf1fd6 1fda1fde
3044160 1fdb1fd5 1fde1fd6 1fdc1fd4 1fd31fd6
3044200 1fda1fdb 1fde1fdb 1fd91fdd 1fd41fd9
3044220 1fd51fdd 1fe31fdf 1fe21fe9 1fe61fe3
3044240 1fdf1fe1 1fe61fdd 1fd91fdb 1fe11fe0
3044260 1fdd1fd9 1fdf1fdb 1fd51fdc 1fd91fdf
3044300 1fd61fd7 1fd31fd3 1fd71fd0 1fd01fd3
3044320 1fda1fd5 1fe01fdb 1fd81fdd 1fdc1fd8
3044340 1fda1fe2 1fd61fdf 1fe31fdc 1fdf1fdd
3044360 1fdc1fde 1fdf1fd7 1fe21fe0 1fe71fde
3044400 1fe71fe0 1fe71fe6 1fe51fe7 1fe11fe4
3044420 1fda1fdb 1fe21fe1 1fda1fe2 1fe31fd9
3044440 1fe81fe7 1fe71fe9 1fdb1fdf 1fe91fe5
3044460 1fe71feb 1fe41fe8 1fe31fec 1fe01fe5
3044500 1fdb1fe5 1fe31fdd 1fed1ff0 1fed1fed
3044520 1feb1ff4 1fe51fe9 1fe21fe5 1fe01fe4
3044540 1fec1fea 1fe71fe4 1fef1fef 1ff01ff5
3044560 1fef1ff3 1fef1ff0 1ff41ff3 1feb1fe8
3044600 1fee1fee 1fec1ff0 1feb1fe6 1ff31fe8
3044620 1fe91fe2 1feb1fec 1ff61ff1 1ff01ff1
3044640 1fe81fef 1fe11fe3 1fe61fe6 1fe91fe3
3044660 1fe81fe4 1fe71feb 1feb1fe9 1ff31fe6
3044700 1ff11ff1 1ff61ff4 1fef1ff4 1ff41ff4
3044720 1ff51ffa 1ffa1ffa 1ff61ff4 1ff41ff0
3044740 1ff41ff1 1ff21ff8 1ffb1ffe 1ff11ff7
3044760 1ff91ff5 1ff61ff4 1ff81fff 1ffd2008
3045000 1ffd1ff9 1ffc1ff8 1ff21ff7 1ff01ffb
3045020 1ff91ff8 1ffa1ffd 1ff91ff9 1ff21ff8
3045040 1ff71ff4 20081ffd 20062001 20042006
3045060 20022004 1fff2007 20021fff 20041ffe
3045100 200b2002 20062008 20032008 1ff82000
3045120 1ffe1ffc 20031fff 20001ff9 1fff2000
3045140 200c2002 20082006 200b2003 20052003
3045160 20042006 2008200b 200e200b 200c200b
3045200 200b200b 20002009 200a200a 2005200c
3045220 20032004 2009200b 20022004 2002200c
3045240 20022000 20011ffc 1ffe1ffb 1ffd2005
3045260 20012008 20052005 20062003 20082006
3045300 2003200b 200a200d 2002200b 20072009
3045320 200c2005 20032007 20052004 20072009
3045340 200c200b 2012200b 2005200a 2006200e
3045360 200f2004 200c2009 200e200f 2009200d
3045400 200d200c 20082007 200f1ffe 2007200a
3045420 200e2008 200e200c 2013200f 200c200f
3045440 200c2009 200e200e 201a2012 200f200f
3045460 200d2012 2013200e 200d2011 20142011
3045500 20142017 200e2013 20142013 200f200d
3045520 2016200d 20162016 201e201b 201b2020
3045540 2014201c 201d2018 2019201c 201e201d
3045560 20132019 20132014 20192017 201a201b
3045600 2022201d 201f201f 201d201e 20272028
3045620 20282021 202b2026 2029202c 20242025
3045640 202a2024 202d2028 202d202f 2025202c
3045660 2028202b 20242028 20282024 2033202d
3045700 2032202c 202c202d 202b202c 202c2029
3045720 2034202b 203b2034 20292035 20302025
3045740 202c202e 20362032 20312037 2027202d
3045760 2030202f 20372032 20372039 2035203b
3046000 20362035 2038203f 203f2036 203c203b
3046020 203a2034 20322039 20302037 20342038
3046040 20402030 20412039 203c2033 20402045
3046060 20452048 20422043 203e203d 203e203a
3046100 20452046 20472043 204f2049 2046203f
3046120 20432048 20412040 20442046 20442040
3046140 20402043 204f204a 204d204b 204e2049
3046160 20512048 204e204c 20492046 20482046
3046200 2055205b 204e2047 204f204d 203e2049
3046220 204b2046 204b2048 20532048 204f2054
3046240 2053204d 20572059 20592058 205a2058
3046260 205c205e 2050205a 20512050 20592054
3046300 205b205f 2059205e 205f2060 2065205f
3046320 20612060 20592061 205e2057 2058205c
3046340 205b205f 205b205b 20592054 20572056
3046360 20582057 2060205b 205d2060 205d2060
3046400 2059205f 2058205b 2065205f 2060205b
3046420 205c2059 205d205d 2053205b 20602061
3046440 205d2064 2063205e 2063206c 205f205e
3046460 2068205f 206d2068 2071206c 2067206a
3046500 2064205e 205b206a 205d205f 2058205c
3046520 2058205b 20572061 20562056 2058205c
3046540 205d205a 20582059 20632060 206a2066
3046560 20692067 206b2067 2064206c 20662068
3046600 2062206a 205c2062 205b205b 20592057
3046620 205a205d 20632061 2062205e 205f205e
3046640 2058205b 205f205e 205f205b 2066205f
3046660 2063205a 205a2057 205c205b 205e205f
3046700 20602060 20582060 20672067 20602063
3046720 2066205e 2064205d 205e205e 205c2055
3046740 205d205c 205f2065 20622062 205f2063
3046760 205e2060 20632063 206c206c 206a2063
3047000 20662060 20642062 205e2060 206a206b
3047020 206a2069 20622066 205a2064 20512057
3047040 20582052 205e205b 2061205f 2067206b
3047060 20672069 20632069 20672066 20632063
3047100 205f2062 2056205a 2061205d 205c205d
3047120 205e2059 20652061 20692068 2068206d
3047140 206d206b 20662069 206c2068 20642061
3047160 206a2065 2063206c 20642066 20662065
3047200 205e2062 206a206c 20652068 2063205e
3047220 20642063 205a205b 205b2059 2060205f
3047240 2066205f 206a2068 20642066 206f206b
3047260 205c2062 20672061 206a2068 20672068
3047300 205e2062 205a205c 2062205c 20692062
3047320 205e205f 20652062 206d2064 206d206a
3047340 2068206c 205e2061 20672067 20672064
3047360 20692066 20662068 20662068 205d2063
3047400 20602063 206a2069 20672067 205a2060
3047420 20612059 20682067 2066205b 20682066
3047440 2067206a 2069206a 206b2066 20722068
3047460 206d2069 206f2072 2071206d 206d206d
3047500 2070206a 206c206e 20642068 20632068
3047520 20612061 206a205e 20682067 206a206b
3047540 206a2075 206e206b 206a2065 20692068
3047560 206a2068 20762075 20722071 206d206d
3047600 2069206b 20762071 206d2072 2069206c
3047620 206e2071 206c2077 20722071 206d2074
3047640 2070206a 20762070 20782075 20702074
3047660 2071207a 20752078 206d206c 20762074
3047700 2073206d 20722074 20782078 207b2077
3047720 20752074 206a2075 20732071 207b2078
3047740 20762077 20792077 20732070 20762074
3047760 2071206b 2079206f 20772079 2077207b
3050000 2072207b 20742075 207b2079 20752079
3050020 2082207a 20822086 2081207c 2082207d
3050040 2080207b 207e2083 2078207d 2087207f
3050060 2088208a 20872080 20822083 208c2085
3050100 208b208f 2094208b 208a2095 208a208e
3050120 20862093 2086208b 208d208b 208b2084
3050140 20962098 20952095 208e2096 208e208a
3050160 2095208e 20972091 209f209b 209c209a
3050200 209920a4 209b2096 2098209b 20a820a2
3050220 20a320a2 20a420a2 20a320a8 209b20a8
3050240 20a420a3 20a620a3 20a820a9 20a520a9
3050260 20ac20a4 20a220a3 20a220a6 20a920aa
3050300 20a820a5 20a320a3 20a1209f 20a320a1
3050320 20a820ab 20a320a5 20a220a0 20a720a9
3050340 20b020ac 20ae20ac 20b420b9 20ae20b2
3050360 20ab20ae 20b020b0 20b320b0 20af20ab
3050400 20b320af 20ab20b3 20bb20b7 20b320b7
3050420 20b320b3 20be20ba 20c020bd 20b120bb
3050440 20b720b1 20b120b3 20ac20ad 20b920b7
3050460 20b620b4 20c120bc 20bf20be 20bd20c2
3050500 20c720c4 20c620bf 20c920c2 20bc20c5
3050520 20c020be 20c020c4 20bd20bd 20bc20bc
3050540 20ba20bd 20ba20c0 20c620bd 20c220bf
3050560 20b720ba 20bc20bf 20c420c2 20c320c9
3050600 20ca20ca 20c620c2 20c620c7 20be20c2
3050620 20c420c0 20be20c2 20c520bf 20c620c8
3050640 20cc20c7 20bc20cd 20c620bc 20c720c3
3050660 20d220cd 20cc20d1 20c320c6 20c320c4
3050700 20c220c1 20c020c1 20b920b8 20c920c4
3050720 20c720c7 20c520bf 20c920bf 20c020c4
3050740 20c720c4 20bf20bc 20c620c3 20be20c5
3050760 20bd20c5 20c020c3 20bf20c3 20c220c5
3051000 20cb20c6 20c820c7 20c520c2 20ca20c4
3051020 20ca20c0 20c020cd 20c420c1 20be20c0
3051040 20c320c3 20c720be 20be20c6 20b720c1
3051060 20be20c1 20bf20bf 20c520c4 20bc20c4
3051100 20b820b3 20ae20b4 20b620b5 20b620bb
3051120 20bc20b7 20b320bd 20b420b7 20ba20b9
3051140 20c020bf 20bd20c3 20bf20b8 20bc20bc
3051160 20bd20c2 20bf20b6 20bc20bf 20bd20bb
3051200 20ad20b9 20bc20bc 20b820ae 20b220b6
3051220 20b720b9 20b920ba 20b720b7 20b520b3
3051240 20ae20b9 20bb20b4 20b820c0 20b920b3
3051260 20b920c1 20b420ba 20bb20b6 20b020bd
3051300 20b320b6 20bb20b3 20b820b4 20bb20b7
3051320 20ba20b9 20bb20ba 20bf20bb 20ba20bb
3051340 20bf20b6 20b420b6 20bd20ba 20c520b3
3051360 20a920b0 20b020b3 20ac20b4 20ae20ad
3051400 20b020ac 20b520b3 20b520b2 20ba20ba
3051420 20b920b9 20b820b0 20b120b8 20b620b8
3051440 20b620ab 20b620b0 20af20b0 20b020b0
3051460 20af20ab 20af20ae 20b220b1 20b520b2
3051500 20b220b1 20af20b6 20ae20b3 20a920b0
3051520 20b220a7 20aa20af 20b020af 20ab20b1
3051540 20ad20ad 20a920a8 20aa20ad 209f20a6
3051560 20a020a5 20ab20a3 20a920a8 20a420a2
3051600 20a920a6 20a720a9 209d20a6 20a520a5
3051620 20a1209e 209b209a 209d20a6 209d209c
3051640 209d20a2 209e209d 20a120a4 209a20a1
3051660 20a2209e 20a220a5 209e20a1 209820a2
3051700 209b209d 20a520a3 20a220a1 20a120a3
3051720 209b209f 209d209e 20a2209d 209c20a0
3051740 209e2099 20a220a1 209b209d 20962097
3051760 20932094 20932093 20902095 20952096
3052000 209e209a 20a2209c 2099209f 20a22097
3052020 209f20a3 20a020a3 20a420a2 209f20a0
3052040 209c20a2 209d20a3 209e2098 209e209e
3052060 20a0209d 2097209f 20a22099 20a420a4
3052100 20a4209a 20a120a2 20a020a2 20a320a4
3052120 209e209a 20a4209b 20a020a4 209c20a7
3052140 20a920a4 20a620a9 20a220a7 20a4209f
3052160 20a320a9 20a820a7 20a720a8 20ad20a1
3052200 20a620a6 20ad20aa 20a820a4 20a820a3
3052220 20a520a5 20a620a7 20aa20ae 20ac20b3
3052240 20ae20af 20b420b0 20b120ae 20a620af
3052260 20ad20aa 20b620b1 20bb20b5 20b420b5
3052300 20b720b7 20b320b7 20b620b1 20b720b9
3052320 20b420ae 20b220b5 20bd20b7 20bc20bf
3052340 20bf20b4 20c220c0 20b920c0 20c520c0
3052360 20b320b9 20ba20b2 20b820b9 20c220be
3052400 20bd20c1 20c020bc 20c220c0 20c320c7
3052420 20ce20c8 20d120d5 20c620d3 20cc20c5
3052440 20d320d6 20cb20d7 20ce20d3 20cd20cd
3052460 20d320d2 20d020c9 20d320d4 20ca20d6
3052500 20d320d2 20ce20cf 20d620d2 20ce20d8
3052520 20dd20da 20d720da 20d820dc 20d220db
3052540 20d820d7 20d920da 20de20d8 20e220dc
3052560 20e620e7 20e420e5 20e820e9 20da20e9
3052600 20d320de 20e220de 20db20df 20dc20d8
3052620 20df20da 20de20da 20e320e0 20e620e3
3052640 20e920eb 20eb20ed 20ed20eb 20eb20eb
3052660 20df20e6 20e620e4 20ea20e3 20ee20ec
3052700 20ef20e6 20ea20f1 20ee20ee 20f820f3
3052720 20f620f5 20ec20fb 20f020f0 20f520f6
3052740 20f820f6 20f920f6 20ec20f7 20f220f2
3052760 20f720f6 20f920f0 20fa20f5 20ec20f1
3053000 20f520f2 20fe20fe 20f620fa 20f820ef
3053020 20fa20f8 20fb20fa 20f620fe 20f120fb
3053040 20f720f8 210320fe 20f62100 21002100
3053060 20fa20fd 210220f1 20f82101 20f620f6
3053100 20fc2100 20ff20fd 20fb20ff 20f72102
3053120 20ff2102 21012100 210320f9 21032103
3053140 210c2104 20ff210b 210a210a 210c2103
3053160 20fe2100 20fb2100 21062104 21082105
3053200 20ff2100 21052100 21032105 210d2107
3053220 210b210b 210b2106 21032108 21012103
3053240 210320fe 2107210e 21062104 210b2107
3053260 21052102 21062107 21042109 20fc2103
3053300 210120ff 2104210a 20fc20fc 210620f5
3053320 21072109 21082100 20ff2107 21022105
3053340 21042101 21012104 210120ff 21012105
3053360 20fc2102 20fd20ff 21092106 21092103
3053400 21032107 20f92103 20fb20fe 21022104
3053420 20fe20f9 20fb20fa 20fb20fc 20fc2102
3053440 20fd20fe 20ff2100 20f92101 20fb2101
3053460 21052104 21042105 20fe2106 21032104
3053500 2104210a 21012105 20fa20fa 210020f9
3053520 20fd2105 20fc20fb 20fc20f8 20f820fc
3053540 21002100 210420fa 21062109 210e2108
3053560 210e2106 210720fb 20ff2107 20fa20fe
3053600 20fb20fc 20fc20f9 210520ff 21052105
3053620 20fb2100 20fd2104 20fe2101 20f620f3
3053640 20f420f7 20fc2101 20fc20fd 20fc20fc
3053660 20f620f1 20f320fb 20fd20f5 20f820f7
3053700 20f520f2 20f120ef 20f220e9 20f420f2
3053720 20eb20f0 20ee20ec 20f420ee 20f820f3
3053740 20ed20ef 20f020f4 20f220f1 20f620f2
3053760 20ea20f2 20f620f5 20f120f1 20ef20f2
3054000 20ea20ea 20eb20f0 20e620f1 20ee20e9
3054020 20e620ea 20ea20ee 20f420f7 20e720f2
3054040 20f320ec 20ef20e7 20ed20ed 20e820ec
3054060 20e020eb 20e620ed 20e420e2 20e720e2
3054100 20dd20dd 20e320e1 20d820e6 20e120e7
3054120 20e320e6 20e720e9 20e720ec 20e520e5
3054140 20e520e2 20e620df 20e620e9 20e420e2
3054160 20e820e7 20e420e8 20e220df 20e020e4
3054200 20dc20e2 20db20e2 20dd20e3 20de20dc
3054220 20e220e2 20e420e8 20e920ed 20e420e7
3054240 20e420e6 20e420df 20dd20e3 20e520e4
3054260 20e420e1 20eb20e0 20df20e0 20e120e2
3054300 20e720e6 20e620ea 20e820de 20d820e0
3054320 20e320e4 20e020e9 20e220e0 20e120e0
3054340 20e220e5 20dd20ec 20df20e0 20db20da
3054360 20e220df 20e020e0 20df20e3 20e220e4
3054400 20e420de 20e820e1 20eb20e5 20ec20ea
3054420 20e620ec 20e720e2 20eb20e6 20e620ef
3054440 20df20e4 20ec20e2 20e620e9 20df20e7
3054460 20e820e1 20e420e4 20e420e5 20e820ea
3054500 20ea20ec 20f320ea 20ef20f8 20f520f5
3054520 20f420f3 20ec20ef 20ed20e9 20ec20ef
3054540 20f220e7 20ef20f2 20f120ed 20f920fd
3054560 20f020f6 20f320f3 20fb20f6 20f920f4
3054600 20f92102 20f820ff 20fd20fd 210620fc
3054620 20fa2103 20fd20fb 20fb20fa 20f820fe
3054640 20fd20f8 20fd20fb 20fd20fc 21002100
3054660 21072109 2106210a 21012104 210d210d
3054700 210e210f 2114210e 21112110 210b2104
3054720 210f210a 210c2109 2114210e 21132115
3054740 210a210d 21092106 21132110 210f2111
3054760 2113210f 2110210b 21122111 211a2118
3055000 2118211a 21122118 2117210d 2113211b
3055020 21152116 21212123 211b211f 2118211d
3055040 211d211d 2117211d 21112117 211f211b
3055060 211a211c 21232121 212d2127 212d2130
3055100 21302129 212a2128 212c2129 212d212f
3055120 21322136 21302131 212b212d 2130212b
3055140 212d212f 212b212f 2133212a 21352137
3055160 21332135 212d2130 212b212f 213a2130
3055200 21332134 21322130 21372135 213c213a
3055220 213a213e 2140213b 213b213b 2139213e
3055240 2135213a 213c213a 21442138 213c2148
3055260 213f213b 21402142 2138213c 21432136
3055300 213e2141 213a2144 21462143 21482146
3055320 214d2149 21462149 21432143 21412142
3055340 21482145 2144213b 214c214d 2149214c
3055360 2154214b 21502151 2144214b 214a2148
3055400 21452145 2149214d 214a2145 214d2148
3055420 214b2147 213f214b 21452149 2143213e
3055440 21492145 2145213c 21422147 21462146
3055460 213d2142 21482145 2153214b 21492152
3055500 214d214a 214d214f 214a214b 21482147
3055520 214d2147 21562156 21582152 214b2157
3055540 214d214e 214e2145 214c214b 214e214a
3055560 2140214d 21482146 214b2150 214b214b
3055600 2152214e 2153214d 21472147 214b214a
3055620 2147214a 21492148 21472144 21442145
3055640 21492152 214b214a 21512155 2155214d
3055660 21552154 21552153 21542150 21532157
3055700 214c2150 214a2150 214b214e 2152214e
3055720 214b2149 2151214d 214b2154 21422146
3055740 21432149 2146213f 21492142 213f2142
3055760 21482145 21442151 2157214e 21492150
3056000 214c214c 214a214d 2152214f 21492156
3056020 2151214f 214f214e 21482147 21452147
3056040 21492144 2143213d 21422141 2145214b
3056060 2144214b 21462145 21442147 21412142
3056100 213b2144 2143213b 213e213f 2143214a
3056120 21462147 21472142 214b214c 214f214a
3056140 2150214d 214b2153 2148214a 21402145
3056160 213c2144 213a2141 213c213e 21472140
3056200 213f2144 213e2142 21432145 213d213d
3056220 21382137 21362138 2139213c 2135213f
3056240 21332130 212f212f 2139212f 212f212c
3056260 2135212f 21322138 21322136 21342136
3056300 21312136 21322133 212a212c 21302132
3056320 21302130 21262127 212b2128 21262129
3056340 21252126 212b212c 212c212e 212d212b
3056360 21252129 21202124 21252129 21232125
3056400 21262126 2130212d 212b2132 212c2129
3056420 212b212d 212b212c 211e2123 21232128
3056440 212a2129 21252129 21252129 21202124
3056460 211b211d 211a2123 21222122 212c2129
3056500 2124211c 21222129 211f2122 211f2125
3056520 21252120 21242122 21242126 211f211e
3056540 21242123 21272120 2119211c 211e211c
3056560 211d211c 2121211f 21292121 21252123
3056600 21282124 21262125 21202121 21292127
3056620 21282127 2126212f 212b212d 2128212d
3056640 21282129 212d2127 211f2126 21242121
3056660 21282124 21272128 21232123 21232128
3056700 2133212f 212c212c 21272128 21242130
3056720 21212128 2126212c 212d2128 2125212e
3056740 211e2126 21262120 21222123 21302129
3056760 21172126 2121212c 212c2127 2130212c
3057000 2136212f 21352134 212b2135 21292128
3057020 2129212f 212d2128 212b2131 212a212e
3057040 2129212f 212d212e 212b2128 212d212c
3057060 212e212d 212d2127 21362136 21312132
3057100 21362132 21332136 21362134 21392138
3057120 21372138 213d2137 213e213b 21332136
3057140 21342137 212e2136 21372136 213b2138
3057160 213e213f 2144213f 2145214b 21472144
3057200 2142213f 213c2143 2145214a 21462143
3057220 214d214f 21432145 21402145 2148214d
3057240 21502148 21522149 21482148 21482149
3057260 214a2151 2150214b 214e214a 214b2148
3057300 214d2151 21502153 214e214d 2158214d
3057320 21542158 214f2154 214d2151 21592155
3057340 215d2152 21572158 21542152 21572157
3057360 214f2157 2154214e 214e2152 21522151
3057400 21552158 21592154 21582156 2158215b
3057420 215b215b 215e215c 2162215f 21642159
3057440 215d2162 215c2161 2159215d 215d2159
3057460 21622162 215e2161 216c2172 2167216f
3057500 216e216a 2170216b 2162216f 216d216c
3057520 21702171 216c216c 2168216a 21702165
3057540 216e2170 216d216a 2169216c 216d2167
3057560 21782172 216a2172 21722170 21722179
3057600 2168216f 216f2168 21702172 2178217b
3057620 21722173 21812173 217a217a 21752176
3057640 21712178 21732173 21772174 2178217a
3057660 21722172 217a2175 21762182 216e216c
3057700 2173216f 21722175 2177217a 217f217d
3057720 21802170 2171217f 21752174 216b2178
3057740 21772170 2186217e 21852188 2178217e
3057760 217f2184 2181217d 217b217c 2177217f
3060000 217a217d 21762177 21732175 217b2177
3060020 2181217d 2178217d 21772178 217c217f
3060040 21812182 21862188 21812184 217f217d
3060060 217c217d 21752176 21792177 217b2181
3060100 2177217c 217c2186 2188217f 21812189
3060120 2180217f 21852181 2188217d 21812184
3060140 217c2181 217e217d 217f2179 2173217a
3060160 217b217f 217f2181 217d217e 217d2183
3060200 2184217e 218a218c 2188218b 21852181
3060220 21832183 21822182 218b2189 218a2188
3060240 2184218b 21872185 21882189 218c2183
3060260 2189218a 217d2184 217e217e 21812180
3060300 21872181 21842188 217c2185 21862189
3060320 21862180 2184217d 21832184 217d217f
3060340 2183217e 2188218b 21832188 21822182
3060360 217c217d 2179217d 217a217d 217c217f
3060400 21792183 217d217b 2171217a 21742179
3060420 217b2174 217b217f 21782181 217d2175
3060440 217a217c 2186217f 217b2181 21762177
3060460 21742179 217b2179 217c2174 2176217d
3060500 216f2177 21802178 21822183 b01004c4
3060520 00000f54 0001000a 00010000 03b15d0b
3060540 00000ffc 0001000a 1400003c add01f00
3060560 add01f01 add01f02 add01f03 add01f04
3060600 add01f05 add01f06 add01f07 add01f08
3060620 add01f09 add01f0a add01f0b add01f0c
3060640 add01f0d add01f0e add01f0f add01f10
3060660 add01f11 add01f12 add01f13 add01f14
3060700 add01f15 add01f16 add01f17 add01f18
3060720 add01f19 add01f1a add01f1b add01f1c
3060740 add01f1d add01f1e ff000134 00000020
3060760 00000000 eac98b4f 00000001 deadbeef
3061000 f0000000 eac98b3b 2403e334 00000000
3061020 00000134 00001f48 a0100188 221e213b
3061040 221e2223 22232220 22282220 2223222d
3061060 22222224 22242225 22232228 221f2218
3061100 221e221f 2223221e 2228221f 221d2226
3061120 221f221a 2214221c 221e221e 22212223
3061140 221a221e 2218221c 221b221f 2222221f
3061160 2226221f 22282222 22252226 22272227
3061200 221b221f 221d221b 22222222 221f221b
3061220 221d2221 2223221e 22222226 22252223
3061240 22272226 221b2222 22222222 221f221d
3061260 221b2219 22242220 221b221d 221d2219
3061300 221c2218 221a2217 22192216 22142219
3061320 221b2215 221c221c 22172218 22162216
3061340 220f2211 22092206 220d2210 2211220b
3061360 220e2212 2204220b 2214220b 22132210
3061400 2218220b 22122213 220c2211 22072211
3061420 22092208 220b2209 2205220b 22002201
3061440 22062206 21fe2200 21ff21fa 220621fc
3061460 22002203 21f72200 21f221f6 21f921f9
3061500 21f421fc 21f721f6 218621d6 20e2212d
3061520 207e209f 20522064 2045204d 204a2049
3061540 204f204b 204b2049 20402046 203d2042
3061560 20402040 203e203e 20422042 203b203b
3061600 20342035 20332030 2034203c 2034202e
3061620 2035203e 20302036 20362034 20362035
3061640 20392037 20362035 20322034 20372038
3061660 20352031 20372032 20362035 20352035
3061700 2032203b 20272030 202a202a 20232021
3061720 20252025 2027202d 2035202f 20342030
3061740 202e202f 202c202c 20272029 20252022
3061760 20242022 2020201e 2020201e 2023202b
3062000 20242027 20222021 2025202d 20222028
3062020 20242026 20212024 20302026 202a202e
3062040 202b202f 2027202e 202d202f 2025202a
3062060 202f2028 20222027 20292029 202e2027
3062100 2032202c 2030202f 202a2030 20212028
3062120 201d2026 202b201e 20272028 20292029
3062140 20242024 2026202a 20282025 20242022
3062160 20272028 2028202b 20252027 202d2026
3062200 2027202c 20262025 20292029 2032202a
3062220 2032202b 202b202e 20272026 20272028
3062240 20282025 20292024 20322027 202c2033
3062260 202d2031 20322031 20352034 2033202f
3062300 20362037 20392034 20392038 20352036
3062320 20372037 2030203a 203d2035 203a203c
3062340 20372039 20352038 202f2034 20392038
3062360 20352038 203d2038 2037203a 20312037
3062400 203e2036 203c203c 203f2040 203d203b
3062420 20432047 2042204a 203e2041 2048203f
3062440 203f2041 20402043 2052204b 20542053
3062460 20502050 2048204f 2050204c 204e204a
3062500 2050204f 204f204c 2047204a 20482047
3062520 204d2043 2049204b 2053204d 204c2051
3062540 204c2045 20552056 205a2056 205e205a
3062560 2063205b 20602065 205a2058 205a205b
3062600 20592051 20622060 20682063 2069206a
3062620 206a2069 20632062 206b2071 20642063
3062640 20612063 206a2064 2079206d 20782082
3062660 20772076 20732074 20732073 20762075
3062700 20722071 2073206f 2073206e 207c2078
3062720 207e207a 207e207a 207a2082 2075207d
3062740 20752077 207e2077 207a207b 2073207b
3062760 207c2079 2081207d 20872081 2079207c
3063000 20712080 2079207c 2080207a 207e207f
3063020 207e2082 20852083 207f2082 208f2088
3063040 2084208b 208d2086 208c2090 208b208b
3063060 20882089 208b2082 20812087 208e208e
3063100 208b208d 2092208a 20952089 20942095
3063120 20902092 20902091 2094208f 2094208a
3063140 20932091 208f2096 209e2099 20962094
3063160 209e2093 20982096 20942097 209c2094
3063200 209d209e 20a3209d 2099209a 2099209b
3063220 209e209f 20a1209f 20a020a2 2096209d
3063240 20942096 209b2097 20a0209c 20a820a4
3063260 20ad20a8 20a120ab 20aa20a6 20ad20a8
3063300 20a820a2 20ac20a5 20a620ac 20a120a3
3063320 20ac20a7 20a420a3 20a320a4 20a620a6
3063340 20a920aa 20a320a1 20a420a3 20a320a2
3063360 20a720a4 20ab20a5 20a420a3 20a820a3
3063400 20a3209f 20a520a6 20a720a7 20a720a2
3063420 20ad20b0 20a920a9 20b320ad 20ae20ab
3063440 20aa20ab 20a620a7 20a920a6 20a520a4
3063460 20aa20a6 20b020ad 20ae20ac 20a420ab
3063500 20a920ab 20ae20a4 20aa20ac 20a420a9
3063520 20a820a4 20ac20af 20a620ac 20a620a8
3063540 20a820af 20ac20a4 20aa20ad 20ac20a5
3063560 20b220aa 20af20ae 20a620a2 20a720a5
3063600 20ab20a6 20ab20a9 20a920ab 20a120a6
3063620 209a20a3 209c209f 20a820a6 20a620a8
3063640 20a020a3 20a220a2 209c20a4 209e2097
3063660 209e2099 20a5209b 20a120a5 20a2209f
3063700 20a4209f 20a0209e 209c209b 2097209c
3063720 209920a2 20962095 2090208e 2090208c
3063740 208e2093 20932092 2091208b 2095208f
3063760 209a2097 20932092 209a209d 2094209c
3064000 20952091 2093208e 208f2092 208c208e
3064020 20902092 20972097 20902094 208f2096
3064040 20972097 208e2091 208c208c 2089208b
3064060 208b208d 2093209a 2091208f 208b2086
3064100 2090208f 208e2091 2087208b 2092208b
3064120 20902090 2091208f 20912092 208c2091
3064140 208b208f 20872089 20892088 208b208d
3064160 2085208e 20872088 20882085 208c2084
3064200 2090208a 2087208b 207f2088 2080207b
3064220 20802080 2082207f 20812085 207e2086
3064240 20862088 2088208d 2086208c 20902087
3064260 2084208b 2088207e 208b2089 20892090
3064300 208c2088 20862089 208a2081 2087208a
3064320 20852088 20832084 208b2087 20892086
3064340 20862085 20872085 208e208e 2092208c
3064360 208a208b 208b2088 2089208f 2089208c
3064400 208a2089 208d208c 20842086 20812086
3064420 20812082 208c2088 208d2089 208c208e
3064440 208c2088 2089208a 208d2090 208a208d
3064460 2090208d 208f2089 20912090 20912097
3064500 20972093 20962097 20902090 20872093
3064520 208a2091 2097208a 209c2098 209c209a
3064540 2095209f 20922098 2098208d 209c2095
3064560 20922090 20962097 20902090 20952090
3064600 209b208d 20a0209a 20a020a0 2099209b
3064620 20a2209d 209c20a2 209c2096 20a520a1
3064640 209e209f 209f2099 2097209e 209e209c
3064660 20a220a4 209e209e 209d209d 20a3209d
3064700 20a620a7 20b020af 20b320ae 20a420a3
3064720 20a620a2 20ab20ac 20b020ab 20a620ac
3064740 20a9209e 20a920a6 20ac20ad 20b420b2
3064760 20b020b5 20b320a2 20ae20af 20aa20a7
3065000 20aa20b3 20b220a9 20b120ad 20ae20ad
3065020 20b720b8 20af20b9 20b220b7 20b720b3
3065040 20bb20b7 20bf20bb 20bc20c7 20c120c1
3065060 20bf20bc 20bd20bb 20be20bd 20bf20c1
3065100 20be20c2 20c320b9 20c320c8 20c320ca
3065120 20ca20c8 20c420cd 20c220bf 20c320bf
3065140 20bf20c6 20c620c6 20cf20cc 20d320ce
3065160 20cd20ce 20d520d2 20d220d1 20ce20cc
3065200 20c820c8 20c420c6 20c820c5 20c720cc
3065220 20c820cf 20d320d0 20d220d7 20ce20ca
3065240 20d220d2 20d120cb 20d220cf 20d320cd
3065260 20d020d4 20d320d6 20cb20cc 20d120d0
3065300 20d620d5 20cc20cd 20d220d2 20d620d3
3065320 20cd20d7 20cd20c9 20d320cd 20d120d4
3065340 20d720d7 20d820cd 20d520d7 20d520d5
3065360 20d720d7 20d620d0 20d420d0 20d720d4
3065400 20d720db 20e420df 20e120e0 20e720e1
3065420 20dd20e0 20df20db 20dc20da 20d820dc
3065440 20db20d6 20d420d9 20d320d2 20dd20d9
3065460 20df20dd 20db20dd 20e120e7 20da20d9
3065500 20e820d9 20e220e2 20e320d9 20d620e0
3065520 20d120d4 20dd20d4 20e020dd 20e320df
3065540 20db20dc 20da20da 20e220df 20dc20e3
3065560 20db20d9 20da20d8 20d920d7 20dc20db
3065600 20e420e2 20e720e7 20e520e3 20e620e3
3065620 20e020dc 20e120e4 20e420df 20e220e1
3065640 20e620e8 20e720e7 20e820e5 20e620e0
3065660 20da20da 20db20dc 20de20dc 20e020db
3065700 20e520e5 20e020e3 20e120dc 20e420de
3065720 20e120e3 20d620dc 20de20da 20e220db
3065740 20e620e5 20e420e9 20e720db 20e520ea
3065760 20e420de 20dd20eb 20dd20dc 20e420db
3066000 20e420e4 20dd20e2 20dc20e0 20d920dc
3066020 20da20d6 20da20db 20d820e0 20d720d8
3066040 20d420da 20dd20d7 20ce20cc 20c620cb
3066060 20d020cd 20cd20ce 20ce20d2 20c920c9
3066100 20cc20cb 20ce20d2 20cf20d2 20cd20c7
3066120 20d120c8 20ca20ca 20d120cc 20c320cb
3066140 20c420ba 20be20be 20be20c6 20bb20c3
3066160 20c320bb 20cb20ca 20cb20c8 20c020c4
3066200 20c520c2 20c120bf 20bf20bd 20be20c7
3066220 20b820b9 20c120c3 20bb20bb 20b420c3
3066240 20af20bb 20af20bd 20b120b7 20ba20b5
3066260 20b720b2 20bb20bc 20bb20c6 20b620bf
3066300 20bd20b6 20b620b9 20c120bf 20bf20bd
3066320 20c020c2 20c220c0 20bc20c0 20b920be
3066340 20af20b0 20b420b3 20be20b9 20bc20bc
3066360 20b520b8 20bb20b8 20ba20b7 20ba20b7
3066400 20bd20b8 20bb20bc 20c320bf 20c020bd
3066420 20c120ba 20bd20bf 20b720bc 20bb20be
3066440 20b920b1 20ba20b4 20c120b6 20c320c0
3066460 20be20bf 20c020ba 20bf20c0 20c920bd
3066500 20b820b9 20b220c0 20b420b4 20b620b2
3066520 20b920b5 20be20bf 20bf20c1 20b420c1
3066540 20ba20b6 20b820be 20b520b6 20af20b6
3066560 20b420b6 20b420b4 20bd20af 20b620b6
3066600 20b820b4 20b820bc 20b220b4 20c220b5
3066620 20bd20c0 20c520c6 20c720c4 20c320c1
3066640 20c520bf 20bf20c5 20c420c9 20ca20cc
3066660 20c920d0 20c820c8 20c120c0 20cf20c9
3066700 20cf20c9 20c220c8 20cc20c6 20cd20c7
3066720 20d420cb 20c420c4 20d020cb 20c820c9
3066740 20d120d4 20d620d0 20d620db 20d920d7
3066760 20dd20d2 20db20d6 20e220de 20de20e0
3067000 20df20e5 20e120e1 20e020de 20e320e3
3067020 20dc20e3 20d920e2 20e720dc 20e220e3
3067040 20e320e1 20e220ed 20df20dc 20ec20e3
3067060 20f020ed 20f020ea 20e520ea 20ef20e2
3067100 20e920ec 20ed20eb 20ed20ed 20f220ee
3067120 20ee20ec 20f020f0 20fc20fd 20fc20fa
3067140 20fe20fb 21042100 20fe20fc 20fd20f9
3067160 20f820fe 20fb2101 20f72104 20f920f1
3067200 210720f7 20f820fa 210020fd 210220f5
3067220 210220fb 210820fe 21082108 2107210b
3067240 21032105 21052108 210320fe 21072109
3067260 21022107 21032107 21052103 21082108
3067300 2111210b 210d2115 210c2112 210a2103
3067320 2109210a 210f210b 210f2112 2113210e
3067340 211d2112 21172119 21122114 210d2115
3067360 210e2106 210f210a 2117210e 21142117
3067400 21122115 21142111 21152115 211b2114
3067420 211c211f 2125211c 211b2124 2118211d
3067440 21202118 210e2115 21202115 2120211c
3067460 2121211d 211e2121 211c211e 21292122
3067500 21222127 211f2122 211f2120 2127211f
3067520 21292128 2123211c 212e212a 21272129
3067540 21202126 2125212a 21252123 21212127
3067560 21242128 21292130 212a2125 21242129
3067600 2121211c 21242126 21262122 21282128
3067620 212f2129 21282129 212e212a 2131212e
3067640 2134213d 2128212b 212b212c 2127212f
3067660 21282127 212f212c 212a2131 212c212f
3067700 2134212f 212a212a 212a2130 212c2129
3067720 2136212d 212d212f 21272130 2126212f
3067740 212a2125 212d212d 2128212b 212b212c
3067760 2128212b 212d211f 2134212c 21342132
3070000 21302133 2129212c 21282126 2127212c
3070020 212b212d 21232126 212e212d 2130212c
3070040 21302127 212a212e 212b2128 2120212e
3070060 212b2128 212d2129 212b2127 2129212d
3070100 2132212d 212a2129 212c2126 2128212b
3070120 212e2133 212d212d 2126212b 21282127
3070140 211e2128 211c2120 212a211a 21202127
3070160 212e2123 21232124 211b2120 21292119
3070200 212b2120 212f2129 21292123 211f2123
3070220 211e2123 211b211d 211a2115 211e211c
3070240 21222124 211c211e 21132119 21142114
3070260 211b2119 211a2119 2112211d 21182116
3070300 21192116 2119211c 211a2117 21182112
3070320 21112114 21162112 21162113 210e210d
3070340 2105210b 2114210b 21132115 210f2112
3070360 210e2115 21022108 210b2102 2110210b
3070400 210a210e 2104210b 21092103 2104210e
3070420 210a2101 21062105 210b2103 21062107
3070440 210220fe 20f920fd 20f620fb 20f220f9
3070460 20f920f8 20fd20f8 20ff20f7 20f820fa
3070500 20fd20f6 20fd20f8 210020f8 21022100
3070520 20f920f7 20fa20f4 20fa20f7 20f920f8
3070540 20f520f7 20f620fb 20f320ee 20f120f1
3070560 20ef20f0 20ee20e8 20f420ef 20e920ee
3070600 20f120ea 20f020ef 20f320ed 20f020ed
3070620 20f020ed 20f220f3 20f420f2 20f220f5
3070640 20f620f6 210020f4 20ed20f7 20f420ed
3070660 20ec20ed 20ee20f2 20e320ec 20f720f9
3070700 20ed20ef 20e820ee 20ea20ef 20e620ec
3070720 20ef20f1 20ea20ef 20f620ee 20f520f4
3070740 20f020f5 20eb20f2 20f420f0 20f720ec
3070760 20f120f5 20f720f3 20ec20f5 20f020f3
3071000 20f620f1 20fb20fd 20fb20f7 20f320f4
3071020 20fb20f8 20ff20fb 20f52101 20f120f7
3071040 20f720f5 20f320f4 20f020eb 20f320f3
3071060 20fb20fa 20fd20fe 20f820fc 20f620f8
3071100 20f820f9 20fc20fa 20f420fb 20f220f5
3071120 20f820f4 210020f8 20fb20ff 20fa20ff
3071140 20fa20f5 20fb20fa 20fb20fb 20f420fc
3071160 20fa20f9 20f620f8 210020fd 20fc2105
3071200 21002102 210220fd 210e2105 210d2103
3071220 210a2108 21072108 210d210c 21142110
3071240 210f210e 210b210d 2115211c 211e2119
3071260 2120211a 211b211c 210f2117 211a2112
3071300 21172117 2111211a 211b2118 21192116
3071320 2114211a 2120211a 21212120 2127211b
3071340 21172120 21152115 21162119 211f211e
3071360 2122211e 21232121 21172122 21262129
3071400 2125211e 21292127 21252125 211f2124
3071420 21282129 212c2129 212a212b 212e2128
3071440 212c2129 2133212f 2131212d 21332131
3071460 212c212d 2128212e 2137212c 21372133
3071500 213d2138 21362135 21302137 21342137
3071520 2143213e 21412138 213b2139 21372136
3071540 21392142 2140213a 21432144 2142213d
3071560 21452142 213f2146 21442145 21432142
3071600 2142213f 21462147 2148214e 214b214e
3071620 2149214b 2153214e 214e214c 21522151
3071640 21472152 214d2141 2148214b 21492149
3071660 21492152 21522150 21532151 21562159
3071700 214c2152 21502159 21512153 214d214c
3071720 214f2154 21512152 214d215a 214f214e
3071740 214f2148 2150214d 214c214e 21502156
3071760 21502154 21552151 21532151 214d2153
3072000 21562152 21582157 215d215f 215f215e
3072020 21592160 2159215d 215b2158 21562155
3072040 2156215c 21582155 21592161 215c2162
3072060 21622160 215c2165 2163215f 21692165
3072100 21562163 215f2161 21682167 2163216a
3072120 216d2168 215d2165 2163215b 21632166
3072140 216a216b 21672163 21682168 2167216a
3072160 21622167 21632167 21652160 21642164
3072200 21682163 21632161 216f216a 21722175
3072220 216f216f 21732169 216d216c 216f2170
3072240 21712174 21762177 2176216f 21752172
3072260 2162216b 2170216b 21632164 21632162
3072300 21672166 216e2171 2178216d 216c216c
3072320 21682161 21682166 21632167 21662169
3072340 21682166 216a2162 21632161 2156215b
3072360 2164215b 21662167 216d2169 216b2169
3072400 215e2163 21642164 2164215f 21662164
3072420 21602167 215d215f 215d2163 21602166
3072440 21672161 215f2164 215c2164 21652161
3072460 215e215c 2165215c 2165216a 215b215c
3072500 21652163 215e215f 21622166 215b2166
3072520 21562156 2153214f 215a214f 21632157
3072540 2160215f 215c2156 215e215f 21572158
3072560 21582160 214f214d 2145214d 214a2147
3072600 214c2149 2151214e 2150214f 21442148
3072620 21462140 2141214d 2146213a 21432142
3072640 21452141 21472145 2141214d 21402144
3072660 2144213f 21492149 214d214f 214c2149
3072700 21442146 213f2143 213a213c 21402147
3072720 2135213d 213e213a 21362138 2135213c
3072740 2143213a 213d213d 213c2138 213a213c
3072760 213e213d 2139213e 21312139 2131212c
3073000 212e2132 21312134 21362132 21312132
3073020 2133212f 21352139 21362137 21342139
3073040 2133213a 212e2130 212c212a 212e2135
3073060 212d2130 212e2134 21332129 2130212f
3073100 2130212c 212b2134 2123212b 2127211f
3073120 21232125 211f2129 21232128 21282127
3073140 2129212a 21282125 212b2123 212a2123
3073160 212c212b 21262128 21232124 212f2126
3073200 2123212d 21232128 21262123 21292126
3073220 212a2126 212b212b 21202127 2120211d
3073240 211e2121 21212120 21272122 21222121
3073260 212d2122 212a212c 2128212d 212d212b
3073300 2131212d 2132212b 2127212c 2127212a
3073320 212c2130 212b2135 2123212f 212b2125
3073340 21232128 21212124 21282127 2126212f
3073360 212a212d 2126212b 21342128 212e2128
3073400 212d2129 212f2129 212e212f 212b212c
3073420 212e212c 2138212c 2136213a 21352139
3073440 212e212c 212e2130 2132212a 212b212f
3073460 212d2128 21322130 213b2138 21342134
3073500 213a2135 2138213a 21402142 2139213e
3073520 213e2139 2140213f 213f2141 213b2144
3073540 2138213f 2145213c 213c2141 213e2143
3073560 213b2146 213a213a 213c213d 21422138
3073600 213b2136 2141213d 21462148 21532146
3073620 214a2146 21452149 21422147 21462147
3073640 214e2143 214f2144 2152214e 214d2151
3073660 2154214e 214c2150 214e214a 214d214d
3073700 2151214a 214f214e 2153214e 214e214c
3073720 21532153 21542151 2150214d 214e2149
3073740 214d214c 214a2151 214e214d 214e2152
3073760 21562154 215d2157 2157215f 215f215f
3074000 215c215b 21572153 21532152 21562157
3074020 215c2157 21562153 2160215a 21592157
3074040 21522155 2168215e 215b2163 21682162
3074060 21602163 215f2163 215f2165 21662160
3074100 216a215e 21682166 2166216b 21682171
3074120 21582163 215c2158 21612164 2161215f
3074140 2167215f 216b216d 2161216a 2164215e
3074160 21602164 216a2169 21682160 216a2163
3074200 216a216c 21612166 2160216d 2168215f
3074220 2165216b 21612161 216d216b 216e2168
3074240 2169216c 216c216a 216e2172 21712170
3074260 21712169 21712172 2171216f 21772173
3074300 217c217c 217d2180 216c217a 2174216b
3074320 216b2172 217a2170 217b217a 21752175
3074340 217d2178 2182217d 217c217e 217f217c
3074360 2178217c 217a2178 21762172 216e2173
3074400 21722178 21762174 21782170 216f2170
3074420 216e216d 2169216b 216a2168 21712173
3074440 21772178 2173217a 21812179 217a2179
3074460 21782177 21792176 217e2177 217e217e
3074500 217f217d 218a2184 21892182 21852188
3074520 21822185 2176217f 217d2176 2184217e
3074540 21852181 218a2186 2183217d 217a2179
3074560 217f2182 21782181 2174217d 2179217a
3074600 2182217f 2179217f 2179217c 217a217d
3074620 21742174 217e2177 2178217f 217a2173
3074640 217b2182 2180217d 217e2180 2180217d
3074660 21842180 21862181 217e2181 21832178
3074700 21782182 2177217e 21772177 217a2172
3074720 21752177 21732176 21772173 21772177
3074740 21702170 217c2178 21702175 216f216b
3074760 217c2177 21752178 217b2179 21732179
3075000 216c2176 2165216b 21642162 216e216a
3075020 2173216a 2168216c 216e216b 21672172
3075040 21692169 21642169 21612167 21622164
3075060 21652169 216c2162 21672165 216c216c
3075100 216c2172 21662162 21672160 21662164
3075120 216d2167 21672169 2162215a 2169216b
3075140 21612164 21622160 2167216d 21672166
3075160 216a216b 2166216a 21632165 2160215b
3075200 21612165 21672166 216a216c 21672166
3075220 21692165 2164216a 216b2163 21642164
3075240 21672160 215e2169 21682162 216c215d
3075260 21662160 21622164 215c215a 21602164
3075300 2165215c 21612162 215b2163 2162215e
3075320 216a2165 21662167 21602166 215e2159
3075340 21642166 21692166 21662166 21612167
3075360 2165215f 21662165 216a2166 21682161
3075400 215f2161 21692166 2164216b 216a216a
3075420 21692164 215e2163 2162215e 21662168
3075440 21662160 21652160 21642169 2165216f
3075460 21692169 216c216a 216b2168 2168216e
3075500 2170216c 21702169 216b2173 216c216b
3075520 216f2169 2165216b 216f2170 216d2169
3075540 21692167 216c2169 21642171 216d2173
3075560 21712171 2172216f 216d2166 2169216d
3075600 21712172 21712170 21722173 21702171
3075620 21722177 2170217a 216e216e 21772171
3075640 21732172 21712174 2177217a 217d217a
3075660 217b2178 217e217b 2177217f 217d2179
3075700 217c217a 21772179 2177217d 21702178
3075720 217b2177 217e217c 21842185 218b2186
3075740 2186218c 218f218b 218c218c 218b218a
3075760 218a218b 2189218d 2187218b 21822187
3076000 21782181 218e217d 21832186 2183217f
3076020 21862184 21852181 2189218d 21842189
3076040 2189218b 2188218a 218e2187 218d2184
3076060 21872183 21872188 218a2189 218e2189
3076100 218e218b 21902190 219a2197 21982191
3076120 2194218e 218e218f 21942196 21922195
3076140 218e2188 21912187 2190218c 2193218c
3076160 218d2196 218c218c 21882184 218c218a
3076200 21932190 21992198 21892190 218e218a
3076220 218f2190 218f2191 2188218b 2191218c
3076240 218e217f 21942193 21902199 219d2196
3076260 21962197 21932193 2192218d 21902196
3076300 2195219a 218e2196 219d2193 219c219b
3076320 219d219e 2198219c 21932192 21982196
3076340 21952194 21972193 219e219a 21962198
3076360 21942192 21942194 218c218e 2193219b
3076400 218d218f 21952192 21932199 21892190
3076420 218c218c 21882189 218f218a 219c2197
3076440 2196219d 21a321a0 219b21a1 21952198
3076460 21922194 219e2198 219b2197 21922197
3076500 21922194 21952199 219d2199 219c219d
3076520 219d219b 21932195 21942197 218f2197
3076540 21972196 21942196 219a2191 21922197
3076560 2198219d 219d219a 21972196 21962198
3076600 21952195 219c2194 21a0219e 21962199
3076620 219e2195 2193219a 218c2196 2193218f
3076640 218d2188 2193218e 218c2190 219e2196
3076660 21a4219d 219f219b 219a219b 218e2192
3076700 21902196 21912190 21902190 218c218a
3076720 2187218e 218e218f 218e218e 21862192
3076740 218d2186 21862186 21822186 2192218d
3076760 2187218f 21892180 21832184 2185217d
3077000 218a218b 2193218b 2192218c 2190218b
3077020 218c218c 218e218e 21902191 2192218c
3077040 218f2192 218b218e 2183218c 21872186
3077060 218c2187 21892184 218f218a 2188218a
3077100 21862182 2187217d 21902184 2182218b
3077120 217f2181 21792179 21792175 2181217a
3077140 217e217f 21812179 217c2184 2183217b
3077160 21812183 217f2182 21852181 217f217f
3077200 2188217a 218d2180 21832185 217b2183
3077220 2176217b 216e2175 217b217d 21722171
3077240 21762176 217b2172 21782173 2179217b
3077260 217a217e 21762178 217a2178 217a2174
3077300 2178217e 217d217d 2180217f 217b217c
3077320 217e217b 21822175 2175217e 217a217c
3077340 2174217b 2173216d 216e216e 216c2179
3077360 2170217d 216c2176 216f2174 21742175
3077400 217b2173 2172217f 21772177 21772173
3077420 21782172 21712176 21722171 21752174
3077440 21712174 216f216f 216f216d 21752171
3077460 21752178 216f2172 217b2173 21722179
3077500 21772177 21732170 21792177 21832173
3077520 21792188 217a217e 21722176 217b2178
3077540 217c217a 2177217c 2187217e 217a217c
3077560 217f217c 217f2182 217f2184 21882184
3077600 21872188 21822182 217b217c 217f217a
3077620 21772180 217c217d 2185217f 217f2182
3077640 2181218a 21822186 21852188 2193218b
3077660 218f218c 218d218f 218a2193 2184218b
3077700 218c2182 21832189 218a2184 21902186
3077720 2190218e 218e2190 218a2188 2186218d
3077740 2198218d 218c218a 2194218e 21902191
3077760 21982194 21932194 21922193 2198218d
3100000 00003fe8 0001000a 01003fe8 000afe4f
3100020 00000004 00000000 63e50c73 0000003d
3100040 00000001 00001004 00003fe8 00000000
3100060 00001004 0001000a 00010000 03b16048
3100100 00000ffc 0001000a 1400003c add01f00
3100120 add01f01 add01f02 add01f03 add01f04
3100140 add01f05 add01f06 add01f07 add01f08
3100160 add01f09 add01f0a add01f0b add01f0c
3100200 add01f0d add01f0e add01f0f add01f10
3100220 add01f11 add01f12 add01f13 add01f14
3100240 add01f15 add01f16 add01f17 add01f18
3100260 add01f19 add01f1a add01f1b add01f1c
3100300 add01f1d add01f1e ff000134 00000020
3100320 00000002 c88838e5 00000001 deadbeef
3100340 f0000002 c88838d1 3f014668 00000000
3100360 00000134 00001f48 a01104c5 21f02174
3100400 21f221f1 21f321f5 21ef21fa 21f321e7
3100420 21ed21eb 21e821ec 21e521ed 21e921e5
3100440 21e821e8 21ec21e1 21e821ea 21e721e6
3100460 21e921f2 21f121e9 21f021ea 21ee21ea
3100500 21e921e7 21ea21eb 21e621e4 21f221e8
3100520 21e721ef 21f021ea 21f021f2 21ec21ed
3100540 21e421e7 21e321e9 21e321e0 21f121e8
3100560 21f321ef 21ea21eb 21ec21e3 21e921ea
3100600 21ef21f0 21e721ec 21eb21e0 21ec21ed
3100620 21ee21f5 21e321f3 21ec21e6 21dd21dd
3100640 21e421da 21e521e7 21e521e5 21e721e6
3100660 21ea21e8 21f021ee 21e821f1 21e921f3
3100700 21ed21ea 21ea21e7 21e321e9 21e421e5
3100720 21df21dc 21e321e5 21e721eb 21e421e9
3100740 21e221e2 21eb21e9 21ec21eb 21f021f3
3100760 21ea21f1 21ec21eb 21ea21ea 21ea21f2
3101000 21ea21e6 21e521e5 21ec21e4 21ec21e9
3101020 21eb21e9 21f521ec 21e721ea 21f021eb
3101040 21eb21e7 21ec21f3 21cd21de 21a121ba
3101060 217e2191 21732178 2178216d 21772176
3101100 2173216d 21722178 21702174 2169216c
3101120 2173216f 21702170 216d216e 2172216b
3101140 216f2167 2173216b 216e2171 21762174
3101160 21782179 21702173 21712170 216e2173
3101200 216d216e 2170217b 2172216f 216a216d
3101220 216e2169 216e216e 216e2174 21722171
3101240 2173216d 217b217a 21782177 217e217b
3101260 21712170 21782179 21782170 21762179
3101300 21792175 217b2179 21762174 2172216f
3101320 21702171 21712174 21772177 2178217a
3101340 217a216e 217b2182 217c217a 2178217a
3101360 2170217a 2176217b 21772175 21762174
3101400 217a217b 21792176 217a2175 21852181
3101420 21782179 21782179 21802179 21812181
3101440 217d217a 21802176 21822183 2175217d
3101460 217a2178 217c217d 217a217f 217d2173
3101500 217b2173 2184217f 21832185 217d2181
3101520 21832181 217e217f 2179217d 21842181
3101540 217c2180 21782176 2181217d 21802180
3101560 2179217c 21802180 217a217e 2187217b
3101600 2186217e 21842186 21802179 2178217e
3101620 217a2176 2180217a 217e217c 21812189
3101640 21892189 217f2177 21722179 217b217b
3101660 217f2186 217f217f 218b217e 2185217f
3101700 217f217f 21812181 21822182 2188217e
3101720 21852187 21842182 21852182 217c217f
3101740 21742178 217e2171 217c2182 217f217e
3101760 2187217e 21852183 21842182 217e217f
3102000 21802181 21842184 21792182 2180217b
3102020 217e2183 217e2182 21832182 2182217f
3102040 21862182 217f217f 217c2183 21882188
3102060 217f2183 218a217d 21772182 21772181
3102100 2183217d 217d217b 217c217e 2177217b
3102120 217e217b 217f218b 217f2183 217b217e
3102140 2179217e 217c217c 217b217e 217a217c
3102160 21802179 217a217d 217d2180 21822182
3102200 2181217d 2178217a 217e217b 217f217e
3102220 217a217f 2184217d 2179217b 2177217a
3102240 21752178 217a2175 2187217d 2185218a
3102260 2177217c 2173217b 21772177 217c2179
3102300 217d2178 2179217c 21722178 21742183
3102320 21752173 2178217a 21752174 217c217d
3102340 2176217f 21772176 21782176 2175217b
3102360 21792178 217a217b 2185217f 21752176
3102400 2177217b 21702175 21752175 21762172
3102420 2174216e 21772179 2177217c 21722179
3102440 216f2170 216b2171 2170216d 216c216e
3102460 21712170 21752170 217a2177 216e2172
3102500 216e2171 21722171 21762170 216f2173
3102520 216c2167 21742170 216e216c 21702173
3102540 216e2169 216c216a 216e2170 215d2162
3102560 21602163 216b2168 2163216a 216c216e
3102600 216b216f 21692167 216a216c 2163216f
3102620 216f216b 216e2175 2177216f 216d216b
3102640 216d2174 216d2170 216b2171 21722170
3102660 216b216f 216d216f 21712165 215e2168
3102700 216a2166 21692166 2167216e 21682166
3102720 216c216e 2170216b 216d2168 216e216a
3102740 216f216f 216c2171 21702173 2171216c
3102760 216f216e 2173216a 21672172 216f2168
3103000 216c2171 21672170 2170216d 216f216c
3103020 217c2170 21802176 216b2179 216e216f
3103040 216d216c 216e2169 21702171 21762170
3103060 21752178 217c2173 21802179 216e2176
3103100 21762175 216d2179 21752170 217e217e
3103120 21772179 21722179 2174217a 217c217f
3103140 2182217a 217c2184 21832181 217d2183
3103160 2180217c 217f2177 21792177 217d217b
3103200 217f217d 217f217a 21852184 2185217d
3103220 217f2180 21852185 21802180 21852188
3103240 21852188 21832185 218a218a 2186218b
3103260 21872187 218f2180 2189218a 218e2187
3103300 21902188 219a218d 2187218c 2188218f
3103320 2189218f 2187218d 21882185 21872182
3103340 2188218e 218d2190 218e218a 218a218d
3103360 218b2187 21932196 21962192 21932196
3103400 218f218f 2194219a 219b219e 2199219a
3103420 219b2194 21982190 21972198 21932196
3103440 21962194 21952195 21922197 2196219f
3103460 21942195 21962198 2195219d 21972194
3103500 219a2198 2197219d 2197219b 219e219a
3103520 219e2197 218e2195 218c2188 219c2198
3103540 219d219d 21a32197 219621a4 21982197
3103560 21982198 21982194 219b2197 21a3219e
3103600 21a121a3 21a121a4 21a421a3 219d219f
3103620 21ac21ac 219e21a4 21ab21a7 21a421aa
3103640 21a1219f 219c219e 219c219c 219d219c
3103660 219c21a2 219c219c 21a4219b 2198219c
3103700 219a2198 219a2193 219b2197 2199219e
3103720 219d219c 2197219b 219b21a1 219a2198
3103740 219e2198 219c21a0 21a3219d 219a219f
3103760 219c2199 219e219e 219f219e 219a21a1
3104000 219d2197 21982195 21972198 21962192
3104020 2194219e 21902195 21942192 219b219f
3104040 21a1219c 219e21a3 219d2199 219a2193
3104060 219b219d 21982199 21982194 21952196
3104100 218b218d 2199218f 21962195 21932194
3104120 2199218e 2199218d 21962194 2190218e
3104140 21902197 219d2194 21a1219d 219c21a0
3104160 21a0219d 219a219a 21972197 21912192
3104200 219b2195 21922199 21952198 219e2198
3104220 21992193 21932197 21932194 219a2194
3104240 21992197 21932193 218c2196 218d2187
3104260 21952195 2192218e 21932197 21912196
3104300 218e218b 21902191 2192218f 21972198
3104320 21942199 218b218f 21952196 2194219b
3104340 21972199 218d2191 21912191 21962194
3104360 21972197 2194218c 2192218e 218d218f
3104400 218a218e 218d2189 21912190 2185218c
3104420 21872183 218b218f 2189218b 21942189
3104440 21932190 218f2190 218f218b 218d218c
3104460 21952194 21912190 21872186 21882190
3104500 21872188 2184217e 2182217d 21842184
3104520 218e218e 21812183 218d2183 21862183
3104540 21852183 2184218a 218c2183 2189218a
3104560 217d2185 2185217a 2184218a 217d2183
3104600 2177217b 21752176 217c2174 21792180
3104620 217b217e 217b2176 2181217e 2181217e
3104640 217c217c 21732172 21732173 21782178
3104660 2172216e 21792178 21762176 2177217a
3104700 21752175 21712175 217a2178 21712174
3104720 21752174 21752178 2171216f 216c216f
3104740 216e2171 216f2164 2169216d 21782174
3104760 216d2173 2172216b 21722175 2171216a
3105000 216c216a 2166216f 217d2171 21712176
3105020 21752171 216e2174 216d216e 2166216b
3105040 216b2163 216d2169 216b216c 21752171
3105060 2178216d 21722173 216c216c 21702170
3105100 21692167 216a216a 216e216a 216e216f
3105120 21772175 2174217a 2171216f 21782171
3105140 21742174 21722173 21722175 21712170
3105160 216f216e 216f2171 216e2170 2170216e
3105200 21712175 2176216e 21702175 216e2170
3105220 21772176 2180217d 21852183 21762178
3105240 21732179 216b2171 216f216a 217d2175
3105260 21792175 21742176 217f2177 217c217f
3105300 21832177 2182217d 217d2182 21802185
3105320 2186218c 21832182 2186217f 2186217e
3105340 218a2187 2184218a 21892186 21912194
3105360 218b2190 21842188 21882185 218b2184
3105400 2186218b 21872187 218f2197 21972198
3105420 21922191 218b218a 21822187 2188218a
3105440 21832183 218c2184 2191218e 218b218d
3105460 2191218c 218c218b 218b218e 21832189
3105500 21842181 218b2190 218f2190 2196218d
3105520 218d2199 219c2194 219a219b 21972194
3105540 219a2196 21972197 2194218d 21962198
3105560 21a32196 21a4219e 21aa21a6 219b21a1
3105600 21a221a0 21a7219d 21a521a2 21a121a5
3105620 219f21a0 21a621a5 21a121a5 21af21a4
3105640 21a321a5 21a2219e 21b521a5 21b321b3
3105660 21a621a6 21a921a5 21a621a6 21a521a7
3105700 21ac21aa 21a721a5 21a121a5 219c21a3
3105720 21a321a9 21ab21a1 21ae21b0 21b621b0
3105740 21b121b1 21bb21b6 21b421b0 21b621b4
3105760 21b621b4 21b321b8 21b421ba 21b421b6
3106000 21aa21b3 21ad21a7 21aa21ac 21b021af
3106020 21b221ab 21b921ac 21b621b3 21b821b5
3106040 21bb21b6 21bb21b9 21b921b8 21bf21ba
3106060 21be21bf 21b521bf 21ba21ba 21b321b6
3106100 21be21ba 21bb21bd 21c021bd 21bf21c7
3106120 21c021bc 21bf21b9 21bb21c3 21ba21c1
3106140 21c021bf 21bd21bf 21ba21bc 21bb21b8
3106160 21be21be 21b921c0 21be21b6 21b721b4
3106200 21c121c0 21c221be 21bc21c1 21bc21ba
3106220 21b021ba 21b821bd 21bd21b8 21be21b4
3106240 21b921bc 21b621b3 21bf21bd 21c021bb
3106260 21bd21b5 21c321c0 21c421c2 21bd21c5
3106300 21bd21c3 21bd21c0 21c221b9 21ba21be
3106320 21c821c9 21ba21c2 21c021b5 21bf21b9
3106340 21c321c1 21c121c5 21c221c1 21c321bd
3106360 21bc21b8 21ba21bd 21ae21af 21b721b7
3106400 21ba21b6 21b821bb 21bd21b4 21b421bc
3106420 21b821b8 21b921bc 21b821c0 21ba21c0
3106440 21c021c2 21b721bb 21ba21b8 21c221bd
3106460 21bc21c2 21c121bb 21b221b1 21b721b1
3106500 21bd21b8 21b821b8 21be21b7 21b621ba
3106520 21b721b6 21b921b6 21bd21b7 21bc21b8
3106540 21b321b9 21be21b8 21bb21bd 21b921b7
3106560 21b221b9 21b221b4 21b521b3 21b521b6
3106600 21b621b2 21b221b2 21b921b6 21bb21ba
3106620 21b721bb 21bc21b0 21b321b2 21b021b4
3106640 21b521b5 21b621b8 21af21b5 21b321b0
3106660 21aa21b1 21b021a7 21ac21af 21ac21ac
3106700 21b221b0 21b321b2 21b821b3 21bc21b8
3106720 21bc21b8 21a621ac 21af21af 21ab21a7
3106740 21b221b3 21af21ba 21b321af 21a721b0
3106760 21ad21ae 21ac21ad 21a921a8 21a821a9
3107000 21ad21ab 21ae21b0 21a921a9 21ab21a7
3107020 21a621a7 21a721a2 21a421a7 21ae21aa
3107040 21a521a6 21a4219f 21ab21a3 21a621a7
3107060 21ab21a7 21a621a1 21a221aa 219f21a3
3107100 219e21a4 219d219e 21a121a0 2196219d
3107120 21992199 219d2197 219a2195 21a1219b
3107140 2198219d 219c219e 2198219b 21a12199
3107160 219c219c 219b219e 219e219a 2198219e
3107200 219d2196 2193219b 2193219e 2194219f
3107220 21922194 219a218f 21932198 2193218e
3107240 219721a3 21992192 21912195 218d2190
3107260 218c2191 218d2192 21932193 21922198
3107300 218f2193 218d218f 218d218d 2189218f
3107320 2194218d 218f2190 218e2191 218c218c
3107340 2190218c 218f2189 218d218e 218f2190
3107360 21892196 21952188 21932190 21902193
3107400 21942195 2195218f 21912199 2190219c
3107420 218e2194 2194218f 21982197 217e2198
3107440 219c2187 21872190 21872187 2195218f
3107460 21922194 21942198 21982193 21942191
3107500 219c2198 21a02198 21992198 219b2193
3107520 219a219f 219621a4 21992194 21902190
3107540 218f2195 219a2193 21982197 219d2199
3107560 219f219c 219a2196 2196219e 21912197
3107600 21952192 219c2192 21992199 219c219f
3107620 219d219f 21a3219b 21a521a7 219e21a0
3107640 21a3219d 21a621a9 219b219d 21a3219d
3107660 219f21a1 21a5219f 21a221a3 21a221a1
3107700 21a321a1 21a221a6 21972198 219e21a4
3107720 21a7219e 21b321a4 21a921af 219c21a8
3107740 21a121a2 219e219c 21a421a3 21aa219a
3107760 21aa21a4 21b321b3 21b121b0 21af21ab
3110000 21ad21a6 21b421b1 21b121b7 21b221b2
3110020 21b521ad 21aa21a4 21a821ad 21b321b0
3110040 21ac21ab 21b021a9 21af21ad 21b021b2
3110060 21b921bb 21ab21b9 21b321b4 21b321b1
3110100 21ae21b3 21bb21b5 21b721b8 21b221b2
3110120 21b221b5 21ad21ae 21af21ae 21b421b0
3110140 21ba21b5 21ba21b1 21b021b6 21be21b8
3110160 21ae21b9 21be21b4 21c221b8 21b421b7
3110200 21b621bb 21b921b8 21be21b6 21bb21b8
3110220 21bf21b8 21be21c3 21b921bd 21bf21ba
3110240 21bd21ba 21c321c2 21c421c8 21bb21c3
3110260 21bd21b8 21c321bf 21c321c1 21c421c8
3110300 21c121bd 21c421bf 21c921c5 21cc21cd
3110320 21cc21cb 21cd21c8 21cc21c8 21c021cb
3110340 21b721c7 21c421c3 21c821c2 21c921c5
3110360 21cf21ca 21c821cc 21d221cf 21d021ce
3110400 21cc21c7 21c021c1 21be21b9 21c721c0
3110420 21c121c9 21c821bf 21bf21c3 21bd21c1
3110440 21c121c0 21c421bd 21bc21bb 21c521bd
3110460 21c621c5 21ca21c4 21c621c9 21be21c5
3110500 21bc21c2 21c321c7 21c521ca 21cb21ce
3110520 21cb21cb 21c521c8 21c421cb 21ce21cd
3110540 21c621c7 21c921c2 21ce21c8 21c721cf
3110560 21ce21cf 21bc21cc 21c621bd 21c621c5
3110600 21c921cb 21c521c4 21d021cb 21d521d0
3110620 21ce21d1 21c721ca 21c521cd 21cb21c3
3110640 21cd21c9 21c821ce 21cb21cd 21d021d4
3110660 21d121d3 21d621c6 21d621da 21ce21cb
3110700 21cc21d4 21d221c8 21cb21ca 21c921cd
3110720 21c421c6 21cc21d2 21cc21cb 21c321c1
3110740 21ca21bb 21c621c8 21ce21cd 21ca21bf
3110760 21cb21c4 21c721c5 21cc21cb 21ce21cb
3111000 21d021cb 21c521c5 21c621c9 21cc21d1
3111020 21cb21cf 21c921ca 21c421c1 21cc21c8
3111040 21cd21d3 21c921d1 21c721c9 21ce21c5
3111060 21c721c6 21c921c6 21c921ce 21cb21ce
3111100 21d021cd 21cd21c7 21c921ca 21cb21cb
3111120 21c721c9 21c221cc 21d021cc 21ba21c4
3111140 21ca21c4 21c721c6 21cf21bf 21cc21c9
3111160 21cb21cb 21c921cd 21c821c5 21cf21c3
3111200 21c821ce 21cc21ce 21cd21cf 21c121c3
3111220 21c121b7 21bb21bf 21c021c3 21c221c2
3111240 21bd21c3 21c121ba 21bf21c7 21c721c7
3111260 21c721c8 21c621ce 21cd21c2 21c721bc
3111300 21c521c1 21cb21c9 21ce21c6 21bd21c6
3111320 21c121c3 21bf21ba 21bf21bc 21bd21bf
3111340 21c121be 21bd21c2 21bc21be 21bf21c2
3111360 21b721bb 21b221b0 21b521b2 21b921bd
3111400 21af21af 21b821ba 21b321b3 21ba21ba
3111420 21b721bb 21bb21bd 21b521b6 21b421b6
3111440 21b421af 21a721b3 21bb21b4 21b721b6
3111460 21b721b6 21b721b0 21b121b4 21b721b7
3111500 21b821b8 21b521b2 21ac21b1 21a921ae
3111520 21b221b3 21af21ac 21b121af 21b221ad
3111540 21b421b6 21ad21b2 21ac21b3 21af21ab
3111560 21b321ba 21b321b1 21ad21b3 21b821b0
3111600 21ab21ae 21a921aa 21a521a9 21af21af
3111620 21ab21ac 21b921b0 21b621b5 21af21b1
3111640 21af21ac 21b721b4 21b921b1 21ba21be
3111660 21af21b8 21b121ad 21ae21b2 21ae21aa
3111700 21ab21a0 21b121a5 21ab21b1 21aa21ac
3111720 21aa21a6 21a721a4 21aa21ab 21af21ad
3111740 21ac21af 21b321b1 21af21ab 21ae21ae
3111760 21ac21b3 21af21ad 21b421af 21b921b7
3112000 21b621b6 21bb21bc 21b621bc 21ba21b6
3112020 21bd21c0 21ba21ba 21b221b5 21b421b3
3112040 21b521b2 21b221af 21b121b4 21b921b6
3112060 21bd21bb 21b721bb 21b621b5 21b421b8
3112100 21b521c2 21bb21b5 21b421b6 21bc21b3
3112120 21b221b7 21b421be 21c321bb 21bf21c0
3112140 21c121bb 21b521bb 21bd21b7 21bb21bb
3112160 21bd21bb 21be21bb 21c421bc 21c021c6
3112200 21be21be 21bd21c1 21c021c3 21c621c2
3112220 21c021bf 21c521be 21ca21c3 21bf21c3
3112240 21bd21c3 21bd21c5 21bc21be 21b721b5
3112260 21c021c6 21bc21c1 21c221c0 21bb21c0
3112300 21b921b8 21b921ba 21bb21b6 21bc21bc
3112320 21c021bf 21c121be 21be21be 21be21b7
3112340 21c621bf 21c021c3 21c121c2 21c921cb
3112360 21c421c8 21c921ca 21c221bf 21bc21ba
3112400 21be21bd 21bf21bd 21c521c7 21c821c6
3112420 21c821c3 21c921c5 21c521cc 21c821c6
3112440 21c721be 21c121c1 21bf21be 21c421c0
3112460 21c521c6 21c221c5 21c621c0 21be21c2
3112500 21c221be 21be21c6 21be21bc 21c021c0
3112520 21c221c7 21c021c5 21c421c3 21c121c4
3112540 21bf21bf 21bd21bb 21c321c9 21c321c9
3112560 21c421c1 21ca21bc 21c821c8 21cb21c6
3112600 21c621cc 21bc21bf 21c621c1 21ca21c2
3112620 21ba21bb 21be21b8 21b821bc 21bf21bb
3112640 21c221bd 21be21c4 21c421c6 21c021c1
3112660 21bd21bb 21c621c5 21c221c2 21c621ce
3112700 21c521c9 21c621c3 21c121c2 21bd21c3
3112720 21be21c2 21c621c0 21c121bd 21be21c1
3112740 21be21c7 21c721c8 21c421bf 21c521c5
3112760 21c121c3 21c221c4 21c121ca 21c721c2
3113000 21c621be 21ca21c8 21c321c4 21ce21c6
3113020 21c321ce 21c921c8 21d021cf 21d021d4
3113040 21c521ce 21c321c6 21c321c1 21bc21bf
3113060 21be21bd 21ca21c5 21bb21be 21c521c0
3113100 21bc21be 21b721ba 21b821b5 21c521b9
3113120 21c921c0 21c521c6 21bf21c0 21c621c7
3113140 21ca21c9 21cc21c9 21c421cd 21c221c7
3113160 21c621c9 21c821c6 21c721c6 21c121c3
3113200 21c921c4 21c821cc 21c621cc 21c521cb
3113220 21ca21c4 21cd21ca 21c021c7 21c421c7
3113240 21b821bc 21b921bc 21bd21be 21c221c9
3113260 21c221c3 21ce21c5 21cb21c9 21c821c6
3113300 21ca21ca 21cb21d0 21c821cd 21c321c7
3113320 21c721c0 21c921d0 21cb21d5 21bf21c3
3113340 21c621c2 21c021b6 21c121c1 21be21bd
3113360 21c021c8 21c521cb 21c121c2 21bc21be
3113400 21ca21c3 21ce21c3 21ca21cf 21c721c8
3113420 21d221d3 21cf21ce 21c121c7 21c121c4
3113440 21b921bd 21c021be 21c121bf 21c421bc
3113460 21b921bd 21b921c1 21c521c3 21c121bf
3113500 21c021bc 21c321c0 21c321c1 21c521c5
3113520 21c821c7 21c621c3 21c321c0 21c221ba
3113540 21c421c3 21c721cb 21c421c5 21bc21c0
3113560 21b321b8 21ba21bb 21b821b8 21bc21b5
3113600 21c421c5 21bc21c5 21c421c4 21b721ba
3113620 21bf21b2 21c221c0 21bd21c5 21be21c1
3113640 21b921b7 21bd21b5 21b921bd 21ba21be
3113660 21bd21bc 21c621bc 21c521c3 21c821c2
3113700 21c121c8 21c221c1 21c321c4 21ca21c8
3113720 21c621c3 21c621c5 21c721c8 21c721c1
3113740 21c921c3 21be21ca 21bb21bf 21c321c2
3113760 21c521c4 21cb21c9 21ce21c8 21cb21c5
3114000 21d021cb 21d121d5 21d221ce 21d221d1
3114020 21ce21cf 21d021cc 21cf21d1 21dc21ce
3114040 21dc21d2 21d121d5 21cf21cd 21c521d0
3114060 21ce21cb 21cb21d0 21d421cd 21ce21cb
3114100 21c321c4 21c921be 21cc21ca 21cc21c9
3114120 21d421d8 21d421cf 21da21d9 21d821d6
3114140 21d321d2 21d421d8 21d221d2 21dc21d6
3114160 21d921db 21d521da 21db21d8 21da21d8
3114200 21df21dd 21e221e8 21d921e0 21d521db
3114220 21d821dc 21d721d2 21d321d2 21d921dd
3114240 21e021d9 21e121e0 21de21dc 21e521e4
3114260 21db21e2 21d821e1 21e021dc 21df21df
3114300 21d821e2 21e121db 21e521dc 21e921e8
3114320 21eb21e3 21ee21ec 21e921ee 21e121e6
3114340 21ec21ed 21ee21ec 21e821e9 21e621ec
3114360 21ea21f2 21f021ed 21ef21ec 21ea21eb
3114400 21e421ed 21eb21f1 21f321ef 21f121ee
3114420 21f821ef 21f421f6 21ed21f4 21ee21f0
3114440 21e921f1 21ed21e7 21eb21e9 21f421f0
3114460 21f221f9 21f121ef 21f521ef 21f021ec
3114500 21f321f1 21ea21f1 21f121ed 21f421f3
3114520 21f421eb 21f521f6 21e821f1 21f721f6
3114540 21f721ef 21f021f2 21f721fb 21f621f9
3114560 21e821e9 21f321eb 21ec21f0 21ed21f1
3114600 21eb21eb 21f221e8 21f821f1 21f021f6
3114620 21ec21f7 21f321ef 21ec21eb 21ec21e9
3114640 21f521f3 21fc21fd 21fe21fa 21f721f6
3114660 21f321f2 21f121f5 21f321f4 21f221f5
3114700 21ee21ee 21eb21f2 21eb21e2 21eb21ea
3114720 21e821ec 21f121eb 21eb21ec 21f521ea
3114740 21f621f4 21ee21f2 21ee21e5 21f021e9
3114760 21e321ef 21e621e3 21e721e1 21e021e4
3115000 21e521e1 21eb21e9 21ed21ef 21e821ed
3115020 21e121e4 21ec21ea 21dd21e6 21de21df
3115040 21eb21e7 21e121e3 21d821e5 21d521d4
3115060 21e021e0 21de21e3 21dc21e5 21da21df
3115100 21d721d8 21db21db 21e021df 21e021e0
3115120 21de21e3 21e321e0 21dc21e0 21e021df
3115140 21d221d7 21d321db 21ce21d2 21dc21d8
3115160 21da21d6 21de21d2 21d821d8 21e521df
3115200 21d921dd 21de21da 21d621d3 21db21d5
3115220 21da21db 21d621da 21d221d2 21de21ce
3115240 21d721d4 21cd21d2 21d121d3 21da21d9
3115260 21d121d2 21c821cd 21d521d6 21d321d4
3115300 21d921d7 21ce21ce 21d321d1 21d021d5
3115320 21d221d0 21cf21d6 21cd21cf 21d121ce
3115340 21c621cc 21c021ca 21c921c3 21cb21cb
3115360 21c221c9 21c921cc 21cd21ce 21c621cf
3115400 21ca21c2 21bf21c2 21bf21c5 21c021be
3115420 21c221bd 21c121c1 21c221c0 21c621c1
3115440 21bf21c3 21c621c3 21cb21cb 21c521c8
3115460 21c121c3 21bf21c5 21bd21c0 21ca21c2
3115500 21c221c5 21b321b7 21bb21b8 21bf21bf
3115520 21bb21be 21c621c0 21ca21bf 21c421c6
3115540 21d121c9 21c721c7 21c521c7 21c421c8
3115560 21bb21c1 21be21be 21c321bf 21c121c3
3115600 21c321c5 21c521ca 21c521c2 21c621c3
3115620 21c321be 21be21c0 21ba21bc 21c421bb
3115640 21c521bd 21c021bb 21bd21c0 21bb21ba
3115660 21bf21bc 21b621b5 21b821b6 21b821b1
3115700 21b421b7 21b621b3 21ba21ba 21bb21bd
3115720 21ac21c0 21b121b1 21b021af 21b821b7
3115740 21b021b2 21b221af 21ba21b6 21b621b9
3115760 21b221b1 21b621b5 21af21b5 21ad21b2
3116000 21b721aa 21b621ba 21b921b8 21b321bf
3116020 21bd21bd 21b921b8 21b921b8 21b021b0
3116040 21b021af 21b921b5 21b521b2 21b321ad
3116060 21b221b2 21b621b5 21b821bc 21ba21bf
3116100 21c021b6 21b721bc 21b221b6 21ac21b2
3116120 21b121b2 21b721af 21b721b8 21b321b7
3116140 21b521b8 21b321b5 21ba21ba 21b721b8
3116160 21bd21bc 21bc21c2 21b621bb 21be21ba
3116200 21c221c0 21b921bd 21bd21bd 21c321b9
3116220 21c021bf 21bd21bc 21bd21b9 21be21c0
3116240 21c121ba 21ca21bd 21b321bd 21c121c5
3116260 21c021c6 21c921ca 21cd21d0 21c521cb
3116300 21c721c0 21ce21cd 21cc21c7 21ca21cc
3116320 21ca21d1 21d121d6 21cc21d3 21c821c7
3116340 21cf21c8 21d121d8 21c721d0 21d121ce
3116360 21d221ca 21d321ca 21d921d7 21cf21ce
3116400 21d321d4 21dc21d9 21db21d9 21d321ca
3116420 21d321d0 21da21d8 21d821da 21d421cf
3116440 21d021d3 21d221d0 21cf21d0 21d521d2
3116460 21d821d9 21dd21d6 21dc21e2 21de21df
3116500 21de21df 21e021e1 21dc21df 21e221de
3116520 21e221e5 21e221de 21e221eb 21e621e5
3116540 21ea21df 21e321e3 21e521e5 21e021e5
3116560 21e721e1 21f021e5 21ec21e7 21ed21ef
3116600 21ee21ed 21ec21f1 21e721f1 21f121e7
3116620 21f121f4 21ec21f2 21ef21ee 21f421ed
3116640 21f421f2 21eb21ec 21f121ec 21fc21f4
3116660 21f921fe 21f32200 21f421fa 21f421f6
3116700 21f721f3 21f121f6 21ef21f4 21f621f2
3116720 21fa21f5 220321f6 21fd2201 2202220c
3116740 21fd21fb 21f421f9 21f321fc 21f321f7
3116760 21ff21f9 21f52201 220121f8 21fa21fc
3117000 21fd2203 21f621f8 21fb21fe 21fe21fb
3117020 22002204 22032203 22002200 21ff2200
3117040 220121ff 22002201 21f821f8 21fa21fb
3117060 21f221f4 21f721fc 21f621f1 21f321f9
3117100 21fd2201 220d21fb 22082204 2202220a
3117120 22052202 22042206 21fd21fe 21fc21f6
3117140 21fb21fa 21f921f8 21fa2202 220221fe
3117160 220021ff 22022205 21fc21fa 22052203
3117200 220021fb 21fc2202 22002200 21fc21fd
3117220 22022203 21f72207 21f821f4 21f221f4
3117240 21f121f1 21f621fb 21fc21f3 21fb21fc
3117260 21f721fc 21f621f5 21f421f7 21f621f5
3117300 21f921f3 21f221ef 21f221ef 21fd21fa
3117320 21f321f6 21f621f8 21f121f1 21f321f1
3117340 21f321eb 21f221ed 21f721f7 21fa21f3
3117360 21f621f7 21f021f0 21ec21f3 21ea21ea
3117400 21ee21ee 21ed21eb 21f021f3 21e921e9
3117420 21ef21e2 21ee21eb 21f221ee 21e721f0
3117440 21e721e0 21ea21e7 21ef21eb 21ea21ee
3117460 21e821ed 21eb21eb 21f321e3 21ee21f8
3117500 21e921e8 21e721f6 21ec21ed 21ea21e7
3117520 21e921eb 21ea21ed 21e021e6 21e621e4
3117540 21e321e0 21e021e3 21eb21e0 21df21e3
3117560 21e721e3 21e021e3 21db21dc 21d521db
3117600 21df21dd 21e121e0 21df21e5 21d821d9
3117620 21d821d6 21dd21df 21e021df 21e621e0
3117640 21da21dd 21d221d6 21db21d7 21db21d8
3117660 21da21da 21dc21e0 21d321d7 21cb21d3
3117700 21d121cc 21d221d0 21d221d0 21d021d0
3117720 21d121d2 21c821cf 21d821c5 21d921d5
3117740 21cb21d4 21d221d2 21c021c7 21d121d2
3117760 21ce21ce 21ce21cc 21bf21ca 21c621c5
3120000 21c921cc 21c521cb 21c521c8 21c721c4
3120020 21bd21bc 21c321bb 21be21c1 21bd21bc
3120040 21be21bc 21bc21bf 21cf21bc 21c721ca
3120060 21c521c4 21bc21c7 21b721b9 b01104c5
3120100 00001004 0001000a 00010000 03b16049
3120120 00000ffc 0001000a 1400003c add01f00
3120140 add01f01 add01f02 add01f03 add01f04
3120160 add01f05 add01f06 add01f07 add01f08
3120200 add01f09 add01f0a add01f0b add01f0c
3120220 add01f0d add01f0e add01f0f add01f10
3120240 add01f11 add01f12 add01f13 add01f14
3120260 add01f15 add01f16 add01f17 add01f18
3120300 add01f19 add01f1a add01f1b add01f1c
3120320 add01f1d add01f1e ff000134 00000020
3120340 00000002 cc29371a 00000001 deadbeef
3120360 f0000002 cc293706 3e0a429d 00000000
3120400 00000134 00001f48 a01004c6 222421c2
3120420 22272229 222f2225 2228222c 22252227
3120440 22202226 221c221f 22202221 22222223
3120460 22212220 22202224 22212223 2220221d
3120500 22202227 2220221a 22292222 22272225
3120520 22242229 22272225 22242223 221d221d
3120540 221d2217 221c221e 221d221d 22272226
3120560 22292225 221e2220 22152217 22142215
3120600 22152215 22152216 221a2219 221b221d
3120620 2210221c 22182219 22152213 2210220f
3120640 221e2219 22132217 221b2214 220c2219
3120660 22162213 22192213 22142215 2213220c
3120700 22162212 22142210 22062214 220f2211
3120720 220b220d 22052207 22042207 22042204
3120740 2202220b 22012204 22082202 220c2209
3120760 2212220c 220b220b 22022203 22062200
3121000 21ff21fd 21fe2207 21fa21fb 22072200
3121020 22092202 21fc2201 21fa2200 21f721f6
3121040 21f521fa 21f821f4 21f721f3 21f221f1
3121060 21f721f8 21f921fb 21c021f7 200220ed
3121100 1e981f35 1df71e3b 1dc01dda 1d9a1da5
3121120 1d9b1d9f 1d961d9b 1d9c1d9a 1da11d96
3121140 1d971d99 1d931d99 1d8d1d95 1d901d8e
3121160 1d8f1d92 1d911d8f 1d8e1d93 1d921d8c
3121200 1d8d1d85 1d8e1d8b 1d981d8e 1d981d94
3121220 1d8f1d96 1d891d89 1d8d1d8a 1d891d86
3121240 1d8b1d8b 1d881d8e 1d871d7f 1d851d8a
3121260 1d891d85 1d901d89 1d8e1d8c 1d8c1d97
3121300 1d911d8f 1d8c1d8e 1d861d8c 1d971d8e
3121320 1d8d1d97 1d911d8d 1d911d8c 1d8a1d91
3121340 1d871d84 1d8e1d8f 1d8c1d8e 1d881d92
3121360 1d961d92 1d921d99 1d9d1d93 1d941d97
3121400 1d8f1d93 1d941d8e 1d8a1d94 1d951d8f
3121420 1d9b1d9a 1d9c1d94 1d9d1d9d 1da11d99
3121440 1d9c1d9f 1da11d9e 1da11d9c 1da11d9e
3121460 1da11da9 1da81da7 1dab1da4 1da51dad
3121500 1daf1da6 1daa1da8 1db71dae 1daf1da9
3121520 1db01db1 1da81db4 1daf1dad 1db11daf
3121540 1db61db4 1db41db1 1daa1dae 1dad1da4
3121560 1dab1da9 1dac1daa 1db31db1 1db41db6
3121600 1db81db8 1dbb1db8 1dbb1db6 1dc21dbf
3121620 1dc01dba 1db81dc5 1dbc1dbc 1dc21dc2
3121640 1dbe1dbb 1dbd1dbf 1dc11dbc 1dc11dc2
3121660 1dc71dc5 1dc41dc1 1dc51dcd 1dca1dc8
3121700 1dd11dd0 1dd21dcc 1dd01dd7 1dda1dcf
3121720 1dcf1dd7 1dd11dcf 1dcc1dcc 1dcd1dca
3121740 1dd31dd2 1dd41dd5 1dd01dd3 1dd21ddb
3121760 1dde1dd5 1dd51ddc 1ddd1dd9 1ddd1ddc
3122000 1de71de0 1de31de3 1de91de5 1de41de2
3122020 1dea1de1 1de91de8 1de61de7 1dea1de9
3122040 1def1dee 1df81dec 1df31df9 1dee1dec
3122060 1df61df2 1dfa1df3 1df31df2 1dfa1df5
3122100 1dea1df5 1df11df2 1df91df9 1dfc1dfd
3122120 1e001dfb 1e021e04 1e021e07 1dff1dfb
3122140 1e0a1dfc 1e061e12 1e0c1e06 1e0a1e08
3122160 1e0b1e0f 1e131e10 1e0c1e0d 1e141e14
3122200 1e121e10 1e071e15 1e0c1e07 1e131e0c
3122220 1e1c1e17 1e111e11 1e151e11 1e111e13
3122240 1e091e0f 1e141e0f 1e131e18 1e141e1f
3122260 1e1e1e1c 1e201e1c 1e211e1e 1e231e1c
3122300 1e231e23 1e1d1e23 1e281e28 1e241e23
3122320 1e271e26 1e221e1e 1e281e29 1e2f1e28
3122340 1e291e24 1e321e2f 1e381e3b 1e331e37
3122360 1e301e2d 1e311e35 1e361e30 1e341e31
3122400 1e381e36 1e331e30 1e391e35 1e321e35
3122420 1e341e37 1e3b1e3b 1e3e1e3a 1e481e43
3122440 1e391e44 1e3d1e43 1e411e48 1e4b1e45
3122460 1e491e45 1e4d1e47 1e4f1e4f 1e4f1e51
3122500 1e4f1e4f 1e481e4e 1e4b1e4b 1e4e1e4f
3122520 1e4f1e52 1e4b1e52 1e571e51 1e571e54
3122540 1e511e55 1e541e57 1e571e51 1e571e57
3122560 1e5d1e5b 1e521e5a 1e551e5b 1e6a1e5f
3122600 1e601e6b 1e651e5a 1e621e6a 1e611e5d
3122620 1e611e62 1e611e5b 1e671e60 1e661e69
3122640 1e6e1e6b 1e651e67 1e651e60 1e691e60
3122660 1e631e69 1e631e62 1e681e63 1e6e1e66
3122700 1e631e5f 1e681e65 1e681e71 1e641e6a
3122720 1e721e64 1e701e6e 1e6c1e68 1e651e71
3122740 1e681e61 1e6f1e67 1e691e6b 1e6f1e73
3122760 1e761e72 1e6e1e6f 1e6e1e6c 1e741e70
3123000 1e761e6d 1e6b1e70 1e6a1e6d 1e701e6f
3123020 1e721e71 1e741e75 1e701e75 1e661e6d
3123040 1e701e6b 1e721e70 1e6a1e6c 1e6e1e6e
3123060 1e671e73 1e711e6b 1e741e75 1e711e74
3123100 1e701e73 1e741e73 1e741e75 1e6c1e6f
3123120 1e721e71 1e711e72 1e6f1e6e 1e721e6c
3123140 1e6e1e6e 1e671e72 1e691e74 1e6c1e71
3123160 1e681e68 1e671e6f 1e6a1e62 1e661e68
3123200 1e631e6b 1e711e6c 1e731e70 1e6a1e70
3123220 1e601e65 1e6b1e5d 1e641e61 1e611e62
3123240 1e601e62 1e5a1e65 1e5d1e5b 1e671e5f
3123260 1e6d1e6a 1e681e66 1e641e67 1e601e60
3123300 1e611e5f 1e611e61 1e601e67 1e571e53
3123320 1e621e61 1e5b1e54 1e651e62 1e5f1e66
3123340 1e631e61 1e641e69 1e5a1e57 1e5a1e5e
3123360 1e631e5e 1e611e5f 1e611e65 1e661e63
3123400 1e621e64 1e691e64 1e651e6a 1e6a1e6b
3123420 1e6e1e6e 1e5d1e6e 1e5a1e60 1e621e62
3123440 1e641e61 1e5f1e66 1e631e66 1e611e6a
3123460 1e661e61 1e6b1e61 1e671e66 1e701e6a
3123500 1e691e6d 1e661e61 1e661e65 1e641e61
3123520 1e5e1e5c 1e631e61 1e601e65 1e691e60
3123540 1e661e63 1e691e69 1e651e65 1e5e1e6c
3123560 1e5d1e60 1e621e60 1e621e61 1e621e5e
3123600 1e621e62 1e641e68 1e671e68 1e621e65
3123620 1e621e67 1e6b1e71 1e711e6c 1e661e65
3123640 1e631e66 1e631e60 1e621e6a 1e651e62
3123660 1e651e66 1e681e6a 1e631e6a 1e6a1e6b
3123700 1e721e68 1e6a1e6a 1e6c1e6d 1e721e72
3123720 1e6e1e68 1e6e1e6a 1e741e6a 1e6e1e6c
3123740 1e681e6f 1e6c1e6d 1e6e1e72 1e781e76
3123760 1e7c1e7e 1e7e1e79 1e6d1e74 1e6e1e72
3124000 1e6f1e6a 1e7a1e6f 1e761e79 1e761e77
3124020 1e821e79 1e7d1e77 1e871e86 1e7e1e83
3124040 1e7f1e86 1e791e7b 1e7e1e78 1e7d1e7a
3124060 1e851e7c 1e851e86 1e841e85 1e881e85
3124100 1e851e88 1e8c1e8c 1e851e8c 1e891e82
3124120 1e8a1e86 1e821e83 1e891e8c 1e8b1e8f
3124140 1e8a1e89 1e8d1e8a 1e941e90 1e941e94
3124160 1e941e96 1e991e9b 1e981e9a 1e941e93
3124200 1e901e97 1e9a1e9a 1ea31e9e 1e9d1e9f
3124220 1ea31e9f 1e951e96 1e981e97 1e9b1e9b
3124240 1e9e1e9a 1e9b1e9e 1e9c1ea0 1e9e1ea1
3124260 1ea51e9c 1eab1eac 1eb01ea7 1e9f1ea3
3124300 1ead1ea7 1eab1eae 1eb41eb0 1eaf1eb0
3124320 1eb11eb4 1eaf1eb5 1eb31eb7 1eb21ead
3124340 1eba1eb3 1eb21eb7 1eb31eb0 1ebb1eb3
3124360 1eba1eb9 1ebb1ebe 1ebd1ebf 1ebc1ec4
3124400 1ebe1ec5 1ec21ebd 1ebf1ec0 1ec81ec0
3124420 1ebd1ec6 1ec41ec2 1ec11ebf 1ec11ec1
3124440 1ec41ec2 1eca1ec9 1ec91ec8 1ed31ece
3124460 1ed41ed2 1ec81ecc 1ecf1ecb 1ed91ed5
3124500 1ed31ed7 1ed41ed6 1ed41ed1 1ed51ed3
3124520 1edc1ede 1edd1ee0 1ee11ee3 1ed61edf
3124540 1ee01ed7 1ee91ee7 1ee61ee2 1ee71eea
3124560 1ee31ee6 1ee41ee2 1ee81ee8 1ee01edc
3124600 1ee91ee2 1ee91eea 1ee41eeb 1ee61ee7
3124620 1ee41ee6 1ee21ee4 1ee81eec 1ef21ef0
3124640 1ef41eef 1ef81ef4 1ef61ef5 1ef31ef7
3124660 1ef01ef2 1eef1eee 1ef31ef1 1ef11ef3
3124700 1ef91ef9 1efa1efe 1eff1f03 1f051f03
3124720 1f031f05 1f0d1f0c 1f031f06 1f081f0b
3124740 1f0b1f08 1f071f0b 1f021f03 1f051f06
3124760 1f051f05 1f041f01 1f0a1f07 1f091f0c
3125000 1f061f10 1f121f14 1f151f10 1f1d1f1a
3125020 1f171f1a 1f191f18 1f1f1f16 1f181f15
3125040 1f1c1f1e 1f161f14 1f1a1f1c 1f131f13
3125060 1f121f14 1f171f18 1f1b1f18 1f231f1f
3125100 1f1f1f24 1f1f1f15 1f1d1f1e 1f231f1d
3125120 1f201f25 1f1f1f22 1f201f1e 1f271f21
3125140 1f201f26 1f231f2d 1f2c1f29 1f2a1f2f
3125160 1f2c1f2c 1f2b1f2f 1f2b1f2b 1f2b1f2c
3125200 1f311f30 1f331f34 1f2b1f35 1f2b1f2b
3125220 1f2a1f30 1f341f28 1f331f2b 1f2d1f35
3125240 1f331f39 1f301f31 1f2a1f37 1f331f28
3125260 1f2d1f34 1f2f1f2c 1f2a1f30 1f2d1f28
3125300 1f2e1f29 1f271f30 1f321f2e 1f351f31
3125320 1f2c1f2d 1f261f37 1f261f2c 1f2a1f2f
3125340 1f2c1f2d 1f301f29 1f251f29 1f251f24
3125360 1f2d1f2d 1f291f27 1f2c1f25 1f2f1f2e
3125400 1f351f36 1f391f2d 1f2f1f34 1f2f1f2e
3125420 1f361f31 1f2f1f32 1f271f30 1f281f29
3125440 1f2c1f2d 1f2d1f2d 1f2d1f2a 1f2c1f30
3125460 1f2f1f31 1f2d1f30 1f311f28 1f221f2c
3125500 1f311f2b 1f2b1f34 1f311f25 1f2e1f25
3125520 1f2c1f37 1f2b1f2c 1f2a1f2f 1f251f21
3125540 1f291f25 1f201f2c 1f2a1f26 1f2b1f30
3125560 1f341f2c 1f331f32 1f231f2b 1f271f29
3125600 1f2d1f2f 1f271f2d 1f2e1f30 1f2a1f2a
3125620 1f2b1f2f 1f2c1f26 1f1d1f21 1f261f23
3125640 1f281f29 1f2f1f2b 1f2b1f29 1f251f1f
3125660 1f221f1f 1f251f24 1f2e1f2f 1f2b1f32
3125700 1f351f28 1f2e1f2d 1f2f1f34 1f261f26
3125720 1f2a1f27 1f201f23 1f251f25 1f261f27
3125740 1f291f2e 1f281f2d 1f251f26 1f241f24
3125760 1f2e1f2a 1f221f24 1f291f2a 1f1f1f2c
3126000 1f2c1f2e 1f241f2b 1f221f23 1f291f21
3126020 1f2f1f27 1f311f30 1f261f2d 1f251f26
3126040 1f221f23 1f221f1c 1f261f23 1f271f23
3126060 1f231f27 1f241f20 1f291f2a 1f281f24
3126100 1f261f2c 1f2d1f2e 1f2e1f2b 1f281f2b
3126120 1f2e1f30 1f2b1f25 1f261f24 1f261f27
3126140 1f2c1f27 1f2c1f2b 1f291f31 1f301f2d
3126160 1f2a1f2d 1f311f2f 1f2f1f38 1f331f30
3126200 1f361f36 1f331f33 1f2b1f2b 1f301f32
3126220 1f301f2f 1f2e1f32 1f421f33 1f391f39
3126240 1f301f35 1f311f38 1f351f3b 1f3b1f3a
3126260 1f401f3f 1f371f39 1f321f34 1f311f31
3126300 1f391f2a 1f381f36 1f411f3c 1f411f41
3126320 1f3f1f47 1f461f3f 1f3d1f3a 1f3f1f39
3126340 1f3b1f38 1f3b1f3d 1f441f3f 1f431f3f
3126360 1f3f1f43 1f4b1f42 1f4b1f41 1f491f3e
3126400 1f481f46 1f461f49 1f451f3c 1f471f4e
3126420 1f4e1f51 1f4e1f4d 1f511f4d 1f4a1f4c
3126440 1f4c1f51 1f4a1f48 1f4b1f4c 1f531f4e
3126460 1f481f51 1f491f51 1f551f4f 1f5e1f5d
3126500 1f541f4f 1f521f5a 1f551f51 1f4a1f55
3126520 1f501f4e 1f561f56 1f531f57 1f581f5b
3126540 1f581f56 1f621f5c 1f5d1f64 1f541f56
3126560 1f521f56 1f5a1f5a 1f651f58 1f621f5b
3126600 1f591f5d 1f671f63 1f691f69 1f601f68
3126620 1f681f65 1f5e1f5e 1f631f57 1f6c1f64
3126640 1f6d1f6a 1f6c1f6d 1f6c1f6c 1f701f6f
3126660 1f6f1f6a 1f691f6b 1f6c1f69 1f651f6a
3126700 1f651f6b 1f751f69 1f741f6c 1f711f71
3126720 1f681f6c 1f6c1f70 1f6b1f6f 1f721f6a
3126740 1f701f6d 1f6f1f76 1f791f72 1f751f75
3126760 1f7a1f75 1f761f7a 1f721f74 1f781f76
3127000 1f7b1f79 1f761f79 1f821f7f 1f791f81
3127020 1f811f79 1f821f81 1f851f7e 1f821f83
3127040 1f801f7e 1f861f83 1f881f81 1f8e1f83
3127060 1f8d1f8b 1f8d1f88 1f8b1f8a 1f911f88
3127100 1f8e1f8d 1f8e1f8d 1f8f1f91 1f861f90
3127120 1f901f8e 1f8f1f8e 1f8e1f91 1f9e1f95
3127140 1f971f9a 1f9c1f93 1f9b1f97 1fa61f9f
3127160 1fa01f9c 1f991f9d 1fa11f9f 1fa41fa2
3127200 1fa31f9b 1fa71faa 1fa41fa7 1faa1fa7
3127220 1fa71faa 1faa1fad 1fb11fad 1fb01fb2
3127240 1fb01faa 1faa1fab 1fa91fa3 1f9f1fa8
3127260 1fa51fa0 1fab1fa8 1fae1faf 1fb81fb0
3127300 1fb31fb8 1fb71fb7 1fba1fb7 1fb61fb6
3127320 1fb91fb7 1fb81fb3 1fb71fb6 1fb21fb5
3127340 1fba1fb6 1fb41fb5 1fbd1fba 1fb71fb7
3127360 1fb81fb4 1fbb1fbf 1fb51fbe 1fb81fb8
3127400 1faf1fb9 1fb71fb3 1fc11fb2 1fb31fb7
3127420 1fba1fbc 1fba1fbc 1fbd1fbb 1fc11fbc
3127440 1fc01fc6 1fc11fc7 1fc21fc0 1fbf1fb7
3127460 1fba1fbd 1fbf1fb7 1fbd1fc1 1fc11fc0
3127500 1fc21fbd 1fc41fbb 1fba1fb7 1fc11fbc
3127520 1fc21fc4 1fc11fc4 1fc21fc1 1fc41fc2
3127540 1fc61fc8 1fc21fbe 1fcb1fc4 1fca1fcf
3127560 1fc41fcd 1fc01fc8 1fbf1fc7 1fc21fbc
3127600 1fc01fba 1fc01fc2 1fc31fcb 1fc41fca
3127620 1fc51fc7 1fc61fc2 1fc01fc7 1fc21fc1
3127640 1fc11fc3 1fb81fc3 1fca1fc0 1fc51fc6
3127660 1fc11fc2 1fc21fc5 1fbf1fb9 1fc21fc0
3127700 1fbe1fbf 1fc31fbf 1fbf1fc9 1fc71fc6
3127720 1fcc1fcc 1fc41fc7 1fca1fc5 1fc81fc1
3127740 1fc41fca 1fc71fc7 1fbf1fbe 1fbe1fbc
3127760 1fb91fc2 1fba1fbe 1fb41fb4 1fba1fbb
3130000 1fbb1fbd 1fc01fc8 1fc41fc2 1fce1fcc
3130020 1fc21fc2 1fc01fc5 1fbd1fc1 1fba1fc1
3130040 1fbf1fbf 1fbd1fc0 1fbf1fba 1fc01fc5
3130060 1fbf1fbb 1fb41fba 1fbe1fb9 1fc31fc4
3130100 1fc51fc0 1fbd1fb9 1fbf1fbe 1fc31fc1
3130120 1fc51fc0 1fc31fc7 1fc81fc8 1fc31fbe
3130140 1fcd1fcd 1fc11fc4 1fc21fc2 1fc11fbe
3130160 1fc21fc2 1fbb1fc6 1fc51fbe 1fc11fc6
3130200 1fcf1fc9 1fcb1fc4 1fcb1fcc 1fc11fc6
3130220 1fbb1fc6 1fb91fb9 1fc31fc3 1fc21fc6
3130240 1fc41fcd 1fc01fba 1fc21fbf 1fc51fc2
3130260 1fc81fcb 1fce1fc5 1fc21fcb 1fc41fc3
3130300 1fc61fc1 1fc51fc0 1fca1fce 1fc21fd2
3130320 1fc71fc3 1fc91fc2 1fc21fc6 1fb91fba
3130340 1fc21fbb 1fc41fca 1fce1fc9 1fcf1fc6
3130360 1fc01fc7 1fc71fc8 1fd11fce 1fcd1fc6
3130400 1fca1fca 1fc51fca 1fc71fc6 1fce1fc9
3130420 1fc91fca 1fc61fc4 1fc71fc9 1fce1fd2
3130440 1fc91fc1 1fc91fca 1fcb1fcc 1fd11fcb
3130460 1fd21fd2 1fcf1fd1 1fca1fcd 1fca1fce
3130500 1fca1fcf 1fc91fca 1fc81fc9 1fca1fd0
3130520 1fd31fca 1fd71fd5 1fd81fd5 1fd61fd3
3130540 1fd21fd7 1fd61fd3 1fd41fdc 1fd51fda
3130560 1fd31fd6 1fe41fd4 1fe31fdd 1fda1fe0
3130600 1fde1fe0 1fe11fdf 1fd81fd7 1fcf1fce
3130620 1fd61fd8 1fd21fd1 1fd61fd7 1fdb1fd2
3130640 1fd51fd6 1fdb1fd6 1fdb1fda 1fdb1fde
3130660 1fd91fd6 1fdb1fdd 1fdf1fd9 1fd91fdb
3130700 1fdb1fd3 1fdb1fdd 1fd71fdb 1fd91fd9
3130720 1fdf1fdf 1fe21fe0 1fe61fe3 1fe31fe1
3130740 1fdb1fe1 1fe41fe0 1fe41fe1 1fe51fe4
3130760 1fe51fe1 1fe11fe3 1fe21fe3 1fe71fe3
3131000 1fec1fe6 1fe91fe6 1fde1fe3 1fe31fe4
3131020 1fe21fe0 1fed1fe2 1fe71feb 1fe91fe8
3131040 1fe11feb 1fe31fe2 1fe41fe3 1fe71fe1
3131060 1fe11fe5 1fef1fe2 1fea1fe5 1ff01fed
3131100 1fee1ff0 1fec1fef 1fe61feb 1fe21feb
3131120 1fe71fe5 1fee1fec 1fed1ff3 1ff61ffc
3131140 1ff91ffc 1ff91ffb 1fed1fed 1ff01fef
3131160 1fed1fea 1fef1ff0 1ff51ff3 1feb1ff4
3131200 1fe61feb 1fe91fee 1ff31feb 1ff81ff0
3131220 1ff51ff4 1ff91ff3 1ff51ff6 1ff51ffc
3131240 20021ffc 1fff1fff 1ffa2002 20012003
3131260 20032005 1fff2005 1ff91ffe 1ff51ff9
3131300 1fff1ffe 20042006 20082001 200e2008
3131320 200a2007 200b200b 200d200e 200e200e
3131340 20112014 200d2013 200f2011 200e200e
3131360 200e200d 20082009 2007200f 200b2007
3131400 200a2005 20122007 200b2012 20112013
3131420 201a2010 20202019 20172019 201a201a
3131440 201a2019 2019201a 201a2020 20232017
3131460 2014201b 20132011 201f2016 20212020
3131500 201d201b 201f2022 201e2020 20212020
3131520 20232020 20292022 20212023 20202017
3131540 201f2022 20242024 20242027 2022201d
3131560 20272028 20262030 20342029 20312035
3131600 202d2032 2028202e 2028202e 20262027
3131620 202b2029 201e2029 20232024 202f202d
3131640 202d202b 2027202e 20312027 202e2033
3131660 202f203a 2030202c 2029202b 2029202a
3131700 2031202e 202c202c 202a202a 202f2031
3131720 202f202a 20302031 20362031 20352034
3131740 202f202c 20292028 2027202d 203d2031
3131760 20362031 2036202e 203a202c 2030202d
3132000 20312038 202f2031 2031202e 202a202e
3132020 202e202b 20302032 202e202b 202c2030
3132040 202c202e 202b2033 202b202c 2033202d
3132060 2033202a 20362035 20352031 2033203c
3132100 202a202d 202d2028 202c202c 20342036
3132120 20352036 20382032 20382035 20332030
3132140 2034203d 203b203b 20322038 20382035
3132160 2037203a 203c2037 203a203b 203a203f
3132200 203c203e 20402041 20312039 20342035
3132220 20362038 20362035 203a2034 20342034
3132240 2032203c 20332031 20382034 20392034
3132260 203c2036 203b2039 203d203c 20442040
3132300 203c2041 203c2042 203b203e 20412043
3132320 20412038 20432043 2042203a 20422042
3132340 203d203d 203d2039 20402042 2044204b
3132360 20432044 20402042 20422039 20382046
3132400 2044203f 2042204e 20492040 2046204a
3132420 20452044 20452042 20432049 2041203c
3132440 20492044 2040204c 20422046 20482047
3132460 20462045 20472045 203d2043 20402044
3132500 20422048 2047204c 204a2047 20402046
3132520 20462043 204a2048 20412047 2048203f
3132540 2044204a 20452048 20522054 204f2053
3132560 204f204c 204e2054 2047204b 2041204b
3132600 204f2044 20522043 20502050 20522052
3132620 20562051 20522053 205a2051 2054205b
3132640 20552050 2052205b 20542059 20592054
3132660 205a2057 205e2060 2058205a 20592053
3132700 2051204d 20582058 205b205b 2054205b
3132720 20592055 20562051 205c205c 205a2057
3132740 20582060 2062205d 205b2060 205e2065
3132760 205f2060 2068206c 206b2064 206c206b
3133000 20612068 205c2061 205c205d 20692061
3133020 2072206d 2069206b 205c2066 20672065
3133040 206c206b 206f2068 2065206c 206a2066
3133060 206b206f 20652069 2063205f 205e2063
3133100 205f2062 206a206c 20632064 206f2066
3133120 2067206c 2070206c 20752073 20732076
3133140 207b2074 207a2078 20742076 206d2071
3133160 206a2064 2076206b 20762071 206f2074
3133200 206b206d 20732069 20712070 207c2078
3133220 206d2079 206d206f 2076206d 207b2073
3133240 207b2076 20702074 20732076 20782075
3133260 207c2073 2075207b 207b207a 20732076
3133300 20772073 207b2076 207e2079 20832083
3133320 207d2084 20792079 207a2078 206d2072
3133340 207b2071 2076207b 2072206f 207b2078
3133360 20772074 207d2082 207c2084 2079207d
3133400 20742074 207d2079 2078207d 2078207b
3133420 20762073 207e207a 207b2081 20812083
3133440 2082207a 208a2084 20852086 20822086
3133460 20822081 20832085 20822080 208a2085
3133500 20872082 208e208d 20892088 208a207f
3133520 20842082 2088208f 208c208b 2088208c
3133540 2089208c 208a2087 20882086 20802087
3133560 20802081 2085207d 20892085 20892088
3133600 208c208b 20912092 208c208c 2090208e
3133620 208e2087 209a2092 20892092 208b2087
3133640 2089208e 2086208d 2092208d 2088208d
3133660 20912089 20922094 20952095 2095209e
3133700 20912096 20952097 209a2095 209a2093
3133720 20922090 209c209c 2097209f 208e2095
3133740 208e2091 20902094 2094209b 20972097
3133760 2097208c 20912097 209b2097 209c209b
3134000 209b2098 209f2099 20962098 20902098
3134020 20922098 209c20a4 209d209d 209f209d
3134040 20922099 20952099 20962096 209c2096
3134060 208e209b 20972096 2097209f 20992098
3134100 209b2094 20942095 20932096 20992097
3134120 20992098 209c2099 20962098 20932098
3134140 209b2095 20922098 20992093 209b209f
3134160 209820a0 2096209c 20972099 20972098
3134200 209c2099 209f209b 209d20a1 209b209b
3134220 20a320a0 209b209f 20992098 20a2209f
3134240 209f209c 209d209b 209d209b 2097209c
3134260 209b2099 20942099 20992098 209f2097
3134300 20a320a0 209c20a1 209c20a3 20912096
3134320 20992092 209e209e 209a20a2 20a12092
3134340 2096209c 20a3209b 209d209e 2096209a
3134360 209b2099 20912098 20962095 20942097
3134400 209d209e 20a120a1 209f20a2 20a0209d
3134420 2098209c 209820a1 209b2094 209c2094
3134440 209e209b 209d209e 2097209c 20922097
3134460 2095209b 20952099 208e2095 20a420a0
3134500 209c20a1 209a20a1 2094209f 209620a0
3134520 209c20a6 20a720a2 20aa20a2 20a5209e
3134540 20a220a4 20a120a4 209e209c 20a12097
3134560 20a1209e 209e20a1 20a3209f 20a920a3
3134600 20a1209e 20a4209c 20a020a0 20a620a6
3134620 20ac20a4 20a320a4 20a020ab 20a320a7
3134640 20a820a1 20a620aa 20af20a8 20a820b3
3134660 20b420ac 20b320bc 20b820b3 20af20b0
3134700 20b220a9 20aa20ad 20aa20ad 20aa20a6
3134720 20ad20a6 20a720ac 20af20b1 20b920b5
3134740 20b220b9 20af20ad 20ab20b1 20aa20b1
3134760 20b420b6 20b820b8 20b620b7 20ba20b5
3135000 20b820c2 20ba20bf 20b420bc 20c020bb
3135020 20bd20bb 20b920bc 20bd20bf 20bb20b9
3135040 20bb20c0 20c620b7 20bd20c2 20c520c1
3135060 20c020c5 20b820bc 20b820c0 20bf20c3
3135100 20bf20c1 20c020bc 20bb20bd 20bf20c1
3135120 20bc20bc 20c520c4 20c320c1 20c020ba
3135140 20b820b6 20bf20bd 20c220c4 20bf20c2
3135160 20c520c2 20c620c8 20cb20c9 20c920cf
3135200 20ca20cb 20cb20c6 20ce20c6 20c520cd
3135220 20c720cc 20c720cd 20d120cc 20d120d2
3135240 20d420d4 20dd20d6 20ce20d7 20d520ce
3135260 20d220d8 20dc20d3 20d620da 20db20d4
3135300 20d320d6 20ca20ce 20d420d0 20d220d5
3135320 20d920d7 20cf20d2 20d520d2 20cf20d2
3135340 20d820db 20d820e0 20d520d0 20de20dd
3135360 20de20e5 20dd20de 20df20e0 20db20e5
3135400 20d920e2 20df20dc 20d620dc 20d820d5
3135420 20d920d3 20de20da 20e120e3 20eb20e2
3135440 20e720e5 20ed20ea 20e320e2 20de20e1
3135460 20db20dc 20e020dd 20e320dc 20e720e0
3135500 20eb20e7 20e920e1 20e520ed 20ef20e3
3135520 20ee20e5 20e920ec 20e920ea 20eb20ec
3135540 20e920e4 20eb20e7 20f420e8 20e120ec
3135560 20e620ea 20e220e1 20e720e8 20ec20e8
3135600 20ea20ec 20e820e7 20e120e3 20e920e9
3135620 20e420e9 20e720e6 20e220e6 20e920e1
3135640 20e420e6 20ef20e9 20ed20f8 20e820e8
3135660 20ea20e0 20eb20e5 20e120ea 20e520e9
3135700 20e720ef 20f020eb 20ee20ea 20f020f2
3135720 20e920f2 20ea20f0 20ed20e9 20f420ed
3135740 20ee20ed 20f020e9 20ea20e8 20f120eb
3135760 20f420f4 20ea20ee 20ea20eb 20f020ec
3136000 20f220f3 20ec20f0 20ea20ee 20ec20ef
3136020 20f120ed 20e720f0 20f820f2 20ee20f6
3136040 20f520f1 20f220ee 20f120f2 20ed20f5
3136060 20f820f9 20ea20f1 20ed20ec 20f020e9
3136100 20f020ed 20e920ed 20f120f2 20f420ee
3136120 20f420ef 20e820e8 20ec20e9 20f220f1
3136140 20ee20f8 20f420f1 20ef20f1 20f120f4
3136160 20ef20f7 20ec20ee 20eb20ef 20f020ee
3136200 20f120e8 20ec20f2 20f020eb 20f220ed
3136220 20ee20f6 20ea20f2 20e820f4 20e520ed
3136240 20e920ed 20ec20f4 20ed20ef 20f920e9
3136260 20f220f3 20e920eb 20ed20e9 20e320ec
3136300 20e720e6 20e620e7 20e520ed 20ed20e9
3136320 20e720ec 20eb20ed 20e220e8 20e720dd
3136340 20e420e1 20e820e4 20e520e2 20e220e2
3136360 20e420e6 20e720e4 20e520e3 20e020e1
3136400 20e820e4 20e520e3 20e420e3 20e020e3
3136420 20e420e1 20df20e3 20e220dd 20e420e2
3136440 20e920e0 20e920e3 20ed20e9 20e120e2
3136460 20e720e2 20e420ed 20e420e3 20e620e7
3136500 20e220e3 20e120e1 20de20de 20e020e0
3136520 20da20e0 20d920d1 20de20d8 20de20de
3136540 20e620e1 20e020dd 20e820e0 20e420e7
3136560 20e720e3 20db20de 20d820de 20e820d9
3136600 20e820de 20e020e1 20d920e2 20e020dc
3136620 20e020d8 20dc20d5 20d920e1 20d520e0
3136640 20d820d5 20d720d0 20d320d8 20d420d4
3136660 20dc20e0 20d920dd 20d920d3 20df20dc
3136700 20e220e4 20d720d9 20d820d8 20dd20da
3136720 20d620d8 20d620d3 20d220d2 20de20dd
3136740 20d020d7 20da20d6 20d720d9 20df20e2
3136760 20db20da 20dc20d7 20d820dc 20e420d9
3137000 20e320d9 20eb20e7 20db20dd 20de20e5
3137020 20dd20e2 20e220dd 20e120e7 20e020e0
3137040 20e020dc 20e120de 20e620e3 20e620ed
3137060 20e220e1 20dd20e6 20e120de 20de20d9
3137100 20dc20d8 20d920dd 20e620e4 20e720e6
3137120 20ee20e9 20e820ed 20ef20e8 20ec20f1
3137140 20e620e5 20e220e8 20e220e4 20e620e4
3137160 20e920eb 20e320e8 20ec20e7 20ee20ec
3137200 20f020f3 20ec20f3 20ef20f0 20f020ee
3137220 20eb20e9 20f020eb 20f420f7 20f720f6
3137240 20fa20fa 20fe2102 20fc20fa 20ef20f4
3137260 20f220f3 20fa20fe 20fc20fc 20f920f8
3137300 20f820fe 21022103 20ff20fa 20fc2101
3137320 210620fa 210220ff 21032107 210a2109
3137340 2105210b 21072103 210d2103 21062108
3137360 210c210a 210e2111 21152108 210f211b
3137400 210e210e 2113211a 210f2117 2117211b
3137420 211b2118 21142111 21182114 211a2118
3137440 21152112 211a2114 2115211d 21122116
3137460 21142115 2119211a 211a2114 21152116
3137500 21172117 211a2117 210e2110 211e211c
3137520 21142124 2125211d 21232125 21262120
3137540 21262124 21282126 212a2127 212e212b
3137560 2128212b 212b2128 2120211f 2128212d
3137600 212b2123 21272129 212a2126 2128212d
3137620 212a212c 21252127 2129212e 212c212f
3137640 212b2130 212d2130 212c2131 212c212c
3137660 212d212c 212c2123 21302130 213b2134
3137700 213f213a 21382139 21382133 2136213b
3137720 21362137 21372135 21332136 21382139
3137740 213c2138 21352135 213f2140 213b213c
3137760 21342136 213b2138 21302131 213e2145
3140000 213a213a 21362138 21362136 21382135
3140020 21382138 213c2131 213b2138 21472143
3140040 213b2142 2142213b 2137213e 213d2142
3140060 21442143 21462145 21412140 2134213b
3140100 213a2136 2144213e 21432141 b01004c6
3140120 00001004 0001000a 00010000 03b1604a
3140140 00000ffc 0001000a 1400003c add01f00
3140160 add01f01 add01f02 add01f03 add01f04
3140200 add01f05 add01f06 add01f07 add01f08
3140220 add01f09 add01f0a add01f0b add01f0c
3140240 add01f0d add01f0e add01f0f add01f10
3140260 add01f11 add01f12 add01f13 add01f14
3140300 add01f15 add01f16 add01f17 add01f18
3140320 add01f19 add01f1a add01f1b add01f1c
3140340 add01f1d add01f1e ff000134 00000020
3140360 00000002 cc37fe61 00000001 deadbeef
3140400 f0000002 cc37fe4d 3301ebbc 00000000
3140420 00000134 00001f48 a01104c7 21e32146
3140440 21e221e0 21e821e0 21e321e6 21ea21e9
3140460 21e521e8 21de21e4 21e221e5 21e021da
3140500 21e121e0 21e821e3 21df21e8 21e221e5
3140520 21e521e9 21ea21e1 21eb21e9 21ef21ec
3140540 21ea21ec 21e621dc 21ea21e4 21ea21e8
3140560 21e921f0 21eb21e7 21ed21e9 21eb21e6
3140600 21e921ec 21ee21f0 21ea21ee 21ec21e8
3140620 21f021ec 21f221e7 21e921f3 21ef21ed
3140640 21ed21ef 21f021ea 21ed21f2 21ee21ef
3140660 21ec21e8 21ef21ed 21ed21f6 21f321eb
3140700 21ef21ee 21ec21f6 21f021ee 21ee21f2
3140720 21f421ef 21f921f7 21fd21f7 21fd21fc
3140740 21f421f5 21f321f5 21f721fc 21f821f1
3140760 21fe21f9 21f421f4 21f921f9 21f921fa
3141000 21f821f9 21f921fc 21f321f4 21f421f1
3141020 21f021f5 21f421f4 220221f8 21ff21f9
3141040 21f121f6 21f721f6 21fb21fa 220921fa
3141060 21fd2204 21f721ff 21fb2200 220521fb
3141100 220521ff 21fa21f8 21d721eb 21af21ca
3141120 218321a0 215f2174 214d2153 2145214d
3141140 21482140 21442141 21422141 21412143
3141160 213d2141 213d2141 213e213a 213d213a
3141200 213a213c 21362136 21352134 21362135
3141220 21332133 21322136 21382137 213b213d
3141240 213c2139 21382137 21342135 21322136
3141260 21312135 212f212f 2131212d 213a2134
3141300 21302131 2130212f 21342132 21322131
3141320 21342136 21312133 21312136 21302130
3141340 21422131 21342139 21342133 21312136
3141360 21312131 2137212d 213b2138 21392138
3141400 21302139 21352133 21392137 212a2132
3141420 212f212e 21342135 212c212c 212f2124
3141440 212a212a 212d212c 212d212e 21332136
3141460 2133212e 212c2129 21282125 21312135
3141500 21312134 21342132 212f212f 21312134
3141520 212d2131 21382133 21342136 21302132
3141540 212c2130 21292130 212e212d 21282129
3141560 2130212e 21302132 21322134 2133212e
3141600 21392136 2133213a 2132212e 212a2130
3141620 2130212d 212f2130 21282135 2129212a
3141640 212f212c 2134212e 2136213a 21332134
3141660 212f2134 21292130 2131212a 21282126
3141700 212a2128 212e212b 2132213b 2139212e
3141720 21322133 212a2131 212d212b 21312134
3141740 21362134 2133212b 2131212d 212f2135
3141760 21312136 21332134 2136212d 21362139
3142000 21342138 212f2139 2132212a 212e2133
3142020 212b2130 21232126 212d2132 2128212e
3142040 2135212d 2138212f 2133212f 2123212e
3142060 212d2124 21292136 212b2128 212a212f
3142100 2131212e 212d2128 2129212d 212a2129
3142120 2125212c 21262129 21252125 211d2122
3142140 2123211e 212f212c 212c2131 212d212f
3142160 212f212c 2128212a 21232127 21222126
3142200 21222126 2123212b 21222125 212d2124
3142220 212d2135 2127212b 21262125 21292125
3142240 21272122 21242123 2124211e 21262122
3142260 211d2124 2121211e 2119211e 2116211a
3142300 21202110 211d211d 21222121 211f2122
3142320 21192119 211f2118 21162114 21212114
3142340 21242123 212c2124 21252127 2126211f
3142360 2119211a 211a2122 211e2118 21222121
3142400 211f2118 21142111 2122211c 21292122
3142420 21252121 2115211f 21142118 211a211b
3142440 211f211c 211f211f 21182116 211d211f
3142460 21222120 21252120 21252121 211e2125
3142500 2118211f 21182119 211b2117 211c2119
3142520 2117211e 211e2119 211d2118 211a211a
3142540 211b2113 211b2117 211c211c 211d211f
3142560 21182121 21242124 211a2120 212a2125
3142600 211e2122 211c2121 21262123 21242123
3142620 211e2124 21222125 211d2126 2120211c
3142640 21202117 211d211f 2121211d 21292126
3142660 21212126 211f211e 21262121 211e2122
3142700 21292121 21272122 21282127 2124212a
3142720 2125212a 21202126 211f2124 2124211d
3142740 21232123 2124212b 21242126 212a2128
3142760 21272128 21242126 21272125 21282124
3143000 212c2124 21342132 21372139 213e2137
3143020 2139213d 2139212b 2131213a 2133213a
3143040 2127213a 21332129 2131212e 21312135
3143060 212f2135 21322132 21342139 213b2136
3143100 213e2141 21412148 2142213e 21442139
3143120 213c2139 213b213b 2137213c 213a213c
3143140 213f213e 2149213f 213e2147 21422140
3143160 21402142 21422147 2142213e 213f213d
3143200 21362139 21412139 2141213f 214e2141
3143220 214e214a 2147214b 21452149 214a2147
3143240 214f2148 214a214c 214d214f 214f214d
3143260 21522153 214d214f 215c2151 21612155
3143300 2155215b 21542153 2160215a 2160215c
3143320 215e215c 215e215d 215a215a 21552154
3143340 2159215b 215d2158 215d2164 215a2162
3143360 215a2157 215b215c 21562155 215c2159
3143400 2164215a 21632160 215e2165 215c2161
3143420 21642162 21602162 21642160 2164215d
3143440 21642163 21642168 21662167 215f215b
3143460 21632160 21672162 21682166 216c2166
3143500 21642167 216b2163 21612161 2160215e
3143520 2169216a 21702165 216c216a 21632169
3143540 215e2160 21652162 21732173 216d2168
3143560 21632169 21692166 2168216b 21712167
3143600 2174216e 216d2175 216e216b 21642170
3143620 21642166 21662165 216c216b 216f2171
3143640 2171216c 2171216a 21692167 21642165
3143660 216f216e 21732170 21792173 21722173
3143700 216e2172 216c216b 216f2175 2174216e
3143720 21762170 216c2176 21712177 21762175
3143740 21772170 21712173 2169216d 21712174
3143760 21752175 21772174 217a2176 216d216d
3144000 216d216d 2176217c 21732184 216f216e
3144020 216e2174 2170216d 217f2174 217a217b
3144040 2178217d 21742178 21702178 21732171
3144060 217d2179 217e217b 21802182 217c217e
3144100 2177217d 21792178 21762173 21762173
3144120 21732177 2179217a 21762171 21722170
3144140 21702179 21752176 21772176 217d2177
3144160 217b2180 2178217b 21782180 21772174
3144200 21792176 21792172 216a2177 216e2172
3144220 216c2173 2172216f 21742175 216a216e
3144240 216e2173 216b216c 21702169 21712165
3144260 216e2173 2168216f 2166216b 21682161
3144300 21672161 216e2169 216d216f 21702172
3144320 21762173 216b2170 216e216e 216a216b
3144340 21662169 216c2164 21682167 2163216d
3144360 2169216b 21642163 215d2164 215f215f
3144400 21662168 21612163 21662162 21612163
3144420 21622166 2160215c 215f2164 2165215d
3144440 21642162 2158215d 215a215c 2165215f
3144460 21562161 21592154 21512158 214b214e
3144500 21512150 214b2152 21532150 21512154
3144520 215a2159 2151214f 21562158 214d214e
3144540 214b2152 214a214c 214d214e 2150214e
3144560 21552154 21522154 214d214e 214a214c
3144600 21452146 21552145 2152214f 21482152
3144620 2152214b 214c2151 214d214d 21472148
3144640 21452143 214b214c 21502147 2156214c
3144660 214a2151 21542152 2149214f 21452144
3144700 214c2148 21432145 21472148 21482146
3144720 21432145 21442142 21412145 21482140
3144740 21482142 21432142 214d2148 21462149
3144760 213c2145 2132213c 21462147 21452142
3145000 21472143 21402143 214b2148 2151214b
3145020 214c214d 2148214a 21412141 214b2142
3145040 2149214a 214c2145 21482151 21442142
3145060 21432143 2144213f 21512149 214f214c
3145100 21492143 2148214f 21432144 213f2141
3145120 214d2141 2142214b 21422147 214b2148
3145140 214b214c 214b214f 2149214e 21532148
3145160 2153214a 2151214e 2155214d 214d214b
3145200 2148214e 214c2147 214c2151 214c214f
3145220 21532156 215f215e 2158215a 214a2150
3145240 21552150 2148214e 2150214b 21572156
3145260 21592154 2155215d 215d2158 2157215c
3145300 215d215a 215e2160 2157215a 21532154
3145320 215d215c 21592155 21582152 2162215b
3145340 2163215f 21602162 215b215f 215c215c
3145360 2158215e 2162215b 215b2161 215f2165
3145400 216d2169 2165216c 2163216a 2164216b
3145420 21672163 2168216c 21662169 2161215d
3145440 215e2161 216c2163 21662164 21662162
3145460 216a216d 2165216c 216e2171 216b216a
3145500 2173216a 21712175 21752173 216d2177
3145520 21702172 21742175 21782176 2175217d
3145540 2173217a 21772172 2175217f 21762177
3145560 217f2176 217f2183 217d217c 21822180
3145600 21842181 21842181 217e2176 2181217d
3145620 2180217f 21782181 217a217c 217d217f
3145640 217f2184 21872181 217c2186 21862187
3145660 21852186 218d2186 2188218c 21822189
3145700 21842182 21842184 2186218e 21872188
3145720 21862188 218f218d 2197218f 21982195
3145740 218c218d 218d218b 2191218c 218e218d
3145760 21932190 2191218d 2189218d 218a218b
3146000 218f218d 2193218f 218c218a 2193219c
3146020 21942193 218f2197 21952191 21952192
3146040 2191218e 21912193 218f2193 2197218f
3146060 21952196 21932192 219a2198 21962196
3146100 219d2198 2197219d 21952198 21942198
3146120 21982198 219e2198 219c219d 21a4219c
3146140 21a021a6 219521a0 21a02198 219a219c
3146160 2193219a 2196219f 21992199 21982199
3146200 21952199 21952198 21a12199 219d21a4
3146220 219e219b 219c21a4 2198219d 2197219d
3146240 219a219e 21962198 218c2192 21942193
3146260 21982198 21a0219a 219d219d 219d2199
3146300 219f219f 219b219d 21a6219e 21a721a0
3146320 219d21a6 219c219d 21a421a3 21a2219f
3146340 219a219c 219c219d 21952197 21992196
3146360 219b2194 219c21a2 21a0219c 219821a1
3146400 219a219b 21982199 2195219e 219a2198
3146420 219b219a 21a321a0 219c219f 219f21a1
3146440 21a32198 219f21a4 21a221a3 219a2192
3146460 219a218b 219e21a0 2198219c 219d21a3
3146500 2199219a 21a02198 219b2193 21942191
3146520 21962199 21942193 21a1219a 2198219c
3146540 21992193 2196219c 2191218f 218f2191
3146560 21932190 219b2196 21942197 218b2193
3146600 2191218c 218f218f 218f2192 218b2188
3146620 21842188 21872182 218b2187 21832185
3146640 21812185 21842185 218a217e 21882185
3146660 21872186 2188218d 21832185 217d217a
3146700 217f217d 21862181 2186218b 21872184
3146720 2181218c 217e218a 2180217f 217a217d
3146740 21842179 217e2181 2177217c 21752179
3146760 217c2179 217e217c 2177216f 217d2176
3147000 217a2173 216f2176 21712169 2174216f
3147020 216f2172 216e216f 2171217a 216f216e
3147040 2168216e 2164216f 216a2164 21682160
3147060 21672167 21672160 21612160 21632161
3147100 21652164 21612164 216d2161 21632163
3147120 21622166 21672161 215d2167 21692164
3147140 21692164 21642168 21642168 216b216a
3147160 2167216c 21662163 215b215d 2165216a
3147200 215e215f 21632166 21642161 21602162
3147220 21592164 215b215b 21632157 2162215f
3147240 215f215f 21612167 2166215e 215e215b
3147260 21572157 21592160 2160215c 215d2157
3147300 21632159 215f2165 21622166 2156215d
3147320 2157215b 2154215b 215e215a 215d2162
3147340 215b2163 215a2157 21572154 21592155
3147360 21582156 215a2158 215f2157 215e215b
3147400 21652162 215c2160 2160215b 215d215e
3147420 2165215c 2160215f 21632165 216a2164
3147440 2166215e 216c2161 21612164 21662166
3147460 2160216c 21582155 2165215a 21522158
3147500 215c2159 2159215a 215f2156 21672162
3147520 215c215f 215f2163 216e2163 21622162
3147540 21622160 21602165 216a2168 21632163
3147560 216a2163 216f216b 216c2169 216f216c
3147600 216f2170 216a216e 21692165 2171216d
3147620 216d2172 2167216e 21692163 216c2166
3147640 21732169 216b216e 216e2171 21702172
3147660 21732170 2172216d 216e216c 21712173
3147700 21762175 2177216f 21762170 21722179
3147720 21752177 21792181 21792175 2180217e
3147740 217e2180 21852182 21852182 21812183
3147760 21852187 21872187 2189218b 2183218a
3150000 21862185 217f217f 21802185 21812182
3150020 21802183 217e2180 21802181 21842185
3150040 21892189 218e2182 21902186 218c218d
3150060 218a218d 21922190 218f218d 2191218c
3150100 2189218d 21872186 218b218b 218c218e
3150120 218b218b 218b218f 218f2190 21942191
3150140 218b218c 21972196 218c219c 2188218c
3150160 21862195 21802187 2187218f 2193218a
3150200 218a218f 21922190 2197218d 21a0219e
3150220 219b219e 219b21a0 2198219f 21a0219c
3150240 21aa219f 21a521a2 21a721ac 21a221aa
3150260 21a221a1 21a021a0 219c2198 2196219b
3150300 21a0219d 21a721a5 21ab21a1 21a021ac
3150320 219d21a3 21a021a6 21a221a1 21a821a1
3150340 219921a2 219e21a2 21a521a0 21af21ac
3150360 21b021ae 21ab21ad 21ab21b4 21af21ac
3150400 21b021af 21b821b4 21a721ab 21a621a8
3150420 21b921b5 21af21ac 21ab21b1 21a721a5
3150440 21a721a6 21a421a4 21ab21a3 21b321a8
3150460 21ac21ae 21a821af 21ab21a7 21ba21b2
3150500 21ba21bd 21b721be 21b721bb 21b721bd
3150520 21bf21b5 21c121c1 21be21bd 21bc21c0
3150540 21b721b6 21ad21b4 21b621af 21b821b6
3150560 21b821ba 21bb21bc 21b621b8 21bf21b8
3150600 21bf21b8 21bd21bc 21bb21bc 21bb21ba
3150620 21ca21bf 21c621cb 21c021bb 21c221c0
3150640 21c221c6 21c621c6 21c021bd 21c521be
3150660 21c521c3 21bd21bb 21ca21c8 21c321ba
3150700 21c021c5 21b621c1 21bb21b6 21b421ba
3150720 21be21bb 21b821b9 21c421bb 21c521c8
3150740 21bd21be 21ad21b3 21aa21af 21ba21b6
3150760 21ae21ac 21b321ab 21b421b2 21b321b1
3151000 21b121b5 21b121b8 21b321b7 21ae21b6
3151020 21b221b3 21b321ac 21a721b1 21b421b0
3151040 21b821b2 21b921b6 21b721b4 21b721bc
3151060 21ba21b4 21b521b5 21b021b1 21af21b0
3151100 21a921a9 21ac21ae 21a521ad 21a721aa
3151120 21a821ac 21ae21ad 21b321ae 21a521a9
3151140 21a221a7 21a021a1 219f219f 219e2199
3151160 219c2197 2195219d 21972199 21992191
3151200 2197219d 21962196 219c2199 2197219c
3151220 219e2196 219f219b 219921a0 21942199
3151240 218e2194 218a218d 21922191 21942190
3151260 21932197 21922190 218d2194 218d218b
3151300 21972192 218f2190 21952196 21972193
3151320 21912190 21892190 218c218c 218e218b
3151340 2183218c 2185217e 21822182 21902182
3151360 21932192 2190218d 21932187 21852189
3151400 21892185 21852189 2192218e 218d2193
3151420 21862186 217e2186 217f2183 21862186
3151440 218b2188 217b2184 21832182 21832184
3151460 21822181 2186217e 21822182 217b217d
3151500 21862179 21862185 21882185 21892185
3151520 21882189 21832188 2183217d 217d217c
3151540 217d2181 217f2185 2182217e 21832184
3151560 218a2184 21892184 21862189 21882189
3151600 21812183 217f217a 217d217f 217b217e
3151620 2182217d 21822181 2181217e 217d217f
3151640 21882180 217a218b 2187217c 21882184
3151660 21822187 21802181 21832180 217e2182
3151700 2181217d 21802188 21882183 21832183
3151720 21822185 21892181 2181217b 217a2180
3151740 217e217b 21882182 217e2181 217f217e
3151760 217e2184 21832188 217d2182 21802180
3152000 21782181 217e217c 217b217f 2180217a
3152020 2180217d 2180217b 217c2187 217f2184
3152040 2184217d 217f217f 21842185 217e2183
3152060 217b2182 21872185 21892189 217c2184
3152100 2184217c 2193218c 217d217c 21922187
3152120 21812188 2185218d 218a218d 218a218f
3152140 21892186 2183218a 21832187 21882187
3152160 218e218a 218e218b 218d218e 2187218c
3152200 218f2193 21952191 21992198 218c218e
3152220 2193218c 2191218b 2189218c 218d2186
3152240 21982197 21942194 21912191 21902190
3152260 2192218e 21952192 21932194 2197219a
3152300 21972191 2190218f 219c2193 218c218f
3152320 2194218f 21942198 2190218f 2195218e
3152340 219b2192 2198219a 2198219b 21a621a3
3152360 21a521a0 219d21a8 21992198 2199219b
3152400 21a421a2 219a219c 2199219a 21a1219e
3152420 2196219a 2199219c 21a5219d 21a821a4
3152440 21a421a3 21a221a3 21a321a7 21aa21a2
3152460 21aa21a9 21a421a4 219f21a8 21a5219f
3152500 21a621a1 21a321a0 21a121a1 219f21a2
3152520 21a0219e 21a521a5 219a21a3 21a521a9
3152540 21a921ae 21ad21a4 21a721a7 21b321ab
3152560 21ae21b3 21ae21b0 21ac21ab 21b621b0
3152600 21af21b1 21b221b4 21b121b1 21bc21b5
3152620 21ad21b5 21b021b5 21ad21b8 21b721aa
3152640 21b521b9 21b521b8 21b321ba 21b921bb
3152660 21ba21bb 21c021b9 21ba21c0 21be21c1
3152700 21c021c8 21be21c0 21bf21bb 21c121bc
3152720 21bd21c1 21c421c1 21c521c1 21bf21c0
3152740 21c021be 21ba21bb 21bd21bf 21c221c0
3152760 21c621c5 21c321c1 21c521c4 21c421be
3153000 21c421c4 21c321be 21bf21c5 21c021c7
3153020 21c121bd 21bd21bd 21bf21bd 21bd21b5
3153040 21b921bc 21c221c2 21c321c4 21c121c2
3153060 21c221bb 21ba21bb 21be21c3 21c121bb
3153100 21bc21c0 21bd21b9 21bf21c2 21c821c7
3153120 21c421c8 21c621c6 21c521c0 21c121c5
3153140 21bf21c5 21bb21ba 21c421bc 21c721c4
3153160 21c721ca 21c421c9 21b821c8 21c121be
3153200 21c221c2 21bf21c3 21c721c6 21c721c4
3153220 21c321c6 21c021c1 21bc21c0 21bf21bf
3153240 21b721be 21c121bb 21c021c1 21bf21ba
3153260 21bd21c2 21bb21bf 21bc21b6 21b421b7
3153300 21bc21b9 21b921b9 21c321bc 21be21bb
3153320 21c221c1 21bc21bd 21c221c0 21b421ba
3153340 21c421ba 21bb21c6 21b921be 21b621bc
3153360 21c021b8 21ba21bf 21b421ba 21bb21b5
3153400 21bb21ba 21bc21bb 21b621b9 21b321b4
3153420 21b821b1 21ae21b7 21ae21b0 21b121aa
3153440 21af21b1 21af21ae 21ab21b0 21a921ac
3153460 21ae21a7 21b521b1 21aa21b0 21b121af
3153500 21ae21b3 21ac21ad 21b021b0 21a621ab
3153520 21ae21b3 21b021ae 21b121b3 21a921af
3153540 21b021ac 21b121b4 21aa21b2 21a921aa
3153560 21ab21ab 21ab21a3 21a921a8 21a021a9
3153600 21a421a5 21a421a5 21b121af 21a721a4
3153620 21a421a9 21a321a7 21a721a9 21a721aa
3153640 21a421ae 21ab219f 21a921a8 21a5219f
3153660 21a621aa 21a321a2 219b219e 219a219d
3153700 21992199 2199219b 219a219c 219e219c
3153720 2199219a 219e2197 21a021a0 219f219f
3153740 21a621a2 21a321a5 21a221a2 219f21a0
3153760 21a4219f 21a521a1 21a421a2 219d21a1
3154000 21a321a2 21a021a5 21a1219f 21a0219f
3154020 21a0219f 21982194 21962191 21a32199
3154040 21a721a2 219c21aa 219f219f 219621a0
3154060 21a4219d 21a12198 219a2199 219d219f
3154100 219d219b 21962195 21982193 2196219c
3154120 219b21a2 218c219b 21892196 218f2191
3154140 21932192 218d2192 219a2199 21972193
3154160 21942192 21932194 21982194 2197219d
3154200 21982196 21902192 21952192 21932191
3154220 2197219c 21942197 21992197 21982193
3154240 219e219b 2199219f 219c2192 219b2196
3154260 219b219b 219c219c 219f219b 219c219c
3154300 219e219f 21922195 21912192 219c2199
3154320 219b2194 219a2198 21902193 2185218b
3154340 21912191 21962191 219a2199 21992195
3154360 219e21a2 21a221a9 21a521a7 21ab21a5
3154400 21a621a7 21a321aa 219f21aa 21a2219f
3154420 21a721a0 219e21a5 2194219a 219d219f
3154440 219e21a0 2197219e 2194219e 2198219b
3154460 21a021a3 21ab21a8 219c21a4 219d2197
3154500 219f219b 21a02199 21a421a9 21a3219c
3154520 219a219c 2196219e 21a121a1 21a621a3
3154540 21a721a4 21a021a4 21a621a6 21b421b7
3154560 21b221ad 21b121b5 21af21a6 21ad21b3
3154600 21a921ae 21a421a3 21a321a7 21a921a1
3154620 21a221a8 21a421a8 21a321a4 21a621a5
3154640 219f219f 21a621a2 21ab21ab 21ad21aa
3154660 21aa21aa 21a621a7 21a421a2 21aa21aa
3154700 21a721ac 21b021a5 21a421ac 21a421a2
3154720 21ae21af 21ac21a5 21a721a3 21a121a5
3154740 21ab21a3 21a621b1 21a821ab 21ad21ab
3154760 21a021a6 21a7219f 21ac21ae 21b221b0
3155000 21b921b4 21b421b7 21b021b8 21b321b1
3155020 21ae21ae 21b521b5 21ae21b3 21b421b9
3155040 21b321b3 21b921b7 21bb21c2 21bf21bc
3155060 21c121be 21c221bc 21b621ba 21b821b7
3155100 21b821b5 21b621bb 21bc21b9 21bd21bd
3155120 21c121c0 21c521bc 21cb21ca 21c221c7
3155140 21c021c1 21c221bc 21c321be 21bd21c0
3155160 21c621c3 21c421c4 21c321bb 21bc21c1
3155200 21c421c0 21c621c0 21c921c6 21cb21c4
3155220 21cf21cc 21c321ca 21c321c5 21be21c6
3155240 21ca21bc 21c121c5 21c821c4 21c321ca
3155260 21cc21d0 21cf21ca 21c621cf 21d221cc
3155300 21c521cc 21ce21cf 21ca21cb 21c521c2
3155320 21ca21ce 21ca21cc 21c621d3 21cc21d0
3155340 21ca21cc 21d121d0 21ca21cb 21ca21cf
3155360 21d121cf 21c721cb 21cd21d2 21c821ce
3155400 21c621c4 21cc21c1 21d021ce 21c421cc
3155420 21c821cf 21c621cc 21ce21ca 21ce21ce
3155440 21d421d0 21d521d3 21cf21cd 21d321cc
3155460 21cd21c2 21c821cd 21c921c8 21c521cb
3155500 21ca21c3 21c421c9 21c821c3 21cf21ce
3155520 21d121c7 21cc21cf 21bf21c9 21c621bf
3155540 21c221c8 21c421bd 21c921d0 21c121c2
3155560 21c221c0 21bc21c0 21bd21bb 21c121bf
3155600 21c021c3 21c821c3 21c621c1 21bd21ba
3155620 21c421c4 21c321bf 21c321c4 21c421c6
3155640 21c221c0 21c921c5 21c421c8 21c821c5
3155660 21c121ca 21c421c0 21c121c2 21be21bb
3155700 21b921be 21ba21c0 21c121c3 21c421c4
3155720 21b621c0 21bb21bd 21b421c1 21bb21b8
3155740 21b721c1 21c521c1 21c121c4 21c621c5
3155760 21c221c1 21ba21c2 21ba21bb 21c821c3
3156000 21ca21c2 21be21bf 21c421c4 21b521be
3156020 21bf21b7 21c721cb 21c321c2 21c321c6
3156040 21c321c5 21c421c9 21c821c8 21bd21c5
3156060 21bf21be 21ca21c6 21c921c2 21d021cb
3156100 21c721c7 21ca21c3 21bf21ca 21c221c2
3156120 21ba21bc 21bb21c0 21bf21bd 21ba21c4
3156140 21c021bb 21c421c1 21bd21c0 21c321bc
3156160 21bf21c0 21c221c6 21c521c9 21c821ca
3156200 21c621c7 21ca21c4 21c221c5 21bd21bd
3156220 21bb21bf 21be21b9 21c221bf 21bf21b6
3156240 21c221c3 21be21bb 21cc21bd 21c621c8
3156260 21cc21c8 21c221c4 21c421c5 21c421be
3156300 21ca21c0 21c921c5 21c021c8 21c621c5
3156320 21c421bf 21c921cd 21c221c7 21c621c7
3156340 21be21c4 21c421c3 21c321c5 21c321c8
3156360 21be21c0 21c121be 21c021b8 21c521c1
3156400 21c321c6 21c321c5 21c921c4 21cb21c4
3156420 21c521ca 21c321bf 21ca21be 21be21c2
3156440 21be21c1 21bb21be 21c021c4 21c721c3
3156460 21cb21c9 21c721c4 21cb21c6 21c921c7
3156500 21cb21cd 21c921c0 21c721c7 21bf21ce
3156520 21c421c1 21c321c9 21c421c0 21c321c0
3156540 21c021c5 21c421c4 21c721ca 21c021c0
3156560 21c721c2 21c821c9 21c621d0 21c421d0
3156600 21c621c6 21c521c0 21c721c4 21bf21c3
3156620 21c621c4 21c821c8 21ce21c6 21ca21c6
3156640 21c221c7 21c921cc 21c621cc 21cc21c2
3156660 21c821c4 21c321c1 21cb21c4 21cc21cd
3156700 21c821cc 21c821c8 21c421c6 21c721cb
3156720 21ce21ca 21cd21cb 21cf21d0 21c221ce
3156740 21c821c9 21ca21c8 21c121c6 21c221c7
3156760 21cb21c4 21bd21c7 21c621c2 21bd21c3
3157000 21c521c3 21be21c5 21bf21be 21c621c6
3157020 21c521c9 21c021ca 21c121c3 21c621c6
3157040 21cf21c9 21cb21cf 21cc21cb 21c621cb
3157060 21ca21c6 21c721c8 21c521c6 21c421c9
3157100 21c721c6 21c921ca 21c921cb 21cb21ca
3157120 21c621cd 21c421c7 21c721cc 21d021cb
3157140 21d621c6 21cf21ce 21ce21d1 21cc21d1
3157160 21cd21cd 21d621d2 21d621d6 21d821d2
3157200 21ce21d9 21cc21ce 21cb21ca 21d421cf
3157220 21cc21d0 21d321d3 21cf21c5 21d821d2
3157240 21d321cd 21d221d4 21d921d8 21db21d9
3157260 21d221d7 21ce21d2 21d721d3 21d421d3
3157300 21d021d0 21d121d3 21c821ce 21ce21d0
3157320 21ce21cd 21cc21c9 21c921c5 21cd21d1
3157340 21d121cb 21d221d4 21d921ce 21db21de
3157360 21de21d4 21d321de 21da21d7 21dd21d7
3157400 21d721d3 21d721dc 21da21da 21db21db
3157420 21d821d9 21dd21d9 21d821dd 21da21db
3157440 21d421d4 21d521d2 21de21d4 21d921d9
3157460 21d721d8 21d021d7 21d421d1 21dd21d6
3157500 21d021d6 21d621d1 21d121d2 21d421d6
3157520 21d521d6 21de21d3 21dc21df 21d821dc
3157540 21d821d6 21d421d5 21d421d1 21dc21d9
3157560 21dd21e5 21e221e0 21dd21d8 21d521d8
3157600 21d721d2 21d921d7 21e121d2 21e021d8
3157620 21db21dc 21d421d6 21d621d8 21d521d9
3157640 21d721da 21de21d9 21d921dc 21db21db
3157660 21dd21db 21d821d4 21db21d8 21d621d2
3157700 21d021d5 21d521ce 21db21d4 21d921d4
3157720 21d521d9 21d021d0 21d321d4 21dc21d6
3157740 21c621da 21d521d8 21d421df 21d221d4
3157760 21d621d1 21d021d2 21d321d4 21da21d2
3160000 21df21d7 21d721d8 21d221d3 21d521d2
3160020 21dc21db 21d721d8 21d321d1 21ca21d4
3160040 21d321cd 21cd21ce 21d921d6 21d621d0
3160060 21dc21dc 21d321da 21dd21e1 21d921d6
3160100 21dc21db 21d621d8 21d521db 21d321d3
3160120 21d321d3 21cd21d2 21d821d3 b01104c7
3160140 00000fcc 0001000a 00010000 03b1604b
3160160 00000ffc 0001000a 1400003c add01f00
3160200 add01f01 add01f02 add01f03 add01f04
3160220 add01f05 add01f06 add01f07 add01f08
3160240 add01f09 add01f0a add01f0b add01f0c
3160260 add01f0d add01f0e add01f0f add01f10
3160300 add01f11 add01f12 add01f13 add01f14
3160320 add01f15 add01f16 add01f17 add01f18
3160340 add01f19 add01f1a add01f1b add01f1c
3160360 add01f1d add01f1e ff000134 00000020
3160400 00000002 cd8e6f7a 00000001 deadbeef
3160420 f0000002 cd8e6f66 14017c70 00000000
3160440 00000134 00001f48 a01004c8 21c821c9
3160460 21cd21cf 21cb21d1 21cf21c9 21c921c7
3160500 21c321c2 21c921c9 21c921ce 21cc21c8
3160520 21c521c8 21c721cc 21ca21c9 21c521c3
3160540 21ca21c6 21c821c6 21c621c6 21bf21cb
3160560 21be21be 21c221bf 21c621bf 21b921bf
3160600 21c521c2 21d021c5 21c421c7 21c121c1
3160620 21b821be 21bb21ba 21bd21b2 21be21b7
3160640 21c421c7 21c921c6 21cc21ca 21c921cb
3160660 21cd21cc 21c421ca 21cf21d1 21cc21cd
3160700 21c321c4 21cb21c5 21cb21cb 21cb21d2
3160720 21d221d1 21cc21c9 21ce21cc 21cc21cf
3160740 21cf21d5 21d721d7 21dd21d4 21d921d3
3160760 21d921d6 21d321d7 21da21da 21d121d6
3161000 21db21d3 21cb21d0 21d021d4 21d621d4
3161020 21cb21d0 21d721d5 21d221d4 21db21d8
3161040 21da21db 21da21db 21df21dd 21de21d6
3161060 21e221e1 21de21d8 21de21df 21dd21e0
3161100 21de21de 21e121dd 21e521e3 21df21e5
3161120 21e321e5 21da21e3 21af21cc 21892196
3161140 215f216e 21572154 21532151 214b214f
3161160 214b2152 214a214f 21472143 214c2141
3161200 21502154 21522151 2154214e 21532155
3161220 21542154 21512158 21542156 21532156
3161240 2150214d 21502153 21522154 21542158
3161260 21402147 214c2151 2148214a 214c214e
3161300 21592150 21552157 2158214f 215d2154
3161320 21542160 215e215f 21622165 2166215d
3161340 215e2167 215f2162 2159215f 21562156
3161360 215d2155 216b2161 216b2170 2164216b
3161400 21682166 2164215f 21602166 21612167
3161420 216a216a 216e2166 216c216c 216a216f
3161440 2174216f 216d2171 2175216c 2170216a
3161460 2166216d 216b2164 216b216b 216d2168
3161500 21712169 2170216e 216f2175 21722175
3161520 21722171 21732172 21752174 216c2173
3161540 21722177 216c216f 21782174 217e217d
3161560 21812180 2177217b 2177217a 216f216d
3161600 217b2176 217f2185 21822184 217e217f
3161620 21792173 2176217b 2180217d 21782180
3161640 2177217f 2188217d 21802183 217c217c
3161660 21822182 218e2187 218a2188 21852185
3161700 21872183 21832185 21862187 218c2189
3161720 218b218b 218b2188 218c218a 21882182
3161740 2184217e 21802180 21822184 218b218a
3161760 21842189 21812180 21812184 21812189
3162000 21802186 2183217c 218b2189 218d2184
3162020 2183218b 217f2187 21872182 21862186
3162040 21832180 21792185 217d2182 21802180
3162060 2188217d 21862189 21892184 21802186
3162100 2189218a 21872186 21862185 2181218a
3162120 2184218f 21882187 2188217d 21832186
3162140 21842187 21892188 21852181 218c2185
3162160 21832186 217e2184 21852184 21822184
3162200 21892184 21802184 21892188 217c2186
3162220 217e2180 217f217b 2181217a 2178217d
3162240 217e2178 21752180 217f2178 217d217a
3162260 217b217c 21882180 217c2181 21832183
3162300 217d2176 217a2177 2170216f 21702173
3162320 21712172 216f216f 216a2166 216b216d
3162340 216f216b 21712168 216b2165 216c2176
3162360 21662170 216b2169 216d216b 216b2171
3162400 2167216d 216a216a 21602166 216d2162
3162420 2164215f 21682161 215d2162 21652162
3162440 2160215f 2158215e 2152215a 2153215c
3162460 21582156 215f215d 215b215e 215b215e
3162500 21612164 2160215f 215e215d 215d215a
3162520 21552159 21512156 214f2151 21502152
3162540 2146214e 2158214b 21482157 2150214c
3162560 214d2152 2146214b 214b2150 21492148
3162600 21472144 21472148 214c214e 214f214c
3162620 214c2153 214a214c 214d2147 2148214e
3162640 21452140 21432146 213e2142 214c2145
3162660 214e2149 21482149 214f2149 21552152
3162700 21502149 2148214b 21422145 213f2140
3162720 21442146 214c214e 2149214e 2145214a
3162740 21442143 21422141 214e2147 214e2150
3162760 2146214f 21482147 21422143 2145213e
3163000 21442142 21452141 2149214a 214a2148
3163020 213a213a 21452140 21462142 21402147
3163040 21422142 21472145 2152214b 2140214f
3163060 214b2145 2143214e 21492144 214c2145
3163100 214a2150 21432148 21452143 21452148
3163120 21482146 21422149 214c214c 214d214f
3163140 21462146 21452145 21472145 2144214a
3163160 214b2147 2150214b 21512146 21552153
3163200 214f2152 214f214b 2154214f 2158214f
3163220 21542152 214e2151 214f214d 2156214e
3163240 214f2152 21522155 215c2159 215e215b
3163260 21542157 2159215a 21542153 21572158
3163300 215f2158 21652161 21632163 215c2162
3163320 215c2160 215b215d 21602159 215f2162
3163340 215d215d 21602169 21632161 2167215d
3163360 21642167 216a2168 2166216b 216f216d
3163400 216e2169 216d216c 2169216c 21682169
3163420 216a2169 216d216d 216b216e 21692163
3163440 2166216f 216b2166 2173216d 21782174
3163460 21752173 21782176 21772174 21772170
3163500 217c217a 21792178 217f2180 21842183
3163520 21782183 21832176 2174217f 217f2181
3163540 217e217f 217f217a 21802179 21852186
3163560 218c218b 218f218c 21832188 217b217e
3163600 21752176 2182217e 2183218a 21892181
3163620 21832182 21812182 21822184 21872187
3163640 218a2186 218c218b 218f2192 2192218b
3163660 21912191 218e2190 21902195 218d2189
3163700 218c218d 218e2194 21942190 218f218c
3163720 21912192 218c2190 21942195 218f2190
3163740 2196218d 21962195 21962199 219c219a
3163760 2197219c 21982198 2191219b 21952196
3164000 21972195 2199218f 219c2198 219a2199
3164020 2198219a 2194219c 2199219a 219a2195
3164040 219d219b 219a2198 21a421a0 21a6219c
3164060 219f21a3 219d219c 219f21a9 21a321a1
3164100 21a5219d 21ad21a7 21a521a4 21ac21a9
3164120 21a921a8 21ab21aa 21a621a8 21a621a0
3164140 21b221a7 21ab21ac 21a921a9 21ad21aa
3164160 21a721a9 21a021a7 21a321a0 21a5219d
3164200 21ab21a4 21a821a3 21ac21a8 21af21af
3164220 21b021b1 21a721ae 219d21ac 21a721a1
3164240 219d21a0 21a821a4 21a721a0 219f219c
3164260 219f21a3 21a3219f 21a821a0 21a521a5
3164300 21b121a2 21ad21b2 21ac21ab 21ab21a7
3164320 21a221a8 219f219f 21a721a3 21a621a4
3164340 21ab21a4 21a821a9 21aa21ab 21a521af
3164360 21a821a9 21a4219f 21a3219d 219b219d
3164400 21a3219f 21a821a8 21ab21a8 21a421a5
3164420 21a021a7 21a521a7 21a821a1 21a021a1
3164440 21a321a3 219d21a1 21a621a3 219e21a2
3164460 219f219d 219f219e 21a421a5 219d21a3
3164500 219f21a2 219f21a2 21982195 21a721a2
3164520 21a1219e 21a121a0 219c219c 21932193
3164540 218f2190 2198219a 219b219a 219a219e
3164560 219e2199 219f21a0 21a021a7 219d219b
3164600 219c219e 2199219a 2193219a 218f2191
3164620 21912193 21992190 218a2188 218b2189
3164640 218b2186 21932188 218f217e 2182218e
3164660 21822186 2178217f 21762175 21852182
3164700 2189218a 2184218f 21862189 218b2187
3164720 21872180 21832183 21842186 2183217d
3164740 21832184 21842184 21782171 21822186
3164760 217f2183 21832180 217b2182 2186217e
3165000 217d2182 217f217f 21852180 2184217f
3165020 217b2180 217a2182 21812182 217a2178
3165040 21742175 217b2173 21752179 21752176
3165060 21722171 21732176 217d2171 217e2180
3165100 21742177 21702171 21722175 21732179
3165120 21762175 217a2176 21772175 2179216d
3165140 21762172 217a2179 2173217b 217a2173
3165160 21792176 21752178 216d2171 21762177
3165200 217b217b 216e216a 216f2169 216d2176
3165220 216e2173 21712179 21722175 21712172
3165240 21702173 21752179 2178217b 21742172
3165260 216f2178 21742174 2170217b 21772175
3165300 21782172 2176217c 21752172 217b217d
3165320 216f2174 2175216d 2176217a 216f2176
3165340 217b2175 217d217c 217a2178 21782179
3165360 2171217c 217d2175 21762179 217a217b
3165400 21792179 2176217c 217a217d 217e217a
3165420 2174217e 217f2177 217e217a 217a217e
3165440 217b217a 217e217c 21862179 21882184
3165460 21792189 21762175 21762176 2172216e
3165500 217b2180 217b217e 21802183 21832182
3165520 21812186 217e217f 21802181 21832184
3165540 21862182 21812187 2188218c 21882186
3165560 21842185 21872183 21832185 21862189
3165600 21862188 21852185 21822188 218b2185
3165620 218b2191 218f218f 218c218f 218c218d
3165640 21932191 21912192 218e2192 2187218a
3165660 218d2186 21882189 2186218e 218a218a
3165700 218b218c 2191218c 21962195 21942196
3165720 21942196 21932190 21962198 21912192
3165740 21942195 2191218d 21942192 2193218d
3165760 21902197 21952193 21952199 21932198
3166000 21962192 219c2197 219d219b 219d219d
3166020 2195219b 219e2196 219c219d 219a21a1
3166040 219b219a 219c2198 21a2219c 21a3219a
3166060 219e21a0 219d219f 219f219f 219d2197
3166100 219721a3 21952196 219d2199 21a1219f
3166120 21a22198 21a421a5 219d21a3 21a021a3
3166140 219f21a0 21a721a0 219f219d 219e219b
3166160 21a1219b 219c21a3 21a3219f 21952198
3166200 21a121a3 2194219a 21a021a2 219f219b
3166220 21a721a2 219721a3 219c2199 21a1219d
3166240 21a1219a 21a0219d 21a021a8 21a621a3
3166260 21a421a0 21a721a6 21a0219c 21a621a4
3166300 21a821a0 21a021a1 219a2199 219f2192
3166320 219f21a0 21a321a4 21a4219d 21b021a8
3166340 21ab21a9 21a621ae 21ab21a8 21a421a4
3166360 21a621a5 21a121a0 21a521a5 21a921a6
3166400 21af21a8 21ad21ac 21b321b1 21a921ad
3166420 21a321ac 21a321a6 219e2197 219e219b
3166440 21a021a6 21a621a8 219e21a8 21b021a6
3166460 21a621a7 21aa21a9 21aa21b0 21a221a7
3166500 21a2219d 21a721ac 21a121a9 21a021a6
3166520 21a2219f 21aa21ab 21a521ae 21a021a6
3166540 21a1219a 2197219b 21a62199 21a421a4
3166560 2194219d 219d219e 219e21a5 21a521a8
3166600 21a5219b 21a321a3 219e21a2 21a221a5
3166620 21a3219e 21a321a3 219b21a1 219d219c
3166640 21a0219d 21a8219e 219f21a3 219f21a3
3166660 21a0219e 219b21a2 219b2197 21a2219d
3166700 21a0219a 2197219f 219f2191 219a21a2
3166720 21992198 21992199 219e21a0 219a219c
3166740 219a219d 21a6219f 219c219a 219e219b
3166760 219c219a 219f219c 21982197 219d2199
3167000 219b2198 218f2193 218e2190 2190218f
3167020 21952192 21942192 21922196 2193218f
3167040 2183218a 217f2187 2187218a 218c218e
3167060 21892190 218d218c 2189218e 218e2190
3167100 218f2189 218f218a 2192218c 218b218c
3167120 218f218c 2184218b 21882183 21902187
3167140 218c218d 2188218c 21842184 21832184
3167160 2186217d 218c2186 218d2189 21932190
3167200 21942190 21982195 218f2193 21892194
3167220 218c218d 21812188 21822181 21812186
3167240 21882181 21872180 218a2183 2182217b
3167260 217f2181 2185217d 217c2186 2180217d
3167300 21852182 21842185 218d218c 21832188
3167320 21872186 21882184 21862189 218c218d
3167340 218f2188 218a2184 21882195 218b2193
3167360 21842187 21882185 218a218f 218b2186
3167400 2187218c 218a2183 2182218a 2191218d
3167420 21812180 2189218c 217e2187 217b2178
3167440 218a2183 21902189 218b218f 2192218c
3167460 21882191 2196218b 2192218c 218a2190
3167500 2188218d 218a2186 2186217f 218d2185
3167520 218d2192 2186218d 218c2186 21862184
3167540 218d218b 2190218e 2197218e 2197218d
3167560 2198219c 218c218e 21932195 218e218a
3167600 218d2190 2195218f 21882193 218b218e
3167620 21902191 21972195 21902190 218e218e
3167640 21932192 219a219b 219e2197 21912190
3167660 21912191 2192219c 2196219c 21952197
3167700 21942194 21942198 21962190 219a219b
3167720 219f21a0 219a219e 21a32198 219821a0
3167740 2199219e 21902190 219c2194 219e2195
3167760 2194219d 219a219b 219c2199 219f2199
3170000 21a221a0 219c219e 21932196 21a62197
3170020 21a121a5 21a021a2 21a121a6 219b219c
3170040 21a32198 21a821a4 21a021a7 21a0219d
3170060 219d21a3 219d219f 219e2194 21a1219d
3170100 219921a0 219e219b 21a721a4 21a721aa
3170120 21b521af 21b421b0 21ac21b2 21b821b1
3170140 21ab21b1 21a921aa 21a721a5 21a621af
3170160 21aa21aa 21a921a1 21ae21a8 21ab21b2
3170200 21af21af 21ab21b6 21ac21a9 21af21ab
3170220 21ab21ae 21b021ae 21b321ae 21ba21b0
3170240 21b121b2 21ab21af 21af21a7 21a821ac
3170260 21ad21a4 21ab21ac 21b421af 21b021b3
3170300 21a621a9 21a921a8 21b021ac 21ad21b3
3170320 21aa21ac 21ac21b2 21ac21a4 21ac21a7
3170340 21a821a4 21ae21ae 21ae21b1 21a521a7
3170360 21af21b1 21ad21ae 21b121ae 21b321b6
3170400 21ac21ab 21a921ae 21ad21a7 21b321b9
3170420 21b221b1 21ac21b1 21ad21b2 21a521a8
3170440 21aa21a9 21a421a3 21b421a6 21b221ad
3170460 21a621aa 21a421ac 21ad21a7 21a221a7
3170500 21ae21a8 21a921b1 21a921b1 21a721aa
3170520 21aa21a5 21af21a7 21aa21b0 21ae21ac
3170540 21ae21af 21aa21ae 21ab21a9 21aa21a8
3170560 21b421b2 21af21a7 21b021b2 21aa21b0
3170600 21a421a9 21a521a5 21af21ae 21b221ae
3170620 21a721b1 21b821ae 21af21b1 21b821ac
3170640 21a421aa 21b621ab 21a421b3 21b521bc
3170660 21aa21ab 21a721a6 21ac21a6 21a521ad
3170700 21a421ad 21ab219f 21a2219e 21ab21a5
3170720 21a921a8 21ae21a8 21aa21a5 21a0219f
3170740 219d21a1 21a3219c 21a921a5 21a521a6
3170760 21ad21a9 21a921b2 21a821a7 21a121a9
3171000 21ad219f 21ad21aa 21a921ac 21a521a1
3171020 21a421a1 219e219f 219b2198 2199219c
3171040 219c219a 21a221a6 219e21a0 219821a2
3171060 219d21a0 21992195 2198219d 219b219b
3171100 21a2219d 219d219a 21a021a2 219c219e
3171120 21a221a4 219e219d 21992195 2199219f
3171140 21a12197 218f2194 219b2195 21982195
3171160 21962198 21a2219d 219a219c 219a219c
3171200 21972199 21982196 2190218f 21982197
3171220 21962198 21972192 2199219b 21972196
3171240 21962196 21962191 21912195 218f2199
3171260 218b218f 2193218c 21952190 219b2196
3171300 21902194 2188218e 2191218b 21892191
3171320 21842187 21852184 21902189 21992197
3171340 21922192 21952197 218f2195 2190218b
3171360 219b2193 21912187 218f2193 218d219a
3171400 21922197 218e2193 21a02194 21932196
3171420 218f2195 218f218f 218e218a 21942193
3171440 218d2194 218d2194 2190218e 218a218e
3171460 2193218e 218f2192 21872184 218f2184
3171500 218e218f 218b2188 218f218c 218e2195
3171520 218d218c 218d218f 218f218a 21932195
3171540 21982196 218b2194 218c218c 2194218f
3171560 2195219a 2194219c 21922193 219b2195
3171600 21932192 21962198 2197218f 218d218e
3171620 218e2197 2189218a 21972195 21992196
3171640 2198219f 2193218f 219c2196 21a0219b
3171660 219b219d 219f21a1 21a321a0 219d219b
3171700 21a1219f 219621a2 219b219d 219c21a4
3171720 219a219b 219c219c 219d219e 21a4219e
3171740 21a121a1 21a0219f 21a621a2 21a221a6
3171760 21a221a9 21a0219d 21a521a3 21a121a2
3172000 21a821a8 21ad21b3 21a921ae 21ad21a4
3172020 21b321a8 21a821b3 21ae21ae 21ab21b5
3172040 21b221b0 21ad21ae 21ac21b2 21b421b9
3172060 21bb21ba 21b321b0 21b421bb 21a421ad
3172100 21b021ac 21b421ac 21b821b0 21b321b4
3172120 21ab21ab 21af21b5 21b521b0 21b021b1
3172140 21ae21ad 21b421b3 21bb21bb 21b521b6
3172160 21c521bd 21b821c3 21bd21c5 21bb21c1
3172200 21be21b9 21bf21b7 21c321bd 21be21bd
3172220 21bd21c0 21be21b9 21c421c0 21bc21c3
3172240 21bb21bb 21bc21be 21c321bd 21ca21c5
3172260 21ce21c7 21c521cb 21c221c6 21c721c3
3172300 21c621c1 21c821ca 21cb21cd 21d421cf
3172320 21d321d0 21d321d6 21d421cf 21c821ca
3172340 21cb21cc 21cd21cb 21cd21ca 21d021d0
3172360 21cb21ce 21cc21d1 21c821ca 21c921c7
3172400 21c821cd 21c521cd 21c321cd 21ce21cb
3172420 21d621d2 21d321d6 21d921da 21d821d8
3172440 21d321d1 21d521d0 21c821cb 21c921d1
3172460 21d621d4 21d221d7 21cf21cf 21cf21d2
3172500 21ce21ca 21d121ce 21d221d6 21d121cf
3172520 21cd21d1 21d421d0 21d321dc 21db21da
3172540 21d521d6 21d721d2 21d021d0 21d321da
3172560 21d121d3 21d121cf 21d021d2 21cb21dd
3172600 21d421ce 21ca21d0 21d921d1 21ce21d2
3172620 21cc21cc 21d021d6 21d021d1 21d421c9
3172640 21c921c5 21ca21c4 21c921ca 21cd21cb
3172660 21d221ca 21d221d0 21ce21ca 21d021d0
3172700 21d221cd 21d021cc 21c921d1 21cb21cd
3172720 21c821c6 21ca21c8 21cb21cc 21ce21c7
3172740 21cc21cd 21c521ca 21d221cf 21d621cb
3172760 21cb21d2 21c621d0 21cf21c8 21cc21c7
3173000 21c621cd 21ce21c6 21ca21cf 21c521c9
3173020 21c321ca 21c821c8 21bc21c6 21c321b9
3173040 21cf21c2 21cd21c9 21cb21ce 21c421c3
3173060 21c721c3 21c021c4 21c621c2 21c621c3
3173100 21c121c0 21be21c3 21c521c4 21be21c1
3173120 21be21bb 21b921ba 21c021c3 21b921c4
3173140 21c221be 21be21b9 21c321bf 21ba21c2
3173160 21b821bd 21b721b3 21b521b3 21b621b4
3173200 21b221b8 21b221b9 21b321b5 21b821bc
3173220 21af21b3 21ac21ac 21b021b1 21b321b0
3173240 21b421b3 21af21b6 21b521b3 21b021af
3173260 21b821b4 21ae21b1 21b221b5 21af21aa
3173300 21af21af 21ae21b4 21bf21bb 21ad21b1
3173320 21b421af 21aa21b4 21ad21a9 21a821a8
3173340 21ab21a5 21b321ad 21ac21b1 21b121b2
3173360 21ac21ac 219e21a1 21a721a9 21a121a9
3173400 21a721aa 21a321a0 219d21a2 219e21a4
3173420 219e21a4 21a1219e 219e219e 21a5219e
3173440 21a521a9 219e21a9 21a421a5 21ae21a1
3173460 21a221a8 219a219f 21a521a5 21a921a5
3173500 21a0219f 219e21a6 21a4219f 21a42199
3173520 219d219e 21a12198 219d219e 219c219e
3173540 2196219d 21a02199 21a12198 2192219b
3173560 219c2192 2193219c 21932194 21992195
3173600 218e2190 21892193 21902192 219b218f
3173620 219a2195 2198219d 21972198 219b219d
3173640 21932197 21962194 21942194 2193219b
3173660 218f219b 21932194 219c2194 21982197
3173700 219d2194 219e219e 21a2219e 21a4219f
3173720 219e21a3 2199219c 219b219d 219e2195
3173740 219c2198 219e219e 21962197 219a2197
3173760 219a2193 21a2219b 219f21a5 21a421a5
3174000 21a5219f 21a521a4 21a321a4 21a021a0
3174020 21a82199 219c21a0 21a1219a 219c21a2
3174040 219f219e 21a321a1 21a821a5 21a321a7
3174060 21a721a2 21ac21a9 219f21a4 21a921a9
3174100 21ae21a6 21ac21ab 21b021ab 21a621aa
3174120 21ae21ae 21b021b4 21b121aa 21b621b2
3174140 21ae21b5 21aa21ac 21b621b1 21b021af
3174160 21bf21ba 21bc21be 21ae21b5 21ab21b2
3174200 21b521ac 21b021b3 21b121af 21b421b5
3174220 21b321ac 21b821b8 21b821b9 21b221bc
3174240 21b821be 21bc21b6 21c121ba 21ca21c3
3174260 21be21c4 21bb21c4 21c921bd 21c721c1
3174300 21cd21c9 21c721d3 21c221cd 21cc21be
3174320 21cc21bf 21ca21c5 21d121cd 21cc21cb
3174340 21c721d0 21ce21c8 21d021cf 21ce21d3
3174360 21d021d4 21d521d8 21dc21d5 21da21dc
3174400 21e021e3 21d821d9 21d821dd 21d821d3
3174420 21de21d9 21d721de 21e221e7 21e621e1
3174440 21de21dc 21e321da 21dc21e1 21e321dd
3174460 21e521e6 21e021e1 21de21dd 21db21dd
3174500 21df21da 21e821df 21e621df 21e221de
3174520 21e621ed 21ed21eb 21e721e7 21f521f0
3174540 21e221ee 21ea21ec 21ea21ec 21e521e5
3174560 21ef21e9 21f121f1 21ec21ef 21f121f8
3174600 21f021f5 21f021f1 21ec21e9 21ea21ee
3174620 21ec21f1 21ea21ee 21ee21ea 21e921ee
3174640 21f021ec 21ef21f2 21f121f5 21f221ef
3174660 21f121f0 21ed21f2 21ec21f3 21ec21ea
3174700 21ee21eb 21f121ec 21f521ed 21f921f6
3174720 21f721f3 21f721f4 21f421f2 21f121f2
3174740 21f021ec 21f021ee 21ed21ee 21f221f0
3174760 21f821f5 21fc21f8 21f721f5 21f421ee
3175000 21ee21ec 21ec21f3 21ed21ea 21ed21f0
3175020 21e521e5 21ee21e6 21e621e4 21e921eb
3175040 21ee21ea 21f221f0 21f021f0 21e721f1
3175060 21f021f5 21ed21f2 21e821e6 21ee21e7
3175100 21ee21ec 21f421f3 21ed21f4 21ef21ec
3175120 21f221f0 21f721f3 21f421f8 21f421ed
3175140 21f521ec 21e721e9 21e021e9 21f021f3
3175160 21f121f1 21f521ef 21e521ea 21eb21e7
3175200 21eb21ec 21f421ec 21ee21e8 21e621ed
3175220 21e821ed 21e321e6 21ec21e9 21e821e8
3175240 21e421ed 21f121ed 21e121e8 21e521e3
3175260 21e421de 21df21de 21dd21e6 21df21df
3175300 21df21de 21de21d8 21e121de 21dc21dd
3175320 21da21dd 21dc21de 21df21d5 21db21e2
3175340 21d421dd 21df21e1 21dd21dc 21d521d6
3175360 21d921d8 21d721d6 21d321d5 21cf21d3
3175400 21d221d4 21d621cf 21d121dc 21d421d3
3175420 21d721d6 21cd21d0 21cc21d5 21c921d0
3175440 21d321d3 21da21d5 21d921d2 21d021d4
3175460 21c721d2 21c721cd 21cd21ca 21d021ce
3175500 21cb21c8 21c721cc 21c021c9 21cd21bf
3175520 21c821cc 21c521c9 21c221c1 21ba21c5
3175540 21bf21c2 21bf21c3 21c121ca 21c121c7
3175560 21c221c4 21c121c8 21be21b9 21b821b8
3175600 21b221bc 21b121b8 21b321b3 21b221af
3175620 21b021ac 21ad21ba 21bd21bb 21bd21b9
3175640 21b721bb 21b921b7 21a821b8 21ad21aa
3175660 21a621a6 21a521a3 21b421aa 21b121ad
3175700 21b321b2 21b021af 21b421af 21ab21aa
3175720 21a021a9 21ab21ab 21aa21a9 21ad21a2
3175740 21a221aa 219c21a3 21a121a4 21a321a4
3175760 21ab21a7 21a721a3 21ac21b1 21a921ad
3176000 21a821a6 21a521a6 21a521a6 21a521a5
3176020 21ac21a6 21aa21ab 21ae21ac 21aa21b4
3176040 21aa21ad 21ab21ab 21ad21a7 21a521a9
3176060 21aa21a9 21a921af 21a421ac 21a821a4
3176100 21a521a3 21b021a7 21ac21af 21a321aa
3176120 21a821a4 21ab21a4 21a721a1 21a821ae
3176140 21ac21b4 219e21a4 21a52198 21a321a1
3176160 21aa21a7 21ac21ab 21a121a0 21a42198
3176200 21a721a3 21a921a5 21b021b2 21b221b2
3176220 21a921a6 21ae21a0 21a921ac 21a621a7
3176240 21ad21ab 21a821ab 21af21a4 21af21ae
3176260 21a921af 21b321b6 21b621b0 21bd21b6
3176300 21ba21b6 21b221bc 21ba21b4 21b821b4
3176320 21bc21be 21bd21be 21bf21c1 21bf21c3
3176340 21bc21be 21bd21bd 21bd21be 21c221b7
3176360 21c021c3 21c221c0 21c121c2 21bf21c1
3176400 21c021c7 21c521bf 21cd21c3 21c521c7
3176420 21c521c7 21c521c3 21c721c5 21c821cb
3176440 21c521d0 21c221c5 21cb21cc 21ce21c9
3176460 21d821d0 21da21d4 21cd21e7 21d121d2
3176500 21d421d6 21d221d0 21d621d2 21df21df
3176520 21d821df 21dc21d8 21e221d4 21d921e0
3176540 21dd21db 21d621dc 21e021e1 21e821e6
3176560 21e221df 21ea21e4 21ea21ef 21e321eb
3176600 21e421e4 21ec21e8 21e621ed 21e721e8
3176620 21ec21e5 21ed21e6 21ea21e3 21ee21eb
3176640 21ef21ed 21ef21eb 21fd21f2 21f721fb
3176660 21f821fb 21f621f8 21f521f0 21f621f5
3176700 21f721f6 21f62201 21f721f5 220021f7
3176720 21fd21fe 220021ff 21fa2200 22042202
3176740 2208220c 22062207 2209220b 220a2208
3176760 2205220d 22042203 22082205 22052207
3177000 22062206 220a220b 220c2207 220c2206
3177020 2207220a 220d220e 220e220f 22072210
3177040 22072205 2210220b 220b2211 22182211
3177060 220b220d 22162214 22112212 220d220f
3177100 2213220d 22152215 221e2218 22172217
3177120 22162217 22162220 2215221a 221a221c
3177140 221b221f 221f221f 221a221a 221a221b
3177160 221b2219 2217221e 22192219 2219221f
3177200 22212225 2218221a 221b2217 2216221a
3177220 220e221f 221b221f 221e221a 221f221d
3177240 2219221a 2212221e 221d2216 221b221c
3177260 22172220 22172218 2212221d 22162217
3177300 221f2214 22122210 22172214 22192213
3177320 22192215 22142216 22102214 2211220f
3177340 22162216 22182214 2219221c 22132217
3177360 220d2217 220f2217 2210220e 2209220a
3177400 220c2213 220f220c 220e2212 220c2216
3177420 22182213 22192210 220c2211 22112212
3177440 22112216 220d220f 220e220a 220b2210
3177460 22182212 2209220f 22092209 2208220b
3177500 2207220a 2208220b 2209220d 220c2208
3177520 220e220b 22072205 2207220c 2209220c
3177540 220d2207 220c2210 22092214 22102214
3177560 220d220e 22082205 22092206 22072208
3177600 22062208 22062204 21ff21ff 21fa21ff
3177620 21ff21fd 22012202 220621fe 220021f9
3177640 21f92202 21f721f7 21f821f7 21fa21f8
3177660 21f921f9 21f821f8 21f721f9 21f821f0
3177700 21f621f2 21f321ee 21f921f5 21f621fc
3177720 21fa21fb 21f221f6 21f521ee 21ea21f0
3177740 21eb21ee 21e421ea 21e521e6 21eb21e1
3177760 21de21e1 21e621e2 21e321e7 21df21e1
3200000 00003fe8 0001000a 0001204c 000afe50
3200020 00000003 00000000 63e50c73 00000388
3200040 00000001 00001004 0000204c 00000000
3200060 00000038 0001000a 21e821e9 21e221e0
3200100 21d721d8 21d821d8 21dc21dd 21d621d6
3200120 21d921d6 21d221cf 21d621d3 21d521d7
3200140 21d021d0 21d121d7 21d121d5 21cd21d6
3200160 21d121cc 21d021d1 21c721cd 21ca21ca
3200200 21ce21cc 21d221d4 21d021d0 21ca21cf
3200220 21c621cd 21cc21cb 21c121c6 21c021bd
3200240 21c121c8 b01004c8 00001004 0001000a
3200260 00010000 03b1604c 00000ffc 0001000a
3200300 1400003c add01f00 add01f01 add01f02
3200320 add01f03 add01f04 add01f05 add01f06
3200340 add01f07 add01f08 add01f09 add01f0a
3200360 add01f0b add01f0c add01f0d add01f0e
3200400 add01f0f add01f10 add01f11 add01f12
3200420 add01f13 add01f14 add01f15 add01f16
3200440 add01f17 add01f18 add01f19 add01f1a
3200460 add01f1b add01f1c add01f1d add01f1e
3200500 ff000134 00000020 00000002 cd97b122
3200520 00000001 deadbeef f0000002 cd97b10e
3200540 18005f89 00000000 00000134 00001f48
3200560 a01104c9 220b21c8 220d2217 2209220d
3200600 220d220a 220e220f 22092209 22112212
3200620 2215220a 2214221f 22142210 22142215
3200640 22152218 220f2218 2210220d 220d220a
3200660 220d2208 21fc2206 21fc2206 220521ff
3200700 22012205 21fd21fe 220021ff 22072207
3200720 22032207 220321ff 22022202 22052209
3200740 22032208 22002205 21fb21f9 21fb21f7
3200760 21fc21fc 220221f8 21fd21fd 21fe21f9
3201000 21f721f5 21f621f4 21fb2202 21f621f8
3201020 21fa21f6 21f821fa 21f221f1 21f621f3
3201040 21f521f1 21ef21f4 21ec21ed 21ee21f9
3201060 21f021f5 21f421f2 21f621f4 21ec21f7
3201100 21ed21f5 21f621f4 21f021f6 21ec21f0
3201120 21f121ee 21ef21f4 21ee21ee 21e821e6
3201140 21f421f1 21f321f0 21f421f7 21ee21f5
3201160 21ef21ea 21f221f1 21f621f0 21f121ed
3201200 21eb21f5 21ec21f3 21e821eb 21e821ee
3201220 21dc21f2 21cf21dc 21b721c3 21b721b6
3201240 21a721b2 21a921ab 21a421ab 21ad21a6
3201260 21b221b1 21b121af 21b221af 21af21b4
3201300 21b221b1 21b021ac 21a321b0 21ae21a9
3201320 21b521ad 21b821b6 21bc21b6 21ba21b7
3201340 21bb21ba 21b521c1 21b121b0 21ad21af
3201360 21a821ac 21af21ac 21b821b8 21c721bd
3201400 21bb21c4 21c421bf 21ba21c4 21b921bb
3201420 21bf21b5 21bf21c1 21c721be 21c921c6
3201440 21c021c1 21c421bd 21cd21bd 21cb21ca
3201460 21c221c8 21c521c4 21c321be 21bc21bd
3201500 21c721c2 21c521c7 21ce21cf 21cd21c8
3201520 21de21d1 21d821dc 21d421d7 21d221d6
3201540 21d021d2 21d621d1 21de21d6 21d521db
3201560 21db21d7 21d321d1 21d921d2 21db21d9
3201600 21d921db 21d521d8 21da21db 21db21d6
3201620 21d121d6 21e221de 21e121df 21e621e4
3201640 21e021ea 21e821ec 21e621ef 21eb21ea
3201660 21e721f0 21e721eb 21e621e7 21ee21eb
3201700 21f821f8 21f921f6 21f121f1 21e721e8
3201720 21e721e6 21f621e9 21f421f3 21f621f5
3201740 21fa21f2 21f221fb 21f721f9 21f121f8
3201760 220121fa 21ff2200 21fd21f9 21f821f8
3202000 21fc21f6 21f821f6 21f421f6 21ff21fd
3202020 22002200 21fe2205 21fa21f6 21fc21fd
3202040 21f821fe 21f521f9 21f821f9 21fb21fc
3202060 220221fe 21fe21fb 220321fb 21ff21fd
3202100 220421fe 21fa2203 21fe2201 22092207
3202120 2208220e 2209220d 21fd2201 21f721fc
3202140 220b2208 22062207 22062201 2206220c
3202160 22072204 220b220b 220a2208 22062209
3202200 22032204 2202220f 22012207 21f621fe
3202220 220321fe 220a21ff 220a220b 22122212
3202240 220a2205 220a220b 220d220c 220a220e
3202260 220b220e 22062207 22032200 21ff2203
3202300 22022206 2208220b 22032208 22012205
3202320 220a2204 2208220e 22032201 22082204
3202340 22092204 2207220c 22102203 22162210
3202360 220c2214 22052204 2204220b 220021fe
3202400 22012202 22022205 22092206 2209220b
3202420 220a2203 22082205 22072204 22082205
3202440 220a2202 22002207 22072204 220b220b
3202460 22092205 22042209 22062208 21fb2204
3202500 21f621f6 220121fb 22022205 22032206
3202520 22022203 220b2209 220b2208 220a2204
3202540 2208220a 2206220c 21f721fb 220221fd
3202560 22022205 22002202 21f62202 21fd21fa
3202600 220421fb 21f721fd 220521f9 22032205
3202620 21f821fa 21fd21f8 22012200 220021fe
3202640 22032206 21f52200 21fc21f6 21f621f1
3202660 21f521f5 21f321fe 21f621f9 21fd21f6
3202700 21f921f9 21f021f4 21f621f0 21f321fd
3202720 21ee21f3 21e921ed 21f321f5 21f021f5
3202740 21fa21ee 21ff21f3 21f721f6 21ef21f3
3202760 21f021ee 21f221eb 21f421ef 21f621f9
3203000 21e821f2 21e721ec 21ea21e9 21e821ed
3203020 21e621e4 21e621e6 21e821e4 21eb21e5
3203040 21ec21e8 21ea21ee 21e321e8 21e421e3
3203060 21e821e3 21eb21e5 21d821e2 21d821db
3203100 21d721d4 21d821d5 21e421dc 21e121d8
3203120 21e221dd 21dd21e3 21da21d4 21d821d6
3203140 21d321db 21d821d6 21d521da 21d521d2
3203160 21d521d0 21d621d4 21cc21d1 21ce21ce
3203200 21c921c3 21d021c9 21d721d5 21d321d9
3203220 21cd21d3 21c621ca 21cd21ce 21c921c7
3203240 21c421c4 21c421c8 21c521c0 21c821c2
3203260 21c121c7 21c821c7 21c821cc 21ca21cb
3203300 21c821cd 21c621ca 21bf21c2 21c021c1
3203320 21c521c6 21c821c0 21c521c1 21c521ba
3203340 21bf21cb 21c321ba 21c021c6 21bb21b9
3203360 21b721bd 21b521bd 21be21bf 21c821c7
3203400 21ca21bf 21c421cb 21c121cd 21bf21be
3203420 21c321be 21bb21bd 21bd21c2 21c221bd
3203440 21b721bd 21bd21bc 21bf21bb 21bb21c1
3203460 21b621b8 21b821c1 21bf21b8 21be21b7
3203500 21bc21bf 21c121c4 21bf21c2 21c521bf
3203520 21c421c0 21c121c6 21c021c0 21c721c1
3203540 21bc21c2 21bf21b9 21bc21bd 21c621c2
3203560 21c321c3 21d321c8 21ca21cd 21c921cc
3203600 21d121d0 21c121c2 21ce21c2 21c621cb
3203620 21d321cf 21d221d1 21d421d0 21ca21cb
3203640 21c821c9 21cb21ca 21c721ca 21cc21c9
3203660 21c821c7 21cd21c5 21c721c8 21d621c9
3203700 21d621cf 21ce21d2 21d521d8 21d021dc
3203720 21e021da 21da21d9 21de21d7 21d721d5
3203740 21d521d7 21d321d5 21d921d4 21dc21d5
3203760 21db21d4 21db21d7 21d821da 21d921da
3204000 21dd21d9 21d621dc 21d721de 21e321dc
3204020 21e221e1 21e921e3 21de21e6 21e321e4
3204040 21e621e3 21e321ea 21f021ef 21e121ea
3204060 21ee21e7 21e921e7 21ed21eb 21e821ee
3204100 21f421ec 21f321f1 21f421f4 21ed21f2
3204120 21f421ea 21f421f5 21fa21f7 21f921fb
3204140 21f721f9 21f521ef 21f221f0 21f021f2
3204160 21f221f5 21f421f7 21f821f9 21f921f5
3204200 21f421f4 21fa21f9 21fd21ff 22072200
3204220 22022202 22052203 22052208 22042205
3204240 220021f8 220021fe 220321ff 220a2207
3204260 220e2205 220c2203 22142217 220d220e
3204300 220e220a 220d2207 2213220b 2211220a
3204320 220f220e 2205220f 2219220d 22122211
3204340 220d2213 2210220f 2213220e 22132215
3204360 22182211 2215221a 22162219 2215221b
3204400 22172215 221a2212 220d2216 22102214
3204420 221a2216 22102213 22182213 220f2213
3204440 22152214 2216221d 22182211 22172210
3204460 220d2218 22142214 220d220f 2212220d
3204500 221c2212 2214221a 22192217 2217221d
3204520 2212220e 221a220a 22152216 22112214
3204540 220f2218 221b221b 221c2217 2213221c
3204560 221a2212 2210221d 2212220d 220b2212
3204600 22102211 220e220d 22162214 221a221c
3204620 22162213 221b2219 22112216 22142212
3204640 220d2213 2210220e 22112214 22162216
3204660 22142218 22132216 221a2217 220f220f
3204700 220d220f 220a2206 220b220a 22082209
3204720 22012209 22072205 22072209 22082204
3204740 22042205 220d2209 220c2212 220c2218
3204760 22052203 22052204 220b2203 2210220d
3205000 220d2210 220c220a 22062200 22052205
3205020 22002207 21fd220a 220121f9 21ff2202
3205040 21ff21f9 22012205 220321fd 22022206
3205060 21fa2201 21fe21ff 21fc2204 220021fd
3205100 21fd21fa 21f921f7 220121fb 21f82202
3205120 22062202 21fc2202 21f921f4 21f721f2
3205140 21ec21f2 21f521f1 21f321ef 21f021f2
3205160 21f121f1 21ed21f4 21ed21ef 21ee21ec
3205200 21e621e1 21e021e6 21df21e5 21e221ea
3205220 21ed21e1 21ec21f0 21e521eb 21e721dd
3205240 21e421ed 21e421e6 21e521dd 21e621de
3205260 21df21e9 21e321e6 21da21de 21e621df
3205300 21d621da 21d921de 21d721dd 21d321d5
3205320 21d221d3 21d921d7 21d621d9 21d221d9
3205340 21d421d0 21d221d4 21d121d6 21d221d2
3205360 21d021d4 21cb21cc 21d021d1 21cd21ce
3205400 21c921ce 21cd21ce 21c521ca 21c821cb
3205420 21c221c3 21c121c2 21c721c6 21c321c3
3205440 21c321be 21c121c0 21c921c1 21c421c4
3205460 21c021bd 21ba21be 21c321bd 21c021c0
3205500 21be21c3 21bc21c1 21ba21b6 21b321b5
3205520 21b421b5 21b721b9 21bb21b3 21c021b3
3205540 21b321c0 21b921b5 21b121b5 21b921b1
3205560 21a721ad 21ae21ad 21ae21a9 21b221b2
3205600 21b021ac 21b621af 21af21b4 21af21b4
3205620 21ab21b2 21ac21a6 21ae21aa 21b221ac
3205640 21af21b7 21af21b4 21ac21b1 21b021ae
3205660 21ad21b0 21a321aa 21ab21a1 21b221ac
3205700 21b321a7 21b321b9 21b321ae 21b421b1
3205720 21ac21af 21b421b0 21b521ac 21b121af
3205740 21b121ac 21ab21ac 21aa21ac 21b221a4
3205760 21b121ac 21ae21ac 21af21ad 21b521b6
3206000 21b021ba 21b021ae 21b121b9 21b021ae
3206020 21b221bc 21b221af 21b121ad 21b321b2
3206040 21b421ae 21be21b7 21b721b6 21b421b4
3206060 21b821ba 21b121b1 21b821b5 21b021bc
3206100 21b121b5 21b521b3 21b621b3 21c321b7
3206120 21c621bf 21c621c4 21bf21c4 21cd21c9
3206140 21c621c8 21c421c7 21c221c4 21c521d1
3206160 21c821c3 21c721c7 21c521ce 21c321cb
3206200 21c021c3 21bf21bf 21ca21be 21cf21ca
3206220 21cb21cf 21d621d1 21d221ce 21cf21c8
3206240 21d021d1 21d921d4 21da21df 21d421da
3206260 21dd21de 21df21d8 21de21e0 21db21dc
3206300 21d921d7 21d921df 21db21d9 21d921da
3206320 21d621d7 21d821d3 21de21db 21e821ea
3206340 21e921e4 21ee21f2 21eb21ee 21e721ea
3206360 21ec21e3 21ef21f0 21ee21fd 21f621f4
3206400 21fc21f0 21f721fb 21f521f8 21ee21f5
3206420 21f021ec 21f421f4 220021f2 21f621fe
3206440 21f621f9 21f521fb 21fe21fb 21f721fb
3206460 220121fd 21fe21fc 21f521ff 21ff21f7
3206500 22022206 2202220d 22022208 220b220c
3206520 22102218 220a220b 220c220e 220d220f
3206540 22092209 22072209 220a2206 220c220d
3206560 2212220f 220f2210 2215221c 220f2213
3206600 22062212 22092210 2210220d 221c2212
3206620 221f2216 221b221c 22152219 22162216
3206640 22172213 22172216 22182218 22192213
3206660 22182216 22172215 22152215 22182217
3206700 221a221a 221a221b 22202219 2224221a
3206720 22232224 221d2225 221d2219 22192216
3206740 22162217 22132216 22152210 221a2214
3206760 221b2217 220f2214 22162212 2220221c
3207000 2220221b 221c2215 2219221d 22172217
3207020 221d221a 22252225 2225221c 22202222
3207040 2221221b 2223221d 2218221d 221b221e
3207060 22172219 2215221c 221c2217 221c221a
3207100 221e2214 22142222 22182218 22212222
3207120 221c221e 22202222 221a2218 221f221d
3207140 221e2223 2223221d 2223221b 221e221b
3207160 2219221d 2217221b 221f2224 2222221e
3207200 22212224 2218221a 2221221d 221e2220
3207220 221c221d 221b221c 2229221d 22202224
3207240 2228221f 2227221f 22262220 22292225
3207260 22202222 221e2221 22112214 220f2214
3207300 22182213 22122219 220f2218 2218220c
3207320 22122214 22102210 220e220f 220d2211
3207340 22072204 22062203 22062208 2202220d
3207360 2207220a 2215220b 2208220c 22062206
3207400 2204220b 22022201 220a2201 22072204
3207420 22072209 220a2209 2210220a 220d2209
3207440 21ff2205 21fc2204 21fc2203 21f72202
3207460 21f621f2 21f521f4 21f321f8 21ef21f6
3207500 21f521f9 21f421f6 21f621ea 21e621f7
3207520 21ea21eb 21e521ea 21e821e7 21e321e9
3207540 21ec21e4 21ed21ef 21f721f1 21f221e9
3207560 21e921e7 21e121e8 21df21e5 21e721e2
3207600 21e021e3 21df21e1 21e321dc 21dc21dd
3207620 21dc21da 21d621d9 21d821db 21d821d7
3207640 21de21e1 21e221dd 21d721d9 21d321db
3207660 21d021d0 21c921d0 21c821c8 21d121c6
3207700 21d421d3 21d021d4 21d421d2 21d121cf
3207720 21cf21c8 21c921cb 21c021c9 21c621cb
3207740 21c621c8 21cc21bc 21c521ca 21c021c3
3207760 21c721cc 21cb21ce 21c221be 21c021c6
3210000 21be21c3 21bc21bc 21c121be 21c721c2
3210020 21c321c5 21c021c8 21bd21bf 21ba21b6
3210040 21b221b9 21b521b6 21bc21b4 21c621b9
3210060 21bd21c0 21c521bf 21c221c1 21bf21ba
3210100 21bb21c0 21bf21bc 21c421c0 21c521be
3210120 21bd21c6 21c121be 21b921ba 21b821b4
3210140 21b821b4 21af21b4 21b921b5 21b921ba
3210160 21b721b9 21b321b8 21bd21b6 21b421b4
3210200 21bb21b9 21c121bf 21bc21bf 21b421b8
3210220 21bb21c1 21b821b7 21b421b0 21b321b5
3210240 21b421b7 21b821ba 21b321af 21bd21bb
3210260 21bb21bd 21be21bc 21b521b8 21ba21b9
3210300 21b821b9 21ba21b2 21b821b7 21b621be
3210320 21c321c8 21c921c8 21bf21be 21c221bb
3210340 21c821c6 21c921c8 21c421c6 21cf21c3
3210360 21d121cf 21cf21ce 21d221d2 21cc21cb
3210400 21d221cb 21c621cd 21c821cc 21ce21ce
3210420 21d421d2 21d821d2 21d021da 21cc21d1
3210440 21d021d1 21da21d3 21d821d5 21c721d7
3210460 21dd21d6 21d321de 21e021dc 21d621dd
3210500 21d521d9 21d221d6 21da21cf 21dd21d7
3210520 21d621de 21da21e2 21dc21d8 21e721e2
3210540 21e821e8 21e421eb 21dd21e5 21da21e0
3210560 21e521e0 21e721ea 21ec21ea 21e321ea
3210600 21e821e6 21f221eb 21f321e8 21f921f4
3210620 21f521f6 21f821fb 21fa21f7 21fb21f7
3210640 21f321fa 21ee21f3 21fd21f7 21fa21f8
3210660 21f221fa 21ff2202 21fd21fe 22012203
3210700 22062208 22102209 220321ff 220c2204
3210720 2214220b 2202220b 220d2206 21fa2209
3210740 21fe2200 220b2207 22092205 220a2200
3210760 220c220a 220e220b 220a2213 220f2209
3211000 22122208 220e220b 2214220f 221a2212
3211020 22172217 22152213 22112210 220e220b
3211040 220f2210 2216220d 22102210 22192215
3211060 221f221c 2217221f 221d2218 221e2219
3211100 22192216 22182213 22272222 22272224
3211120 2223221c 221b2223 22172219 221e221b
3211140 22192217 221c2217 2220221e 22232226
3211160 221c2224 221c2220 222d2229 221d222c
3211200 22242221 22232222 22242227 222a2222
3211220 22252221 2226222d 2225222e 222c2232
3211240 222a2226 22242221 22242223 22292227
3211260 22282221 22262223 222c2225 22222230
3211300 2226222d 222d222e 222c222e 2225222a
3211320 22282224 2226222d 222a2229 22262222
3211340 22252226 22272223 222b2231 222c2232
3211360 222b222e 22292235 22222226 22262228
3211400 22252228 22292228 22222226 221f2222
3211420 2222221e 22212220 222c2228 221b222a
3211440 22252229 221f221d 222c2223 22292226
3211460 222d2228 22292229 22222225 2225221a
3211500 22272221 22252227 221d2222 22212229
3211520 22152220 2220221a 2220221c 221f221f
3211540 22172219 221a221a 221b221a 221b221b
3211560 221b221a 221a2225 221b221a 2226221b
3211600 221c221a 22182221 2219221f 22172214
3211620 220d2214 22102214 22172216 221b2221
3211640 22202215 22162212 22162211 2216221d
3211660 22142217 22062211 220f2211 22102213
3211700 22132210 22012208 220b2201 22002207
3211720 22062200 2203220a 22032209 22022202
3211740 220321ff 21fa21fe 22022201 22062200
3211760 21ff21ff 220021fc 21fb21fc 21fa21fd
3212000 21f621f5 21f721f0 21fb21fa 21f121f7
3212020 21f221f5 21e921ed 21ea21ec 21ec21ec
3212040 21ea21e4 21e121e8 21e121e1 21e121e6
3212060 21e421e5 21eb21ea 21e221e7 21ed21eb
3212100 21ed21ea 21e321e1 21de21db 21e021e6
3212120 21e421de 21e321e0 21e221e5 21e221e2
3212140 21d621df 21da21df 21e021da 21d621d8
3212160 21da21da 21d021df 21d121d5 21d721d2
3212200 21d521cb 21d121cd 21ce21cb 21d721d9
3212220 21d321d4 21d021c8 21d021cf 21c821ce
3212240 21ce21d3 21cf21cc 21ce21d2 21cc21c9
3212260 21c321c6 21c921c0 21ca21c7 21c821c7
3212300 21ca21ca 21c821be 21c121cb 21b721bc
3212320 21c121b6 21b821bf 21c221bd 21c821cb
3212340 21c821c8 21be21c6 21c621c3 21be21cd
3212360 21c521cc 21ca21c6 21c921c0 21d021c8
3212400 21cc21cb 21cc21c7 21d121ca 21c021c8
3212420 21bd21be 21c221c4 21c121bc 21c021c2
3212440 21c821bf 21ca21c6 21c321cb 21ca21c4
3212460 21be21c3 21c721c1 21c321bc 21c121ca
3212500 21c921c5 21ca21c6 21c821cd 21c221c7
3212520 21c421c8 21c121c9 21c621bd 21c521c3
3212540 21c521c6 21cb21c9 21c721cc 21d221d0
3212560 21d021cb 21c921c7 21c321c2 21c421c1
3212600 21c821c5 21cc21c4 21c921c9 21c121cb
3212620 21ce21c7 21c921cd 21c621c8 21c621ca
3212640 21cf21cf 21d121da 21d721d1 21d021cd
3212660 21d221cb 21c921cc 21d821ce 21cb21d0
3212700 21cd21c8 21c721cb 21d121cd 21cf21d2
3212720 21d721d5 21de21de 21d621d7 21d021d7
3212740 21d421d4 21cd21cd 21da21d5 21d621dc
3212760 21da21d2 21d821d7 21e221dc 21d921da
3213000 21d921db 21de21e0 21e721e7 21e921e9
3213020 21e821e8 21e721e6 21e321e8 21e221e5
3213040 21e121df 21e321d8 21e121e2 21e721e8
3213060 21ec21ef 21ef21e8 21f221ee 21f221ee
3213100 21f121f6 21f121f2 21ee21f0 21f921f0
3213120 220121f5 21ec21f7 21f621f5 21f621fb
3213140 21fd21f9 21f42200 21f421f9 21f321f4
3213160 21f621f2 220221f6 21fa21f7 21f521f4
3213200 22002202 22012200 21ff2206 21fa21fb
3213220 22012206 22002203 22012200 22022206
3213240 22022207 22042202 22002206 220321ff
3213260 22062202 22022201 21fc2206 22032201
3213300 22012209 21ff2205 220221fb 220521ff
3213320 220d220d 2209220e 22022207 21fa2204
3213340 21fd2202 220121fb 220821fe 22052203
3213360 220b2208 22102207 221d2216 2219221d
3213400 221d221d 22102213 220e2215 220e2216
3213420 220d220d 221a2212 22112212 220a220c
3213440 22102214 22112208 220f2213 2214220f
3213460 22102210 22162211 22112211 22102208
3213500 22192213 22192220 2219221d 221b2219
3213520 221a2214 2219221d 22142212 220e2214
3213540 221a2210 221a221a 221c221c 2217221d
3213560 221a221e 2220221a 221d221b 221c221f
3213600 2217221c 2221221a 22192219 221e2221
3213620 221b221e 2219221a 2219221c 2216221f
3213640 22252221 221c221e 22212221 2220221d
3213660 22132218 2218221e 2214221c 221b221b
3213700 221d2221 2218221a 221b2214 22102211
3213720 22172218 2216221e 2217221a 221e2218
3213740 221a221b 22132216 22132218 22132215
3213760 221e2216 2215221c 22112215 22162215
3214000 22192219 22152213 22142218 22072216
3214020 22112214 22132211 220f220f 220f220d
3214040 2208220b 22092205 220b220d 2211220c
3214060 22132216 220f221c 220e2214 220c2207
3214100 2204220d 220f220b 22092210 2206220f
3214120 220e2208 22052210 220a2207 220421fe
3214140 22072206 22052207 220a2204 22032204
3214160 22012204 220821fb 21fd2202 22052202
3214200 21fa21fc 21f521f9 21fa2201 21fc21f8
3214220 21f721f8 21f521f2 21ed21ef 21ef21ee
3214240 21eb21ee 21ea21e8 21eb21eb 21ec21f5
3214260 21ec21f6 21ec21f2 21ec21ed 21e321e8
3214300 21e721e7 21e121e7 21ea21ec 21ed21e2
3214320 21e721e5 21eb21ed 21e521e5 21e521e8
3214340 21de21e7 21da21db 21ec21df 21e621ec
3214360 21e921e5 21e421e6 21e321e1 21e221df
3214400 21e721e1 21ed21e1 21f621e9 21e721e9
3214420 21e321e7 21e521ed 21e721e6 21e121e4
3214440 21de21dc 21da21df 21de21dd 21dc21db
3214460 21da21db 21de21e0 21db21e3 21db21e6
3214500 21e121e0 21dc21da 21d621d7 21d421d6
3214520 21d621d6 21d921da 21df21d2 21df21db
3214540 21db21df 21d621db 21df21da 21de21d9
3214560 21ce21d8 21d121d6 21d521d5 21d521d9
3214600 21d521d2 21d921d4 21d121d3 21ca21d0
3214620 21d021cf 21ca21cd 21cc21cf 21d621d2
3214640 21cc21d9 21cb21c9 21d121ca 21d721d3
3214660 21d021cf 21d321da 21cf21d0 21dc21d8
3214700 21cf21cf 21d321cc 21d921d9 21d421d7
3214720 21d421d5 21dd21d7 21d121d9 21c421ca
3214740 21c921c3 21c921c5 21ce21cc 21d521d1
3214760 21da21d9 21d421d6 21d521d6 21d521d6
3215000 21d721d5 21d821db 21d421d5 21d621d4
3215020 21cf21d0 21d121d4 21d421d1 21dc21d6
3215040 21d921db 21d521d7 21d221d4 21d121cd
3215060 21dc21d2 21e421e2 21df21da 21e021e7
3215100 21e021e6 21e321e3 21da21dc 21dc21d6
3215120 21de21de 21e621e2 21e021dd 21e221dd
3215140 21e821e3 21e221e7 21eb21ee 21e521e0
3215160 21e421e6 21ea21ea 21e921ed 21ef21eb
3215200 21ee21e9 21ec21e6 21e521e2 21e621e7
3215220 21ef21ec 21ea21f1 21f021f3 21ec21f0
3215240 21e521ee 21e821e8 21ef21ec 21f621ef
3215260 21f221eb 21f021f3 21ec21ef 21f221ec
3215300 21f421f2 21ee21f7 21ee21eb 21f221f2
3215320 21fa21f3 21fb21fb 220321fc 21fc2203
3215340 21f921f3 21fa21f7 21f221f3 220221f9
3215360 21ff21ff 21fe21ff 21fd2201 21f721fb
3215400 220121fa 22032203 220d2206 220c220a
3215420 220521fc 22042202 21fe2200 22012203
3215440 22002201 22032201 21fd2204 21fd21fc
3215460 21fe2200 22002200 22062202 22062204
3215500 22052206 220b2206 22042203 22062207
3215520 22082209 22072205 220c220a 22072207
3215540 22092209 220e2204 2209220f 2209220a
3215560 22072208 220a21ff 2216220f 2207220f
3215600 220a220a 220e2217 220d220a 220e2209
3215620 220c220f 220c220b 2204220b 22042200
3215640 2212220a 2209220c 22092210 2210220d
3215660 221a2210 220e220e 220d2210 2219220e
3215700 22182213 22192217 2212221b 22082210
3215720 2208220c 220b220b 220b2209 220f2218
3215740 2217221c 220a2214 22122213 2211220f
3215760 22152213 22192215 221a221b 22132215
3216000 221f2212 22122218 2212220f 2216220f
3216020 221b220e 221b221a 2217221d 220d2213
3216040 2215220f 2218221b 22162217 22122221
3216060 221b2219 221e2220 22142219 2214220e
3216100 22172219 22152216 22142215 221a2217
3216120 221a221a 22142215 220f2210 22132212
3216140 22162219 221a2210 220f2211 2210220d
3216160 22092212 220c220c 2210220c 22132214
3216200 22122212 22112210 22142219 22172215
3216220 2219220f 220f2216 22102218 220f2213
3216240 220b2208 22142213 22142216 22162215
3216260 22192213 221a221c 2216221c 22152214
3216300 22112213 220c2213 22082202 22052209
3216320 220c21ff 22082210 220d2206 220c2209
3216340 22092209 22022204 2208220c 220c2203
3216360 220c2201 22052205 2204220b 22052205
3216400 220221fb 21f921fc 21f92201 21f92201
3216420 21fb21fe 21ff21f9 21f921f3 21f721f8
3216440 21f921fa 21ef21ef 21f721e9 21f821f0
3216460 21f521f6 21fb21f3 21fc21f9 21fb21f8
3216500 220021f3 21f521f2 21fa21f8 21fb21f5
3216520 21f221f5 21ef21ee 21f321f3 21ef21ec
3216540 21f821f1 21ef21ef 21ec21ed 21f221f3
3216560 21ee21f1 21f821fa 21ea21ec 21ea21e9
3216600 21ec21e7 21e921e6 21e921eb 21f321f1
3216620 21ef21ef 21f721f5 21ee21f0 21eb21ec
3216640 21ed21e7 21ec21ea 21e121e9 21ea21e9
3216660 21ef21ea 21ec21f0 21ed21ea 21eb21eb
3216700 21e921ee 21e221ee 21d621da 21e621e3
3216720 21e921e1 21e921e5 21ea21ec 21eb21e6
3216740 21e921e4 21ec21e6 21e821ee 21ec21f3
3216760 21eb21e5 21e721e8 21e121e5 21e321e5
3217000 21e421e1 21e121de 21ef21e3 21f021eb
3217020 21e121e2 21e221e0 21d621db 21ec21e6
3217040 21ea21e6 21ec21e7 21e621eb 21e221e5
3217060 21e421e1 21e521e1 21e321e7 21dd21e6
3217100 21e821e4 21e721e6 21e421e1 21e021eb
3217120 21e221de 21e421e7 21dd21d7 21e021e2
3217140 21e021e3 21e321e0 21e521df 21e621e8
3217160 21ee21ed 21f221ef 21eb21ed 21eb21ee
3217200 21ec21e9 21e821e8 21ea21ec 21e921ec
3217220 21eb21eb 21f321ed 21f521ef 21ec21f1
3217240 21f021f6 21eb21ec 21ec21ed 21e421e9
3217260 21e721e6 21e821e1 21e421e2 21ed21e3
3217300 21ea21eb 21ee21ea 21ef21ef 21f021ee
3217320 21f721ea 21f421f8 21f121f0 21f521f0
3217340 21f621f3 21ef21f2 21f021f3 21eb21f2
3217360 21f021f1 21f321f3 21f221ec 21f521f7
3217400 21fa21fa 22002200 21fc21ff 21ff21fb
3217420 21f62201 21fb21fe 21fb21fc 21f221f5
3217440 21f821f4 21fb21f7 220121f9 21f72202
3217460 21fd21f8 21fb21f8 22042204 22082205
3217500 21fa2200 21fe21fd 21fb21f9 21fe21f8
3217520 21fe21fe 220e2209 220a220e 22022202
3217540 22062202 21f721ff 21fc21fc 220221fe
3217560 21ff21fd 22062200 21fc21ff 22012206
3217600 22062209 220a2206 22042207 21fe21f9
3217620 21ff2208 21f821fe 21fd21f9 21fc2202
3217640 22032204 2200220b 22002200 22052201
3217660 22022201 22062203 2211220b 220f220a
3217700 22092212 22072208 21fb2200 21fe2205
3217720 22012209 22022200 22072204 22072208
3217740 21ff2203 220121f8 21fc21fd 220021fe
3217760 21f621f9 21fa21fd 21fb21f7 21f921fc
3220000 220121ff 21fd21fb 220521fe 220421ff
3220020 220121fe 22032202 2200220a 22062200
3220040 22082202 220d2209 2204220c 220a2208
3220060 2207220c 22012204 220721fc 2202220c
3220100 22012204 22052207 220521fe 220a220a
3220120 21fc2206 22052202 22062205 21ff2208
3220140 220921ff 21fc2208 21ff2203 21fe2200
3220160 220421fd 22002208 22052204 22022203
3220200 22012203 22082207 22092200 22072209
3220220 2204220a 21fe2206 220521fc 220c220a
3220240 2210220a 2201220e 220a2206 21f82203
3220260 220621fd b01104c9 00001004 0001000a
3220300 00010000 03b1604d 00000ffc 0001000a
3220320 1400003c add01f00 add01f01 add01f02
3220340 add01f03 add01f04 add01f05 add01f06
3220360 add01f07 add01f08 add01f09 add01f0a
3220400 add01f0b add01f0c add01f0d add01f0e
3220420 add01f0f add01f10 add01f11 add01f12
3220440 add01f13 add01f14 add01f15 add01f16
3220460 add01f17 add01f18 add01f19 add01f1a
3220500 add01f1b add01f1c add01f1d add01f1e
3220520 ff000134 00000020 00000002 ce4152e0
3220540 00000001 deadbeef f0000002 ce4152cc
3220560 350ab7bb 00000000 00000134 00001f48
3220600 a01004ca 21ed2200 21ef21ec 21f421e9
3220620 21f421f2 21ec21ef 21f121f5 21f221f8
3220640 21ed21eb 21e921f3 21eb21f1 21ef21e4
3220660 21ee21ef 21f121ea 21f021ed 21ee21ec
3220700 21ec21ef 21ea21eb 21f021ee 21eb21ee
3220720 21ee21ea 21f421ef 21f521f4 21f821fa
3220740 21f221f1 21ec21f1 21f121f2 21f221ec
3220760 21f321f0 21ea21ec 21f221f3 21f921f7
3221000 21f321f0 21f121f0 21ed21f0 21ec21ed
3221020 21ed21ed 21ee21ef 21f921f4 21f121f2
3221040 21f021f9 21f321f5 21e821f1 21f221e5
3221060 21f121ee 21f121fb 21eb21f4 21f221f5
3221100 21f021ef 21f321f1 21eb21e9 21ea21eb
3221120 21e821f0 21ed21e5 21f221f5 21e921ec
3221140 21ee21ea 21ee21ec 21ed21ea 21f221ed
3221160 21f221f2 21ed21f6 21ea21ee 21e721e0
3221200 21e621e4 21e721e3 21f021ee 21f321f0
3221220 21f321ee 21e521e6 21ed21e3 21f121ee
3221240 21ed21ed 21f021f0 21eb21ec 21ed21f1
3221260 219221f6 1fbb20af 1e711ef8 1dd11e12
3221300 1d941dae 1d771d88 1d7b1d79 1d721d76
3221320 1d7a1d74 1d761d79 1d6e1d78 1d691d6c
3221340 1d6a1d67 1d721d69 1d681d66 1d6c1d6f
3221360 1d701d67 1d6b1d68 1d6c1d65 1d5f1d63
3221400 1d6c1d70 1d6e1d67 1d5f1d62 1d691d64
3221420 1d6e1d6e 1d6e1d70 1d651d68 1d6c1d66
3221440 1d761d69 1d661d68 1d681d68 1d671d6a
3221460 1d641d6b 1d5e1d64 1d621d66 1d631d61
3221500 1d641d61 1d691d63 1d671d67 1d631d66
3221520 1d6c1d6c 1d6e1d6d 1d721d6c 1d6e1d6e
3221540 1d6d1d6e 1d651d6d 1d6f1d6c 1d691d69
3221560 1d661d65 1d6a1d6a 1d671d6b 1d721d6c
3221600 1d751d73 1d711d6f 1d6c1d72 1d6e1d71
3221620 1d6d1d69 1d721d6b 1d791d6d 1d6d1d73
3221640 1d761d6d 1d781d76 1d761d70 1d731d74
3221660 1d721d71 1d761d71 1d731d6e 1d7c1d72
3221700 1d7b1d75 1d741d75 1d7a1d7b 1d7b1d76
3221720 1d7a1d78 1d7c1d7e 1d7a1d80 1d801d7d
3221740 1d881d87 1d851d7f 1d7b1d77 1d7b1d81
3221760 1d7d1d84 1d841d84 1d821d7e 1d7e1d83
3222000 1d821d82 1d811d7d 1d831d81 1d861d82
3222020 1d801d85 1d7f1d89 1d841d7f 1d861d89
3222040 1d861d85 1d901d8d 1d901d8e 1d931d92
3222060 1d8e1d90 1d8b1d8d 1d921d87 1d8c1d93
3222100 1d911d8f 1d8d1d91 1d971d8f 1d991d98
3222120 1da11d97 1d9f1d9b 1d9c1d95 1da71d9e
3222140 1da11da2 1da51da3 1da91da9 1da61da7
3222160 1da41da2 1da51da2 1d9a1da1 1d9b1d9b
3222200 1da01da0 1d9d1da4 1d9f1d9f 1d9c1d9f
3222220 1da41da2 1da51da5 1d9f1da4 1da31d9c
3222240 1da81dab 1dac1dab 1db41dab 1db61dac
3222260 1da81daf 1dac1da9 1dad1dae 1dac1dab
3222300 1db31dad 1db81db2 1dbb1db8 1db91db9
3222320 1dc01dc4 1dbd1dbd 1db81db7 1db71db4
3222340 1db81dba 1dbb1db7 1dc01db7 1dcd1dc5
3222360 1dbe1dc4 1dc81dc4 1dc61dc8 1dc61dc2
3222400 1dcc1dc8 1dc51dc6 1dc61dce 1dcd1dcc
3222420 1dcf1dca 1dcc1dcc 1dcf1dd2 1dd61dd7
3222440 1dce1dcf 1dd41dc9 1dd41dd3 1dd91dd9
3222460 1ddb1dde 1dd31de2 1ddb1ddb 1dd11dd7
3222500 1dd61dd3 1dd81dd4 1dd71ddb 1ddc1dd7
3222520 1dd51dd2 1de01dda 1ddd1de2 1de21dd9
3222540 1de01ddf 1de21dda 1de01ddc 1de51de7
3222560 1de51de6 1deb1de6 1de41de9 1de81dea
3222600 1deb1dea 1def1de7 1dec1de6 1dee1df6
3222620 1ddb1dea 1de21de7 1de61de4 1de51de1
3222640 1ddf1de6 1dea1de7 1df51df3 1df01df4
3222660 1dec1dea 1df31df3 1dfb1df7 1df31df6
3222700 1df71df3 1dfc1df7 1df41df7 1df21df9
3222720 1dfa1dfe 1dfe1e01 1dfd1dfe 1e021e05
3222740 1dfe1e00 1df51dfa 1df91dee 1e021dfb
3222760 1dfe1e05 1e001e00 1dfe1dfc 1e071dff
3223000 1e091e09 1dff1e03 1e031e05 1e051e08
3223020 1e0b1e0c 1e141e0c 1e0d1e0b 1e0a1e0c
3223040 1e021e08 1e051e01 1e061e03 1e081e02
3223060 1e071e09 1e091e0a 1e021e07 1e061dfd
3223100 1e0a1e0c 1e051e0f 1e101e11 1e081e0d
3223120 1e0c1e08 1e0e1e11 1e0c1e11 1e0c1e0a
3223140 1e0a1e0b 1e111e0c 1e061e07 1e071e0c
3223160 1e0a1e0e 1e0c1e0d 1e131e11 1e0c1e10
3223200 1e0e1e0d 1e151e12 1e131e13 1e121e0a
3223220 1e161e1a 1e101e16 1e131e0b 1e1a1e13
3223240 1e1d1e0e 1e0e1e17 1e141e16 1e191e16
3223260 1e131e11 1e161e13 1e0c1e14 1e171e13
3223300 1e1a1e12 1e1c1e11 1e161e13 1e151e1c
3223320 1e141e19 1e1d1e15 1e1c1e22 1e291e21
3223340 1e1d1e23 1e201e1f 1e231e1c 1e211e23
3223360 1e251e22 1e241e28 1e171e21 1e211e22
3223400 1e2d1e27 1e291e25 1e181e25 1e181e1b
3223420 1e211e1d 1e201e23 1e291e1c 1e211e27
3223440 1e2b1e2c 1e2a1e2c 1e291e2c 1e291e23
3223460 1e241e22 1e261e27 1e311e2a 1e311e36
3223500 1e2b1e2f 1e281e2d 1e291e25 1e261e29
3223520 1e1e1e28 1e251e20 1e291e2a 1e2b1e2e
3223540 1e2f1e32 1e2f1e29 1e2e1e2f 1e291e2a
3223560 1e301e2d 1e351e35 1e311e3d 1e311e35
3223600 1e391e38 1e361e3d 1e321e3c 1e321e36
3223620 1e351e33 1e2f1e2e 1e331e2d 1e351e35
3223640 1e321e2e 1e321e2d 1e311e37 1e321e31
3223660 1e381e3a 1e311e33 1e341e37 1e371e32
3223700 1e351e3d 1e361e3c 1e3a1e36 1e341e38
3223720 1e371e34 1e391e3b 1e411e3c 1e3f1e41
3223740 1e3c1e3e 1e3d1e3b 1e451e46 1e3c1e43
3223760 1e3b1e41 1e401e41 1e481e46 1e451e4c
3224000 1e431e47 1e421e48 1e3f1e43 1e451e44
3224020 1e431e46 1e461e40 1e3a1e3d 1e451e3b
3224040 1e4d1e56 1e451e4b 1e461e4d 1e471e46
3224060 1e4e1e45 1e4a1e4b 1e4e1e46 1e4e1e57
3224100 1e4b1e4d 1e4f1e4c 1e501e54 1e4a1e49
3224120 1e4f1e4d 1e541e51 1e531e53 1e5e1e55
3224140 1e5c1e5c 1e551e52 1e541e55 1e541e51
3224160 1e4f1e4a 1e4f1e50 1e571e54 1e591e54
3224200 1e541e50 1e591e52 1e5f1e62 1e591e63
3224220 1e581e5d 1e571e54 1e5b1e54 1e5d1e60
3224240 1e571e59 1e571e56 1e581e54 1e5d1e58
3224260 1e5b1e64 1e601e60 1e681e66 1e681e6b
3224300 1e6b1e67 1e621e6a 1e6a1e70 1e6e1e6d
3224320 1e691e6c 1e701e68 1e641e68 1e681e62
3224340 1e6b1e68 1e791e6f 1e7c1e77 1e791e7c
3224360 1e7f1e79 1e7d1e7d 1e7f1e7b 1e7d1e77
3224400 1e7d1e7b 1e791e84 1e7b1e80 1e841e78
3224420 1e871e81 1e821e87 1e851e83 1e841e80
3224440 1e841e84 1e831e83 1e841e85 1e851e88
3224460 1e941e8f 1e901e91 1e8c1e87 1e8d1e90
3224500 1e8c1e8f 1e901e83 1e981e8d 1e981e97
3224520 1e901e90 1e9c1e93 1e961e93 1e921e96
3224540 1e8e1e96 1e8f1e93 1e981e8d 1e951e91
3224560 1e991e91 1ea11e9c 1ea61ea6 1ea61ea3
3224600 1e9f1ea7 1ead1ea6 1ead1ea9 1ea61ea5
3224620 1ea01eaa 1ea71ea7 1eaf1eaf 1ead1eaf
3224640 1eae1eb2 1ea91eb1 1eb01eb0 1eb41ead
3224660 1ebb1eb7 1eb61eb8 1eba1ebb 1eb61eba
3224700 1eba1eb8 1ec11eb4 1eba1eba 1eb71ebb
3224720 1eb91eb8 1ec31eb9 1ec11ebb 1ebb1ec4
3224740 1ebd1ec3 1eb71eb6 1eb81eb6 1eb61eb6
3224760 1eba1eb7 1ec51ec7 1ec31ec2 1ec51eca
3225000 1ecc1ec7 1ec41ec9 1ec71ec9 1ec71ed3
3225020 1eca1ec1 1ece1ecc 1ec71ec6 1ec81ecc
3225040 1ec71ec7 1ed21ece 1ecd1ed2 1ecb1ed1
3225060 1ed01ed7 1ecf1ecc 1ed01ed1 1ed41ed6
3225100 1ed21ed8 1ece1edb 1ed21ed1 1ed21ed2
3225120 1ed21ed4 1ece1ed2 1ed81edb 1ed71edd
3225140 1ed11edb 1ed91ed9 1edd1ed9 1edd1ed8
3225160 1edb1ed0 1ed81ed6 1ed21edd 1ed81ed5
3225200 1edc1ed9 1ed91edb 1eda1ed8 1ed71ed5
3225220 1ed71edd 1ed61ed1 1edc1ed5 1ee21eda
3225240 1ed81ee2 1edc1edd 1edb1ed9 1ed71ed6
3225260 1ee11ed4 1edf1ee3 1ed31ed3 1eda1edb
3225300 1ee21ee0 1edf1ee0 1ee01edd 1ee01ed3
3225320 1ede1ee1 1ed81ede 1ee11eda 1eda1ede
3225340 1ed81ede 1edc1ed4 1ed61eda 1ee01ed8
3225360 1edf1edf 1ed61edb 1edc1edf 1ee31edf
3225400 1edf1ede 1ee01ee1 1eda1edc 1ede1ee6
3225420 1ee71ee6 1ee61ee3 1ee21ee2 1ede1edf
3225440 1ee01edb 1eda1ede 1ee31ede 1ee61ede
3225460 1edf1ee2 1edc1ee1 1ee21ed5 1ee61ee2
3225500 1eeb1eeb 1edc1ee2 1ee41ee5 1ee91ee0
3225520 1ee71eee 1eec1ef7 1eeb1ee0 1ee41eef
3225540 1ee91edd 1ee81eea 1edd1ed9 1edd1ee5
3225560 1ee71ee4 1eea1ee4 1ef01ee2 1eef1eeb
3225600 1eea1eed 1eeb1eed 1ee51ee7 1eeb1ee5
3225620 1ee41ee5 1ef51eed 1eec1ef1 1ee91eea
3225640 1ee71ee8 1ee71ee7 1ee71ee8 1eea1eee
3225660 1ee71ee6 1ee71ee8 1ee11ee0 1ee91ee1
3225700 1ee11edb 1ee61eda 1ee91ee5 1eed1ee4
3225720 1ee61ee9 1edf1ee4 1ee51ee5 1ee51ee2
3225740 1ee51eed 1edd1ee6 1ee31ee0 1eeb1eeb
3225760 1eea1ee6 1eeb1ef2 1ee41eec 1ee71ef0
3226000 1eea1ee3 1eef1ef3 1eea1ee9 1ee51ee7
3226020 1ede1ee5 1ee21ee7 1ee21ee5 1ee01ee4
3226040 1edd1edc 1ee21ee7 1eee1eeb 1ef21eef
3226060 1eea1eed 1ee61ee5 1edc1ee4 1ee61ee7
3226100 1ee61ee9 1ee61eeb 1ee71ee7 1eeb1ee9
3226120 1ee41ee6 1eea1ee3 1eed1ee8 1eeb1eee
3226140 1eee1eeb 1ef01eec 1eee1ef5 1eee1eec
3226160 1eea1ee8 1ee91ef0 1edf1ee3 1ee01ee0
3226200 1eec1eeb 1eee1ef1 1ee81eec 1ee51ee8
3226220 1ef11ee8 1ef11eed 1ee91ef2 1ee71eeb
3226240 1eea1ee6 1efb1ef2 1ef01ef2 1ef31ef7
3226260 1eef1ef8 1ef11ef5 1ef41ef1 1ef21eef
3226300 1ee31ef2 1eed1ee7 1ee91ef0 1ef91ef3
3226320 1ef41ef5 1ef91ef8 1f011ef9 1efe1efd
3226340 1efa1ef9 1efa1f01 1efb1efb 1eef1ef9
3226360 1ef41ef7 1ef71ef5 1ef41ef1 1ef71ef4
3226400 1efa1ef9 1efa1ef6 1ef81eee 1efa1efa
3226420 1f021f03 1f021f06 1f081f08 1f0a1f08
3226440 1f071f09 1f071f09 1f031f0b 1f031f08
3226460 1f0c1f0d 1f051f10 1f091f0b 1f051f11
3226500 1eff1f08 1f151f00 1f031f0d 1f161f0a
3226520 1f0c1f12 1f101f13 1f121f08 1f121f19
3226540 1f211f1e 1f171f1a 1f1f1f1c 1f171f1a
3226560 1f1a1f17 1f1f1f1c 1f231f1a 1f201f26
3226600 1f1b1f18 1f1c1f1f 1f1a1f1c 1f241f21
3226620 1f2a1f1e 1f2d1f2c 1f2c1f27 1f261f31
3226640 1f281f2a 1f2b1f27 1f321f2d 1f2e1f2f
3226660 1f241f2e 1f291f2e 1f2f1f2a 1f391f26
3226700 1f371f2f 1f361f32 1f351f3e 1f3b1f3a
3226720 1f3a1f3a 1f391f3a 1f3b1f3d 1f451f41
3226740 1f3a1f44 1f3d1f40 1f3c1f40 1f3e1f3b
3226760 1f481f4d 1f451f45 1f481f4b 1f541f4c
3227000 1f551f4f 1f4e1f47 1f4c1f50 1f531f50
3227020 1f571f55 1f581f54 1f581f5b 1f611f5f
3227040 1f661f61 1f641f64 1f6a1f67 1f5f1f65
3227060 1f5d1f5e 1f651f5f 1f601f64 1f601f60
3227100 1f5d1f61 1f5f1f5a 1f6c1f67 1f641f64
3227120 1f631f65 1f611f69 1f5b1f67 1f631f61
3227140 1f6c1f6a 1f731f6f 1f701f70 1f701f6f
3227160 1f6f1f75 1f721f6c 1f731f72 1f741f79
3227200 1f761f73 1f7b1f7d 1f741f7a 1f651f73
3227220 1f761f6e 1f721f78 1f761f6a 1f781f7b
3227240 1f811f81 1f821f82 1f7d1f7d 1f811f7a
3227260 1f7d1f80 1f7a1f7e 1f871f80 1f7b1f84
3227300 1f851f7f 1f7e1f7e 1f751f73 1f7a1f7e
3227320 1f7d1f83 1f8a1f7f 1f861f86 1f7f1f84
3227340 1f871f83 1f831f81 1f871f87 1f851f89
3227360 1f7f1f86 1f871f85 1f821f85 1f811f83
3227400 1f881f83 1f851f86 1f931f8e 1f8c1f8f
3227420 1f911f8c 1f871f88 1f811f85 1f7b1f7e
3227440 1f7c1f77 1f7e1f80 1f841f7f 1f8a1f84
3227460 1f871f8e 1f8a1f8f 1f8f1f87 1f8b1f90
3227500 1f961f8e 1f861f8c 1f7a1f81 1f8d1f86
3227520 1f851f8b 1f891f8c 1f881f8c 1f8c1f85
3227540 1f841f87 1f8a1f87 1f911f8c 1f8d1f8f
3227560 1f8e1f90 1f8b1f89 1f841f89 1f921f89
3227600 1f931f8c 1f911f8a 1f891f8f 1f881f88
3227620 1f881f8b 1f8a1f85 1f8a1f8b 1f8e1f8d
3227640 1f8d1f87 1f8e1f8d 1f8d1f8f 1f8b1f8a
3227660 1f8c1f8c 1f8d1f8e 1f911f8a 1f8e1f91
3227700 1f891f83 1f901f8b 1f8a1f92 1f8c1f81
3227720 1f891f8b 1f841f86 1f8c1f7d 1f871f8b
3227740 1f7e1f84 1f861f8b 1f861f85 1f881f83
3227760 1f881f82 1f821f84 1f8a1f86 1f841f87
3230000 1f8e1f87 1f8d1f90 1f8b1f8d 1f881f87
3230020 1f8a1f87 1f8f1f8f 1f8b1f87 1f861f8a
3230040 1f831f87 1f831f82 1f8d1f89 1f891f8f
3230060 1f851f8b 1f831f88 1f811f82 1f841f83
3230100 1f831f83 1f871f88 1f851f8c 1f8d1f8b
3230120 1f871f89 1f891f89 1f851f89 1f821f8a
3230140 1f861f7d 1f861f84 1f801f80 1f841f7b
3230160 1f891f89 1f881f8c 1f8f1f82 1f871f85
3230200 1f771f7c 1f7e1f81 1f781f7c 1f831f7c
3230220 1f7d1f7f 1f831f7c 1f791f80 1f751f7c
3230240 1f7c1f76 1f801f79 1f751f7e 1f771f7e
3230260 1f791f79 1f791f79 1f7c1f7b 1f821f7c
3230300 1f801f87 1f7f1f82 1f7d1f7f 1f7d1f7b
3230320 1f811f7f 1f851f82 1f841f87 1f8a1f82
3230340 1f7d1f85 1f7b1f7f 1f791f78 1f751f76
3230360 1f731f70 1f721f79 1f741f78 1f781f73
3230400 1f791f71 1f7f1f6e 1f7b1f80 1f771f7f
3230420 1f751f7c 1f7a1f75 1f7c1f78 1f741f79
3230440 1f771f79 1f781f74 1f6e1f77 1f7d1f6e
3230460 1f811f79 1f771f81 1f731f79 1f731f71
3230500 1f7f1f71 1f761f80 1f7d1f7a 1f7e1f78
3230520 1f801f78 1f7e1f7b 1f7b1f7b 1f7a1f82
3230540 1f831f81 1f851f80 1f831f80 1f851f86
3230560 1f891f8d 1f7d1f85 1f871f7d 1f821f81
3230600 1f791f7f 1f7f1f84 1f851f7c 1f821f89
3230620 1f8e1f87 1f8d1f83 1f871f94 1f8a1f8e
3230640 1f891f8d 1f861f83 1f851f85 1f8e1f8c
3230660 1f8d1f8e 1f871f88 1f8c1f87 1f8c1f8c
3230700 1f911f8a 1f961f9a 1f931f9a 1f931f93
3230720 1f8b1f91 1f931f93 1f941f94 1f991f91
3230740 1f961f92 1f9b1f99 1fa31f9b 1fa61fa4
3230760 1fa21fa5 1fa71fa2 1fa11fa3 1fa21f9e
3231000 1fa31f9f 1fa61fa4 1fb21fae 1fa61fae
3231020 1fb21faf 1faa1fad 1fb01fac 1fb01fa7
3231040 1fae1faa 1fac1fab 1faa1faa 1fae1faf
3231060 1fb81fb2 1fbd1fb9 1fb81fba 1fbe1fc0
3231100 1fbe1fbf 1fc11fb7 1fb61fbb 1fb21fb8
3231120 1fba1fbd 1fbc1fbb 1fbc1fbb 1fc71fbe
3231140 1fc51fc4 1fc91fc7 1fc91fc8 1fbd1fc0
3231160 1fca1fc7 1fb91fc4 1fc71fcb 1fce1fce
3231200 1fcf1fcb 1fcf1fcb 1fcc1fcb 1fcb1fcd
3231220 1fd41fca 1fe11fd5 1fdd1fde 1fda1fe0
3231240 1fe31fdd 1fea1fe9 1fe91fe2 1fe41fe1
3231260 1fdc1fda 1fde1fdd 1fe01fe1 1fea1fe0
3231300 1fe01fe5 1fdf1fe6 1fe61fec 1fea1fe7
3231320 1fec1fe2 1fec1ff1 1feb1fed 1ff21ff1
3231340 1ff81ff5 1ffe1ffd 1ff41ffe 1ff71ff3
3231360 1ffb1ffb 1ff42000 20011ffc 1ffb1ffe
3231400 1ff91ff9 20002002 20022003 1fff2001
3231420 20061ffc 1fff200b 20062003 20012007
3231440 200a2008 20032007 20032007 20082008
3231460 20052001 200c200b 200b2009 2007200f
3231500 2010200f 20172018 20172015 20182021
3231520 201a2013 20142019 20142011 201c2019
3231540 2018201b 200e201c 200f200d 2014200f
3231560 20122013 20142014 20102016 20162014
3231600 2021201a 201f201f 2020201d 201d2021
3231620 2017201c 201a2017 2022201f 20242029
3231640 201e2023 201e2022 20242023 201e2023
3231660 20282020 20272023 201c201c 20232021
3231700 201b201b 20252023 201d2020 20202024
3231720 20212021 201b2019 20212028 20272029
3231740 2025202b 20282028 20242026 202d202e
3231760 20272029 2025202a 20272025 20242020
3232000 20222025 20222024 201e201f 20212020
3232020 20222022 20272021 2032202d 202a2031
3232040 20332029 202b2027 2026202c 20242028
3232060 2022202d 2022201b 2023201f 20242028
3232100 20182022 20202025 201f2024 2026201d
3232120 20272026 20292029 20392034 202c2031
3232140 20262025 202e2027 20222028 20292025
3232160 20242025 20252024 2024202a 202d202c
3232200 202b2030 202c2029 20222026 20232024
3232220 20292022 201c2021 201f201b 201c2019
3232240 20272022 20232026 201e2021 20212022
3232260 20202020 20262027 2025202c 201e2020
3232300 201c201d 201c2022 201f201d 201f2024
3232320 201d202a 20202021 20232023 201f2020
3232340 201b2020 2019201c 201a2015 20202016
3232360 20212020 201b2026 2020201f 2021201a
3232400 200f200b 201d2014 20132020 2024201f
3232420 201d201e 2024201a 20152018 20102016
3232440 201a201a 20112011 20122018 2015201e
3232460 201a2014 201e201e 201c2017 2011200e
3232500 20132011 200a200a 2007200e 200f200b
3232520 200f2008 20092007 20122010 2015200d
3232540 2010200e 2015200e 20122014 200e2016
3232560 20072010 20082009 200f200d 200a2009
3232600 2005200d 20042009 1ffe2002 20041fff
3232620 20092009 200d200d 20052008 20052004
3232640 20062000 200c2007 200b2011 2004200b
3232660 200b2009 2004200c 20062002 1ffb2006
3232700 20042001 1ff81ffe 20031ff7 20072005
3232720 20022003 1ffe2009 20042001 1ffe2002
3232740 20072007 20012006 200a2006 20072006
3232760 2009200b 200a200a 20052006 2009200a
3233000 20042009 200a2009 20012005 20012001
3233020 20012007 20032004 20082008 20082007
3233040 200c2002 20032009 2009200b 20042005
3233060 200e2008 200e200c 20102011 200d2012
3233100 20132011 20132017 20102016 200f2010
3233120 20172019 20122010 20172012 20132014
3233140 2010200c 2013200c 2011200c 20172010
3233160 2018201d 2015201e 2014201c 20102015
3233200 200d2013 200f200b 201c2017 201b2014
3233220 201d2020 201c201a 20202022 20202022
3233240 20252022 20232020 20282024 2028202a
3233260 2031202d 202b2030 202a202d 2027202c
3233300 2026202a 20262028 202c202a 202b202f
3233320 20332037 2028202b 202f2032 203b2036
3233340 20362035 20352037 20372036 20352036
3233360 20442038 2040203e 2046203a 203d2042
3233400 204a2046 204a204f 204d2047 2048204c
3233420 20452046 20462045 20462048 20452044
3233440 20482047 203e203e 20482048 20482047
3233460 2052204d 20532058 20562054 205e205e
3233500 2056205c 2054205d 20582055 205a2056
3233520 2063205b 205d205d 20592053 20572058
3233540 205d205f 2060205f 20622063 2062205c
3233560 205c205f 205b2060 20652065 20612061
3233600 206c206b 20692064 206a206d 206d206e
3233620 2070206b 206b207b 20672064 2070206a
3233640 2077206f 2073206d 20752072 20752075
3233660 20732078 2075207a 2081207b 207a207b
3233700 207d207a 2081207f 20852088 20802084
3233720 2080207a 207a207b 20772086 2085207f
3233740 207e207e 20832080 2085208a 20842087
3233760 208b2088 20872088 2086208c 2084208a
3234000 208d2089 2090208c 20912093 209c2090
3234020 2097209d 20912099 20882091 208f2091
3234040 2097208e 208c208f 20902092 208e2093
3234060 2095208d 209d2093 20a22098 209a20a5
3234100 2096209d 20912099 2091208c 208d2093
3234120 208d208c 208e208e 2098209a 209c2098
3234140 20972095 20932096 209b209d 20a020a2
3234160 209c209e 209c209c 209e209b 209c20a0
3234200 2096209b 2099209b 209a2093 2094209a
3234220 2096209a 2098209b 20a02095 209b209a
3234240 209c2098 20942095 209c2095 209b2099
3234260 20902099 20992095 209d209b 20a320a2
3234300 20a320a3 209c20a1 20a2209e 209f20a1
3234320 20a020a6 20a2209a 20a7209d 20a420a5
3234340 20a120a2 20af20a3 20a120a8 20ab20a9
3234360 20a220a5 209e20a3 209d209f 209a20a1
3234400 2098209e 209b209b 20a020ab 209f20aa
3234420 209f20a1 209b209f 2099209a 2097209e
3234440 208e2093 209b2092 20972099 20912096
3234460 20992098 20932097 20a0209a 2097209b
3234500 209a2097 209f209c 209d20a1 209d2096
3234520 2099209d 2097209c 20962095 208d2094
3234540 20952094 20902090 2089208a 208e2094
3234560 208f208c 20992092 20962099 20932099
3234600 20952094 209d2098 208e2097 2091208b
3234620 20932091 20962093 20902093 2093208d
3234640 208d2095 208a208c 20952094 208e208f
3234660 2095208f 2099208e 208a208b 20892091
3234700 20872086 208c2085 20812088 20872087
3234720 208b2088 20852087 20812080 20822082
3234740 20832083 20872085 20842081 20832084
3234760 20832087 20872085 207f2088 20752076
3235000 2083207d 20862089 207d2083 207e2076
3235020 20822080 207d207a 20762076 2076207b
3235040 20772078 2080207f 2074207a 206f206a
3235060 2073207a 2075206e 20732076 20782075
3235100 20712075 20772077 20742072 207b2071
3235120 20792075 20742072 206f206f 206e206d
3235140 206f2075 20772073 206d2073 20722074
3235160 207c2079 207b2080 20792075 20782070
3235200 206b2068 207c2076 207b207b 207c2078
3235220 207c207e 20752075 20732074 20702073
3235240 20722067 20742071 20742071 20722074
3235260 206f2074 20712069 206f206c 207a2074
3235300 20772072 20782076 207a2075 20722072
3235320 2077207f 20762072 20772075 20742071
3235340 207a2076 20712073 20772079 20772079
3235360 207b2076 20742076 20742076 20772074
3235400 20792077 2083207c 2079207f 206f2075
3235420 20792075 207a207d 20812079 20852083
3235440 208e2089 2089208e 208d208e 208b208d
3235460 2083208a 20822088 208e208d 20882090
3235500 208a208a 20872087 2087208c 208b2087
3235520 20872090 208a208b 20872092 20832086
3235540 20862086 2091208a 208d208e 20912092
3235560 20932091 20852088 2093208a 208c2089
3235600 20942095 2093208e 20962092 20a020a0
3235620 20a320a5 209c20a5 2091209a 209e2095
3235640 209720a1 209e20a1 209c20a3 20952097
3235660 20a3209e 209d20a0 2099209a 209c20a0
3235700 20a520a2 20a420a2 20a420a6 20a620a9
3235720 20b220ae 20aa20ae 20a420af 20ac20a7
3235740 20ae20af 20ac20ae 20a320ac 20ae20a9
3235760 20ab20a7 20ae20b3 20b020b3 20ae20b5
3236000 20b620b2 20b220ab 20b820af 20bf20ba
3236020 20ba20b9 20bd20bb 20c220bc 20b120b3
3236040 20bd20b9 20bd20bb 20c320be 20bb20bf
3236060 20ca20c5 20c220c3 20bb20c2 20bd20c0
3236100 20c120c2 20ce20c8 20be20c7 20c020c3
3236120 20c920c8 20c520cb 20c220c3 20cc20cb
3236140 20ce20cf 20d020d0 20d520d9 20d620ce
3236160 20d020d6 20d120d6 20d020d3 20d420d1
3236200 20ce20cb 20d120ca 20d520d4 20d320d5
3236220 20d420d2 20d520d8 20d420d8 20da20d6
3236240 20dc20da 20d720da 20de20d8 20dc20d9
3236260 20d920de 20dd20e0 20d620d5 20da20cf
3236300 20df20df 20db20df 20e320e6 20dd20db
3236320 20e020db 20e020e1 20e320e3 20e620e6
3236340 20e220e2 20e920e5 20de20e2 20da20df
3236360 20e220df 20e720ea 20e120e0 20e520de
3236400 20e720e5 20e220eb 20ee20e6 20f020e9
3236420 20f320eb 20f220ed 20ee20f4 20ef20ed
3236440 20e920e7 20e720e9 20ec20e5 20eb20f3
3236460 20ec20eb 20ee20e7 20ee20f1 20f120f8
3236500 20ef20ed 20f420f6 20f820f1 20f820f6
3236520 20f620f8 20ef20f6 20f720f2 20ff20f6
3236540 20fc20fa 20f62102 20f920f5 20ef20f6
3236560 20e620eb 20f320eb 20f120ed 20f520f1
3236600 20f320f6 20fb20f3 20f920f8 20f120f1
3236620 20f820f3 20fa20f5 20f720f5 20f620f7
3236640 20f020f9 20f120f0 20f320f3 20fc20ef
3236660 20f620f2 20f420f1 20f320f3 20f620f5
3236700 20f920f2 20f820f6 20f420fc 20f820f8
3236720 20f720f6 20f220f2 20f720f6 20f520f9
3236740 20fb20f7 20f120f8 20f520ef 20f220ed
3236760 20f120f0 20fa20f7 20f320f3 20f720f6
3237000 20fc20f2 20fc20fa 20ef20f6 210620fb
3237020 20fa20fe 20f720fa 20ef20f5 20ec20f1
3237040 20ec20eb 20e920e2 20ed20e9 20ef20f3
3237060 20f020f6 20f020f7 20fe20f7 20f320f2
3237100 20ef20ee 20ed20ef 20ed20ee 20f820f1
3237120 20fb20f3 20f120f4 20f420f8 20f220ef
3237140 20f320f6 20ec20f3 20e420ea 20e620e5
3237160 20ed20e3 20ee20ef 20ea20e8 20e920ea
3237200 20ea20ea 20e620e1 20ed20dd 20e920eb
3237220 20eb20ee 20e220e8 20e420e4 20dd20d8
3237240 20e720e1 20e520e9 20e620e0 20e020db
3237260 20e920e4 20e020e4 20dd20df 20e720de
3237300 20dc20d8 20d920dc 20dd20d9 20e620e3
3237320 20e520e5 20d820e2 20d420db 20de20de
3237340 20da20df 20e020e1 20e320e3 20e020de
3237360 20e120e3 20dc20de 20dc20d6 20db20da
3237400 20dd20dc 20da20da 20dc20d5 20dc20db
3237420 20e220df 20dc20e2 20e020de 20de20da
3237440 20e120ea 20e120e5 20e420de 20d820e1
3237460 20dd20df 20dc20e0 20e120da 20e120dc
3237500 20db20df 20e020e4 20da20e3 20e720df
3237520 20f120f0 20df20e2 20e920e9 20e220e1
3237540 20e020e2 20dd20dc 20d820db 20dd20d9
3237560 20db20e6 20eb20eb 20ec20ed 20ea20ea
3237600 20e320e6 20e820ea 20e520e9 20eb20e9
3237620 20eb20ea 20e420e5 20dd20e4 20e020dd
3237640 20e520df 20e320de 20ea20e3 20e820e3
3237660 20de20e5 20dc20dd 20e220e0 20e020e2
3237700 20eb20ea 20f020f0 20f920f9 20f120f6
3237720 20ec20ee 20e320ef 20e520da 20e820e5
3237740 20ea20ea 20ee20ed 20f220f4 20fa20f5
3237760 20ec20f6 20e720f5 20f220f2 20eb20ee
3240000 20f820f1 20fb20fa 20f720f5 20f920f7
3240020 20fa2102 20fc2102 20fe20f5 20f520f9
3240040 20f520f6 20f820f4 20f120f4 20f720fc
3240060 20f620f5 20f920f5 20f720fa 210120f7
3240100 21032103 20fc20ff 20fa20fd 20f82104
3240120 20fd2103 20fd20f7 20f720fd 20fd20f8
3240140 21002103 21022103 20ff20fd 210120fb
3240160 20fd2101 20fb2107 20ff20fe 21062103
3240200 210a210c 210e2112 2108210b 210e2112
3240220 21092107 210f2106 210f2115 210e2114
3240240 21052106 2105210d 210220ff 21122103
3240260 2115211f 21142111 211f2117 211b2118
3240300 21172117 b01004ca 00001004 0001000a
3240320 00010000 03b15d13 00000ffc 0001000a
3240340 1400003c add01f00 add01f01 add01f02
3240360 add01f03 add01f04 add01f05 add01f06
3240400 add01f07 add01f08 add01f09 add01f0a
3240420 add01f0b add01f0c add01f0d add01f0e
3240440 add01f0f add01f10 add01f11 add01f12
3240460 add01f13 add01f14 add01f15 add01f16
3240500 add01f17 add01f18 add01f19 add01f1a
3240520 add01f1b add01f1c add01f1d add01f1e
3240540 ff000134 00000020 00000000 f066cb7f
3240560 00000001 deadbeef f0000000 f066cb6b
3240600 3b0a8018 00000000 00000134 00001f48
3240620 a0100190 21f72100 21ef21fa 21f921ef
3240640 21f92200 21fc21fe 21fb2204 21f121fb
3240660 21ec21f1 21f321ee 21f421f8 21f321f1
3240700 21fb21f9 21f221f9 21f621f4 21f721fc
3240720 21f521f1 21fa21f2 21f221f1 21f521ef
3240740 21fb21f0 21f721f6 21f321f8 21f221f0
3240760 21f221f3 21fb21f7 21ef21f5 21f121f3
3241000 21ef21f5 21fa21f5 21f221ef 21f021ec
3241020 21fc21f3 21e921f0 21fa21ef 21f321f3
3241040 21ee21f3 21f321ed 21f321ed 21f121ed
3241060 21fa21f7 21f321fa 21ee21f4 21ee21ed
3241100 21f021ec 21ec21eb 21eb21ee 21f021f4
3241120 21e921ec 21e521e9 21e221e5 21e121e6
3241140 21e821ec 21ef21e7 21e421eb 21e521e6
3241160 21e421e3 21ec21ea 21f021ee 21f121ec
3241200 21ef21eb 21ef21ed 21e621e8 21e321ea
3241220 21e521e2 21dd21e6 21e021e0 21e521dd
3241240 21dd21e2 21e421dc 21ea21df 21ed21ea
3241260 21e821f4 21e321e2 21ea21dc 21e921eb
3241300 21a021eb 1fd820ca 1e841f16 1ddf1e1e
3241320 1da41dbb 1d901d99 1d921d96 1d8b1d8b
3241340 1d891d83 1d7f1d83 1d7e1d82 1d7e1d85
3241360 1d821d84 1d801d80 1d781d7b 1d821d7d
3241400 1d811d8c 1d7c1d83 1d791d77 1d7c1d7d
3241420 1d7d1d7d 1d851d86 1d851d83 1d901d88
3241440 1d8a1d86 1d7f1d8a 1d821d84 1d881d86
3241460 1d901d86 1d881d8c 1d851d86 1d851d82
3241500 1d8d1d86 1d8c1d8f 1d851d85 1d8a1d8d
3241520 1d8a1d8e 1d841d88 1d8f1d8d 1d941d94
3241540 1d8b1d8f 1d921d8c 1d911d8e 1d8a1d8a
3241560 1d931d8a 1d941d92 1d971d9a 1d8e1d93
3241600 1d931d94 1d961d8c 1d971d9a 1d9d1d9e
3241620 1da11d9f 1d971d9a 1d981d96 1d9d1da8
3241640 1d941d9f 1d931d99 1d941d94 1d961d95
3241660 1d9e1d99 1d991da1 1d9e1d9e 1da31d9a
3241700 1d9f1d9e 1da01d9e 1da41da5 1da81da2
3241720 1dac1da2 1da71dab 1dac1da7 1db21db2
3241740 1db71daf 1dae1db0 1db01da8 1db41dad
3241760 1da81db0 1daa1db0 1db51dad 1db11dac
3242000 1daa1da8 1dae1db4 1daf1dad 1db31dae
3242020 1db21db1 1dbd1dbb 1db71dbb 1daf1db3
3242040 1db61db0 1db91db7 1db71dbb 1dbe1dc1
3242060 1dbb1db8 1db91dbb 1db71db7 1db81dba
3242100 1db41db7 1dba1dbb 1dc11dc3 1db61db9
3242120 1db31dba 1dbb1dbd 1dba1db9 1dbf1db6
3242140 1db91db9 1dc11db8 1dc41dc3 1dc91dc8
3242160 1dc41dc1 1dc61dc9 1dcb1dc8 1dcf1dce
3242200 1dce1dd1 1dc91dcd 1dc81dcc 1dc51dc6
3242220 1dc81dc5 1dce1dc5 1dca1dcc 1dc91dd0
3242240 1dd11dcf 1dd61dca 1dcf1dcc 1dd91dd2
3242260 1dca1dd3 1dc81dcc 1dd41dcd 1dd71dd9
3242300 1dc81dcf 1dca1dcb 1dce1dcc 1dd21dd4
3242320 1ddc1dd3 1ddc1dd8 1ddc1dde 1ddf1ddb
3242340 1dd81dda 1ddf1ddd 1de31ddf 1de01ddf
3242360 1de01de3 1de11de6 1de61dda 1de51dde
3242400 1de91dec 1de91de7 1de11de5 1de31ded
3242420 1dec1de5 1dea1de9 1de81de9 1dea1dec
3242440 1dea1ded 1de91ded 1de91dea 1dec1df3
3242460 1dee1def 1def1deb 1dec1dec 1deb1deb
3242500 1de81dee 1df11ded 1dea1de7 1dfa1deb
3242520 1deb1df2 1df01def 1df61df6 1dfb1df5
3242540 1e021df7 1e041dfb 1e041e01 1e041e05
3242560 1dfa1e05 1dff1df9 1df31df3 1df61df7
3242600 1dfe1df5 1e021e00 1dfe1dfb 1dfc1e01
3242620 1dfe1dff 1e071e07 1e101e0a 1e0f1e07
3242640 1e061e03 1e041e03 1e081e05 1e091e04
3242660 1e041e03 1e061e0a 1e001e09 1e041e0c
3242700 1e111e09 1e0a1e0a 1e061e02 1e0d1e09
3242720 1e101e10 1e161e11 1e101e10 1e0f1e11
3242740 1e101e0d 1e101e15 1e0f1e09 1e0d1e11
3242760 1e0f1e15 1e131e11 1e091e13 1e121e09
3243000 1e0e1e10 1e111e1a 1e181e10 1e131e0d
3243020 1e191e14 1e1c1e12 1e0f1e14 1e0e1e10
3243040 1e171e15 1e1b1e1d 1e1b1e1b 1e191e19
3243060 1e1a1e1d 1e221e1e 1e181e19 1e171e13
3243100 1e171e11 1e131e1c 1e161e13 1e171e13
3243120 1e121e1b 1e141e12 1e181e15 1e1c1e19
3243140 1e201e1c 1e1a1e21 1e181e1a 1e1c1e1f
3243160 1e291e24 1e1e1e22 1e2b1e1f 1e221e21
3243200 1e1f1e1d 1e1e1e1e 1e231e23 1e231e27
3243220 1e211e27 1e1c1e23 1e221e28 1e241e22
3243240 1e2e1e2b 1e201e22 1e1e1e23 1e231e21
3243260 1e1d1e22 1e281e20 1e2a1e2a 1e281e29
3243300 1e271e2c 1e311e28 1e301e29 1e291e2d
3243320 1e2b1e2a 1e2f1e32 1e2d1e31 1e361e30
3243340 1e291e31 1e2b1e2f 1e361e30 1e3b1e35
3243360 1e351e36 1e351e34 1e361e32 1e351e3b
3243400 1e371e38 1e381e2d 1e331e3c 1e381e34
3243420 1e411e3a 1e371e36 1e3a1e37 1e391e37
3243440 1e391e37 1e3e1e3d 1e481e43 1e4c1e4b
3243460 1e481e4b 1e391e41 1e3b1e3f 1e421e44
3243500 1e451e30 1e471e4e 1e471e3d 1e471e4d
3243520 1e4a1e4d 1e4c1e46 1e481e48 1e451e4c
3243540 1e4d1e4b 1e491e4d 1e561e4d 1e531e51
3243560 1e4d1e53 1e571e53 1e551e52 1e551e52
3243600 1e591e53 1e571e5d 1e561e59 1e581e59
3243620 1e5a1e52 1e591e59 1e5f1e5e 1e5f1e5e
3243640 1e661e63 1e6a1e62 1e621e65 1e6a1e67
3243660 1e6a1e69 1e661e65 1e641e60 1e671e67
3243700 1e6b1e6f 1e691e6e 1e701e6a 1e6d1e67
3243720 1e6a1e69 1e701e66 1e6d1e6e 1e6c1e65
3243740 1e611e5f 1e5f1e5e 1e661e63 1e6a1e6b
3243760 1e6f1e6c 1e781e71 1e761e70 1e751e70
3244000 1e7a1e7a 1e761e75 1e7c1e7d 1e771e76
3244020 1e771e7b 1e791e75 1e7b1e7f 1e801e76
3244040 1e7c1e7d 1e851e82 1e831e87 1e881e89
3244060 1e881e91 1e851e89 1e7f1e86 1e841e86
3244100 1e7e1e81 1e821e7e 1e7d1e82 1e7f1e83
3244120 1e8f1e86 1e8d1e8b 1e951e92 1e941e90
3244140 1e921e91 1e8f1e92 1e8f1e8e 1e941e90
3244160 1e8c1e97 1e8a1e91 1e8d1e91 1e911e8a
3244200 1e901e90 1e941e92 1e971e9c 1e971e95
3244220 1e8f1e9f 1e991e93 1e9b1e97 1e9c1ea7
3244240 1ea01e9d 1e9b1e9b 1e9e1e9d 1e991e9c
3244260 1e961e97 1ea61ea2 1e9a1ea1 1e9c1e9e
3244300 1ea61ea4 1ea31ea7 1eac1ea9 1ea21ea4
3244320 1ea51ea7 1ea61ea3 1ea01ea9 1eaa1ea6
3244340 1eab1ea6 1eac1eaa 1eaa1eaa 1ead1eaa
3244360 1eb21eae 1eae1eaf 1eb21eab 1ea81eaf
3244400 1ea71eac 1ea11ea8 1ea91ea1 1ea91ea8
3244420 1ea91eae 1eb71ead 1eb21eb4 1eb81eb5
3244440 1eba1eb8 1eb81ebf 1eb61eb7 1eb31eb4
3244460 1ebc1ebc 1ead1eb9 1ead1eaf 1eb21ead
3244500 1ead1eb0 1ead1eae 1ebb1eb3 1eb61ebf
3244520 1ebb1eb9 1ebf1ebf 1eb61ebe 1eba1eb9
3244540 1ebd1ebb 1ebc1ec3 1ec61ec0 1ec11ec2
3244560 1ec61ebb 1ec51ec4 1ec61ec8 1ec61ec3
3244600 1ebe1ec3 1ec01eb9 1ec01eba 1ebc1ec1
3244620 1ebe1ec7 1ebf1ebe 1ec21ebc 1ec31ec6
3244640 1ec61ec6 1ecb1ec7 1ec21ec2 1ec81ec9
3244660 1ec91ec5 1ec71ec6 1ec71ec8 1ecc1ec8
3244700 1ec71ec7 1eca1ecb 1ec61eca 1ec91ec5
3244720 1ed11ecd 1ec21ec6 1ed01ec9 1ec31ecd
3244740 1ecb1ec9 1ec91ec9 1ece1ecb 1ed51ed0
3244760 1eca1ecb 1ed01ed3 1ecd1ece 1ec31eca
3245000 1ec31ec8 1eca1ec3 1ed21ed4 1ed21ed1
3245020 1ecf1ece 1ecf1ecf 1ecc1ed5 1ecf1ecf
3245040 1ed61ed4 1ed61ecf 1ecd1ed1 1eca1ece
3245060 1ecc1ecf 1ed61ecd 1ed71ed0 1ed41ed2
3245100 1ed31ecd 1ed21ed4 1ed31ed3 1ed61ed7
3245120 1ed81edc 1ee11ed7 1ed81ed8 1ed21ed1
3245140 1eda1edb 1edd1edb 1edd1ede 1edc1ed7
3245160 1eda1edb 1ed51edb 1ece1ed2 1ed11ecf
3245200 1ece1ecc 1ecc1ecb 1ed91ecc 1ed71edb
3245220 1ecb1ed1 1ed41ed2 1edc1ed7 1edc1ed7
3245240 1ed71edb 1ed71ed5 1ed11ed5 1ed51ecd
3245260 1ed31ed1 1ed01ed4 1ed11ed2 1ed91ed6
3245300 1ed21ed3 1ed91ed8 1ed51edd 1ed71edb
3245320 1ed91eda 1ed11ed9 1ed71ecf 1ed21ed7
3245340 1ed11ecd 1ece1ed5 1ed01ecc 1edb1ed0
3245360 1ed31ed7 1ed71ed9 1eda1ed5 1ed61ed6
3245400 1ede1ecf 1ed91eda 1ed71ed5 1ed71eda
3245420 1edb1eda 1ed41ed1 1ec41ed8 1ee11ed2
3245440 1ecd1ed7 1ed91ecf 1ed01ed2 1ed51ed2
3245460 1ed51ed7 1ed31ed2 1ed71ed1 1ed51ed4
3245500 1eda1eda 1ed71ed8 1ede1ee0 1eda1edf
3245520 1edc1ed6 1edf1edc 1ed81edd 1ee01ed8
3245540 1ee31edc 1eeb1ee3 1ee71ee2 1ed71edc
3245560 1edc1ede 1ede1eda 1ede1eda 1ee51ee0
3245600 1eeb1ee4 1ee71eec 1eec1ee7 1eed1eed
3245620 1ee71eea 1ee71ee4 1eec1ee7 1eea1eea
3245640 1ee81ee4 1eee1ee8 1ee51ee7 1eec1ee7
3245660 1eec1ee4 1eef1ee9 1eed1eee 1ef61ef3
3245700 1ef51ef8 1ef81ef1 1ef21ef7 1eea1eee
3245720 1ef01eef 1eef1ef3 1ef41ef1 1ef01ef0
3245740 1ef41ef6 1eee1ef4 1ef51eef 1ef61ef4
3245760 1ef21eed 1ef81efa 1f001efd 1eff1efe
3246000 1f021efc 1efc1efb 1efc1efe 1ef71f02
3246020 1f021f00 1f041efe 1f081f07 1f051f04
3246040 1ef91f05 1efc1eff 1eff1f01 1f051eff
3246060 1f121f06 1f141f0f 1f101f13 1f111f0d
3246100 1f0d1f0d 1f0e1f09 1f0a1f0b 1f091f11
3246120 1f0e1f0e 1f0d1f08 1f141f0c 1f161f14
3246140 1f181f1a 1f1e1f12 1f1f1f1b 1f1c1f16
3246160 1f121f1e 1f121f1e 1f151f18 1f1c1f19
3246200 1f1a1f18 1f241f1e 1f2a1f29 1f201f23
3246220 1f1b1f1e 1f1d1f1f 1f261f28 1f2b1f24
3246240 1f2f1f28 1f2a1f24 1f2e1f25 1f341f2a
3246260 1f311f32 1f361f2f 1f3c1f33 1f3d1f3d
3246300 1f371f36 1f371f37 1f3e1f3c 1f351f3a
3246320 1f2f1f38 1f341f31 1f3c1f36 1f411f35
3246340 1f411f37 1f3c1f3a 1f441f40 1f441f45
3246360 1f491f44 1f3b1f44 1f3e1f3b 1f3b1f40
3246400 1f431f3d 1f401f45 1f431f43 1f401f3c
3246420 1f461f49 1f4e1f49 1f4c1f50 1f4d1f50
3246440 1f4c1f50 1f531f51 1f4b1f4f 1f4a1f4d
3246460 1f4c1f4a 1f571f4a 1f501f52 1f501f52
3246500 1f571f4d 1f5d1f53 1f571f58 1f551f55
3246520 1f5b1f5d 1f5a1f58 1f5c1f5b 1f531f57
3246540 1f521f52 1f551f55 1f541f55 1f5a1f55
3246560 1f591f58 1f5c1f60 1f5d1f61 1f531f5b
3246600 1f571f59 1f5c1f63 1f631f5f 1f5b1f60
3246620 1f5e1f56 1f5d1f58 1f5b1f58 1f631f59
3246640 1f5e1f5d 1f561f63 1f521f5d 1f5b1f61
3246660 1f5d1f59 1f6b1f68 1f671f60 1f721f6e
3246700 1f611f72 1f6b1f6c 1f6c1f6e 1f6b1f6b
3246720 1f701f68 1f6a1f6f 1f651f69 1f6a1f6f
3246740 1f711f68 1f6b1f69 1f6a1f67 1f681f68
3246760 1f701f6e 1f741f70 1f711f72 1f6b1f75
3247000 1f701f72 1f711f76 1f751f6e 1f761f6e
3247020 1f6f1f74 1f721f6f 1f6a1f76 1f741f72
3247040 1f761f6e 1f7b1f77 1f791f77 1f771f6d
3247060 1f6b1f74 1f751f78 1f761f78 1f731f7b
3247100 1f731f75 1f7c1f7c 1f7a1f70 1f771f7a
3247120 1f7e1f7d 1f801f84 1f7c1f7c 1f7b1f7d
3247140 1f741f78 1f7d1f81 1f841f7b 1f7c1f77
3247160 1f7a1f77 1f7c1f7a 1f791f7c 1f7f1f79
3247200 1f7a1f80 1f841f83 1f7b1f80 1f7c1f7b
3247220 1f871f7f 1f801f7e 1f801f7a 1f771f77
3247240 1f751f7a 1f7a1f74 1f821f78 1f831f7e
3247260 1f771f82 1f7f1f73 1f7f1f7d 1f811f7d
3247300 1f7d1f7a 1f7b1f7e 1f741f76 1f771f78
3247320 1f831f7e 1f801f7f 1f791f7f 1f741f7a
3247340 1f731f7a 1f781f71 1f7f1f7f 1f771f71
3247360 1f771f7b 1f831f7d 1f701f7a 1f7e1f7a
3247400 1f711f7c 1f731f77 1f781f74 1f711f6e
3247420 1f751f77 1f6d1f71 1f6c1f6f 1f6a1f70
3247440 1f731f69 1f741f6b 1f701f6c 1f711f70
3247460 1f791f79 1f741f6e 1f761f76 1f6d1f6f
3247500 1f701f78 1f6c1f76 1f711f6f 1f6d1f6e
3247520 1f761f71 1f701f75 1f701f74 1f731f6f
3247540 1f711f6e 1f6c1f6e 1f661f66 1f6b1f66
3247560 1f681f6d 1f681f61 1f6a1f69 1f681f6d
3247600 1f6e1f72 1f6f1f6a 1f6c1f68 1f701f69
3247620 1f761f71 1f6e1f75 1f711f6b 1f6f1f5d
3247640 1f681f71 1f6a1f68 1f6a1f77 1f731f69
3247660 1f761f74 1f731f74 1f6a1f71 1f751f72
3247700 1f7a1f73 1f781f73 1f791f7c 1f6f1f73
3247720 1f7d1f7d 1f7e1f79 1f731f77 1f6e1f73
3247740 1f731f70 1f6e1f79 1f721f6e 1f6d1f6d
3247760 1f6f1f65 1f761f76 1f7d1f78 1f741f79
3250000 1f721f77 1f691f6a 1f701f70 1f6b1f6e
3250020 1f741f70 1f711f71 1f711f70 1f6b1f6f
3250040 1f6a1f6c 1f791f75 1f781f70 1f751f7d
3250060 1f791f7c 1f791f78 1f791f7c 1f851f81
3250100 1f831f7e 1f781f79 1f851f7a 1f7a1f7f
3250120 1f871f88 1f811f83 1f821f83 1f831f86
3250140 1f871f80 1f8c1f81 1f871f8f 1f871f8b
3250160 1f8c1f91 1f951f8f 1f941f95 1f8b1f92
3250200 1f8d1f8d 1f8d1f90 1f921f8e 1f991f8e
3250220 1f9c1f9a 1f911f91 1f951f96 1f911f8c
3250240 1f8d1f8c 1f901f93 1f891f96 1f981f92
3250260 1f9b1f9b 1f9c1f93 1f8f1f95 1f931f93
3250300 1f991f98 1f9c1f96 1f9e1f98 1f9f1f9f
3250320 1fac1fa2 1fa91fab 1fa31fa7 1fa91fab
3250340 1fa31fb0 1fa81fab 1fad1fa6 1fa71fad
3250360 1fac1fab 1faa1fb0 1faf1fb4 1fb01fac
3250400 1fb41fb1 1fbd1fba 1fb21fb8 1fb31fb1
3250420 1fb01fb6 1fb91fac 1fb91fb6 1fb91fb7
3250440 1fbe1fbd 1fc11fc1 1fbf1fb8 1fbc1fbd
3250460 1fbc1fbd 1fc01fc3 1fc91fc2 1fc81fc4
3250500 1fc81fc3 1fc61fc9 1fc51fc5 1fd51fc7
3250520 1fd01fd0 1fcf1fcd 1fd41fcc 1fcf1fd2
3250540 1fce1fd4 1fd51fd1 1fd61fd0 1fd71fd2
3250560 1fd01fd4 1fd21fd7 1fda1fd9 1fd51fdc
3250600 1fd61fd6 1fd51fda 1fde1fd9 1fdd1fec
3250620 1fe51fe0 1fe41fee 1fe61fe0 1fe61fee
3250640 1fe71fec 1fe71fe6 1fe91fe4 1feb1fe5
3250660 1feb1fed 1fe51fe6 1fe81fe8 1fe91fea
3250700 1fe01fea 1fe61fee 1fef1fec 1ff31fee
3250720 1fec1ff5 1ff41fed 1ff71ff1 1ff31feb
3250740 1fea1fef 1ff21ff2 1ff41ff0 1ff91ffd
3250760 1fff1ffa 20061fff 1ffc2004 1ffd2001
3251000 1fff2007 20001ffb 1ffb1fff 1ffb1ffc
3251020 1ffe1ffd 1ffe1ffe 1ffb2002 20011ff7
3251040 20042003 20031ffd 20022008 1ffd1fff
3251060 1ffc2002 20092007 200b2007 200f200d
3251100 200c2009 200c200e 2006200f 2007200a
3251120 200b200b 200c2007 2012200c 20142013
3251140 200d2016 201d200f 2014201b 20172012
3251160 20132015 20172012 20132014 20162016
3251200 20142018 2010201e 2013201b 20112013
3251220 2021201e 2020201c 201b2023 2020201e
3251240 201f201d 20242020 20252020 201b201e
3251260 201d201c 20242025 2021202b 20222021
3251300 20242021 20212028 20242025 201d202a
3251320 2022201d 20282021 20252029 20262020
3251340 2029202b 2026201f 2025202a 20212024
3251360 20252025 20262024 20202021 20242028
3251400 2022201f 202d202c 202c2028 20262027
3251420 2030202a 20222029 201c202a 20232022
3251440 20272027 20232027 2025202f 20332029
3251460 20322033 2029202e 202d2029 20302028
3251500 2029202a 20242025 2027201f 201f201d
3251520 20212021 20222025 2019201c 2020201d
3251540 20192016 20212018 20202022 201a201e
3251560 20242011 20212020 201f2024 201d2023
3251600 20202020 201e2021 20212016 201f2021
3251620 20222021 201b201c 201e201c 201d201a
3251640 201a2022 20192019 201c2015 2017201a
3251660 20142015 200e200d 20152017 20142013
3251700 200f2010 20142010 2017200f 20162019
3251720 2018201c 201a2018 200b200f 200f200b
3251740 20042010 200f2012 2010200d 200a200f
3251760 20042003 200d200a 200b2010 2017200a
3252000 2012200c 200b200c 2008200b 200a2008
3252020 200d200b 20092010 200e2012 200f200c
3252040 2011200b 2009200f 20052001 20012008
3252060 20022002 20082005 200c2006 20091fff
3252100 2005200a 2009200b 2012200c 1ffd1ffd
3252120 1ffd1ffe 20012003 200b2006 20012001
3252140 20031fff 20031ffc 1ffb1ffa 20022003
3252160 20092009 200b2005 20002007 1ffd2000
3252200 200a200b 20042007 1fff1ffe 20032001
3252220 20051ffd 20052001 20022001 20032006
3252240 20072005 20011ffe 20012002 1ffe2001
3252260 1ffc1ffc 1ffe1ffa 20022001 1ffc2002
3252300 20092000 200f2009 20022004 2008200c
3252320 1ffe2008 20032003 200d2005 20052007
3252340 20082003 2006200c 20052003 20092006
3252360 200a200b 200f2007 200b200d 200f200b
3252400 20092009 200f2007 200b200b 20132012
3252420 200f2013 200c200b 200a200c 200c2011
3252440 200c2011 200d200c 200e200f 20162014
3252460 20102016 20162017 20182014 201e201b
3252500 201e201d 201f201a 2024201f 2021201e
3252520 2018201d 201b2014 201a201f 2021201b
3252540 201b2018 20162018 20142015 201d2023
3252560 201a201d 201c201b 201d2018 201e201a
3252600 2021202a 2025201f 20262024 202a202a
3252620 20292030 20222024 20272021 202e202f
3252640 20352028 202a2029 2033202b 20312037
3252660 20322032 20322033 202e202f 202e202f
3252700 202d202d 20332032 2030202b 20332032
3252720 20352035 203f203e 203d2044 2039203b
3252740 203b203d 203b203c 203a203c 203e203b
3252760 20472046 20452043 20452042 20402044
3253000 20462047 204d2044 2053204c 2047204e
3253020 20372043 20452043 204c204e 20522049
3253040 20512047 204a204b 204a204c 2053204a
3253060 2052204f 204d2050 20522053 20572055
3253100 2056204f 2054205e 20552055 20532054
3253120 20512056 2054204c 20572054 204e2052
3253140 205b205c 205c2059 20602058 205f205f
3253160 205d205e 20612064 20662060 2066205f
3253200 2063205f 206a2068 206b2070 20642063
3253220 20632064 20692066 2061205f 206d2067
3253240 206f206c 20672064 206c206e 20762074
3253260 2071206d 206e206c 2070206d 206a206b
3253300 2075207b 2074207e 20762076 20742074
3253320 20732074 20742077 20762072 20782073
3253340 2076207a 20762072 206f2073 20742071
3253360 20792077 207a2078 207f207d 207c2080
3253400 2087207c 207e2086 20882082 20812085
3253420 207c2080 2080207e 20822080 20812082
3253440 20842083 20832086 20842085 20852082
3253460 208b2087 2087208d 208c208d 20912087
3253500 208f208e 2092208f 208a208b 2085208a
3253520 20862082 208b2088 20932087 2095208d
3253540 20952092 208d2095 208f208a 2099208d
3253560 208e2091 20982090 20932094 208e208d
3253600 208e2091 20952092 2093209c 208c208f
3253620 208b2090 208c208a 208f208e 208a2094
3253640 20902091 20862091 20882089 20872089
3253660 208e208c 208e2090 2089208c 20972093
3253700 208f208d 208f2094 20952096 20992096
3253720 20972093 208e2094 2086208d 2094208e
3253740 208c2090 208e208e 20862088 208a208b
3253760 208f208a 2090208d 20862089 207a2086
3254000 208a2084 208c208a 2090207e 208d208a
3254020 208e208f 2089208f 2088208c 20832088
3254040 20822082 20812080 207e207f 208a2080
3254060 20842081 2080207f 20832081 207e2085
3254100 20852088 208c2084 20912089 2086208e
3254120 207d207c 20732076 20732074 207d2076
3254140 2076207f 206f2074 20762078 206f2076
3254160 20792071 20742076 20722076 20722079
3254200 2064206c 2070206d 206f2072 20722071
3254220 20762074 207a2075 20752072 206f206c
3254240 206b2079 206a2078 206c206c 206f2071
3254260 206a2069 206c206a 206c2070 206a206b
3254300 2067206a 20682063 20652061 20672067
3254320 2070206b 20682069 2068206b 20642069
3254340 205f2069 20602063 20632064 20582061
3254360 20662064 20652060 2065206a 206a206a
3254400 20632068 20662069 20672067 206a206a
3254420 2066206b 20612064 20642060 205c2061
3254440 205b2060 20602062 20612061 205f2064
3254460 20642057 2061205e 20652067 20602067
3254500 205b2067 2060205e 20552054 2066205e
3254520 20542057 205b2061 205c205b 205b205a
3254540 2061205c 2059205e 20672069 20642065
3254560 20652061 20662069 206c2064 2056205d
3254600 2053205b 20632065 205e205e 20612061
3254620 2066205f 20672067 205a2064 20622060
3254640 20642060 2063206e 2064206a 20692065
3254660 20682066 20632065 2065206a 206a2067
3254700 20662069 20602064 20632066 206b2062
3254720 20762071 20712069 20712072 20672069
3254740 20682068 206c2070 20682066 20732065
3254760 206d206e 20702069 206b206b 2070206f
3255000 2072206d 20732071 20682071 2072206f
3255020 206c2073 2078206b 20702073 20732077
3255040 207d207d 20752070 207b2077 207b207a
3255060 207a2079 20782075 20792077 20762077
3255100 20742071 20782075 207e207c 2081207a
3255120 20812081 2081207e 20822084 20842086
3255140 208d2084 208e2091 207f2085 20812082
3255160 2088208b 20882083 2092208a 20952096
3255200 20872097 208f2085 208b208d 2087208e
3255220 207b208a 20912090 208b208c 20932087
3255240 2088208b 20952091 20942093 208f2099
3255260 20972098 209e209c 209d2098 209b2098
3255300 20a620a1 20a220a2 20a120a2 209d20a7
3255320 209920a3 20a020a2 20a4209e 20ae20a2
3255340 20ab20a6 20a820a8 20a820a7 20ab20a6
3255360 20a420a3 20a4209f 20aa20a6 20ac20ac
3255400 20af20aa 20b620ae 20af20b5 20b420b1
3255420 20ae20b1 20b320af 20ac20ad 20b120ad
3255440 20ad20b5 20b120b0 20b020b0 20bc20b3
3255460 20b920b6 20b820b4 20a920b7 20b720b1
3255500 20ba20bb 20b820b7 20bd20ba 20ba20bc
3255520 20b320b7 20bc20ba 20bd20bf 20c020bd
3255540 20b720bd 20bc20bd 20c620c1 20c420c3
3255560 20c020ca 20be20c4 20c620be 20c220bd
3255600 20be20c1 20be20bd 20c520c9 20c920c8
3255620 20c820cd 20cf20ca 20d220ce 20ca20ce
3255640 20cf20ce 20cd20cc 20cd20cd 20c920d2
3255660 20d220d1 20d420d6 20d720d5 20cf20d2
3255700 20d420d6 20d220cf 20d920d2 20de20d6
3255720 20e020de 20de20e3 20dc20d9 20e320d8
3255740 20e220e3 20e120e0 20e020e9 20e920e5
3255760 20e420e4 20df20e2 20e620e2 20e320eb
3256000 20e920e7 20f520ea 20ee20eb 20e920e9
3256020 20e620ea 20ed20eb 20e920e9 20e220e5
3256040 20eb20e2 20ea20ec 20ed20e8 20f220e9
3256060 20eb20ef 20ef20ea 20ed20eb 20f020ee
3256100 20ef20f1 20f720f1 20ed20ed 20ea20e1
3256120 20ec20e8 20eb20ed 20f020ed 20e920f6
3256140 20eb20e9 20ee20ec 20f120ef 20eb20ec
3256160 20e320e7 20de20e0 20e520eb 20e220db
3256200 20ee20e3 20e220eb 20e220e4 20df20ea
3256220 20e120e6 20e620e3 20e820e4 20e720e5
3256240 20e820ec 20e420e0 20e420e1 20dd20ed
3256260 20e220e4 20e320e5 20e120e4 20e420e3
3256300 20e920e8 20ee20ec 20eb20ec 20de20e7
3256320 20df20db 20da20d8 20d920da 20df20de
3256340 20df20e3 20e620dd 20de20e1 20de20e5
3256360 20e620dc 20df20e0 20d920d7 20d920db
3256400 20d920da 20dd20da 20dc20db 20e520db
3256420 20de20de 20e320e5 20e520e4 20e620dd
3256440 20e520e3 20de20e0 20d520d9 20e320e1
3256460 20dd20d7 20e420df 20dc20dd 20d720dc
3256500 20d420dd 20d620da 20d620d6 20d520c9
3256520 20d220d3 20da20d9 20dc20d9 20d520d4
3256540 20cf20d4 20d020dc 20d020d7 20d720cf
3256560 20d820cf 20d620d2 20d920e3 20d420de
3256600 20d320da 20d320d4 20d020d1 20d420d3
3256620 20d820d5 20e420df 20dd20de 20d820d5
3256640 20d920d8 20da20d8 20e520e1 20d820dc
3256660 20cf20d8 20d420d6 20d520d5 20d020d5
3256700 20d120d6 20cf20d0 20c420ce 20d820cd
3256720 20ce20d0 20d620c9 20c820d2 20d320ce
3256740 20d620d4 20d320db 20d820d7 20da20d9
3256760 20e220dc 20d820df 20d720d7 20d820d1
3257000 20d820dd 20ce20d9 20d220d4 20d620d0
3257020 20d220d0 20d320cf 20d220d1 20cc20d6
3257040 20cf20cf 20cf20ca 20ce20cd 20d120ce
3257060 20d520cb 20db20d2 20dd20d9 20dc20d6
3257100 20d820da 20cf20d1 20cd20cf 20d520d1
3257120 20da20d9 20d620db 20d920db 20dc20d9
3257140 20d320db 20d120d4 20dc20db 20ea20e4
3257160 20df20f2 20db20db 20da20dd 20d520d2
3257200 20d620e0 20d220e5 20d920d4 20da20db
3257220 20d520d7 20da20dd 20e420e0 20e020e0
3257240 20e420dd 20df20e3 20e320e8 20ea20e0
3257260 20d920e3 20dd20da 20de20df 20e320e1
3257300 20e120e5 20e620d9 20e220e2 20e320e8
3257320 20ea20e8 20e620e1 20ea20e8 20eb20e6
3257340 20e320ef 20e620ea 20e520df 20e820e8
3257360 20e320ea 20e720ee 20f220ef 20f120e9
3257400 20f020ef 20ef20ee 20e920ed 20f520ec
3257420 20f520f0 20ee20ef 20e720f6 20f020e8
3257440 20f520fc 20f020f4 20fd20f0 20f920f6
3257460 20f520f3 20f020fa 20f520f2 20fb20fa
3257500 20f920fc 20f820ff 20fe20f9 20f820fd
3257520 20fb20f9 20f220f6 20f920f9 20fd2102
3257540 21042101 21062103 210420fe 20fa20fc
3257560 210020fd 210320fe 21002103 20ff2101
3257600 21002106 20ff2105 210020fc 210020fe
3257620 21032101 21002100 21052103 210020ff
3257640 20f920fc 210020fc 21052104 21082107
3257660 21032103 21062102 210d210c 20fc2108
3257700 210a2111 210a2109 2110210c 210f210c
3257720 21102105 210c2111 210b2110 2115210e
3257740 2109210d 21172110 210f2113 21152113
3257760 211a2117 2112211d 211c2117 2122211e
3260000 2122211a 2118211b 211b2119 211b211a
3260020 211d211f 21242123 21282125 21272120
3260040 21242124 21272127 21262125 21272124
3260060 21292127 21252122 21232127 21222120
3260100 2123211d 211e2124 211b211b 21202123
3260120 21262124 212e2127 21252124 211f2128
3260140 2123212f 2129212b 21302128 212c212e
3260160 21312133 212f2136 2135212e 21342137
3260200 212c212e 21302132 21352136 213c2137
3260220 21322132 21342130 21332135 21352137
3260240 2135213d 21332137 2135213c 2132213a
3260260 21372139 21362130 21382132 213c213e
3260300 213f213f 21442143 21422140 2147213f
3260320 213a2137 b0100190 00000f90 0001000a
3260340 00010000 03b15d14 00000ffc 0001000a
3260360 1400003c add01f00 add01f01 add01f02
3260400 add01f03 add01f04 add01f05 add01f06
3260420 add01f07 add01f08 add01f09 add01f0a
3260440 add01f0b add01f0c add01f0d add01f0e
3260460 add01f0f add01f10 add01f11 add01f12
3260500 add01f13 add01f14 add01f15 add01f16
3260520 add01f17 add01f18 add01f19 add01f1a
3260540 add01f1b add01f1c add01f1d add01f1e
3260560 ff000134 00000020 00000000 f07c7028
3260600 00000001 deadbeef f0000000 f07c7014
3260620 140090c9 00000000 00000134 00001f48
3260640 a0110191 21d8213e 21db21d5 21d521db
3260660 21d421d5 21dc21dc 21d421df 21de21d6
3260700 21d621dd 21d521d6 21d221d6 21db21dc
3260720 21dd21dd 21dd21dc 21de21d8 21e021e4
3260740 21da21da 21e121db 21e321e3 21e121e1
3260760 21e821e2 21e221e3 21e121df 21e621e3
3261000 21e121dc 21e421e5 21e521eb 21e421d8
3261020 21e621e4 21f221e8 21e921f3 21ea21f2
3261040 21f021ee 21ea21ec 21e321e8 21e721f4
3261060 21ea21e8 21e821e3 21e821e5 21e921ea
3261100 21ec21ec 21ed21ed 21ec21ec 21e421ef
3261120 21e321e3 21e921eb 21e921eb 21f421f2
3261140 21eb21eb 21f021ec 21ee21ed 21ee21e6
3261160 21f221ea 21ee21f0 21e721ee 21f021ec
3261200 21f221f7 21f121f4 21f321f2 21f321ee
3261220 21ff21f7 21fd21fc 21fe21f8 21f82200
3261240 21f821f5 21f221f1 21f421ec 21f521f9
3261260 220221f4 21ec2201 21fc21fa 21fc21f8
3261300 21f021f2 21df21e4 21ca21d1 21c421c6
3261320 21bb21bf 21b721b7 21b621b2 21b321b5
3261340 21b821bb 21ba21b7 21bb21b6 21ba21bd
3261360 21c421bd 21b921c3 21b721bd 21be21bb
3261400 21ba21bb 21bf21bf 21c421c4 21be21bb
3261420 21c021be 21bd21c2 21bc21c0 21be21c0
3261440 21bc21ba 21bb21b9 21bf21bc 21bd21c3
3261460 21b921c4 21bc21b8 21c021bc 21c421bf
3261500 21c821c2 21c421c3 21c121bc 21ca21c2
3261520 21c921c1 21c821c8 21c921c9 21c621ce
3261540 21c721c3 21ca21c1 21be21cc 21cd21ca
3261560 21c621c8 21d021ca 21d021ce 21ce21d5
3261600 21cf21d4 21c721cb 21bf21c4 21c421c1
3261620 21cf21cc 21db21d3 21d621db 21d121ce
3261640 21cc21c9 21cd21c3 21d021ce 21ca21d1
3261660 21d021c9 21d121ce 21d021cd 21c821ca
3261700 21c921ca 21cc21c6 21c821ca 21c821c8
3261720 21d321d3 21ca21c7 21ce21cd 21d221ce
3261740 21d621db 21d721db 21d421d0 21c821cb
3261760 21c321c6 21c021cf 21cf21cd 21c721cc
3262000 21d821cc 21d121ce 21d121da 21cc21cd
3262020 21cf21c9 21ce21ce 21cc21d0 21d221d2
3262040 21d221d0 21d121cd 21cf21ce 21ce21d1
3262060 21cc21cc 21ce21ce 21ca21c8 21c821cc
3262100 21ce21ce 21cc21d1 21c521cb 21ca21cf
3262120 21cf21ca 21cc21d1 21cb21d3 21cc21d1
3262140 21c621c6 21ce21c4 21cf21ce 21cb21ca
3262160 21cd21d4 21c521cb 21ca21c1 21cd21cc
3262200 21c721c7 21bf21c2 21c421c2 21cf21c5
3262220 21cd21c8 21c921c8 21cc21cd 21c621d1
3262240 21cc21c2 21c721cf 21cc21c8 21cb21c6
3262260 21c221c5 21bd21c2 21c121c0 21b721b6
3262300 21bc21b7 21c221bd 21bf21be 21c821bb
3262320 21c421c3 21c221c1 21bc21c1 21b521b8
3262340 21b121b5 21b221b3 21bc21ba 21b721b7
3262360 21c121b8 21bf21ba 21b021b5 21b221af
3262400 21b521b5 21bc21ae 21b221b6 21b321b6
3262420 21b321b7 21b121b1 21b721b4 21b721b2
3262440 21b821b3 21b021b4 21b821b2 21b221b6
3262460 21b421b2 21ae21b1 21b321b1 21b221ac
3262500 21ac21a9 21ae21b5 21a121af 21a921ad
3262520 21af21a9 21af21a8 21ae21ad 21ab21b3
3262540 21b321b3 21b621ae 21b421b3 21b521b8
3262560 21ac21af 21a721af 21a921ab 21ab21ad
3262600 21a321a7 219c219e 21ab21a1 21b121ae
3262620 21a821ac 21ab21a8 21a821ac 21aa21b0
3262640 21ad21ae 21ae21aa 21ab21ad 21a721a9
3262660 21a621b6 21b621b1 21b721b7 21b521b5
3262700 21af21ab 21ae21b0 21ad21af 21a721a5
3262720 21a921a5 21b021ab 21b121ac 21b021b0
3262740 21b321af 21af21ab 21ac21b2 21ad21af
3262760 21ae21b4 21ae21ae 21b221ad 21a921ad
3263000 21aa21b4 21b321b3 21b621b1 21b021b3
3263020 21b621b7 21af21ae 21ba21ae 21b621ae
3263040 21aa21ba 21a821ad 21b521af 21b521b4
3263060 21aa21ab 21a921ab 21b021b3 21b821b1
3263100 21c221b7 21bf21b8 21be21ba 21b621b9
3263120 21b221b4 21b721b3 21b921b3 21ba21b9
3263140 21b821bf 21be21c2 21c521c1 21c321c1
3263160 21bb21c1 21b121b4 21bb21bb 21b621c2
3263200 21b921b9 21c021bc 21cb21c6 21b921b8
3263220 21bb21c5 21b621b5 21c021b9 21bc21b8
3263240 21bb21bb 21ba21bc 21b921b3 21c121b8
3263260 21c521c2 21c421c9 21c221c0 21c921c7
3263300 21d021d1 21c321cd 21c021c2 21c621c2
3263320 21c821c2 21c721c3 21c921c7 21c721c7
3263340 21c821cb 21cc21c7 21c621c7 21d521d2
3263360 21d521d6 21d521d6 21d121d5 21d321d0
3263400 21d921d7 21cd21d8 21cf21d0 21d621c9
3263420 21cd21c8 21cc21cd 21d321d0 21d621d8
3263440 21db21d4 21d921d8 21db21dc 21d021de
3263460 21d321dd 21d921d3 21d721dd 21d921d5
3263500 21d221d8 21d121d7 21d721cc 21ce21d0
3263520 21d521d2 21da21da 21d621d8 21da21d8
3263540 21d221d5 21d221d3 21cd21d3 21d321d0
3263560 21d721d4 21d121d1 21d921d1 21db21dd
3263600 21d821d9 21d721d0 21d721d4 21d821db
3263620 21da21e1 21dd21dc 21d821db 21d521d9
3263640 21cd21d2 21d321cd 21d621d3 21da21d2
3263660 21d921da 21d621d6 21da21d7 21d821dd
3263700 21d621d9 21d321d3 21cf21d2 21cf21d8
3263720 21d621cf 21dc21ca 21df21de 21d721d2
3263740 21da21e1 21da21da 21dc21d7 21de21df
3263760 21e321de 21e521e8 21e421e2 21e621e8
3264000 21df21ea 21dd21dc 21d821de 21e121d8
3264020 21da21da 21d221da 21d221d7 21db21d4
3264040 21dd21d5 21dc21d9 21e221df 21e121e0
3264060 21e221e4 21e921e2 21e121e7 21de21e0
3264100 21de21e2 21d521df 21d921e0 21e221d7
3264120 21d921d8 21db21dd 21d621de 21db21e0
3264140 21d821d9 21db21d1 21d121dc 21d321d7
3264160 21db21dc 21df21e1 21e021db 21d121d5
3264200 21db21db 21db21db 21e121e1 21d721de
3264220 21d521d6 21d421dc 21cd21ce 21d021c7
3264240 21ce21d3 21d421d2 21d721d8 21d921d6
3264260 21d721d7 21d321d0 21ca21c9 21d021d2
3264300 21d521ce 21ca21cc 21d121d0 21cc21cf
3264320 21c721c8 21ca21cb 21c721cc 21ca21ca
3264340 21cb21c6 21ce21cf 21cf21cf 21cb21cd
3264360 21d021ca 21cb21cc 21d321cc 21d221cf
3264400 21d221cf 21c621c7 21c821c7 21cd21d1
3264420 21c821ce 21c721c7 21c021c9 21b821c0
3264440 21c621c3 21c221bf 21c721c1 21c821c6
3264460 21c321c4 21c721c2 21be21c3 21c021bb
3264500 21b921bc 21ba21ba 21be21bd 21be21bc
3264520 21b321b8 21b421b4 21b521b9 21be21ba
3264540 21b921bf 21ba21bb 21b621b7 21ab21b2
3264560 21b621b1 21b521b0 21b921b7 21ba21b7
3264600 21b921b6 21b921bb 21b521b9 21b421b3
3264620 21b921b7 21ac21b5 21a621b5 21af21ac
3264640 21af21ae 21a721b0 21b021ad 21ac21ab
3264660 21ab21a9 21b421ad 21ac21af 21ae21ad
3264700 21b421b0 21a921af 21b621ad 21ac21af
3264720 21af21b3 21ad21b5 21a721aa 219a21a9
3264740 21a521a0 21a821ac 21a821ab 21b021ad
3264760 21b221b2 21ab21af 21ae21ac 21ae21aa
3265000 21aa21a7 21a521ae 21a121a7 21a121a1
3265020 21ab21a3 21a821a7 21af21ae 21b821b3
3265040 21b221b2 21ae21b2 21b421b2 21ae21ad
3265060 21ae21ae 21ad21ab 21ad21ab 21a721ad
3265100 21ad21ab 21b221b3 21b421b4 21ad21b2
3265120 21b021b1 21ad21ad 21b321b4 21b121b1
3265140 21b121b7 21b421af 21ac21a1 21b421b0
3265160 21ba21b7 21bf21c0 21b821b7 21b521b0
3265200 21bd21b6 21bd21b8 21be21c2 21c021bc
3265220 21bd21c0 21b221c0 21b721ba 21bf21b9
3265240 21b921c0 21be21b9 21bd21bb 21b621bb
3265260 21be21c1 21c621cd 21c121c5 21c621c1
3265300 21c321cc 21c821ca 21c421bf 21c721be
3265320 21c721c0 21c521c6 21c621c1 21c021bd
3265340 21c521c0 21cb21c7 21cb21d0 21cd21cc
3265360 21c721c5 21ce21c4 21c621ce 21c821ca
3265400 21c721c9 21ce21d2 21d221ce 21d321d0
3265420 21d621ca 21e321dc 21ce21d6 21d321cd
3265440 21d721d5 21db21dc 21d421da 21d021d3
3265460 21e421d3 21df21e1 21df21dc 21e021e0
3265500 21da21d9 21db21d8 21e121da 21e121e1
3265520 21e821e4 21e321e7 21e521e5 21de21e3
3265540 21e321e0 21ed21e8 21f021ee 21ee21f1
3265560 21e921ee 21e221dc 21e021e5 21d921df
3265600 21e421e1 21dc21dd 21e421e9 21e521ec
3265620 21f021e9 21f421ee 21e621e6 21ee21e7
3265640 21ef21ed 21ee21ea 21e921e5 21e821f0
3265660 21e721f4 21ef21ec 21f021f3 21f521ec
3265700 21ef21f1 21ee21e8 21f121ee 21ec21f7
3265720 21f121ef 21f021eb 21ed21ef 21e821f2
3265740 21ec21f1 21f021f2 21f021f0 21f021f2
3265760 21f021f4 21ef21f1 21ee21ec 21f421ec
3266000 21f221ec 21ee21f0 21f221f4 220021f9
3266020 21fd21fb 21fa21f9 21f921fa 21fa21f6
3266040 21f821f2 21f421f0 21ef21f1 21e821eb
3266060 21f121ee 21f221eb 21e821ef 21e621e8
3266100 21ec21ee 21f521ee 21f521ee 21f321f3
3266120 21f721f9 21ff21f9 21f121f5 21f221ee
3266140 21ee21f7 21f821f0 21fb21fc 21f921f7
3266160 21f121f6 21ee21f3 21eb21f1 21f021f3
3266200 21f021ed 21ec21e1 21ee21f0 21f221f1
3266220 21eb21f9 21f521ee 21f021eb 21e821eb
3266240 21ee21ef 21e321f1 21e721ec 21e921e9
3266260 21f321e8 21e921f0 21f621ed 21f521f1
3266300 21f221f5 21f021ec 21ee21ec 21e521ec
3266320 21e921e7 21e321e6 21eb21ea 21e021e7
3266340 21e821e8 21e521e5 21e421e5 21de21e5
3266360 21e321e3 21e621e1 21e021da 21e221d6
3266400 21e321e7 21d921d9 21dd21e1 21e521dd
3266420 21dd21e3 21da21dc 21d921da 21dd21dd
3266440 21e021d5 21da21e0 21d721da 21d621de
3266460 21da21db 21eb21e7 21dd21dd 21d221d2
3266500 21ce21d2 21dd21d7 21d721db 21da21da
3266520 21d721d8 21cb21d1 21d321d0 21d121d0
3266540 21d621cf 21d821d1 21cc21cc 21cd21cd
3266560 21d621cd 21d721cd 21d321d8 21c721ca
3266600 21c521c7 21cb21c9 21d221c7 21cf21c7
3266620 21c721d0 21c221cb 21c521c7 21c221bd
3266640 21c621c8 21be21bc 21bc21c2 21ad21b4
3266660 21b721b5 21bc21bd 21c321be 21c421c9
3266700 21c821c5 21c921c1 21bc21bc 21b421bc
3266720 21b521b9 21b321b2 21ac21aa 21b121b4
3266740 21ae21ac 21af21b0 21a721b1 21a921a5
3266760 21a821a6 21b021a9 21b521b4 21b421ae
3267000 21b421ab 21af21b0 21ab21ac 21ab21b0
3267020 21b021b7 21b021b4 21a821a8 21a321a9
3267040 21b321a6 21b221aa 21ab21ac 21b021a7
3267060 21ac21ac 21a821aa 21a821a6 21a921a1
3267100 219f21a9 2193219f 21a821a4 219d21a1
3267120 21ac21a2 21a821ab 219e21a6 21a121a4
3267140 219d21a5 21a1219e 21a421a0 21a421a0
3267160 21a521ac 21a9219d 21a821a5 21a021af
3267200 21a321a6 21a421a6 21a921a6 21a121a3
3267220 21aa21a4 21a321ab 21aa21ad 21ab21a9
3267240 21ac21a7 21a821a9 21a321a2 21a821a4
3267260 21a121a4 21ae21ac 21a721a5 21a021a2
3267300 21a021a8 21a3219f 219d2197 21a121a7
3267320 219e21a6 21a121a4 21a321a7 21af21a1
3267340 21a921a8 21a721ab 21aa21af 21a821b4
3267360 21ad21a3 21b321b4 21ae21af 21b421b1
3267400 21b521b6 21b721b2 21b821b8 21c021ba
3267420 21b521bb 21b721b5 21b621b4 21b421b7
3267440 21b421b7 21bc21bc 21bb21ba 21bc21b6
3267460 21bf21b8 21c021be 21c221c5 21c221be
3267500 21bf21bc 21c321ba 21ba21c4 21ca21c5
3267520 21c521c5 21c721bf 21c621c2 21bd21c0
3267540 21c321c4 21cc21cc 21c921c2 21c821c4
3267560 21bf21c6 21c021c1 21c821c5 21ca21c6
3267600 21ca21cc 21c921ce 21ce21c8 21d321ce
3267620 21d221d1 21db21d2 21cd21da 21dc21d8
3267640 21db21de 21d721db 21de21d6 21d921d9
3267660 21e521dc 21d821e3 21e521d9 21e121e2
3267700 21db21df 21da21dd 21df21df 21ee21e1
3267720 21e821f1 21e521eb 21f021e4 21ed21eb
3267740 21f321e8 21eb21e9 21ec21eb 21f021ec
3267760 21f021ea 21eb21ea 21ec21e7 21f121f5
3270000 21f221f2 21f821f7 21fc21fe 21f521fa
3270020 21fb21f6 21f621f9 21f721f9 21f821f1
3270040 21f421f4 21fb2201 21f721f9 21fa21f0
3270060 21fb21f8 21fa21f9 21fe21fc 21f021fa
3270100 21f321f1 21f521f0 21f621f4 21fa21fb
3270120 220421fd 21fc2200 220421fc 220a2205
3270140 21ff21fe 220c2209 22012208 220c2201
3270160 220621ff 22032202 22012200 22032200
3270200 22062204 22012205 22012206 220a2209
3270220 21fe2204 220421f6 22062207 220a2206
3270240 22022209 22002202 21fe2201 220b2208
3270260 220b2209 2208220c 22072207 22062204
3270300 22092209 22062201 22122212 2209220a
3270320 220d2204 22092201 220c220b 2203220c
3270340 220621fe 22072211 2210220a 22072212
3270360 220f2214 2212220f 220a2209 220a2205
3270400 22062211 21f82207 21fe21ff 220621fd
3270420 21fe2203 22022205 21fd2204 21fd2203
3270440 22072200 22022203 21fb2205 220321fd
3270460 21fc2202 21f921fc 21f82201 21fd2200
3270500 22002200 22042203 220521fd 22012202
3270520 22052208 22052203 21fc21ff 21fd21fb
3270540 21fd21f7 21fa21fb 21f921f8 21fd21fa
3270560 21f821fd 21fb21ff 21ff21fc 21f721ef
3270600 21f521ef 21f121f1 21ea21f0 21f121f1
3270620 21f621f6 21f021ef 21eb21ed 21ef21e9
3270640 21ec21ee 21f121f2 21ea21f0 21ea21e4
3270660 21ee21ec 21e521eb 21ea21ec 21e521e4
3270700 21e121e0 21de21dc 21d921e4 21e821e5
3270720 21e421ec 21e321df 21dd21df 21e021e3
3270740 21e721ec 21ef21ed 21e521e6 21e621e2
3270760 21d821e2 21d621dc 21dd21db 21d521d4
3271000 21d321dc 21d721da 21d821d8 21d321d8
3271020 21d021c9 21cb21cb 21c621c9 21c821ce
3271040 21cb21ca 21da21ce 21c721d3 21d121c6
3271060 21c921d3 21c921c5 21c921c5 21be21bd
3271100 21c221c4 21be21c0 21bf21bb 21c421be
3271120 21bd21c6 21b521bd 21bc21ba 21b721b9
3271140 21bf21b8 21be21be 21bb21bd 21b421b9
3271160 21ad21aa 21b121ad 21ad21ae 21b521b0
3271200 21ba21bd 21b421b0 21a521ab 21af21ac
3271220 21ad21aa 21ab21b0 21aa21a7 21b321aa
3271240 21ae21ad 21ad21ac 21a821ad 21a121a7
3271260 21aa21a4 219c21a6 21a1219e 21a721a5
3271300 21aa21a5 21a821a8 219d21a4 21a521a7
3271320 21a521ad 21a0219c 21a1219d 2195219e
3271340 21972197 21992199 219f219e 21a021a3
3271360 219a21a4 21982196 21a2219c 21a721a4
3271400 21a421a9 21a1219f 219e219a 219e219f
3271420 219c21a3 21a321a3 21a021a1 219921a1
3271440 219c21a2 219a219c 21a021a0 21a2219a
3271460 219d219c 21a321a0 21a821ae 21a221a6
3271500 21a321a5 21a721af 21a521ad 219d21a8
3271520 219b219b 21a6219c 2199219e 219f21a2
3271540 219d219d 219d219f 21ad21a6 21ac21af
3271560 21b121bc 21a921a7 21aa21a8 21ad21af
3271600 21b521b0 21b521b9 21b621ae 21ab21a5
3271620 21aa21a9 21b421b5 21aa21b3 21aa21a3
3271640 21ab21a8 21af21af 21ae21ac 21b021b0
3271660 21b021b4 21b521b3 21ba21b6 21b321b5
3271700 21be21b9 21b021b2 21b621b2 21b821b8
3271720 21b921b8 21c121c0 21b921bb 21bd21ba
3271740 21c021c3 21bc21bf 21c621c9 21c621c4
3271760 21c221c0 21be21bd 21c121bf 21c121c6
3272000 21bf21bb 21ba21bc 21c721c0 21c821ca
3272020 21c921c8 21cf21c4 21cc21cf 21c821ca
3272040 21d221d6 21ca21d1 21ca21c9 21d321cf
3272060 21cf21d4 21d321dc 21d521d5 21d921d5
3272100 21e021da 21e721e5 21de21dd 21de21e4
3272120 21de21dd 21e721df 21ed21ed 21ec21ea
3272140 21eb21e9 21e421ea 21e321d7 21e221e3
3272160 21ec21e8 21ea21e9 21e321df 21ef21e4
3272200 21f521ef 21eb21f8 21f921f8 21f121f4
3272220 21f421f3 21f021f6 21f421ee 21f321f9
3272240 21f221f5 21f221f8 21f721fa 22002201
3272260 21fe21ff 21f021f0 220121f4 21fc21fe
3272300 21fd21f4 21fc2202 21fe21fd 220821ff
3272320 22072209 2205220a 2206220e 220d2209
3272340 22102214 22142211 220e2214 220d220d
3272360 220f220b 2215220d 220a2208 22122208
3272400 220f220f 22142217 2219220b 221d221c
3272420 220f2216 22102219 220e2210 2209220f
3272440 2206220c 22172212 22162214 221b221d
3272460 220c2212 220b220d 22112211 22182213
3272500 22142219 22182213 221c2219 221b221c
3272520 2226221d 2227221e 222b2229 22212227
3272540 2218221e 221c221c 22152215 221a2211
3272560 22182210 2216221b 221c2222 22182221
3272600 221d221b 2217221d 22152218 22102218
3272620 221a2218 22172214 22152219 22182212
3272640 221b2218 22182216 22152212 22102216
3272660 22162215 220d220e 22102212 22102213
3272700 22162212 221c2215 221c2219 2220221e
3272720 22172216 22192219 220f2214 22172214
3272740 22192215 221a2223 220b2219 22062213
3272760 22112216 22162214 220f2214 22102213
3273000 22162213 220f2214 22162215 220f220f
3273020 220c220c 22092214 22052209 2209220a
3273040 220b2204 2207220f 22082205 21ff2208
3273060 220a2203 220c220b 220c2209 220621ff
3273100 22102210 22112213 220b2208 22042203
3273120 22022203 22042205 2207220b 22022201
3273140 21fb21ff 22022205 21fe21ff 21fb21f7
3273160 21f821f2 21fd21f8 220021fe 21f521fc
3273200 21f521f3 21f321f3 21f321f0 21f921f7
3273220 21f821f5 21e721ec 21ea21e3 21ec21e6
3273240 21f221f1 21f42200 21e621f3 21dd21da
3273260 21dd21db 21e021e0 21e021e2 21df21e1
3273300 21de21e3 21e221df 21e121e8 21e021e5
3273320 21e321e2 21df21e2 21df21dd 21d921d9
3273340 21d621da 21d221d3 21d421d3 21cc21ce
3273360 21d621d8 21d621d6 21d921d7 21d921d9
3273400 21d421d1 21d221d0 21c621cc 21c721ca
3273420 21cf21c8 21ca21cd 21c821cc 21cf21ca
3273440 21c421c2 21c621c8 21c321bd 21bc21c6
3273460 21c021c5 21c321c9 21c421c5 21c221bb
3273500 21bc21c3 21b821be 21b021b4 21b221b3
3273520 21bc21b8 21b321b2 21b221bf 21bb21b8
3273540 21bd21b9 21b221b2 21ab21b4 21ae21af
3273560 21b521b9 21bf21b6 21b421b5 21b021b2
3273600 21a421b2 21a921a9 21a821a8 21ad21ad
3273620 21af21ae 21ad21aa 21ac21b1 21b021ac
3273640 21ae21b4 21b221b6 21a521b3 21a421a1
3273660 21aa21a6 21a821a8 21a921ac 21a321ab
3273700 21a521a7 219e21a4 219c219e 21a221a4
3273720 21a421a9 21a3219d 21a521a1 21a7219c
3273740 21aa21af 21a321aa 21a7219f 21b021a7
3273760 21ae21ae 21b321b3 21ac21ad 21b121ae
3274000 21ab21af 21af21b1 21a821b0 21ac21ad
3274020 21ad21ab 21b321af 21ad21b5 21b221b0
3274040 21b021b4 21ad21ae 21b421b2 21b621b4
3274060 21b321b9 21b721b6 21ae21b1 21b721b5
3274100 21b121b8 21ae21b3 21b421b1 21b921b1
3274120 21ba21b6 21b921c1 21be21bd 21b921bf
3274140 21ba21be 21bf21b4 21ca21be 21bf21be
3274160 21bf21bf 21bf21c0 21c421c2 21bc21bf
3274200 21c321c6 21c721c3 21c421c0 21ba21bf
3274220 21c621bc 21c121c1 21cb21ce 21ce21c8
3274240 21d121cd 21cc21d1 21cb21cd 21c821ca
3274260 21d221cf 21d421cf 21d421d2 21cf21d5
3274300 21da21d4 21da21d5 21d421d5 21d521d8
3274320 21ce21d4 21df21db 21d921d8 21d821d9
3274340 21e221da 21e321e5 21e321e5 21dd21e0
3274360 21dd21dc 21e721e1 21e421e5 21e021e4
3274400 21e521e3 21e021e7 21e921ec 21df21e3
3274420 21e121ed 21e821eb 21e721e5 21ec21ea
3274440 21e821f0 21e821ed 21f521e9 21fa21f7
3274460 21f921fb 21f921f4 21f521f3 21ef21f4
3274500 21fd21f3 21f621fe 21ff2200 21fb21fe
3274520 21f621f0 21fc21f2 21f921fd 21fd21fd
3274540 21fb21fa 21f821f6 21fe21fa 21fa21fb
3274560 220321fe 22012206 2207220a 22022202
3274600 22002202 22062202 22022204 220221fe
3274620 220021ff 22012201 22022205 22082208
3274640 2210220b 22132212 22172215 22092214
3274660 220e220e 22052209 220b2207 22122211
3274700 220e2213 22122212 2216220e 22162218
3274720 22142212 2213220f 2219221c 2220221a
3274740 22262212 221a221a 22162214 221b221c
3274760 22112213 220f220f 220e2210 22142218
3275000 22122216 2213220d 22142211 22132216
3275020 2210220f 221c2216 22202223 2223221c
3275040 221e2220 22182223 22212221 221b221b
3275060 221f221e 2222221d 221c221d 2215221c
3275100 2219221b 221b2214 2217221b 221a221f
3275120 2217221d 2227221a 221e221e 221e2222
3275140 2215221b 22172216 22152219 22172210
3275160 22102217 2212220d 221c2215 221a221e
3275200 221b2212 22172212 220e2215 2212221a
3275220 22122215 22152213 22142212 220d2211
3275240 220a2213 220f2210 2213220f 220c220f
3275260 220e220d 22172210 221a221e 22172215
3275300 22102216 221d221c 2219221b 22142219
3275320 22112211 220c220a 220b2207 2210220c
3275340 220d220c 2213220f 2212220f 220e220c
3275360 220a2207 22102202 22082207 22062209
3275400 22052204 22062201 21fe2200 220221fb
3275420 21ff21fe 21fb21ff 21fc2203 21fe21f8
3275440 21f621ea 21ef21f0 21ec21f0 21f721f8
3275460 21ee21f4 21f921f1 21ed21f0 21f121f1
3275500 21e621e5 21e121e4 21e221df 21df21e0
3275520 21e621e8 21e321ea 21e121dd 21e021dd
3275540 21e321e7 21df21e6 21e021e5 21e021e0
3275560 21de21df 21db21e0 21d921d9 21db21de
3275600 21dd21d2 21d421d9 21d621d3 21d721d5
3275620 21d821de 21d421d2 21d821da 21cf21d0
3275640 21cd21d0 21c721cb 21d021c7 21cf21cb
3275660 21cf21c7 21c921ca 21cc21d0 21cc21c8
3275700 21ca21c8 21cf21c5 21cf21ca 21c921d0
3275720 21ca21d8 21c221bb 21c421c7 21c421be
3275740 21c721c6 21ba21c0 21c421c0 21c821be
3275760 21c521c9 21c221cc 21be21c3 21bc21be
3276000 21bb21ca 21bc21bd 21c421c6 21c021c1
3276020 21c121c1 21ba21bd 21b521bc 21ae21b5
3276040 21af21a8 21a921a8 21ad21a5 21ae21ac
3276060 21b321b4 21bc21b4 21bb21bd 21b821b6
3276100 21b521b9 21b921b8 21b721b8 21b321ae
3276120 21b321b3 21b321b7 21b421b7 21b821b5
3276140 21ba21be 21b521ae 21b421b7 21b221ba
3276160 21ab21b4 21a321a7 21b221b1 21aa21ab
3276200 21af21b5 21a521ae 21ab21a5 21aa21a8
3276220 21ac21ae 21b321ae 21b921b1 21bc21ba
3276240 21bc21b9 21b221b5 21b021b2 21c121b6
3276260 21bc21be 21b421b2 21bc21b9 21b521c4
3276300 21b821b7 21b821b6 21b621b8 21b921bf
3276320 21b921c3 21b721b5 21b621b1 21bd21b7
3276340 21bb21b9 21be21bd 21c021bf 21bd21c0
3276360 21c421c6 21be21bd 21bc21c2 21bd21bb
3276400 21be21bb 21bd21bc 21bc21bb 21bb21c1
3276420 21c721c0 21c321c5 21ca21c8 21c521c9
3276440 21ce21cf 21cc21ca 21d621ca 21cf21cf
3276460 21ca21ce 21ca21ca 21bf21c8 21d021c7
3276500 21d621d3 21d321d0 21d221cd 21ce21cd
3276520 21d821d1 21d621d2 21ce21d1 21d221da
3276540 21d421d4 21dd21d2 21df21d5 21d121db
3276560 21d321d3 21d521d3 21da21d5 21de21df
3276600 21dc21da 21d321d7 21e121dc 21e021dc
3276620 21dc21d8 21de21e6 21e221e7 21df21e3
3276640 21e421e1 21e721e2 21ee21ec 21ea21f2
3276660 21eb21eb 21eb21e8 21ec21ec 21ea21eb
3276700 21e521e7 21f621f1 21eb21ea 21f621f6
3276720 21f221f5 21f321f2 21f321f5 21f121eb
3276740 21f021f4 21fb21f7 21f521f7 21f521f6
3276760 21fd21fa 21f821f9 21f621f2 21fd21f6
3277000 220021fd 21f721f7 220121fc 21f72200
3277020 21f721f8 220021f6 21ff21fd 21fd2202
3277040 22032200 22062204 2202220a 22062207
3277060 22052206 22042206 220a220a 2204220e
3277100 22062207 22002206 22092201 22092207
3277120 220d220c 2210220b 220e220f 22092211
3277140 220c2208 22142208 220b2208 220e2211
3277160 220e2211 2219221a 22172217 22142210
3277200 22142214 220b2216 22112215 22142211
3277220 220f2210 220f2214 2215220c 22122213
3277240 22112218 221c2214 221a221b 221c221c
3277260 221e221d 22152210 221e2217 22172219
3277300 22112218 221b221a 2212221a 22182213
3277320 22192218 22172218 221d221e 221c221e
3277340 221b221d 22142219 2214220e 22142216
3277360 221d221b 221a221c 2217221b 22112217
3277400 2214220a 220d2212 220a2211 2210220a
3277420 22122211 22162212 221c2219 221f221a
3277440 22232220 2217221e 221d221d 22112216
3277460 22152215 2215220f 2217221a 22132213
3277500 220c220c 22172215 221a2214 22122219
3277520 22152218 22112210 220d2211 220a220c
3277540 220f220c 2209220b 220b220f 220d220d
3277560 22032207 22022204 22042206 22132206
3277600 220a2211 22032208 22042208 2204220b
3277620 22022206 22062204 22032205 21fa2206
3277640 21fd21f9 21fd21fd 21fe21f9 21fa21fc
3277660 21fc2201 21fa2202 220221fe 220121fd
3277700 220121fb 21fc21ff 21f02200 21f521f2
3277720 21f721f0 21f921f2 21f721f4 21f421f2
3277740 21ee21e8 21f021f0 21e921eb 21eb21e6
3277760 21e821f0 21eb21eb 21ee21ee 21ed21eb
3300000 00003fe8 0001000a 01003fe8 000afe51
3300020 00000004 00000000 63e50c74 0000006a
3300040 00000001 00001004 00003fe8 00000000
3300060 00001004 0001000a 00010000 03b1604e
3300100 00000ffc 0001000a 1400003c add01f00
3300120 add01f01 add01f02 add01f03 add01f04
3300140 add01f05 add01f06 add01f07 add01f08
3300160 add01f09 add01f0a add01f0b add01f0c
3300200 add01f0d add01f0e add01f0f add01f10
3300220 add01f11 add01f12 add01f13 add01f14
3300240 add01f15 add01f16 add01f17 add01f18
3300260 add01f19 add01f1a add01f1b add01f1c
3300300 add01f1d add01f1e ff000134 00000020
3300320 00000002 cec2d532 00000001 deadbeef
3300340 f0000002 cec2d51e 2a03d9ea 00000000
3300360 00000134 00001f48 a01104cb 220b211d
3300400 220d220d 220d2218 220f220c 2213220e
3300420 220f2217 22102219 22112218 2214220e
3300440 22102207 220b220e 22152212 22182219
3300460 22142213 2212220a 2211220e 220c220e
3300500 22112210 220a2210 22182219 22132211
3300520 220e2212 22132215 220d2211 221b220f
3300540 220a220e 220e2213 2210220c 221a2214
3300560 22192217 22152220 22102217 22102213
3300600 22112213 22222211 221f221c 221c2219
3300620 2225221d 22172228 2220221c 221e221e
3300640 221a2214 221a221c 22122218 22162217
3300660 221b221b 221e221c 221d221f 221a221d
3300700 22192217 2214221d 2218221a 221f221b
3300720 2225221a 221d2221 22232220 2220221e
3300740 221c221b 2216221d 22122214 221a2218
3300760 220f2213 2219221a 221d221e 221a221c
3301000 221c2217 2218221a 2218221b 22212220
3301020 221a2219 22152212 2217221a 2215221c
3301040 22172213 22162210 21f52216 214e21a8
3301060 20d8210c 209e20b6 2090208e 20752083
3301100 207b2082 207b2075 20732071 20782074
3301120 20722076 206e2074 20752071 206b2070
3301140 20712066 20712071 2073206c 206b206f
3301160 206c206a 20632067 20672067 20642068
3301200 206c206b 206b2070 20642061 20662069
3301220 206b2068 206d2067 20672067 20682060
3301240 205f205f 20592064 205b205f 205a2058
3301260 205a205e 205f205d 205f205d 205c205e
3301300 2053205a 20572057 2061205d 20612062
3301320 20612066 20552068 205a2055 205b2062
3301340 20562058 2057205c 20592055 20552057
3301360 20482051 204a204a 204b2058 204c204f
3301400 2054204d 2050204f 204f204c 204c204b
3301420 204e204d 2046204d 20472048 2049204a
3301440 204c2048 20442043 20422042 204b2047
3301460 2047204a 204e204d 204b204d 2050204c
3301500 204b2047 2046204e 20422044 203b2038
3301520 20462040 203e203e 2045204b 20422047
3301540 20402043 2047203e 2040203f 203e203b
3301560 20442041 203d203e 2041203a 203d2042
3301600 202f2037 2032203c 203c2034 2036202d
3301620 20322039 203a2037 20352035 203d2039
3301640 2037203c 203a2039 2038203b 203e203b
3301660 20392031 203d2035 20392038 2043203f
3301700 2036203d 20322033 20402033 20362035
3301720 203b2039 203a203a 203c2036 203f2035
3301740 20372036 20312035 203a2035 20302034
3301760 2031202b 202d2033 20312030 203f2035
3302000 2043203d 203f2041 20402038 2038203b
3302020 2040203f 2045203d 20442042 20402041
3302040 20392036 20462044 203f203b 20442040
3302060 203d203e 20432043 20442042 2043203d
3302100 20442041 203c2043 2040203e 203b2040
3302120 203b2040 2044203d 203d203c 2040203f
3302140 2042203c 20462049 2043203f 2040203f
3302160 20432048 2045204b 20432047 20452046
3302200 20522048 204c204c 204d204a 204d204b
3302220 20502049 20502050 20562055 20542058
3302240 204d2055 20512054 205f2054 205e2059
3302260 205c2058 20632062 2060205f 20602063
3302300 20672067 205e2064 20682063 20662067
3302320 20692067 206b206d 20712072 206f2069
3302340 206d206b 206d206e 206e206f 20772076
3302360 206f2074 2072206d 206f2070 20752076
3302400 20702073 206b206d 2074206d 20782072
3302420 20742077 20772078 207a2077 20792075
3302440 207c2076 207c207e 207c207b 207e207c
3302460 207c207c 2081207b 20872080 208a2089
3302500 20902090 208d208a 208a2091 2090208b
3302520 20942093 20942094 2089208d 20992093
3302540 208f2092 2092208d 20902087 2090208d
3302560 20932090 20922099 20912095 20962093
3302600 20932095 209a2098 20a2209e 20a920a3
3302620 20ab20a5 20b020a7 20a320a5 20a720a4
3302640 20ad20a2 20a620a5 20a620a7 20a220ac
3302660 209e20a8 20a220a3 20b020a7 20ac20b1
3302700 20b220b1 20ad20ae 20ad20ab 20b320b2
3302720 20b720b5 20b420b5 20b120b1 20b420b2
3302740 20b620b8 20b820b9 20b220b2 20b120af
3302760 20aa20b0 20b120b1 20ba20b4 20b620b7
3303000 20b720b8 20c220c5 20c520c5 20c520c8
3303020 20c120c8 20cc20c5 20c920c1 20cd20c8
3303040 20c620c4 20b920c3 20c120b9 20be20c2
3303060 20c420c1 20c620bf 20c820c4 20c720c2
3303100 20c720c9 20cf20cb 20d220d2 20d420d3
3303120 20d320d2 20d220d4 20d420d2 20dc20db
3303140 20d420db 20cf20d3 20d020d6 20d520d1
3303160 20d920da 20db20d6 20d420d5 20db20d3
3303200 20e020da 20d820d3 20d420d5 20d420d5
3303220 20d620d5 20d820dc 20ca20d4 20d320d3
3303240 20d920d2 20d820d2 20cd20d5 20ce20ca
3303260 20c620cc 20d420d6 20d120db 20db20d7
3303300 20d820d7 20cd20d8 20d020d6 20d520d8
3303320 20de20db 20dd20df 20da20d6 20d420d9
3303340 20db20d5 20df20d4 20d620da 20df20d9
3303360 20dd20db 20de20dd 20df20dc 20dd20dc
3303400 20d320d6 20d120d6 20c920ce 20cc20d3
3303420 20d520d0 20d820d3 20d120d2 20d020cf
3303440 20d120d5 20d720d1 20d620d8 20ca20ce
3303460 20ce20d2 20d820d3 20d520d8 20d120d2
3303500 20c820c9 20c720cb 20c720c4 20c720c7
3303520 20cb20ce 20ca20cc 20c620c5 20cc20c9
3303540 20c720c8 20c420c7 20bb20be 20b820be
3303560 20c220ba 20c120bf 20c320c3 20c620c7
3303600 20c320c0 20c020c1 20bf20b4 20be20bc
3303620 20bb20bb 20b920bb 20b520b6 20b520b3
3303640 20b920bb 20b220b9 20b120b3 20b520b3
3303660 20bb20b3 20ac20b4 20b720bc 20b620ba
3303700 20b220b7 20af20b4 20ae20b2 20a920af
3303720 20ad20b0 20ab20aa 20aa20af 20a720ab
3303740 20a820a7 20a920a8 20ad20a8 20b020aa
3303760 20ae20aa 20a720a8 20a520ab 20b220aa
3304000 20a720ab 20ac20a5 209f20a9 209820a2
3304020 20a1209a 20a9209b 20a720a4 20a020a2
3304040 20a5209f 20a720a8 20a4209a 20972098
3304060 20922093 209a209a 2097209d 2097209f
3304100 209b209d 20942096 20942097 20902094
3304120 2091208e 20912094 20912097 20942093
3304140 209b2093 209c209b 20962094 2097209a
3304160 20962099 20982096 209c209c 209b2099
3304200 209a209e 20922096 20902093 20972091
3304220 20962098 209a2096 209e2098 2098209e
3304240 20962095 209b2098 20942096 2093208f
3304260 20942090 20942091 2090208d 208e2091
3304300 2091208e 2096208e 20982095 2094209b
3304320 20922095 20952092 208b208b 2088208d
3304340 208a208e 2098209a 20a3209d 209b20a1
3304360 2098209a 209c2097 20922097 20942095
3304400 20942094 208f2094 20982093 20962093
3304420 20942092 2093208c 20982097 2097209a
3304440 20962099 209b2096 20a5209f 209c209b
3304460 209c209d 20a020a1 20a120aa 209b20a0
3304500 20992092 209b208e 20a720a5 20a120a0
3304520 20a120a8 209b209c 20a4209f 20a820a5
3304540 20ac20a7 20aa20ab 20ad20aa 20a920a4
3304560 20a420a4 20b420ae 20af20b1 20b120ad
3304600 20b120b4 20ac20b0 20b420b1 20b920b4
3304620 20b620ba 20bb20b6 20b620b3 20ad20b3
3304640 20b620b1 20be20b6 20c020ba 20bc20be
3304660 20b920c7 20c020c1 20bd20bc 20c020bc
3304700 20be20bd 20bc20c0 20c220c1 20c320c3
3304720 20be20be 20c820bf 20c520c7 20c820c0
3304740 20cc20c7 20c720d0 20bd20ce 20cb20c7
3304760 20c720cb 20cc20c2 20d220ce 20d420d2
3305000 20d120d3 20ce20cf 20cc20c9 20d620d9
3305020 20d620d1 20d120d1 20d120d5 20d520d2
3305040 20da20d8 20e020e3 20dc20e4 20db20df
3305060 20dc20d9 20e420db 20eb20e7 20ea20ed
3305100 20e920e0 20e620e9 20e820e6 20ea20e6
3305120 20e620eb 20e720e7 20e120dd 20e620e4
3305140 20ec20ee 20f020e9 20e920ef 20f220f3
3305160 20ea20ef 20f020ed 20f520f0 20f220f1
3305200 20ee20ef 20f120ef 20ed20ee 20ea20f3
3305220 20f620f6 20ee20ef 20f820f7 20ef20f5
3305240 20f220ed 20f720f5 210120f9 20fd2101
3305260 20f920fb 20fe20fe 210320fe 210b2103
3305300 2107210e 21002105 20f820fe 21042103
3305320 21092106 21042107 21092106 21092108
3305340 21172107 2112210e 21152110 21152119
3305360 21122112 21112113 2112210a 210b210f
3305400 210f2111 210e210e 2110210e 21172114
3305420 21132113 21112115 211c2118 2118211a
3305440 21212116 2119211a 2112211c 211d211f
3305460 211d2123 211b2120 21182115 21212121
3305500 211c2123 21172118 21172118 21182118
3305520 21202121 211c2122 21222120 211f211d
3305540 2120211b 2121211d 2120211a 21212125
3305560 211c211c 211e2122 21242123 2123212a
3305600 211a2122 2119211b 2126211c 211f2124
3305620 21202127 21172120 212a2120 21212125
3305640 2117211c 2122211c 211e211e 2125211e
3305660 21232122 2125211d 211c2126 211a2113
3305700 2119211c 2121211c 211d2123 21212122
3305720 21232123 21152117 21092111 21152114
3305740 210d2112 211f2115 21202113 21152115
3305760 21182120 2114211a 21112117 210e2116
3306000 2112210e 210b2112 210f2111 2116211a
3306020 2119210d 21112115 2107210e 2102210d
3306040 210320fc 210f210b 2109210f 21092103
3306060 210d2113 2109210d 2113210f 2108210e
3306100 210b2103 21042107 21022100 2108210b
3306120 21072104 21012108 20fe2105 20fe20fb
3306140 21052101 21072107 20ff2105 20fe20fb
3306160 20ff20f8 20fc20ff 20fc20f9 210120f8
3306200 20f520f5 20ff20f6 20f620fd 20f420f7
3306220 20f120ef 20f120f5 20fb20f3 20f720fc
3306240 20f120f9 20ec20f8 20ed20f1 20f020f9
3306260 20f120f0 20f220f1 20eb20f0 20f020ee
3306300 20f020ec 20f120e9 20e820f2 20ea20ea
3306320 20e120e2 20e120e2 20e520e1 20ec20de
3306340 20ef20e9 20e720ec 20e720e5 20ea20e5
3306360 20e520e4 20e920eb 20ea20ea 20ec20ed
3306400 20ee20e4 20e920f2 20de20e3 20d920e1
3306420 20e120df 20eb20e4 20e220e1 20dc20e6
3306440 20e120d7 20e220d9 20e120e4 20e020df
3306460 20d820e2 20db20d9 20dc20d8 20da20d9
3306500 20de20da 20e220e6 20e120df 20e120df
3306520 20e520e1 20e020e4 20dd20de 20e220df
3306540 20e020e1 20de20dd 20e920df 20dd20dd
3306560 20d620dd 20dd20d8 20d820d9 20dd20dc
3306600 20dd20d8 20e720e0 20e120e7 20e120e6
3306620 20df20d8 20d820dc 20db20dd 20da20df
3306640 20e020e0 20df20de 20da20dc 20e120e0
3306660 20db20e2 20dc20dc 20db20df 20dc20e3
3306700 20e020de 20de20dc 20de20e4 20db20d6
3306720 20e520e1 20de20da 20dc20de 20e220e2
3306740 20db20e5 20d920e1 20dc20db 20e120df
3306760 20ea20de 20e620e7 20e120e8 20e820e4
3307000 20e320e0 20ef20e2 20e720e6 20ea20e5
3307020 20eb20f0 20ed20e9 20f620e9 20f520f4
3307040 20ed20f2 20eb20ef 20ea20e8 20ee20e8
3307060 20e920eb 20ea20ec 20ee20f4 20ed20ee
3307100 20f320ee 20f120f3 20f220ee 20ec20f6
3307120 20ee20ee 20f120e8 20f120e7 20ee20ea
3307140 20e720f1 20ed20ea 20ed20f1 20f320e8
3307160 20f720fd 20f420f4 20f120f7 20e920ec
3307200 20f620ef 20f620f4 20fa20f8 20fa20f8
3307220 20fc20fb 20f720fc 20f320f8 20fd2103
3307240 20fc20f9 20ff20fc 20fd2106 20f620fb
3307260 20f120f9 20fb20f5 20fa20fc 21052103
3307300 20ff20ff 21062103 21082107 21032101
3307320 210b2105 21022107 210120fa 21022102
3307340 210c20fe 210a2109 210a2107 21102108
3307360 21062107 21012108 210120f9 21052105
3307400 2107210c 2111210a 21082110 2109210f
3307420 21072109 210320fd 210b2109 210e2106
3307440 210d2112 210c210a 21102109 210f2111
3307460 21192112 21122118 21122114 21162114
3307500 21142114 21192111 21132115 211a2112
3307520 2118211a 21182116 21132114 21102112
3307540 2117211a 21192113 2117211c 211e2119
3307560 211b2120 211c211d 211c211b 2121211a
3307600 212b211d 21282126 2128212b 21202124
3307620 21242122 21262125 21272129 21272124
3307640 21252121 21252123 2129212b 2129212b
3307660 21262129 21232123 2128212f 21272121
3307700 212b212b 212f212b 212e2134 212c2133
3307720 2134212d 212f212f 212b212a 21262127
3307740 21302129 212f212d 2132212d 212e212c
3307760 212f2131 21332134 21302130 212d2132
3310000 2129212d 212f2130 21322129 2142213d
3310020 21402135 2137213a 21352134 2137213c
3310040 21362138 21372137 212b212e 212f2130
3310060 2134213b 213b2137 2138213a 2130213e
3310100 213d2139 213d213a 2139213b 2135213b
3310120 212e2135 212e2134 2131212c 2130212d
3310140 21392134 21282135 212d2132 21292128
3310160 2135212f 21272129 212e2129 212d2136
3310200 212e212d 21232129 212e2125 212f2129
3310220 21322133 212c212c 212b2128 212b212a
3310240 212d2133 21282129 212a212b 2125212a
3310260 2130212b 2127212e 212d212a 2129212a
3310300 212a2128 21322129 212e2131 2125212e
3310320 212d2125 21272129 21252128 2121212a
3310340 21272121 211f2125 212b2124 212e2127
3310360 2129212e 21292129 21232122 2128211c
3310400 212a212b 21242125 211e2126 21192118
3310420 211c211d 2126211f 2123211f 21242125
3310440 211d211f 21202120 211e211f 2123211c
3310460 2121211e 211e2118 211f211c 2122211f
3310500 211c211f 211e211a 21172119 21192116
3310520 211f2121 211f211f 211e211d 2119211d
3310540 21192122 211f2113 21212115 211c211c
3310560 211d211c 21142118 21152119 21142117
3310600 21122116 21132118 21112114 210f2115
3310620 21112115 21132115 211d211a 211d211d
3310640 211a2117 21122111 2117211a 21132116
3310660 2122211d 211c211e 21202127 21202127
3310700 211e211f 211e2118 21162115 21112116
3310720 210e2113 211b2113 211b2113 21182119
3310740 21182112 211f211c 211c211e 2125211f
3310760 21202123 211b211a 211f2123 211b2119
3311000 211d2119 211e212a 2122211d 211a211c
3311020 211d211d 211d2118 2113211b 21182119
3311040 2118211a 21132115 211d2115 21172118
3311060 2120211b 211d2124 211d2121 21212118
3311100 211d211a 2119211c 211b2117 211f2119
3311120 212c2124 2126211e 2127212f 21272123
3311140 2127211f 21272122 21252128 21232123
3311160 211e212a 21212124 21252121 21282123
3311200 21222127 2127212c 212a212e 2129212a
3311220 212c212a 21192125 21292122 21282127
3311240 21292121 21222125 21232124 21282128
3311260 212a212c 21302126 213c2132 21302139
3311300 21352135 212e2132 21322130 21312127
3311320 212d2131 21342136 21312133 2138212c
3311340 21322136 21302133 2131212f 21302137
3311360 21362136 21352128 21312131 212f212f
3311400 213b213a 21462141 21362137 21362139
3311420 21302137 21322135 21362130 21362131
3311440 21382138 2136213d 21332136 21362137
3311460 213a2133 212f2136 213a213a 213b2138
3311500 2143213b 2139213c 2139213e 213f213c
3311520 213f213e 2140213b 21432139 213a2140
3311540 21402140 213e2147 213a2141 213c213f
3311560 213f2144 21422145 21442140 213c2137
3311600 213c213e 2139213e 2139213c 2140213e
3311620 213f2138 2143213d 21472148 21442144
3311640 21482147 21482145 21412141 21412141
3311660 21422141 2140213d 21422144 21452140
3311700 21482147 214e214e 21442145 21422143
3311720 21462146 21432142 214c214a 21492145
3311740 21502147 21532152 214b2148 214b214d
3311760 21442153 214d214a 2148214e 21452144
3312000 2147214a 2150214e 21562150 214b2152
3312020 2151214d 214c2151 21492147 21542142
3312040 2154214f 214f2156 21542155 21512156
3312060 214f214e 21582156 2158214f 21492151
3312100 21532151 2152214e 21522156 21532157
3312120 21572152 215d2157 2154214d 21532151
3312140 214e2154 21502159 21542154 215c214e
3312160 21592157 2158215c 21502153 21552150
3312200 21542153 214e2151 214d2152 21532152
3312220 215a2156 2162215b 215e2165 2159215f
3312240 2155215b 21522152 21512150 21562152
3312260 2155215a 21652161 21592157 21512150
3312300 21582151 21552154 21542156 21552154
3312320 21572150 215a2156 214b2154 21482152
3312340 2158214f 2148214d 215b2155 214a2155
3312360 214f214c 21502153 2151214b 2155214d
3312400 21512152 214d2153 21462148 2151214b
3312420 21542151 21522154 215f2158 215c215d
3312440 2157215a 21572153 214f2159 2150214f
3312460 21542151 21542150 214d2152 214b2150
3312500 214b2153 214e2151 214f214f 214f2149
3312520 2147214e 214a2146 214b2142 214d2144
3312540 214f2149 21442148 2142214b 2147214c
3312560 21472144 213f2143 2143213d 21452142
3312600 21472146 21452152 214e2142 213d2147
3312620 2141213d 21472140 21492148 214b214b
3312640 21472149 21462144 21402143 2142213c
3312660 213a213c 2142213f 21422143 21462140
3312700 21482142 21492146 2144214b 21452148
3312720 21382140 213a2138 213e213a 21402142
3312740 21402141 213d2140 21412140 214c214b
3312760 214a2144 2144214b 21452142 21402143
3313000 2140213e 21402145 21432149 21452147
3313020 2140213f 2147213f 21472147 214f2153
3313040 21572150 214f214e 2143213d 2145214a
3313060 213b2145 21472148 2151214a 21492149
3313100 21422145 214a2148 214d214f 21472147
3313120 21472142 214b214a 21472148 21492147
3313140 214e2152 214f2151 214e214a 2147214f
3313160 214d214c 214f214b 21462149 21492147
3313200 214f2153 214b2147 214a2148 214a2147
3313220 2152214b 2150214f 215a2154 215a2155
3313240 21532155 2159215f 21562157 214d2154
3313260 2157214a 21592155 21592159 21572158
3313300 2153215a 21512152 2155214e 21592153
3313320 2158215c 214e2152 21532155 21582155
3313340 215c2159 21592161 215a2158 21582158
3313360 21562155 2154215e 215d215a 215f2157
3313400 215e215a 215d215b 215e215d 2157215c
3313420 2159215d 215c215b 215e2164 215e2165
3313440 215b2157 2162215c 215d2158 215a215f
3313460 215c2163 21652160 21662160 21662162
3313500 21642163 215a215c 21592160 215d215d
3313520 21642159 2160215f 215f215d 21602166
3313540 21682164 2171216e 216d216d 2167216a
3313560 2171216b 216b216c 2172216c 216f2171
3313600 21702179 21762173 21752177 21702177
3313620 2168216c 216f2171 21702175 217b216c
3313640 217a217a 2174216f 21722172 2178216f
3313660 21712173 216d216e 216b216b 216c216d
3313700 21712174 216c2172 217d2174 21772177
3313720 21782178 21722179 216c2174 21772174
3313740 21722171 21732176 2173217a 21762173
3313760 21712170 21712173 21782176 21712171
3314000 21752179 21742172 21742173 216d216f
3314020 217b2176 217b2183 21822185 217f217d
3314040 217a2180 21782181 217c2179 2181217e
3314060 2183217c 21832183 2182217c 2174217b
3314100 21732173 21712170 217d2177 217d217d
3314120 217c217b 2185217a 217f2179 217f2184
3314140 217e2184 217c2179 2182217e 2182217d
3314160 21862180 217e2181 2175217d 217b2179
3314200 217d217a 217e217d 217c2185 21832183
3314220 21812180 21852184 2177217f 2176217a
3314240 217e2179 217f217e 217c2183 2175217b
3314260 2179217b 2181217a 21852181 21802189
3314300 218b2185 21842189 2181217d 217c217c
3314320 217a217b 217d217e 21832185 218a2183
3314340 21862184 2186218d 217e217e 217a2180
3314360 21812180 21882180 217e217b 217d217d
3314400 217e2179 217a2178 2181217d 217d217c
3314420 217e217e 217b217f 21782178 217d2178
3314440 217c2177 217b2187 217e217a 2182217a
3314460 217a217c 2176217d 21762182 217f217d
3314500 2175217a 21792177 21772177 21702175
3314520 216c217b 217b2176 217e217e 217a2180
3314540 217b2175 2174217c 21742173 21712175
3314560 2167216a 21672169 21662168 216c216a
3314600 2167216e 2170216d 216e2172 216d216a
3314620 21692167 21682167 216d216b 2169216f
3314640 216d2170 2163216d 21632166 21622160
3314660 2171216c 21632169 2167215c 21642161
3314700 21622168 21612165 21672169 2169216c
3314720 21692168 21602168 216b2160 2169216f
3314740 2167216b 21682163 21682169 21672166
3314760 2165216b 215f215c 215e215d 2157215f
3315000 21592159 21592156 215d2155 2165216d
3315020 21692166 21682169 2169216d 2164215f
3315040 21602162 2161215d 215e215f 215e2165
3315060 21672163 215f2167 2163215c 21652166
3315100 215b2160 21622161 2163215d 2161215f
3315120 21632162 215d215f 21552157 21552150
3315140 215d2151 215b215a 2159215b 21572159
3315160 21612158 215d2157 215e2164 21642160
3315200 216b2163 2167215d 21612160 21522154
3315220 215e215c 215d2163 215d2157 21632165
3315240 21612162 215d215f 21642161 21662163
3315260 2162215e 21652162 215e215d 21652161
3315300 21622163 21642163 21632166 21652165
3315320 215f2166 215b2154 215e2161 2167215c
3315340 21662163 2162215f 21692164 21662167
3315360 21652166 2162215f 21652163 216c2166
3315400 216b216d 2167216c 2169216b 2170216c
3315420 216b2165 216a2169 2168216a 21662168
3315440 216c2169 216b2168 21712171 216e2172
3315460 21702174 216c2174 21782174 21752175
3315500 21742175 216c2174 216e2173 2176216a
3315520 2169216e 216f216c 21702179 21712172
3315540 21762176 216f2176 21762177 2179217b
3315560 21782178 217e2178 2185217c 2181217f
3315600 21812182 217f217b 21782178 21732178
3315620 2178217c 21842181 217e2182 21822179
3315640 21792179 2175217b 2184217e 217e2184
3315660 217c217c 2180217d 21912183 2194218f
3315700 2190218a 218c218a 218e218b 21882189
3315720 2186218a 21892185 218b2182 218c218a
3315740 2189218f 2190218d 2191218d 21922193
3315760 2196218b 2191218b 218f2191 21872183
3316000 2183217f 218e2188 21982191 21942198
3316020 2199219a 219a2195 21932198 21952194
3316040 21972198 21972193 21942194 219e2198
3316060 219d21a1 219b219d 2191219d 2194218b
3316100 21922190 219d2196 21a3219f 219e219a
3316120 21992196 219b2197 219f21a5 21a121a0
3316140 219a219f 219b2197 219c2199 219a219a
3316160 219a219b 2195219a 21a02196 219f219d
3316200 219321a4 219e219b 21982199 21a52199
3316220 2199219c 219b21a0 21a321a0 2196219a
3316240 21a4219c 219b219e 21a321a0 21a421a6
3316260 21a421a6 219f21a6 21a721a3 21a521a9
3316300 21a3219c 21a321a9 21a521a5 219e21a8
3316320 219a219f 219d219d 219b219c 219e2197
3316340 219d219f 219c219d 21a42198 21a121a0
3316360 21a821a4 21a221a9 219f219f 219e21a0
3316400 219e219e 21a421a5 219c219d 2197219b
3316420 219f21a6 21a521a1 21a121a6 21a021aa
3316440 219d219f 21a021a3 21a5219f 21a221a4
3316460 219c21a3 219e21a2 219c21a4 21a521a0
3316500 21a42197 21a521a4 21a221a4 219b219a
3316520 219c2197 21a0219a 21a021a5 21a221a8
3316540 219e219e 21a321a1 219b21a2 219921a1
3316560 2199219d 219b219c 219b219c 21a621a3
3316600 21a521a0 21a221a9 219b21a8 219d21a5
3316620 21a9219f 219f21a1 2194219f 219f219e
3316640 21a521a1 21a7219e 219f21a3 219a21a0
3316660 219e21a1 2199219a 219c219f 2195219c
3316700 21912194 21942195 21902192 21992193
3316720 21982197 2199219d 219b219f 21982196
3316740 219c219c 219021a2 2193218b 21952196
3316760 21922189 2192218a 218e218f 218b218f
3317000 217f218b 2181217f 21872188 21862188
3317020 218a218c 21982190 21902192 21872185
3317040 21822189 2183218b 218a218b 21862182
3317060 218e2183 218a218a 21842189 217e2187
3317100 21822183 21802183 21812181 21812182
3317120 21792183 217f217d 21862182 21792181
3317140 2180217b 2178217d 21782178 217f2176
3317160 21802179 21822186 217d217d 2184217b
3317200 2182217e 21832178 21812178 217b2184
3317220 21772176 217b217a 217f2180 21832183
3317240 2180217c 2179217b 217e2179 2181217c
3317260 217c2180 217a2178 217b217a 2185217f
3317300 2177217d 21742177 2171217b 216d2170
3317320 21732175 21762176 21782177 2178217d
3317340 217e2179 217c217c 21792177 2171217a
3317360 216d2173 21712168 217a2172 2181217c
3317400 21852186 217d2180 217d2179 217d2178
3317420 217e2180 21822180 21802185 217c217a
3317440 217c217e 217b2185 21802187 217f2188
3317460 21752175 218b2183 2183217c 217d2183
3317500 2182217f 2182217e 21832182 2182217f
3317520 21812181 21842188 218b218d 2189218c
3317540 2188218c 218b218e 218b2191 2184218c
3317560 218b2182 21832185 218d218f 21912195
3317600 2195218d 218b2190 2191218b 218c218b
3317620 21932191 218c2194 2192218d 218d2195
3317640 2190218f 2194218e 2193219a 21992192
3317660 21972197 219121a2 21952199 21962195
3317700 21942198 21972193 21962197 219e2197
3317720 21a021a5 21a021ab 21a721a1 21a521a8
3317740 219d21a5 219f21a4 219e219e 219d219a
3317760 219f21a8 21a0219f 21a5219d 21af21a3
3320000 21ac21a9 21a921b2 21af21ae 21ae21ae
3320020 21b221b2 21b921b7 21b321b5 21b521b7
3320040 21b621ba 21b421b0 21b421b7 21b221b4
3320060 21b321b3 21b421b7 21be21b9 b01104cb
3320100 00001004 0001000a 00010000 03b1604f
3320120 00000ffc 0001000a 1400003c add01f00
3320140 add01f01 add01f02 add01f03 add01f04
3320160 add01f05 add01f06 add01f07 add01f08
3320200 add01f09 add01f0a add01f0b add01f0c
3320220 add01f0d add01f0e add01f0f add01f10
3320240 add01f11 add01f12 add01f13 add01f14
3320260 add01f15 add01f16 add01f17 add01f18
3320300 add01f19 add01f1a add01f1b add01f1c
3320320 add01f1d add01f1e ff000134 00000020
3320340 00000002 cf680ede 00000001 deadbeef
3320360 f0000002 cf680eca 1e005bd5 00000000
3320400 00000134 00001f48 a01004cc 21ff21b4
3320420 220021fb 21fd21fa 21f421fe 21ef21f5
3320440 21f021f3 21f721f0 21fb21fc 21f52202
3320460 21f221f4 21f521f3 21f821f2 21f621f3
3320500 21fd21fc 21fe21fe 21f921f9 21f021f5
3320520 21ef21f2 21f421ee 21ee21f5 21ed21eb
3320540 21f321f2 21f221eb 21ee21ea 21ec21ed
3320560 21ec21f0 21e721ea 21e821e4 21e521e3
3320600 21e721eb 21f521ee 21e621ec 21f021f2
3320620 21f221f5 21f221f1 21ed21ee 21e721ed
3320640 21e721eb 21f121e8 21e421ee 21e621de
3320660 21e121df 21e021e3 21e221e4 21e521e3
3320700 21de21e8 21e521e5 21eb21e4 21ed21ee
3320720 21e621e6 21e921ea 21d921df 21dd21da
3320740 21e921e5 21e821e4 21e621e7 21e721e8
3320760 21e421e4 21e421db 21db21da 21e121de
3321000 21e121e3 21e221e0 21db21d6 21db21df
3321020 21e221e3 21eb21e2 21e121e4 21df21e2
3321040 21ea21e4 21e721e9 21dc21e5 21c321c9
3321060 21ae21bb 21aa21b1 21af21af 21a121a7
3321100 21ab21a0 21ab21ac 21a321b1 21ac21a7
3321120 21ad21b2 21a921a4 21a621a1 21ab21a9
3321140 21a721b0 21aa21ad 21a321a7 21a421a2
3321160 21ac21ac 21ab21a8 21b021a9 21ac21a7
3321200 21a921ae 21ad21ad 21ae21b1 21b521b3
3321220 21b921b5 21b121b8 21b621bc 21ba21bb
3321240 21b921b4 21b921b3 21b621b0 21b521b4
3321260 21b421b7 21b921ad 21b721af 21b521b5
3321300 21b321b4 21c121bf 21c221be 21c521c1
3321320 21c521c8 21c121bd 21c321c3 21c521c1
3321340 21c721be 21b821c0 21b921c5 21ca21c5
3321360 21bc21c6 21cb21c7 21ba21c4 21bd21b8
3321400 21be21bf 21c121bc 21c821c7 21cb21c9
3321420 21cf21cf 21cb21ce 21c421c2 21c921c7
3321440 21cd21c2 21c821d2 21cb21c1 21c821c1
3321460 21bf21c1 21c321c2 21c521c6 21c721ca
3321500 21c921cb 21c821ca 21d221ca 21cd21cb
3321520 21cc21ce 21d221cd 21d321d1 21d821d5
3321540 21d021d6 21cc21cd 21d221d2 21cf21cb
3321560 21d221d4 21cf21d3 21cf21d7 21cf21d0
3321600 21d121d2 21d021cf 21d321cd 21d421d0
3321620 21ce21d2 21d321d1 21ca21c8 21d221d1
3321640 21d621d3 21d621d4 21ce21d3 21d521ca
3321660 21dd21d8 21e521e6 21e321e8 21e021e1
3321700 21df21d7 21e021e2 21dc21dc 21dc21df
3321720 21e521e5 21e221e5 21e321ea 21f121e8
3321740 21f321f4 21e921ec 21f321ec 21e621eb
3321760 21ea21eb 21ee21e9 21ec21e7 21ea21e9
3322000 21e921eb 21f121f3 21ef21f7 21fa21f5
3322020 21f821ef 21ee21ef 21f121f1 21ed21e7
3322040 21ed21e3 21ea21e9 21ec21e6 21f021f8
3322060 21f621f0 220621f6 21ea21f3 21fd21f4
3322100 21fd21ff 21fd2201 21f721fd 21f521f9
3322120 21f021f4 21f021ef 21f021eb 21f521e8
3322140 21ef21eb 21f221f7 21ef21f7 21f921f3
3322160 21f921f6 21f621f5 21f721f9 21f721f3
3322200 21f621f6 21fe21f9 21fe21ff 21fa21f6
3322220 220021f8 21ff2200 22062204 21fb2201
3322240 21fe21f8 21fe21ff 21ff2200 220121fd
3322260 21ff2203 21fc21ff 21f921fd 21f321fd
3322300 21fa21f4 21f521fe 21f521f9 21f321fb
3322320 21ff21f3 21fb21fa 220121fc 21fd21f4
3322340 21fc2202 21f621f6 21f721f9 21f621fb
3322360 21fa21f6 220321fb 21ff21fb 22032202
3322400 21fa21fd 21fd21fe 220021fe 220321fd
3322420 220121fe 21f92201 21f221ef 21f621f8
3322440 21f521f5 21f521f3 21ee21f2 21ec21f4
3322460 21f621f8 21f421ef 21f021f6 21f521f6
3322500 21f221f6 21ee21f5 21ec21f2 21e821ec
3322520 21ec21ee 21e521eb 21ef21ec 21ed21ed
3322540 21ee21ea 21f021ef 21ee21f2 21ec21ed
3322560 21e921ef 21eb21e4 21ed21ec 21ed21fe
3322600 21f021fd 21f021eb 21f021f1 21e721e3
3322620 21e021e7 21df21e5 21e021de 21e021de
3322640 21e021e5 21e521e7 21e621e9 21ed21eb
3322660 21e521e7 21e121e4 21df21ec 21ee21e6
3322700 21e521e2 21e621e0 21e321e6 21e321e0
3322720 21e421e6 21e121e1 21dc21da 21da21dd
3322740 21d821df 21dc21dc 21dc21de 21ea21e0
3322760 21e021e5 21da21dd 21e021de 21dc21e0
3323000 21d121d4 21d321cf 21d021d2 21d021d4
3323020 21d121d1 21d321cc 21d021cf 21ce21d5
3323040 21cd21d6 21cc21d3 21d421da 21d021ce
3323060 21d421d9 21da21d4 21d521d0 21d221cf
3323100 21cc21d0 21c421ce 21d321d0 21d021d5
3323120 21cd21d1 21d721d2 21da21d8 21d021d1
3323140 21cf21d4 21ca21cc 21ca21ce 21cc21cc
3323160 21ce21ce 21d021cb 21d521d1 21ce21ce
3323200 21cd21cc 21d021d3 21d021cf 21cb21cc
3323220 21c821c7 21cd21c1 21c621c9 21cc21cc
3323240 21d021c9 21ce21c9 21c621c7 21c621ca
3323260 21cf21c7 21cc21cd 21cf21c8 21cc21cf
3323300 21d021cd 21d821d5 21df21d5 21c321d1
3323320 21c421c2 21ba21c8 21cb21c9 21d421c6
3323340 21c821cb 21c321c3 21c921c8 21c721c4
3323360 21cd21ca 21ca21cc 21c821c7 21c521cf
3323400 21ca21c8 21ca21be 21c221be 21bd21c0
3323420 21c921c4 21c321c1 21c421c6 21cb21c6
3323440 21c521cf 21c921ca 21c621c3 21cb21c7
3323460 21c721cd 21c621ce 21c121c6 21c621ca
3323500 21d021c7 21ca21c8 21c621c8 21c021c6
3323520 21c321c3 21ce21c6 21d121ce 21cc21d0
3323540 21cc21ce 21c821cb 21c021c4 21c021bb
3323560 21c721c0 21c621cd 21c821c8 21bc21be
3323600 21c121c4 21be21c5 21cb21c3 21c721c2
3323620 21cc21c6 21c321cb 21c221c8 21be21c7
3323640 21c821c0 21c721c6 21cb21cf 21c421cc
3323660 21c821c5 21cd21cf 21c821c6 21d021c8
3323700 21d321d2 21ce21ce 21d121d4 21d021ca
3323720 21ce21cd 21cb21d2 21ce21d2 21c721d0
3323740 21c621cd 21c921c4 21c821c5 21cb21c7
3323760 21c821cb 21c921c7 21c921c7 21d021c6
3324000 21cb21c5 21cb21cb 21cc21ca 21ca21d1
3324020 21c221c3 21c321bb 21c721cc 21c421bf
3324040 21c821ca 21cc21c8 21c621d1 21c521c5
3324060 21c621c5 21c321c8 21c721c8 21d521d0
3324100 21d021cb 21cd21cc 21cc21c4 21cd21cd
3324120 21cf21d1 21d621d2 21d121d2 21c621cc
3324140 21d521ce 21d021d6 21d621d3 21db21d5
3324160 21da21d3 21d621d5 21ca21d2 21cc21d1
3324200 21ce21d0 21d821d7 21d521d8 21da21d6
3324220 21d621d6 21d921d6 21da21dd 21da21df
3324240 21d521de 21da21d5 21d821d2 21dd21dd
3324260 21df21e0 21dc21da 21db21de 21e821df
3324300 21d921df 21d821d9 21e221dd 21db21db
3324320 21df21d8 21d721d3 21dc21dd 21dd21e0
3324340 21e721e0 21e121e3 21e321e0 21e121e3
3324360 21d921e6 21da21d8 21de21de 21e321e5
3324400 21dd21eb 21ea21e8 21f321ed 21e821e8
3324420 21e521e8 21e021e4 21dd21e3 21df21dd
3324440 21e321de 21de21e4 21dd21d9 21e821de
3324460 21e121e2 21e021d6 21df21de 21de21de
3324500 21e321dd 21dc21e4 21e121de 21dd21dd
3324520 21de21e3 21e621e8 21e721eb 21e721e4
3324540 21e521f1 21e121d9 21e421e4 21e721df
3324560 21f221e3 21e921f0 21f221e5 21ea21ec
3324600 21f221e7 21ec21e2 21e721eb 21e121e2
3324620 21e221e6 21e721e5 21ed21e6 21e221e0
3324640 21e421df 21de21e4 21e221d9 21de21de
3324660 21e721e2 21db21e2 21d921df 21da21d9
3324700 21d921db 21de21d6 21e721e0 21e221e6
3324720 21e021e4 21e221de 21df21e0 21dd21e0
3324740 21dd21dc 21d721da 21de21de 21dc21d9
3324760 21da21dc 21e021e1 21de21da 21e021db
3325000 21e521dc 21dd21dc 21de21e4 21d021cc
3325020 21d621d1 21d521dc 21d421cf 21d721d4
3325040 21da21d8 21d921db 21d821d7 21cd21d4
3325060 21ce21ce 21d021d2 21db21d4 21d421d2
3325100 21ce21ca 21cd21cd 21d021cf 21d221d0
3325120 21d321cb 21d521d6 21d521da 21d821d7
3325140 21d921d0 21d521d3 21d921d2 21d321de
3325160 21d221d7 21ca21cf 21cc21ce 21d321d0
3325200 21d221d0 21d221cf 21ca21cc 21d121c9
3325220 21ca21d0 21d421cb 21d221cf 21cd21d0
3325240 21c821c7 21d321d0 21de21da 21d221d9
3325260 21d821d3 21ce21d2 21d521d6 21d121d0
3325300 21d421d4 21d421cf 21d621d2 21cd21d1
3325320 21d021d4 21cd21cb 21d321d4 21d421d2
3325340 21ca21d1 21cf21d4 21ce21d0 21cc21ce
3325360 21cf21d1 21d421d2 21cc21d4 21ce21d4
3325400 21c721ca 21ce21c6 21cd21cd 21d621d0
3325420 21cc21d5 21d321cf 21c921d2 21ca21cf
3325440 21c421c7 21c921c5 21c321c0 21c421c8
3325460 21c621c7 21cc21c9 21c621c9 21ce21c8
3325500 21cb21cc 21d621d4 21cd21d1 21c421d2
3325520 21d121c7 21c921d1 21cc21c7 21c521c8
3325540 21bc21c4 21c821c7 21c721cb 21c821c8
3325560 21c921cb 21cd21ca 21c821c0 21cb21cb
3325600 21c721c8 21c321c8 21c521c9 21cc21c0
3325620 21d121d2 21cc21cd 21c921d0 21c921c5
3325640 21d121c3 21c521ce 21ca21c9 21d021d3
3325660 21d921d6 21db21d9 21d721d5 21d321d5
3325700 21ca21d5 21ce21cc 21d721d1 21d021ce
3325720 21d021d0 21d821d5 21d421d4 21d621d0
3325740 21ce21d7 21c121c4 21d121ce 21c821c9
3325760 21cb21c8 21cf21db 21c721c8 21c921d2
3326000 21cd21cc 21d321c9 21d621d5 21da21d4
3326020 21cf21d9 21d921d0 21cf21d1 21cc21d3
3326040 21cc21cb 21cc21ce 21cf21d4 21d221ce
3326060 21c821cb 21cb21d2 21cf21d4 21c621ca
3326100 21d321d5 21d421d4 21d221cd 21d421ce
3326120 21cf21cb 21cc21cb 21cf21cb 21d221d4
3326140 21d121d5 21c921d0 21d121ca 21cf21cb
3326160 21c921cd 21d421ce 21d221d3 21d321d1
3326200 21d421d7 21cd21d5 21d121d0 21ce21cc
3326220 21d521d3 21d421d6 21cd21cd 21d321d3
3326240 21cd21cc 21d121d0 21d021cd 21cd21cb
3326260 21c321c9 21c021c6 21c621bf 21cd21cd
3326300 21d321d2 21d521d9 21d821d9 21db21d7
3326320 21d821d7 21cb21d3 21cf21cf 21d021d3
3326340 21d921d3 21d921d4 21df21e1 21de21df
3326360 21da21df 21de21df 21d321d4 21d721dd
3326400 21d521da 21dd21de 21d921de 21d421da
3326420 21cc21d9 21d521d1 21d521d6 21ce21ce
3326440 21d521cc 21dc21dd 21db21de 21da21de
3326460 21db21d2 21d521da 21d421d0 21df21d7
3326500 21d321df 21dc21d4 21da21e2 21d821db
3326520 21e421e1 21e721e1 21e721e4 21e921e2
3326540 21e021e0 21e521e6 21e121e6 21e821e7
3326560 21e321e0 21e421e0 21e421e6 21e021e5
3326600 21e121dc 21ea21e1 21e621e4 21e621e7
3326620 21e821e6 21ed21e7 21e021e6 21e921e3
3326640 21e921ee 21e821e7 21e521e7 21e621e4
3326660 21e821e2 21de21e5 21e221de 21dd21df
3326700 21df21df 21e621e5 21e421e5 21e621dc
3326720 21e821e1 21e421e8 21e321e5 21e321ec
3326740 21dd21e2 21e821d8 21e421df 21e321de
3326760 21eb21e7 21e521ea 21e921ea 21ea21ec
3327000 21e421e4 21e121e2 21e721dd 21ea21e1
3327020 21e221e5 21e221e8 21dd21e3 21e321e5
3327040 21de21d9 21da21d9 21d821d9 21df21de
3327060 21e121de 21ee21e4 21eb21e6 21e921ee
3327100 21ef21ec 21e921e8 21eb21e7 21e221e6
3327120 21de21e4 21e621e9 21ec21e8 21e221e4
3327140 21dc21db 21dc21dc 21e421e2 21de21e1
3327160 21df21e1 21e521e5 21e021e5 21e421e3
3327200 21e621dc 21ee21e1 21df21e2 21d921dd
3327220 21df21e8 21e121df 21e621e3 21e321e6
3327240 21dc21db 21dd21e0 21de21e4 21e221de
3327260 21dc21dc 21df21db 21e221de 21dd21e0
3327300 21e121dd 21db21de 21dd21e3 21d921dc
3327320 21de21df 21d821d9 21dd21df 21e721d9
3327340 21dd21e6 21e321e1 21e421e0 21e921e4
3327360 21e521e4 21e221e7 21e621dd 21e621e2
3327400 21e321e8 21e621e2 21e921ea 21dc21e2
3327420 21df21de 21ea21e4 21eb21e7 21e321e7
3327440 21e421e6 21eb21eb 21ea21e7 21e121e1
3327460 21e221e5 21d621d5 21dd21dd 21df21e1
3327500 21de21df 21e621e3 21ec21e4 21ed21e8
3327520 21e921ea 21e821e3 21e721e5 21e221e8
3327540 21dc21d7 21e721e1 21df21df 21e721e4
3327560 21e021de 21e621dd 21e121e4 21ea21e9
3327600 21ef21ef 21f321e9 21ec21ec 21e721e7
3327620 21e421e1 21e321e7 21e221df 21e721e4
3327640 21e021e5 21dc21e4 21e021de 21e521e0
3327660 21e821e1 21e521e8 21e321e5 21e521e4
3327700 21e821e5 21e421e7 21e121e4 21e221e4
3327720 21f521e5 21e321ee 21f521ed 21e621f0
3327740 21e621e8 21ed21e9 21ea21e9 21e621e8
3327760 21eb21e6 21e521e8 21e621ec 21eb21eb
3330000 21ed21e7 21e721ed 21ec21ed 21f521e8
3330020 21e821f0 21ee21ea 21ee21f1 21e821ee
3330040 21ea21e9 21e721e9 21e421e2 21f221ed
3330060 21ee21f4 21f521f0 21ea21e8 21ea21e9
3330100 21ec21ea 21f021ec 21ea21ed 21e921e9
3330120 21e621e3 21dc21e3 21e421e7 21e921e9
3330140 21ed21eb 21f421eb 21f821fc 21ec21f4
3330160 21e621f4 21e121e5 21ee21e4 21e421ec
3330200 21ee21e7 21ee21f6 21e421e4 21e821e7
3330220 21f021e6 21eb21ec 21f321f2 21ee21eb
3330240 21f021ef 21ef21e8 21ec21e6 21e521f0
3330260 21ec21ed 21ea21eb 21ec21ee 21ec21ed
3330300 21f121ee 21e821f3 21f221ea 21ed21f6
3330320 21e921eb 21ea21ee 21ef21f1 21eb21f2
3330340 21e821ef 21e921ea 21eb21ec 21ea21e9
3330360 21e721e7 21ec21ec 21eb21ed 21ea21f2
3330400 21ec21e6 21ed21e4 21e721ea 21ee21ed
3330420 21e521f0 21e721e6 21e121dc 21e621e8
3330440 21e621e0 21eb21eb 21e121e3 21e321e1
3330460 21e321dc 21e921e1 21e921ef 21e821e6
3330500 21e421e7 21e821e7 21ed21eb 21e721e9
3330520 21e221e3 21e221e2 21e121db 21e021df
3330540 21e221e6 21ef21e7 21ef21ea 21e521ea
3330560 21e821e7 21e521e9 21f021f3 21f121eb
3330600 21e321ec 21e621e4 21e821ed 21e721ed
3330620 21e921e3 21d821e2 21e121e5 21e621e3
3330640 21e121e6 21e621e4 21e521e4 21e021eb
3330660 21e221e8 21e821e4 21e321e1 21db21de
3330700 21e621d9 21e821e7 21e721e7 21dc21dd
3330720 21e321e5 21e121e2 21e421e6 21ea21eb
3330740 21ee21e7 21e521e4 21e221e7 21e721e7
3330760 21e121e3 21e821e4 21e921ea 21e821eb
3331000 21e721e5 21e621e5 21e621e3 21e921e8
3331020 21ec21e9 21da21eb 21de21df 21d821de
3331040 21dc21df 21dc21db 21dc21e0 21dc21e2
3331060 21e421e1 21dd21dd 21e821e5 21e121e3
3331100 21ed21e8 21df21e3 21e421de 21dd21de
3331120 21e021e1 21e021dc 21dc21dd 21e421e0
3331140 21dc21dd 21d321d8 21db21de 21de21dc
3331160 21e621e3 21d921df 21dc21de 21d621db
3331200 21e521df 21e321e4 21dc21da 21d921dc
3331220 21d821d9 21e321d7 21e121e3 21d921d8
3331240 21e121dd 21d321db 21e021d7 21dd21dd
3331260 21db21e1 21e321dd 21e421e4 21e421dc
3331300 21e221e1 21e321e3 21e521e2 21dd21de
3331320 21d921da 21d321d6 21d521d8 21d821d4
3331340 21d921d8 21df21dc 21dd21d8 21d921e0
3331360 21d221d6 21d121d9 21da21da 21db21d7
3331400 21e321e0 21e021e9 21dd21dd 21e021d2
3331420 21dc21db 21d121d0 21da21dd 21df21e8
3331440 21e021db 21d421d5 21d121cd 21d421ce
3331460 21dc21ce 21d821d2 21d421d6 21d121d9
3331500 21da21d3 21d321db 21ce21d3 21ce21d1
3331520 21d121d8 21d121d5 21d221c9 21d321d0
3331540 21d421ce 21d521d9 21da21d8 21d421cf
3331560 21d221d6 21d521d7 21d121d0 21ca21cb
3331600 21d621d2 21d321d2 21dc21d6 21db21e3
3331620 21e221e2 21e021e3 21e021e0 21d921d8
3331640 21d521d5 21db21da 21db21d8 21e021d5
3331660 21d521de 21de21d3 21e721e2 21d821d8
3331700 21e321dc 21d821de 21df21de 21d921dc
3331720 21e321e3 21de21dd 21de21db 21e021df
3331740 21de21dc 21d721dd 21e021d1 21de21e2
3331760 21da21dd 21dd21de 21e421e4 21e421e0
3332000 21ec21e8 21ee21e8 21e821ef 21e421e3
3332020 21dc21de 21df21da 21dd21e3 21e521ec
3332040 21dc21dd 21e821db 21e121e2 21e621df
3332060 21e321e7 21e421d8 21d921d9 21e021e1
3332100 21e921e8 21ec21f1 21e921ec 21e921e9
3332120 21e721f0 21ea21ef 21df21e9 21f321e4
3332140 21eb21e8 21eb21e3 21ee21e6 21ea21e7
3332160 21eb21ea 21e221e4 21ea21e7 21e921ef
3332200 21ee21e8 21ef21eb 21f021ed 21f021f5
3332220 21f921f4 21f621f7 21f821f5 21f721f2
3332240 21f621f5 21ee21f0 21ea21ec 21ef21ea
3332260 21ea21ed 21ee21eb 21f221f0 21ee21ed
3332300 21f421ec 21f121ef 21f021f7 21f421f8
3332320 21f521fc 21fa21f8 21f621f1 21f621f2
3332340 21f221f8 21f221f5 21f321f8 21fd21f8
3332360 21f821fc 220121ff 21ed21f8 220721fb
3332400 21f421f7 21f621f2 21f821f8 21f421fa
3332420 21f821f6 21f521f8 21f821fb 21fb2203
3332440 21fa21ff 21f521f9 21fa21f7 21f421f6
3332460 21f021fb 21f121f0 21f621ef 21ff21f6
3332500 21f821f6 21fc21fb 21f921ff 21f821f7
3332520 21fa21f4 21fb21f5 21f621ff 21fd21fb
3332540 21ff21fd 21fe21fe 21fa21f5 22042200
3332560 21fd2207 21f721f7 21f821f9 21f721f4
3332600 21f421f1 21fa21f8 21f921fb 21fe21f9
3332620 21fe21fe 21ff21ff 21ff21f9 22072202
3332640 21f921ff 220421fa 21f721fd 21f721f8
3332660 21fd21f7 21fe21f9 22022206 22032203
3332700 22032205 21fa21fc 21ff21f9 21fc21fd
3332720 21f721fd 21fd21f9 21ff2200 21fc21f8
3332740 21f821f9 21f821f5 21fb21ff 220021ff
3332760 21f821fb 21fe21fa 21f921fc 21f521fa
3333000 21f721f6 21f521f3 21f921fa 220021fe
3333020 21fa21f8 220021fd 21ff2201 21fe2202
3333040 220021f5 21ff21fe 22002200 220521f9
3333060 21fc2200 220221fe 21ff21fd 21ff2200
3333100 21f421fa 21fd21fe 21ed21f5 21fd21f9
3333120 21fc21fc 21ff21f8 22032201 21fe21fa
3333140 220521fe 22022208 21fd2202 21f921ff
3333160 21f321f5 21f221f3 21f821f4 21f621f7
3333200 21f321f5 21ff21fb 21fb2202 21f521f8
3333220 21f921f8 21f621f8 21f721f5 21f821f6
3333240 21fb21f6 21f621fd 21f821f6 21fe21fa
3333260 21fb21f9 21f721fb 220321fc 21f121f6
3333300 21f021f3 21f621f4 21f721f8 21fa21fa
3333320 21ee21fb 21f121f5 21f321f2 21f121ef
3333340 21f621ee 21f621f3 21f221ef 21f321ff
3333360 21ee21ef 21f121f3 21f021f1 21f121f4
3333400 21ef21ec 21f421f1 21f621f5 21eb21f3
3333420 21e921ef 21ea21ed 21ec21e2 21e821e6
3333440 21e221e6 21e421e1 21e821e3 21eb21e4
3333460 21f021ec 21ee21f4 21ed21ed 21f121f2
3333500 21e821ed 21e521e8 21eb21eb 21ec21eb
3333520 21e821e7 21e421e3 21e021dd 21dc21e1
3333540 21dc21dd 21dd21e4 21d721e0 21e521dd
3333560 21df21e3 21e521e2 21df21e0 21da21db
3333600 21e021d8 21e421dd 21e321e1 21e221ea
3333620 21db21e0 21df21e1 21d521d4 21d821d3
3333640 21d521d9 21d821da 21e021d8 21e421e1
3333660 21e421e5 21de21e4 21e121e0 21db21e5
3333700 21de21dd 21dd21e6 21df21e6 21d921d4
3333720 21da21d6 21d721d9 21d221d9 21db21dc
3333740 21e421de 21e021e1 21df21da 21dc21dd
3333760 21d921e0 21d921d6 21d921d7 21d521d2
3334000 21d321d3 21d421d9 21d921d7 21dd21dd
3334020 21e421de 21ea21eb 21e221e9 21e421e2
3334040 21e221df 21df21e1 21e421dd 21de21dd
3334060 21d521d5 21e421e0 21db21e1 21e321e1
3334100 21e421e5 21e221d9 21e021dd 21e921ea
3334120 21e521eb 21e621e0 21dd21e3 21e521df
3334140 21e321e9 21e821e4 21e721eb 21e621e7
3334160 21ec21e6 21e721ed 21e921ea 21e821f4
3334200 21e821e8 21e421e2 21ed21eb 21e321ea
3334220 21e321e4 21e621e5 21ec21f0 21ec21ea
3334240 21ed21f6 21f021f3 21ed21ef 21ed21ed
3334260 21f121f0 21f521f1 21f621ec 21f721f8
3334300 21ee21e8 21f121f1 21f421f4 21ef21f6
3334320 21f021f4 21fe21f6 21f621f5 220121f6
3334340 21fb2200 21fb21fb 21f821f4 21fc21f5
3334360 21fb21fb 22022202 21fa2206 21f121f2
3334400 21f921f5 21f521f7 21f721fa 21ff2201
3334420 21fa21fe 21fb21fd 21fe21f9 22072204
3334440 220221fc 22042203 22062209 2206220e
3334460 220d2208 22072204 22052205 2208220b
3334500 22062203 2205220a 2207220d 22072206
3334520 2208220e 2205220b 220e2207 2209220e
3334540 2213220a 220f220f 220b220a 220d220f
3334560 22142213 22102208 22092204 220d2210
3334600 22072208 220a220e 220c2207 220e220a
3334620 22112211 22112212 220d2214 22132212
3334640 22122213 220e220f 22142210 22122210
3334660 2218220f 220e2215 22172214 2220221c
3334700 22112214 22172212 22142214 220d2212
3334720 220f2213 22132211 22132210 22102214
3334740 22112214 22142212 22112212 221a2214
3334760 22152216 22122216 22142210 221c2219
3335000 22112210 2209220f 2205220a 2210220b
3335020 2218220f 22152214 221b2219 22212218
3335040 2210221b 22172217 22142217 221b221a
3335060 221b2212 22132216 221e2217 221c221c
3335100 221f221c 22142218 22192223 221d2221
3335120 221e221e 22192212 2211221a 22162214
3335140 221a2217 221f221a 221e2217 22202223
3335160 2223221e 22282224 221c221d 2212221b
3335200 2212220e 22102211 22152212 221a2216
3335220 2216221a 221b2218 22172219 22192216
3335240 221e2218 2217221b 22232219 221e2220
3335260 221d221a 221b221e 22142211 22112213
3335300 22142218 221d2216 22112216 2212220b
3335320 220e2211 220f2210 2216220e 22162218
3335340 2219221b 220d221e 220e220d 22122213
3335360 22172218 221a2211 22172214 2214221c
3335400 2211220c 2211220d 220e2210 220e220d
3335420 2210220f 2210220e 2210220f 22112211
3335440 22162219 22112219 220d2214 220f2210
3335460 220e220c 22052212 220c220d 220b220c
3335500 2210220d 220c2209 2208220b 22102211
3335520 2212220c 220b2205 22062208 22052205
3335540 22082206 2210220c 22082211 22062204
3335560 21f82202 220a2204 22062203 21fe21fd
3335600 21fc21fc 21fb21ff 220021f9 21f82202
3335620 21fa21f5 21f521f7 21f721f7 21ff21f3
3335640 21fd21fc 21f821f7 21f621f6 21ec21fb
3335660 21f321f7 21e921e8 21f221ee 21ef21f4
3335700 21f321e9 21f021ee 21ec21f3 21ef21f1
3335720 21f021ef 21e221ec 21e821e8 21ea21e9
3335740 21ec21ec 21e721e9 21df21e6 21e321e3
3335760 21e321e8 21e421df 21e221e3 21df21e5
3336000 21e321e2 21e221e2 21e521df 21df21e0
3336020 21d621e0 21e421e1 21d821e4 21de21d3
3336040 21dc21de 21d421d9 21e421e3 21e421e5
3336060 21de21e0 21e721df 21d921df 21e121d9
3336100 21d221da 21d421d2 21d021d2 21d221d1
3336120 21d521d5 21d021cb 21d321cf 21d321d4
3336140 21d321d8 21d421d1 21d121d2 21c921ce
3336160 21cf21cd 21ce21cd 21cc21ca 21c821cb
3336200 21d121c4 21cd21d5 21d221d4 21d621d4
3336220 21cd21d0 21ca21c9 21cf21d0 21ca21cc
3336240 21cc21cf 21d321d1 21da21d1 21d221d6
3336260 21d421df 21d421ca 21cd21d6 21ce21cd
3336300 21cc21cf 21cd21cc 21d621cf 21ce21ce
3336320 21d221cb 21c821c7 21c621c8 21c621cb
3336340 21cb21c9 21c821ce 21c021c5 21c721c9
3336360 21d121d1 21c821d0 21ce21c9 21d121ce
3336400 21d221d5 21d621d6 21d721d8 21d021cf
3336420 21d121ce 21c521cb 21cd21cc 21ca21c9
3336440 21d421c9 21c521cb 21ce21cc 21cc21d1
3336460 21cb21d0 21ce21d2 21d621cf 21d321d8
3336500 21d521d7 21d821d6 21dc21da 21d621dc
3336520 21cc21d3 21c721d0 21d721d1 21d021d5
3336540 21dc21e0 21db21dd 21d121da 21d521d7
3336560 21e221d8 21db21db 21e021db 21dc21e1
3336600 21da21d7 21dd21df 21db21d9 21dc21d9
3336620 21e021da 21e721db 21e521df 21e121e2
3336640 21e121e7 21e321e2 21df21e3 21e221df
3336660 21e321df 21e521e2 21ec21e1 21e921eb
3336700 21ea21e8 21e621ee 21e421e2 21e121eb
3336720 21e521e9 21ec21ea 21e921ee 21f121f2
3336740 21f021f5 21f121ed 21ef21eb 21ee21e7
3336760 21ee21f3 21f421ee 21f421ef 21f021f8
3337000 21f121f1 21e721ef 21f021ec 21f121f0
3337020 21ee21f0 21f021f1 21ee21ef 21eb21ee
3337040 21f321ed 21f521ec 21f221f6 21f321f5
3337060 21f021f6 21f021f2 21f521f5 21f321f9
3337100 21f221f6 21ee21f5 21ed21f6 21ef21ea
3337120 21eb21f3 21f321f4 21f921f6 21fb21ff
3337140 21f321f8 21f621f3 21fb21f9 21fb2208
3337160 22002204 22062201 220321ff 22032201
3337200 22022202 220021fd 22062204 22002203
3337220 220021fd 220321fe 22042200 22012200
3337240 22022201 22032209 220721ff 22082204
3337260 22002200 22062206 2203220b 220a220c
3337300 22002202 22072204 22072202 21fa2201
3337320 21ff21fd 21fc21f3 220b2201 22022204
3337340 22082208 22072209 22112211 22142210
3337360 220e220f 220e2213 2208220d 220a2208
3337400 220c2200 2210220c 220e2210 2210220d
3337420 22102212 2215220f 22142213 22172213
3337440 22112215 220d220e 22112212 22192218
3337460 22182216 2219221a 22112217 221b2215
3337500 22152219 22192219 2212220f 22162218
3337520 22062209 220f220e 22092210 220d2207
3337540 22062208 220f2206 22152217 221a221e
3337560 2213221b 22152210 22122210 22152214
3337600 220f2211 22132215 22132212 220c220e
3337620 22122214 220b2212 221b2212 22142213
3337640 22132210 22092213 2207220e 220c2211
3337660 220e220e 220c2204 220b220d 220a2211
3337700 22062210 220b2202 22082208 2207220a
3337720 220a220c 220b220a 2213220a 220f220c
3337740 2209220f 2208220b 220b2205 220b220b
3337760 220b2205 220c2209 2209220a 220e220c
3340000 22092211 220d2209 21f92203 22002204
3340020 22032206 22032206 21fe21fe 22002200
3340040 21fc2201 21f421ff 21f621f4 21f521f5
3340060 21f821f6 21fc21fd 21f221f6 21f721f9
3340100 21f321ef 21f021f0 21f021f4 b01004cc
3340120 00001004 0001000a 00010000 03b16050
3340140 00000ffc 0001000a 1400003c add01f00
3340160 add01f01 add01f02 add01f03 add01f04
3340200 add01f05 add01f06 add01f07 add01f08
3340220 add01f09 add01f0a add01f0b add01f0c
3340240 add01f0d add01f0e add01f0f add01f10
3340260 add01f11 add01f12 add01f13 add01f14
3340300 add01f15 add01f16 add01f17 add01f18
3340320 add01f19 add01f1a add01f1b add01f1c
3340340 add01f1d add01f1e ff000134 00000020
3340360 00000002 d00391b7 00000001 deadbeef
3340400 f0000002 d00391a3 170b258f 00000000
3340420 00000134 00001f48 a01104cd 21e321f1
3340440 21e321e0 21e021df 21dc21e1 21e321df
3340460 21df21d8 21de21d7 21db21e2 21e221e0
3340500 21df21d9 21db21e0 21e221df 21e821e2
3340520 21eb21e4 21e121ec 21ea21dc 21e621ea
3340540 21ec21e7 21e821ee 21ea21e6 21ee21eb
3340560 21e621eb 21e521eb 21dc21e3 21e121df
3340600 21e321df 21e721e7 21eb21eb 21e521ec
3340620 21e921e5 21eb21e9 21f321e9 21e921ec
3340640 21f621ed 21f821f3 21f121ec 21ec21ef
3340660 21ec21e8 21e721eb 21e821eb 21ec21e3
3340700 21ed21ed 21ee21f0 21ee21ef 21f721f2
3340720 21ef21f4 21eb21f3 21f021ef 21f721f6
3340740 21fa21f2 21f421f6 21f521f5 21ec21f3
3340760 21e921ec 21f321f0 21fb21ed 21f821f7
3341000 21fb21fb 21f321fe 22002202 21f92202
3341020 21f621f6 21f021f6 21f821f3 21f421f2
3341040 220221fc 21fc21ff 22052202 21fd2201
3341060 21f92201 220121fd 21fe21fa 21fb21f2
3341100 21ff21f5 21ff21fe 213821f9 1f472032
3341120 1e101e94 1d881dbc 1d5f1d6e 1d501d4e
3341140 1d4e1d4b 1d4b1d4d 1d4b1d4e 1d451d50
3341160 1d431d45 1d441d46 1d441d48 1d401d3f
3341200 1d3f1d44 1d421d43 1d461d46 1d421d4a
3341220 1d461d48 1d461d42 1d3d1d43 1d401d3f
3341240 1d531d44 1d461d4c 1d4b1d46 1d4c1d4c
3341260 1d491d4b 1d4f1d50 1d501d4d 1d531d51
3341300 1d4f1d53 1d541d47 1d551d53 1d501d54
3341320 1d561d53 1d511d52 1d511d4c 1d4a1d47
3341340 1d581d4f 1d5d1d55 1d5d1d5b 1d581d5a
3341360 1d591d57 1d541d55 1d5b1d5c 1d611d60
3341400 1d681d5c 1d5e1d63 1d5c1d61 1d561d5a
3341420 1d541d5b 1d5a1d5c 1d5e1d62 1d5b1d5e
3341440 1d601d5e 1d691d65 1d661d61 1d651d68
3341460 1d621d65 1d5d1d62 1d631d64 1d701d66
3341500 1d711d6f 1d631d6c 1d6f1d63 1d681d6f
3341520 1d6d1d6b 1d701d6a 1d711d70 1d701d78
3341540 1d791d76 1d791d82 1d721d77 1d741d78
3341560 1d761d79 1d6d1d73 1d7b1d72 1d7d1d7c
3341600 1d7e1d77 1d771d81 1d761d78 1d7a1d7c
3341620 1d7a1d76 1d7a1d79 1d7d1d81 1d811d83
3341640 1d841d82 1d841d84 1d841d85 1d7f1d82
3341660 1d841d83 1d841d83 1d811d88 1d7f1d81
3341700 1d861d87 1d811d8a 1d801d80 1d7f1d7d
3341720 1d821d7e 1d8d1d86 1d941d87 1d921d89
3341740 1d8d1d99 1d8c1d93 1d9d1d96 1d901d90
3341760 1d941d88 1d831d88 1d861d86 1d8c1d88
3342000 1d871d92 1d8b1d89 1d8e1d8c 1d8e1d91
3342020 1d8c1d8e 1d891d82 1d891d88 1d8c1d8b
3342040 1d8d1d8b 1d8b1d91 1d8c1d8c 1d921d8e
3342060 1d8c1d91 1d961d91 1d971d97 1d961d9a
3342100 1d991d95 1d9a1d93 1d921d9a 1d981d95
3342120 1d9b1d92 1d981d97 1d991d92 1d911d99
3342140 1d951d95 1d901d93 1d981d8e 1d981d95
3342160 1d961d96 1d9b1d94 1d9d1d99 1d9c1d9c
3342200 1d991d9d 1d9c1d9e 1d9e1d9d 1d9a1d9d
3342220 1d971d90 1d9f1d96 1d9b1d9a 1d9c1d9c
3342240 1d9c1d9f 1d9e1d9d 1d901d8f 1d941d8d
3342260 1d921d96 1d931d97 1d9c1d98 1d971d9c
3342300 1d9b1d99 1d971da2 1d9d1d9a 1d991da1
3342320 1d9a1d9a 1d9c1d9d 1d9a1d96 1d9f1da1
3342340 1da21da2 1d971da0 1d9c1d9b 1d9b1d9e
3342360 1d981d93 1d991d9a 1d981d9a 1d991d9a
3342400 1d991d9d 1d9c1d9a 1d9b1d9a 1d951d9a
3342420 1d941d95 1da01d9f 1d9e1da4 1da31d9d
3342440 1da11da6 1da11da6 1da01da4 1d9a1d9f
3342460 1d991da0 1dab1dac 1d9c1da3 1da91da7
3342500 1da91da6 1da31daa 1da31da5 1d9d1da5
3342520 1da91dab 1da71dac 1da51da5 1da71da7
3342540 1da31da3 1da11da8 1da21da8 1da51da3
3342560 1da71da9 1da61da3 1da61daf 1daa1db1
3342600 1db21daf 1dad1dac 1dae1dac 1db11db1
3342620 1db11db0 1dac1db2 1da91da8 1dad1da9
3342640 1db41db5 1dab1dac 1db31dab 1db21db6
3342660 1db01db7 1db21dbc 1db31db7 1dad1db0
3342700 1db01daf 1db21db5 1db81dbc 1dba1db9
3342720 1dbf1db7 1dc61dc3 1dba1dcd 1dc21dc0
3342740 1dbb1dbf 1dc91dbb 1dc41dbc 1dc31dc8
3342760 1dc41dc6 1dc61dc9 1dce1dc9 1dc41dc8
3343000 1dc31dc8 1dc11dc9 1dcd1dc5 1dcc1dcd
3343020 1dc31dc6 1dc91dbe 1dc61dc6 1dd71dce
3343040 1dd61dd6 1dda1dd2 1dd71dd7 1dda1ddf
3343060 1dd91dda 1dd91dd5 1dd71de0 1dda1ddc
3343100 1de91de2 1dea1de2 1de81de8 1de41ded
3343120 1de01de5 1de41de5 1de31def 1deb1de5
3343140 1dee1deb 1dee1ded 1ded1deb 1def1de6
3343160 1df21de6 1def1df1 1df11df8 1df81df6
3343200 1df71df6 1e001df0 1df51dfc 1df81df5
3343220 1df41e00 1dfd1dfd 1dfa1dfd 1dfc1dfa
3343240 1e011e02 1e0c1e08 1e0b1e07 1e071e05
3343260 1e011e04 1dfd1e03 1e041e07 1e121e08
3343300 1e111e11 1e0d1e10 1e0d1e0c 1e151e15
3343320 1e111e13 1e1a1e10 1e151e16 1e141e19
3343340 1e0d1e11 1e101e08 1e131e0f 1e151e16
3343360 1e241e22 1e271e24 1e251e1f 1e261e28
3343400 1e241e23 1e291e29 1e2d1e2d 1e301e34
3343420 1e321e30 1e2b1e28 1e331e32 1e281e32
3343440 1e2e1e3c 1e3d1e34 1e3c1e44 1e3d1e38
3343460 1e451e44 1e3c1e40 1e3f1e3d 1e3a1e3a
3343500 1e441e41 1e3d1e46 1e441e42 1e491e41
3343520 1e461e49 1e441e47 1e421e43 1e491e40
3343540 1e551e4c 1e511e4a 1e531e5b 1e551e5a
3343560 1e581e56 1e591e4e 1e4e1e56 1e461e57
3343600 1e4b1e4e 1e511e4f 1e541e50 1e521e52
3343620 1e511e51 1e571e58 1e4d1e59 1e591e53
3343640 1e571e52 1e571e55 1e641e65 1e681e64
3343660 1e611e62 1e5d1e60 1e5e1e5b 1e631e5e
3343700 1e671e65 1e641e62 1e641e6b 1e6e1e64
3343720 1e6a1e75 1e6a1e6f 1e651e6a 1e631e5d
3343740 1e6a1e6e 1e651e70 1e681e6c 1e611e6a
3343760 1e641e67 1e6a1e69 1e711e71 1e691e6c
3344000 1e711e6e 1e771e70 1e721e7a 1e771e73
3344020 1e7c1e7f 1e771e73 1e761e71 1e751e7a
3344040 1e751e77 1e7d1e79 1e781e7c 1e821e82
3344060 1e781e79 1e841e7e 1e821e84 1e7f1e7a
3344100 1e7d1e7b 1e821e84 1e8b1e83 1e821e87
3344120 1e7f1e7b 1e841e82 1e7f1e85 1e871e82
3344140 1e8c1e83 1e851e82 1e7d1e7e 1e871e81
3344160 1e871e8b 1e8e1e8a 1e7e1e87 1e831e84
3344200 1e861e85 1e891e86 1e8c1e90 1e871e83
3344220 1e891e89 1e891e8f 1e8e1e8d 1e871e8a
3344240 1e801e83 1e831e84 1e841e84 1e851e83
3344260 1e881e83 1e881e87 1e871e86 1e831e83
3344300 1e911e8c 1e891e8e 1e921e8a 1e901e92
3344320 1e891e89 1e871e87 1e861e8c 1e841e89
3344340 1e871e7d 1e821e88 1e911e8a 1e8c1e90
3344360 1e8f1e8b 1e8c1e8e 1e861e88 1e8c1e89
3344400 1e8b1e8d 1e921e93 1e881e92 1e921e97
3344420 1e8f1e95 1e951e89 1e901e92 1e841e86
3344440 1e7f1e82 1e821e81 1e821e7f 1e7d1e7c
3344460 1e7b1e83 1e7b1e7a 1e811e80 1e851e81
3344500 1e831e80 1e841e81 1e7f1e7f 1e821e85
3344520 1e7f1e7f 1e7a1e82 1e811e7c 1e7f1e81
3344540 1e821e7d 1e7d1e7b 1e841e7f 1e7e1e84
3344560 1e7a1e7e 1e7b1e82 1e7d1e7f 1e7d1e7b
3344600 1e7e1e79 1e7e1e79 1e7c1e84 1e811e86
3344620 1e7c1e7c 1e7a1e76 1e7d1e77 1e7a1e7b
3344640 1e7b1e79 1e7a1e81 1e7b1e73 1e7a1e7f
3344660 1e761e7a 1e811e7b 1e7e1e7d 1e781e75
3344700 1e761e82 1e7a1e77 1e791e7a 1e7d1e78
3344720 1e7d1e81 1e811e80 1e7c1e7e 1e7e1e80
3344740 1e7f1e7a 1e7d1e76 1e761e79 1e781e74
3344760 1e791e78 1e6b1e71 1e671e73 1e701e6d
3345000 1e7a1e72 1e721e6f 1e7d1e76 1e731e77
3345020 1e7c1e79 1e7c1e84 1e751e77 1e771e7c
3345040 1e7a1e71 1e711e6f 1e791e79 1e7b1e79
3345060 1e831e7a 1e831e81 1e821e81 1e781e8c
3345100 1e811e79 1e791e7f 1e841e7c 1e7e1e84
3345120 1e791e7e 1e7d1e7c 1e7f1e74 1e761e7c
3345140 1e851e7c 1e7b1e81 1e7f1e7b 1e851e80
3345160 1e841e83 1e8b1e88 1e8b1e8e 1e8f1e86
3345200 1e841e87 1e841e87 1e831e85 1e8d1e84
3345220 1e911e8b 1e911e8a 1e831e8c 1e7d1e86
3345240 1e871e87 1e921e8a 1e8d1e91 1e901e97
3345260 1e891e8d 1e8a1e93 1e8f1e90 1e971e91
3345300 1e9c1e9b 1e9a1e98 1e9c1e9d 1e981e97
3345320 1e951e96 1e9c1e93 1e9a1e9c 1ea21ea6
3345340 1eab1ea4 1e9f1ea4 1ea21e9e 1ea41ea0
3345360 1ea61ea6 1ea81eab 1ea61eab 1ea91ea8
3345400 1ea81ea6 1ea11ea8 1eb01ea8 1eac1eaa
3345420 1ea91eaa 1ea91eaf 1eab1eab 1eb51eb1
3345440 1eb21eb8 1eac1eb3 1eb11eb2 1ea61eae
3345460 1eb01eb0 1eb91eac 1eba1eb2 1eb81ebc
3345500 1eba1ec0 1ec21eb7 1ebf1eb7 1ec21ebe
3345520 1ebe1ec0 1ec11ebf 1ed11ed0 1ed11ecf
3345540 1ecf1ed0 1ed01ed5 1ecf1ed5 1ed81ed0
3345560 1ed41ed2 1ed31ecb 1ed21ed4 1ede1ed8
3345600 1ed11ed1 1ecc1ecc 1ed21ece 1ed21ed4
3345620 1ed91ed4 1ee11edc 1edb1ed5 1ee21ede
3345640 1ee61ee6 1ed81eee 1ee81edd 1ede1ee1
3345660 1ee51ed9 1ef11ee5 1ef21ef2 1eec1ef1
3345700 1eed1eef 1eef1ee9 1eec1eef 1eef1eee
3345720 1eef1eee 1ef01eec 1eed1ee8 1ef91eef
3345740 1ef51efa 1ef51ef9 1efe1ef9 1efd1f01
3345760 1efe1f00 1ef81ef9 1ef51ef4 1f001ef6
3346000 1efd1efd 1efb1f00 1efb1f00 1f061f00
3346020 1f0a1f05 1f081f05 1f0a1f06 1f041f04
3346040 1f0a1f08 1f0d1f04 1f081f05 1f0b1f07
3346060 1f0d1f08 1f151f11 1f121f0d 1f111f0f
3346100 1f121f10 1f111f10 1f161f11 1f101f11
3346120 1f1d1f16 1f1c1f21 1f1d1f1c 1f1a1f1e
3346140 1f1a1f17 1f151f19 1f1c1f16 1f1c1f1d
3346160 1f1c1f17 1f221f16 1f211f23 1f231f2c
3346200 1f2c1f2f 1f341f29 1f2b1f2e 1f2d1f2a
3346220 1f261f27 1f221f21 1f251f21 1f251f20
3346240 1f1c1f23 1f261f25 1f2d1f2e 1f2c1f2d
3346260 1f2a1f28 1f261f2e 1f301f34 1f331f35
3346300 1f361f3b 1f301f33 1f311f2f 1f301f2d
3346320 1f321f30 1f2f1f31 1f331f31 1f361f35
3346340 1f351f34 1f381f39 1f311f34 1f311f31
3346360 1f281f26 1f3c1f3b 1f361f3a 1f391f38
3346400 1f3e1f31 1f391f32 1f3e1f3d 1f411f40
3346420 1f3d1f3b 1f3c1f41 1f381f43 1f3d1f3c
3346440 1f431f42 1f3e1f45 1f3d1f3f 1f371f36
3346460 1f421f43 1f3e1f40 1f3f1f40 1f401f3d
3346500 1f401f41 1f411f43 1f3d1f49 1f431f45
3346520 1f471f42 1f401f43 1f391f44 1f421f41
3346540 1f3e1f3c 1f411f39 1f421f40 1f401f44
3346560 1f3b1f42 1f431f43 1f401f3a 1f391f38
3346600 1f361f3c 1f3f1f3c 1f3a1f3f 1f421f38
3346620 1f381f3f 1f441f43 1f391f3f 1f3d1f40
3346640 1f311f33 1f361f33 1f311f35 1f341f33
3346660 1f411f3e 1f3d1f3b 1f371f3a 1f371f38
3346700 1f321f31 1f2c1f33 1f331f29 1f371f3b
3346720 1f351f37 1f3c1f3d 1f3c1f39 1f361f34
3346740 1f341f36 1f341f34 1f321f33 1f351f2a
3346760 1f301f30 1f391f38 1f331f33 1f311f32
3347000 1f261f2a 1f2a1f25 1f281f28 1f271f2b
3347020 1f341f33 1f291f2d 1f301f2e 1f311f32
3347040 1f2a1f32 1f2d1f36 1f2d1f27 1f2d1f2c
3347060 1f2a1f28 1f231f22 1f301f27 1f281f2e
3347100 1f271f21 1f281f2c 1f2a1f2f 1f311f33
3347120 1f2f1f28 1f2e1f2b 1f261f2c 1f201f24
3347140 1f211f27 1f221f27 1f2b1f28 1f241f23
3347160 1f1e1f23 1f201f26 1f191f1f 1f231f1d
3347200 1f241f21 1f211f23 1f221f29 1f1e1f20
3347220 1f241f1e 1f1a1f1f 1f251f1c 1f241f29
3347240 1f261f25 1f241f26 1f201f24 1f241f2a
3347260 1f1c1f1c 1f1e1f1e 1f1d1f14 1f271f22
3347300 1f281f20 1f271f23 1f201f23 1f211f25
3347320 1f261f1d 1f251f22 1f271f26 1f161f1d
3347340 1f1d1f1d 1f181f1d 1f251f1e 1f1e1f27
3347360 1f261f2a 1f2c1f2a 1f281f2a 1f221f29
3347400 1f221f26 1f2a1f20 1f201f1f 1f211f24
3347420 1f231f21 1f291f25 1f291f27 1f271f25
3347440 1f221f23 1f251f25 1f291f29 1f261f27
3347460 1f301f29 1f2d1f28 1f281f27 1f2c1f30
3347500 1f381f33 1f321f2f 1f301f36 1f391f35
3347520 1f2f1f3b 1f301f2e 1f2b1f30 1f2d1f30
3347540 1f361f2e 1f2d1f2f 1f2b1f31 1f351f33
3347560 1f391f3b 1f3f1f39 1f3d1f3d 1f351f38
3347600 1f3c1f37 1f341f3c 1f451f38 1f3f1f47
3347620 1f3e1f3c 1f451f3d 1f451f3b 1f401f3e
3347640 1f401f46 1f451f46 1f441f48 1f4b1f4a
3347660 1f461f4e 1f421f4d 1f491f4a 1f4f1f4d
3347700 1f4f1f51 1f451f49 1f481f47 1f4e1f4e
3347720 1f501f50 1f511f52 1f521f4f 1f531f53
3347740 1f571f55 1f591f53 1f511f50 1f571f58
3347760 1f5c1f56 1f5c1f5f 1f641f5e 1f601f64
3350000 1f601f5c 1f621f61 1f5f1f60 1f5d1f5f
3350020 1f5d1f61 1f651f5e 1f661f6e 1f731f72
3350040 1f671f67 1f5e1f65 1f6e1f6d 1f661f6b
3350060 1f751f6e 1f6c1f6e 1f691f70 1f6a1f6e
3350100 1f701f6c 1f701f70 1f741f6e 1f751f71
3350120 1f791f72 1f7a1f7a 1f781f77 1f7c1f7e
3350140 1f801f7e 1f831f85 1f851f87 1f851f81
3350160 1f881f84 1f891f8d 1f821f8b 1f881f87
3350200 1f871f88 1f8b1f8b 1f8e1f8e 1f881f87
3350220 1f8c1f82 1f921f8f 1f921f94 1f961f90
3350240 1f8d1f95 1f8b1f87 1f951f8e 1f941f94
3350260 1f9e1f96 1fa11f98 1fa31fa0 1fa11fa2
3350300 1f991f94 1f971fa1 1f9b1fa0 1fa21f9a
3350320 1fa11fa4 1fab1f9f 1fa81faf 1fa41faa
3350340 1fa51fa0 1fac1fae 1fa71fad 1fa61fa9
3350360 1fa91fa9 1fb11fae 1fb31fb4 1fad1fb2
3350400 1fb11fb0 1faf1fb6 1fb81fbd 1fb61fba
3350420 1fba1fb6 1fbc1fb7 1fbf1fc3 1fc21fc0
3350440 1fc01fc4 1fbf1fbf 1fc01fbe 1fc11fc4
3350460 1fc51fc9 1fc11fc2 1fc31fb9 1fc11fc3
3350500 1fc91fc0 1fc81fca 1fcc1fcf 1fd41fd2
3350520 1fcc1fcf 1fd11fd3 1fcb1fd0 1fcc1fc7
3350540 1fd61fd5 1fda1fdc 1fd51fd7 1fda1fd6
3350560 1fc41fd0 1fcd1fcf 1fcb1fd3 1fcc1fd0
3350600 1fce1fce 1fd01fc7 1fd91fd6 1fdc1fd6
3350620 1fd71fd8 1fd71fd9 1fdb1fdd 1fd51fd6
3350640 1fde1fdd 1fe21fe1 1fdd1fe1 1fe41fd9
3350660 1fe11fe2 1fdb1fe0 1fdd1fdc 1fdc1fda
3350700 1fda1fdb 1fdd1fdc 1fdb1fe3 1fe01fdb
3350720 1fe11fde 1fe11fe2 1fdf1fe2 1fe41fe6
3350740 1fef1fe9 1fe51fe9 1fe51fe1 1fe11fe6
3350760 1fe41fe4 1fe61fe8 1fea1fe9 1fe61fe6
3351000 1fe81fe8 1fe51fe5 1fe11fdc 1fe41fe8
3351020 1fdc1fe4 1fe71fd5 1fe11fe3 1fe91fe3
3351040 1fe01ff1 1fe51fdf 1fe71fea 1fe61fec
3351060 1fe11fe1 1fe81fea 1fe51fe7 1fdf1fe3
3351100 1fe01fdc 1fe31fe2 1fe51fe1 1fe31fdc
3351120 1fea1fe5 1fe11fe2 1fdf1fe0 1fdf1fdf
3351140 1fd61fde 1fdb1fd1 1fdf1fdc 1fda1fe9
3351160 1fe01fe3 1fe21fdd 1fe11fe1 1fdc1fe1
3351200 1fdb1fda 1fdd1fe4 1fdf1fe0 1fde1fd6
3351220 1fda1fdc 1fe11fdd 1fe61fdd 1fdd1fe7
3351240 1fdc1fda 1fd31fdb 1fdb1fdb 1fdc1fdb
3351260 1fe31fd5 1fdf1fd3 1fdb1fdd 1fd81fd9
3351300 1fd31fd9 1fd41fd7 1fd81fd5 1fd71fdb
3351320 1fe01fdf 1fd91fe3 1fdb1fd4 1fd81fd0
3351340 1fda1fd8 1fcd1fd1 1fcc1fcc 1fd91fd7
3351360 1fd81fce 1fd51fce 1fd41fd3 1fd51fcd
3351400 1fd31fd2 1fd71fd1 1fd71fd2 1fd51fda
3351420 1fd21fdb 1fd51fd9 1fdb1fdb 1fdc1fd3
3351440 1fce1fd2 1fd61fd4 1fd21fd4 1fd11fd6
3351460 1fdc1fd1 1fd61fd4 1fd41fd6 1fd71fce
3351500 1fcc1fcf 1fcd1fc6 1fce1fcb 1fcf1fcd
3351520 1fd11fce 1fcc1fca 1fca1fc9 1fdb1fce
3351540 1fcc1fd3 1fce1fd8 1fcb1fce 1fcd1fcc
3351560 1fce1fce 1fd01fd4 1fd01fcb 1fcc1fce
3351600 1fcf1fc9 1fcb1fc9 1fd61fce 1fd01fd4
3351620 1fd31fd2 1fcf1fcc 1fd31fd0 1fd91fd6
3351640 1fd81fdb 1fcc1fd2 1fd21fce 1fd11fce
3351660 1fd81fd2 1fd71fd9 1fd01fcf 1fd51fd4
3351700 1fd11fd6 1fd41fd2 1fd61fcf 1fd81fd8
3351720 1fd91fd3 1fdc1fd6 1fd41fd6 1fdb1fdb
3351740 1fdd1fda 1fda1fdf 1fda1fd4 1fda1fd8
3351760 1fd91fda 1fdb1fdb 1fdb1fdd 1fd81fd5
3352000 1fd21fd4 1fdd1fd8 1fd01fd2 1fda1fe0
3352020 1fd31fd9 1fd51fde 1fdf1fdc 1fe31fdd
3352040 1fdc1fde 1fdb1fd9 1fe41fdf 1fe31fe2
3352060 1fde1fdd 1fdb1fdb 1fdf1fe8 1fe61fe8
3352100 1fe81fe3 1fea1fe7 1fea1fe9 1ff01fe6
3352120 1fed1fe7 1fef1fec 1fe61feb 1fec1fe7
3352140 1fef1fe4 1fec1ff3 1fec1fed 1fe91fed
3352160 1fe71fec 1fef1fec 1ff61ff2 1fed1ff2
3352200 1ff41ff4 1ff61fed 1fef1fef 1ff51fed
3352220 1ff41ff7 1ff61ff3 1ff31ff6 1ff71ff5
3352240 1ffd1ffa 200b1ffc 1ffe2007 20072003
3352260 1ffd2007 1ffb1ffd 1ffa1ff8 20022001
3352300 20011ffe 1fff1ffd 20052005 20062004
3352320 20112009 20042009 20061fff 20042005
3352340 20011ffc 20032003 20042008 200a2005
3352360 200a2008 20092006 2007200f 200c200f
3352400 200f200d 20152012 201a2017 20192014
3352420 201b2018 201a2016 20192018 201e201b
3352440 20242024 201b201e 201a2024 2026201d
3352460 20242026 2022201f 2023201f 2022201e
3352500 201e2022 2018201d 2025201e 202c2021
3352520 201a2029 20252027 201e201b 2026201c
3352540 202c2025 202a2030 2027202f 2031202e
3352560 20372032 202a2029 2030202d 202c202d
3352600 20342033 203a2037 20352039 202c2032
3352620 20312034 203f2034 2042203c 2038203a
3352640 20372038 203a203e 203c203c 203b203f
3352660 203f2043 2042203b 20472045 204a2040
3352700 20412041 203a2041 20402043 204a2047
3352720 2050204a 204a2049 20492047 20422041
3352740 2049204b 204d2048 204f2049 20532058
3352760 20542058 204e2047 20512050 2051204a
3353000 20542051 20592054 205b2059 205b205b
3353020 20522059 20562054 2054205b 205c205c
3353040 20592059 20512050 20532055 20592057
3353060 205a2058 205d2059 205c2053 2064205a
3353100 20642064 20632061 2066205d 20632064
3353120 2060205d 20632061 20692066 20672066
3353140 2064205d 2062205d 20662063 20622062
3353160 20652065 20662064 20622069 20612064
3353200 20682067 2063206a 205f2062 20632062
3353220 20612066 206d2068 206e206d 20622061
3353240 2061206a 205d2060 2060205f 205a2063
3353260 2064205e 20622064 20602061 20682066
3353300 205c205d 2057205a 205b2060 20672066
3353320 20632061 20662066 20652064 20622066
3353340 2067205f 205c2062 205f2059 205d205e
3353360 205f205c 205f205c 205d2060 205c205f
3353400 2064205c 205e2062 20622063 20642063
3353420 205d2062 205c2059 205e205c 205d2066
3353440 2058205f 2060205d 2060205e 20622061
3353460 205f2062 205e2062 2064205e 2056205e
3353500 205d205d 20562059 2062205d 2061205d
3353520 205a2059 205d205d 2062205a 20582060
3353540 2060205a 205e205a 205c2061 205e205d
3353560 20582057 20632059 2062205e 205a2060
3353600 2059205d 20592055 20602053 205d2059
3353620 20572058 20562050 20592057 2058205a
3353640 205d205c 205e2059 205b205f 20592055
3353660 2057205f 2063205c 2059205e 205b205c
3353700 2054205b 205a2056 20582055 20582054
3353720 20502057 205a2060 20542056 20522054
3353740 2053204e 20512058 20592053 2051204f
3353760 2053204c 20562055 2055204f 2058205a
3354000 20522052 20542059 20582059 20502054
3354020 20502050 2056204e 20552053 20572054
3354040 205b205c 20642060 205b205c 205a205f
3354060 205a205f 20542053 20572058 205e2057
3354100 205a2056 205e205a 205a2058 2059205d
3354120 20552059 205a2054 2061205c 2058205a
3354140 2058205e 205c205c 20602066 2064205d
3354160 205b205d 20642060 205b2063 205c205d
3354200 2057205d 2051205f 2063205a 20642065
3354220 2068205e 20662064 205c2062 20642063
3354240 20612061 2062205f 205d2061 205d2057
3354260 20682062 205e205e 205f2062 205c205c
3354300 20612068 206b2066 20692066 20622062
3354320 20672064 20652063 205c2066 205f205c
3354340 2061205f 205d2060 205f205c 20642066
3354360 206b2065 206b206d 2067206a 2068206d
3354400 2077206f 20782076 20772074 2070206f
3354420 206e206c 2073206f 20762078 207c207c
3354440 20712079 20782075 20762079 206e2066
3354460 207e2075 2072206e 206f207a 206b2070
3354500 20762072 20762077 20752079 206f2073
3354520 20732071 2080207b 208a2082 207e207c
3354540 207d207e 20812086 20822082 20892084
3354560 20842081 20822083 20812089 20832089
3354600 20852082 2085207f 20822081 208b2089
3354620 208d208b 208a2088 20832087 20812084
3354640 208c2091 208a208b 208d208b 208b2088
3354660 20852089 208c208c 208a208b 2081208a
3354700 20832090 208a2089 2088208d 2083208b
3354720 209c2093 208b2097 20992095 208a2095
3354740 2094208e 208d2092 20932090 20942095
3354760 208d2090 2094208c 209b2094 209a209c
3355000 20962095 209e209a 20972095 20962093
3355020 2098209d 209a209a 20a2209c 209f209e
3355040 20a520a0 209d209c 209c209e 20a320a2
3355060 20a220a1 20a920a3 20a920a8 20a720a9
3355100 20a720a6 20ab20a9 20aa20a7 20ab20af
3355120 20a220aa 20ac20a7 20b020a9 20b320ac
3355140 20b220b6 20ae20b2 20b320b1 20ae20af
3355160 20ad20aa 20aa20aa 20a920b0 20a620b5
3355200 20b520b7 20b220b1 20b920b1 20b020b2
3355220 20b520b0 20b320b0 20b320b1 20b820b5
3355240 20c120b5 20bc20bd 20ba20b6 20b820b5
3355260 20b320b7 20b320b9 20b220b4 20bb20b5
3355300 20bf20b7 20b120ba 20c020bb 20b920c0
3355320 20b720b7 20c120bc 20b620ba 20ba20b7
3355340 20bf20c2 20c120bc 20c620c3 20bd20c4
3355360 20bf20c5 20c820c3 20c520ca 20c520c6
3355400 20c820c7 20c420cf 20c820c2 20c220c6
3355420 20c620c1 20c720c8 20c920c1 20c320c9
3355440 20c120b7 20b920c3 20bf20be 20c120bd
3355460 20c520c6 20d020c7 20ce20ca 20ce20cb
3355500 20c820c8 20d020cf 20cd20d0 20c920c9
3355520 20bf20c4 20c320c4 20c220c0 20bf20c1
3355540 20bf20c3 20bc20be 20c720bd 20cb20ca
3355560 20c220cf 20c020c8 20c420c9 20ca20c5
3355600 20c920c7 20c620ca 20c420bf 20be20bc
3355620 20bf20c5 20bd20bc 20be20c0 20c220c0
3355640 20b920b9 20c420bb 20c220c2 20c220bc
3355660 20bf20c0 20ca20c5 20c420cb 20c320ca
3355700 20c020c0 20ba20bb 20be20b9 20c020c0
3355720 20c620be 20c520c6 20c520c7 20c520c4
3355740 20c920c9 20cd20c4 20c720c4 20ce20c1
3355760 20c320c6 20c120bd 20be20c2 20bc20bd
3356000 20bd20c0 20bd20bf 20bf20bb 20c720c3
3356020 20c420c2 20bf20c1 20c120c1 20b920b8
3356040 20c520c4 20c820c7 20c320c1 20c020c9
3356060 20c620c6 20c620c6 20c020c1 20c120c0
3356100 20b620bb 20bf20be 20ba20c4 20c720ba
3356120 20c820c4 20c620c7 20c520c8 20c920c5
3356140 20cb20cc 20c720c6 20d020c3 20c320cb
3356160 20cd20cb 20ce20cc 20cc20c7 20c220c4
3356200 20bd20c0 20c820c2 20c820cd 20c720c2
3356220 20c620c4 20c220c4 20cb20ca 20ce20c3
3356240 20cc20cb 20cc20cd 20c620c9 20ce20cc
3356260 20d320cb 20cd20ce 20ce20d2 20d420d1
3356300 20d720d4 20cb20cc 20d220cf 20d020d6
3356320 20cf20d6 20d220cf 20dc20d7 20db20d1
3356340 20cd20cb 20cb20ce 20d620d6 20d520d1
3356360 20ce20d1 20cb20d0 20ca20d0 20c620cd
3356400 20da20d0 20d120d3 20d720d1 20d420d6
3356420 20e020d6 20d620d7 20d520d6 20d920d1
3356440 20cf20d4 20d820db 20dc20d8 20d920de
3356460 20d620d4 20db20df 20df20e0 20e120e2
3356500 20e120e3 20e120db 20d920e2 20df20e0
3356520 20d820db 20db20da 20de20d8 20dd20e3
3356540 20d920e0 20db20d9 20e820dc 20e520e5
3356560 20de20e2 20e620e0 20e920e3 20df20e0
3356600 20e520e5 20e720de 20ea20eb 20ea20e5
3356620 20e920e7 20e920e6 20ea20f0 20ee20ef
3356640 20f220ee 20ee20ed 20ee20ed 20ef20f4
3356660 20eb20ec 20f820f5 20eb20e7 20eb20f0
3356700 20e520eb 20ef20f1 20f820e9 20ea20eb
3356720 20e620e4 20e120e4 20ea20e4 20e720e8
3356740 20ed20e5 20ed20ee 20f220f4 20fa20f4
3356760 20f320f9 20fb20f3 20f020f3 20ed20f2
3357000 20f120f2 20f020fa 20f320f4 20ee20ef
3357020 20ee20f9 20f020f1 20f820fb 20f520f8
3357040 20f720f4 20f720f9 20fa20fd 20fb20f8
3357060 20f920fa 20f920f6 20f520f6 20f520f7
3357100 20f920f4 210020f7 20fc20fc 20fa20fc
3357120 20f920fc 20fc20f8 20f220f4 20fd20ff
3357140 20f420f9 20f820fb 20fa20f4 20fc20fc
3357160 20fc20ff 210320fd 20f820fd 210620fe
3357200 210b2108 20fd2105 20fd20f5 210020f9
3357220 21042101 210720fe 20f820fc 20fe2109
3357240 210f2103 2103210a 20ff2106 20ff20fb
3357260 20fc2102 21052102 20f620ff 20fd2100
3357300 21052103 20ff2105 21032104 21102109
3357320 210e210a 21082108 21092104 21142110
3357340 21112111 210f210d 210d2114 210f210f
3357360 21182110 21162113 2118211d 21182110
3357400 21122120 21152116 21172116 21102115
3357420 21162114 2114211c 211a2117 21172117
3357440 211a2114 21102114 2112210f 211d211b
3357460 211a2112 211b2120 2113210e 2116210f
3357500 21122111 2114210e 211a2113 2117210f
3357520 21132116 2117211f 21122116 2109210c
3357540 2116210f 21182119 2112211a 21092115
3357560 2115210b 21152110 21122112 21132112
3357600 21182118 211a2120 21182118 21192118
3357620 21122114 2111210c 21112112 21102107
3357640 21162114 211a2117 21182120 21132117
3357660 211f2119 211a2119 21182115 2115211a
3357700 21112116 21112110 21102111 21112115
3357720 2112210d 2113210c 21162115 21212116
3357740 2120211c 2119211c 211c211c 21182119
3357760 210d2110 21172113 210d2113 2107210b
3360000 21062106 210f2109 211c2118 21182117
3360020 210a210a 21092106 2110210e 21112111
3360040 21142110 210d210f 21112105 21152114
3360060 21152110 211c211a 21112112 21092115
3360100 2114210f 2105210d 21192108 210c210e
3360120 21072110 2114210d 21112115 b01104cd
3360140 00000fcc 0001000a 00010000 03b16051
3360160 00000ffc 0001000a 1400003c add01f00
3360200 add01f01 add01f02 add01f03 add01f04
3360220 add01f05 add01f06 add01f07 add01f08
3360240 add01f09 add01f0a add01f0b add01f0c
3360260 add01f0d add01f0e add01f0f add01f10
3360300 add01f11 add01f12 add01f13 add01f14
3360320 add01f15 add01f16 add01f17 add01f18
3360340 add01f19 add01f1a add01f1b add01f1c
3360360 add01f1d add01f1e ff000134 00000020
3360400 00000002 d26faabd 00000001 deadbeef
3360420 f0000002 d26faaa9 1501905f 00000000
3360440 00000134 00001f48 a01004ce 21f52116
3360460 21ff2202 22012201 220121ff 22012206
3360500 22002201 22042200 220b2207 22092207
3360520 21fb2202 21f921fb 21ff2203 220521ff
3360540 22082209 22052207 21f92208 220321fd
3360560 220021f8 22022201 22072203 22012203
3360600 22062204 220a220b 2210220c 22032207
3360620 22032200 220b220e 22132212 2214220c
3360640 22102217 220f220e 2205220a 2212220e
3360660 2216220f 22172214 22102211 220a2210
3360700 22192211 2220221a 221c221d 2213221d
3360720 221b221d 221d2220 22162218 221a2215
3360740 220b2219 221f221a 221d221d 22192215
3360760 22222220 221d221a 2220221e 221d2218
3361000 2222221e 22142217 221d2214 22222220
3361020 22242220 2221221c 221b221e 2220221c
3361040 221c2224 22192220 22232218 221f221f
3361060 2216221e 2223222d 221d2218 2218221b
3361100 2222221f 220e221d 221f2217 221f2219
3361120 22202220 221d2226 21ee220c 21c321d9
3361140 21a821b1 219e21a1 21892191 2186218f
3361160 21842184 217d217f 217d217e 2184217e
3361200 21842183 2180217f 217e217d 217e217e
3361220 2180217c 21762180 21762177 21702175
3361240 2179217a 2176217e 21762178 21732172
3361260 2171216c 216f2173 216c216f 216d2172
3361300 216e2171 216f216e 216d2166 216c216a
3361320 2160216c 215d2165 215f2161 21622162
3361340 216a2162 21612160 21632162 21632160
3361360 2162215d 215d215a 215c2163 215b2162
3361400 2157215b 21512152 21572154 214e214f
3361420 2153214c 21522153 21552152 215a2156
3361440 215d215a 215a2159 21592159 21542155
3361460 21522154 214d2150 215b2154 21532150
3361500 214b214d 21442147 213c2144 213e2146
3361520 2145213f 213d213b 213d213b 21462146
3361540 21472143 213b2147 21472140 213f2142
3361560 213d2139 21372138 213c2136 213a213d
3361600 2139213a 213d2138 21402138 2135213d
3361620 21422131 2134213c 21382137 213b213a
3361640 21362135 21342133 21342139 21302132
3361660 21302132 212c212a 212d212f 212b2128
3361700 21292127 2132212b 212a212f 212c212a
3361720 212b2133 21272124 21242126 212c2123
3361740 2134212d 21322132 21292130 2126212a
3361760 21222126 212e212d 2125212d 2124212f
3362000 212b2128 21232123 2122211e 211f211f
3362020 2126211f 21272124 21222121 212a2124
3362040 21282128 21212121 21262121 211c2128
3362060 212d2122 21212127 2123211e 21272128
3362100 21242124 211f2120 21172120 2120211e
3362120 21232127 21262121 21272124 21262128
3362140 21212122 2124211e 21232125 21252123
3362160 212d2121 2130212e 212b2130 21292127
3362200 2127212a 21282128 21272126 212c212e
3362220 21242125 21242122 21222125 21242126
3362240 2125212a 212a212a 2132212b 2130212d
3362260 2130212c 21312134 21302134 2132212b
3362300 21312131 212f2133 212e2130 2131212d
3362320 21362127 21352135 212f212f 21372136
3362340 2134212f 21332135 21372137 21302138
3362360 212d2130 2132212d 2131212e 213a2136
3362400 213a213a 21392138 213a2134 2133212d
3362420 21332132 213a2136 2139213a 213c213a
3362440 2138213a 21402137 2139213f 21392135
3362460 21372137 2130213b 21352136 21362139
3362500 2142213a 213a2141 2141213b 213c2142
3362520 2148214a 214c214d 2144214a 21442142
3362540 2149214a 21432147 214d214b 2150214d
3362560 21562152 21512151 214b214c 21512157
3362600 214d214c 214f214c 21582151 21542152
3362620 214b2152 2151214c 214b214e 214c214c
3362640 2152214e 21532152 2151214f 21582156
3362660 215b2159 21522157 215a2157 215d215e
3362700 2159215b 21592157 2158215d 215d215a
3362720 215c2159 21602158 215f215f 21532162
3362740 215a215a 2161215b 21662165 216f216c
3362760 2168216f 216a216e 21612164 2165215e
3363000 21612162 2163215d 21642168 2163215e
3363020 216d2166 21692168 2160216a 216f2171
3363040 216f216d 21772176 216c216c 2169216b
3363060 216b216e 21732170 21702171 21712166
3363100 216c2173 21732177 21702174 21782175
3363120 217d2178 217b2181 217a217f 21762175
3363140 217d2178 2180217f 217a2180 217d217d
3363160 217d217e 2180217f 218a2183 21832180
3363200 218b2186 218c218a 21892185 21792181
3363220 217d217d 217f2184 217f217e 2186217c
3363240 21892185 217d2182 217b2182 21852187
3363260 2187217f 21922189 218a2195 2186218c
3363300 218a217c 218e218d 21832186 21872187
3363320 2183218c 218c2185 218b2189 21802180
3363340 2189218f 217f2184 218f2187 21972194
3363360 218c2192 218f2190 21932191 218d2194
3363400 218d218c 218c2191 2187218a 21822187
3363420 218a217e 21882187 21812182 218d2185
3363440 218c218f 21952190 21922195 218e218b
3363460 218d218f 2184218b 21912187 218c218e
3363500 21892189 21862189 218d2192 218a2191
3363520 218d218e 218c218c 21892186 21822181
3363540 21832184 21872184 217e2183 21882182
3363560 21832182 21862185 21822181 2180217b
3363600 21832182 217e217c 21822184 21852185
3363620 21802181 217c2180 2178217c 21792176
3363640 21752172 21782175 217e217b 21752178
3363660 2177217f 2180217c 21702175 216d216d
3363700 2171216d 2170216f 21732174 216e216e
3363720 216b2174 21682169 21682169 216b2167
3363740 216c2168 216f216e 2168216f 216b2169
3363760 21692167 216a2167 21622166 215f2169
3364000 21682166 216b2163 21622165 21662162
3364020 21622163 21682162 21692167 215f2165
3364040 215f215b 21612163 2163215e 216a2164
3364060 21632163 21632163 21612166 215e215e
3364100 21592159 2158215c 2154215c 21572164
3364120 2159215b 215b2159 21592156 2154215b
3364140 215b2159 2153215a 21582152 214e214d
3364160 21532154 21502157 214f2154 21512151
3364200 214c214c 214f214d 214f2158 2155214e
3364220 2154214e 214a214c 2149214c 214e214f
3364240 21542154 21512151 214b214c 214b2151
3364260 214d2158 21442148 214c2150 21462142
3364300 214e2151 214a214e 2147214c 21442143
3364320 21472144 2149214b 214b2148 214c2148
3364340 2152214a 214b214c 214c214c 21462146
3364360 2148213e 21442143 214c2145 214d214c
3364400 214a214e 2147214b 214c213f 21462144
3364420 21472146 21482147 214c2149 214f2147
3364440 214b214a 214c214b 214b2149 2154214c
3364460 2155214f 214f215a 21562152 2141214c
3364500 2145214b 214c2147 21442149 2146214c
3364520 2152214e 214d214e 214b214e 21452149
3364540 2145214a 214f214a 2148214a 21492149
3364560 21472143 2148214a 21562150 21522154
3364600 214d2150 214c214b 21572152 2153215a
3364620 214f214b 214f214b 21532150 214e214a
3364640 2152214e 2151214c 2153214a 214d214f
3364660 21542152 21562150 21512152 215a2159
3364700 21572152 214f2154 215a2157 2154215a
3364720 21512154 21502154 21572152 21552157
3364740 2158215a 215b2157 21572159 215c2163
3364760 21552156 215d2160 21602163 215a2159
3365000 21562163 215b2152 215d215e 215e2162
3365020 215e2163 21612160 21632162 21672164
3365040 21652161 21642167 21682169 215f2166
3365060 2168216f 21682161 2163216a 215c2165
3365100 21662165 21652169 2169215f 21672167
3365120 21642169 216d2162 21662168 21692162
3365140 216a2164 21752169 216f2176 21732171
3365160 216e2173 216b216b 21732170 21722170
3365200 21782174 21732177 21792178 21702175
3365220 216c2175 2172216f 21712174 217c2173
3365240 21762184 2174217e 217b217b 2176216d
3365260 217d217e 2178217f 217d2179 2182217b
3365300 217e2180 21792179 2180217b 2186217d
3365320 21832189 21882185 21812183 2184218b
3365340 2185218a 21892185 2184217f 218c217f
3365360 218b218c 218e2190 2194218b 218b218a
3365400 218b218b 218e218c 218b2188 2189218b
3365420 218e218b 2192218e 218f2192 218d218a
3365440 218b218b 21972193 21952190 21962193
3365460 21a0219c 21922196 21952191 21972195
3365500 21982199 21982193 219d21a2 21982197
3365520 219c219d 21942193 21912197 2190218a
3365540 21952192 21972194 21992195 219d219d
3365560 219d219d 21932197 21982196 2193219a
3365600 21952195 21932196 219a2195 21a1219b
3365620 21962198 21942199 218f2191 2193218b
3365640 21912193 2194218f 2194219a 219c21a0
3365660 219e21a3 21a721a1 219d21a3 21a521a4
3365700 21a4219f 21a021a7 219e21a0 2197219e
3365720 219c219e 21a0219b 21a021a8 219a219f
3365740 2195219d 2199219a 219f21a2 2198219c
3365760 21982199 21922195 21992191 21962193
3366000 219c2190 21982197 21942195 21932196
3366020 21942195 21952194 218a218e 218b2191
3366040 21962192 219e2194 219b2198 2197219a
3366060 218e2190 218d2194 21982194 218e2189
3366100 21962194 21982194 21982195 21892190
3366120 2191218c 218c2194 2185218e 21872188
3366140 21912185 218a218c 2190218a 21842183
3366160 2180218b 2188218a 21862189 21902189
3366200 21802184 2185217a 218d2188 21862191
3366220 218a2188 2187218c 218f2182 218a218a
3366240 218e2184 2184218a 21802184 21812182
3366260 2185217b 2185217d 217d2180 2181217a
3366300 21892184 21862184 2186217f 21822183
3366320 21862182 2179217b 2188217f 21842185
3366340 21862183 217c2185 217a217e 21762180
3366360 217b2175 2181217c 217f2185 21772180
3366400 216e2176 2176216f 21752177 21752176
3366420 2178217c 2176217b 217a217e 217c217b
3366440 216d2173 217a2173 21762174 217e217b
3366460 217b2179 2177217b 217b2176 21752178
3366500 21762170 217d217c 2176217b 217a2177
3366520 216b216b 2174216b 217b2177 217c2179
3366540 21772180 2177217e 2177216e 2173216d
3366560 21722173 21742173 21782170 217d2177
3366600 2179217c 21762180 2179217f 2180217c
3366620 2185217a 2180217f 21812183 21802181
3366640 2182217e 21842183 217b2179 2175217a
3366660 217b217b 217f2178 21792176 21792176
3366700 217c217a 217b2173 21772174 217a217b
3366720 216f2181 2178217c 217e217e 21782178
3366740 2187217b 217b217f 2175217c 21832178
3366760 217f217f 21832181 217d217e 2178217d
3367000 2183217b 217c217a 2180217a 21712178
3367020 21712169 2178217a 21742175 217b217b
3367040 217c2170 217e217b 21812181 21872180
3367060 21922183 21882188 2187218a 21872186
3367100 218c218a 21862184 217c2183 217b2182
3367120 217f2185 217e217d 217a2180 2182217c
3367140 217f217d 217f2181 217a2179 21782173
3367160 2178217a 21802178 21862180 2178218b
3367200 2183217a 217f2187 2180217f 217e217a
3367220 2183217e 21862186 21902188 218f218f
3367240 21832189 218c2183 2188218c 21872184
3367260 2188218d 218a2190 21832183 21872183
3367300 21862188 218a2185 21892188 218a2187
3367320 218b2186 21922191 218d218b 218d2191
3367340 218c218e 218f218b 2186218a 21822183
3367360 2184218d 21872183 21852184 21892188
3367400 218a218a 21922193 218e2195 21942190
3367420 218e2193 21892189 2187218f 2188218a
3367440 219e2187 2190219c 218f218b 2196219c
3367460 219e2195 219d2199 21962198 21962197
3367500 21a4219c 219c219e 219e2199 2196219b
3367520 2193219c 219f21a0 2197219b 219b2191
3367540 2196219b 21962190 219a219d 219b2195
3367560 219c219c 21a7219e 219a21a0 21a621a6
3367600 21a021a4 21a621a2 21a721a5 219c219f
3367620 21a321a8 219d219b 21a3219e 21a2219b
3367640 219e2199 21a521a2 21a221a5 21a6219f
3367660 21a1219d 21a1219f 219e21a5 21ab21a6
3367700 21a821ab 21a221ac 21a12199 219d21a6
3367720 21a3219c 21a121a3 21a021a2 21a621a6
3367740 21aa21a5 21a821ab 21ab21aa 21af21ad
3367760 21af21ac 21a721a8 21a921b0 21ab21a6
3370000 21a721ab 21aa21a8 21ad21b0 21ab21ab
3370020 21ac21a6 21ab21ac 21aa21af 21ae21af
3370040 21b621ae 21b721b6 21b221ba 21b421ac
3370060 21af21b8 21b421ab 21ae21ad 21a921ab
3370100 21aa21ac 21b021ad 21ac21b1 21b021af
3370120 21ab21af 21ae21ac 21a921aa 21b721ad
3370140 21b121b2 21ad21b5 219d21ab 21ac21aa
3370160 21af21b1 21aa21a4 21a521a7 21a821aa
3370200 21ab21ac 21aa21ac 21a821a6 21ad21b0
3370220 21a421a9 21ad21ad 21b721af 21ad21ad
3370240 21a721b0 21a721a5 21a821a3 21a821a4
3370260 21a421a8 21a321a2 219f21a2 219c2197
3370300 21a421a2 21a021a0 21a4219d 219f21a2
3370320 21a821a3 21a821a7 21a521a5 21a421a7
3370340 21a221a7 21a721a9 21a221a9 21a621a4
3370360 219f21ac 219c21a1 21a321a2 21a621a8
3370400 21a4219d 21a021a2 219d219c 219f21a3
3370420 219c21a6 21a5219b 21ad21a0 21a121a8
3370440 21a621a0 219b21a7 219d219d 219f219f
3370460 21952199 21a6219a 21a221a5 21a021a0
3370500 21a821a6 21a521a4 21a321a2 21a321a4
3370520 21aa21ae 219b219e 219d2198 219d2199
3370540 219821a2 21a2219b 219f219c 219b2199
3370560 21942199 21932197 2199218e 21962195
3370600 21982196 2199219a 21952194 21982194
3370620 219c2198 21922195 219b2195 219a219a
3370640 219e2198 21a0219f 219621a3 219f21a3
3370660 219b219a 219e218c 2193219c 2191218d
3370700 2193219b 218e218c 2192218d 2192218b
3370720 21932197 21952198 2191219b 219c2199
3370740 219c219a 21932197 2199219e 219a2195
3370760 219f219d 21a0219e 21a321a8 219b219f
3371000 219a219d 219721a0 218c2194 21952194
3371020 219b2199 219a2198 219e2199 21962198
3371040 21992199 21982197 21a1219c 21a22198
3371060 219c2198 219b219c 21982198 219d21a0
3371100 219a219d 219a219c 219e2197 21982194
3371120 21932198 21982197 21a4219d 2196219b
3371140 21a221a2 2198219d 21a4219e 21a0219e
3371160 21a121a0 21a321a5 21a0219f 219d21a3
3371200 219c219c 21a021a2 21a321ad 21a421a7
3371220 21a521a7 21a221a4 219f219f 21a621a4
3371240 21a121a0 21a721a5 21a3219d 219c21a3
3371260 219e21a1 219f2199 219f219d 21a1219f
3371300 219f219f 21a621a5 21a621a6 21a921a5
3371320 21a621a4 219f21a4 21a021a1 21a521a2
3371340 21a421a3 219a21a1 21a3219b 21ab21a8
3371360 21a721a8 21af21a9 21a521ab 21a221a9
3371400 21b021aa 219c21aa 21ac219d 21a821a8
3371420 21a321a8 21a921ab 21a621ae 21a621a6
3371440 21a521a4 21a921a5 21ab21a8 21a321a4
3371460 21a121a0 21ad21a9 21ac21ae 21af21ad
3371500 21a921ab 21ab21a7 21aa21af 21b021ae
3371520 21b221b0 21ad21af 21a821a5 21a321a2
3371540 21aa21a6 21ad21a6 219f21aa 21a521a2
3371560 21ab21a7 21a521a9 21a821a9 21aa21a5
3371600 21a821a5 21a521a0 219c21a2 219d219d
3371620 21aa21a7 21aa21a7 21a921a9 21b021a7
3371640 21af21ac 219a21a6 21a62198 21a321a0
3371660 219f21a5 21aa21a8 21ac21a6 21ae21ab
3371700 21ae21ac 21a421ac 21a321a2 219f21a5
3371720 21b521ad 21a821ab 21a721a6 21ac21b2
3371740 21ab21af 21b121b0 21aa21b1 21ae21aa
3371760 21ad21a8 21aa21ae 21a621ac 21a421ab
3372000 21aa21aa 21a921a5 21a521ab 21ae21ad
3372020 21ac21a8 21aa21b4 21ac21ab 21b221af
3372040 21b621b2 21b121b3 21ae21af 21b121b4
3372060 21b021ad 21a721b0 21b221a9 21b021af
3372100 21b021b6 21a621ab 21a9219f 21ab21b0
3372120 21a421ab 21ad21b6 21a521ab 21af21a8
3372140 21ab21b0 21a921ae 21b421b4 21ac21af
3372160 21b121a9 21ad21b6 21ad21ae 21b021b2
3372200 21b221b0 21b621b6 21ad21ae 21aa21ad
3372220 21ac21ab 21ae21ab 21b121b8 21b021b1
3372240 21b221b0 21b221b4 21b421ac 21b621b1
3372260 21b021b3 21af21aa 21ac21a7 21b121b4
3372300 21b621b2 21a721b0 21ae21b1 21b621b7
3372320 21af21b2 21af21af 21b621b3 21af21ad
3372340 21a821ad 21a921a6 21af21ab 21b121ad
3372360 21a621ad 21ad21b2 21a421aa 21b021ab
3372400 21a521b1 21a921ab 21ac21ac 21ae21ab
3372420 21b121aa 21a621a3 21a521a5 219d21a6
3372440 21a821a4 21ab21a2 21a621a9 219f219e
3372460 21a021a2 21a321a0 21aa21a1 219f21a2
3372500 219d219f 21a321a2 21a421a5 21a221a6
3372520 21a521a8 21a1219f 21a1219d 21a021a1
3372540 21a5219e 21a321a2 21a221a3 219e219e
3372560 21a32197 219f219d 219f219d 21a3219f
3372600 219e219e 21a421a2 219c21a0 219a21a0
3372620 219721a3 21a221a8 21a021a1 21a0219c
3372640 2199219d 219c21a0 219b21a1 219a219e
3372660 219e2194 21a121a2 21ab219f 21a721a8
3372700 21a621a9 2199219c 21942198 219c2195
3372720 21a2219c 21a5219f 21a721a0 21a321a7
3372740 219c219a 21962194 21962196 21982196
3372760 21a0219c 2198219f 21a021a1 21a3219e
3373000 21a22197 219e21a0 219a2197 219b2198
3373020 219d219c 21a9219f 219f21a1 219a21a0
3373040 21a121a1 21a021a0 21a2219a 21a121a4
3373060 219e21a6 2196219e 2198219e 21a221a2
3373100 2199219b 21a821a6 21a421a6 21a3219f
3373120 21a521a9 219e21a5 219b21a1 2199219e
3373140 21a621a0 219e21a1 2196219f 21992197
3373160 21972199 219b2195 21a7219e 219f21a3
3373200 2199219c 21a321a0 21a321a5 21a521a0
3373220 219e21a3 21a421a5 21ab21ab 21a021a7
3373240 21a521a0 21a021a1 21a721a8 21ac21ac
3373260 21aa21ab 21aa21a7 21aa21a8 21af21aa
3373300 21bb21bd 21b521b6 21b021b0 21ab21ad
3373320 21b021b0 21a721b2 21a821af 21b621ab
3373340 21ae21ac 21b521b8 21ac21b8 21b521ac
3373360 21ad21ad 21ad21ab 21ad21ac 21b521b2
3373400 21b921b6 21b221b2 21a621a8 21b221b0
3373420 21b521b1 21bf21b8 21be21bd 21b621c1
3373440 21b521ba 21b721ba 21bd21bb 21ba21b7
3373460 21b721b9 21b821b8 21b321b5 21b621b2
3373500 21ba21b5 21bd21c3 21bc21bf 21be21c3
3373520 21c021bd 21c321c4 21bd21be 21be21c3
3373540 21bd21bf 21bf21bf 21c421c0 21c421c4
3373560 21bf21c2 21b721be 21bb21be 21bb21b9
3373600 21b221b8 21bc21b4 21ba21c5 21c421bf
3373620 21cc21c2 21c421c1 21c121bc 21c521c8
3373640 21c721c2 21cf21c9 21cb21d0 21c321c5
3373660 21c021bf 21c221bd 21bf21bf 21bd21bd
3373700 21c221c0 21c121c3 21c621c1 21c521c1
3373720 21bd21bf 21be21be 21c621c3 21c521c2
3373740 21cd21bf 21d021c9 21d321d4 21ca21d1
3373760 21c321c8 21c821c0 21ca21cd 21ca21cf
3374000 21c621c7 21c721c7 21c821c5 21c521c7
3374020 21c621c7 21c621c5 21cc21ce 21c921c5
3374040 21d221cd 21d121d0 21be21c4 21c521c6
3374060 21c921c9 21d021cd 21cf21ce 21c521d1
3374100 21c421cf 21c921ca 21d221d0 21cd21d1
3374120 21cf21cd 21c621cf 21cd21c8 21c521c5
3374140 21cc21c7 21cf21ce 21d421d3 21d621d2
3374160 21ce21d3 21c621cd 21c821ce 21c621c5
3374200 21cc21c9 21d021cd 21c821c7 21c721cd
3374220 21c621c8 21cc21c5 21c821ca 21c821cd
3374240 21cd21cd 21c321c4 21c021c2 21ce21c6
3374260 21cc21cf 21d021d0 21cd21ce 21ce21d1
3374300 21cc21cc 21cc21c8 21cb21d3 21cf21ca
3374320 21c821c6 21ca21ca 21c721cb 21cb21d4
3374340 21c821c5 21c621c7 21d321cd 21c421c9
3374360 21c821c8 21cc21ce 21cb21c7 21d421c8
3374400 21c621ca 21c321c7 21cb21c7 21c821c9
3374420 21c321c4 21c521c5 21c321c0 21c121c7
3374440 21c321c0 21c521c5 21c621c8 21c821cb
3374460 21bf21c3 21c721c4 21c721c7 21c921c8
3374500 21c521c3 21ca21ca 21bd21c2 21bb21bd
3374520 21c321c4 21c921cc 21c021c2 21c721c1
3374540 21c121bb 21c521c6 21c421c1 21c321be
3374560 21b621c4 21b521af 21af21bc 21b621b0
3374600 21b821bb 21b421bc 21b521b3 21b521b5
3374620 21b321b4 21bb21ba 21c121bb 21be21bb
3374640 21ba21bc 21be21b9 21b221b9 21b521b1
3374660 21b221b3 21b321b3 21b321b8 21b621b3
3374700 21b221ad 21ac21ad 21ad21ad 21af21a8
3374720 21b021b3 21ae21a8 21b121ae 21b121a5
3374740 21a921ac 21b021ad 21ad21af 21ab21b0
3374760 21aa21b1 21ac21af 21a921ae 21a521a5
3375000 21a921b0 21a421a9 21a121a1 21ac21a7
3375020 21ae21ad 21ac21ac 21a621b7 21af21a9
3375040 21ba21b9 21b021a6 21a821a6 219e21a6
3375060 21a121a1 21a721a0 219f21a3 21a621a1
3375100 21a421a5 21a6219f 21a721a6 21a921a7
3375120 219e21a6 219c21a2 21a121a6 21a521ac
3375140 21a821a2 21ab21a5 21a221a3 21a421a1
3375160 219c21a7 21a0219a 219e21a4 21a221a5
3375200 219b21a0 21a7219c 21a1219e 21af21a8
3375220 21ad21a9 21ab21b4 21a821aa 21af21a1
3375240 21ab21a7 21a921aa 21a821a8 21a621a9
3375260 21b021a6 21ad21ac 21ab21ab 21ae21a8
3375300 21bd21b6 21ae21b1 21ac21b2 21ac21ab
3375320 21a621aa 21ac21a5 21ac21ac 21b221b7
3375340 21ae21ae 21ae21ae 21b521b4 21b921b0
3375360 21af21b2 21ae21b3 21a921aa 21ae21ad
3375400 21b821af 21b121b3 21b221b2 21b721b7
3375420 21aa21b1 21ac21ad 21b321a9 21ac21b3
3375440 21b421b4 21bc21b8 21bc21b9 21bd21b9
3375460 21b621b9 21bf21bf 21c021c0 21c121bf
3375500 21c321bd 21c321c0 21c421c8 21c321bf
3375520 21cd21c3 21c621bb 21c221c1 21bc21c5
3375540 21c421c6 21bc21bd 21c321b9 21c221c5
3375560 21c421c6 21c021c4 21c221c1 21c321c5
3375600 21c721c1 21ca21c6 21cd21cd 21ce21cd
3375620 21c921c1 21c721c3 21c521cd 21d121c8
3375640 21d121cd 21d121cf 21c421cf 21d121ca
3375660 21d121d7 21d421cc 21c821cf 21cc21c7
3375700 21c421d0 21d321cf 21d121d0 21d621d5
3375720 21cb21d4 21d421d9 21d821d6 21dd21d8
3375740 21e121dd 21dd21dd 21e121e7 21d721d9
3375760 21df21d9 21d521de 21db21da 21e221dc
3376000 21e121df 21d721ea 21e321da 21db21e6
3376020 21e321da 21e521de 21e521e5 21e221e2
3376040 21e221e8 21f221e9 21ef21f0 21e821ee
3376060 21ec21eb 21e721e7 21ec21f2 21eb21ed
3376100 21e321e6 21e821e7 21e321ea 21ea21ed
3376120 21f221ec 21ea21ed 21ee21e8 21e821ee
3376140 21ec21ed 21fb21f8 21f021ef 21f221f1
3376160 21ec21ef 21f021f0 21e921ec 21e821ec
3376200 21ec21ea 21f021ee 21ed21eb 21f921f2
3376220 21f321f3 21f321ee 21e821f4 21ed21f1
3376240 21ec21ee 21f121ea 21f221f5 21ed21fb
3376260 21f621f0 21f021f0 21ee21ee 21f221ec
3376300 21f521f1 21f421fd 21f521f3 21f421f6
3376320 21eb21ee 21ef21ee 21f221f5 21f521f0
3376340 21fa21fb 21f721f8 22072203 21f82206
3376360 21f621f5 21f021f9 21f121ea 21ee21f0
3376400 21f721f6 21f421f4 21f621fb 21f521f8
3376420 21ef21f5 21f921fb 21ef21f3 21f821f6
3376440 21fc21fb 21fc21f8 21f821f7 21f321f2
3376460 21f221f4 21fe21f9 21fb21fd 21fc21fe
3376500 21f921fb 21fb21ef 21f721ff 21f821fb
3376520 21fd21fc 22032202 21fb21f5 22002200
3376540 21f821f9 21f821fe 21f121f6 21f221f2
3376560 21f721f6 21ef21f1 21f521ef 21f321f9
3376600 21fb21f2 21f921f5 21f021f9 21f521f0
3376620 21f121f4 21f221f6 21f121f1 21f221f0
3376640 21ed21f8 21ec21ef 21fd21f4 21fc21f8
3376660 21f321f6 21f421f7 21f321f0 21ed21f1
3376700 21f021ee 21ee21ef 21ea21ec 21e521e9
3376720 21e321df 21ec21e3 21e421e0 21e121e3
3376740 21e721e4 21e821e6 21e521de 21e621e2
3376760 21eb21e9 21e321e7 21e421d5 21e121e5
3377000 21e421de 21e421dd 21de21df 21de21d6
3377020 21d821d6 21d721da 21d621d5 21d621dc
3377040 21d521d4 21da21d3 21df21db 21d521d7
3377060 21d021d5 21d621d1 21d021d1 21cb21d3
3377100 21ce21d6 21ce21d1 21d221d0 21ce21d1
3377120 21cb21d3 21d021d3 21d921d4 21d621d7
3377140 21cc21cf 21c621d1 21bd21c0 21bb21c1
3377160 21c521bf 21c821c6 21c621c9 21c621c6
3377200 21c121c3 21be21bf 21c321bc 21c321bc
3377220 21b821c1 21ba21b5 21bf21bb 21bb21bf
3377240 21c021be 21bf21c0 21bf21c1 21b921b8
3377260 21bc21b5 21b821b5 21b321ba 21ad21b2
3377300 21ae21b2 21b821b4 21ba21b6 21b821bf
3377320 21b821bb 21bc21b6 21b421b3 21b121b8
3377340 21b321b3 21b521b2 21ba21b1 21bb21bc
3377360 21b921bd 21b321b5 21b821b7 21c321bb
3377400 21b621bb 21bb21ba 21be21bb 21b521b6
3377420 21a621a9 21aa21ad 21aa21af 21ae21aa
3377440 21b221af 21af21b0 21ac21b3 21af21ad
3377460 21b221b4 21a821af 21ae21ad 21b821b3
3377500 21b021b1 21b721b5 21ac21af 21ab21b2
3377520 21b721b3 21b521b8 21ab21b0 21a521ab
3377540 21ab21ab 21a921a9 21a921ac 21b021ad
3377560 21b321b2 21af21ad 21b421b0 21ab21ae
3377600 21ac21b1 21b321ad 21a721a8 21ac21ad
3377620 21ae21b1 21b521b5 21a821ac 21b521aa
3377640 21b321ad 21ab21ab 21a721af 21ab21aa
3377660 21b121ab 21b321ae 21ae21b0 21aa21b0
3377700 21b421b0 21b021b0 21af21b0 21b221af
3377720 21aa21b2 21ae21b1 21b421b0 21b221b0
3377740 21b621b5 21bf21c1 21b521b1 21b021bb
3377760 21b621af 21b921ba 21b121b6 21b321bb
3400000 00003fe8 0001000a 01013fe8 000afe52
3400020 00000005 00000000 63e50c74 000002d3
3400040 00000001 00001004 00003fe8 00000000
3400060 00000038 0001000a 21b621b4 21b621af
3400100 21b221b6 21be21bb 21be21be 21bd21bb
3400120 21bf21c6 21ba21c0 21c021c0 21bf21ba
3400140 21ca21c0 21c521c0 21bc21c3 21c021c4
3400160 21b821c3 21c221bb 21bf21c4 21cb21c9
3400200 21c221cb 21c821cd 21cb21c4 21ce21cd
3400220 21d521ce 21d221cc 21cf21d1 21d521cd
3400240 21d621cc b01004ce 00001004 0001000a
3400260 00010000 03b16052 00000ffc 0001000a
3400300 1400003c add01f00 add01f01 add01f02
3400320 add01f03 add01f04 add01f05 add01f06
3400340 add01f07 add01f08 add01f09 add01f0a
3400360 add01f0b add01f0c add01f0d add01f0e
3400400 add01f0f add01f10 add01f11 add01f12
3400420 add01f13 add01f14 add01f15 add01f16
3400440 add01f17 add01f18 add01f19 add01f1a
3400460 add01f1b add01f1c add01f1d add01f1e
3400500 ff000134 00000020 00000002 d2ffe285
3400520 00000001 deadbeef f0000002 d2ffe271
3400540 300b2ede 00000000 00000134 00001f48
3400560 a01104cf 220521cf 22112205 2209220e
3400600 22032208 2208220a 22182214 22152215
3400620 2213220d 22122210 221d2212 22182216
3400640 22152213 22182219 22082216 2209220e
3400660 220e220f 22132212 220b2214 22142214
3400700 220a2215 220a220c 22192213 221c2210
3400720 2216221b 2219221a 22152218 221d2214
3400740 221b221a 22172215 22162216 22172214
3400760 22132215 22182214 22162215 221c221d
3401000 221d2217 22202217 2222221d 221b221d
3401020 221a221c 22112214 22182212 22162214
3401040 221e2212 2220221c 2218221a 22152219
3401060 2222221c 2219221b 2219221e 22242223
3401100 2216221b 2220221d 22142212 2218221c
3401120 2212221a 2218220f 22122216 220e2215
3401140 2211220e 22142211 22142217 221a2219
3401160 22142218 2215221d 22182217 2212220b
3401200 2213220c 22152215 22152217 220e2210
3401220 2210220c 220d220e 22102215 22122213
3401240 21b3220c 1fc920c2 1e621ef6 1db21df3
3401260 1d7a1d93 1d631d6d 1d591d5f 1d5b1d5c
3401300 1d5b1d57 1d5d1d5a 1d561d55 1d521d4f
3401320 1d461d48 1d421d47 1d441d47 1d511d4b
3401340 1d441d4b 1d491d4d 1d471d45 1d411d46
3401360 1d491d3f 1d451d42 1d3f1d45 1d441d46
3401400 1d4b1d4d 1d4c1d48 1d421d41 1d471d48
3401420 1d461d44 1d471d4b 1d471d49 1d4e1d4b
3401440 1d461d4d 1d461d4c 1d4a1d44 1d471d43
3401460 1d461d49 1d421d3d 1d451d44 1d421d3d
3401500 1d3b1d40 1d3e1d3b 1d3b1d39 1d411d41
3401520 1d481d42 1d431d44 1d401d3e 1d401d40
3401540 1d3d1d3c 1d431d49 1d431d47 1d4c1d47
3401560 1d441d44 1d401d45 1d461d3e 1d3c1d41
3401600 1d3e1d38 1d3c1d35 1d3b1d41 1d371d34
3401620 1d3e1d45 1d3f1d39 1d4a1d37 1d3c1d40
3401640 1d3f1d42 1d3d1d40 1d3d1d35 1d381d3c
3401660 1d361d3a 1d3f1d38 1d3b1d38 1d3c1d3a
3401700 1d3d1d35 1d381d3b 1d3a1d3c 1d411d3e
3401720 1d3c1d33 1d421d3a 1d3e1d3f 1d401d41
3401740 1d391d3c 1d391d37 1d361d37 1d391d3a
3401760 1d401d3d 1d3f1d3c 1d391d36 1d321d37
3402000 1d331d37 1d3a1d37 1d421d34 1d451d3a
3402020 1d381d39 1d3b1d40 1d3e1d3f 1d3a1d3d
3402040 1d411d35 1d461d43 1d421d4b 1d3f1d3f
3402060 1d451d43 1d3b1d3c 1d431d3c 1d3c1d3c
3402100 1d3d1d40 1d491d46 1d3c1d3e 1d4b1d3f
3402120 1d491d41 1d3e1d43 1d451d41 1d451d42
3402140 1d431d40 1d431d41 1d3e1d4d 1d431d46
3402160 1d451d48 1d3f1d49 1d431d45 1d491d41
3402200 1d4e1d49 1d521d4f 1d4b1d4b 1d4e1d4e
3402220 1d4e1d4f 1d4c1d48 1d491d47 1d4d1d4a
3402240 1d4f1d4c 1d4e1d4a 1d521d4c 1d551d54
3402260 1d571d53 1d521d51 1d591d57 1d5a1d5a
3402300 1d5a1d4e 1d5c1d5a 1d591d5d 1d5a1d5f
3402320 1d691d60 1d5f1d6c 1d5e1d5e 1d5e1d5c
3402340 1d601d64 1d691d64 1d671d64 1d6b1d68
3402360 1d691d6d 1d6a1d6e 1d721d75 1d6e1d6b
3402400 1d681d65 1d641d6c 1d691d6b 1d6d1d6a
3402420 1d6b1d64 1d731d75 1d6c1d75 1d721d70
3402440 1d751d6a 1d791d74 1d7b1d79 1d801d7b
3402460 1d7a1d87 1d861d81 1d7f1d7c 1d831d7f
3402500 1d801d7a 1d841d85 1d831d83 1d841d84
3402520 1d831d81 1d851d80 1d8d1d8e 1d951d8b
3402540 1d8c1d8b 1d901d8f 1d901d8d 1d8f1d93
3402560 1d9d1d93 1d981da0 1d9c1d90 1d8d1d9b
3402600 1d941d94 1d951d99 1d931d90 1da11d9b
3402620 1da01da5 1da31da5 1da01da0 1da81d9e
3402640 1da91da0 1daa1da8 1db01db3 1da71dab
3402660 1daf1da9 1da81db5 1dac1dab 1db71da6
3402700 1dbb1db3 1dbd1db6 1dc11dc0 1dc21dc6
3402720 1dc11dc3 1dc31dc3 1dc91dbf 1dc51dc4
3402740 1dcc1dca 1dcd1dd4 1dd21dd3 1dd91dd0
3402760 1dd61dd6 1dcf1dcf 1dd01dd5 1dd11dcf
3403000 1dcd1dcc 1dd01dcb 1dd31dd5 1dd61dcd
3403020 1ddc1dd6 1dd81dd4 1ddc1dd5 1dde1de4
3403040 1dda1ddd 1de01de8 1ddf1dde 1ddf1ddc
3403060 1de31de1 1dec1ded 1de81deb 1dde1de0
3403100 1de51de9 1de11deb 1de81de8 1ded1dec
3403120 1dfa1dee 1ded1df6 1df31df0 1df01df3
3403140 1dfa1dee 1df81dfb 1dee1df1 1df51df7
3403160 1df81df3 1dfa1df8 1dfd1dfe 1dfe1dff
3403200 1dff1e01 1dfe1e02 1e041df6 1e031e00
3403220 1e041e03 1e021e0d 1e001e05 1e061e01
3403240 1e041e00 1e031e05 1e051e02 1e031e08
3403260 1e101e04 1e0c1e06 1e061e0b 1e081e13
3403300 1e081e01 1e0a1e0e 1e121e08 1e181e16
3403320 1e0f1e14 1e0c1e09 1e0e1e0d 1e1f1e10
3403340 1e1a1e19 1e0f1e18 1e151e18 1e1f1e17
3403360 1e191e1a 1e211e19 1e181e1b 1e191e1b
3403400 1e1b1e1a 1e1f1e1b 1e201e1a 1e281e27
3403420 1e261e27 1e271e29 1e211e26 1e211e1c
3403440 1e201e21 1e261e22 1e1f1e21 1e221e26
3403460 1e221e23 1e1f1e27 1e241e29 1e231e1e
3403500 1e241e1f 1e1e1e19 1e151e22 1e1c1e1d
3403520 1e1a1e1d 1e2b1e1f 1e321e30 1e231e2e
3403540 1e261e22 1e2d1e27 1e1d1e1c 1e281e24
3403560 1e231e2c 1e2d1e2e 1e271e28 1e241e27
3403600 1e281e24 1e261e26 1e291e30 1e241e2e
3403620 1e251e28 1e271e28 1e201e23 1e291e2a
3403640 1e2f1e29 1e361e2a 1e321e2d 1e2d1e37
3403660 1e341e31 1e311e31 1e261e27 1e281e23
3403700 1e281e2a 1e2c1e2e 1e291e2e 1e2f1e28
3403720 1e301e2e 1e2a1e29 1e2d1e2c 1e2c1e2a
3403740 1e2a1e29 1e311e2a 1e301e2d 1e2f1e34
3403760 1e271e28 1e2b1e30 1e2b1e28 1e231e2b
3404000 1e2a1e23 1e2b1e24 1e301e25 1e321e32
3404020 1e251e30 1e301e31 1e291e29 1e2a1e26
3404040 1e271e31 1e261e27 1e2b1e2a 1e2b1e23
3404060 1e2b1e24 1e271e26 1e271e2a 1e241e2a
3404100 1e1f1e21 1e241e18 1e211e1e 1e1e1e1c
3404120 1e281e20 1e281e24 1e211e26 1e1c1e1d
3404140 1e251e1e 1e251e23 1e181e1b 1e271e1e
3404160 1e241e22 1e261e29 1e281e33 1e241e27
3404200 1e201e22 1e211e1d 1e221e23 1e241e27
3404220 1e271e22 1e231e22 1e1a1e1f 1e1a1e21
3404240 1e1c1e1c 1e1e1e1f 1e1b1e20 1e181e1a
3404260 1e111e14 1e241e24 1e1d1e16 1e1c1e18
3404300 1e241e1f 1e281e28 1e241e2d 1e251e1d
3404320 1e191e1b 1e1b1e1e 1e181e1c 1e231e22
3404340 1e221e20 1e241e24 1e1e1e22 1e1d1e26
3404360 1e271e1e 1e261e2a 1e271e28 1e211e23
3404400 1e231e27 1e2d1e2a 1e1f1e24 1e1f1e20
3404420 1e271e20 1e2e1e31 1e281e28 1e241e23
3404440 1e2b1e24 1e2b1e2b 1e231e2d 1e2a1e23
3404460 1e271e2b 1e2d1e27 1e261e2c 1e271e2d
3404500 1e321e30 1e331e2e 1e301e34 1e331e33
3404520 1e2f1e36 1e2c1e33 1e351e37 1e371e2c
3404540 1e3c1e38 1e381e33 1e341e35 1e351e3c
3404560 1e341e34 1e351e34 1e3e1e39 1e3d1e42
3404600 1e3f1e3f 1e3f1e3a 1e401e42 1e471e41
3404620 1e481e46 1e421e48 1e471e46 1e441e44
3404640 1e471e44 1e481e45 1e4c1e44 1e4e1e49
3404660 1e511e4e 1e531e51 1e541e54 1e511e4f
3404700 1e501e4e 1e491e47 1e4e1e4d 1e4f1e53
3404720 1e521e53 1e5c1e55 1e571e5a 1e521e5c
3404740 1e521e5e 1e5b1e59 1e611e62 1e681e64
3404760 1e631e62 1e651e67 1e691e5c 1e641e6a
3405000 1e541e58 1e5a1e5d 1e591e5c 1e661e64
3405020 1e6e1e65 1e671e69 1e671e64 1e6c1e67
3405040 1e701e6e 1e6f1e67 1e741e74 1e7b1e82
3405060 1e771e75 1e731e74 1e761e74 1e771e7e
3405100 1e701e75 1e7e1e7c 1e801e7f 1e7c1e7c
3405120 1e7d1e82 1e831e7d 1e861e82 1e8c1e8d
3405140 1e881e87 1e801e88 1e851e87 1e8c1e87
3405160 1e8c1e87 1e881e85 1e8f1e91 1e931e94
3405200 1e931e95 1e8f1e95 1e8c1e91 1e891e8f
3405220 1e8e1e8e 1e971e93 1ea11ea1 1e9b1e9f
3405240 1e961e97 1e961e9e 1e931e91 1e9d1e90
3405260 1ea31e9a 1ea51ea1 1ea31ea8 1ea21ea7
3405300 1ea71ea5 1ea61ea5 1ea71ea8 1ea31ea3
3405320 1ea71e9d 1ea21e9f 1ea91ea9 1ea71ea7
3405340 1eab1eac 1ea71eaf 1eae1ea8 1eb21eb7
3405360 1eae1eb7 1eaf1eb5 1eb21eb1 1eaf1eb5
3405400 1eb81eb0 1ebe1eb8 1eb81eb6 1eb91eb7
3405420 1eae1eb5 1eb51eb4 1eb11eb6 1eb81eb2
3405440 1eb51eb9 1ebd1ebd 1ebf1eba 1ec11ebd
3405460 1ec31ec0 1ebc1ec0 1ecc1ec5 1ec31ec8
3405500 1ec11ebb 1ec61ec6 1eb71ebc 1ec51ebb
3405520 1ec01eba 1ec11eb8 1ec91ec5 1ecc1ecc
3405540 1ec81ed1 1eca1ec6 1ed01ecd 1ebd1ec8
3405560 1ec91ec8 1ec91ec6 1ed71ecd 1ecb1eca
3405600 1eca1ec8 1ecb1ece 1ed91ed1 1ee51ed8
3405620 1ed61edc 1ed31ece 1ed81ed5 1ed21ed4
3405640 1eda1ed5 1ed71ed9 1edd1eda 1eda1edb
3405660 1edd1edc 1ed91edb 1edd1ed8 1ede1ee0
3405700 1ee41ee0 1edf1eeb 1ee21ee1 1ee31ee8
3405720 1edb1ede 1ed91edd 1ee51eda 1ee11ee3
3405740 1ed71ee1 1edc1ee0 1edd1ee1 1eeb1ee4
3405760 1ee81ee4 1ee41eee 1eea1ee7 1eed1eea
3406000 1edd1ee6 1ee01edb 1edf1ede 1ede1edd
3406020 1ee81ee5 1ee11ee8 1eed1ee9 1eed1ee9
3406040 1ee91eed 1ee81eed 1eea1ee9 1eed1eea
3406060 1eef1ef0 1ef21ef0 1eec1ef7 1eea1eed
3406100 1eee1eea 1ee91eee 1ee91ee5 1eec1eeb
3406120 1ee71ee6 1eeb1eeb 1eee1eed 1eeb1eed
3406140 1eeb1eee 1ee71eea 1ef31eec 1eeb1eef
3406160 1eee1eee 1ef31ef4 1ef41ef3 1ee81eef
3406200 1ee81ee7 1eec1ee7 1ef41ef2 1efa1efa
3406220 1ef21ef3 1ef81efb 1ef01ef2 1eeb1eea
3406240 1ef31ef2 1ef11eee 1eeb1eeb 1ee81ee9
3406260 1eea1ef0 1eed1ee9 1ee61eea 1ee81ee9
3406300 1eee1eec 1eec1ef1 1eec1eee 1ef01eed
3406320 1eef1ee7 1ee91ee8 1ee51ee6 1ee71ee8
3406340 1ee41ee2 1eec1ee3 1eee1ee8 1eef1ef3
3406360 1ee91eef 1ef41eec 1ef31ef1 1eeb1eee
3406400 1ef01ef1 1ef61ef8 1eef1ef0 1eea1eec
3406420 1eeb1ee9 1ef31ef1 1ef51eee 1efb1ef2
3406440 1eee1ef5 1eef1eef 1ef81ef8 1ef71ef7
3406460 1eea1eee 1ef51ef1 1ee51eed 1eee1eed
3406500 1ee91ee9 1ef01eeb 1eee1eef 1ee41ee9
3406520 1ee81eef 1eee1ee7 1ef21eeb 1eec1ee9
3406540 1ef21ef1 1eed1ef2 1ef01ef2 1ef11ef1
3406560 1ef01eea 1eef1ef7 1ef21ef2 1eed1ee9
3406600 1eed1ee5 1eef1ef2 1ef01eec 1eef1eed
3406620 1ef41ef0 1eee1ef0 1ef31eee 1ef81ef8
3406640 1ef21ef3 1ef01ef7 1ef51ef0 1eed1eee
3406660 1eee1eed 1ef51ef4 1ef61ef5 1ef81ef3
3406700 1efd1efb 1ef81f00 1efa1efe 1ef61f03
3406720 1efe1ef8 1f051efb 1f011f01 1f0c1f00
3406740 1f021f03 1f001ef4 1efc1efc 1efe1f00
3406760 1f081f05 1f0f1f01 1f041f0b 1f0b1f09
3407000 1f001f0a 1f041f06 1f071f08 1f041f05
3407020 1f071f00 1f021f05 1f061f06 1f081f07
3407040 1f0b1f0d 1f061f05 1f031f05 1f091f04
3407060 1f0a1f09 1f081f0b 1f051f03 1f0b1f0f
3407100 1f091f0d 1f081f06 1f0d1f09 1f101f12
3407120 1f111f11 1f1a1f16 1f141f19 1f141f10
3407140 1f101f13 1f081f0f 1f141f09 1f181f12
3407160 1f151f14 1f0d1f10 1f091f13 1f1f1f14
3407200 1f1f1f1b 1f211f18 1f081f1b 1f181f19
3407220 1f191f20 1f191f1e 1f241f1d 1f1c1f20
3407240 1f211f26 1f2b1f28 1f241f24 1f231f1e
3407260 1f251f26 1f281f28 1f291f2d 1f231f20
3407300 1f281f25 1f271f24 1f2c1f2a 1f311f2c
3407320 1f2c1f2e 1f291f26 1f2a1f26 1f321f31
3407340 1f311f34 1f2d1f30 1f2a1f27 1f231f2a
3407360 1f291f2c 1f371f32 1f321f34 1f331f30
3407400 1f2d1f30 1f341f35 1f371f33 1f341f36
3407420 1f371f31 1f3b1f39 1f421f3c 1f441f41
3407440 1f3d1f48 1f411f3c 1f391f43 1f3b1f44
3407460 1f3c1f34 1f401f3c 1f3a1f40 1f3b1f39
3407500 1f3f1f3e 1f411f44 1f431f41 1f3d1f42
3407520 1f371f3e 1f3d1f38 1f3f1f43 1f451f43
3407540 1f481f41 1f481f44 1f481f50 1f4a1f4f
3407560 1f4e1f46 1f521f4c 1f511f4f 1f4e1f4e
3407600 1f4a1f4c 1f4d1f4f 1f4f1f4a 1f441f52
3407620 1f461f49 1f521f4a 1f511f52 1f4e1f4c
3407640 1f541f52 1f5c1f51 1f601f5c 1f5d1f5a
3407660 1f5e1f58 1f5f1f64 1f5e1f5c 1f571f63
3407700 1f561f54 1f631f56 1f5a1f61 1f571f58
3407720 1f5a1f61 1f611f57 1f631f5a 1f5c1f59
3407740 1f5e1f63 1f611f62 1f5e1f65 1f601f5e
3407760 1f641f64 1f631f68 1f6b1f6c 1f741f70
3410000 1f6e1f6d 1f691f68 1f631f67 1f6f1f65
3410020 1f6c1f67 1f6d1f71 1f6b1f69 1f6c1f70
3410040 1f6b1f69 1f701f70 1f6b1f68 1f701f6c
3410060 1f621f68 1f6b1f68 1f6d1f6c 1f6c1f68
3410100 1f681f66 1f6f1f65 1f6e1f73 1f781f71
3410120 1f711f6f 1f6d1f71 1f6d1f6e 1f6e1f74
3410140 1f631f66 1f6d1f6b 1f691f6f 1f6f1f67
3410160 1f741f7d 1f791f74 1f7b1f78 1f781f77
3410200 1f7a1f76 1f721f7e 1f801f7a 1f7d1f78
3410220 1f7a1f74 1f7d1f7a 1f7b1f7d 1f7d1f7e
3410240 1f811f80 1f7b1f81 1f781f7c 1f811f7a
3410260 1f7e1f7d 1f831f86 1f7e1f7c 1f7a1f7d
3410300 1f851f7d 1f851f85 1f8c1f78 1f871f87
3410320 1f851f89 1f861f85 1f871f8a 1f841f81
3410340 1f851f7d 1f7c1f85 1f7e1f82 1f871f85
3410360 1f811f7d 1f8a1f87 1f891f8c 1f901f91
3410400 1f8f1f88 1f8b1f8a 1f851f86 1f8a1f80
3410420 1f971f96 1f881f8c 1f8e1f83 1f861f84
3410440 1f8c1f8c 1f8a1f8a 1f921f8d 1f8b1f88
3410460 1f821f8a 1f881f84 1f8b1f8e 1f8c1f8b
3410500 1f841f7a 1f7e1f80 1f811f81 1f7e1f80
3410520 1f811f82 1f7f1f81 1f821f7e 1f811f85
3410540 1f861f8c 1f831f8b 1f8a1f89 1f831f8a
3410560 1f7f1f86 1f811f81 1f811f7e 1f801f7d
3410600 1f851f84 1f7e1f83 1f7d1f86 1f861f80
3410620 1f831f7e 1f861f83 1f861f88 1f871f89
3410640 1f8c1f80 1f8b1f83 1f821f86 1f811f80
3410660 1f8c1f83 1f7e1f80 1f911f86 1f871f8a
3410700 1f8d1f8a 1f8b1f87 1f931f92 1f8b1f8c
3410720 1f8b1f8d 1f891f8a 1f881f8a 1f8b1f89
3410740 1f8e1f8d 1f8c1f8d 1f8c1f90 1f961f9a
3410760 1f951f9a 1f9d1f95 1f931f96 1f911f94
3411000 1f8d1f97 1f931f90 1f8f1f8b 1f8c1f91
3411020 1f891f96 1f901f90 1f8e1f9a 1f941f91
3411040 1f951f96 1f8b1f95 1f961f94 1f991f95
3411060 1f981f93 1f9a1f97 1f971f91 1f9f1f9b
3411100 1f9f1f9c 1f9b1f9e 1f981f96 1f961f9a
3411120 1f941f99 1f951f92 1f9b1f93 1f971fa1
3411140 1fa51f9d 1fa41fa9 1f9c1f9c 1f9f1f9c
3411160 1fa71fa3 1f9b1f9e 1f9f1f9b 1fa71fa1
3411200 1fa51fa0 1f9f1f9f 1fa41fa6 1fab1fa8
3411220 1fa21fa8 1f9d1f9f 1fa21fa2 1fa31fa2
3411240 1fa21f9f 1fa91fa3 1fa71fa3 1fb01fa9
3411260 1fa11fad 1fb01faa 1fab1fa9 1faa1fa8
3411300 1fa81fa8 1fae1faf 1fb31fb7 1fb21fb2
3411320 1fb31fab 1fb01fb6 1faf1faf 1faa1fb2
3411340 1fb61fae 1fb21fb6 1fb31fb3 1faf1fb6
3411360 1fb01fb6 1fac1faf 1fba1fb5 1fb41fbd
3411400 1fb31fb1 1fb81fbd 1fb91faf 1fb51fb6
3411420 1fb21fb4 1fbc1fbd 1fb41fba 1fae1fb7
3411440 1fb61fb3 1fae1fb1 1fab1fb3 1fb91fba
3411460 1fbc1fba 1fb81fba 1fc01fb8 1fbe1fbf
3411500 1fc31fc1 1fc31fc5 1fc51fbe 1fc81fc6
3411520 1fc41fc5 1fc01fc0 1fc01fc3 1fc81fc3
3411540 1fc11fc6 1fc81fc5 1fcb1fcd 1fc91fc7
3411560 1fd11fcb 1fcc1fd0 1fd11fd0 1fd51fd6
3411600 1fd61fd7 1fd81fd5 1fd01fd6 1fcd1fd0
3411620 1fce1fcf 1fcc1fcc 1fd01fc9 1fcc1fd0
3411640 1fc81fd1 1fd81fd6 1fd41fd8 1fda1fd9
3411660 1fd11fd6 1fd41fd4 1fda1fdc 1fd91fd6
3411700 1fe31fdf 1fd91fd8 1fd51fd1 1fd61fd4
3411720 1fdb1fd5 1fd81fd9 1fdd1fdd 1fe41fe3
3411740 1fe41fe1 1fdb1fe3 1fda1fd5 1fd41fd6
3411760 1fd51fd4 1fd21fd8 1fde1fd5 1fdb1fd3
3412000 1fdd1fd9 1fd81fd6 1fdc1fe0 1fd81fdb
3412020 1fd31fd6 1fd31fcf 1fd41fd7 1fdf1fd8
3412040 1fde1fd8 1fda1fd9 1fda1fde 1fed1fde
3412060 1fec1ff0 1fe61fec 1fe51fe8 1fe31fdf
3412100 1fea1fe6 1fec1fe6 1fe91fea 1ff01fec
3412120 1feb1ff3 1feb1fee 1fea1fec 1fe81fe1
3412140 1fe71fe1 1feb1feb 1fe61fe7 1fe41fe7
3412160 1fe61fe5 1fe31fe1 1fe21feb 1fe61fe9
3412200 1fec1fe9 1fe71fee 1ff01fea 1fe71fed
3412220 1fe31fea 1feb1fec 1fef1fec 1ff01fe8
3412240 1fef1fed 1fea1fed 1feb1fec 1fef1fec
3412260 1ff21feb 1feb1feb 1fe21fe9 1feb1fea
3412300 1ff31fef 1ff51ff0 1ff11ff5 1fe91fee
3412320 1ff21fed 1ff71ff3 1ff41ff5 1ff81ff0
3412340 1ff61ff9 1ff81ff6 1ff91ff8 20061ff4
3412360 1ffe2003 1ff41ff5 1fed1ffa 1fed1fee
3412400 1fef1ff1 1ff31fea 1ffa1ff5 1fed1ff8
3412420 1ff71ff0 1ff81ff5 1ff71ff7 1ff81ff9
3412440 1ff61fff 1ff51ffc 1ffa1ff9 1ffd2000
3412460 1ff52000 1ff81ffd 1ffa1ffd 1ffb1ffe
3412500 1ffa1fff 1ff72006 1ffd1fff 1ff71ff4
3412520 1ffb2002 20031ffe 1ffa1ffe 1ffa1ff8
3412540 20052000 1ffa1ffd 20021ffe 1ffe1ffc
3412560 20052005 20022003 20032002 20062002
3412600 200b2004 20022004 1ffb1ffb 20001ffc
3412620 20062005 20002000 2007200a 1ffd1ffe
3412640 20011ff9 20002000 20032005 20072003
3412660 20022003 200a1ffd 20062003 20032007
3412700 200b2008 20072008 200b2007 2009200f
3412720 20062009 200b2006 20072006 200a2005
3412740 200d200c 200a2013 2008200a 20092007
3412760 200b2002 2012200c 200b2008 200c200f
3413000 200d200a 20112006 2008200d 200d200d
3413020 200a2009 20032003 20072007 1ffc2000
3413040 1ffb1ffd 20072003 200b2002 2011200e
3413060 20082008 20042002 2013200e 2012200d
3413100 200f2010 2003200b 1fff2008 200c200d
3413120 200f200a 20142015 2007200e 20082007
3413140 200f200b 20142014 2010200a 201a2013
3413160 200c2011 20152011 201a2018 201b2014
3413200 2017201b 20112019 20142016 2015200f
3413220 2015200a 20132012 20132017 2019201c
3413240 2024201e 20222025 20212024 201a2022
3413260 201c2026 20202019 2021201b 20152019
3413300 201c2011 20212020 201c2024 2022201d
3413320 201c201f 2020201e 20242026 201e2025
3413340 2029201b 201a2022 2022201e 202a2025
3413360 202a2028 202b202d 202a2027 20272026
3413400 202c202e 202a2029 20292028 202d202d
3413420 202e202a 20302028 20302028 202f202f
3413440 202e202d 2028202e 2032202f 20342033
3413460 20352034 203f2038 2036203f 2039203e
3413500 2040203a 2041203c 203a203b 20412043
3413520 20422040 20462041 2044203c 203b2044
3413540 203d203a 20452043 20492046 2049204c
3413560 204f204b 204d2051 20422054 20442041
3413600 204d2045 20412049 20452048 2042204f
3413620 204c2045 20502049 2057204d 20522056
3413640 204d2054 20542050 20532050 2045204d
3413660 2047204a 2053204b 204f2054 20522055
3413700 2051204f 20542053 20562051 204c204d
3413720 2053204a 20582056 2056205e 2058205e
3413740 20622063 2060205d 205c2058 2056205d
3413760 2060205e 2060205a 205c2054 205e205c
3414000 20622065 20622065 20622065 2060205a
3414020 205f2060 205a205e 205e205f 20682061
3414040 206a2060 2062206d 205f2060 20602064
3414060 2066205f 20662067 20622063 20612064
3414100 205a205e 205f2059 205d205d 2060205d
3414120 20642062 206b2069 206e2070 2066206c
3414140 205d2063 20632064 20622066 2066205e
3414160 20622062 20692069 20662071 20652069
3414200 20672062 2064206b 20662064 206b206c
3414220 20692068 20672069 206b2064 206c206b
3414240 2069206a 206c206d 20622062 20612060
3414260 206b2060 2068206d 20602065 20672064
3414300 2070206b 20682067 205f205f 2063206b
3414320 20622063 206c2066 20692067 2071206d
3414340 2073206f 206c2072 206a206f 206a2069
3414360 206b206f 206c206e 20772074 2074206c
3414400 206b2071 2069206d 2066206d 20722066
3414420 20692069 20642066 20632065 20672065
3414440 20702069 206f206e 2067206c 20642069
3414460 20672069 206b2069 20692067 206d206e
3414500 206d206e 20752073 20762076 20782075
3414520 206a2068 206f206d 2072206a 206b206b
3414540 206d2070 2071206e 2071206e 20772075
3414560 206f2071 207a2072 206f2075 20712077
3414600 206f2072 2070206b 2071206e 2063206e
3414620 2066206a 206a2067 20722071 2078206e
3414640 20722074 2076206e 20732072 2069206b
3414660 20702069 2068206c 206b206d 206d2073
3414700 2070206b 20732072 2067206b 20652070
3414720 20652067 20632065 206b2067 206c206a
3414740 20682065 20672065 20642067 20752069
3414760 20742070 2072206e 2076207e 20742076
3415000 20732070 20702071 20722075 206a2076
3415020 206a2066 20762068 2065206f 206c2069
3415040 20612073 206e2064 20672066 2068206b
3415060 206e2071 206d206c 2071206e 2077206e
3415100 206e2072 20682071 206b206c 206e2069
3415120 20722071 20792075 20732074 20752073
3415140 206f2076 2078206c 206c2073 206c2072
3415160 206c206e 20642069 206a2068 206b206d
3415200 20672069 20672069 206d206f 20732067
3415220 2071206b 206b206e 206d206f 2072206a
3415240 206e206b 2071206c 20752076 20702071
3415260 20782074 20842081 207c2081 20722070
3415300 207d2075 2073206d 20712079 20712074
3415320 206c2070 20762071 2075206b 20772073
3415340 206a2077 20712072 20722077 20772075
3415360 207e2074 20762077 207c207a 207e2081
3415400 207c207c 207c2077 207c207f 20772075
3415420 2082207d 207d207e 2084207f 20852084
3415440 208d2086 2085208a 20822085 2086207f
3415460 20842084 20832087 20892088 2088207d
3415500 207b2084 207b2080 20802089 20902089
3415520 208c208d 2094208d 208c2090 2084208f
3415540 2094209c 20932091 2098208d 20902095
3415560 20892090 208d2088 2090208b 2094208e
3415600 2091208f 208f2093 208e2092 209b2093
3415620 209c209d 209e2099 2098209c 20a020a1
3415640 20a120a2 209d209e 20a420a1 209f209e
3415660 20a620a6 20ac20a5 20a3209d 20a720ab
3415700 20a220a0 20a320a5 20a220a8 20ad20a6
3415720 20ac20a9 20ad20b2 20b320b2 20b120b7
3415740 20b420b1 20ac20ab 20b420b3 20bb20bb
3415760 20b420bd 20ae20b1 20b320b3 20b920b3
3416000 20c120bd 20b520b3 20c320bf 20b820bf
3416020 20bb20bb 20bd20be 20bc20c1 20bb20be
3416040 20bb20b7 20be20bb 20c220c1 20bd20bb
3416060 20c620bf 20bd20c5 20c520c3 20c720c7
3416100 20c520c6 20c620c8 20c220c3 20bf20be
3416120 20c220c3 20c520c3 20cb20c5 20cf20d1
3416140 20d720ce 20cc20d0 20cf20d2 20d920d4
3416160 20d120cf 20cc20cf 20c820cb 20ca20cc
3416200 20ce20ce 20cc20d0 20cd20c8 20d920cb
3416220 20d420d6 20d620d2 20d820d2 20d520d3
3416240 20d420db 20d420da 20db20d7 20d220cf
3416260 20d620d9 20d520da 20d420d3 20d020d0
3416300 20d520d4 20ce20d2 20d620d6 20dc20d4
3416320 20de20df 20d920e0 20d920e0 20d620d5
3416340 20da20da 20e220d7 20db20d8 20d720db
3416360 20d620db 20d920d4 20d520d5 20d620d2
3416400 20d920d6 20de20e4 20d720db 20dc20d9
3416420 20d720d1 20d720db 20dd20df 20dd20df
3416440 20d920d8 20d220e1 20d620d4 20db20d1
3416460 20d820d6 20db20da 20db20d6 20db20da
3416500 20da20dd 20d520d8 20dd20d7 20c520d5
3416520 20d220cc 20d120e0 20cc20cc 20cc20d0
3416540 20c820ce 20cc20ca 20d620d0 20da20d7
3416560 20d720d3 20ce20d1 20d220db 20d920d7
3416600 20d320d9 20d620d3 20d420cf 20d220d2
3416620 20cb20ce 20d120c7 20ce20ce 20d620d2
3416640 20d920d9 20d620d8 20de20da 20dd20de
3416660 20da20dd 20ce20d9 20ce20cd 20d620cc
3416700 20d220cd 20db20dc 20d320d5 20d220d5
3416720 20da20d3 20d420d1 20d920d4 20cb20c8
3416740 20c320c8 20cf20ce 20cc20cb 20cc20cf
3416760 20c520c6 20c720ce 20c720c4 20d220ca
3417000 20d020ca 20c820cc 20d020ca 20ca20cc
3417020 20ce20cd 20d420d3 20d520cf 20d820d8
3417040 20d120cc 20d120ce 20cc20d5 20cb20cc
3417060 20ce20c9 20ce20ca 20cf20d0 20cf20cb
3417100 20cd20c5 20d120cb 20ca20cf 20d120d2
3417120 20c620d2 20be20c2 20c420c5 20cb20c3
3417140 20ca20c6 20cd20cd 20ca20c8 20cc20c9
3417160 20cf20d6 20d820cf 20ce20d3 20ca20cb
3417200 20c920c8 20c520c2 20cb20c4 20c120c7
3417220 20bd20c1 20c720c9 20c120be 20c220bc
3417240 20c020c0 20c120c6 20be20c1 20be20bd
3417260 20bd20bf 20c120bc 20bc20c0 20bd20c0
3417300 20bb20b8 20c020b7 20bb20bd 20bc20bf
3417320 20c520c2 20c420bf 20c420c1 20ba20bd
3417340 20c120bb 20bb20bb 20c020b9 20b720b9
3417360 20b420b6 20b320b4 20b720b3 20b820bf
3417400 20c820c4 20c620bb 20c020c4 20bf20c4
3417420 20bd20be 20bd20bc 20c220c4 20c320be
3417440 20bf20c0 20bc20c2 20bc20bd 20c020b8
3417460 20c220c0 20bb20c8 20be20c3 20c820bf
3417500 20c120c2 20c420c1 20b320bf 20be20ba
3417520 20c220c1 20b620be 20bc20c0 20b520b6
3417540 20b620bd 20bb20be 20b520be 20b220bb
3417560 20bd20b6 20be20bf 20ca20c2 20c720c5
3417600 20c020bd 20c720c0 20c720c3 20c720c9
3417620 20c520c2 20cd20c5 20c420c8 20c720c5
3417640 20cc20cb 20cf20ca 20cc20ca 20cd20cb
3417660 20ce20d1 20d620ca 20cb20cf 20c520c6
3417700 20c520c9 20cc20cb 20ca20c6 20cc20c7
3417720 20cb20c8 20d120cd 20ca20ce 20da20d4
3417740 20de20db 20d320d4 20da20de 20da20d5
3417760 20dd20df 20d720de 20dc20d8 20d920db
3420000 20d920d1 20e520d9 20dc20d7 20de20dd
3420020 20e220de 20e120e5 20e320df 20e220e4
3420040 20e520e4 20e520e6 20eb20e2 20ea20e9
3420060 20ec20ea 20e920f1 20eb20e8 20f120f2
3420100 20ef20ec 20ed20ef 20ec20ef 20e720ea
3420120 20e720ea 20f220ec 20f720f3 20f020f0
3420140 20f420f6 20f420fa 20f620f8 20fc20f6
3420160 20fa20fc 20fb20fc 210120fc 210120ff
3420200 20fc2101 20fa2101 2106210a 210120ff
3420220 210520fc 20f820fc 20f620fe 20fd2103
3420240 210620ff 21092105 2108210c 21072109
3420260 210d2111 b01104cf 00001004 0001000a
3420300 00010000 03b16053 00000ffc 0001000a
3420320 1400003c add01f00 add01f01 add01f02
3420340 add01f03 add01f04 add01f05 add01f06
3420360 add01f07 add01f08 add01f09 add01f0a
3420400 add01f0b add01f0c add01f0d add01f0e
3420420 add01f0f add01f10 add01f11 add01f12
3420440 add01f13 add01f14 add01f15 add01f16
3420460 add01f17 add01f18 add01f19 add01f1a
3420500 add01f1b add01f1c add01f1d add01f1e
3420520 ff000134 00000020 00000002 d3331ffc
3420540 00000001 deadbeef f0000002 d3331fe8
3420560 180b3843 00000000 00000134 00001f48
3420600 a01004d0 221c2117 22242223 22232226
3420620 2221221f 22142217 22182217 221d221e
3420640 2216221a 2216220f 22162214 22162216
3420660 221a2216 221c221e 2224221c 22182216
3420700 22122213 221f2213 2216221c 22172211
3420720 220b2211 22052208 22032207 220e2208
3420740 220c220b 22062209 22072204 220c220d
3420760 21ff2204 220d2209 220a2204 21ff2202
3421000 21fa2204 21fe21fb 220321f9 22012201
3421020 21fa21fa 21f721fe 220021f8 21fc21f1
3421040 21f821ff 21f921fe 21f221f7 21f021f1
3421060 21f121f6 21ed21ea 21f521f1 21e821f1
3421100 21ea21e3 21eb21e1 21e521e6 21e421e3
3421120 21e121e1 21df21e4 21e121df 21e421dd
3421140 21e021dd 21e621e8 21e421f2 21e321e1
3421160 21df21e4 21e121db 21de21e3 21d721db
3421200 21de21d4 21db21d6 21da21dc 21df21db
3421220 21d921d6 21df21d5 21e021de 21dc21dd
3421240 21d221d5 21d121d1 21cb21c9 21ca21ca
3421260 212321cf 1f2f201e 1df01e72 1d651d92
3421300 1d2c1d3e 1d1c1d26 1d151d1b 1d181d14
3421320 1d131d12 1d131d12 1d121d11 1d131d13
3421340 1d0e1d09 1d071d0d 1d0a1d09 1d091d07
3421360 1d081d03 1d001d03 1d081d00 1d021d00
3421400 1d041d0b 1d051d04 1d021d00 1d041d00
3421420 1d0b1d0a 1d011d09 1d011d09 1cfb1cf6
3421440 1d031cfc 1d0b1d06 1d0c1d0e 1d131d13
3421460 1d121d19 1d171d13 1d131d18 1d0c1d16
3421500 1d161d09 1d071d0b 1d0b1d08 1d0f1d11
3421520 1d0b1d12 1d0f1d10 1d121d10 1d171d19
3421540 1d161d14 1d191d0e 1d121d17 1d161d19
3421560 1d1d1d15 1d211d1d 1d221d1d 1d221d21
3421600 1d261d25 1d201d1f 1d171d20 1d1b1d1c
3421620 1d1e1d24 1d1f1d1f 1d201d19 1d2d1d22
3421640 1d251d2c 1d291d29 1d2e1d2f 1d361d30
3421660 1d391d34 1d2e1d32 1d3f1d38 1d381d31
3421700 1d431d3c 1d381d36 1d371d37 1d3c1d38
3421720 1d3e1d35 1d3b1d3b 1d431d40 1d3c1d3c
3421740 1d3c1d3c 1d3d1d37 1d491d44 1d491d47
3421760 1d501d49 1d4c1d53 1d4f1d49 1d561d51
3422000 1d541d54 1d561d5a 1d541d58 1d571d53
3422020 1d5f1d59 1d5d1d5d 1d5d1d5e 1d5c1d59
3422040 1d601d5e 1d631d5d 1d671d62 1d671d65
3422060 1d6a1d69 1d601d60 1d641d5f 1d6e1d69
3422100 1d601d66 1d691d6b 1d651d70 1d6f1d6d
3422120 1d721d72 1d711d71 1d801d74 1d7c1d7d
3422140 1d7a1d79 1d7d1d7e 1d791d7f 1d7e1d7e
3422160 1d7a1d7a 1d851d7c 1d801d80 1d871d7f
3422200 1d851d85 1d851d8d 1d871d87 1d8d1d89
3422220 1d951d8f 1d8d1d8b 1d891d89 1d8f1d90
3422240 1d951d99 1d961d93 1d991d97 1d951d94
3422260 1d941d92 1d971d97 1d981d94 1d9d1d9f
3422300 1d9e1d9e 1d961d98 1da11da1 1da11da5
3422320 1da71da9 1daf1dae 1daf1daa 1db21db3
3422340 1db11db5 1db41db9 1dae1daa 1db41daf
3422360 1db41db4 1daf1dae 1db21db1 1da81db1
3422400 1db41dac 1db41dbd 1db81db1 1db61db9
3422420 1db81dbe 1dc01db7 1dbb1dbf 1db61dba
3422440 1dc11dbb 1dbf1dbe 1dc51db8 1dc61dc5
3422460 1dc81dc1 1dc61dcc 1dc51dc3 1dc21dbc
3422500 1dc61dc3 1dc91dca 1dce1dcc 1dcb1dd3
3422520 1dcb1dd1 1dd01dca 1dcb1dd5 1dd21dd6
3422540 1dcf1dcc 1dd31dd0 1dcb1dd7 1dce1dca
3422560 1dd81dd0 1dd51dd3 1dd81ddc 1ddd1ddc
3422600 1ddd1de1 1ddd1ddf 1dda1ddb 1de41ddb
3422620 1de31dd9 1de31de3 1df11dea 1de31de1
3422640 1de11ddc 1ddd1de7 1dd31ddc 1de51de1
3422660 1de21de0 1de71dea 1de61de0 1de11de7
3422700 1ddf1de4 1de41de1 1de91de2 1de41de3
3422720 1de41de7 1de71de7 1dea1deb 1df21de7
3422740 1df21df3 1df41df4 1df41df3 1dea1df2
3422760 1def1dee 1de51ded 1dee1de9 1df21df5
3423000 1dec1df7 1df81df3 1def1def 1df11de8
3423020 1df51df7 1dfa1df5 1dfa1df6 1df81df8
3423040 1df31df3 1df91df5 1dfa1df5 1dfc1df4
3423060 1dfc1df7 1dea1df9 1df11df3 1def1deb
3423100 1df51df0 1dfd1dfc 1e051dfe 1dfc1e02
3423120 1df81df9 1dfd1df8 1ded1df1 1df01df2
3423140 1df41df1 1dee1deb 1df61dea 1df41df3
3423160 1df41df3 1df61df8 1df11df9 1ded1dee
3423200 1df11df0 1df11def 1df01df1 1df31df2
3423220 1df01df1 1dfa1df4 1df91dfe 1df21dfa
3423240 1df61dee 1df51df1 1df21dee 1ded1def
3423260 1de51df3 1dec1de4 1df31de6 1df31df1
3423300 1ded1df5 1dea1de9 1df01dec 1dec1dee
3423320 1dec1df1 1def1ded 1ded1df6 1deb1dea
3423340 1df51ded 1dec1ded 1dee1df6 1df41dfc
3423360 1ded1dee 1ded1dea 1de81de7 1dec1def
3423400 1df91df6 1df61df6 1def1df1 1dea1def
3423420 1def1ded 1deb1df1 1de91ded 1deb1deb
3423440 1df01dec 1df41df4 1dee1df1 1dec1deb
3423460 1dec1ded 1dec1dea 1df11def 1df21dea
3423500 1ded1dec 1dee1df0 1dec1df0 1de81df3
3423520 1df11df3 1df11df2 1df81df1 1df81df7
3423540 1df31df6 1de91df5 1df11ded 1df71df0
3423560 1ded1dec 1df31df0 1def1df1 1deb1dea
3423600 1dea1de7 1df21ded 1df41df4 1def1df8
3423620 1df51ddf 1df91df3 1df31deb 1df81dfe
3423640 1df71df8 1df71df6 1df41df8 1df21df6
3423660 1df01df0 1df31df7 1df51df1 1df51df0
3423700 1dfd1e01 1e001dff 1df91df7 1df91df6
3423720 1dff1df9 1e061e04 1e021e07 1e021e00
3423740 1e031e00 1e0a1e03 1e091e0c 1e041e01
3423760 1dff1e01 1e0a1e05 1e021e02 1dfe1e03
3424000 1dfe1dfe 1e031e03 1e071e07 1e081e05
3424020 1e041e06 1e0b1e0b 1e081e0c 1e0c1e0e
3424040 1e0b1e0d 1e0b1e07 1e0f1e0d 1e131e12
3424060 1e1b1e16 1e261e1e 1e191e17 1e1b1e1f
3424100 1e121e18 1e1d1e1a 1e1b1e1a 1e1b1e20
3424120 1e131e23 1e1c1e18 1e291e23 1e241e23
3424140 1e271e23 1e211e2d 1e2c1e2d 1e2f1e34
3424160 1e331e34 1e2c1e34 1e301e2b 1e2d1e2b
3424200 1e2e1e2a 1e341e31 1e391e36 1e301e38
3424220 1e2a1e2c 1e2d1e28 1e371e33 1e351e39
3424240 1e311e38 1e2f1e31 1e301e2e 1e3b1e30
3424260 1e391e3b 1e361e39 1e381e3e 1e461e3d
3424300 1e391e3b 1e451e42 1e451e43 1e3f1e44
3424320 1e3c1e3b 1e3b1e3e 1e3d1e45 1e461e46
3424340 1e421e44 1e4f1e4a 1e471e46 1e3e1e48
3424360 1e441e46 1e491e49 1e531e53 1e581e51
3424400 1e551e54 1e571e55 1e581e5a 1e5a1e5d
3424420 1e651e5b 1e601e61 1e631e5c 1e671e65
3424440 1e651e64 1e611e65 1e651e68 1e6d1e69
3424460 1e681e70 1e6e1e6b 1e731e72 1e751e71
3424500 1e691e6a 1e6e1e70 1e731e70 1e7d1e73
3424520 1e741e70 1e731e70 1e721e73 1e6c1e74
3424540 1e7a1e77 1e791e7a 1e711e74 1e761e7e
3424560 1e731e77 1e7d1e7a 1e7f1e81 1e881e80
3424600 1e7a1e81 1e7e1e7c 1e7d1e75 1e8c1e81
3424620 1e851e81 1e7d1e77 1e791e87 1e811e7a
3424640 1e821e81 1e831e7e 1e8a1e84 1e8c1e87
3424660 1e8e1e8d 1e8b1e8b 1e8d1e8f 1e8e1e8c
3424700 1e8b1e8f 1e8c1e90 1e8d1e92 1e8e1e8c
3424720 1e911e8b 1e971e95 1e9d1e97 1e961e9c
3424740 1e981e93 1e971e9b 1e991e95 1e921e99
3424760 1e951e9a 1e9d1e9c 1ea21e9c 1ea01ea8
3425000 1ea91ea2 1ea61eab 1eaa1ea9 1ea91ea3
3425020 1ea11ea1 1ea41e9c 1eab1ea7 1ea61eb0
3425040 1ea11ea8 1ea71e9a 1ea11ea5 1eb71eb0
3425060 1ead1eba 1eb51eac 1eac1eb0 1ead1ea7
3425100 1eb01eac 1eb71eb2 1ebc1ebb 1ec11ebd
3425120 1ebc1eb9 1eb51eb4 1eb31eb9 1eb21eb5
3425140 1eb21eaf 1ead1eac 1eb41eb4 1eb01eb2
3425160 1eb51eb5 1eb01eb1 1eb81eae 1eb31eb2
3425200 1ead1eb2 1eb31eb5 1eba1eba 1ebb1ebc
3425220 1ebb1eb6 1eb81ebd 1eb91ebd 1ec21ebc
3425240 1ebd1eba 1eb21eba 1eb31eb8 1eb61eb2
3425260 1ebe1ebb 1ec11ec2 1ebc1eb8 1ebc1eb7
3425300 1ec11ebd 1ec01ec0 1eb31eb7 1ecb1ebf
3425320 1eb81ec0 1ec01ec5 1ec21eb9 1ebb1ebc
3425340 1ebf1ebc 1ebb1ebf 1ebb1ebe 1ebf1ebb
3425360 1ec31ebf 1eb71eb4 1eba1ebd 1ebe1ebf
3425400 1ebc1ec4 1eaf1ebc 1eb51eb2 1eb81eb8
3425420 1eba1eb5 1ebb1ebb 1ebc1eb7 1ebe1ec0
3425440 1eb01ebc 1eb51eb4 1ebc1eb9 1eba1ec0
3425460 1eb31eb9 1eb31eb1 1eb51eb4 1eb71eb1
3425500 1eb91eb3 1eb71eb8 1ebb1ec0 1ec01ec1
3425520 1ebd1ec0 1ebf1ec0 1eb51eba 1eb61eb3
3425540 1ebb1eb9 1eba1ebf 1ec61ec2 1ed11ec7
3425560 1ec61ec2 1ecd1ec7 1ec31ec9 1ec11ec3
3425600 1ebe1eba 1ebf1eba 1ebb1ebd 1eb41ebd
3425620 1ebb1ebc 1ebb1ebe 1ebd1ebd 1ebd1ebb
3425640 1eb71eb5 1ebb1ebd 1ebd1ec4 1ec31ec2
3425660 1ec11ec4 1ebe1ec7 1ec21ebf 1ebb1ebd
3425700 1eb81eb6 1ec51ec6 1ec81ec3 1ec41ec3
3425720 1ec41ec2 1eb91ec3 1ec31ec6 1ec01ebf
3425740 1ec91ec1 1ebf1eb6 1eb91ec4 1ec31ec6
3425760 1ec71ec4 1ec71ec7 1ec31ec2 1ecd1ec6
3426000 1ecd1ed0 1ecf1ecb 1ecb1ecb 1eca1ecb
3426020 1ece1ece 1edd1edb 1ed21ed3 1edb1ed7
3426040 1ed01ed5 1ed61ed1 1ec51ecf 1ed01ecd
3426060 1ec61ec8 1ec61ec8 1ec81ec2 1ecc1ece
3426100 1ecd1ecf 1ecd1ec9 1ed01ecb 1ed71ed8
3426120 1ed51ed5 1ed71ed7 1ed91eda 1ed91ed8
3426140 1ed91edd 1ee01ee0 1ed11edb 1ed61ed7
3426160 1ed51eda 1ee11ee1 1eda1ee1 1edd1edc
3426200 1ede1edd 1edb1ed9 1edf1ed9 1ee31ee2
3426220 1edd1ee2 1ee61ee2 1ee41ee2 1ee21ee3
3426240 1ee51ee6 1eec1eed 1eef1eee 1eec1ee8
3426260 1eee1ef6 1ee81eeb 1ef01ee2 1eee1ef0
3426300 1ef31eed 1eee1ef7 1eee1eed 1f011ef1
3426320 1f011ef0 1efa1ef7 1ef81efc 1efc1efa
3426340 1f011f01 1f011f01 1f021f06 1efd1f01
3426360 1efe1efd 1efd1f02 1efd1f01 1f021f00
3426400 1f091f05 1f091f08 1f041f03 1f031f05
3426420 1f001f05 1f031f09 1f101f0c 1f0b1f10
3426440 1f071f0a 1f061f08 1f081f09 1f031f0f
3426460 1f081f06 1f131f09 1f121f0e 1f141f12
3426500 1f111f12 1f1e1f13 1f1b1f18 1f1a1f1b
3426520 1f171f1a 1f171f15 1f1c1f20 1f1b1f1e
3426540 1f181f17 1f1b1f22 1f1e1f0d 1f211f22
3426560 1f291f25 1f281f28 1f2d1f2b 1f291f2f
3426600 1f231f28 1f1f1f20 1f251f26 1f191f20
3426620 1f261f21 1f231f26 1f2d1f2c 1f2c1f2e
3426640 1f2a1f2e 1f2a1f29 1f2c1f30 1f341f2f
3426660 1f301f2f 1f2b1f31 1f321f31 1f2b1f34
3426700 1f2b1f2f 1f341f2c 1f3c1f3d 1f3f1f43
3426720 1f391f3a 1f3b1f37 1f381f3a 1f371f3b
3426740 1f3e1f3c 1f421f41 1f4a1f3e 1f3c1f3f
3426760 1f3c1f3a 1f451f48 1f441f3f 1f3b1f40
3427000 1f3a1f3b 1f471f48 1f3b1f45 1f451f43
3427020 1f471f40 1f461f43 1f411f4d 1f481f43
3427040 1f481f4e 1f461f47 1f3f1f42 1f471f47
3427060 1f431f45 1f501f45 1f491f4a 1f491f40
3427100 1f4c1f4e 1f511f4d 1f491f4f 1f4a1f4c
3427120 1f4e1f4e 1f501f4e 1f4d1f52 1f4b1f4f
3427140 1f4d1f47 1f471f4d 1f4f1f4d 1f561f51
3427160 1f5b1f57 1f541f52 1f571f53 1f571f58
3427200 1f541f5f 1f511f4e 1f581f58 1f5b1f5a
3427220 1f541f58 1f551f56 1f5a1f5c 1f551f54
3427240 1f601f5a 1f5f1f63 1f5e1f6b 1f561f5c
3427260 1f5f1f5b 1f5c1f59 1f591f59 1f571f5c
3427300 1f611f5d 1f5c1f5d 1f571f5a 1f551f5a
3427320 1f591f59 1f671f5f 1f681f62 1f661f65
3427340 1f5c1f60 1f621f69 1f6b1f64 1f651f69
3427360 1f5f1f5e 1f5a1f60 1f5f1f60 1f621f5f
3427400 1f671f60 1f641f62 1f671f65 1f6a1f69
3427420 1f651f64 1f6a1f64 1f5d1f68 1f611f63
3427440 1f621f63 1f5b1f61 1f5e1f62 1f651f61
3427460 1f601f66 1f641f65 1f651f62 1f5f1f5e
3427500 1f621f63 1f6c1f67 1f701f65 1f591f65
3427520 1f631f61 1f651f5d 1f6a1f6b 1f731f6d
3427540 1f6b1f6f 1f721f64 1f651f6b 1f691f65
3427560 1f671f68 1f641f63 1f691f63 1f661f66
3427600 1f631f62 1f5e1f62 1f661f64 1f671f69
3427620 1f661f64 1f5f1f60 1f661f66 1f691f6b
3427640 1f6b1f62 1f641f66 1f651f67 1f6c1f72
3427660 1f631f6d 1f671f5d 1f6b1f69 1f681f6b
3427700 1f6d1f6c 1f611f63 1f601f5f 1f5e1f5b
3427720 1f5e1f65 1f601f67 1f611f60 1f671f66
3427740 1f671f6f 1f641f62 1f601f61 1f671f64
3427760 1f6c1f60 1f671f6d 1f651f5f 1f621f6e
3430000 1f6b1f65 1f661f66 1f6e1f6d 1f661f66
3430020 1f5c1f69 1f651f63 1f6d1f68 1f651f6c
3430040 1f6b1f69 1f6c1f6e 1f6a1f6d 1f6e1f6a
3430060 1f6b1f6a 1f661f6e 1f691f6d 1f6b1f6a
3430100 1f6e1f6c 1f6c1f71 1f6d1f6c 1f651f68
3430120 1f6c1f6c 1f711f72 1f721f72 1f701f72
3430140 1f721f75 1f6e1f6c 1f711f6e 1f761f7a
3430160 1f7e1f80 1f7f1f82 1f7e1f7c 1f7a1f75
3430200 1f761f7a 1f721f79 1f701f77 1f7b1f7a
3430220 1f7b1f78 1f7e1f87 1f871f78 1f871f8c
3430240 1f811f79 1f7c1f82 1f791f7b 1f7f1f79
3430260 1f7d1f7c 1f7f1f76 1f771f79 1f7f1f7b
3430300 1f841f7b 1f811f80 1f871f82 1f831f84
3430320 1f891f82 1f7e1f8a 1f771f7e 1f851f7d
3430340 1f871f81 1f821f85 1f8a1f88 1f851f8f
3430360 1f831f88 1f8c1f86 1f851f7f 1f881f86
3430400 1f831f8a 1f901f88 1f911f8e 1f971f8e
3430420 1f971f98 1f921f98 1f931f95 1f921f91
3430440 1f941f8e 1f9a1f98 1f991f95 1f991f99
3430460 1f981f93 1f931f91 1f9a1f96 1fa51fa8
3430500 1f9b1fa0 1f9e1fa2 1f9c1fa3 1fa01fa5
3430520 1f9e1fa2 1fa31fa7 1fa31fad 1fa01fa7
3430540 1fa41f9d 1fa71fa5 1fa91faa 1fac1fa7
3430560 1fab1fab 1fa91faa 1fac1fab 1fb11fac
3430600 1fb11fb1 1fb11fad 1fad1fae 1fb91fb9
3430620 1fb11fb3 1fb41fb4 1fb61fb5 1fb01fb6
3430640 1fb41fb1 1fb51fb0 1fba1fb4 1fb31fb3
3430660 1fb31fb7 1faf1fbb 1fb21fb1 1fb61fa9
3430700 1fb81fb3 1fbc1fbf 1fbe1fbc 1fb81fb3
3430720 1fbc1fbd 1fc71fc5 1fc41fc9 1fca1fca
3430740 1fc91fca 1fc51fbc 1fcd1fcc 1fca1fc8
3430760 1fcd1fc9 1fc21fca 1fc91fc6 1fc41fc2
3431000 1fcb1fc3 1fce1fd3 1fcf1fd1 1fc81fcc
3431020 1fce1fcd 1fd31fcd 1fd01fd1 1fd41fce
3431040 1fdc1fda 1fd51fdb 1fcc1fd4 1fcc1fce
3431060 1fd21fd4 1fd81fd0 1fd71fd3 1fd61fd8
3431100 1fd71fd9 1fd01fd3 1fd31fd5 1fcf1fd0
3431120 1fd31fd3 1fce1fcf 1fcf1fd0 1fca1fd2
3431140 1fd41fd1 1fe01fd5 1fdc1fde 1fd81fd8
3431160 1fde1fdc 1fdd1fde 1fe41fd8 1fde1fe2
3431200 1fdc1fe0 1fd21fcf 1fdc1fd2 1fce1fda
3431220 1fde1fd6 1fdd1fdd 1fdc1fe1 1fd91fda
3431240 1fd61fd9 1fd71fd5 1fd51fdd 1fda1fd3
3431260 1fdf1fda 1fd51fd3 1fcd1fd9 1fd41fd7
3431300 1fd91fd8 1fdc1fe1 1fd41fdc 1fe01fdb
3431320 1fdf1fdd 1fd91fdf 1fd41fdb 1fd51fd5
3431340 1fdc1fda 1fe81fdf 1fea1fde 1fe81feb
3431360 1fe31fe7 1fe71fe1 1feb1fe7 1fe81fe2
3431400 1fe51fe7 1fe31fe6 1fdf1fe4 1fe41fe5
3431420 1fdd1fde 1fdf1fdb 1fdc1fd8 1fdb1fde
3431440 1fe41fe7 1ff21fe5 1ff51fe9 1fe21fe5
3431460 1fef1fec 1fe51fe9 1fe81fe5 1fe51fe7
3431500 1fe41fdd 1fe71fea 1fe11fe2 1fe21fdd
3431520 1fe31fdf 1fdd1fdf 1fe01fe5 1fe21fdc
3431540 1fe61fe2 1fe71fe4 1fe61fe8 1fe81feb
3431560 1fe31fe7 1fe01fe3 1fe51fe5 1fe51fe6
3431600 1fe11fe6 1fe61fdf 1fe71fe5 1fe61fe5
3431620 1fe41fe0 1fe81fe8 1fe01fe7 1fe31fea
3431640 1fe61fdf 1fde1fe4 1fe01fdf 1fe71fe1
3431660 1fdd1fdf 1fde1fe0 1fdb1fdc 1fdb1fdd
3431700 1fe41fdf 1fea1fde 1fe21fea 1fe01fe4
3431720 1fde1fd9 1fe51fe4 1fe51fe2 1fe91fec
3431740 1fe21fe7 1fe01fdc 1fe21fdb 1fe01fdf
3431760 1fde1fde 1fdf1fdd 1fe21fe3 1fe01fe1
3432000 1fe41fde 1fdc1fe3 1fdf1fdf 1fdf1fdf
3432020 1fda1fe2 1fe11fdb 1fdb1fdf 1fd81fd9
3432040 1fd51fd4 1fd71fd9 1fd81fd7 1fdb1fd9
3432060 1fcd1fd9 1fd11fd0 1fcb1fcb 1fda1fd1
3432100 1fd81fd4 1fd41fd7 1fd51fd3 1fd61fd7
3432120 1fd71fd3 1fdb1fd8 1fdd1fda 1fd51fd7
3432140 1fcd1fcf 1fd21fce 1fcd1fd2 1fc41fd4
3432160 1fcb1fcf 1fdd1fd3 1fd91fd8 1fd31fce
3432200 1fc41fca 1fd81fd0 1fd31fd6 1fd51fd4
3432220 1fd91fd4 1fd41fd6 1fd51fd4 1fd91fd1
3432240 1fd91fdb 1fcf1fd6 1fd01fd6 1fcd1fcc
3432260 1fd41fce 1fd31fcf 1fd71fd4 1fd31fd7
3432300 1fd81fd2 1fd71fdd 1fd81fd9 1fd51fd4
3432320 1fd71fd4 1fd41fd5 1fe01fdd 1fdf1fde
3432340 1fdf1fe3 1fd51fd9 1fd91fdc 1fd51fd5
3432360 1fdb1fda 1fe01fdf 1fe11fdd 1fe41fe2
3432400 1fe51fdf 1fe61fe2 1fe11fe5 1fdb1fe0
3432420 1fd51fd5 1fe21fdb 1fe11fdd 1fe41fd9
3432440 1fe71ff1 1fe41fe8 1fe01fe8 1fed1fe4
3432460 1fe31fea 1fe71fe5 1fea1feb 1fe21fe3
3432500 1fe41fdb 1fe41fe7 1fe81fec 1feb1fe6
3432520 1fe81fe6 1ff21ff2 1fe91ff3 1fec1ff1
3432540 1ff11ff1 1ffb1ff2 1ff61ffb 1ff71ffb
3432560 1ff61ff5 1ff71ffa 1ff81ffd 20011ffe
3432600 1fff1ffb 1ffe2004 20062004 2000200a
3432620 1ffb1ffb 1ffb1ff5 1ff81ffa 20021ffe
3432640 20072003 200a1fff 200e2006 200e200c
3432660 20112013 200d2011 200b200e 2006200c
3432700 20182018 200d2018 20122010 2017200d
3432720 20152015 20142010 20132013 201a2010
3432740 201e2016 201e201e 201a201f 20212021
3432760 20222021 2024201c 201f2024 20212022
3433000 201f2024 20192020 2027201b 20262024
3433020 2026202d 20322028 20382033 20322032
3433040 20332030 2031202d 20342033 202e2037
3433060 2035202e 20342032 20382039 203f203c
3433100 20412043 20372040 203a2040 203e2036
3433120 20372037 203a2035 2046203e 20432046
3433140 20502045 2040204d 20412044 2044203e
3433160 204e2048 204b2051 2045204d 20482048
3433200 20492048 204e204d 20522054 204e2057
3433220 2054204e 2052204f 20502053 20562054
3433240 20532053 2056205a 20502054 205c2057
3433260 205b205f 20592063 205e205c 2060205a
3433300 20642062 2055205b 20572056 20612057
3433320 20652064 205d2060 205e205b 2059205d
3433340 2059205b 205b205c 20582059 205c2059
3433360 2057205c 205a205d 205f2056 205d205d
3433400 2059205a 2059205d 20592053 2061205d
3433420 205a2060 20682068 20622060 20612060
3433440 205e205e 2058205d 20602064 20642065
3433460 20642065 20642063 2058205d 205b205c
3433500 20552056 20642061 20672061 206b2067
3433520 20682073 2066206b 2067206a 206b2068
3433540 206e2071 20612069 205d2065 205e205b
3433560 2068205b 20692069 20692066 2068206d
3433600 206c206b 20632064 205b205f 205c2059
3433620 2066205a 206d2069 20642065 20692063
3433640 206d2068 2068206b 20682070 206b2064
3433660 20662068 20602064 20642062 206e2070
3433700 206d2068 20672069 20652062 206a2066
3433720 206a2064 20672064 20692065 20642067
3433740 20642067 20652062 205e205d 205e205c
3433760 205f205c 20622064 205e2064 205f205d
3434000 20632060 205d2063 205c2057 20592059
3434020 205b2056 20582056 20562056 205d205c
3434040 205a205b 2054205b 20562059 205a2050
3434060 205f205d 205f205d 205d205e 205e205c
3434100 205a2058 205b205d 20582059 205e205e
3434120 2059205f 2052204c 20582056 20502053
3434140 205a205d 20552055 2052205a 20552058
3434160 20592057 2052205c 20552053 204e2057
3434200 20532050 20572055 20582055 204e204c
3434220 204a2046 20472043 204a2047 204e204c
3434240 20452042 20472045 2049204b 20422045
3434260 2049203c 20472048 20412044 20452045
3434300 20492043 20462043 20422042 204b2048
3434320 2042204b 20402048 203a2043 2043203e
3434340 20442041 2047204b 20472046 20452041
3434360 20422045 2042204d 204e204d 203b203d
3434400 2042203d 203a203a 2041203f 20482048
3434420 203f203f 2041203d 203c203b 2044203d
3434440 203b2040 203c203d 20452040 20482045
3434460 20432043 204a204a 20412048 20422039
3434500 2041203c 20452040 20452043 20432045
3434520 204d204e 204e2048 20422045 20432041
3434540 20432041 203d203d 20452041 2045204d
3434560 20462051 2041203e 2042203f 20472043
3434600 204c2045 204a204c 2052204d 20562052
3434620 2052204f 203f2043 2049204f 2049204e
3434640 204d2044 20512053 20542052 20562051
3434660 20502052 204f204d 2051204e 204e2055
3434700 20532055 205a2058 205c2058 205c2058
3434720 205e2062 205a205e 205e2059 205f2061
3434740 20642064 20692067 2065206d 206a2067
3434760 206d2069 20682065 20632066 20602061
3435000 205e205f 206a2063 20692070 20662068
3435020 20662068 206c206c 2073206b 20712071
3435040 206e2073 2074206e 206f2071 207c2079
3435060 207c2071 20752081 207e207f 207b2077
3435100 207d207b 20812079 207a207e 208b208b
3435120 207f2081 207f207c 208d2086 208c208e
3435140 208e208d 2090208d 208c2090 208d208d
3435160 208c208f 2086208e 208d208a 209a2093
3435200 209f2095 209d20a1 209e209e 20a220a5
3435220 20a0209e 209d2098 20a2209c 209b20a2
3435240 20a020a6 20ad20a6 20a920a6 20ad20a7
3435260 20ac20a7 20ae20a7 20ab20ae 20ad20a6
3435300 20a520ad 20b120af 20b520b5 20ac20af
3435320 20b020aa 20af20a9 20ab20b5 20b420b5
3435340 20b420b1 20b520ba 20bd20b7 20b720af
3435360 20ba20bc 20c120c3 20be20c1 20c020c1
3435400 20c420c2 20c620c3 20ce20c4 20cc20d0
3435420 20c920d3 20c420cd 20c920ce 20c520c6
3435440 20d320ce 20d320d2 20d220d3 20ce20d6
3435460 20d520d5 20d220d0 20c720ca 20ce20ce
3435500 20c920cd 20d120d0 20d520d6 20cc20d4
3435520 20d720d6 20d220d5 20d620db 20d020d7
3435540 20cd20cc 20d320d1 20d820dc 20d920db
3435560 20d620d7 20ce20d4 20d220d0 20db20d9
3435600 20e920e3 20e020e2 20de20e0 20de20d9
3435620 20e820e1 20de20e4 20e920e6 20e420e9
3435640 20e620e8 20e220e1 20dd20d9 20de20e1
3435660 20d820d9 20dd20dc 20da20e0 20e820dd
3435700 20e120e2 20e020e6 20e620e1 20eb20e3
3435720 20e720ea 20ee20ef 20ea20ec 20e620ea
3435740 20ea20ec 20e720e6 20f020e9 20e520e2
3435760 20e720e8 20e420eb 20e820e2 20e420e3
3436000 20db20e0 20dd20e2 20e320e6 20e620e4
3436020 20e920f0 20e120e7 20dc20e4 20e620db
3436040 20e420e3 20e720e2 20ea20e9 20eb20e8
3436060 20e320e8 20ec20f4 20df20eb 20dc20e9
3436100 20e520e3 20de20d4 20e520de 20e420df
3436120 20e720e9 20e520ee 20e720e6 20ee20ee
3436140 20e920e5 20d720df 20dc20db 20e820da
3436160 20e520e7 20dc20dd 20da20d7 20d820db
3436200 20db20dd 20df20df 20dc20db 20dc20de
3436220 20dc20db 20d720da 20e120dc 20db20db
3436240 20d620db 20dc20dc 20db20dd 20dd20dc
3436260 20dd20dd 20d620d4 20d320d7 20d620da
3436300 20d520d6 20cf20d4 20d420d3 20ce20cf
3436320 20d220d5 20db20d5 20ca20d5 20cc20cf
3436340 20ca20d9 20d120d1 20c720c7 20c820c9
3436360 20cd20c5 20cf20ce 20c820cb 20d320cc
3436400 20ce20cd 20ca20ca 20cc20cd 20cd20cf
3436420 20cb20cd 20c620cb 20c720c1 20c520c4
3436440 20c120c5 20c420bb 20b820bc 20b620b8
3436460 20bf20bc 20be20b9 20bb20bb 20b520bd
3436500 20b820b7 20ab20ba 20b020af 20b920b5
3436520 20ae20b0 20ac20b9 20b720b5 20b220b8
3436540 20b020ae 20af20ae 20a920b2 20ad20ab
3436560 20b020aa 20aa20ae 20ab20a8 20a3209d
3436600 209e20b0 20a920a1 20a720a5 20a520ae
3436620 20ad20a9 20a220ac 20aa20ac 20ab20aa
3436640 20a420a2 20a720a6 20a920aa 20a520ad
3436660 20ab20a9 20ae20ae 20a720a9 20ab20a6
3436700 20ac20ac 20b020aa 20b120b1 20b120af
3436720 20b120b2 20af20b2 20b220a8 20b020a9
3436740 20ac20ad 20a920ac 20a420a8 20aa20aa
3436760 20a820af 20a420ae 20ae20ac 20b020ad
3437000 20b420b1 20aa20b3 20a220a8 20a920a6
3437020 20a720a5 20a820a8 20aa20a6 20af20b1
3437040 20b020b3 20aa20a9 20b620ad 20ac20ac
3437060 20ad20ab 20ad20b4 20ad20b4 20a720ae
3437100 20ac20a5 20a720ab 20af20a8 20b120b4
3437120 20b720aa 20b820b8 20bb20b9 20c120be
3437140 20b920bd 20b420b7 20af20ad 20b120b2
3437160 20af20b1 20b420ad 20b820b2 20bd20b5
3437200 20bd20be 20be20c1 20c420c2 20c720c2
3437220 20c720c8 20c720cd 20c820c9 20d220cb
3437240 20cd20cf 20c120ce 20c320c7 20c520cf
3437260 20cf20d0 20cc20d0 20c920c5 20c020c4
3437300 20cd20c5 20d120cb 20d020d6 20cf20c9
3437320 20d220d6 20d520d2 20dc20d7 20d620d4
3437340 20d220d3 20c820cb 20ca20d0 20d320ca
3437360 20da20d5 20e720dd 20de20e2 20e020dd
3437400 20eb20e0 20ea20e9 20ee20eb 20eb20eb
3437420 20ef20ef 20eb20f5 20f220ea 20f420f6
3437440 20f320f2 20f520f5 20f820f2 20fd20f3
3437460 20f420f7 20f320f5 20f020f2 20f520f0
3437500 20fd20f2 20fb20f7 20f72103 210c2103
3437520 210e2109 210c210a 210b210c 21022108
3437540 21062107 210a2106 210e2107 210f2105
3437560 2112210e 21082107 210e210d 210a2109
3437600 210e210f 21122105 21132115 211a2110
3437620 211d211d 211c2119 21172118 2118211c
3437640 211c2118 21182120 21202119 2123211d
3437660 21222122 21222119 2127211c 212c2127
3437700 21352130 21302134 21302135 21282127
3437720 2128212d 212b212e 2133213a 212f2132
3437740 21362132 21342137 21312133 21352133
3437760 212a2134 2134212f 21362138 21342139
3440000 21372134 21332138 21372139 212d212d
3440020 2139212e 21362142 21432134 21362136
3440040 21332136 213b2137 213b2134 213b2133
3440060 213d212c 21382135 21352134 21372138
3440100 213a2138 213d213d 213e213c 213e2140
3440120 21452143 213c2146 213f2143 213d2145
3440140 21422145 214a214b 21482144 214f2151
3440160 2149214a 2148214f 2148214e 214c2149
3440200 214e2146 2143214c 21442145 214c214a
3440220 21482148 214e2148 2145214b 21432148
3440240 21402141 2143213f 21442146 213d2142
3440260 21452142 21482146 214a2141 21452147
3440300 21452140 b01004d0 00001004 0001000a
3440320 00010000 03b16054 00000ffc 0001000a
3440340 1400003c add01f00 add01f01 add01f02
3440360 add01f03 add01f04 add01f05 add01f06
3440400 add01f07 add01f08 add01f09 add01f0a
3440420 add01f0b add01f0c add01f0d add01f0e
3440440 add01f0f add01f10 add01f11 add01f12
3440460 add01f13 add01f14 add01f15 add01f16
3440500 add01f17 add01f18 add01f19 add01f1a
3440520 add01f1b add01f1c add01f1d add01f1e
3440540 ff000134 00000020 00000002 d3a357a8
3440560 00000001 deadbeef f0000002 d3a35794
3440600 2b0b50fb 00000000 00000134 00001f48
3440620 a01104d1 21ba214d 21bd21bc 21c121c7
3440640 21c821b8 21ce21ce 21cb21d0 21cc21cc
3440660 21ca21ca 21c621ca 21c121c6 21c421c7
3440700 21ce21cc 21c721cd 21ce21c9 21c521ce
3440720 21ca21cb 21c721c5 21d421d0 21db21db
3440740 21d221cf 21dc21d5 21d721d9 21dc21d9
3440760 21d821d6 21d621d3 21d521da 21d721d6
3441000 21d921df 21de21db 21da21e2 21d821dd
3441020 21d821d8 21d721d8 21df21da 21db21dc
3441040 21df21dd 21e421e1 21e121df 21ec21df
3441060 21e921eb 21ed21ec 21ed21eb 21ea21e8
3441100 21e321eb 21e521e6 21ed21ef 21ef21f0
3441120 21f221ef 21f721f2 21f321fa 21f121f5
3441140 21fe21fa 21fb21fc 21f621f6 21f221f2
3441160 21f421f1 21f821f9 21f921f6 220321fd
3441200 21f821fd 22062202 21f92203 21fc21f8
3441220 220521fe 22012204 21fa21fd 22032202
3441240 2207220c 220f220b 220f2210 22022211
3441260 220b2208 2205220d 22052208 22092209
3441300 2096219c 1edd1fab 1de31e42 1d891da9
3441320 1d601d6f 1d5c1d5c 1d571d5b 1d5d1d5a
3441340 1d591d55 1d501d51 1d4f1d4e 1d541d59
3441360 1d561d5a 1d4d1d4f 1d531d55 1d4e1d53
3441400 1d541d55 1d5a1d56 1d571d56 1d5c1d56
3441420 1d5a1d5c 1d5e1d5c 1d5d1d5d 1d5c1d54
3441440 1d5c1d58 1d5b1d53 1d561d5e 1d541d50
3441460 1d5a1d59 1d5e1d5f 1d681d67 1d6a1d6a
3441500 1d6a1d69 1d661d69 1d671d66 1d631d67
3441520 1d621d61 1d681d68 1d5f1d66 1d5e1d5e
3441540 1d671d68 1d6c1d6d 1d651d64 1d711d67
3441560 1d691d72 1d6b1d73 1d681d6e 1d6e1d6a
3441600 1d721d69 1d741d74 1d6e1d6d 1d781d78
3441620 1d781d78 1d771d78 1d751d76 1d7b1d7b
3441640 1d7a1d77 1d761d76 1d7e1d7c 1d7e1d80
3441660 1d7d1d77 1d7b1d83 1d781d7b 1d801d7f
3441700 1d801d82 1d731d83 1d751d76 1d7e1d77
3441720 1d771d78 1d7b1d77 1d7c1d7d 1d7a1d81
3441740 1d7c1d7d 1d7e1d7e 1d7e1d81 1d7b1d7f
3441760 1d811d82 1d841d81 1d881d86 1d7e1d7f
3442000 1d7a1d79 1d7c1d7b 1d7f1d7b 1d7f1d7d
3442020 1d821d81 1d7a1d80 1d831d84 1d821d7f
3442040 1d8d1d80 1d831d85 1d7e1d8c 1d891d87
3442060 1d8e1d87 1d831d82 1d7e1d7f 1d7d1d7f
3442100 1d831d83 1d871d89 1d881d83 1d821d84
3442120 1d821d83 1d831d82 1d791d78 1d7f1d7c
3442140 1d801d7a 1d7d1d85 1d7d1d7a 1d7b1d80
3442160 1d7e1d81 1d7f1d78 1d771d82 1d791d7f
3442200 1d7b1d82 1d831d80 1d7e1d7f 1d761d75
3442220 1d7d1d7e 1d7a1d72 1d7a1d78 1d741d7d
3442240 1d781d7a 1d7e1d77 1d731d7e 1d791d6e
3442260 1d771d76 1d781d71 1d781d7d 1d761d75
3442300 1d791d7a 1d6e1d72 1d711d73 1d731d71
3442320 1d6f1d74 1d711d6c 1d711d73 1d761d6c
3442340 1d6b1d70 1d701d71 1d701d6d 1d6e1d6d
3442360 1d631d69 1d6b1d63 1d691d66 1d681d67
3442400 1d5d1d66 1d611d63 1d611d64 1d671d68
3442420 1d671d66 1d6e1d64 1d631d6e 1d6a1d63
3442440 1d681d6b 1d721d6a 1d6a1d69 1d631d67
3442460 1d651d69 1d651d60 1d681d64 1d581d60
3442500 1d571d56 1d601d54 1d5f1d5b 1d651d5e
3442520 1d621d65 1d6b1d6a 1d651d69 1d691d6b
3442540 1d631d64 1d601d63 1d631d68 1d5d1d60
3442560 1d631d62 1d6a1d66 1d681d64 1d561d60
3442600 1d601d5f 1d591d5c 1d651d5f 1d601d5f
3442620 1d651d5f 1d651d69 1d641d66 1d631d62
3442640 1d651d5d 1d5b1d60 1d641d60 1d5e1d5f
3442660 1d631d5f 1d6a1d5e 1d601d6c 1d641d64
3442700 1d631d6f 1d6e1d55 1d6b1d67 1d671d66
3442720 1d6a1d6b 1d641d65 1d681d60 1d6a1d6a
3442740 1d691d6a 1d681d66 1d641d69 1d6f1d6c
3442760 1d681d6a 1d6d1d69 1d6f1d6b 1d6c1d67
3443000 1d741d6f 1d751d78 1d781d76 1d711d7b
3443020 1d6f1d6e 1d731d79 1d7a1d72 1d7f1d7a
3443040 1d821d7c 1d7d1d7d 1d7a1d7e 1d7c1d7b
3443060 1d751d80 1d7f1d7d 1d791d82 1d821d7f
3443100 1d7c1d83 1d811d7c 1d801d80 1d911d89
3443120 1d8a1d90 1d881d87 1d8d1d8a 1d901d8c
3443140 1d8b1d8d 1d941d8a 1d911d97 1d911d95
3443160 1d941d91 1d921d96 1d951d94 1d971d99
3443200 1d9d1d97 1da41da3 1da41d97 1da21daa
3443220 1da11da2 1da71da2 1da61da3 1dac1dad
3443240 1da51dab 1da51da3 1d9e1d9f 1da81da4
3443260 1db31db3 1dbd1db4 1dbb1db8 1db61dbe
3443300 1db61dba 1dc41dbb 1dba1db5 1dc41dc0
3443320 1dc71dc8 1dce1dd2 1dc81dcf 1dcd1dd1
3443340 1dd01dd5 1dcc1dc9 1dd11dd2 1dd91dd0
3443360 1dd11dce 1dd61dd1 1dd71dda 1ddd1de3
3443400 1dd21ddd 1de11de0 1ddd1dde 1de41dde
3443420 1dde1ddd 1dea1de0 1dea1de6 1de61de5
3443440 1de61de7 1de51dec 1de81ded 1df51de9
3443460 1df21df0 1deb1dee 1df01df1 1df81df7
3443500 1df91df2 1dfa1def 1e011e01 1e0d1e02
3443520 1e061e06 1e081e06 1e031e0e 1e021e00
3443540 1e001e00 1e051e08 1e0a1e03 1e0c1e01
3443560 1e071e05 1e0e1e09 1e121e11 1e121e13
3443600 1e161e13 1e161e1a 1e181e1b 1e121e0e
3443620 1e131e0c 1e1d1e1b 1e1b1e1f 1e281e22
3443640 1e2d1e28 1e321e27 1e1e1e2d 1e2a1e23
3443660 1e251e27 1e2d1e27 1e2a1e26 1e2e1e28
3443700 1e281e29 1e261e26 1e271e32 1e381e2e
3443720 1e2b1e2d 1e2f1e2f 1e321e34 1e381e39
3443740 1e361e40 1e2c1e2c 1e2b1e2c 1e2f1e35
3443760 1e341e39 1e311e3b 1e2b1e33 1e381e35
3444000 1e411e3b 1e411e44 1e491e42 1e411e44
3444020 1e481e4b 1e4f1e48 1e461e4c 1e501e47
3444040 1e4f1e48 1e4b1e4c 1e4b1e4f 1e4f1e4d
3444060 1e551e4d 1e501e56 1e4d1e51 1e531e54
3444100 1e511e4b 1e4d1e4b 1e4f1e4c 1e591e4b
3444120 1e541e55 1e5e1e55 1e5b1e5a 1e5a1e5e
3444140 1e511e51 1e511e54 1e5c1e56 1e581e58
3444160 1e5e1e5c 1e551e5c 1e5b1e57 1e531e58
3444200 1e5b1e58 1e5b1e5a 1e571e5a 1e671e5d
3444220 1e641e62 1e601e5e 1e5e1e61 1e5b1e61
3444240 1e5f1e60 1e5f1e5c 1e5d1e5f 1e611e59
3444260 1e5b1e5c 1e611e5c 1e681e5d 1e681e68
3444300 1e641e6c 1e5e1e63 1e601e63 1e5c1e5f
3444320 1e5e1e5b 1e5b1e5d 1e5f1e5c 1e591e5c
3444340 1e5e1e61 1e631e5d 1e641e5e 1e5f1e5e
3444360 1e601e67 1e601e58 1e601e62 1e631e64
3444400 1e611e68 1e5f1e60 1e5a1e65 1e5e1e59
3444420 1e551e5a 1e521e54 1e521e52 1e501e55
3444440 1e5a1e5c 1e5d1e5d 1e511e60 1e5f1e5a
3444460 1e551e53 1e561e53 1e541e5d 1e561e57
3444500 1e521e57 1e4b1e52 1e541e50 1e511e56
3444520 1e551e4f 1e4d1e57 1e4c1e49 1e4f1e4b
3444540 1e4e1e53 1e551e52 1e591e57 1e551e53
3444560 1e561e57 1e4f1e54 1e4a1e4d 1e481e48
3444600 1e451e44 1e491e45 1e4c1e49 1e491e48
3444620 1e471e4a 1e411e4c 1e4b1e4b 1e3f1e3f
3444640 1e441e4a 1e441e46 1e4c1e46 1e461e47
3444660 1e431e43 1e3f1e3d 1e391e3f 1e3f1e3d
3444700 1e3e1e3e 1e431e44 1e3c1e44 1e441e40
3444720 1e401e3a 1e411e3d 1e3f1e3d 1e421e4b
3444740 1e381e40 1e3b1e3b 1e361e34 1e391e38
3444760 1e3d1e3b 1e3e1e3d 1e3f1e44 1e381e41
3445000 1e3d1e3f 1e401e3e 1e451e49 1e3c1e44
3445020 1e3c1e38 1e371e38 1e351e34 1e3e1e3b
3445040 1e3f1e3f 1e361e2e 1e311e36 1e321e2e
3445060 1e391e3e 1e351e3a 1e371e31 1e321e37
3445100 1e361e36 1e341e39 1e321e3a 1e321e30
3445120 1e371e2f 1e3a1e41 1e3e1e40 1e3b1e3f
3445140 1e361e38 1e381e3a 1e391e33 1e3f1e40
3445160 1e3d1e40 1e401e3b 1e3d1e41 1e3c1e42
3445200 1e3b1e41 1e451e48 1e3f1e43 1e441e44
3445220 1e411e44 1e471e3f 1e411e45 1e401e42
3445240 1e3f1e39 1e3f1e40 1e441e3c 1e441e43
3445260 1e491e49 1e401e49 1e451e47 1e461e49
3445300 1e4d1e48 1e421e41 1e431e4a 1e4c1e4b
3445320 1e4c1e50 1e501e51 1e4e1e4d 1e511e59
3445340 1e581e55 1e541e55 1e5c1e53 1e581e55
3445360 1e611e60 1e5d1e63 1e5e1e61 1e621e5e
3445400 1e5b1e58 1e5b1e51 1e581e5c 1e601e5c
3445420 1e5c1e5b 1e5e1e5c 1e661e64 1e661e64
3445440 1e661e68 1e611e64 1e661e60 1e6e1e62
3445460 1e6e1e69 1e671e6c 1e6e1e66 1e741e68
3445500 1e6d1e6e 1e711e73 1e711e73 1e701e71
3445520 1e771e70 1e7c1e78 1e781e7b 1e7a1e79
3445540 1e7c1e7e 1e7d1e7a 1e7d1e7d 1e7b1e87
3445560 1e7e1e83 1e861e85 1e8c1e85 1e8f1e87
3445600 1e881e88 1e921e91 1e8d1e8e 1e8e1e88
3445620 1e941e90 1e8d1e97 1e961e8f 1e931e98
3445640 1e9c1e95 1ea51e9d 1e981ea1 1ea01e9b
3445660 1e9a1e92 1ea11e9e 1ea51ea7 1ea81ea7
3445700 1ea61ead 1ea11ea2 1ea01e9c 1ea71ea5
3445720 1ea61eb0 1eaf1ea9 1eb11eb0 1eb31eaf
3445740 1eb41eb3 1eb61eb3 1eb61ebb 1ebd1eb4
3445760 1eba1eb5 1ebd1ebc 1ec21ec1 1ebe1eca
3446000 1ec21eb8 1eb81eb8 1ebe1ebf 1ebd1ebf
3446020 1ed21ec0 1ec51ec9 1ec41ec3 1ec91eca
3446040 1ec71ebe 1ed11ec7 1ed01ec3 1ec51ec3
3446060 1ed21ed0 1ec21ec2 1ecb1ecc 1ed21ed0
3446100 1ed81ed2 1ed31ed6 1ed01ed1 1edc1ed5
3446120 1edd1ed9 1ed81ed9 1ed31edc 1ed71ed9
3446140 1edc1edf 1ee41ee2 1ee01ee8 1ee01ee1
3446160 1ee91ee2 1eea1ee4 1eed1ee6 1ef01ee8
3446200 1ef11ef3 1ef01eec 1ee71eeb 1eec1ee7
3446220 1ee91ee6 1eec1eed 1ef71ef3 1ef21ef7
3446240 1ef11ef6 1ef91ef9 1efe1efb 1ef61ef9
3446260 1ef71ef8 1efe1ef7 1ef81ef8 1efa1efa
3446300 1ef21efe 1efe1efa 1f091f03 1efa1efd
3446320 1f061f02 1f001f09 1f091f04 1f0a1f03
3446340 1f051f06 1f041f03 1f0b1f07 1f101f11
3446360 1f0a1f09 1f0f1f0a 1f0f1f0e 1f141f10
3446400 1f121f14 1f111f11 1f161f0f 1f151f11
3446420 1f141f13 1f1f1f1a 1f1e1f17 1f211f18
3446440 1f1f1f1f 1f221f21 1f1e1f1e 1f161f10
3446460 1f181f12 1f161f19 1f131f16 1f181f14
3446500 1f161f17 1f171f18 1f1c1f1a 1f241f20
3446520 1f1e1f1f 1f231f20 1f1e1f1e 1f211f23
3446540 1f221f23 1f241f26 1f261f23 1f231f1f
3446560 1f211f26 1f1f1f2a 1f231f22 1f271f2d
3446600 1f231f1f 1f241f25 1f221f26 1f2c1f26
3446620 1f251f26 1f2b1f23 1f271f24 1f1c1f28
3446640 1f251f23 1f1a1f1f 1f201f1e 1f1e1f15
3446660 1f171f1f 1f1c1f21 1f1e1f1d 1f1d1f21
3446700 1f211f17 1f1c1f24 1f1d1f20 1f1b1f1b
3446720 1f221f1a 1f241f27 1f1b1f26 1f171f1c
3446740 1f191f1e 1f1d1f17 1f1e1f1e 1f191f18
3446760 1f111f1a 1f181f14 1f1b1f15 1f181f1b
3447000 1f1f1f1c 1f191f20 1f1a1f18 1f1d1f15
3447020 1f251f20 1f161f1b 1f0f1f17 1f151f19
3447040 1f1f1f0f 1f1a1f22 1f121f13 1f121f15
3447060 1f0e1f13 1f131f0d 1f151f0d 1f141f12
3447100 1f0c1f14 1f091f10 1f0c1f0f 1f101f11
3447120 1f101f0f 1f101f09 1f0c1f0d 1f0f1f11
3447140 1f0b1f0d 1f0a1f04 1f091f08 1f0e1f0b
3447160 1f0d1f06 1f041f02 1f061f07 1f041f0a
3447200 1f0b1f0d 1f081f0a 1f0c1f0f 1f121f0e
3447220 1f0c1f11 1f0c1f0d 1f0a1f0a 1f0c1f10
3447240 1f151f0e 1f141f14 1f0e1f0d 1f101f0a
3447260 1f081f08 1f0b1f0d 1f121f0d 1f1a1f0f
3447300 1f041f07 1f161f0a 1f081f0b 1f0d1f0b
3447320 1f121f0b 1f171f12 1f121f16 1f0a1f0f
3447340 1f091f09 1f041f08 1f0a1f01 1f0c1f09
3447360 1f0a1f07 1f0e1f0a 1f081f09 1f0a1f08
3447400 1f081f0a 1f0c1f0b 1f141f0b 1f181f12
3447420 1f0f1f12 1f081f14 1f071f07 1f091f0c
3447440 1f131f13 1f191f12 1f121f13 1f0f1f14
3447460 1f0f1f12 1f0a1f12 1f111f0b 1f161f0e
3447500 1f161f13 1f161f1b 1f171f10 1f191f13
3447520 1f151f1b 1f101f15 1f181f16 1f181f14
3447540 1f151f15 1f1e1f17 1f121f1b 1f291f19
3447560 1f191f1a 1f1c1f19 1f1f1f1d 1f241f23
3447600 1f1a1f24 1f181f18 1f1d1f17 1f241f19
3447620 1f221f2c 1f291f24 1f271f2a 1f281f24
3447640 1f251f2c 1f221f25 1f221f20 1f251f26
3447660 1f281f26 1f2f1f2f 1f2d1f39 1f271f32
3447700 1f251f2b 1f321f28 1f311f34 1f341f30
3447720 1f331f3b 1f351f31 1f3b1f3c 1f381f37
3447740 1f371f3b 1f3f1f40 1f361f3b 1f3b1f35
3447760 1f421f3d 1f461f3e 1f3d1f44 1f3c1f3f
3450000 1f3c1f3e 1f431f3f 1f371f3d 1f4d1f41
3450020 1f4f1f53 1f4e1f44 1f3b1f47 1f481f42
3450040 1f411f46 1f401f47 1f481f40 1f421f40
3450060 1f481f51 1f511f50 1f4b1f51 1f4a1f4b
3450100 1f511f4d 1f4e1f51 1f581f52 1f531f55
3450120 1f581f58 1f531f56 1f561f55 1f5a1f54
3450140 1f581f5e 1f5a1f5b 1f5a1f59 1f5c1f63
3450160 1f681f60 1f621f66 1f671f64 1f5f1f67
3450200 1f691f64 1f6a1f6a 1f651f61 1f6b1f6a
3450220 1f6f1f6e 1f6c1f69 1f781f78 1f741f6f
3450240 1f701f6e 1f6e1f74 1f6f1f6f 1f781f6d
3450260 1f721f71 1f7b1f78 1f771f74 1f771f7c
3450300 1f761f7f 1f7a1f74 1f771f73 1f781f73
3450320 1f6c1f78 1f7b1f7c 1f731f79 1f7c1f72
3450340 1f7d1f7a 1f751f78 1f801f77 1f821f81
3450360 1f861f80 1f861f82 1f851f85 1f821f86
3450400 1f821f87 1f841f86 1f871f81 1f851f85
3450420 1f8a1f89 1f961f95 1f921f92 1f881f88
3450440 1f881f8c 1f941f8b 1f961f94 1f961f91
3450460 1f8a1f91 1f8b1f98 1f901f92 1f961f91
3450500 1f9a1f91 1f951f96 1f9c1f97 1f931f91
3450520 1f941f95 1f9b1f9d 1f991f9b 1f991f97
3450540 1fa41fa0 1fa31fa0 1fa51fa7 1f9e1f9e
3450560 1fa01fa2 1fa21fa3 1f9d1f9e 1fa01f98
3450600 1f9d1fa3 1f9f1f9c 1fa71fa2 1faf1fac
3450620 1fa51fa3 1fa41fa5 1fa01fa6 1fad1fab
3450640 1fb11fb0 1fae1faa 1fa71fa6 1f9d1f9f
3450660 1fa11fa4 1fa71fa6 1fae1fa4 1fa91fa6
3450700 1fa61fa5 1fa61fae 1fa31fa4 1faf1fa8
3450720 1fa81fae 1fa21fa8 1fa41fa7 1fa81fa8
3450740 1fad1fa8 1fa41fab 1fb31fac 1faf1faf
3450760 1fb61fb0 1fb91fb2 1fac1faf 1fac1fb1
3451000 1fb01fb2 1fb21fb2 1fb21fab 1faa1fb3
3451020 1fb41fb1 1fb01fae 1fa91fb3 1fb91fae
3451040 1fac1fb1 1fac1fab 1fb71fb6 1fb71fae
3451060 1fb61fb2 1fae1fae 1fb71fb5 1fad1fb9
3451100 1fae1fab 1faa1fa7 1faf1fa5 1fa81fa7
3451120 1fa71faf 1fac1fa9 1fa71fa5 1fa91fa7
3451140 1faa1fa9 1fab1fa5 1faf1faa 1fab1fa4
3451160 1fa81fa4 1fa11fa4 1fa71fa2 1fa41fa7
3451200 1fac1fa3 1fa21fa3 1fa31fa3 1fa11fa4
3451220 1fa01f9d 1fa61fa3 1fa31fa2 1f9f1fa0
3451240 1fa41fa4 1fad1f9f 1faa1faf 1f9f1fae
3451260 1f9b1fa3 1f961f97 1f9a1f95 1f991f96
3451300 1fa11f9c 1f9f1fa2 1fa81fa1 1fa21fa2
3451320 1fa51f9e 1fa21fa3 1fa11fa3 1fa51fa7
3451340 1fa51fa1 1fa31f9b 1fa21f9e 1f9f1fa2
3451360 1fa51fa2 1fa11fa8 1fa51f9f 1fac1fac
3451400 1fa41fa8 1faa1fa5 1fa81fa7 1faa1fa6
3451420 1f9e1faa 1faa1fa4 1fa81fa8 1fa61fa7
3451440 1fab1fa8 1fb31faa 1fb11fb3 1fab1fae
3451460 1fa71faa 1fa51fa5 1fa11fa3 1fad1fab
3451500 1fa81fb2 1fa71fa0 1fa41fa1 1fa71fa0
3451520 1fa41fa8 1fae1faa 1fad1fad 1f9f1faa
3451540 1f9a1f9c 1f9e1f9d 1fa71fa3 1fa91fa3
3451560 1fa31fa4 1fa81fa4 1fa61fa7 1fa61fae
3451600 1fb71fac 1faf1fac 1fa51fac 1faf1fa9
3451620 1fa41fb0 1fab1fa9 1fae1fa9 1fa71fb0
3451640 1faa1fb3 1fa81fae 1fae1fac 1fb41fac
3451660 1fb61fb4 1fb11fb5 1fac1faa 1faa1fa7
3451700 1fb41fb4 1fb31fb7 1fa91faf 1fa51faa
3451720 1fa81fa3 1fad1fa9 1fb71fad 1fb71fb5
3451740 1fb21fb8 1fb81fb9 1fc31fc3 1fc21fbe
3451760 1fc01fc6 1fbe1fc1 1fb51fb2 1fb71fb0
3452000 1fb21fb7 1fb71fc0 1fc01fbd 1fc51fbd
3452020 1fc21fc0 1fbb1fbd 1fc41fc1 1fc71fc4
3452040 1fc61fc6 1fc71fc4 1fc41fc4 1fc21fd0
3452060 1fc71fc8 1fc51fc6 1fce1fb9 1fc71fcc
3452100 1fc81fcc 1fce1fcf 1fca1fcb 1fce1fca
3452120 1fc91fca 1fc41fc9 1fd21fd2 1fc71fc8
3452140 1fcf1fc7 1fc81fd1 1fc81fc5 1fcd1fca
3452160 1fd61fc4 1fd21fcd 1fcf1fce 1fcb1fd5
3452200 1fd71fd4 1fda1fdb 1fd51fdc 1fdc1fd6
3452220 1fdb1fe1 1fdf1fd9 1fe01fdd 1fe41fe0
3452240 1fe41fe6 1fe21fe8 1fe41fe8 1fd91fdb
3452260 1fe11fd7 1fe11fdc 1fe11fe2 1ff71fe9
3452300 1fef1ff3 1fe81fea 1ff11fee 1fe71fea
3452320 1fee1fe9 1fed1ff0 1ff51ff5 1fef1ff1
3452340 1ff31fef 1ff21ff3 1ff81ff6 1ff61ff6
3452360 1fef1ff4 1ff61ff0 1ff71ff4 1ff81ff4
3452400 1ff91ff5 1ff31ff8 1ff41fef 1ffd1ff8
3452420 1ff91ffb 20031ff7 1ffb1ffc 1ff61ff4
3452440 1ffc1ffb 20012001 1ffc1ffa 1ff51ff1
3452460 20041ff5 1ff11ffe 20001ff7 1ffc2001
3452500 20001ffd 1ff72003 1ffb2000 20052002
3452520 1ffa1ffb 1ffc1ffc 20011ffa 20022007
3452540 2006200b 20062003 20072006 20032009
3452560 200e2006 2010200b 2013200d 20142012
3452600 20142013 200d200a 20042010 2014200f
3452620 20102007 2013200e 20142017 20152015
3452640 20172019 201c2016 201a2020 20192019
3452660 20182013 20122015 20192017 201a2013
3452700 20172015 20152016 201b2017 201f201b
3452720 201d2020 2016201b 2027201e 2021202e
3452740 20252028 201e2025 201d2027 201e2020
3452760 201f2018 20162022 201f201f 201d201f
3453000 20242029 20242024 20292025 202e202f
3453020 20282035 202b2025 202d2028 202e2031
3453040 202b202f 202f202b 202e202b 202b2027
3453060 202e2025 202c2034 202e2036 202e202d
3453100 2027202c 20252025 202d202b 20292028
3453120 202d2029 20302028 202b2029 20342027
3453140 203d2037 20362038 20382035 20332036
3453160 2030202e 2027202c 20282027 202f202d
3453200 20322034 20372031 203b202f 20362033
3453220 20362032 2037203c 20332035 20312039
3453240 20302037 20322034 20312033 2022202f
3453260 2028202b 2027202a 202d2027 2028202c
3453300 20332032 202f2033 20312032 203b2033
3453320 20332031 20322032 20342031 202f202f
3453340 2031202c 2030202c 2030202b 20362031
3453360 2031202a 202c2033 2036202f 202f202f
3453400 202e202c 2034202f 202e2030 203a2031
3453420 20372034 203d203b 202d2036 202b2032
3453440 202a202b 202c202b 20302030 2034202e
3453460 20312033 2028202a 2024202c 20292029
3453500 20262028 202a2029 20272025 2027202d
3453520 202d202e 20342032 202d202f 2029202b
3453540 20272027 20282026 202b202a 202a202c
3453560 2026202b 202a202b 20252028 20372025
3453600 202b202b 20202028 20222025 20242029
3453620 20292024 202e2026 20282029 20262028
3453640 20212026 202c2028 20352029 2028202f
3453660 2029202f 202e202c 202f2025 202d2029
3453700 2027202d 202d2027 2030202d 20302026
3453720 202e202c 20312031 20362034 20322035
3453740 2034202c 20342034 202f2033 20302032
3453760 20352034 203c203c 20362035 203a203d
3454000 202b2035 20362032 202e2033 2036202d
3454020 2036203a 20382036 2034203b 20382036
3454040 203a2038 2038203c 20372033 20332031
3454060 20412038 2042203e 20442044 20402042
3454100 203f203f 203c2041 20442040 203d2040
3454120 20432046 204a2047 20432044 204d2043
3454140 203e203e 20422047 20482051 20472043
3454160 20472046 2042203b 20452050 20532054
3454200 2051204d 204e204e 20482046 204a204c
3454220 20562059 20542053 20582050 20522052
3454240 20572051 2059205b 20522051 20512051
3454260 2057204d 20522053 20542054 20542059
3454300 205c2055 205e205c 205f2064 205c2058
3454320 20552054 20592055 2056205b 2061205c
3454340 20672065 20682064 20692060 205e2066
3454360 20602062 206c206d 2069206c 206d2062
3454400 20682067 20622066 20662067 2065206d
3454420 207a206e 206e2075 20722069 20742078
3454440 20722072 206f2073 206e206e 20712070
3454460 206d2073 206e2070 20782071 2073207d
3454500 2072206d 20762074 20722075 20742076
3454520 20752077 207c2078 207f2081 2081207a
3454540 207b207e 207b2082 2078207d 207c207e
3454560 207a2080 20782076 20782076 207a207b
3454600 207d207d 207f2078 20882087 207f2081
3454620 2076207d 20812076 207b207f 207e2078
3454640 207e2079 20862084 2081208c 20862081
3454660 2086207f 20862087 20842087 2083208e
3454700 207f2085 208c2089 2089208b 20882087
3454720 20812088 20882085 20892086 208e2090
3454740 20912092 20932092 20852086 207e2080
3454760 2086207d 207d2085 2086208e 208d208b
3455000 2093208c 20912090 20942094 20872092
3455020 20892084 208e2087 2091208c 2091208a
3455040 20962095 20942095 20922092 208a208d
3455060 208c2094 20912090 2091208f 20962099
3455100 20972096 20922095 20932099 20912095
3455120 20942096 20922090 208c2086 20932094
3455140 208d208c 20912091 20932098 20922090
3455160 208d2096 20972097 20992098 20892093
3455200 208f2096 208a2090 208e2092 208c2094
3455220 2088208e 20902091 209a2095 20952096
3455240 20992094 20932092 20922095 20962098
3455260 2097208e 20922091 20952097 20992097
3455300 209b209f 20982098 2099209b 20902094
3455320 208d2093 2090208e 208e208c 20902092
3455340 20932091 20972094 20992096 208f2094
3455360 20992090 2095209e 209a209e 209820a2
3455400 20952097 209d209b 20962097 20a1209e
3455420 209b20a6 209a209c 2096209f 209920a1
3455440 209c2093 2096209d 20922096 2091208e
3455460 20912093 20952093 208d2099 208a2089
3455500 208d2088 208f208d 2090208b 208c2090
3455520 208f2093 20912091 208b208a 208e2087
3455540 208b208b 20862090 20852085 20852087
3455560 20872082 2089208e 208c2086 208f2086
3455600 207f2080 20812085 20832087 20882087
3455620 207b2079 207e207f 20842085 20852083
3455640 207f207e 2083208a 2084207f 2088208f
3455660 20862081 20872080 20842079 2086208a
3455700 207c2083 207f2084 2086208e 20832086
3455720 20852089 20802083 20802080 2081207b
3455740 2084207e 20832081 207f2080 207e2083
3455760 2079207d 207c207a 2080207c 20812084
3456000 207d2080 208b207d 207e2084 20812086
3456020 20832089 20822083 208a2081 208a208b
3456040 208d2088 20842084 20862087 207c207e
3456060 207e2079 20862083 20842084 20862081
3456100 20822086 208a2086 20812081 208c208d
3456120 2087208c 2085208d 20842083 20872086
3456140 20792086 20822082 20842085 2088208a
3456160 20812087 2085208a 20852087 2085207c
3456200 208d2088 20952090 20922091 20902091
3456220 208e208f 208f2091 20922090 20902097
3456240 2090208d 208f2094 20992096 20942098
3456260 209a2094 2099209c 209b209f 209f2097
3456300 2097209d 2097209d 209b209b 209a2095
3456320 20942093 2098209a 209a2097 209d209c
3456340 2097209a 209a209a 2096209d 20a2209a
3456360 209b20a1 20a82099 20a420a3 20ae20a6
3456400 20a820ac 20a520a6 20a320a5 20a420a2
3456420 20a920a3 20a420ac 209f20a5 20a620a1
3456440 20ae20a3 20b320ae 20b620b6 20b920b9
3456460 20b520b7 20b420b2 20b720ba 20b120b4
3456500 20b920b1 20ba20b9 20bf20bd 20bf20bc
3456520 20bb20be 20b520ba 20bd20c2 20bb20b7
3456540 20be20bf 20b820bc 20be20c5 20c320c0
3456560 20c020be 20cb20c4 20c220c2 20cd20ca
3456600 20cd20cf 20c120c4 20c620c5 20cb20cb
3456620 20c720cb 20d220c4 20ca20d3 20cc20cf
3456640 20cc20cb 20c520ca 20ce20c9 20d520c7
3456660 20cb20cf 20cf20cd 20d220d4 20ce20d0
3456700 20d120cb 20cf20c9 20cf20d0 20d820d7
3456720 20d920d8 20da20d4 20d920d7 20d220d7
3456740 20d520d4 20d820da 20da20db 20e020dc
3456760 20e320df 20e820e2 20dd20dc 20e020d8
3457000 20dc20d6 20e220e2 20e820e8 20e020e6
3457020 20dd20e6 20e720e2 20e120e6 20d920df
3457040 20da20df 20e220d9 20e020de 20de20e1
3457060 20dc20df 20df20dc 20da20e7 20e920db
3457100 20e420e9 20e720ea 20e820e6 20e220e7
3457120 20e720ec 20e920e3 20eb20e7 20e820e5
3457140 20de20e9 20e020dc 20e820e3 20e720e5
3457160 20ec20e9 20e820ea 20e720e7 20df20e0
3457200 20e620ea 20e720e5 20e820e3 20e820e4
3457220 20e320e1 20e520ea 20ee20ea 20ed20e6
3457240 20f020ee 20e720ef 20ea20f1 20e720e7
3457260 20e920e6 20e220e6 20e020e0 20e720ea
3457300 20e720e7 20eb20de 20e720ea 20e520e7
3457320 20ed20e7 20e620f0 20e320e8 20e620dd
3457340 20e620e8 20ed20e8 20ec20eb 20e420e2
3457360 20ea20e7 20e120e6 20e620e7 20df20e8
3457400 20e620e9 20e720ea 20e320ea 20e520e9
3457420 20e820ec 20e620ec 20ec20e9 20ee20e7
3457440 20e920e7 20e220ea 20e820e9 20de20e6
3457460 20e220dc 20e220db 20e520e3 20e120e0
3457500 20e920e5 20e320e9 20eb20e9 20e720e8
3457520 20e320e4 20dd20dd 20e020e5 20d720db
3457540 20de20dd 20db20dc 20dd20d8 20d920de
3457560 20e120e2 20d820de 20db20db 20e120e0
3457600 20e220e9 20da20dc 20df20e2 20d920da
3457620 20e320e8 20db20e2 20e720e7 20de20e0
3457640 20e220df 20d820df 20da20d8 20dc20e0
3457660 20d720de 20d720d6 20d520d9 20ce20cf
3457700 20d520d5 20d120d3 20d020ca 20d820ce
3457720 20d420d8 20d720d7 20d620d4 20db20d6
3457740 20d420d0 20cb20c8 20d620d2 20d520d2
3457760 20d620d5 20d320d8 20cf20d6 20d220cf
3460000 20c620cd 20c320ca 20c420c4 20bc20bf
3460020 20c420be 20c520c6 20c320c5 20bd20c3
3460040 20b920bd 20bc20b6 20b220bb 20be20b6
3460060 20bf20bf 20c420c3 20bd20c4 20c320bd
3460100 20be20bc 20bf20c8 20c120be 20c620c1
3460120 20c420bc 20bc20bd 20bf20ba 20bc20be
3460140 20bb20bc 20b820be 20bb20bd 20b720c4
3460160 20bf20bc 20c220c1 20c020c3 20c420c0
3460200 20be20bc 20bf20ba 20c120c4 20bd20c2
3460220 20c220bb 20c620c5 20c420bf 20bf20c2
3460240 20bd20c1 20bf20bc 20c420c3 20c320c1
3460260 20c120c4 20c320c2 20c320be 20b620bc
3460300 20ba20bc 20bc20c3 20d020cc 20be20c2
3460320 20cc20c7 b01104d1 00000f90 0001000a
3460340 00010000 03b16055 00000ffc 0001000a
3460360 1400003c add01f00 add01f01 add01f02
3460400 add01f03 add01f04 add01f05 add01f06
3460420 add01f07 add01f08 add01f09 add01f0a
3460440 add01f0b add01f0c add01f0d add01f0e
3460460 add01f0f add01f10 add01f11 add01f12
3460500 add01f13 add01f14 add01f15 add01f16
3460520 add01f17 add01f18 add01f19 add01f1a
3460540 add01f1b add01f1c add01f1d add01f1e
3460560 ff000134 00000020 00000002 d3c098e5
3460600 00000001 deadbeef f0000002 d3c098d1
3460620 3209a823 00000000 00000134 00001f48
3460640 a01004d2 221320c1 22152214 220c220f
3460660 2216220f 22162216 220c2211 221a2214
3460700 22142215 2216221d 2214221d 22112210
3460720 22172211 2206220b 22042208 22072205
3460740 220d220a 2213220b 2213220f 22102207
3460760 220c2215 2202220f 21fe2200 21fe2202
3461000 22042202 220d220c 22032206 22082206
3461020 22062209 2208220e 2208220b 22042206
3461040 22072201 21ff2206 22022204 22072205
3461060 220a2207 22092207 22052205 21fa2203
3461100 21f92204 21f621f8 21f921f5 21f921fb
3461120 21f421f2 21ed21fb 21fa21f4 21f621f7
3461140 21f121f6 21f721f2 21f221fa 21eb21ea
3461160 21e921e1 21f421ec 21e821ec 21ef21ee
3461200 21e921eb 21e521ec 21e321e0 21e121e3
3461220 21ea21e4 21e421eb 21eb21e5 21e421e7
3461240 21e821ee 21e921f3 21e721e2 21e021e2
3461260 21de21e5 21e021df 21dc21e3 21d221da
3461300 21db21d4 21e021e3 21ea21e1 21da21e5
3461320 219221dd 1fea20c4 1eb51f37 1e1c1e57
3461340 1ddd1df7 1dc51dcf 1dc71dc5 1dbb1dbe
3461360 1dbe1db5 1dbd1dc8 1db11db9 1db71dbd
3461400 1db91dba 1dbf1dba 1dc01dc2 1dc61dc4
3461420 1dbf1dc2 1db71db6 1db51dad 1db01db7
3461440 1db31db0 1dba1db3 1db21db2 1db91dae
3461460 1db51dbb 1dbf1db8 1db81db6 1db81dba
3461500 1db51dbb 1dbd1dbd 1dba1db4 1db61db8
3461520 1db21dbc 1db11db9 1db51db2 1dbb1db2
3461540 1db31db0 1db31db7 1db31db3 1db71db0
3461560 1db31db2 1dbc1daf 1db61dba 1db41db4
3461600 1dc01dbf 1db41db6 1db11daf 1db31db7
3461620 1db61dba 1db41db8 1dba1db5 1dbb1dc0
3461640 1db71db9 1db61dba 1dbc1dbd 1db81dbe
3461660 1dc11dc4 1dc21dc4 1dc11dbd 1dc41dc5
3461700 1dc41dc5 1dc51dc9 1dc61dc3 1dc41dc8
3461720 1dc71dc5 1dc61dc4 1dcb1dc5 1dcb1dc4
3461740 1dc21dc4 1dcf1dc8 1dc31dc7 1dcc1dc5
3461760 1dc51dc7 1dc51dc7 1dd31dcb 1dd11dd4
3462000 1dd31dcd 1dcf1dd1 1dd01dd1 1dcd1dd2
3462020 1dd01dc9 1dd31dcb 1dd91dd1 1dd41dd4
3462040 1dcf1dd6 1dd41dd5 1dd71dd0 1de01dde
3462060 1dda1de1 1ddc1ddc 1de01de5 1de21ded
3462100 1de11de5 1de21de4 1de71de0 1dee1def
3462120 1df21df0 1df31df0 1dea1dec 1def1dea
3462140 1def1dec 1df21df4 1dec1df8 1ded1df0
3462160 1df61def 1df51df6 1dfb1df9 1df21df8
3462200 1dec1ded 1df41dee 1df91dfc 1e091dfe
3462220 1e031e08 1dfc1e02 1df71e03 1dfb1e02
3462240 1dfb1df4 1df91dfd 1dff1dfc 1e011e0c
3462260 1e041e02 1e061e02 1e071e09 1e081e0d
3462300 1e041e08 1e0b1e09 1e0c1e04 1e0a1e11
3462320 1e081e02 1e021e06 1e031e0a 1e011e04
3462340 1e0a1e04 1e101e0f 1e181e0f 1e1b1e1c
3462360 1e1a1e17 1e1e1e16 1e1b1e1b 1e221e20
3462400 1e291e26 1e211e1f 1e261e1c 1e1a1e1d
3462420 1e211e29 1e1e1e1f 1e231e1d 1e241e25
3462440 1e1b1e20 1e291e26 1e2d1e2c 1e301e2b
3462460 1e311e32 1e311e32 1e301e34 1e311e34
3462500 1e371e35 1e311e34 1e331e34 1e351e39
3462520 1e351e34 1e391e35 1e3a1e3f 1e361e3f
3462540 1e391e3a 1e3f1e3f 1e4a1e3d 1e4c1e49
3462560 1e401e43 1e4c1e48 1e421e4c 1e4a1e48
3462600 1e4a1e4b 1e481e46 1e471e42 1e4e1e50
3462620 1e4f1e40 1e4a1e52 1e4f1e4f 1e571e50
3462640 1e541e52 1e581e51 1e521e55 1e511e58
3462660 1e581e55 1e591e5b 1e5d1e60 1e581e5e
3462700 1e531e56 1e5b1e5f 1e671e63 1e671e5e
3462720 1e581e62 1e621e5e 1e641e5e 1e611e64
3462740 1e671e63 1e661e69 1e631e60 1e6c1e6a
3462760 1e711e73 1e6e1e6c 1e661e65 1e661e6a
3463000 1e6b1e69 1e6d1e6d 1e6e1e66 1e6f1e6e
3463020 1e691e6e 1e641e6b 1e6f1e67 1e6e1e6d
3463040 1e781e6d 1e6e1e70 1e731e75 1e741e71
3463060 1e781e6d 1e731e74 1e731e72 1e7a1e78
3463100 1e761e78 1e741e7b 1e7d1e7d 1e7c1e7f
3463120 1e771e79 1e6d1e73 1e761e74 1e7e1e6f
3463140 1e7b1e75 1e721e7a 1e761e6e 1e7c1e72
3463160 1e7b1e7b 1e791e7d 1e821e7a 1e771e82
3463200 1e861e7b 1e801e83 1e811e7f 1e781e83
3463220 1e7f1e7b 1e801e7d 1e831e81 1e7c1e7e
3463240 1e7d1e7e 1e781e79 1e781e75 1e751e71
3463260 1e711e6f 1e731e77 1e751e74 1e771e76
3463300 1e721e75 1e781e75 1e7c1e81 1e821e79
3463320 1e791e74 1e751e7b 1e711e6f 1e761e7e
3463340 1e761e79 1e7e1e7b 1e7b1e78 1e741e74
3463360 1e781e77 1e7a1e77 1e7e1e7a 1e7c1e7b
3463400 1e7a1e79 1e7e1e80 1e7d1e79 1e7b1e76
3463420 1e7d1e75 1e7c1e7c 1e7f1e7f 1e791e7f
3463440 1e7c1e76 1e741e7b 1e791e76 1e771e76
3463460 1e801e7c 1e7d1e7a 1e7b1e7e 1e701e7c
3463500 1e811e82 1e7a1e7b 1e761e76 1e781e77
3463520 1e781e7c 1e801e7c 1e791e83 1e7c1e78
3463540 1e731e72 1e771e73 1e781e7b 1e771e73
3463560 1e751e74 1e731e78 1e6b1e6d 1e7b1e7f
3463600 1e771e70 1e801e7b 1e751e81 1e761e7a
3463620 1e811e83 1e781e7d 1e7b1e7b 1e791e75
3463640 1e841e7f 1e821e81 1e7d1e7e 1e721e7a
3463660 1e761e70 1e7b1e78 1e811e80 1e841e81
3463700 1e831e7e 1e871e7f 1e831e88 1e861e88
3463720 1e821e7f 1e841e7c 1e851e88 1e8d1e8e
3463740 1e861e8b 1e861e8d 1e871e85 1e811e84
3463760 1e7c1e83 1e851e7e 1e8a1e89 1e831e85
3464000 1e801e82 1e861e83 1e901e91 1e871e87
3464020 1e8a1e88 1e7f1e80 1e821e7c 1e8a1e88
3464040 1e7f1e82 1e891e85 1e8b1e83 1e8e1e91
3464060 1e8d1e94 1e921e92 1e931e89 1e8a1e94
3464100 1e8f1e91 1e901e98 1e981e95 1e9d1e91
3464120 1e8b1e8b 1e891e8c 1e931e91 1e8b1e92
3464140 1e8d1e8a 1e931e91 1e8f1e98 1e991e91
3464160 1e9d1e9b 1e9f1e9e 1e9e1ea0 1e971e97
3464200 1e9c1e9d 1e9f1e97 1ea21e9a 1e991e9c
3464220 1e951e98 1e9f1e99 1ea01e9d 1e9c1e9a
3464240 1e991e9f 1e9e1e9f 1ea41ea4 1ea81ea3
3464260 1ea21ea7 1e9f1ea5 1ea81eaa 1ea81eab
3464300 1eaa1ea8 1ead1eab 1eab1ea8 1ea81ea8
3464320 1eac1eaf 1ea61ea9 1eb01eac 1eb61eb6
3464340 1eb61eb0 1eb81ebb 1ebc1eba 1eb21eb1
3464360 1eb41eb4 1eb71eb0 1eba1eb9 1ebb1eb9
3464400 1ebd1eb7 1eb81eb3 1ebc1eba 1ec31ec2
3464420 1ebf1ebb 1ebd1ec0 1ebf1ebe 1ebe1ec2
3464440 1ec21ec2 1ec21ec5 1ecd1ec1 1ec31ec8
3464460 1ecd1eca 1ec91ec7 1ec81ecf 1ed31ed1
3464500 1ecf1ecf 1ecd1ece 1ed31ed3 1ed21eca
3464520 1ec91eca 1ec81ec5 1ecd1ecf 1ecd1ecc
3464540 1ece1ed2 1edb1ed2 1ed21ed3 1ed91ede
3464560 1edb1ed6 1ed81edd 1ecd1edb 1ed81ed5
3464600 1ede1ee0 1eda1edf 1ee11edc 1ede1eda
3464620 1ee11ede 1ede1edc 1ee41ee5 1ed81ee0
3464640 1ee41ede 1edc1edc 1ee41ee0 1ef11ee5
3464660 1ef01eed 1eea1eed 1eed1ee9 1ee31ee2
3464700 1ee91eea 1eed1eec 1eef1eea 1ef01eea
3464720 1ee61eeb 1eec1ef1 1eee1ef1 1eec1eeb
3464740 1ef01ef1 1eed1eef 1ef71ef5 1ef41ef0
3464760 1efb1ef4 1ef91ef2 1efc1efd 1efc1ef9
3465000 1ef61efa 1ef21ef3 1ef91eef 1efb1eff
3465020 1efa1ef9 1efd1efe 1f061efb 1f061f03
3465040 1f051f07 1f051f09 1f061f03 1f081f03
3465060 1f041f08 1f011f04 1f001f07 1f0b1f04
3465100 1f0e1f06 1f071f09 1f0a1f0d 1f121f08
3465120 1f121f0f 1f131f09 1f0c1f10 1f0b1f10
3465140 1f0e1f11 1f0e1f0a 1f171f0d 1f0b1f0e
3465160 1f141f12 1f131f16 1f161f18 1f111f12
3465200 1f121f14 1f1e1f1e 1f151f1c 1f161f15
3465220 1f141f17 1f0f1f0f 1f141f15 1f1a1f1b
3465240 1f1e1f1f 1f1a1f1c 1f171f17 1f221f22
3465260 1f1c1f23 1f201f19 1f221f1b 1f1d1f1e
3465300 1f201f17 1f231f25 1f231f1d 1f251f1e
3465320 1f1f1f1c 1f161f17 1f201f1b 1f231f1f
3465340 1f251f20 1f201f26 1f251f21 1f1f1f26
3465360 1f1b1f1f 1f221f21 1f2d1f22 1f2a1f2b
3465400 1f241f28 1f1f1f21 1f271f21 1f261f27
3465420 1f251f2b 1f211f25 1f1c1f1b 1f1d1f18
3465440 1f1e1f20 1f161f25 1f1c1f21 1f1f1f19
3465460 1f201f1c 1f231f23 1f221f27 1f241f20
3465500 1f261f24 1f281f21 1f2b1f25 1f241f27
3465520 1f1e1f22 1f321f2f 1f221f27 1f231f21
3465540 1f151f18 1f241f1b 1f2d1f24 1f2a1f21
3465560 1f201f1f 1f201f1c 1f1e1f1f 1f231f23
3465600 1f2f1f29 1f211f26 1f1c1f24 1f2d1f28
3465620 1f211f21 1f251f21 1f211f22 1f1c1f1d
3465640 1f1b1f22 1f191f1b 1f291f25 1f211f23
3465660 1f1f1f21 1f2a1f20 1f231f25 1f251f23
3465700 1f1d1f25 1f261f23 1f251f28 1f1c1f23
3465720 1f211f21 1f241f1e 1f1c1f1c 1f231f25
3465740 1f2a1f21 1f301f27 1f241f24 1f2b1f22
3465760 1f2a1f25 1f321f26 1f1c1f21 1f2a1f20
3466000 1f211f2d 1f2a1f2a 1f2c1f2a 1f2d1f28
3466020 1f201f25 1f1b1f27 1f1c1f1c 1f1a1f1c
3466040 1f221f1b 1f201f19 1f231f25 1f241f28
3466060 1f2a1f28 1f321f29 1f2e1f31 1f2d1f2d
3466100 1f301f34 1f2b1f2a 1f2f1f31 1f291f2b
3466120 1f271f28 1f2d1f2a 1f2f1f31 1f341f31
3466140 1f261f2c 1f271f28 1f291f2b 1f291f24
3466160 1f2c1f27 1f2d1f2a 1f321f31 1f351f33
3466200 1f321f3a 1f311f2f 1f2c1f31 1f281f2c
3466220 1f301f2d 1f301f34 1f3a1f2a 1f321f2d
3466240 1f341f3a 1f391f3c 1f361f40 1f361f38
3466260 1f331f31 1f391f34 1f3a1f3e 1f391f3a
3466300 1f361f2d 1f371f3a 1f341f38 1f411f3b
3466320 1f3c1f39 1f3f1f3c 1f3f1f40 1f431f3f
3466340 1f411f44 1f441f48 1f401f44 1f361f40
3466360 1f471f42 1f4b1f47 1f451f46 1f411f47
3466400 1f3f1f44 1f461f44 1f481f4c 1f4c1f49
3466420 1f4b1f47 1f4e1f50 1f531f50 1f521f52
3466440 1f501f52 1f541f4b 1f531f55 1f5a1f58
3466460 1f571f59 1f571f5d 1f591f55 1f571f52
3466500 1f5b1f54 1f571f61 1f631f5d 1f5b1f58
3466520 1f5d1f58 1f621f66 1f5d1f5e 1f661f62
3466540 1f5c1f5e 1f631f5c 1f601f64 1f5a1f64
3466560 1f551f62 1f5d1f57 1f5b1f5e 1f621f61
3466600 1f631f69 1f6b1f64 1f671f62 1f611f64
3466620 1f631f62 1f651f68 1f6b1f67 1f6f1f69
3466640 1f691f69 1f6a1f6d 1f6f1f6e 1f731f77
3466660 1f731f71 1f761f71 1f6f1f6f 1f721f73
3466700 1f791f6e 1f781f7c 1f801f79 1f791f80
3466720 1f7e1f7b 1f801f88 1f781f78 1f7c1f78
3466740 1f6e1f7a 1f711f78 1f801f77 1f7c1f7f
3466760 1f761f73 1f7b1f7b 1f781f7a 1f7c1f7e
3467000 1f7e1f7c 1f881f80 1f811f8c 1f821f85
3467020 1f881f82 1f881f8a 1f821f8a 1f861f81
3467040 1f861f88 1f8b1f85 1f881f8d 1f871f83
3467060 1f8c1f91 1f8b1f90 1f8b1f87 1f851f8a
3467100 1f841f89 1f811f88 1f8b1f8c 1f821f89
3467120 1f891f81 1f8f1f89 1f901f8d 1f9a1f90
3467140 1f8b1f93 1f8e1f89 1f8c1f8a 1f931f93
3467160 1f8d1f95 1f8a1f86 1f8f1f88 1f891f8d
3467200 1f8d1f8d 1f8a1f90 1f8e1f8f 1f9e1f99
3467220 1f911f8d 1f961f96 1f911f92 1f9c1f94
3467240 1f991f96 1f9c1f96 1f921f9d 1f961f99
3467260 1f931f93 1f961f93 1f971f9d 1f951f99
3467300 1f9c1f9e 1f9e1f99 1faa1fa2 1faa1fac
3467320 1fa11fa7 1faa1fa5 1fa61fa8 1fa31fa4
3467340 1f9b1fa4 1fa31fa8 1fab1faa 1fa91fa8
3467360 1fa81fa5 1fa01fa9 1fa11fa1 1fa91fa4
3467400 1faa1fab 1fa91fa9 1fa81fab 1fa51fa5
3467420 1fac1fac 1fa81fa8 1fa91fac 1fa81fa6
3467440 1f9d1fa9 1fa51fa3 1fa61f99 1fac1fa5
3467460 1fa81fa7 1fb41fb2 1fb41faf 1fb21fb7
3467500 1fb61faf 1faa1fb0 1fb11faa 1fb11fb2
3467520 1fae1fb1 1fae1fae 1fac1fa9 1fb31fad
3467540 1fb31fae 1faf1fab 1fae1fa5 1fa71fa7
3467560 1fa11fa5 1fab1fab 1fa81faa 1fb41fab
3467600 1fae1fae 1fb11fb5 1fb41fb8 1faf1fab
3467620 1fac1fad 1fae1faa 1fae1fb0 1fb61fb0
3467640 1fb71fb3 1fb11fb0 1fae1fae 1fa51faa
3467660 1faf1fae 1fad1fa5 1fad1fa9 1faa1faf
3467700 1fab1fa7 1fa81fab 1fa61fa4 1fac1fa6
3467720 1fae1faa 1fbb1fb2 1fae1fb7 1fb61fae
3467740 1fb01faf 1fae1fac 1fa41fa9 1fa71fa8
3467760 1faa1fa6 1faa1fa4 1fa61faa 1fa81fa5
3470000 1fa41fa7 1fa81fa8 1fb21fae 1fb01fb5
3470020 1fab1fae 1fa71fad 1faa1fa7 1fa71fa9
3470040 1fa11fa7 1fa31fa3 1fa71fae 1fa71fab
3470060 1fa71fa6 1fa91faa 1fa31fa4 1fa91fa6
3470100 1fab1fad 1fb31fac 1faa1fad 1fb01fb4
3470120 1fb11fb6 1fb21fb1 1fa61faf 1fb11fb1
3470140 1fad1fab 1fae1fae 1faf1fb1 1fb01fab
3470160 1faf1fb4 1fb01fb2 1fa91fb5 1fb31fad
3470200 1fb31fb2 1fad1fa6 1fb11fb3 1fb51fb6
3470220 1fb41fb6 1fb11fb0 1fae1fb1 1fb21fb1
3470240 1fb31fb6 1fae1fb2 1fb51fb0 1fb91fb8
3470260 1fb81fbc 1fb01fb8 1fb71fba 1fb51fb5
3470300 1fbc1fb5 1fb71fb8 1fb71fb8 1fb61fb4
3470320 1fb11fb6 1fb61fb8 1fb71fba 1fb41fb9
3470340 1fb91fb5 1fba1fbd 1fc01fbd 1fba1fbe
3470360 1fbd1fbd 1fbc1fbc 1fb31fb8 1fb61fb4
3470400 1fb81fb8 1fbf1fc1 1fc01fbe 1fc41fc2
3470420 1fc41fc6 1fcb1fc7 1fc41fcc 1fc21fc6
3470440 1fcb1fc8 1fc31fc1 1fd01fd3 1fcc1fd1
3470460 1fc81fc8 1fc41fc5 1fd01fcc 1fd11fcb
3470500 1fd31fd4 1fd71fd7 1fce1fcf 1fd11fca
3470520 1fc41fca 1fcb1fd0 1fd21fce 1fd41fd0
3470540 1fcc1fd5 1fd41fd0 1fdb1fde 1fd91fde
3470560 1fe41fdd 1fe01fde 1fdd1fdb 1fde1fdd
3470600 1fdb1fd8 1fe21fde 1fe61fde 1fe51fe7
3470620 1fdc1fe2 1fdb1fe2 1fe31fdf 1fea1fe8
3470640 1fe81fee 1feb1fee 1fe31fe3 1fe81fe7
3470660 1fed1fe8 1fe81fec 1fef1fec 1feb1ff0
3470700 1ff21fe5 1ff71fed 1ff71ff9 1ff41ffd
3470720 1ff31ff6 1fea1ff3 1ff51ff1 1ff81ffa
3470740 1fff1ffa 1ff91ff7 20001ff4 20002003
3470760 1ff51fff 1ffa1ffb 1ffb1fff 20042000
3471000 20002000 20042003 20041ffe 20072006
3471020 20042003 20062008 20022006 1ffc2001
3471040 20021fff 1ffe2004 20071fff 20032002
3471060 20062009 20052009 20012003 20042002
3471100 200b200a 200a200b 200c2008 200f2008
3471120 2010200c 200f2013 20112010 200b2011
3471140 20082009 20162017 200f2021 20072007
3471160 20172011 20192005 20142016 20182025
3471200 20132015 201d201d 201b2012 201f2017
3471220 2019201f 201e201d 20142015 20142013
3471240 20122012 201b201e 2015201e 201a2019
3471260 201c2014 201d201a 201e2019 201e201d
3471300 201d2020 2022201c 20212028 201b2025
3471320 201e2020 201c201c 201f2020 201a2017
3471340 2023201c 20232027 202a2028 20282021
3471360 2020201f 20232022 2026202a 2028201f
3471400 202e202a 2029202e 20252029 201e2025
3471420 2021202c 20232025 202a2025 20212020
3471440 20222021 20262025 20202022 20252020
3471460 2020201f 20232022 20262024 202b2023
3471500 20322028 202a202d 2027202d 201b2022
3471520 2023201e 20262021 201d2021 20232024
3471540 20242021 20262021 201d2025 20262020
3471560 20272027 201f2025 202a2025 202b202d
3471600 202c202b 2031202e 20292025 202e202c
3471620 202e202c 202a2028 20312036 202f2029
3471640 202a202a 20282025 20262024 202a2023
3471660 2030202b 2027202b 202b202f 20242031
3471700 20262026 20282027 2025202a 202e2027
3471720 20252025 2028202d 20272024 202a2027
3471740 20272029 202c2031 202e202d 202a202d
3471760 202b2025 2029202d 202b202e 202c2028
3472000 20242029 20272020 202a202f 2025202b
3472020 2028202d 201d2023 20232021 20222024
3472040 20222023 201f2021 201f2020 2019201b
3472060 2015201b 2019201b 2024201a 20252019
3472100 2025201c 20212025 2016201f 201d2021
3472120 2023201d 20222021 20262016 2019201b
3472140 2025201b 201a2021 201d2016 201b201c
3472160 201c201e 201a2021 201a2018 201e201f
3472200 201e201a 200f201e 20162015 2011201c
3472220 200f200f 20172011 2015201b 2018201b
3472240 20152018 20182014 20132015 200b2016
3472260 200f200d 200c200c 20172014 201b2017
3472300 20172019 201d2016 2018201a 20142015
3472320 201a2012 20122017 2018201e 2023201a
3472340 201f201f 20182014 2016201c 200f2012
3472360 20132013 201c200e 201f201c 201d2021
3472400 201e2019 201c2024 20182015 201f2017
3472420 2017201e 200f201b 201b2019 20202018
3472440 201f2019 2018201b 2016201e 201b2021
3472460 20192017 201c2014 2018201b 201f201a
3472500 201d2017 2022201d 20212020 20202021
3472520 2025201f 20282022 20272024 2025201d
3472540 20232022 20242023 20232020 20222021
3472560 20242027 201f2021 20262026 2027201f
3472600 20292024 20212024 20212023 20292027
3472620 202d202a 2033202d 20342030 202f2030
3472640 20322033 2030203a 20322031 20342031
3472660 202a2030 20352032 202f202d 20392034
3472700 20362037 20352034 203d203c 203b203d
3472720 203c2035 20402037 203f203d 20422046
3472740 203d2047 20432040 20422046 20422049
3472760 20452046 20442047 204a2040 204b2046
3473000 204b204a 2049204e 204c204a 20472048
3473020 2044204a 20482046 20482042 2053204e
3473040 2054204f 204f2053 20472047 20512051
3473060 205d205a 20562052 20562052 2059205c
3473100 2062205e 20672063 205b2059 206d2062
3473120 20592068 20632068 20642062 2063205e
3473140 20662062 205f2065 20682065 20662066
3473160 20602063 206b2070 206b206b 206e2070
3473200 206b206d 207a206f 20772071 207b2076
3473220 207d207c 207d207a 207b2074 20722075
3473240 20752073 207f2079 2079207b 207e207c
3473260 2073207c 207c207a 207a207b 207b2076
3473300 2084207d 207f2081 20802085 20852082
3473320 2084208a 208a2083 2089208d 208d208e
3473340 20992094 2094208c 208f208f 208c208d
3473360 207d208f 20912089 2088208a 208a2089
3473400 208b208e 2086208a 208c208c 20892089
3473420 2086208d 208f208d 20982098 209b2098
3473440 209c209d 209b209a 208f2096 20902098
3473460 20932095 209b209c 20962099 20932094
3473500 20902092 20942099 209a2096 209f2094
3473520 20982099 20942095 20972099 20942092
3473540 208f2092 2093208d 209d2095 209e20a4
3473560 20a1209f 209d2099 209b209b 20922096
3473600 209c2093 209b209e 209d209e 20a120a1
3473620 209420ab 209c2097 209c209f 20a02096
3473640 20a320a2 209d20a2 20a020ad 20a720a3
3473660 209b20a0 20952096 209a209b 20a02096
3473700 209c209d 2099209b 209b209a 20a320a1
3473720 20a320a1 20a420a8 20a2209d 20a720a7
3473740 20a220a3 20aa20aa 20a420a3 20aa20a0
3473760 20a420a7 209f20a3 2098209f 20a420a0
3474000 209c209c 20992092 209d2098 209b209d
3474020 209c209d 209d209c 2096209e 209a209a
3474040 209b209b 209c2097 209d2094 20a020a1
3474060 20a020a0 20a120a4 209f20aa 209a20a3
3474100 209f209d 209b2099 20a2209f 209c20a4
3474120 20992099 20982096 209a209f 209a209e
3474140 2098209f 209a2099 20972095 20942096
3474160 209e209c 209d209e 2099209c 209c2097
3474200 2092209b 208f2091 2094208e 208a2090
3474220 20922092 20972094 20962090 20972095
3474240 2094208d 208c208b 2087208c 20892089
3474260 208c2089 208f2089 2086208b 20882087
3474300 20882083 2089208a 20892086 207f2085
3474320 207e2083 208d2081 208e208d 20812092
3474340 20862081 20812084 207f2082 2080207e
3474360 20812081 2080207b 20802080 2078207d
3474400 20882081 2079207a 2078207d 2079207c
3474420 20712074 206e2079 20782071 207c2075
3474440 20772077 2075207a 20772078 207d2077
3474460 20772079 20762077 20782076 20762077
3474500 20782073 2073206e 20712074 20772073
3474520 2072206d 2070206d 206e2068 2069206c
3474540 20712067 20642068 20602063 20632064
3474560 20642069 2068206d 2069206d 20642063
3474600 20702067 20632069 20642063 206b2067
3474620 20712069 2071206d 206e206f 2073206f
3474640 206c2074 20672067 206c206e 2072206e
3474660 206f2071 206b206c 206a206d 206c206d
3474700 2067206c 20732073 206f2073 206d2067
3474720 206f206b 206b2067 206c2068 2070206b
3474740 206f2074 20702071 20722074 206f2071
3474760 2071206f 206c2068 2074206f 206d2070
3475000 20702077 20752074 20772070 207a207b
3475020 2076207b 207c2076 207e2083 2082207f
3475040 20872087 20772086 2084207e 2078207f
3475060 20832072 20802080 207b2083 20792082
3475100 20812084 208a2086 2081207f 20842086
3475120 20872083 2090208a 208c2087 20872084
3475140 20842088 20882089 20882086 208c2087
3475160 208c2089 2098208e 20992092 209a209c
3475200 209d2095 20972093 20922094 20892090
3475220 20972092 209d2097 20a320a9 209c209d
3475240 209e20a3 209e209b 20a1209e 209f20a4
3475260 2099209f 209c2095 209f209e 20aa20a6
3475300 20a320ab 20a4209c 20a720a2 20ae20ad
3475320 20b120b0 20b020b4 20ab20b1 20b520b4
3475340 20ba20b1 20b820b5 20b320bb 20b220b2
3475360 20c020bb 20c120c9 20bb20bd 20be20bd
3475400 20b820bb 20bd20bb 20be20c1 20c720c2
3475420 20c520c1 20c920c8 20c720cf 20c820ce
3475440 20c520c6 20c020c2 20d020cc 20cf20c9
3475460 20c920cf 20ca20c3 20c720d1 20cf20c9
3475500 20d120d1 20ce20ce 20d120cf 20d320d6
3475520 20cc20d2 20d520d2 20dd20dc 20e120db
3475540 20d820df 20d220d8 20d620d3 20e020d7
3475560 20e420e3 20eb20e3 20dc20e8 20e520dd
3475600 20de20e4 20de20e2 20dc20e1 20dc20e0
3475620 20e620e4 20ea20e5 20e920e5 20ea20ec
3475640 20f020f0 20ef20f4 20eb20ed 20ee20e7
3475660 20f320ef 20f620f2 20ef20f3 20f320ee
3475700 20f920f0 20fc20f9 20f820ff 20ef20f6
3475720 20f620ee 20f020f5 20fd20f5 20f320fa
3475740 20f520fe 210120fb 20fd20f4 20f220f7
3475760 20f620f8 20fe20fb 20f920fd 20f320f9
3476000 20fd20fc 20f720fa 20f920f8 21072107
3476020 20fe2101 210420fc 20f220fd 20fb20f9
3476040 21002106 210e2109 2107210a 21052102
3476060 210c210f 2108210d 21092105 21042105
3476100 210d2107 2109210d 21042108 210520fa
3476120 21062108 21012102 2103210f 210d2108
3476140 210c210e 21022104 21052107 21082106
3476160 210b2104 21042109 21042109 210a2108
3476200 210f210f 210a2113 210e2105 2106210b
3476220 2108210c 210e210a 210a2105 210c2109
3476240 21032109 21072102 2104210a 21052104
3476260 21082104 210d210f 21032112 21032104
3476300 2102210a 210b2102 2105210b 2100210d
3476320 21042100 21042103 21052107 20ff2106
3476340 20f920fc 210620ff 210720ff 21092102
3476360 2105210a 21072108 21002100 21032103
3476400 20fe20fc 20f820fc 20f320f6 20f220fa
3476420 20f020f0 20f420f0 20fb20f4 20f520f8
3476440 20f020f7 20fe20f2 20fb20f9 20f820f9
3476460 20f520f7 20f220f1 20ee20f1 20eb20f2
3476500 20e320e8 20e920e7 20f420ed 20ee20ee
3476520 20f020ee 20f020ef 20e720ee 20ed20ea
3476540 20ed20f2 20ea20df 20e720ed 20e020e1
3476560 20e420ea 20e020e4 20e720df 20e720e9
3476600 20df20e5 20df20da 20e420dc 20e520e1
3476620 20d620e0 20d520d8 20da20da 20df20e0
3476640 20da20da 20db20dc 20d320d9 20d920d1
3476660 20df20db 20d820d5 20ce20de 20d420d4
3476700 20d220d6 20d920d9 20d520d2 20d220d8
3476720 20d320dc 20cf20d5 20cc20d3 20d720cb
3476740 20cb20d3 20d320d3 20c920cf 20c820c7
3476760 20cd20c7 20c920cb 20d020c9 20c520cb
3477000 20ca20cc 20cc20c4 20c620cb 20c820c5
3477020 20ca20d0 20c420ca 20c820c1 20c520c9
3477040 20c120c6 20c120cf 20cc20be 20c920c0
3477060 20c620c2 20c520c9 20c320c2 20c420be
3477100 20c720c6 20bf20cc 20c620bf 20c320c5
3477120 20c320c5 20c920c7 20cc20c9 20c020c5
3477140 20c820ca 20c820c8 20ca20c7 20c320bf
3477160 20c220c4 20c420cb 20c120cd 20be20bf
3477200 20c220bc 20c520c9 20c520c7 20c320c2
3477220 20c720be 20c420c5 20c320c3 20c220be
3477240 20c520c2 20c920bf 20c020c6 20c620bf
3477260 20c120c9 20cb20bf 20ce20c3 20cb20cb
3477300 20c320cc 20cc20ca 20cd20cf 20cd20cb
3477320 20d420d1 20cf20d2 20d920d4 20d320d6
3477340 20d420d3 20d420d1 20d820d9 20d920d9
3477360 20d820db 20d620dc 20da20dc 20dd20da
3477400 20da20da 20e020d5 20e420df 20dd20df
3477420 20de20e0 20de20e1 20d720de 20e420df
3477440 20e620e0 20e720e8 20f320ec 20e820ec
3477460 20ef20e9 20f120e9 20f320f2 20f320f6
3477500 20f420ef 20ec20f0 20ea20ec 20fb20eb
3477520 20f320fc 20f520f3 20f220f5 20fc20f0
3477540 20f820fd 20f820f9 20f820f9 20f820f9
3477560 20fb20fa 20f420fb 20f920f7 20fa20f8
3477600 210a2107 21062104 20fe2104 21042105
3477620 21062104 21072101 20ff2104 2109210a
3477640 210a2105 210c210d 210e210b 210a2109
3477660 2105210c 21182116 21112116 2114210f
3477700 2115210f 210c2110 21132115 211e2118
3477720 2118211b 2114211a 2112211a 211b211f
3477740 2115211a 211d2118 211e2118 211c211e
3477760 211d2124 21312123 2125212c 21282128
3500000 00003fe8 0001000a 00010078 000afe53
3500020 00000001 00000000 63e50c74 000003b0
3500040 00000001 00000000 00000078 00000000
3500060 00000074 0001000a 211d2127 2118211d
3500100 211e2122 21212121 21232122 21222127
3500120 212a212e 212e212b 2135212c 212d2133
3500140 2133212d 213a2134 213e213f 21372136
3500160 212e2137 21372137 213a2137 2136213a
3500200 213a2134 213e2135 21372134 213c213e
3500220 213a213b 213d2131 213d213f 213b213d
3500240 213e2140 21472141 213f213d 213e2142
3500260 21432142 213e2142 2144213c 214d213f
3500300 214e2149 213e2145 213d213d 21492141
3500320 21462150 21402140 21432143 2145213e
3500340 21532144 21542153 21532156 21552152
3500360 214e2156 214e214f 214f2155 214c214a
3500400 2150214f 214d2152 2156214f 21522155
3500420 21502152 21572152 215e215a b01004d2
3500440 00001004 0001000a 00010000 03b15d1e
3500460 00000ffc 0001000a 1400003c add01f00
3500500 add01f01 add01f02 add01f03 add01f04
3500520 add01f05 add01f06 add01f07 add01f08
3500540 add01f09 add01f0a add01f0b add01f0c
3500560 add01f0d add01f0e add01f0f add01f10
3500600 add01f11 add01f12 add01f13 add01f14
3500620 add01f15 add01f16 add01f17 add01f18
3500640 add01f19 add01f1a add01f1b add01f1c
3500660 add01f1d add01f1e ff000134 00000020
3500700 00000000 f564ae40 00000001 deadbeef
3500720 f0000000 f564ae2c 240b30e5 00000000
3500740 00000134 00001f48 a011019b 21ee210a
3500760 21ed21ec 21ef21ed 21e221e3 21e121e8
3501000 21f521e4 21de21e7 21ea21e9 21ed21ea
3501020 21dd21e6 21de21db 21d921da 21e421de
3501040 21ea21e8 21e521ea 21df21e5 21de21e0
3501060 21df21e2 21df21de 21e121df 21dd21d7
3501100 21d521d8 21d221d8 21da21d7 21da21d8
3501120 21e221e0 21dc21e0 21d921db 21db21dc
3501140 21dd21d5 21d421d6 21d521d4 21d321d4
3501160 21d621d6 21db21d8 21e021d3 21de21da
3501200 21d121d6 21d521da 21d821d2 21d521d8
3501220 21d421d8 21d721d7 21d321d7 21d321d4
3501240 21d921d1 21d121cd 21d821d5 21d621d4
3501260 21df21dc 21dc21d8 21d821df 21cc21d6
3501300 21d321cf 21d421d0 21d721d6 21d521d8
3501320 21d521d5 21d721d8 21d321d5 21ce21d4
3501340 21ce21cf 21cb21d4 21d021ce 21d021d4
3501360 21d621d5 21d821d5 21d621d7 21d221d9
3501400 21d321ce 21d621d4 21db21d7 21d321db
3501420 21d721dd 21d321d6 214021cf 1f4a2036
3501440 1dff1e8d 1d661da2 1d341d47 1d231d24
3501460 1d131d1e 1d0c1d12 1d0a1d0f 1d0c1d0d
3501500 1d171d14 1d171d18 1d141d0c 1d211d1b
3501520 1d1c1d1d 1d161d1c 1d171d1c 1d181d12
3501540 1d171d17 1d1d1d19 1d1c1d1e 1d181d1a
3501560 1d1d1d1e 1d141d1a 1d211d19 1d1e1d1c
3501600 1d251d20 1d291d28 1d241d2b 1d261d22
3501620 1d2e1d24 1d251d22 1d241d22 1d291d28
3501640 1d321d2e 1d2a1d26 1d261d2c 1d2c1d22
3501660 1d241d2b 1d311d28 1d311d35 1d3a1d32
3501700 1d3d1d40 1d361d3c 1d321d31 1d3a1d38
3501720 1d3a1d36 1d401d3b 1d411d41 1d481d3b
3501740 1d4f1d43 1d4a1d45 1d4d1d50 1d491d54
3501760 1d421d45 1d441d49 1d471d39 1d401d44
3502000 1d4b1d4d 1d511d4a 1d5b1d55 1d5b1d5b
3502020 1d571d5e 1d561d5a 1d581d58 1d5c1d56
3502040 1d551d5a 1d5f1d59 1d621d65 1d671d64
3502060 1d661d61 1d611d60 1d621d68 1d671d69
3502100 1d6b1d67 1d661d67 1d671d64 1d6b1d71
3502120 1d731d75 1d6d1d70 1d701d71 1d6d1d6b
3502140 1d6b1d6c 1d6e1d6d 1d721d6a 1d711d6a
3502160 1d7c1d79 1d6f1d75 1d761d75 1d7b1d70
3502200 1d7a1d80 1d761d77 1d7b1d7f 1d7b1d75
3502220 1d751d7b 1d871d7e 1d801d7a 1d8a1d84
3502240 1d8a1d87 1d881d82 1d871d85 1d8e1d8c
3502260 1d881d8f 1d8b1d90 1d871d87 1d901d8c
3502300 1d8e1d89 1d851d85 1d921d8a 1d901d97
3502320 1d8e1d8a 1d901d8e 1d8b1d8d 1d931d98
3502340 1d981d9b 1d991d9a 1d9a1d97 1d981d9a
3502360 1d961d98 1d9a1d94 1d9c1d9a 1d9f1d9d
3502400 1dab1da2 1da41da3 1da21da3 1da51d9f
3502420 1d9d1d9c 1d9d1d9e 1d9e1da5 1d9b1da1
3502440 1da41da2 1da11da1 1da71da0 1da71da8
3502460 1da61da4 1da71da6 1d9f1da3 1da21da6
3502500 1da21da4 1db51dac 1dad1daf 1dad1dae
3502520 1da11dad 1da41da2 1da31da0 1dac1da2
3502540 1da91daf 1dab1da8 1dae1dae 1da81da6
3502560 1da31da2 1da81da7 1da81daa 1dae1daa
3502600 1db41dab 1db41db2 1db21db4 1db31db4
3502620 1db01db9 1db21daf 1db11da7 1db61db4
3502640 1dac1db5 1daf1db7 1daa1daa 1da81da9
3502660 1da81dac 1da91da9 1daf1dae 1db51db0
3502700 1db31dac 1db91db5 1db41db8 1db11db6
3502720 1db41db8 1db51dbc 1db31daf 1dbc1db1
3502740 1db71dbe 1dbb1db3 1dba1dbe 1db11dbc
3502760 1db21db6 1db11db9 1dba1dba 1db91dbd
3503000 1db61db3 1db01db2 1db31db9 1dbb1dbb
3503020 1db41db9 1dc11db7 1dbf1dc1 1dc01dc0
3503040 1dc31dc1 1dc51dc6 1dba1dc3 1db91dbc
3503060 1db41db9 1dbb1db6 1dbf1dbc 1dc21dbc
3503100 1dba1db9 1dbd1dbd 1db51dbc 1dbb1db7
3503120 1dbd1db9 1dbd1dc0 1dba1dbd 1dbc1dbf
3503140 1dbd1dbe 1dbe1dbc 1dba1dbd 1dc51dc0
3503160 1dbf1dbd 1dc21dc4 1dc41dbd 1dc31dc5
3503200 1dbe1dc8 1dc81dbd 1dc21dc1 1dca1dc7
3503220 1dbf1dc6 1dc11dc0 1dbd1dc0 1dc11dbf
3503240 1dbb1dbe 1dbe1dbb 1dbb1dc8 1dc21dbe
3503260 1dbd1dbe 1dbf1dc1 1dbf1dc3 1dc41dc1
3503300 1dc61dc9 1dc51dc0 1dbe1dc1 1dc01dbf
3503320 1dbd1dc7 1dbb1dbf 1dc11dbd 1dc21dc4
3503340 1dc31dbe 1dbb1dc5 1dc01dbb 1dc91dc2
3503360 1dc31dc5 1dc11dbf 1dc41dc9 1dc31dbf
3503400 1dc11dbd 1dc11dca 1dc11dc1 1dc21dc1
3503420 1dc31dc4 1dc31dc5 1dc31dc2 1dc31dc1
3503440 1dc61dc5 1dc21dc2 1dcb1dca 1dcc1dcc
3503460 1dca1dd4 1dc51dcb 1dd61dcd 1dd41dd8
3503500 1dce1dcc 1dd21dd0 1dd31dd8 1dcf1dd3
3503520 1ddd1dd5 1dca1dd5 1dd01dd0 1dd21dcf
3503540 1dd01dd4 1dd71dcc 1dcb1dce 1dd31dcf
3503560 1dd41dd3 1ddb1dde 1ddc1dd9 1dde1ddc
3503600 1dd51dda 1ddc1dd9 1ddb1de5 1de51dd9
3503620 1de51de5 1de81deb 1de81deb 1de51de4
3503640 1de71deb 1de31de1 1dda1ddc 1de11ddd
3503660 1de71ddf 1deb1de8 1de91de7 1deb1ded
3503700 1df31def 1df01de9 1def1dec 1dec1de9
3503720 1def1df0 1dee1df2 1df01def 1df91dee
3503740 1dff1dfa 1dfd1dfa 1dfe1e05 1dfd1dfe
3503760 1dfe1df6 1e021dfe 1e051dfd 1e031e05
3504000 1e0b1e03 1e081e02 1e041e04 1e001e0b
3504020 1e061e0a 1e041e09 1e0d1e02 1e0d1e0a
3504040 1e131e0d 1e0d1e12 1e0f1e11 1e0f1e11
3504060 1e141e12 1e181e13 1e101e13 1e141e10
3504100 1e1c1e16 1e1d1e17 1e1c1e1e 1e1e1e21
3504120 1e1d1e1a 1e191e1d 1e191e1d 1e1e1e24
3504140 1e231e1d 1e321e2a 1e361e36 1e371e31
3504160 1e391e2c 1e3c1e3e 1e391e33 1e311e36
3504200 1e351e33 1e371e39 1e3c1e3f 1e391e3d
3504220 1e411e3f 1e3d1e3d 1e411e3d 1e401e47
3504240 1e491e3a 1e461e40 1e421e4d 1e4b1e4c
3504260 1e4b1e4e 1e4b1e47 1e4a1e49 1e511e4f
3504300 1e491e4c 1e511e4e 1e591e52 1e5f1e59
3504320 1e5b1e57 1e5b1e5e 1e581e5f 1e581e52
3504340 1e601e5a 1e5e1e61 1e591e5f 1e631e5b
3504360 1e5d1e5d 1e631e61 1e621e5d 1e671e6a
3504400 1e611e64 1e671e61 1e6f1e5f 1e751e6a
3504420 1e711e71 1e701e6c 1e691e66 1e761e6a
3504440 1e741e6d 1e691e6f 1e661e72 1e731e6e
3504460 1e731e6e 1e791e77 1e781e75 1e6c1e7b
3504500 1e711e6e 1e781e6e 1e791e7d 1e7e1e83
3504520 1e7d1e7f 1e7e1e80 1e821e80 1e861e83
3504540 1e7e1e7f 1e7c1e89 1e7a1e81 1e811e7f
3504560 1e7b1e82 1e7e1e83 1e771e75 1e811e7c
3504600 1e831e81 1e881e86 1e841e86 1e891e82
3504620 1e881e89 1e911e88 1e8e1e8e 1e8f1e91
3504640 1e911e94 1e971e9b 1e951e93 1e981e97
3504660 1e8e1e94 1e8c1e91 1e7e1e8f 1e911e88
3504700 1e8e1e89 1e8b1e90 1e891e8d 1e851e89
3504720 1e8f1e8f 1e8b1e8c 1e991e9c 1e951e9d
3504740 1e9b1e98 1e8d1e8c 1e931e88 1e911e93
3504760 1e8f1e90 1e921e93 1e9a1e92 1e961e92
3505000 1e8d1e8e 1e8a1e8d 1e8e1e8a 1e921e87
3505020 1e951e93 1e981e97 1e971e96 1e971e98
3505040 1e911e94 1e951e91 1e8e1e97 1e941e9a
3505060 1e991e9e 1e9e1e9a 1e951e9b 1e921e9d
3505100 1e9a1e93 1e951e9c 1e9e1e97 1e951e96
3505120 1e981ea5 1e941e9a 1e971e95 1e9d1e99
3505140 1e971e9b 1ea01e9d 1e991ea0 1ea01e9d
3505160 1e9f1e9d 1e9f1e9b 1e9f1e9f 1e951e9c
3505200 1e911e8f 1e971e91 1e9c1e93 1e9a1e9e
3505220 1e991e9b 1e9b1e95 1e9d1e9d 1e971e9c
3505240 1e951e99 1e941e92 1e9d1e95 1e9e1ea0
3505260 1ea21e9c 1e971e9e 1e931e9a 1e8d1e8e
3505300 1e931e8f 1e941e95 1e931e93 1e981e97
3505320 1e9d1e9c 1e921e98 1e8d1e8d 1e911e9a
3505340 1e901e98 1e9b1e97 1e9e1e9e 1ea01e9d
3505360 1e981e9f 1e951e99 1e8f1e9c 1e8b1e90
3505400 1e8a1e8d 1e8e1e8c 1e8a1e95 1e931e8c
3505420 1e8c1e88 1e901e91 1e921e96 1e8f1e8f
3505440 1e861e8e 1e8c1e87 1e911e93 1e8a1e91
3505460 1e871e8e 1e8e1e8d 1e8e1e90 1e901e90
3505500 1e881e90 1e881e8c 1e8e1e8e 1e921e91
3505520 1e881e8d 1e8b1e90 1e8d1e8e 1e871e8a
3505540 1e881e89 1e861e8a 1e871e8a 1e881e84
3505560 1e8b1e82 1e8a1e89 1e911e91 1e8b1e91
3505600 1e8b1e91 1e8d1e8d 1e891e88 1e831e8b
3505620 1e7d1e7e 1e891e80 1e8b1e82 1e851e84
3505640 1e861e87 1e8a1e8c 1e891e88 1e881e87
3505660 1e821e89 1e871e81 1e841e8f 1e831e8e
3505700 1e851e84 1e8a1e85 1e8b1e86 1e851e87
3505720 1e831e86 1e8b1e8c 1e8f1e8e 1e8b1e91
3505740 1e8f1e90 1e8f1e93 1e8f1e91 1e8f1e8d
3505760 1e8b1e8f 1e901e92 1e951e9d 1e931e99
3506000 1e951e91 1e921e93 1e971e8e 1e951e96
3506020 1e8e1e91 1e8d1e92 1e8c1e91 1e911e8f
3506040 1e931e90 1e961e94 1e951e93 1e9a1e8c
3506060 1e9f1e99 1e9a1e9f 1e9c1ea2 1ea21e9d
3506100 1ea21e9f 1e9d1e96 1e981e99 1ea11e96
3506120 1ea11ea4 1e9f1e9a 1ea11eab 1ea41ea1
3506140 1ea41ea0 1ea01ea3 1ea91e9f 1ea71ea9
3506160 1ea21ea9 1ea91eab 1eaa1ea3 1eac1ead
3506200 1ead1eab 1eae1eb6 1eb81eb4 1eb61eb7
3506220 1eb81eb6 1eb91ebe 1eba1eb5 1eb11eb9
3506240 1ebc1eb4 1ec01ebb 1eb91ec1 1eb81ec2
3506260 1ec51ec1 1ec61ec5 1ecc1ec6 1ec21ecd
3506300 1eba1ec3 1ec81ec1 1ec81ec6 1ecb1ec8
3506320 1ec51eca 1ec71ec9 1ec91ec8 1ed11ec7
3506340 1ecf1ed0 1ed21ed1 1ede1ed8 1ed71edc
3506360 1ed51ed8 1ede1ed6 1edf1ee3 1edf1ee4
3506400 1ee01ed8 1edf1ed7 1eeb1ee4 1ee41ee5
3506420 1eed1eed 1ee61ee8 1eea1ee5 1ee41eea
3506440 1ef51ef1 1ef51ef8 1ef51ef5 1ef71ef0
3506460 1efc1ef4 1ef81f02 1f011f04 1ef91efe
3506500 1f051eff 1efb1efa 1f011eff 1f021efe
3506520 1f031f02 1f081f06 1f101f0a 1f171f13
3506540 1f101f15 1f081f0c 1f131f0d 1f1b1f19
3506560 1f1d1f1c 1f0c1f1a 1f121f19 1f1c1f13
3506600 1f181f1b 1f1c1f1d 1f1f1f1e 1f251f24
3506620 1f1e1f20 1f2d1f20 1f1b1f21 1f291f26
3506640 1f1f1f25 1f2e1f2a 1f2c1f29 1f271f29
3506660 1f271f28 1f311f2d 1f2f1f2b 1f2a1f29
3506700 1f2f1f2c 1f301f31 1f311f30 1f351f31
3506720 1f391f37 1f371f3b 1f3b1f35 1f301f3c
3506740 1f361f33 1f391f35 1f371f38 1f3a1f37
3506760 1f4a1f3f 1f461f42 1f3a1f3f 1f3d1f39
3507000 1f411f3b 1f491f3d 1f4a1f49 1f451f47
3507020 1f451f47 1f491f49 1f471f4a 1f501f4a
3507040 1f4d1f4f 1f471f4b 1f491f4b 1f4e1f50
3507060 1f481f4b 1f451f4c 1f411f49 1f4f1f53
3507100 1f4d1f4c 1f581f4a 1f4e1f4d 1f4e1f50
3507120 1f4a1f4e 1f4f1f4f 1f4c1f49 1f451f4b
3507140 1f4b1f4b 1f491f4e 1f561f48 1f4f1f51
3507160 1f4a1f45 1f531f50 1f541f5b 1f501f56
3507200 1f581f56 1f5a1f57 1f531f57 1f521f56
3507220 1f521f54 1f501f49 1f541f4e 1f521f52
3507240 1f551f5a 1f531f5b 1f561f58 1f561f56
3507260 1f501f53 1f541f58 1f501f4e 1f551f54
3507300 1f521f52 1f571f5d 1f561f53 1f511f58
3507320 1f591f51 1f561f55 1f521f52 1f571f55
3507340 1f541f4c 1f561f57 1f501f4f 1f591f56
3507360 1f551f5a 1f601f5b 1f621f52 1f5f1f57
3507400 1f601f5e 1f5e1f55 1f5d1f60 1f551f54
3507420 1f611f5a 1f5a1f57 1f601f64 1f4f1f57
3507440 1f5d1f55 1f541f4f 1f4e1f54 1f581f5c
3507460 1f561f57 1f571f53 1f551f56 1f551f54
3507500 1f551f52 1f4c1f50 1f5f1f53 1f591f58
3507520 1f4c1f53 1f4d1f4a 1f461f49 1f501f48
3507540 1f4d1f51 1f521f56 1f4d1f4f 1f541f4c
3507560 1f4f1f50 1f541f4d 1f4d1f50 1f461f52
3507600 1f511f4f 1f4e1f4a 1f4b1f46 1f4a1f50
3507620 1f441f4a 1f481f49 1f4b1f4a 1f441f44
3507640 1f3e1f42 1f3c1f40 1f431f3b 1f3d1f43
3507660 1f481f3e 1f451f4c 1f401f42 1f3b1f3f
3507700 1f431f3b 1f421f3d 1f451f45 1f441f4b
3507720 1f451f44 1f431f44 1f3c1f45 1f3a1f3a
3507740 1f371f3f 1f3a1f39 1f301f2c 1f311f33
3507760 1f371f35 1f311f31 1f361f37 1f371f35
3510000 1f371f39 1f361f35 1f381f3a 1f371f35
3510020 1f3e1f36 1f341f38 1f341f33 1f311f36
3510040 1f321f34 1f361f32 1f2e1f30 1f311f2e
3510060 1f281f34 1f3d1f2f 1f321f2e 1f2d1f32
3510100 1f2f1f32 1f361f35 1f3b1f39 1f341f2c
3510120 1f321f34 1f331f31 1f271f31 1f2e1f2b
3510140 1f2d1f2c 1f281f2a 1f2a1f2b 1f2a1f2e
3510160 1f2d1f28 1f311f34 1f3b1f3b 1f351f37
3510200 1f311f34 1f361f2f 1f351f37 1f3c1f35
3510220 1f391f3c 1f3f1f3d 1f341f3b 1f381f33
3510240 1f391f30 1f371f35 1f321f3a 1f3d1f36
3510260 1f3d1f39 1f371f3c 1f351f38 1f451f3a
3510300 1f431f3e 1f421f46 1f3f1f3d 1f411f3c
3510320 1f3a1f49 1f471f44 1f411f3e 1f451f40
3510340 1f401f48 1f451f44 1f431f4a 1f3f1f41
3510360 1f4b1f3e 1f431f42 1f3c1f4c 1f461f3b
3510400 1f501f41 1f4b1f49 1f4d1f4f 1f541f56
3510420 1f581f53 1f561f50 1f5a1f55 1f551f57
3510440 1f561f57 1f541f53 1f551f52 1f521f54
3510460 1f541f51 1f5b1f54 1f5f1f5d 1f5c1f5b
3510500 1f5d1f5e 1f5a1f60 1f5f1f5b 1f671f64
3510520 1f5f1f5f 1f631f62 1f631f66 1f691f5f
3510540 1f691f64 1f751f69 1f711f72 1f731f76
3510560 1f7b1f75 1f771f6f 1f7c1f7f 1f701f79
3510600 1f751f80 1f7b1f7b 1f7e1f77 1f811f7c
3510620 1f7f1f7c 1f7e1f86 1f821f83 1f841f7e
3510640 1f8c1f7f 1f871f89 1f831f88 1f8d1f87
3510660 1f8d1f88 1f8d1f8b 1f8a1f8a 1f871f8c
3510700 1f941f8d 1f911f8d 1fa01f91 1f981f9b
3510720 1fa11f9f 1f991f9f 1f9e1f99 1fa11fa0
3510740 1fa61f99 1faa1fa1 1fa31fa9 1f9a1fa1
3510760 1fa41f9b 1fa01fa1 1fa41fa3 1fa61fab
3511000 1fac1faa 1fa81fa8 1fa71faf 1faa1fb3
3511020 1fb91fb7 1fb51fab 1fbf1fad 1fb41fb6
3511040 1fb11fb7 1fb11fb2 1faf1fb4 1fb61fae
3511060 1fbc1fb5 1fbd1fbf 1fc11fc7 1fc41fc5
3511100 1fc31fc5 1fc11fc1 1fba1fbd 1fc21fc4
3511120 1fbd1fb9 1fc51fbd 1fc41fc1 1fcf1fcf
3511140 1fce1fce 1fca1fc6 1fcf1fc8 1fd31fcf
3511160 1fd11fcf 1fcb1fd2 1fce1fcf 1fd91fce
3511200 1fd91fd2 1fd31fdc 1fdd1fd9 1fda1fd7
3511220 1feb1fda 1fe61fe9 1fdd1fe3 1fd91fe1
3511240 1fde1fdc 1fd91fd5 1fdc1fdc 1fe21fe3
3511260 1feb1fee 1fe11fe3 1fed1fe0 1fe41fe2
3511300 1fe11fe0 1fe41fe9 1fe31fe4 1feb1fea
3511320 1feb1fea 1fe61fe3 1fde1feb 1fe51fe4
3511340 1fe61fe5 1fe41fdf 1fe11fe4 1fe91fe4
3511360 1fe71fe6 1fe51fe4 1feb1fe9 1fe71fed
3511400 1feb1ff0 1fed1feb 1fed1feb 1feb1ff4
3511420 1fec1feb 1ff41ff4 1ff71fff 1fed1ff8
3511440 1fef1fec 1ffa1ff0 1ffd2000 20051fff
3511460 1fff1ffa 20041ffe 20001fff 1ffb2007
3511500 20002000 1ffd1ff8 1ff41ff3 1ff71ff9
3511520 1ff81ff9 20021ff8 20011ffd 1ff51ff7
3511540 1ffa1ffa 20022005 1ffb1ffd 20001ff9
3511560 1ff81ffa 1ffa1ffa 1ff11ff8 1ff41ff2
3511600 1ff21ff4 1ff81ff6 20001ffc 1ff71ff6
3511620 1ff51ff9 1ff21ff6 1ffa1ff9 1ff81ffc
3511640 1fff1ffc 20001ffb 1ff81ffa 20051ffd
3511660 20062001 1ffe2003 1ff71ffa 1fff1ff6
3511700 1ff11ff9 1ffb1ff6 1ff71ff2 1ffb1ff0
3511720 1fee1fed 1ff11ff2 1ff01ff1 1fee1fed
3511740 1ffd1ff7 1ffc1ff0 1ff81ffa 1fed1ffb
3511760 1ffa1ff6 1ffc1ffb 1ff71ff5 1ff91ff6
3512000 1ffa1ff1 1ff91ffc 1ff31feb 1fff1ff6
3512020 1fee1ff0 1ff21ff4 1fef1ff5 1fed1feb
3512040 1ff21ff2 1fec1fee 1feb1fec 1fed1ff1
3512060 1fe71fe9 1fe71fe7 1fe91fe8 1fea1fea
3512100 1ff01ff4 1feb1fef 1fec1fe8 1fee1ff4
3512120 1fe91feb 1fe71feb 1fde1fde 1fe41fe4
3512140 1fdf1fd9 1fe11fe3 1fdf1fdf 1fe21fdd
3512160 1fdc1fda 1fe51fde 1fe01fe4 1fde1fe2
3512200 1fe01fdd 1fe21fe2 1fe41fe6 1fde1fe6
3512220 1fe41fe4 1fe61fe2 1fdf1fdf 1fdf1fdb
3512240 1fd91fd7 1fd61fde 1fdd1fdb 1fe11fd9
3512260 1fd81fd9 1fd91fdb 1fd71fd3 1fd21fd7
3512300 1fd81fd7 1fdb1fda 1fda1fd6 1fdd1fdf
3512320 1fd71fd6 1fd61fd2 1fdb1fd4 1fd61fd9
3512340 1fd61fdf 1fd21fd7 1fd81fd7 1fd31fde
3512360 1fca1fd5 1fd71fd4 1fd01fd8 1fd21fd5
3512400 1fda1fd0 1fd61fd0 1fcd1fd7 1fd01fd0
3512420 1fd11fca 1fc71fc6 1fcd1fd0 1fd01fd4
3512440 1fd11fcc 1fd71fd0 1fda1fd6 1fd01fd4
3512460 1fde1fd8 1fd71fd5 1fd81fd9 1fd61fd2
3512500 1fce1fd2 1fd71fd4 1fd81fd1 1fce1fd4
3512520 1fcf1fd7 1fdf1fd7 1fd11fde 1fda1fd3
3512540 1fda1fd5 1fd41fdb 1fdf1fe3 1fe01fe3
3512560 1fde1fd9 1fdc1fdb 1fdb1fe2 1fdf1fde
3512600 1fe01fe4 1fda1fdb 1fe31fd6 1fe41fdf
3512620 1fdd1fde 1fdc1fde 1fe21fde 1fe61fe6
3512640 1fe91fe6 1fe01fdf 1fe51fe2 1fe91fe7
3512660 1fea1feb 1fe41fe8 1fe31fe7 1fe01fe6
3512700 1fe21fe8 1fe91fe8 1fe61fea 1feb1fe9
3512720 1fea1fed 1fe91feb 1ff01fe9 1fed1ff2
3512740 1fef1fea 1ff31ff7 1ff31ff3 1ff41ff2
3512760 1ff91ff5 1ff11ff8 1ff11ff9 20051ff5
3513000 1ffe200b 1fff1ff9 20001ffd 20052003
3513020 20002001 1ffb1ffd 20062007 20082009
3513040 1ff82003 1ffd1ff9 20001ffc 20002000
3513060 20092009 2009200b 20132010 201a2016
3513100 2012200f 20112013 20132012 20162013
3513120 20192018 20162014 200c2015 20142014
3513140 20152010 2014200a 20192011 201e2021
3513160 2022201f 2023202b 2023201f 20262022
3513200 20282024 202a2024 202b2025 202f202e
3513220 2026202a 20232022 20212025 2032202a
3513240 2030202d 20392035 20352035 2038203b
3513260 20372039 203d2035 2040203c 20382030
3513300 203a2037 203e2040 2041203e 203a203a
3513320 20382039 203c203c 2041203a 20412042
3513340 20432043 20342042 20442040 203c2048
3513360 20452046 2041203d 203d2044 204d204b
3513400 20482048 20522045 204b204f 204b2049
3513420 204e204b 2054204e 204d204a 20502050
3513440 20532051 204e2050 20502054 204e2050
3513460 2055205a 2052204f 2057205c 20532054
3513500 20532057 20582053 20512056 205c2053
3513520 2058205b 205a2059 205e205e 205d205b
3513540 20632066 20602062 20602060 205f2063
3513560 20682065 20612062 205a2056 205c2058
3513600 205f2062 20662061 20602065 20682062
3513620 20652060 2066206b 2070206b 206f206b
3513640 206f206a 207a2070 20712075 206d2074
3513660 20712076 206f206c 2070206a 2075206d
3513700 20742071 20742075 206e2072 206b206d
3513720 20642071 206a2068 206f2073 20692071
3513740 2074206d 2080206f 2076207d 20802073
3513760 207e2081 20792076 20762077 207c207d
3514000 207e207e 2081207a 20872080 207c207f
3514020 20772079 20752076 206f2074 2070206d
3514040 20742073 20722070 20702077 207c2079
3514060 207e2074 207d207e 207e2085 20812081
3514100 2082207a 2086207b 2078207d 2076207b
3514120 20722072 20792071 20772072 207b207d
3514140 20792082 2079207a 20772079 207c207d
3514160 207d207b 207a207b 2079207c 20762074
3514200 20772079 2076207a 20792074 2080207d
3514220 2082207f 20792076 207a2075 2077207b
3514240 20782072 2074207a 20762069 2073207c
3514260 207c2074 20812080 2079207a 2079207e
3514300 20712075 2073207b 2071206d 206e206e
3514320 20782073 20772075 2076207d 206d207a
3514340 20692067 20722070 2070206f 20722071
3514360 206c206a 206e2070 2076206e 20752076
3514400 20692072 206e2074 2064206c 2063205f
3514420 20682063 20602063 205c205f 205f2060
3514440 2063205a 205f205b 20652068 206a206e
3514460 206e206e 20632063 206b2068 20642062
3514500 2060206c 20632068 20652065 205e2061
3514520 205c2057 2054205d 205d2062 205e2054
3514540 20632064 20622065 20672065 2062206b
3514560 2064205f 20622063 205d205c 205f205f
3514600 2056205a 20602060 20562060 2056205f
3514620 205b2059 20602060 205e2058 206a2065
3514640 2068206c 205f206b 2064205e 205d2068
3514660 205d205a 205c205d 205c205b 2064205e
3514700 205d205f 2064205f 205d205d 205c205f
3514720 205d205f 20552058 205f2057 205b205f
3514740 20612055 205c2054 2059205e 206a205c
3514760 206b206c 206b206c 20642067 20642064
3515000 20612068 2060205d 20662060 20662064
3515020 205f205f 20642060 20642062 20622065
3515040 20602068 20662066 20602063 20622066
3515060 20622068 20682066 206e2069 20692069
3515100 2061205f 205c2061 20692066 2068206c
3515120 206a2067 2070206c 20712076 20712070
3515140 20762071 20702073 206d206c 20712070
3515160 206f2072 2074206e 207d2079 20752081
3515200 20722074 20712073 2076206c 20772077
3515220 20782078 20782078 20772079 2081207d
3515240 207c207d 2072207a 20722076 20782071
3515260 2081207d 20822089 20802082 2079207f
3515300 2078207f 2085207c 207d2084 20842081
3515320 208a208b 207d208b 20832081 20862085
3515340 20872085 20892089 20852084 2089208c
3515360 20882089 208d2086 208c208e 20942094
3515400 209d2093 209a2095 2098209a 2099209a
3515420 208e2098 20932090 209d2096 20a0209c
3515440 209420a2 20a3209f 2096209a 20a42091
3515460 20a220a5 20aa20a6 209d209e 20a120a0
3515500 20a1209b 209e20a1 20a220a2 209d20a1
3515520 209c2096 209e209d 20a4209f 20a820a9
3515540 20a720a0 20a320a4 20a420a4 20a620aa
3515560 20aa20ac 20ab20ad 20a820a4 20a920a9
3515600 20aa20a5 20a520a8 20aa20a3 20ac20ab
3515620 20a720ac 20a720ae 20a720a8 20b220ab
3515640 20b220a9 20ad20b1 20b120b0 20b520b8
3515660 20ae20ae 20b220af 20b420b0 20b120b4
3515700 20b120af 20b320aa 20b720b4 20b420b4
3515720 20b120c7 20b720b1 20a820ad 20af20af
3515740 20b720b3 20bd20c2 20c520bb 20c020b9
3515760 20b520c1 20bb20b6 20bb20b7 20bb20bc
3516000 20be20be 20c120ba 20c120c2 20bf20c7
3516020 20be20bf 20c520be 20c520ba 20bb20c1
3516040 20c320be 20c620c8 20d320cc 20ca20cc
3516060 20c320ca 20c620c0 20c020ca 20c820c3
3516100 20c620c7 20c720c5 20c020c5 20bd20c7
3516120 20c120ba 20cb20c0 20cb20c9 20c420c9
3516140 20c820c6 20d320cd 20d620d5 20cc20cf
3516160 20ca20cf 20c620cd 20cf20d0 20d820d3
3516200 20d920d3 20d520d3 20d120d6 20ce20cc
3516220 20d920cf 20dc20dc 20d220df 20ce20d1
3516240 20d220ce 20cf20c8 20cc20cb 20d320d6
3516260 20d120d7 20cc20ce 20ca20cd 20ca20ce
3516300 20cc20ce 20d120d2 20dd20d8 20d420ce
3516320 20cd20d1 20cc20d2 20d220d1 20d020d4
3516340 20d420d6 20d720d3 20d220d6 20d620da
3516360 20db20d7 20d120d3 20d220d0 20cf20ce
3516400 20ce20ce 20d520d3 20d620d2 20d020d6
3516420 20dc20d6 20cc20dd 20d920cd 20d620d7
3516440 20cd20d1 20da20d0 20d420d4 20d320d6
3516460 20cc20d3 20cc20cd 20ca20cb 20cd20d3
3516500 20d420cd 20d520cc 20d020d0 20cc20d0
3516520 20ca20ce 20cf20cb 20d020c8 20d020d1
3516540 20d020cc 20cc20d4 20c720c7 20cf20cb
3516560 20ce20ce 20d120d0 20d620d5 20cc20d0
3516600 20c920c8 20ca20c5 20cc20cd 20c620cd
3516620 20c820c2 20cb20c0 20c920c4 20c820cc
3516640 20cf20ce 20ce20cd 20c920cf 20c420c2
3516660 20c420c9 20c520cf 20cd20c2 20ce20cb
3516700 20c720c7 20cd20c5 20c620c3 20c220c5
3516720 20cd20c3 20c620c5 20c720c6 20ca20ce
3516740 20cc20c3 20cc20c7 20c920c7 20cb20d1
3516760 20d020d3 20ca20ca 20cd20ca 20cb20cc
3517000 20c520c5 20c820c4 20cc20ca 20c720c5
3517020 20c720c1 20c220c5 20c020bd 20bc20b5
3517040 20c320c4 20bf20c2 20c620c4 20c920c4
3517060 20c320c1 20c520c6 20c820c4 20d020c5
3517100 20c920cd 20c520c1 20c720c5 20c620c5
3517120 20cb20cc 20c920c4 20c320c4 20c720c4
3517140 20c220c2 20c420cb 20c920c5 20c620c6
3517160 20c820c9 20ce20c8 20ce20d0 20cb20cb
3517200 20d520d0 20d020ce 20cc20cd 20c920c9
3517220 20cf20c8 20cf20d4 20cd20ca 20c820c8
3517240 20c520c9 20c220d0 20c420c0 20c820c5
3517260 20d320ce 20ce20d0 20d020d1 20c820c6
3517300 20cd20cb 20ce20d7 20d220cf 20d920d2
3517320 20cf20d6 20d620d2 20da20d6 20db20dc
3517340 20dd20dc 20dc20d7 20db20d9 20df20de
3517360 20d120da 20d620d7 20d920dd 20d920d9
3517400 20d720cf 20e420de 20d620dc 20d820e1
3517420 20d720d8 20d920d8 20dd20d8 20dd20e0
3517440 20e720e1 20e120df 20d720dc 20e120e0
3517460 20e820e5 20e520e9 20f120eb 20ea20ea
3517500 20ec20e8 20e020ec 20e120e3 20e120dd
3517520 20e520e6 20e220e1 20e520e8 20e520e2
3517540 20ea20e3 20f220eb 20f320ea 20f220f6
3517560 20f420f3 20f620f4 20f420f4 20ea20f2
3517600 20f720ed 20f420ef 20fa20f9 20f520f7
3517620 20fd20f9 20f42100 20fa20f8 20fc20f7
3517640 20f220f8 20fd2101 20f420fd 20f920f6
3517660 20f820f5 20f920fc 20f320f6 20f620f2
3517700 20fd20fc 210720fd 210a2106 21012102
3517720 20fd2103 210b2105 21082107 21072109
3517740 20fe2104 20fe20ff 21012104 21042105
3517760 21062103 2103210d 21032101 21052103
3520000 21082102 21032106 20fd20ff 21072108
3520020 21012106 210d2103 2108210b 2105210c
3520040 2103210d 21052107 210e2108 2108210c
3520060 2112210a 2117210f 210f210f 210b2108
3520100 210d2103 21112117 2106210b 210b210a
3520120 21002101 210b2100 21062107 21062105
3520140 210d210b 21072109 210a210c 210c2110
3520160 210d210b 21032107 21062101 210e20fe
3520200 210a2107 2106210f 2109210b 210c2109
3520220 2112210b 2106210e 210a210b 210b210f
3520240 21112110 21032109 210c210c 210b210f
3520260 210f210d 2111210f 21122107 210f2118
3520300 210e2112 2112210c 210f2111 210a210f
3520320 210a210f 2116210d 2116210c 210f2112
3520340 210d210c 21172112 210f2111 21132113
3520360 211c2116 21122117 211c2113 21122115
3520400 21112116 21102113 21102114 21182110
3520420 21162119 211a211d 21212118 21172118
3520440 2118211c 211a211f 21142116 b011019b
3520460 00001004 0001000a 00010000 03b15d1f
3520500 00000ffc 0001000a 1400003c add01f00
3520520 add01f01 add01f02 add01f03 add01f04
3520540 add01f05 add01f06 add01f07 add01f08
3520560 add01f09 add01f0a add01f0b add01f0c
3520600 add01f0d add01f0e add01f0f add01f10
3520620 add01f11 add01f12 add01f13 add01f14
3520640 add01f15 add01f16 add01f17 add01f18
3520660 add01f19 add01f1a add01f1b add01f1c
3520700 add01f1d add01f1e ff000134 00000020
3520720 00000000 f590855b 00000001 deadbeef
3520740 f0000000 f5908547 060b4e09 00000000
3520760 00000134 00001f48 a010019c 21e4211a
3521000 21de21e2 21de21de 21e321e1 21e021d9
3521020 21ea21e4 21e321e7 21e521e1 21e921e0
3521040 21e321e2 21e921e2 21e221e7 21de21df
3521060 21d221df 21da21d1 21dd21dd 21de21dc
3521100 21ea21e7 21ef21e6 21e321ec 21e521df
3521120 21e121dc 21dc21df 21d721e5 21e021df
3521140 21e121e2 21e221e4 21e021e2 21de21e0
3521160 21cf21d6 21d821d9 21d521d8 21d721d7
3521200 21d821d8 21db21db 21d721d5 21dc21d9
3521220 21d721d6 21df21d8 21e321d9 21e221e6
3521240 21dd21e2 21d921d7 21e021dc 21df21d7
3521260 21d921d6 21dc21db 21d921df 21db21e0
3521300 21d821db 21d921d4 21dd21d4 21d821d5
3521320 21d821d5 21dc21d9 21e321e4 21d521e2
3521340 21df21da 21e621e0 21e121e1 21e121e2
3521360 21d821dd 21dd21dd 21db21dd 21d321d9
3521400 21db21d9 21dd21e4 21da21dd 21df21d4
3521420 21e321d8 21ea21dd 21da21e2 21de21de
3521440 21e421e3 21e421e4 20dd21b6 1efe1fdc
3521460 1de11e50 1d651d98 1d391d4b 1d331d2a
3521500 1d2d1d2e 1d251d2a 1d271d2a 1d271d24
3521520 1d251d28 1d2a1d29 1d201d26 1d221d29
3521540 1d231d24 1d251d1f 1d271d27 1d231d2d
3521560 1d261d2a 1d261d26 1d231d20 1d221d2c
3521600 1d2b1d2a 1d211d2b 1d311d29 1d321d27
3521620 1d311d2c 1d2d1d2d 1d2e1d34 1d2f1d30
3521640 1d341d34 1d2d1d30 1d2f1d2f 1d341d30
3521660 1d341d34 1d3a1d2f 1d381d3d 1d441d3a
3521700 1d411d48 1d391d3e 1d441d3f 1d441d49
3521720 1d411d44 1d4a1d44 1d4f1d4f 1d561d49
3521740 1d4f1d50 1d4c1d48 1d511d4a 1d501d49
3521760 1d541d4e 1d581d5d 1d571d58 1d501d5b
3522000 1d5a1d53 1d591d54 1d541d59 1d571d57
3522020 1d571d5a 1d561d55 1d5e1d5d 1d641d64
3522040 1d5a1d5d 1d6b1d65 1d681d66 1d651d64
3522060 1d671d68 1d6f1d6d 1d6e1d6e 1d621d62
3522100 1d691d5f 1d6d1d66 1d6e1d6e 1d701d6e
3522120 1d751d73 1d7b1d78 1d771d7b 1d781d6f
3522140 1d711d78 1d741d6e 1d7e1d76 1d7e1d7f
3522160 1d781d7d 1d7a1d7c 1d7c1d7f 1d811d86
3522200 1d831d87 1d791d86 1d7c1d80 1d811d80
3522220 1d851d7c 1d7e1d84 1d811d85 1d871d7c
3522240 1d7d1d80 1d871d7e 1d7f1d80 1d8a1d87
3522260 1d8c1d8e 1d911d8c 1d911d88 1d911d8d
3522300 1d8e1d93 1d951d92 1d941d98 1d961d8a
3522320 1d941d94 1d951d95 1d981d9a 1d9c1d9b
3522340 1da31d97 1d9b1da0 1d941d98 1d931d9a
3522360 1d891d91 1d911d8f 1d931d94 1d931d96
3522400 1d991d92 1d921d94 1d961d92 1d8f1d92
3522420 1d8b1d8d 1d971d93 1d971d97 1d961d96
3522440 1d971d8e 1d9d1d97 1da21d9c 1d9d1d9a
3522460 1da31d9e 1da51d9e 1da31da1 1da11da3
3522500 1d9e1d9a 1d9c1d9b 1da41d9e 1da31da1
3522520 1da21da5 1dad1daa 1dae1daa 1dae1db8
3522540 1da61d9f 1daa1daa 1dad1db8 1daa1da8
3522560 1da81db0 1dac1da8 1dab1db3 1daf1db2
3522600 1db21dab 1da91dab 1da21da5 1da51dac
3522620 1db41da8 1db51db5 1dae1daa 1dac1da9
3522640 1db01dae 1db81db1 1dbe1db2 1db21dba
3522660 1db21db3 1db41db7 1dba1dbb 1db81db7
3522700 1db31db1 1db11db5 1db71dbc 1db41db3
3522720 1db21dad 1db31db3 1db51db2 1db51db9
3522740 1dbc1dbf 1dba1dbb 1dba1db7 1db91dbe
3522760 1dbf1db9 1db91db6 1dc61dc1 1dc21dc3
3523000 1dbd1dbf 1dc31db9 1dc51dbd 1dbd1dbc
3523020 1dc11dc2 1dbc1dbe 1dbd1dc2 1dbd1dc0
3523040 1dbb1dbc 1dbf1dc1 1db71dc3 1dbd1dbf
3523060 1dc31dba 1dc71dbe 1dbc1dc3 1dbb1dbc
3523100 1dc41dbd 1dc51dc4 1dc61dc6 1dc11dc1
3523120 1dc01dc2 1dcd1dc7 1dc81dc8 1dd01dc9
3523140 1dcb1dcf 1dbe1dc8 1dbb1dbc 1dc51dbd
3523160 1dc11dc1 1dc41dbd 1dc31dc9 1dc91dcc
3523200 1dc91dbd 1dca1dc4 1dcb1dc4 1dcd1dd1
3523220 1dc31dc4 1dc11dbe 1dc81dbe 1dc31dc2
3523240 1dc71dbe 1dcb1dc8 1dc91dcc 1dca1dcb
3523260 1dca1dc0 1dbd1dcc 1dc91dbe 1dc41dc7
3523300 1dc41dc6 1dc51dc2 1dc31dc8 1dc61dc5
3523320 1dc61dc7 1dc71dc9 1dc91dc6 1dc01dc7
3523340 1dcd1dcd 1dd11dce 1dca1dcc 1dcc1dca
3523360 1dc71dc5 1dc41dd4 1dd11dc9 1dd21dd4
3523400 1dc91dcb 1dce1dcc 1dd61dce 1ddd1dd6
3523420 1dd81dd3 1dd91dd6 1dd11dd4 1dd01dd4
3523440 1dcd1dd0 1dd31dd2 1dd01dd9 1dcf1dd3
3523460 1dd91dd8 1ddf1ddf 1de01de2 1ddd1dda
3523500 1dd91dd9 1dd71dd5 1dd81dd1 1de01dd9
3523520 1de11ddb 1de41ddf 1dd91ddf 1dde1de2
3523540 1ded1ddd 1dec1de6 1de71de9 1dee1df0
3523560 1de91de5 1de81de4 1de51de1 1de81def
3523600 1de81de6 1dea1de8 1de71de5 1df01de8
3523620 1de51de9 1df61de7 1df91df0 1df51df4
3523640 1df61df0 1df61df7 1df51df2 1df51df9
3523660 1ded1df3 1def1df0 1df11df4 1dfd1df6
3523700 1df81dfa 1dfc1df4 1df61df7 1df91e01
3523720 1e011e03 1dfe1e02 1dfb1dfe 1df31e00
3523740 1df81df9 1dfb1dfe 1e051e01 1e081e07
3523760 1e111e09 1e061e09 1e031e00 1e131e07
3524000 1e111e09 1e151e0f 1e0a1e0c 1e111e0e
3524020 1e151e0f 1e0f1e0c 1e131e0e 1e0f1e11
3524040 1e111e1a 1e191e17 1e1a1e15 1e1e1e16
3524060 1e161e1c 1e141e1f 1e171e15 1e181e16
3524100 1e1f1e1d 1e1f1e1f 1e281e20 1e261e2a
3524120 1e251e27 1e281e28 1e2c1e26 1e301e30
3524140 1e321e30 1e2e1e2d 1e2c1e2a 1e2c1e2c
3524160 1e301e30 1e371e34 1e331e36 1e331e36
3524200 1e381e36 1e371e34 1e3b1e40 1e391e38
3524220 1e371e44 1e351e3d 1e351e3a 1e3f1e3e
3524240 1e451e45 1e431e42 1e491e47 1e4b1e4d
3524260 1e4b1e50 1e511e4c 1e471e49 1e461e47
3524300 1e491e48 1e4d1e4b 1e571e4f 1e4e1e53
3524320 1e4f1e51 1e491e54 1e521e53 1e5b1e52
3524340 1e541e51 1e581e57 1e5a1e5e 1e601e65
3524360 1e641e63 1e5c1e5d 1e631e67 1e5f1e60
3524400 1e6b1e68 1e631e68 1e681e62 1e5f1e66
3524420 1e661e6a 1e691e61 1e6c1e66 1e6e1e6f
3524440 1e6d1e6b 1e6d1e74 1e691e6a 1e6a1e6b
3524460 1e721e6e 1e681e6f 1e711e6e 1e7c1e73
3524500 1e781e75 1e6c1e76 1e781e78 1e731e7b
3524520 1e741e77 1e7b1e76 1e751e6e 1e781e81
3524540 1e7a1e79 1e7f1e7c 1e781e7c 1e7e1e7e
3524560 1e821e83 1e7c1e7f 1e7c1e76 1e841e82
3524600 1e7f1e7d 1e841e85 1e8c1e86 1e871e8d
3524620 1e821e7f 1e851e7f 1e841e87 1e851e8b
3524640 1e8c1e81 1e871e8b 1e901e89 1e881e8c
3524660 1e841e8b 1e931e8c 1e901e93 1e921e91
3524700 1e901e8f 1e961e90 1e961e97 1e8e1e91
3524720 1e8d1e8d 1e8c1e8c 1e901e8e 1e911e92
3524740 1e971e97 1e9d1e9a 1e9e1e9c 1e9c1e9e
3524760 1e9d1e94 1e931e97 1e9a1e95 1e8f1e92
3525000 1e941e9c 1e9a1e95 1e9b1e98 1ea21ea2
3525020 1e971e9e 1e9b1e98 1e971e97 1e9e1e9b
3525040 1ea01e9f 1e9e1ea2 1e9e1ea0 1ea11e9b
3525060 1ea11e9e 1ea01ea0 1ea31e9e 1ea61ea4
3525100 1ea21e9e 1ea41ea4 1ea01ea2 1e9b1e9b
3525120 1e9f1e9c 1e9a1e99 1ea21e9f 1ea81ea3
3525140 1eac1eb2 1ea71ead 1ea71eac 1ea51ea3
3525160 1ea01ea5 1ea91e9f 1eaa1ea6 1ea61ea9
3525200 1ea71e9f 1ea51ea8 1eb01ea5 1eb51ebe
3525220 1eb41eb9 1eb31eb1 1ea91eb2 1eac1ea7
3525240 1ead1eaa 1ea71ea7 1eaf1eab 1ea91eac
3525260 1ea51ea9 1eaa1ea7 1ea61ea4 1eac1ea5
3525300 1eab1ea6 1ea51ea8 1ea51eab 1ea61ea9
3525320 1eac1eaa 1ea51eac 1ea51ea5 1ea41ea3
3525340 1eac1eab 1ead1ead 1ea91ea7 1ead1ea9
3525360 1eaa1eab 1eaa1eac 1eac1eaa 1eac1ea1
3525400 1ea11ea9 1ea71ea4 1ea21ea8 1eab1ea3
3525420 1e9e1ea3 1e9b1ea1 1ea31ea2 1ea81ea3
3525440 1eb31ea7 1ea21eb1 1e9f1e9d 1ea71ea6
3525460 1ea71ea7 1ea01e9e 1ea91eae 1ea41ead
3525500 1eaf1eac 1eab1ea5 1ea81ea6 1ea91ea8
3525520 1e9f1ea2 1ea41ea3 1e9c1e9d 1ea21ea0
3525540 1ea51ea4 1ea51ea7 1ea51eac 1eae1eac
3525560 1eaa1eac 1eab1eb0 1e9d1ea3 1ea51ea3
3525600 1ea71ea4 1ea31ea7 1ea21ea6 1ea41ea8
3525620 1eac1eac 1ea81ea9 1ea51ea0 1ea01ea9
3525640 1e9e1ea5 1ea61ea0 1ea71ea2 1ea81ea3
3525660 1eaa1eab 1ea91e9e 1ea31ea8 1eae1ea8
3525700 1eaf1ea8 1ea71eaa 1eb01eac 1ea81ea7
3525720 1eab1eab 1eb21ea4 1eb71eaf 1e9d1eaa
3525740 1ead1ead 1eaa1eae 1eaf1ea6 1ea81ea5
3525760 1ea01ea6 1ea61eab 1eb11ea6 1eb61eae
3526000 1eaa1ea9 1eb11eb7 1eb21eb5 1eb11eb5
3526020 1eac1eaa 1eab1eaf 1eb41eb0 1eb41eb2
3526040 1eb41ebf 1eb51eb7 1eb61eb7 1eb21eb5
3526060 1eb21eba 1eba1eb7 1ec01eba 1ec31ec1
3526100 1ec31ebb 1ec11ebc 1ebc1ec4 1eca1ec4
3526120 1ec71ec3 1ec81eca 1ece1ec9 1ec51ec4
3526140 1eb81ebb 1ebc1ebd 1ebc1ebc 1ec11ebf
3526160 1ebe1ec4 1ec11eba 1ec11ec1 1ebe1ec0
3526200 1ec91ebc 1ec31ec4 1ec81ec2 1ec81ec6
3526220 1ec51ece 1ec71ec4 1ed51ed0 1ed01ed2
3526240 1ed21ed3 1ed51ed4 1ed81ed9 1ed01ed3
3526260 1eca1ec6 1ec71ec7 1ec41eca 1ecc1ecb
3526300 1ecf1ecc 1ed91ed1 1ecf1edd 1ed81ed0
3526320 1eda1ee0 1ede1edf 1ee01ee0 1ede1edf
3526340 1ee41ee0 1eeb1ee8 1eeb1eed 1ee61ee8
3526360 1edd1ee1 1edc1ee0 1ee31ee3 1eec1ee5
3526400 1ef41ee7 1ef91ef0 1eec1eef 1ef11ef0
3526420 1ef31ef0 1ee91eec 1ee81eee 1ee51ef0
3526440 1ef01eef 1f051ef5 1eee1ef6 1efc1ef5
3526460 1ef31efc 1efa1efb 1efc1eff 1f021efe
3526500 1f031f01 1f011f05 1f021f08 1f0c1f04
3526520 1f081f02 1f041f02 1efc1f04 1f001f02
3526540 1f0a1f06 1f071f0a 1f001f03 1f081f0c
3526560 1f0b1f08 1f0c1f0b 1f091f0b 1f0c1f0b
3526600 1f0b1f0d 1f0a1f0f 1f0f1f0f 1f141f14
3526620 1f191f13 1f1a1f13 1f161f1b 1f1a1f16
3526640 1f181f14 1f221f1b 1f171f1b 1f161f19
3526660 1f181f19 1f1b1f18 1f1d1f24 1f161f21
3526700 1f1a1f1e 1f1d1f22 1f1c1f20 1f231f19
3526720 1f181f21 1f231f22 1f2b1f2a 1f261f25
3526740 1f271f21 1f291f25 1f2d1f2a 1f291f27
3526760 1f2c1f29 1f2d1f25 1f2a1f2e 1f2f1f2e
3527000 1f281f37 1f361f2f 1f341f35 1f311f2f
3527020 1f361f30 1f321f2b 1f391f35 1f361f37
3527040 1f361f30 1f371f40 1f381f3b 1f411f3b
3527060 1f361f44 1f351f3a 1f341f41 1f3b1f37
3527100 1f3b1f37 1f3e1f3f 1f361f3b 1f371f36
3527120 1f3f1f39 1f401f39 1f451f43 1f491f4e
3527140 1f4d1f4f 1f4e1f55 1f401f46 1f3d1f41
3527160 1f4b1f4d 1f421f45 1f561f46 1f4e1f4f
3527200 1f531f55 1f4a1f4f 1f4f1f52 1f501f4d
3527220 1f551f4a 1f501f49 1f541f4e 1f561f54
3527240 1f5e1f57 1f531f5a 1f531f57 1f4d1f53
3527260 1f511f4c 1f551f51 1f621f5b 1f5c1f5a
3527300 1f551f58 1f581f54 1f531f53 1f561f55
3527320 1f561f59 1f541f59 1f5c1f63 1f621f60
3527340 1f651f66 1f631f64 1f5b1f64 1f661f67
3527360 1f5c1f60 1f631f5a 1f5e1f5d 1f601f62
3527400 1f6c1f6e 1f6f1f6c 1f621f62 1f651f66
3527420 1f611f68 1f671f66 1f6a1f67 1f5f1f68
3527440 1f691f63 1f5f1f67 1f621f63 1f621f62
3527460 1f621f69 1f5c1f5e 1f5b1f62 1f601f5c
3527500 1f671f5f 1f651f5f 1f661f65 1f621f62
3527520 1f681f6e 1f661f5d 1f671f65 1f641f64
3527540 1f6a1f6b 1f671f61 1f631f6c 1f661f69
3527560 1f691f6c 1f5a1f69 1f621f62 1f661f65
3527600 1f691f62 1f631f68 1f601f69 1f6a1f66
3527620 1f631f6a 1f631f68 1f671f67 1f601f66
3527640 1f711f69 1f751f75 1f711f70 1f681f6a
3527660 1f661f66 1f691f61 1f6f1f5e 1f6c1f6c
3527700 1f701f63 1f631f73 1f6f1f6a 1f711f6d
3527720 1f6e1f71 1f6b1f6b 1f651f69 1f641f67
3527740 1f661f62 1f681f65 1f631f5f 1f611f62
3527760 1f6b1f6a 1f6c1f68 1f6d1f70 1f6b1f64
3530000 1f621f63 1f5b1f63 1f5e1f61 1f611f60
3530020 1f621f60 1f5d1f67 1f621f61 1f661f69
3530040 1f641f63 1f621f66 1f611f64 1f6c1f69
3530060 1f681f6b 1f661f64 1f621f61 1f631f63
3530100 1f5d1f64 1f641f63 1f6c1f69 1f681f72
3530120 1f621f65 1f621f6a 1f601f60 1f671f64
3530140 1f621f60 1f6a1f6b 1f6a1f6f 1f5f1f5c
3530160 1f5e1f5c 1f5d1f5d 1f5b1f5d 1f6d1f66
3530200 1f6a1f70 1f6a1f6d 1f6b1f68 1f6a1f6f
3530220 1f6c1f6a 1f691f6c 1f721f6c 1f6c1f6e
3530240 1f6c1f66 1f6e1f6d 1f691f68 1f631f62
3530260 1f661f67 1f5e1f61 1f691f68 1f641f6c
3530300 1f6e1f6a 1f6f1f6b 1f741f72 1f781f76
3530320 1f7a1f7c 1f7c1f73 1f751f78 1f701f7d
3530340 1f6d1f73 1f6b1f72 1f6e1f66 1f691f6d
3530360 1f651f68 1f6c1f6a 1f751f6e 1f7a1f6c
3530400 1f711f6e 1f731f79 1f6d1f71 1f781f75
3530420 1f7a1f7d 1f7b1f79 1f781f79 1f721f81
3530440 1f851f7c 1f7d1f7c 1f751f7f 1f701f7a
3530460 1f761f76 1f781f73 1f801f73 1f781f7b
3530500 1f781f7d 1f801f82 1f851f86 1f8b1f83
3530520 1f841f8e 1f8e1f86 1f871f89 1f891f81
3530540 1f851f86 1f841f8a 1f8d1f88 1f981f8e
3530560 1f8d1f88 1f8c1f85 1f851f89 1f841f8d
3530600 1f891f8c 1f901f8c 1f8d1f88 1f871f8b
3530620 1f8d1f8a 1f921f8f 1f961f93 1f921f94
3530640 1f9a1f96 1f9a1f9b 1f921fa2 1fa21f99
3530660 1f911f98 1f981f98 1f921f98 1f9d1f94
3530700 1f981f9c 1f9a1f9a 1f9a1f97 1f9a1f97
3530720 1f9d1f9f 1f9d1f9f 1f991f94 1f9c1f9d
3530740 1f9b1f99 1f991f97 1fa41fa3 1fab1fa9
3530760 1fa51fab 1fa81fab 1f9e1fa3 1fa01f9e
3531000 1fa51f9e 1fa31fa6 1fac1fa6 1fa41fab
3531020 1fa61fa5 1fad1fa4 1fad1fab 1faf1fac
3531040 1fa81faa 1faa1fab 1fad1fad 1fac1fb0
3531060 1fad1fb0 1fa81faf 1fa61faf 1fb61fb5
3531100 1fb71fb8 1fb71fb7 1fb51fb4 1fb51fb1
3531120 1fb91fb7 1fb61fbc 1fb61fc0 1fbf1fbb
3531140 1fbe1fbd 1fbf1fbc 1fba1fbe 1fbc1fba
3531160 1fbc1fbf 1fbe1fbd 1fbe1fbb 1fbe1fbd
3531200 1fb41fbb 1fc21fbc 1fb61fbd 1fc11fba
3531220 1fc21fc8 1fbf1fc1 1fbe1fba 1fc31fbc
3531240 1fce1fc5 1fca1fc7 1fc61fc8 1fca1fca
3531260 1fca1fc8 1fcd1fcc 1fc41fca 1fcd1fce
3531300 1fcf1fd4 1fcc1fcc 1fcd1fc9 1fc91fcb
3531320 1fcc1fd6 1fd31fd2 1fd81fcb 1fd71fd2
3531340 1fd91fd8 1fe01fde 1fd71fd7 1fd71fd7
3531360 1fe11fcf 1fd91fde 1fe01fdb 1fdd1fdd
3531400 1fe11fdd 1fde1fe2 1fde1fd9 1fde1fde
3531420 1fe11fe0 1fe31fe5 1fee1fe5 1fe81fe4
3531440 1fe71fea 1fe21fe5 1fed1fe3 1fe61fe4
3531460 1fe61fe6 1feb1fe7 1fe71fe9 1fe51fe4
3531500 1fef1fe8 1ff01fef 1fe81fe3 1ff31fee
3531520 1ff11ff4 1ff21ff1 1ff31fef 1fec1ff1
3531540 1fed1fef 1ff21fef 1ff21ff6 1fee1ff0
3531560 1ff11ff4 1ff81ff8 1ff61ff1 1ff21ff3
3531600 1fed1fec 1fe91fef 1ff21fed 1ff41ff2
3531620 1ffc1ff2 20021ffd 1ff41ffa 1ffd1ff9
3531640 1ffb1ff2 1ffe1ff4 1ff51ff9 1ff41ffb
3531660 1ff71ff9 1fee1ff3 1ffb1ff9 1ffd1fff
3531700 20092005 20022005 20061ffe 200b2005
3531720 20062005 20052004 20052007 20032006
3531740 20031ffa 20031ffe 20032006 20012003
3531760 200a2004 20032002 200b2005 20092006
3532000 200b200a 20082005 1fff1ffe 1ff72001
3532020 1ffa1ffd 1fff2005 1ffd1ff9 1ffe1ff5
3532040 20072003 1ffb200d 20012001 1fff1ffe
3532060 20022002 20032007 20002003 200b200b
3532100 20052004 200d200a 20022002 20052001
3532120 20042001 20092004 20032002 1ffd1ff5
3532140 1ffa1ff9 20011ffd 20042000 20052009
3532160 1ff62004 1ffd1ffa 1fff1ff7 20032003
3532200 20071ffe 1ffb1ffb 1ffe1ffd 20011ffc
3532220 1ffd1ffe 1fff1ffb 1fff1ffd 20032003
3532240 2006200f 2005200b 1ffd2002 1fff2002
3532260 1ffe2001 20032009 20082002 20011ffc
3532300 1fff2002 1ffb1ffe 1ffd1ffd 1ff71ff7
3532320 1ffc1ff9 20021ff4 1ffd2001 1ffb1ffc
3532340 1ff02008 20031ff2 20052005 20012009
3532360 20052005 20052003 20002004 1ffc1ffe
3532400 1ffe2003 1fff2003 20042001 200f200a
3532420 2002200d 1ffe2007 200b2005 2003200c
3532440 20052003 20032002 2008200d 2009200e
3532460 1fff2000 20001ffe 20002001 1ffb2002
3532500 20032004 20021ffa 20082004 20052006
3532520 2006200c 200f200f 2009200a 20092001
3532540 20062004 200a200b 200b200e 200e2011
3532560 20112008 200d200a 2003200a 200c200a
3532600 1fff2006 1fff2003 2011200a 200f200c
3532620 20112014 2007200b 20062005 200b200b
3532640 200a2008 20132012 200d200e 200e200a
3532660 200d2017 2013200d 20192017 20162019
3532700 20102016 20102010 20082018 200b200e
3532720 2010200f 20152014 200e2015 20102015
3532740 20122011 20132018 20152012 20122017
3532760 200f2016 200b2018 200b2009 2010200e
3533000 2011200e 20122013 20162018 20122015
3533020 200a200c 2011200b 200e200d 2014201c
3533040 200e2015 201b2012 20142014 201b201f
3533060 201b201a 201e2023 201d2016 201c2016
3533100 201d2024 2023201f 201d201d 2022201a
3533120 2024201e 20232026 201d201f 20202020
3533140 20222020 201f2024 20192023 201d201f
3533160 20202021 2018201a 201e201d 20192024
3533200 201e2020 20232021 20232020 201b2027
3533220 201f201f 20222020 2026201a 2022201d
3533240 20212026 20222024 202a2026 20322033
3533260 20312029 2028202d 20202028 20212025
3533300 2020201b 201d2022 20232020 202d202a
3533320 2025202e 20262024 202b2020 2036202b
3533340 20362032 20292031 20272026 202c202a
3533360 2031202b 202d2023 20322029 202e202f
3533400 2034202f 202c202b 20322033 20382039
3533420 20352030 203b2032 20372032 203d203d
3533440 203f203f 203d203a 20492037 20432044
3533460 2036203e 20332038 20312036 20382033
3533500 2038203b 20392039 2040203c 203b203e
3533520 2039203a 2039203b 203a2043 20462043
3533540 20412041 20422038 203d2042 203f203f
3533560 203b203d 20392038 20412042 203e203c
3533600 203f2042 203e203e 203f2040 203e203a
3533620 203b2040 203f2044 20402040 2047203f
3533640 20442043 20472048 204c204d 2050204b
3533660 204e204b 204e2048 20492046 20442043
3533700 204e2047 2048204b 2052204b 204c204b
3533720 204e2047 204f2053 2050204c 2059204f
3533740 20542052 2051204b 20542056 20572054
3533760 20522053 20522055 20512058 204f2055
3534000 20552060 20612058 205a2069 205f2064
3534020 20622061 2068205f 20652062 205c2063
3534040 205c205a 20602068 206c2062 20652065
3534060 206e2064 20652069 205d2067 20612064
3534100 205b205d 2056205b 205b205d 2060205a
3534120 20662064 20642065 20672068 206b206f
3534140 2069206c 20672063 206d2066 206f2066
3534160 205e206b 20682064 205d2060 20622060
3534200 2064205c 20602064 2065206a 2067205b
3534220 20622062 20662067 206f2066 20752073
3534240 206a2067 20692065 206c2068 206b2069
3534260 20672071 2068206f 20652065 20672062
3534300 2066205d 2067206d 206c2068 206c2071
3534320 206b2071 20682068 206a2067 20612063
3534340 206c2062 20642064 206d206d 206d2076
3534360 206f2070 206c2074 206a206e 20712071
3534400 20712070 206c2072 206a206c 20622066
3534420 20672066 20672071 206a2062 20642062
3534440 20662063 20652068 2069206d 206f2065
3534460 2073206f 206f206d 206b2072 206d2070
3534500 206d206b 2071206a 206f206d 20692072
3534520 20722071 20722072 207b2074 206f206f
3534540 20742077 207b207e 20782074 207b2074
3534560 20722074 206e207a 20722070 20672066
3534600 20722069 206c206c 206c206a 206d2073
3534620 206c206c 206a2068 20732073 20722077
3534640 20702076 20722074 20792074 20732073
3534660 20702075 2071207b 2071206b 20782070
3534700 20772073 206f207a 20792081 20782079
3534720 20782077 2078207b 20742074 20762079
3534740 2082207e 20872084 20872086 207d2087
3534760 20772080 207c2077 207b2075 207d207a
3535000 207f2083 20852083 2080207c 20822070
3535020 208f2088 207e2084 207d2085 207e207c
3535040 207e207d 20762079 20812080 20842084
3535060 207b2080 2087207d 207c2080 20812083
3535100 2084207f 20852086 207d207c 2086207f
3535120 20842086 2089208f 20832084 208a2084
3535140 20892093 208f208d 208c208f 208b2080
3535160 20892088 20862085 20812081 20842088
3535200 208c208e 20802087 20842083 2080207c
3535220 20892089 20862088 208c208a 2086208c
3535240 20852089 208f2085 2091208e 208d208a
3535260 20912091 20842089 208c2091 20882085
3535300 2090208b 20912092 208a208e 208f2090
3535320 20902090 208f208f 2086208b 2089208b
3535340 208f2092 20892089 208c2089 208e2089
3535360 208d208d 208d2093 20922089 208e2086
3535400 20902097 20962093 2095209b 20942096
3535420 20972094 20a0209b 209a209e 20952099
3535440 2092208c 209b2091 20922090 20922092
3535460 2092208e 20972094 20a0209e 209a209c
3535500 20962098 209a2097 20992096 209b2097
3535520 209d20a4 209e20a5 209b2095 209a209a
3535540 20992090 20a2209c 209c209f 2098209f
3535560 20a0209c 20a3209c 20a220a4 20a420a4
3535600 20a420a7 20a420a5 209c209b 208f208e
3535620 20962094 209e209d 20a8209e 20a120a6
3535640 20a020a2 209820a3 20a120a0 209d2098
3535660 20a7209f 209e20a6 209f20a1 2098209f
3535700 20a02099 20a1209e 20a2209e 209a209e
3535720 209d20a0 209f20a1 20aa209b 20a720a7
3535740 20a520a9 209c20a6 209e20a6 20a720a8
3535760 20a1209f 20a520a1 20a020a3 20a220a7
3536000 20a5209c 20a820a8 20a720a3 20aa20a3
3536020 20ad20a8 20a920a2 20a820a5 209e209a
3536040 20a320a6 20a820a1 20aa20a9 20ad20b0
3536060 20aa20ab 20b120b2 20b520b1 20aa20aa
3536100 20ae20b1 20ae20b1 20b320b7 20bb20b0
3536120 20ae20ad 20ab20aa 20a320a6 20ad20a9
3536140 20bb20ac 20ba20b3 20b020b6 20b620b3
3536160 20b820b7 20b720b3 20b220b3 20ab20b4
3536200 20b520b1 20b520b3 20b620bc 20ba20b8
3536220 20bd20b9 20b720bb 20c120c0 20c720b9
3536240 20bd20bc 20c120c1 20bd20ca 20bf20be
3536260 20b820b2 20b820b7 20bb20bd 20bd20c1
3536300 20be20c6 20c120c0 20c420c1 20c420c2
3536320 20ba20c0 20c020c2 20c220c3 20cb20c4
3536340 20c420c1 20c220b9 20be20c1 20bd20bb
3536360 20bd20ba 20c020c3 20b520be 20c720bf
3536400 20d220ce 20d120cc 20cb20ca 20bc20c6
3536420 20c620c2 20c820c8 20cb20c9 20cb20cc
3536440 20c320ca 20cb20c6 20d020c8 20c720c6
3536460 20c620c8 20c720c2 20c120c1 20cc20c6
3536500 20d020c9 20c620c2 20c820cd 20c420c5
3536520 20c620c7 20c820c5 20c320c1 20c420c7
3536540 20c920c8 20c920ca 20d120c6 20d020d4
3536560 20c820c9 20ce20cc 20d320cd 20cc20c9
3536600 20cb20cd 20c720ce 20d320d5 20ce20cf
3536620 20cb20cf 20ce20d2 20ca20cc 20d220d3
3536640 20cf20d0 20d420d0 20d220d0 20cc20d2
3536660 20ca20d3 20da20d2 20dd20d9 20d920d9
3536700 20ce20d0 20d620d2 20d020cf 20d120d3
3536720 20d720d6 20d020dd 20d620cf 20d920db
3536740 20cd20d4 20d620d1 20d820ce 20d420dc
3536760 20d920d0 20dd20db 20d720d7 20e120dc
3537000 20d920db 20e520db 20dc20de 20dd20dd
3537020 20df20de 20d720df 20db20d6 20d920e1
3537040 20da20da 20e020da 20de20e2 20df20de
3537060 20df20dd 20dd20e0 20db20dd 20e520e7
3537100 20e920e2 20e520e4 20d920e8 20db20e2
3537120 20de20e1 20e820e4 20ec20eb 20e320e6
3537140 20dd20e1 20e220e3 20e020e1 20ed20df
3537160 20ef20ea 20e920ea 20e720ea 20ed20e3
3537200 20ed20e9 20e220ec 20e120e3 20eb20ee
3537220 20f020e8 20ef20f5 20ee20e8 20ef20f3
3537240 20ec20f2 20ee20ec 20ef20e5 20eb20f0
3537260 20e920f0 20e920ee 20eb20ee 20f420ee
3537300 20f520f0 20f920fa 20f420f9 20f920ef
3537320 20f820f4 20f220fc 20f720fe 20fc20fb
3537340 20fd20fa 20fa20f5 20f520f9 20fe20fa
3537360 20fb2100 20fd20f6 20fb20fb 210020fd
3537400 20fd20fb 20ff20fc 20ff20ff 20ff20f9
3537420 20fd20f9 20ff2101 20ff2106 210d2106
3537440 21012107 20ff20fd 210620ff 210a2106
3537460 21072108 210b2116 21072107 21122111
3537500 210a2111 21122113 210f2110 210c210d
3537520 21072109 210e210d 2117210f 21152112
3537540 210b210d 210d2109 21132113 21132110
3537560 21152113 21172111 211a2112 21172115
3537600 211a2113 211a2114 2116211b 2113210d
3537620 211a2119 21142112 210c210d 21082107
3537640 21122112 21122119 211d2112 21172119
3537660 21232118 211f2123 21172121 21152118
3537700 21122112 21122118 21112112 21082111
3537720 2113210b 2114211a 2111211d 210b2111
3537740 211b211d 21202119 21142113 21102113
3537760 21162119 21182115 2117210c 211c2118
3540000 211a211a 21192115 21152118 2114210f
3540020 21132114 210c2114 21082111 21102115
3540040 21112115 21172112 2112211b 2119211b
3540060 21132117 21162116 211f2116 211d211b
3540100 21142115 211b2118 2119211b 21142112
3540120 21112111 210e2114 21122115 211e211a
3540140 211d211b 21122114 21192112 21162114
3540160 2117210d 210e2111 21102105 21112106
3540200 211c2117 2113211a 2120211e 211b2120
3540220 21182120 211e2123 21192118 211c2117
3540240 211e211e 211c2122 211c211f 21232124
3540260 21282126 21232122 21262125 211f2124
3540300 2118211f 211a2119 21282122 21222120
3540320 21242121 21282127 21242128 211e2123
3540340 211d2120 211d2120 211e211f 2122211a
3540360 2120211c 2120211c 21242123 2129212c
3540400 21282123 2122211f 21222121 21262120
3540420 211a211d 211c211e 211b211f 2118211b
3540440 21212117 211f2122 2122211b 2119211f
3540460 2115211d 21202123 21222123 b010019c
3540500 00001004 0001000a 00010000 03b15d20
3540520 00000ffc 0001000a 1400003c add01f00
3540540 add01f01 add01f02 add01f03 add01f04
3540560 add01f05 add01f06 add01f07 add01f08
3540600 add01f09 add01f0a add01f0b add01f0c
3540620 add01f0d add01f0e add01f0f add01f10
3540640 add01f11 add01f12 add01f13 add01f14
3540660 add01f15 add01f16 add01f17 add01f18
3540700 add01f19 add01f1a add01f1b add01f1c
3540720 add01f1d add01f1e ff000134 00000020
3540740 00000000 f59dac9c 00000001 deadbeef
3540760 f0000000 f59dac88 2f0b4c2e 00000000
3541000 00000134 00001f48 a011019d 21e82127
3541020 21e821e8 21e921e7 21e221e6 21e221e1
3541040 21ec21ee 21e821e5 21e621e7 21e121e0
3541060 21dd21db 21db21e0 21e021e4 21e321e0
3541100 21d921e0 21e321e1 21e321ea 21de21db
3541120 21ea21e6 21e721e3 21ea21e2 21e821e9
3541140 21e721e5 21e421e8 21e921e8 21e921e2
3541160 21e721e1 21e121e5 21ea21e8 21e621e4
3541200 21ed21eb 21e021e9 21e721e2 21e621e7
3541220 21db21e6 21db21df 21dc21da 21de21e6
3541240 21e621e8 21ea21e9 21e521e3 21e521e2
3541260 21e321e8 21f121e9 21e821f0 21eb21eb
3541300 21e721e8 21eb21e5 21e321e8 21e621e8
3541320 21e821de 21e621e4 21e521ec 21e621e7
3541340 21f521ea 21f121ec 21e321ee 21e621e7
3541360 21dc21ee 21ee21ec 21e921ea 21e721e6
3541400 21e721ea 21e921f1 21ec21ec 21f021ea
3541420 21ee21f0 21e721ed 21e921e7 21f121f3
3541440 21f521f6 21eb21f9 21ea21ed 21ee21ee
3541460 21ea21ef 21ee21eb 218f21f0 1fa120a0
3541500 1e371ed7 1d8c1dd3 1d501d65 1d371d3d
3541520 1d251d2f 1d2a1d2c 1d2e1d2c 1d331d2d
3541540 1d2a1d2f 1d251d27 1d271d2a 1d271d27
3541560 1d2d1d24 1d311d28 1d291d2d 1d2b1d25
3541600 1d261d24 1d271d23 1d2b1d29 1d2f1d2a
3541620 1d331d33 1d2f1d32 1d391d3a 1d351d31
3541640 1d311d33 1d391d36 1d391d3a 1d3d1d3b
3541660 1d331d40 1d351d3b 1d351d38 1d2e1d2c
3541700 1d341d2d 1d331d36 1d331d39 1d361d36
3541720 1d3c1d31 1d391d3b 1d411d3a 1d441d47
3541740 1d3c1d44 1d471d40 1d411d3d 1d3c1d42
3541760 1d3c1d39 1d3f1d46 1d441d41 1d481d41
3542000 1d461d49 1d4a1d46 1d4c1d49 1d491d4e
3542020 1d491d43 1d471d42 1d421d48 1d501d49
3542040 1d4d1d49 1d4e1d49 1d451d49 1d4f1d4f
3542060 1d651d5e 1d541d5f 1d5b1d55 1d521d54
3542100 1d571d4e 1d5f1d5d 1d581d56 1d571d5d
3542120 1d611d5c 1d661d67 1d5a1d5f 1d5d1d5e
3542140 1d5a1d57 1d5e1d5b 1d591d57 1d5b1d62
3542160 1d601d59 1d621d5e 1d631d64 1d631d6a
3542200 1d6d1d66 1d701d6a 1d6d1d6f 1d751d73
3542220 1d701d71 1d751d71 1d771d6d 1d791d6d
3542240 1d7a1d75 1d6c1d76 1d761d75 1d801d7b
3542260 1d791d7c 1d711d76 1d7b1d74 1d791d7a
3542300 1d711d73 1d7e1d79 1d7e1d77 1d801d7a
3542320 1d7d1d7b 1d811d84 1d851d7c 1d891d86
3542340 1d851d81 1d8a1d89 1d851d84 1d8a1d84
3542360 1d851d87 1d7f1d84 1d851d84 1d8a1d7f
3542400 1d8f1d8e 1d871d8a 1d881d92 1d851d8d
3542420 1d881d83 1d871d8b 1d841d8a 1d841d83
3542440 1d8d1d8a 1d8f1d90 1d991d8e 1d8f1d90
3542460 1d8f1d91 1d931d98 1d971d8f 1d991d90
3542500 1d971d92 1d981d9b 1d941d91 1d991d96
3542520 1d9d1d9b 1d991d96 1d971da3 1d951da1
3542540 1d921d9a 1d9b1d93 1d9d1d9f 1d9b1da4
3542560 1d9a1da0 1d941d97 1d981d95 1da21d99
3542600 1d981da6 1da41d9d 1d921d9e 1d9f1d9d
3542620 1d9e1da5 1d991da0 1da11d9b 1d9c1da2
3542640 1d9a1d9f 1da01d9d 1da51da2 1dae1da5
3542660 1da21da7 1da61d9e 1da41da3 1da41da3
3542700 1da51da5 1da21da0 1da11da0 1da11da0
3542720 1da31da1 1da01da6 1dac1da4 1da71da9
3542740 1da91da7 1da61da8 1dad1da6 1da21da3
3542760 1da41da1 1da61da1 1dab1dab 1daf1db0
3543000 1db21db0 1db41db8 1daa1db1 1da91da8
3543020 1da91da7 1da71da8 1daa1da6 1db21da7
3543040 1daf1dbb 1dae1dac 1db11dae 1db81daa
3543060 1db11db4 1db81dbb 1db41db8 1db41db1
3543100 1db41db3 1dac1dad 1daa1db0 1db21db5
3543120 1db31db9 1dbd1db8 1db51db6 1dbd1db7
3543140 1dba1dbb 1db91db4 1dc01db8 1dc31dbc
3543160 1db51dbd 1db91db8 1db91dc4 1dc61dbf
3543200 1dc41dc5 1dc21dc5 1dc31dc6 1dc71dbc
3543220 1dd71dc9 1dca1dcf 1dc61dc9 1dc51dc3
3543240 1dbc1dc2 1dcc1dc0 1dca1dc8 1dc41dd1
3543260 1dbf1dc4 1dc11dc2 1dca1dc7 1dcf1dca
3543300 1dca1dc6 1dd51dc5 1dd21dd6 1dd61dd1
3543320 1dd11ddb 1dce1dd1 1dcf1dcd 1dd51dd2
3543340 1dd41dd4 1dd41dcb 1dc71dcc 1dd11dd1
3543360 1dd21dd7 1dd51dd4 1dd31dd4 1dda1dd6
3543400 1ddb1de2 1ddf1ddd 1ddd1dd7 1dd91dde
3543420 1dd21dd5 1dd61dd2 1dd61dd7 1dd61dce
3543440 1dd81dd3 1dd71dd9 1dd61dd8 1dd41dde
3543460 1ddf1ddc 1ddd1dd5 1de31de7 1de21de5
3543500 1dea1de6 1de61de9 1de61deb 1dde1ddc
3543520 1de61de8 1de21ddd 1de31de0 1de41de4
3543540 1dec1df0 1ded1ded 1def1dec 1def1def
3543560 1dee1df1 1dea1de5 1df51df2 1df21df5
3543600 1df41df1 1df31df1 1df41dee 1df71df8
3543620 1df91df2 1df71df3 1dfa1df5 1df81df7
3543640 1e001dfd 1dfd1dfd 1dfc1dfa 1e051e04
3543660 1dff1e01 1e061e05 1e051e08 1dff1dfe
3543700 1dff1e01 1dff1e03 1e031e00 1e041e01
3543720 1e051e05 1e0a1e05 1e051e0a 1e101e05
3543740 1e091e08 1e0e1e08 1e131e0f 1e051e0c
3543760 1e0d1e13 1e0d1e0e 1e091e03 1e081e0f
3544000 1e0b1e10 1e0f1e13 1e121e13 1e151e13
3544020 1e181e21 1e131e15 1e1d1e21 1e1e1e1b
3544040 1e1e1e1c 1e141e15 1e101e11 1e131e14
3544060 1e161e16 1e1d1e14 1e1a1e1c 1e161e1f
3544100 1e191e17 1e241e1c 1e1e1e16 1e161e18
3544120 1e161e13 1e201e18 1e1d1e20 1e211e19
3544140 1e1f1e1d 1e171e1d 1e221e23 1e211e1f
3544160 1e271e1a 1e281e20 1e241e21 1e241e2e
3544200 1e1c1e23 1e251e26 1e261e24 1e1d1e25
3544220 1e271e24 1e261e29 1e2d1e25 1e2e1e28
3544240 1e2c1e31 1e2a1e26 1e261e2c 1e2a1e26
3544260 1e2b1e22 1e271e24 1e311e31 1e291e31
3544300 1e2f1e29 1e311e32 1e2f1e2c 1e281e30
3544320 1e311e2e 1e311e2c 1e2a1e36 1e301e35
3544340 1e331e40 1e381e34 1e3d1e38 1e3e1e3a
3544360 1e361e3f 1e3c1e48 1e431e3d 1e431e45
3544400 1e401e3f 1e3e1e3b 1e3b1e42 1e3e1e3c
3544420 1e451e3f 1e451e45 1e431e41 1e4a1e49
3544440 1e4c1e49 1e521e4c 1e481e4d 1e481e4b
3544460 1e471e4f 1e441e49 1e501e48 1e511e51
3544500 1e4b1e4f 1e4a1e48 1e441e44 1e491e46
3544520 1e4a1e4c 1e541e59 1e561e5b 1e4e1e49
3544540 1e551e56 1e4f1e47 1e501e54 1e581e5c
3544560 1e591e5d 1e571e53 1e521e4c 1e581e59
3544600 1e551e57 1e511e4f 1e531e50 1e5a1e52
3544620 1e591e5a 1e601e62 1e5d1e5d 1e6a1e67
3544640 1e6f1e69 1e5c1e62 1e561e5c 1e551e51
3544660 1e5c1e54 1e5d1e5e 1e661e68 1e6c1e6f
3544700 1e6b1e65 1e651e66 1e5f1e66 1e681e63
3544720 1e671e69 1e651e62 1e671e63 1e6b1e64
3544740 1e661e67 1e6b1e6d 1e6a1e67 1e6c1e6c
3544760 1e681e6e 1e651e6a 1e681e6a 1e611e60
3545000 1e6a1e68 1e641e65 1e6a1e64 1e6b1e6b
3545020 1e671e6b 1e6b1e64 1e661e6c 1e6f1e6b
3545040 1e761e79 1e7b1e71 1e711e74 1e761e6e
3545060 1e741e72 1e721e7f 1e711e78 1e721e70
3545100 1e691e69 1e711e6c 1e6a1e6b 1e701e73
3545120 1e741e71 1e721e6e 1e6c1e6f 1e731e6e
3545140 1e771e78 1e7b1e79 1e7b1e7e 1e7c1e73
3545160 1e7f1e7c 1e7e1e7f 1e7e1e7b 1e771e75
3545200 1e761e7e 1e771e7b 1e811e7f 1e801e82
3545220 1e841e7e 1e7e1e86 1e7f1e85 1e861e81
3545240 1e8f1e87 1e811e87 1e831e7f 1e7b1e89
3545260 1e7d1e7c 1e8c1e85 1e8d1e8c 1e911e91
3545300 1e911e92 1e8f1e88 1e8c1e87 1e8b1e90
3545320 1e8e1e91 1e8d1e93 1e941e9a 1e991e93
3545340 1e901e94 1e901e93 1e911e96 1e941e8c
3545360 1e8d1e8a 1e8e1e88 1e8c1e93 1e8b1e90
3545400 1e931e90 1e961e8d 1e981e99 1e991e9b
3545420 1e951e96 1e951e99 1e9c1e98 1e9c1e95
3545440 1e941e92 1e9c1e91 1e951e91 1e9d1e95
3545460 1e981e94 1e991e95 1e991e9d 1e9d1e9a
3545500 1ea11e9b 1e961e9d 1ea31e9a 1ea51ea6
3545520 1ea51ea6 1ea51ea7 1ea61ea3 1eab1eaa
3545540 1eae1eb3 1eaf1eb3 1eb11ea9 1eab1eb1
3545560 1eaa1eb1 1ea61ead 1eae1eab 1eb61eb3
3545600 1eb41eaa 1eb91eb2 1eb01eb5 1eab1eac
3545620 1eb31ea8 1eb31eae 1eb31eb7 1eba1eb5
3545640 1ebb1eb4 1eb81eb7 1eb91eba 1ec31ec3
3545660 1eb71ec3 1ebb1eba 1eba1eb7 1ebc1eb4
3545700 1ebf1eba 1ec81ec4 1ec81ec9 1ed41ec8
3545720 1ecc1eca 1ec61ec7 1ec91eca 1eca1ec4
3545740 1ecd1ec8 1ed21ece 1ed41ed5 1ecb1ecd
3545760 1ed91ed0 1ec71ed0 1ece1ecd 1ec71ec6
3546000 1ecc1ed2 1ecf1ecf 1ed51ece 1ed91ed6
3546020 1ed41edd 1ed71edf 1ecf1ed3 1ed41ec2
3546040 1ed21ecd 1ed01ece 1ee51ed7 1ede1ee8
3546060 1ee51ee1 1edf1ee0 1ed71ede 1eda1edc
3546100 1ed81ede 1edc1ed6 1ed71ee0 1ede1ed8
3546120 1edd1ed8 1ee11edd 1ee51ee4 1ed51edf
3546140 1eda1eda 1ed91ee3 1edf1eda 1ee71ed9
3546160 1ee91ee9 1ee11ee6 1ede1ee2 1ede1ee4
3546200 1ee41ee1 1ee71eea 1ee91eed 1eea1ee7
3546220 1ef61eeb 1eef1eec 1eec1eed 1eec1eec
3546240 1ef21eec 1eed1eea 1eef1eed 1ef51eed
3546260 1ef41eee 1eea1ef0 1eec1eef 1eeb1ee4
3546300 1ee91eec 1ee91eeb 1eea1ef0 1eed1ee8
3546320 1ef51ef3 1ef81ef7 1eec1ef4 1eeb1eed
3546340 1ee61eec 1ef01eee 1ef41ef2 1ef61ef9
3546360 1ef01ef1 1eec1ef2 1ef41eee 1eea1eea
3546400 1ef41ef4 1ef51ef4 1ef81ef3 1ef21eeb
3546420 1ef51eee 1ef91ef7 1ef91ef2 1efc1ef5
3546440 1efb1ef3 1ef21efa 1eee1ef2 1ef21ef7
3546460 1ef21ef7 1ef81ef8 1efa1efd 1eea1ef3
3546500 1efa1ef3 1ef51ef8 1ef71efa 1efa1ef1
3546520 1f061f01 1f021f05 1f001efb 1efe1efd
3546540 1efb1efc 1eff1efc 1f011ef4 1ef91efd
3546560 1efa1ef9 1efb1ef4 1ef61efa 1efa1efa
3546600 1efc1ef8 1efe1ef7 1efe1efd 1ef51f03
3546620 1efb1efc 1f071f01 1f091f01 1f051f00
3546640 1f031efe 1f0c1f0a 1f031f01 1f0a1f03
3546660 1f0f1f0c 1f091f0c 1f061f0c 1f041f00
3546700 1f081f05 1f041f05 1f011f04 1f061f07
3546720 1f0b1f0b 1f181f0f 1f101f0f 1f0a1f1a
3546740 1f181f19 1f111f15 1f111f0b 1f0c1f0f
3546760 1f0e1f10 1f0e1f11 1f0d1f0e 1f0d1f0b
3547000 1f051f05 1f111f0d 1f141f13 1f0d1f15
3547020 1f1c1f0c 1f121f15 1f0c1f0f 1f0d1f14
3547040 1f101f12 1f121f0d 1f071f0c 1f141f14
3547060 1f0f1f11 1f161f17 1f161f17 1f161f14
3547100 1f1a1f1a 1f181f18 1f151f19 1f181f18
3547120 1f0c1f1e 1f111f12 1f1a1f17 1f141f14
3547140 1f1a1f15 1f171f1d 1f1e1f18 1f1a1f1d
3547160 1f171f1a 1f1c1f1a 1f131f1c 1f131f17
3547200 1f1d1f17 1f121f15 1f1e1f14 1f161f1f
3547220 1f1b1f1e 1f1e1f22 1f191f15 1f1b1f17
3547240 1f111f1b 1f1a1f17 1f201f1a 1f201f1a
3547260 1f1b1f1f 1f191f1b 1f161f17 1f1a1f16
3547300 1f1f1f18 1f261f1d 1f1f1f21 1f191f22
3547320 1f1f1f1e 1f201f23 1f1e1f20 1f211f20
3547340 1f1c1f1b 1f181f17 1f1f1f1c 1f261f21
3547360 1f241f2b 1f201f25 1f231f28 1f1e1f1e
3547400 1f261f21 1f261f21 1f1f1f24 1f1c1f21
3547420 1f1e1f1b 1f191f1e 1f201f18 1f1c1f1e
3547440 1f2a1f24 1f281f27 1f241f19 1f221f2a
3547460 1f2a1f21 1f2c1f2e 1f2a1f2b 1f251f24
3547500 1f211f22 1f211f24 1f2d1f2c 1f291f29
3547520 1f291f2a 1f231f25 1f271f2a 1f311f2d
3547540 1f281f33 1f2f1f26 1f2f1f31 1f351f31
3547560 1f391f3c 1f361f3a 1f371f3a 1f3a1f39
3547600 1f3a1f3a 1f311f39 1f361f2f 1f351f2e
3547620 1f3a1f38 1f411f42 1f3b1f3b 1f401f3e
3547640 1f401f3f 1f411f3c 1f3c1f40 1f431f41
3547660 1f451f44 1f411f46 1f3c1f42 1f431f3d
3547700 1f421f48 1f4b1f46 1f4e1f43 1f461f54
3547720 1f401f46 1f441f47 1f421f46 1f541f4a
3547740 1f531f51 1f4e1f58 1f551f58 1f501f4d
3547760 1f501f55 1f4d1f52 1f571f52 1f5e1f53
3550000 1f5d1f5d 1f5d1f57 1f5c1f5d 1f5b1f5e
3550020 1f5f1f60 1f611f5b 1f5d1f61 1f5b1f61
3550040 1f5e1f5f 1f611f63 1f641f5f 1f601f65
3550060 1f6a1f6c 1f641f6a 1f6a1f6b 1f6a1f66
3550100 1f6b1f67 1f661f6c 1f691f6d 1f6c1f6f
3550120 1f681f6a 1f641f62 1f651f66 1f681f68
3550140 1f661f6b 1f6d1f6d 1f711f6c 1f6d1f72
3550160 1f6e1f67 1f741f78 1f761f70 1f731f71
3550200 1f791f72 1f7a1f7a 1f821f7f 1f7c1f80
3550220 1f821f7d 1f7f1f75 1f771f7c 1f811f7c
3550240 1f861f83 1f821f88 1f7d1f7b 1f7a1f7b
3550260 1f811f7e 1f781f7d 1f881f7f 1f861f8e
3550300 1f841f85 1f861f8a 1f851f7f 1f8a1f7b
3550320 1f881f82 1f8a1f84 1f8e1f88 1f8a1f83
3550340 1f861f87 1f8e1f8d 1f8f1f8c 1f8d1f8a
3550360 1f941f92 1f921f90 1f941f95 1f951f93
3550400 1f9a1f99 1f961f9a 1f9b1f96 1f991f99
3550420 1f961f9f 1f9c1fa0 1f991f99 1fa21f9e
3550440 1f9c1f95 1fa11fa3 1fa21fa8 1fa61fa1
3550460 1fa91fa7 1f9b1fa6 1f961f99 1f9c1f9e
3550500 1f9d1f9d 1f9f1f9a 1f981f97 1f9d1f9c
3550520 1f9c1f9a 1fa61fa8 1fa21f9f 1f971fa0
3550540 1fa01f9b 1f9f1fa1 1fa21fa5 1fa31fa2
3550560 1fa01f9d 1fa11fa0 1fa11f9c 1f9b1f9c
3550600 1fa81fa4 1fa31fa3 1fa21fa3 1fa41fa2
3550620 1fa81fa2 1fa11faa 1fa21fa5 1fa81fa8
3550640 1faa1fac 1fa91fa7 1fa91fa9 1fa61fa9
3550660 1fa11fac 1f991fa3 1f9d1fa3 1fa71f9d
3550700 1fa01fa9 1fa71fa7 1fac1fac 1fa61f9f
3550720 1fa51fa9 1f9e1fa5 1fa61fa5 1fa31fa8
3550740 1fac1fa6 1fae1fab 1f9d1f9a 1fa61fa0
3550760 1fac1fa9 1fad1fb1 1fb01fab 1fa91fa9
3551000 1fa51fa7 1fab1fa5 1fab1fad 1fb01fb2
3551020 1fb51fb5 1faf1fb4 1fb01fb5 1fae1fad
3551040 1fb11fa9 1fba1fb3 1fb31fb5 1fa71fae
3551060 1fae1fab 1faa1fa7 1fb51fac 1faf1fb1
3551100 1fad1fae 1fae1faa 1fb91fad 1fb21fb4
3551120 1fab1faf 1fa81fa9 1fa41fa6 1fb51fa1
3551140 1fab1fb1 1fb21fae 1fb01fb6 1fad1fb0
3551160 1fb21fac 1fae1fab 1fa51fae 1faf1fa6
3551200 1fac1faf 1fa51fa1 1fa51fa1 1fa91fa8
3551220 1faa1fab 1fae1fb4 1fac1faa 1fb11faf
3551240 1fa81fa7 1fa61fa7 1fa61fa4 1fb01fa7
3551260 1fab1fa7 1faf1fb5 1fa71fae 1fae1fb2
3551300 1fa71fab 1fab1faf 1fad1fad 1fad1faf
3551320 1faa1fb1 1fae1fb0 1faf1fac 1fa61fab
3551340 1fab1fa7 1fa91faa 1fb21faa 1fa71fae
3551360 1fa91fa8 1fad1fa9 1fac1fb1 1faf1fad
3551400 1fac1fa9 1fa41fa3 1fac1fa6 1fa71fa8
3551420 1fae1fa7 1fb11fb2 1fad1faf 1fa51faa
3551440 1fa91fad 1fa71fa5 1fab1fa9 1fab1fb1
3551460 1fa31fa4 1fa51f9e 1fa91fa2 1fac1fa4
3551500 1fa91fa7 1fa21fa7 1fa81fab 1fae1fa7
3551520 1fac1fac 1fa01fa4 1fa51fa8 1fa41fa3
3551540 1fac1fa2 1faa1fab 1fa81fb1 1fad1faf
3551560 1fb31fae 1fac1fac 1fad1faf 1fae1fae
3551600 1faa1fa5 1fa11f9e 1f9f1fa0 1fa91fa4
3551620 1fa51fa8 1fa81fa0 1faf1fb2 1fb51fad
3551640 1fb81fab 1fb91fb9 1fb11fc2 1fb51fa7
3551660 1fa71fb1 1fae1fad 1fb61fb4 1fb11fb9
3551700 1fb31fb0 1fb21fb0 1fb81fa9 1fae1fb3
3551720 1fb51fb2 1fb31fb1 1fb11fb1 1fb21fad
3551740 1fad1fb1 1fb71fb4 1fb91fb7 1fb91fbd
3551760 1fb51fba 1fb61fba 1fba1fbb 1fbd1fc2
3552000 1fc41fbb 1fbf1fc1 1fc11fc0 1fc11fc1
3552020 1fbc1fc2 1fbc1fbf 1fc11fc4 1fc41fc9
3552040 1fc81fc0 1fbe1fc4 1fbd1fbe 1fc31fc5
3552060 1fc11fc2 1fca1fc9 1fc71fc2 1fce1fc8
3552100 1fc61fcf 1fce1fc9 1fc51fc9 1fcd1fc4
3552120 1fcd1fc8 1fd21fc7 1fcb1fd1 1fcc1fd2
3552140 1fd41fca 1fd11fce 1fd41fd6 1fd01fd2
3552160 1fdd1fcf 1fd81fd7 1fdd1fd6 1fe01fe0
3552200 1fe01fe3 1fdf1fde 1fe21fda 1fdd1fe1
3552220 1fe01fe2 1fe21fea 1fe01fe0 1fd81fdd
3552240 1fe71fdb 1fe51fe4 1fe71fed 1fe51fe1
3552260 1fe71fe5 1fec1fe2 1fe61feb 1fe31fea
3552300 1fef1fee 1fed1fee 1ff61fea 1fed1fe8
3552320 1fed1fee 1fe41ff3 1fef1ff0 1ff31ff1
3552340 1ff31ff5 1fe71fef 1ff51ffa 1ffc1fee
3552360 20081ff4 1ffa1ff8 20042001 1ff72001
3552400 20042002 20062002 20012002 1fff2005
3552420 20052007 1fff2001 20092002 20022001
3552440 20022006 20052007 2003200b 20082002
3552460 20092001 2006200b 200d2006 200b200c
3552500 2010200a 200c2009 2011200e 20172016
3552520 20152014 2010200a 20142010 20152016
3552540 2012201b 20162013 201b2014 2024201a
3552560 201a2021 20242023 20272027 20272024
3552600 201f2021 201e2021 201e201c 2019201c
3552620 201e2017 2020201f 202a2026 2028202b
3552640 202a2027 20272024 20212022 20242023
3552660 20262029 2034202b 2031202c 202e202f
3552700 2029202c 202c202a 2031202d 202c2032
3552720 2035202b 20342037 20382035 20372035
3552740 203c2039 20382038 20362039 202e2032
3552760 2030202e 20372034 203f2039 203a2037
3553000 202b203a 202e2032 203d2034 203b2033
3553020 203d203b 203b203d 20322035 2035202e
3553040 20322039 20362033 202e202e 202f2034
3553060 20372033 20332032 20342040 20372041
3553100 203d203c 2041203f 20392039 2034203e
3553120 20352039 203c2037 203f2039 2043203c
3553140 203c2040 203a203a 2038203d 203e203b
3553160 20422037 203e203b 20462044 20432046
3553200 20442045 20472044 20472044 2049204c
3553220 20402043 20462043 203c203b 203c203b
3553240 203e2043 20462042 2048203f 20422040
3553260 203a2046 2035203b 2040203a 203e2037
3553300 203c2041 20402041 2044203f 203e2039
3553320 2040203b 203e203a 20392041 203e2040
3553340 20372041 20492040 203f2042 20442040
3553360 20452041 20412044 20442041 20422040
3553400 20492047 204f2050 2048204d 2046203f
3553420 20442042 203c2046 20362048 203b203d
3553440 20322037 2038203d 20432043 203c203f
3553460 20412042 203f203e 20482043 20462047
3553500 20462046 2035203e 203d2038 20392037
3553520 203b203b 203c2042 203e2042 2045203e
3553540 203e203f 2038203d 2036203c 20312032
3553560 20372032 20382034 203a203a 20342041
3553600 20392035 20402031 20302036 20372039
3553620 2034203c 20382039 20342030 202e202b
3553640 202d2034 20302032 20322030 203b202f
3553660 20352035 20332037 20322036 20322031
3553700 20362035 202b2032 202e2031 202e202e
3553720 202f2030 20322031 202c202e 202d202d
3553740 2027202f 2026201e 20282025 20272026
3553760 20232026 20292028 20252020 202e2029
3554000 2027202a 2028202b 20292029 2027202a
3554020 202d2028 202c202f 2024202b 202c202a
3554040 20282029 20282023 20222028 202d2028
3554060 20242027 2027201d 20262022 20292024
3554100 202d2020 20262029 20292025 202b2028
3554120 20272027 20292023 2027202c 202c2028
3554140 202e2028 2026202f 2029202b 20372032
3554160 20312031 20342030 20312034 2033203b
3554200 20392036 20362033 20382032 20322031
3554220 202a202e 20312031 20322032 20312030
3554240 2039203b 20372037 2035203e 20352034
3554260 2038202f 20352035 202e2033 20382032
3554300 203f203f 203d2035 2037203f 203c203a
3554320 2038204b 2041203a 203d203f 2034202a
3554340 20392034 203c203d 20402042 20442044
3554360 20432042 20492043 2044204f 204b2048
3554400 203c2043 2042203f 20412043 2050204b
3554420 20522049 204c204c 204d204d 204d204e
3554440 20542055 20542055 205a2055 204c2057
3554460 2056204d 20542054 205b2058 20572059
3554500 20582057 20522051 20582053 20582055
3554520 205d2059 205d2059 205d205f 206e206d
3554540 2067206a 20692060 20682065 20682069
3554560 2069206a 20692068 206e2070 206c2067
3554600 20712073 206f206d 20752071 2070206e
3554620 20742071 207a2077 2077207e 20732071
3554640 2068206c 206d2069 207b207a 2079207c
3554660 207c2077 207b2076 20732078 207a207c
3554700 20762074 207d2078 20832079 207f207e
3554720 2078207f 20852081 20832080 2083207e
3554740 20862082 20802086 20842087 207f2081
3554760 20892080 208b2089 20932091 208f2092
3555000 2091208d 20862089 20942088 2087208e
3555020 208b208b 20942096 209d2094 20952093
3555040 209d2097 20952098 2096209c 209b2097
3555060 20992095 209d2098 2096209c 209a209c
3555100 20992099 20942098 2095209a 20992097
3555120 209d209e 20a6209e 209e209c 209d2095
3555140 209b20a0 20a02099 20982095 20a4209c
3555160 2095209b 2093209d 20a02097 209c209f
3555200 2097209c 209c209a 20a820a5 20aa20a4
3555220 20aa20a6 20a720a5 20a220a2 20a320a4
3555240 20ac20a2 20ac20a6 20a820a7 20a420a4
3555260 20a320a4 20a720a7 20ae20a2 20ac20a4
3555300 20a920b3 20b320a9 20b420b9 20a920ab
3555320 20ab20a8 20ab20ab 20af20b0 20b420b1
3555340 20b320b5 20b120b4 20af20b8 20b620b5
3555360 20b420b2 20b820b2 20b620b4 20b420b0
3555400 20b320b2 20b520b0 20bb20b2 20ac20b5
3555420 20af20ab 20b220b5 20b520bd 20b820b7
3555440 20b220b0 20b320b9 20b420b4 20b420b4
3555460 20ba20b3 20b720b7 20bb20bd 20b520bb
3555500 20ba20b8 20bc20b8 20ba20b7 20be20bb
3555520 20ba20b9 20bc20c2 20c320b6 20bd20bf
3555540 20b720ba 20ac20a7 20b020bd 20bd20b0
3555560 20b620ba 20bc20bd 20c320bc 20bb20bf
3555600 20ba20bc 20b920bc 20bb20b7 20b520b8
3555620 20b520b4 20b520ae 20b420b2 20b820b2
3555640 20bb20bd 20b620bc 20c020bb 20bb20bf
3555660 20b920bd 20b420b5 20c120bb 20b720be
3555700 20bc20be 20b820b8 20bc20b7 20bd20b9
3555720 20c420c2 20b620b2 20b320b1 20b620b1
3555740 20b620bb 20bd20bb 20b520b9 20b720ba
3555760 20b820bf 20b520bb 20b520ae 20af20b2
3556000 20b220af 20b020b6 20b320b1 20ac20ac
3556020 20b820b5 20b020ad 20ab20b3 20a820a9
3556040 20b020ad 20ab20ae 20a820ac 20aa20aa
3556060 20a1209f 20a920a5 20a720b1 20a620ab
3556100 20a120a2 20a4209e 20a820a5 20ad20b0
3556120 20a620b1 20a820b3 209f20a3 20a220a0
3556140 209f209c 209e20a4 209f20a1 20a3209d
3556160 20a0209f 20a3209e 209820a0 209b20a4
3556200 20a220a5 20a320a4 20a620a8 20a620a9
3556220 20a420a3 20a620a4 20aa20a4 209e20a3
3556240 209b20a4 209e20a6 209a20a2 20942098
3556260 209c20a1 208c2091 2099209c 209a2092
3556300 209e209a 209920a4 20932096 209d209d
3556320 209b2096 2099209b 2090209e 208e2093
3556340 2099208d 20932096 20932093 208f2093
3556360 208e208c 20922092 20972091 20992099
3556400 2094209b 20982099 209f2097 209c209e
3556420 209a2097 209e2098 2099209a 2099209a
3556440 209a2093 20962096 20a02099 209720a1
3556460 2098209e 20912098 20972092 2093209a
3556500 20992094 20942095 20932090 209d2096
3556520 20972097 20912098 20a6209e 2099209b
3556540 20a1209e 20a220a6 20a120a5 209e209f
3556560 20a42095 209f209a 2097209d 20a120a0
3556600 209f20a7 20a220a6 209f209c 20a620a3
3556620 20a420a4 20a820a7 20a420aa 20ab20a9
3556640 20a420a5 20ab20a8 20a220ac 20a520a6
3556660 20a620a5 20a620a7 20a820a6 20a520a1
3556700 20a720ad 20b620a4 20ab20ad 20ad20a9
3556720 20b020b1 20ac20a7 20b020a6 20b120ae
3556740 20b220ac 20b520b5 20b320b5 20ae20a9
3556760 20ae20b5 20a720ad 20b820ae 20aa20b1
3557000 20b220a9 20ad20b4 20bc20b4 20ba20bb
3557020 20b320b1 20c020ba 20bd20c2 20b820ba
3557040 20c320c4 20c020c2 20c920c1 20ca20c3
3557060 20c320c9 20c420c2 20c120c3 20c320bc
3557100 20c820c6 20cc20cd 20ca20cc 20cf20d0
3557120 20d420d0 20d020d4 20d220d1 20cc20d1
3557140 20ce20d1 20cf20c4 20d320d0 20cc20d4
3557160 20d220cf 20d720d5 20da20d7 20d320d9
3557200 20cd20cb 20ce20d7 20d620d3 20da20de
3557220 20df20d7 20dc20d9 20e520e0 20e120e5
3557240 20e420e0 20e320e9 20e920e2 20e620ee
3557260 20ee20e4 20ec20e8 20e620ed 20de20e0
3557300 20e820e8 20e420df 20f620e7 20ef20f0
3557320 20f220ef 20e720eb 20ef20ef 20ec20f0
3557340 20eb20ee 20ed20ee 20ef20ef 20f120ee
3557360 20ec20ea 20ec20e9 20ec20ef 20f220f7
3557400 20ed20f2 20ed20f3 20f120f0 20f120f4
3557420 20f820f9 20f820fc 20fd20f8 20f220f3
3557440 20f420f4 20ed20f1 20ea20e4 20f220ee
3557460 20f420ef 20fc20f7 210320ff 20f520f6
3557500 20ec20f8 20fb20f8 20f920f3 20fe2100
3557520 20fa20f9 210120fd 21052101 21052109
3557540 21052104 210320fd 210420ff 210b2105
3557560 2110210b 210f2114 2113210f 21102111
3557600 2102210c 2108210a 210c210d 210d210c
3557620 210b2105 21092106 210f210a 210c2111
3557640 2112210e 2107210d 210b210a 210e210a
3557660 2106210c 210a210e 210d210e 21112111
3557700 21132116 211b2119 211a211a 21132116
3557720 21172115 21122113 210f2116 211a2112
3557740 2117210c 21122115 2107210e 21172111
3557760 21102113 211f211e 211f2122 211d2125
3560000 211e211c 211e211e 2117211d 21152118
3560020 21132111 21142113 211d2118 21212127
3560040 211e211e 2117211a 2123211f 2120211f
3560060 211c2121 2125211d 2121211f 211e2122
3560100 211b2122 211f2118 211a211d 21152114
3560120 211a2118 2117211b 211e2117 211b211d
3560140 2124211d 211f2122 211b2121 2120211e
3560160 21232125 211d2127 2117211b 21122115
3560200 2112210d 210f2115 2111210e 21162118
3560220 21122116 2121211b 21202122 21122115
3560240 21112118 2113210f 21122114 21122113
3560260 210f2110 210e2113 210d210a 21102116
3560300 21102110 21152112 21152117 210e2113
3560320 210e2106 21072109 210c210f 210e2110
3560340 21122111 210f210d 21062107 21082103
3560360 210a2106 21102107 2115210f 2110210d
3560400 2108210f 210a210d 210d2109 210b210f
3560420 2108210e 210e210f 21112111 2110210d
3560440 2107210e 21032108 2102210b 20ff2107
3560460 210020fd 21052101 20fc2100 20ff210c
3560500 210f210e 210a210b 210c210c b011019d
3560520 00000f54 0001000a 00010000 03b15d21
3560540 00000ffc 0001000a 1400003c add01f00
3560560 add01f01 add01f02 add01f03 add01f04
3560600 add01f05 add01f06 add01f07 add01f08
3560620 add01f09 add01f0a add01f0b add01f0c
3560640 add01f0d add01f0e add01f0f add01f10
3560660 add01f11 add01f12 add01f13 add01f14
3560700 add01f15 add01f16 add01f17 add01f18
3560720 add01f19 add01f1a add01f1b add01f1c
3560740 add01f1d add01f1e ff000134 00000020
3560760 00000000 f6284847 00000001 deadbeef
3561000 f0000000 f6284833 1f0a8f68 00000000
3561020 00000134 00001f48 a010019e 21ce2101
3561040 21d721d8 21dc21d7 21d921d4 21d721d6
3561060 21ce21d1 21d221d0 21db21d1 21d321df
3561100 21ce21cf 21d421d1 21d121cc 21d421d1
3561120 21c921d1 21cb21c8 21ca21d5 21cf21cd
3561140 21d721d3 21cd21d1 21c821c9 21cb21c8
3561160 21d021ce 21d321cf 21d221d3 21cd21cb
3561200 21d421d0 21db21d6 21da21e1 21d921d7
3561220 21cf21d6 21d221d5 21d121d3 21d321d5
3561240 21d721dc 21d421d8 21d521d6 21d921d3
3561260 21d921d4 21cc21d1 21cd21d6 21ce21d1
3561300 21d421d0 21e021d7 21df21d9 21dd21db
3561320 21d221db 21ce21d5 21d121c3 21da21df
3561340 21db21d7 21da21db 21d221d7 21d521ce
3561360 21d421d4 21db21d0 21df21e1 21d921df
3561400 21d821d7 21d721da 21d721db 21da21df
3561420 21e421de 21e921e1 21ed21e4 21ed21e7
3561440 21e921e7 21dd21e0 21dd21d7 21dc21e1
3561460 21db21d8 21e521e0 21dd21e3 21e921e2
3561500 21ed21ea 21e521ef 214221df 1f70204d
3561520 1e521ec4 1dca1dfd 1d961da8 1d8c1d8d
3561540 1d831d84 1d871d85 1d7e1d86 1d7a1d83
3561560 1d801d83 1d861d7d 1d881d86 1d831d89
3561600 1d851d83 1d791d81 1d7f1d7a 1d801d7b
3561620 1d891d85 1d871d83 1d841d85 1d851d86
3561640 1d8e1d87 1d8c1d86 1d971d97 1d8b1d91
3561660 1d911d9a 1d951d90 1d971d94 1d9a1d8f
3561700 1d991d9b 1d941d9c 1d951d93 1d941d98
3561720 1d9a1d91 1d931d97 1d991d98 1da41d99
3561740 1da61da8 1d981d9e 1d9f1d99 1dab1da5
3561760 1da91da2 1d9d1daa 1da41da3 1da81da9
3562000 1da71da5 1da51da6 1da31da7 1dac1daf
3562020 1db11db7 1db01daf 1daa1daf 1dac1da7
3562040 1dad1dae 1daf1db7 1dad1dad 1daf1dbb
3562060 1dbd1db9 1db41db8 1db61db2 1dac1db2
3562100 1dbd1dbb 1db81dbe 1db91dba 1db21db8
3562120 1dc01db9 1db61dba 1db21db3 1db11db5
3562140 1db11db9 1db71dbe 1dc01dc0 1dc41dc3
3562160 1dcd1dc7 1dd41dd1 1dcc1dce 1dc71dca
3562200 1dc71dca 1dd01dce 1dd41dd3 1dd81dcc
3562220 1dd81dd7 1dd41dd8 1dda1dd2 1dd91dd7
3562240 1de11de3 1de01dde 1de21de4 1ddf1de3
3562260 1de01dd9 1de31ddf 1de01ddd 1de11de0
3562300 1de81de4 1df11dea 1dec1de1 1df21df0
3562320 1de31de7 1ddd1de7 1de81ddf 1de51dde
3562340 1de91de2 1de81deb 1def1dea 1def1dee
3562360 1de51df4 1def1de6 1def1def 1ded1df0
3562400 1ded1def 1dec1de7 1df31df3 1de91df1
3562420 1dee1df2 1dea1dec 1dec1de4 1dec1de5
3562440 1df31df0 1dfa1df0 1df61df5 1df81dfd
3562460 1df31df6 1df31df1 1df81df3 1df41df7
3562500 1df11df6 1dfe1df8 1dfa1df7 1df91dfe
3562520 1dfc1df9 1dfa1df8 1dfa1df1 1dfc1df7
3562540 1df61df2 1df91dfc 1df81df7 1e071e08
3562560 1df21dfd 1e031dff 1dfb1e00 1df71df4
3562600 1e041e02 1e001e00 1dfd1e05 1df71df9
3562620 1df71dfe 1df51df6 1df41df3 1df21df7
3562640 1df51df9 1e001df9 1dfb1e01 1df31df5
3562660 1e011dfb 1e071e05 1e061e03 1dff1e04
3562700 1dfb1dfb 1e031e01 1dff1e05 1e081e08
3562720 1dff1dfe 1dff1dfd 1df81dfc 1dfc1df8
3562740 1dfb1dff 1dfe1e01 1dfb1dfe 1df61dfa
3562760 1df81df8 1df71df6 1df51df0 1df41df5
3563000 1df21df3 1df41df0 1df91df4 1df91df3
3563020 1de51dec 1df61def 1df61dfa 1df41deb
3563040 1df11df0 1df31df3 1df71df9 1dfb1df6
3563060 1dfc1df5 1df61df9 1df01df6 1def1df5
3563100 1df31ded 1df21df2 1dec1ded 1dee1de8
3563120 1de91dee 1df21dee 1dfb1df9 1dfe1dff
3563140 1df51df9 1df01df5 1df11df2 1df01df5
3563160 1df11dee 1df71df2 1df31df3 1df11df1
3563200 1dee1df4 1df61def 1dfd1dfb 1df91dfe
3563220 1df01dfb 1df01ded 1e061df9 1dfd1e01
3563240 1dff1df9 1dfc1dfc 1dfc1dfc 1df81dfb
3563260 1df71df9 1e091df8 1e061e06 1e011e00
3563300 1dfe1e00 1dfa1df9 1e091e04 1e051e06
3563320 1e061dff 1e091e01 1e041e06 1e081e02
3563340 1e051dfe 1e071e05 1e061e08 1e071e0b
3563360 1e091e0b 1e051e08 1e0b1e0c 1e0b1e0b
3563400 1e071e03 1e061e04 1e0b1e09 1e0b1e05
3563420 1e111e0a 1e0e1e0d 1e0d1e15 1e131e14
3563440 1e141e13 1e131e12 1e0c1e13 1e101e0e
3563460 1e171e13 1e0d1e10 1e0b1e06 1e001e05
3563500 1e0e1e07 1e181e14 1e191e19 1e101e10
3563520 1e151e12 1e191e18 1e101e15 1e1a1e12
3563540 1e1e1e1b 1e1c1e19 1e151e22 1e1f1e1b
3563560 1e201e2a 1e1e1e12 1e1c1e22 1e201e1f
3563600 1e1d1e25 1e2d1e20 1e271e26 1e291e1f
3563620 1e211e25 1e201e21 1e261e20 1e2b1e2a
3563640 1e321e30 1e2d1e2b 1e311e30 1e381e38
3563660 1e3a1e39 1e351e39 1e2f1e3a 1e3b1e36
3563700 1e321e32 1e301e33 1e2f1e39 1e341e37
3563720 1e391e35 1e351e35 1e3c1e2f 1e3c1e3b
3563740 1e381e3f 1e3d1e43 1e471e3c 1e471e3e
3563760 1e3b1e3f 1e481e44 1e471e4a 1e481e41
3564000 1e4f1e53 1e4c1e47 1e4b1e4e 1e521e49
3564020 1e601e53 1e561e55 1e531e52 1e581e4e
3564040 1e511e56 1e551e58 1e541e50 1e581e5a
3564060 1e5c1e57 1e5a1e58 1e5a1e5e 1e631e61
3564100 1e6b1e64 1e6e1e66 1e681e69 1e701e6c
3564120 1e661e69 1e611e69 1e641e65 1e651e65
3564140 1e611e64 1e6b1e61 1e6a1e5f 1e5f1e64
3564160 1e691e63 1e6c1e61 1e711e68 1e721e6d
3564200 1e761e77 1e751e75 1e791e75 1e791e72
3564220 1e7b1e73 1e781e78 1e781e7a 1e811e83
3564240 1e861e79 1e851e7d 1e871e8b 1e821e82
3564260 1e891e80 1e871e84 1e881e87 1e831e83
3564300 1e841e85 1e831e84 1e821e86 1e831e84
3564320 1e8f1e88 1e931e8f 1e961e96 1e951e8c
3564340 1e8a1e8f 1e821e87 1e941e91 1e971e97
3564360 1e991e93 1e951e90 1e921e91 1e911e91
3564400 1e991e99 1ea11e9e 1ea21e9f 1ea21ea1
3564420 1ead1ea6 1ea51ea2 1eab1ea1 1ea81ea5
3564440 1ea11ea5 1ea71ea9 1ea61e9f 1ea71ea5
3564460 1eaf1ea3 1eac1ead 1ea41ea0 1ea91eaa
3564500 1eac1ea8 1eb01eac 1eb71eb7 1eb41eb1
3564520 1eb91ebb 1eb71eb1 1eb01eb6 1eb11eb4
3564540 1eb51eb4 1eb11eb5 1ec21eb7 1ebf1ebe
3564560 1ebf1ec1 1ebd1ebe 1ec21ec0 1ec21ec2
3564600 1ebd1ec1 1ec71ebf 1ec11ec6 1ec01ec1
3564620 1ec91ebf 1ebc1ec2 1ebd1ebd 1eca1ec1
3564640 1ec51ec5 1ec71ec4 1ec81ec7 1ec71ec8
3564660 1ed01ecc 1ecc1ecc 1ecd1ece 1ec91ec8
3564700 1eca1ecc 1ed41ed3 1ecd1ed2 1ecf1ecf
3564720 1ecf1ed4 1eca1ec5 1ec81ed4 1ed11ece
3564740 1ece1ecc 1ed51eca 1ecf1ed2 1ed41ed7
3564760 1ed11ed0 1ec81ecd 1ed61ed0 1ed01ed1
3565000 1ec81ece 1ecd1ecd 1ed31ed0 1ed11ecb
3565020 1ecb1ece 1ecb1ed1 1ecb1ec8 1ecf1ec8
3565040 1ecc1ed1 1ec81ec8 1ec91eca 1ec61ecb
3565060 1ed21ecc 1ece1ec8 1ec91ecd 1ec71ed0
3565100 1ecf1ec8 1ecf1ec9 1ecf1ec9 1ed01ecd
3565120 1ed21ed4 1ed41ed2 1ed21ed2 1ed81ed9
3565140 1eca1ed0 1ec51ed0 1eca1ec8 1ed21ed0
3565160 1ecf1ec7 1ecf1ed0 1ed81ed6 1ed11ed0
3565200 1ecf1ecc 1ecd1ec8 1ec31ecf 1ec21ec5
3565220 1ecc1ec3 1ece1eda 1ed21ecd 1ed21ed6
3565240 1ecb1ec9 1ecd1ec4 1ecd1ec2 1ec91ecb
3565260 1ec61ec2 1ecb1ed3 1ec61ec6 1ed01ec9
3565300 1ecf1ecf 1ed01ec8 1ed11ed3 1ec91ed6
3565320 1ed31ece 1ecb1ecd 1ecd1ece 1ec91ed0
3565340 1ed01ed0 1ecf1ed2 1eca1ecb 1ed01ece
3565360 1ed21ed6 1ed61ed3 1ecf1ed5 1ed91ed7
3565400 1edb1edd 1ede1edb 1edc1edd 1eda1ed7
3565420 1ed51ed5 1ecd1ed4 1ed51ed9 1ed61ed7
3565440 1ed81ed2 1ed81ed6 1ed21ed2 1ecb1ece
3565460 1ed31ec8 1ed01ecf 1ec71ece 1ed71ed6
3565500 1ed11ed5 1ecd1ed8 1ecd1ecf 1ecd1ecc
3565520 1ecd1ed4 1ed61eda 1ed91ed9 1ed61ed3
3565540 1ecf1ed2 1ed41ed7 1ed31ed2 1ed61ed4
3565560 1ed41ed4 1ed31ed0 1eda1edb 1ed41ed5
3565600 1ed11ed6 1ecd1ecb 1ed21ec7 1ed51ed3
3565620 1ed21ed8 1ed61ed7 1edc1ed7 1ed91ed8
3565640 1ed91edd 1ed81edb 1ed71ed7 1ed81ed3
3565660 1ed51ed0 1ed61eda 1ed51edb 1eda1eda
3565700 1ee41edc 1edb1ed9 1ed81eda 1ee21edd
3565720 1ee31ee1 1edc1ee2 1ed81edd 1ee31edd
3565740 1ed71ee1 1ee41ee4 1ed81ed8 1ee51edf
3565760 1ee61ee5 1edd1eea 1ee41eda 1ee31edc
3566000 1ee21edc 1edf1edd 1ede1ee6 1ee41ee2
3566020 1ee31ee5 1ee51ee8 1ee51ee6 1eed1eeb
3566040 1ee81eee 1eec1ee7 1ee61ee6 1ee71ee1
3566060 1ee61ee3 1ee91ee5 1ef41eef 1eed1eeb
3566100 1ee41ee9 1ee41eeb 1eef1ee9 1eec1eee
3566120 1eee1eec 1eea1eef 1ef01ef0 1eed1ef2
3566140 1ef81eee 1eed1ef2 1ef31eef 1ef41ef9
3566160 1ef71ef8 1ef81ef6 1f041efd 1ef81efa
3566200 1ef71efc 1f001f02 1f051f06 1f111f0f
3566220 1f071f07 1f011f00 1f011eff 1efd1efb
3566240 1efc1f00 1f051f01 1f051f08 1f071f05
3566260 1f0d1f0a 1f0e1f0e 1f061f0b 1f101f0b
3566300 1f181f0f 1f0d1f0f 1f0b1f0d 1f0e1f0b
3566320 1f101f0e 1f0d1f0d 1f121f13 1f0d1f13
3566340 1f121f10 1f141f0f 1f0f1f11 1f161f16
3566360 1f191f11 1f101f1b 1f151f13 1f211f1a
3566400 1f231f1c 1f211f1a 1f221f20 1f211f21
3566420 1f231f1d 1f1f1f1e 1f171f19 1f1f1f1d
3566440 1f231f25 1f221f1f 1f281f31 1f241f28
3566460 1f2e1f30 1f2d1f2a 1f311f32 1f2f1f2b
3566500 1f2c1f2f 1f321f35 1f341f38 1f331f37
3566520 1f2d1f2f 1f311f32 1f371f32 1f2f1f37
3566540 1f2e1f2e 1f361f2d 1f351f2e 1f3d1f37
3566560 1f3a1f42 1f3d1f3b 1f351f36 1f3e1f3f
3566600 1f371f41 1f3e1f39 1f3b1f40 1f3c1f3b
3566620 1f451f42 1f481f44 1f481f48 1f4e1f45
3566640 1f481f4a 1f4a1f51 1f481f4e 1f4d1f45
3566660 1f4d1f4a 1f441f47 1f491f47 1f421f45
3566700 1f481f49 1f4f1f49 1f5c1f53 1f4d1f52
3566720 1f561f54 1f541f53 1f621f57 1f521f5c
3566740 1f4e1f50 1f551f56 1f5b1f54 1f551f59
3566760 1f571f51 1f5e1f5b 1f5d1f59 1f5b1f5f
3567000 1f571f5c 1f5d1f56 1f581f5c 1f5b1f5a
3567020 1f561f5c 1f591f54 1f561f4d 1f551f4d
3567040 1f501f54 1f661f5f 1f631f66 1f6b1f68
3567060 1f661f6a 1f681f6d 1f671f6c 1f761f6d
3567100 1f721f6e 1f6b1f73 1f6c1f70 1f6c1f6b
3567120 1f6a1f73 1f721f6b 1f761f74 1f721f71
3567140 1f6f1f6e 1f791f73 1f6f1f76 1f711f6e
3567160 1f751f6c 1f721f7d 1f781f6d 1f6d1f6d
3567200 1f731f6e 1f701f70 1f6b1f6d 1f711f6a
3567220 1f741f6e 1f6f1f72 1f701f70 1f6c1f72
3567240 1f661f6f 1f701f70 1f771f77 1f701f75
3567260 1f791f74 1f741f77 1f791f73 1f691f6d
3567300 1f731f73 1f6d1f72 1f711f69 1f751f71
3567320 1f751f73 1f751f73 1f841f7a 1f821f82
3567340 1f821f7d 1f7d1f7f 1f761f77 1f771f76
3567360 1f6c1f74 1f6c1f6c 1f741f72 1f701f71
3567400 1f761f70 1f791f70 1f751f7b 1f781f75
3567420 1f6f1f76 1f6c1f73 1f7a1f6a 1f741f7d
3567440 1f741f71 1f771f77 1f7b1f75 1f7a1f80
3567460 1f7e1f75 1f731f73 1f751f74 1f701f6f
3567500 1f751f74 1f7b1f70 1f7d1f77 1f781f7b
3567520 1f7c1f79 1f701f7a 1f7c1f79 1f741f79
3567540 1f771f7a 1f741f71 1f731f75 1f771f70
3567560 1f7c1f75 1f751f77 1f6e1f79 1f781f70
3567600 1f791f74 1f7d1f76 1f751f78 1f7b1f75
3567620 1f771f71 1f7b1f76 1f781f77 1f801f7e
3567640 1f751f79 1f781f73 1f7a1f7b 1f7a1f7a
3567660 1f811f84 1f7b1f80 1f751f7b 1f811f7c
3567700 1f761f72 1f781f7c 1f801f79 1f7d1f7f
3567720 1f771f7e 1f791f81 1f7e1f80 1f8a1f85
3567740 1f7e1f83 1f811f83 1f7a1f7e 1f7c1f7c
3567760 1f7c1f7e 1f7c1f7d 1f791f7e 1f761f79
3570000 1f701f74 1f771f77 1f7d1f7e 1f7e1f7a
3570020 1f821f7f 1f801f7f 1f851f86 1f841f83
3570040 1f811f78 1f7b1f79 1f811f79 1f821f80
3570060 1f851f88 1f861f82 1f7f1f80 1f821f84
3570100 1f8b1f8c 1f8e1f8f 1f891f88 1f861f88
3570120 1f8a1f84 1f881f88 1f891f88 1f861f87
3570140 1f811f7e 1f911f89 1f8b1f8b 1f8e1f93
3570160 1f8d1f8c 1f891f8b 1f8b1f8e 1f891f8a
3570200 1f881f84 1f861f84 1f8b1f90 1f901f8f
3570220 1f931f92 1f8f1f91 1f8d1f8b 1f821f90
3570240 1f8d1f8d 1f941f95 1f8f1f90 1f931f91
3570260 1f8e1f90 1f921f90 1fa11fa0 1f9b1f9b
3570300 1f9b1f97 1f971f96 1f971f93 1f991f98
3570320 1f971f97 1f9e1f9a 1f9c1f9f 1f961fa1
3570340 1f961f9e 1f991f95 1f9a1f9c 1f971f94
3570360 1fa01f97 1f9d1f9b 1f9f1f9d 1f9a1f9c
3570400 1f971f9e 1f9b1f99 1f931f9f 1f9a1f95
3570420 1f9d1f9e 1fa01f9c 1f9d1fa0 1f9f1fa3
3570440 1fa41fa6 1f9f1fa1 1fa11f9e 1fa31fa7
3570460 1fa41fa5 1fa71fa5 1fa71fa7 1fa81fac
3570500 1f9d1faa 1f9b1fa0 1f9d1f9f 1faa1fa4
3570520 1fac1faa 1fab1fa9 1fa81fa9 1fb51fad
3570540 1fb11faf 1fb71fb8 1fb81fb7 1fb41fb9
3570560 1fb31faf 1fbd1fad 1fb91fb4 1fb51fb4
3570600 1fb11fba 1fb61fb9 1fbb1fb3 1fb21fb4
3570620 1fae1fae 1fb01fb9 1fb71fae 1fb41fb3
3570640 1fb71fb5 1fbb1fba 1fc31fbd 1fc21fae
3570660 1fb51fc0 1fba1fb2 1fbb1fbe 1fbb1fbd
3570700 1fba1fbb 1fb91fb2 1fbb1fb8 1fb61fbe
3570720 1fb91fb5 1fb71fb8 1fb81fb7 1fc71fb9
3570740 1fcf1fcd 1fbf1fc3 1fc01fc3 1fc91fc7
3570760 1fbe1fc0 1fc21fb8 1fc21fc2 1fcc1fc1
3571000 1fc31fc2 1fc91fc4 1fca1fc6 1fc61fcd
3571020 1fc31fc9 1fca1fc6 1fca1fce 1fcd1fcc
3571040 1fcf1fcd 1fc91fc4 1fc51fc3 1fcd1fc7
3571060 1fcc1fcd 1fd61fd1 1fdb1fd9 1fe01fdb
3571100 1fd61fda 1fdb1fde 1fd61fd6 1fd51fdc
3571120 1fd31fd4 1fde1fdb 1fe31fdc 1fe71feb
3571140 1fdc1fd8 1feb1fdb 1fd81fdf 1fdc1fdb
3571160 1fdd1fe5 1fde1fe0 1fe21fdd 1fe71fe0
3571200 1fe51fea 1fe31fe8 1fe81fe2 1ff01feb
3571220 1feb1fed 1fec1fed 1fe91fea 1fe51fe3
3571240 1fed1fed 1ff11feb 1feb1ff1 1fec1fef
3571260 1ff41ff4 1ff41ff2 1ff21ff1 1ff61fef
3571300 1fea1ff2 1ff41ff2 1ff61fec 1ff91ff9
3571320 1ff41ff8 1ff41ff4 1ff11ff9 1ff41fef
3571340 1ffb1ff9 1ffa1ffd 1ff62001 1fff1ffe
3571360 20012000 1ffe2007 20051ffc 1ffb1ffe
3571400 1ffc1ff5 20031ffb 20002002 1ff61ffe
3571420 1ffc1ffd 1ff81ff6 1ff71ffa 1ff81ff8
3571440 1ffa1ffe 1ffa1ff9 20021fff 1ff31ff8
3571460 1ff91ffe 1ffa1ff7 1ff91ffa 1ffe1ff9
3571500 20032003 1ffc1fff 1ffc1ff7 20011fff
3571520 1fff1ffd 1ffd1ffd 1ff81ffe 1ff51ff5
3571540 1ffc1ffd 20082004 20042005 20022003
3571560 1fff2005 20042004 20012006 20041fff
3571600 20042000 1fff2001 20021fff 20041ffc
3571620 20061fff 1ffc2001 20011ff6 2003200a
3571640 200c2001 20042006 1ff81ffe 1ffa1ff8
3571660 1ff91ff6 20011ffd 1ffc1ffa 20022004
3571700 20002000 20072002 20092004 200b2007
3571720 2006200b 2007200b 20012008 20052003
3571740 1ffd2001 1ffa1ffe 1fff2000 1fff2005
3571760 20012003 20071ffe 20082006 20042008
3572000 2004200b 20022000 20032004 200e2005
3572020 200a2009 20032007 20052009 20092008
3572040 200d200b 200d2006 20092003 200d200f
3572060 200c2011 2005200a 200e200e 2017200b
3572100 200f200b 20162012 2014201a 200f2015
3572120 200f200f 200a200c 200b2008 200f200e
3572140 20112013 200e200d 200a2007 2007200a
3572160 20032006 20071ffe 20082008 20042006
3572200 20152009 20122015 200e2015 200f2012
3572220 2016200e 20182016 2018201a 20172018
3572240 20122016 20132012 20162015 20142016
3572260 200b2016 20142017 20172014 20172015
3572300 20182014 20182013 201b2019 2016201a
3572320 20142019 201b2019 201e201c 20132022
3572340 2018201a 20242018 201a201c 20182013
3572360 201d201c 2026201e 20242022 20212023
3572400 20232020 202a2025 201b2020 201c201c
3572420 2020201b 201f2025 20202020 201d201b
3572440 201c201d 201c201d 20202019 2025201f
3572460 2020201d 2024201f 2027202a 2023202b
3572500 2027202b 2025202d 20252028 20282025
3572520 2029202a 20272029 202a202a 202c2022
3572540 20292027 202a202a 202b202d 20232028
3572560 202a2023 202f2028 202d202b 202e2032
3572600 202a202a 202e2026 201f202c 20312026
3572620 202f202f 20342031 202f2034 20352036
3572640 20342039 20302038 20362032 20352036
3572660 202f2030 202f2031 20342034 203c2032
3572700 2039203b 20392034 20352038 203a203c
3572720 20342038 20332034 202c2035 202d2032
3572740 2033202f 203a2035 203b2035 2035202f
3572760 202d2033 202f2030 20352038 20452033
3573000 20422044 2035203f 203a203d 20382037
3573020 20392032 203c2038 203e203c 203e203d
3573040 20402036 203b203c 2035203a 20422038
3573060 20452041 204b203d 20422044 20362038
3573100 20392039 203c2037 203a203f 20422036
3573120 2042203f 2037203b 203e203c 20362037
3573140 20432036 2043203f 20452040 20432046
3573160 203e2048 2040203b 2043203b 20452049
3573200 20462048 20492049 204b2046 2048204f
3573220 203e204a 20402046 20472042 204f2045
3573240 2052204f 204d2050 204c204e 20502052
3573260 20502044 204c2049 2042204e 204f204d
3573300 20472048 204d204e 20502057 2049204e
3573320 20522044 20472048 2052204e 204f204f
3573340 204d204f 20512053 20522051 204c204f
3573360 20502047 20592051 205d205e 20592055
3573400 20542056 20532053 20542055 20572053
3573420 205a2053 20502056 20602054 2061205d
3573440 205c205d 2056205b 20572057 204f205b
3573460 20502053 205b2058 20542058 205b2056
3573500 205e205b 205c205d 206a2066 20672067
3573520 20622068 20622064 205b205f 20672065
3573540 206e206c 206c2068 20692066 20622061
3573560 20632068 205c2058 206b2062 205f2064
3573600 206e2067 205d205d 205d2059 205b2060
3573620 205b205e 205d2065 205a2059 2060205b
3573640 205e205f 2064205b 2064205f 205b2067
3573660 205f205f 20622064 2058205c 205e205f
3573700 205e205e 2062205f 205e2065 205f205b
3573720 2057205a 205a2063 2060205a 20642059
3573740 205c2061 205e205a 2061206b 205f2066
3573760 20682061 20662060 20622069 2066205c
3574000 2057205a 205e205c 205f205c 2059205b
3574020 205f205d 20662060 206f2067 205b2060
3574040 206e2068 20632068 20662066 20612062
3574060 2060205d 20572064 20542057 205d2059
3574100 2064205f 20692066 20612065 20622060
3574120 20672067 206e2068 2070206f 206d206f
3574140 20612065 20632062 2066205e 20682068
3574160 206b2070 20722074 20732071 206d2070
3574200 2069206c 20662066 2066206c 206d2068
3574220 206b2068 206e206d 206a2070 206c206c
3574240 2066206b 206e206b 206a2065 206f206c
3574260 2072206a 20742070 206c2074 206a206a
3574300 2071206e 2067206f 20752070 206b2067
3574320 2072206a 20732076 20762079 20742071
3574340 20722077 20752075 20752075 2078207b
3574360 20732071 20752076 206e206d 2078206e
3574400 207e2079 207d2077 207b207d 20802080
3574420 20872083 20832087 20812088 207e2082
3574440 207e207e 207b207b 2083207d 207c2084
3574460 20872088 20872082 20782081 2086207f
3574500 20912085 20882086 20852089 20802088
3574520 20852084 2081207e 20832080 20872087
3574540 207c207c 2076207e 208b2088 208a208a
3574560 208c208c 2090208b 208e2088 208f2092
3574600 208b208d 20892088 208f208f 208e2090
3574620 20952093 20932091 208f2094 20972096
3574640 2099209a 20952099 20962096 20952097
3574660 20932095 20942094 209d209b 20932094
3574700 20992092 209a2097 209f209c 2099209b
3574720 209b2097 209a2091 20a32098 20a620a9
3574740 20a420a6 20a920a7 20a520a4 20a220a1
3574760 209e20a3 209d209d 20a620a0 209e20a2
3575000 20a220a2 20af20a3 20b820b3 20ad20a8
3575020 20b020b4 20a220a6 20a920a8 20a320a2
3575040 20a220a4 20a920a2 20a320a3 20a120a2
3575060 20a820aa 20a920a9 20ac20a7 20a820ad
3575100 20a820ae 20a320a8 20b120a4 20ae20b0
3575120 20b420b6 20b220b3 20b220b6 20b220ab
3575140 20ac20ae 20af20ac 20af20ab 20ad20b2
3575160 20ae20a6 20ab20a9 20b620b3 20b420bc
3575200 20a920aa 20ae20aa 20b320b1 20b320b2
3575220 20bb20b8 20b620b9 20b120b2 20b020b8
3575240 20b720b5 20c020bb 20b220b1 20af20af
3575260 20b820c0 20b420b3 20b120bd 20ad20ac
3575300 20b320b0 20b720b6 20b120b7 20b620b2
3575320 20a920ad 20ac20aa 20af20b0 20aa20ae
3575340 20b320b1 20b420b5 20c420bb 20be20be
3575360 20ba20bc 20bf20c1 20bc20b5 20bd20bb
3575400 20bf20b8 20c220bd 20bb20c8 20c020c2
3575420 20c120bb 20be20c1 20be20ba 20bd20b8
3575440 20bc20bb 20bd20ba 20ba20c1 20b820c2
3575460 20b620bd 20c020c0 20bb20af 20bf20ba
3575500 20c220c0 20bf20c5 20bf20c4 20c120ba
3575520 20bd20b9 20bf20b8 20c020bb 20c120b6
3575540 20c320c4 20bc20b8 20be20b9 20bf20ba
3575560 20bf20be 20c920c0 20bd20c1 20b720be
3575600 20c320c6 20b820b9 20bd20bb 20c320bf
3575620 20be20c4 20c120c5 20bf20bd 20c820c1
3575640 20c820c8 20ca20cd 20c620cc 20bb20c4
3575660 20c720c2 20c120c2 20b620bd 20bd20c0
3575700 20ca20c5 20c220bf 20c620c9 20c720c8
3575720 20ca20ca 20c020c2 20bf20c5 20be20be
3575740 20bd20bb 20c220c5 20bd20c0 20be20c1
3575760 20bd20be 20d020cc 20ce20db 20c220c0
3576000 20c320c9 20c720c3 20be20c4 20c220c4
3576020 20c720c2 20cb20c4 20c220ca 20ca20c0
3576040 20c120c4 20bf20be 20c220bf 20b720ba
3576060 20b120ba 20b520b1 20bc20b6 20c220bc
3576100 20c120c0 20b520bc 20bd20bb 20b820b6
3576120 20b920b8 20b920bd 20b520b7 20b620b6
3576140 20be20bc 20c120bf 20bf20bf 20b620bb
3576160 20b620b9 20b920b3 20b920b5 20b920b3
3576200 20aa20b3 20b520b6 20b620b3 20bf20b7
3576220 20bd20bc 20b820bc 20b220b2 20b620a9
3576240 20b420b9 20bc20b2 20bb20b8 20b720bf
3576260 20b220b2 20b120ac 20b220af 20b820b3
3576300 20b520b9 20c020ba 20bc20bd 20b120ba
3576320 20b320b4 20ad20b6 20b220ae 20ad20b2
3576340 20a820ad 20b420ad 20b620b7 20b720b7
3576360 20b420b1 20bc20b7 20bf20c3 20c120be
3576400 20b720ba 20bd20b8 20be20ba 20b720bf
3576420 20bd20c2 20b720b4 20b420b1 20b620ac
3576440 20b520b6 20bb20b5 20be20bc 20c020b9
3576460 20bf20c5 20c020c7 20ba20c0 20bd20b8
3576500 20c920bb 20c120be 20c120bf 20bc20bb
3576520 20c320c3 20d020c0 20c820c7 20cb20ca
3576540 20c420cd 20ba20c2 20c120bf 20c220bf
3576560 20c720cc 20c220ca 20c920c5 20c820be
3576600 20c820c9 20c720c7 20c720cb 20ca20c7
3576620 20ce20cb 20c420ca 20c720c8 20c820cb
3576640 20ce20cb 20d820d2 20d120d4 20d120ce
3576660 20db20d7 20d320d4 20d120cd 20d520d5
3576700 20d020d3 20da20d0 20d220d5 20d120d2
3576720 20df20d8 20d820da 20d820db 20de20dc
3576740 20d020d6 20d720d5 20df20d4 20e020e5
3576760 20e820e1 20ec20e4 20e820e3 20e220e1
3577000 20e420e5 20e520e0 20e720e1 20ea20e6
3577020 20eb20ef 20ea20ed 20e720e9 20ec20ed
3577040 20e820ed 20ee20f0 20ef20ee 20ea20f3
3577060 20ea20ea 20ee20e7 20ee20f2 20f320ef
3577100 20ee20e8 20fa20f2 20f620f1 20fa20f5
3577120 20ff20fa 20fb20f7 210120f9 20ff20ff
3577140 21002102 20fb2103 210320fa 20ff2102
3577160 20fc20fc 20fa20fb 20fe2103 20fb2100
3577200 20fe20fa 20fe20fe 21012101 210020fa
3577220 21062103 21022102 21052104 2104210a
3577240 21042108 21022102 2102210a 21092104
3577260 21072105 210b210a 210f210b 2105210b
3577300 2114210f 2115210e 210e2117 210c210f
3577320 21102113 21102116 21132113 211b2113
3577340 2118210f 210f2111 21172114 210f2113
3577360 210f2112 21192117 21152115 21142113
3577400 211b211a 211f211d 21172119 211a2114
3577420 211d2117 2115211a 2118211c 21122114
3577440 21202115 211c2117 211f211d 211f211f
3577460 21252120 211c2120 21232120 211b211d
3577500 2118211d 211a2111 21142119 211c2119
3577520 21162119 21152117 2126211b 21232120
3577540 2122211c 211a2126 2125211e 2127211f
3577560 21212121 21212120 21262129 211c211f
3577600 211b211f 211d211a 2113211b 211a211a
3577620 21282121 21242129 212b212e 212d2122
3577640 21242129 2127212f 212f212e 21212126
3577660 211f2121 21212123 21262124 2124212a
3577700 212c2128 2131212c 212f212f 21242126
3577720 212c2128 21272128 21202125 21242125
3577740 21242122 212b2131 2127212e 21272128
3577760 21262129 212c2128 2123212f 21292127
3600000 00003fe8 0001000a 01003fe8 000afe54
3600020 00000004 00000000 63e50c75 0000003f
3600040 00000001 00001004 00003fe8 00000000
3600060 00001004 0001000a 00010000 03b16056
3600100 00000ffc 0001000a 1400003c add01f00
3600120 add01f01 add01f02 add01f03 add01f04
3600140 add01f05 add01f06 add01f07 add01f08
3600160 add01f09 add01f0a add01f0b add01f0c
3600200 add01f0d add01f0e add01f0f add01f10
3600220 add01f11 add01f12 add01f13 add01f14
3600240 add01f15 add01f16 add01f17 add01f18
3600260 add01f19 add01f1a add01f1b add01f1c
3600300 add01f1d add01f1e ff000134 00000020
3600320 00000002 d47710a0 00000001 deadbeef
3600340 f0000002 d477108c 050a57b4 00000000
3600360 00000134 00001f48 a01104d3 21e9215e
3600400 21e521eb 21e721ee 21e321e3 21f121df
3600420 21f021ee 21e221e6 21e621eb 21f021e2
3600440 21ec21f3 21e721f5 21ec21e4 21e121e7
3600460 21e221e5 21e321e3 21ea21eb 21e921e9
3600500 21f421ed 21f121f0 21dd21e6 21e221e5
3600520 21de21de 21e521e1 21e421e4 21e021e0
3600540 21da21dd 21e321da 21e321e6 21e821e8
3600560 21e121e8 21e921e6 21df21e3 21e321e0
3600600 21f121e5 21f021eb 21f021ef 21ea21ef
3600620 21ef21ed 21e921ec 21e921f1 21e721ea
3600640 21e421e3 21e821ec 21e321e2 21e521e2
3600660 21e921ea 21e421e6 21e421e7 21e221e9
3600700 21de21dd 21e321e5 21e521e5 21ee21ea
3600720 21ea21e3 21ea21ec 21ee21ea 21e221e0
3600740 21e321e4 21f121f1 21e821e9 21ec21e6
3600760 21eb21e5 21ea21f0 21e621eb 21ef21e7
3601000 21ec21ec 21ea21f1 21e721eb 21ee21ef
3601020 21f121e9 21ec21ec 21ec21e9 21eb21eb
3601040 21e921e5 21cc21e9 2019210a 1eb11f52
3601060 1df81e47 1db51dd2 1d9d1da4 1d951d99
3601100 1d8d1d8f 1d961d97 1d9d1d8d 1d971d98
3601120 1d911d98 1d8f1d9b 1d921d92 1d971d90
3601140 1d931d95 1d931d99 1d921d94 1d9b1d93
3601160 1d891d91 1d911d8e 1d8d1d8b 1d921d8e
3601200 1d911d92 1d9a1d91 1d911d8e 1d871d88
3601220 1d8f1d8e 1d8a1d91 1d951d93 1d8e1d94
3601240 1d901d8c 1d8c1d91 1d951d93 1d9b1d97
3601260 1d9a1d9a 1d961d96 1d941d97 1d971d92
3601300 1d981d97 1d981d9a 1d9b1d9b 1d911d94
3601320 1d9e1d9e 1d9b1d94 1d981d94 1d991d94
3601340 1d9c1d9c 1da21da2 1d9f1d9c 1d9b1d99
3601360 1d981d9c 1d9b1d95 1d991d9c 1d9d1d95
3601400 1d9d1da2 1d961d9b 1d971d9b 1d9a1d96
3601420 1d941d96 1da01d95 1d971da4 1d9d1d9c
3601440 1d9a1d9f 1da21d9d 1da51da4 1da51da3
3601460 1da41daa 1da51da7 1da61da8 1dad1da6
3601500 1dae1dab 1daa1dad 1da31da8 1da51dab
3601520 1dab1da3 1dac1dac 1da91db1 1da51da7
3601540 1dac1daa 1da91da7 1da91daa 1dab1dab
3601560 1da71dad 1dac1da9 1db01da8 1da21da7
3601600 1da61da8 1daa1da9 1db01db4 1db01daf
3601620 1da41da9 1da61daa 1dad1da6 1db11da6
3601640 1db51dae 1dae1dae 1db71db9 1db91dbd
3601660 1db81dbb 1dbe1dbc 1dae1dbc 1db41db6
3601700 1daf1db4 1dbe1db1 1dba1dba 1dbb1dc1
3601720 1dbd1db9 1dbe1dbe 1db51dc1 1dbc1dba
3601740 1dbf1dc0 1dc11dc6 1dc51dc8 1dc81dca
3601760 1dc71dcb 1dc31dc5 1dc81dc7 1dbd1dc4
3602000 1dbe1dbc 1dbc1db7 1db81dbe 1dc41dbc
3602020 1dc81dc8 1dc81dcf 1dca1dc3 1dc91dc8
3602040 1dc81dca 1dc31dc4 1dca1dc8 1dd21dd0
3602060 1dcd1dd1 1dc71dcd 1dcb1dd0 1dcb1dc5
3602100 1dc91dcc 1dc51dcb 1dd21dce 1dcd1dd1
3602120 1dcd1dc7 1dd61dcb 1dd21dd6 1dd61dd9
3602140 1dda1de3 1ddc1dd4 1dd01dd7 1dd41dd0
3602160 1dd21dd2 1ddc1dd8 1dde1dde 1ddf1dda
3602200 1ddb1ddb 1ddd1dde 1de01de2 1dde1ddc
3602220 1ddf1de2 1ddc1dde 1de11de2 1de11de3
3602240 1ddf1de4 1de31ddc 1de41de5 1de81deb
3602260 1de91ded 1de81dee 1ded1dee 1deb1dec
3602300 1de91de6 1ded1ded 1df51df3 1df31df7
3602320 1df81df7 1df81dfb 1dfd1dfb 1df81dfb
3602340 1dfa1dfb 1df01dfb 1df61df6 1df41df4
3602360 1df11df2 1df81df2 1df91df7 1dfd1dff
3602400 1e031e06 1dfb1df8 1e011e05 1dfd1dfb
3602420 1e011e01 1e091e06 1e0b1e05 1e031e01
3602440 1e031e05 1e0c1e03 1e0c1e09 1e081e00
3602460 1e0b1e03 1e061e0a 1e011e04 1e081e07
3602500 1e111e0d 1e131e0c 1e111e0c 1e131e11
3602520 1e171e17 1e121e16 1e161e13 1e121e17
3602540 1e0e1e16 1e0f1e16 1e131e10 1e1a1e15
3602560 1e1a1e1d 1e181e17 1e1e1e1e 1e221e23
3602600 1e1d1e21 1e211e21 1e1a1e21 1e1f1e23
3602620 1e201e20 1e231e1e 1e201e1f 1e1e1e17
3602640 1e1e1e1c 1e211e1a 1e291e25 1e231e22
3602660 1e281e28 1e271e27 1e271e27 1e2d1e24
3602700 1e2d1e29 1e2a1e29 1e311e29 1e291e2b
3602720 1e2e1e29 1e291e31 1e271e2b 1e2e1e29
3602740 1e291e29 1e301e2e 1e301e31 1e2b1e2a
3602760 1e2c1e29 1e2c1e2c 1e321e2b 1e311e2b
3603000 1e331e32 1e361e35 1e371e35 1e311e38
3603020 1e341e32 1e351e3e 1e341e3a 1e341e34
3603040 1e3e1e3c 1e311e34 1e351e2f 1e361e3e
3603060 1e341e31 1e331e30 1e321e39 1e351e35
3603100 1e2f1e37 1e381e36 1e411e38 1e341e34
3603120 1e491e3f 1e481e4a 1e4e1e4b 1e451e40
3603140 1e411e42 1e431e40 1e3a1e37 1e371e40
3603160 1e391e39 1e3e1e3f 1e481e44 1e481e4d
3603200 1e4c1e4d 1e4c1e4b 1e481e44 1e461e45
3603220 1e4f1e4a 1e521e4e 1e531e51 1e531e51
3603240 1e4e1e55 1e4c1e4d 1e4d1e4b 1e4f1e49
3603260 1e551e4e 1e441e48 1e481e46 1e521e4b
3603300 1e4b1e54 1e541e50 1e551e53 1e561e57
3603320 1e541e54 1e531e4e 1e591e5b 1e581e5a
3603340 1e571e57 1e561e59 1e581e52 1e501e58
3603360 1e5a1e55 1e591e5d 1e5e1e58 1e5f1e60
3603400 1e5d1e5a 1e5b1e58 1e641e61 1e681e64
3603420 1e5d1e62 1e5f1e62 1e651e60 1e671e66
3603440 1e6e1e63 1e6f1e6f 1e661e63 1e6a1e68
3603460 1e681e6f 1e5f1e65 1e641e5c 1e5f1e5f
3603500 1e5a1e5f 1e5f1e60 1e681e5f 1e651e5d
3603520 1e5d1e62 1e671e6a 1e6a1e6b 1e6a1e70
3603540 1e6a1e68 1e621e69 1e6c1e6f 1e751e74
3603560 1e701e71 1e731e73 1e741e6d 1e661e6e
3603600 1e651e6c 1e6b1e60 1e6b1e66 1e651e63
3603620 1e6b1e71 1e631e71 1e6a1e64 1e671e6d
3603640 1e731e6d 1e6f1e7e 1e751e79 1e7b1e78
3603660 1e7b1e78 1e6f1e75 1e6f1e72 1e681e6e
3603700 1e6e1e6d 1e721e6e 1e6d1e6c 1e6c1e6b
3603720 1e701e75 1e711e6e 1e6e1e6f 1e711e72
3603740 1e6e1e71 1e711e79 1e7e1e78 1e7b1e7b
3603760 1e791e7e 1e821e7d 1e7e1e80 1e7d1e75
3604000 1e741e74 1e751e73 1e751e7b 1e7d1e7a
3604020 1e7b1e7e 1e781e78 1e771e7b 1e781e78
3604040 1e7f1e7f 1e7e1e7d 1e871e7f 1e881e85
3604060 1e8c1e8d 1e8b1e89 1e931e8a 1e851e91
3604100 1e7d1e81 1e831e83 1e881e87 1e8b1e80
3604120 1e8b1e8b 1e8b1e89 1e8b1e88 1e8a1e85
3604140 1e8b1e89 1e921e8e 1e941e8e 1e901e8e
3604160 1e8d1e8d 1e891e85 1e8b1e89 1e921e8c
3604200 1e961e8f 1e971e99 1e921e92 1e991e96
3604220 1e9b1e9c 1e991e95 1e9f1e97 1e9d1ea1
3604240 1e9c1e9c 1e9b1ea0 1e9f1ea1 1ea81ea4
3604260 1ea81ea9 1ea01ea3 1e991ea2 1ea41e99
3604300 1ea31eaa 1ea21ea2 1ea11ea2 1e9e1e9c
3604320 1e9e1ea6 1ea51ea4 1ea71ea4 1ea61ea0
3604340 1ea11e9c 1ea71ea3 1ea71ea1 1ea71eab
3604360 1ea81ea4 1eaa1ea4 1ea81ea8 1ea91ea9
3604400 1eab1ea7 1eac1eab 1ea91eac 1eb81ead
3604420 1eb41eb5 1eb21eab 1eb51eac 1ebf1eb3
3604440 1eb91ebe 1ebc1ebf 1ec01ebb 1ebd1eb9
3604460 1eb81eba 1eb71ebe 1eb91ebb 1ebf1eba
3604500 1eb61eb7 1eb81ebf 1eb71ebb 1ebe1eca
3604520 1ec11ec1 1ec11ebc 1ec21ec6 1ec01ec4
3604540 1eba1ebe 1ec11ec1 1ecd1ec7 1ec91ec1
3604560 1ecc1ec8 1ec41ed1 1ed41eca 1ec61eca
3604600 1ec91eca 1ed01ed5 1ed71ed0 1ed51ed1
3604620 1edb1ece 1edd1edc 1edf1edd 1eda1edb
3604640 1ed81edc 1ed51ecf 1ed51ed4 1edd1ed5
3604660 1eda1ed5 1edc1ed6 1ee01ed7 1ede1ede
3604700 1edd1edf 1ed81edd 1ee31eda 1ee51ee0
3604720 1ee11ee6 1ee11ee4 1ed91ee0 1edf1edc
3604740 1ee51ede 1ee01ee0 1ee71ee0 1ee21ee3
3604760 1ee41ee3 1ef01ee2 1ee51ee9 1ee61eee
3605000 1eda1ee3 1ee41ee5 1ee61ee5 1ee61ee4
3605020 1ee11ee9 1ee51ee1 1ee71ee2 1ee21ee3
3605040 1ee71ee8 1edf1ee7 1eda1ee4 1eeb1ee3
3605060 1ee91ee7 1eed1eeb 1eec1ee7 1ee41ee7
3605100 1eea1eeb 1ee61ee8 1ee81ee5 1ee71ee8
3605120 1eee1eea 1ef41ef0 1ef81ee9 1eeb1ef0
3605140 1ef61eee 1ef81ef2 1ef21ef8 1eec1eed
3605160 1eea1eec 1eed1ee4 1ef41eec 1ef91ef9
3605200 1ef31ef3 1ef01eec 1eed1eee 1ef11eec
3605220 1ef51ef6 1ef71ef3 1eef1ef4 1ef01ef2
3605240 1ef51ef8 1ef91ef8 1ef71ef5 1efc1ef7
3605260 1ef91efc 1efa1f04 1ef21ef8 1ef61ef5
3605300 1ef41ef7 1ef11ef3 1ef21ef0 1eef1eef
3605320 1eea1ee4 1ef51ee9 1ef71ef3 1f001ef9
3605340 1efa1ef8 1efb1efd 1efc1ef9 1efc1f02
3605360 1f061f08 1efa1eff 1ef41efb 1ef31ef8
3605400 1f011efa 1f021f01 1f071efe 1f0d1f04
3605420 1f041f06 1eff1ef9 1f101f01 1f001efc
3605440 1f021efe 1f011f07 1efb1f02 1f001efe
3605460 1efb1efd 1efc1efe 1f021efe 1f071f03
3605500 1f081f0e 1f061f06 1f021f05 1f001f03
3605520 1efd1f03 1efa1efd 1f031efe 1f0d1efd
3605540 1f011f07 1efa1f05 1f001eff 1f051eff
3605560 1f061f08 1f0f1f0e 1f071f05 1f0b1f0c
3605600 1f051efd 1f0c1f06 1f0a1f0a 1f0b1f09
3605620 1f0b1f0e 1f011f09 1f041f05 1f051f02
3605640 1efb1f08 1f071f0a 1f0c1f0b 1f0e1f0a
3605660 1f091f0c 1f011f05 1f081f06 1f0f1f12
3605700 1f0c1f0c 1f0c1f11 1f051f0d 1f081f02
3605720 1f0c1f0e 1f101f0c 1f0b1f10 1f081f0b
3605740 1f101f0d 1f0e1f0b 1f0d1f04 1f111f0c
3605760 1f161f13 1f131f13 1f131f11 1f151f10
3606000 1f0f1f0e 1f131f0a 1f0c1f14 1f131f13
3606020 1f151f13 1f131f13 1f0c1f19 1f101f15
3606040 1f091f0e 1f121f0c 1f171f10 1f121f12
3606060 1f121f14 1f1a1f10 1f181f1a 1f1a1f0a
3606100 1f151f10 1f1a1f1f 1f181f16 1f1b1f15
3606120 1f171f19 1f161f16 1f0f1f14 1f161f17
3606140 1f171f11 1f101f14 1f161f17 1f121f15
3606160 1f141f15 1f1d1f17 1f181f18 1f151f14
3606200 1f1d1f1c 1f1c1f1a 1f281f21 1f271f1f
3606220 1f211f22 1f1e1f1c 1f1a1f1f 1f181f18
3606240 1f1f1f1d 1f241f26 1f1f1f26 1f1e1f24
3606260 1f281f27 1f1b1f26 1f221f20 1f2b1f1d
3606300 1f2b1f2a 1f291f23 1f2b1f2f 1f231f26
3606320 1f2e1f2d 1f251f24 1f2f1f2a 1f241f2d
3606340 1f291f29 1f321f2d 1f361f34 1f2e1f30
3606360 1f321f33 1f2d1f2e 1f401f37 1f361f33
3606400 1f301f30 1f321f2e 1f311f34 1f3e1f38
3606420 1f3e1f3d 1f381f38 1f3b1f3a 1f381f3c
3606440 1f3a1f39 1f361f3b 1f421f36 1f3f1f3d
3606460 1f441f47 1f451f49 1f461f46 1f4b1f48
3606500 1f4b1f4e 1f491f45 1f451f46 1f421f47
3606520 1f451f42 1f4e1f4b 1f4e1f50 1f4b1f53
3606540 1f531f53 1f521f50 1f571f57 1f521f50
3606560 1f521f59 1f501f4c 1f581f53 1f571f55
3606600 1f561f59 1f5c1f5b 1f5c1f5f 1f611f59
3606620 1f521f54 1f5c1f59 1f581f5b 1f601f5c
3606640 1f5d1f55 1f5d1f5c 1f5d1f5d 1f5e1f60
3606660 1f601f5d 1f611f5f 1f561f58 1f5d1f60
3606700 1f691f67 1f6e1f6f 1f691f6b 1f631f66
3606720 1f6b1f67 1f6b1f72 1f6c1f70 1f6e1f67
3606740 1f721f75 1f681f6d 1f721f6a 1f731f72
3606760 1f7d1f7c 1f761f7b 1f761f74 1f791f7a
3607000 1f7e1f75 1f851f7e 1f7a1f83 1f791f78
3607020 1f851f8a 1f891f87 1f7e1f80 1f7e1f7e
3607040 1f831f80 1f811f8a 1f811f87 1f881f82
3607060 1f841f88 1f801f82 1f811f85 1f8b1f85
3607100 1f8b1f82 1f851f89 1f8a1f8c 1f8d1f90
3607120 1f881f93 1f961f92 1f8e1f91 1f8b1f8c
3607140 1f8d1f87 1f871f8b 1f861f8a 1f841f84
3607160 1f8a1f8b 1f8c1f8b 1f911f8d 1f901f94
3607200 1f931f92 1f8d1f97 1f941f95 1f981f97
3607220 1f961f92 1fa31f97 1fa11fa8 1fa31fa6
3607240 1f9c1fa0 1f9b1f9f 1f961f94 1f9c1f94
3607260 1f991fa0 1fa01fa1 1f9a1f9f 1f971f95
3607300 1f981f97 1fa11f99 1fa61fa0 1f9f1fa0
3607320 1f961f95 1f9a1f99 1f9b1fa5 1fad1fa3
3607340 1fa51fa8 1f9e1fa8 1fa31fab 1fa51fa2
3607360 1fab1fa2 1fae1faa 1faa1fa6 1fa31fa8
3607400 1f9f1fa5 1fa31fa5 1fa41fa1 1fa71fa7
3607420 1fa81fac 1fa81fa4 1fa61fa7 1fa41fa8
3607440 1fa31fa4 1fa31fa3 1fac1fa6 1faf1fad
3607460 1fac1fa7 1fac1faa 1fa61fa5 1fa81fae
3607500 1fa11fa4 1fa61fa3 1fa61fa6 1fa91fa7
3607520 1fa01faf 1fa31fa1 1fa91fab 1fab1f9f
3607540 1fa61fa5 1fa91fac 1fa41fa9 1fa81fa8
3607560 1fa71fa1 1fa51fa0 1fa11fa3 1fa91fa1
3607600 1fb21fab 1fa91fa4 1fa11fa1 1f9f1f9c
3607620 1fa11f9d 1faa1fa2 1fa71fa7 1f9c1fa2
3607640 1fa51fa5 1fa71fa3 1fa21fa4 1fa41f9d
3607660 1fa41fa2 1fa21fa2 1fa61f9f 1faa1fa3
3607700 1fa71fac 1fa51fa1 1fa41fa5 1fa11fa0
3607720 1f9f1f9b 1fa21f9f 1f9f1f9b 1fa31f9a
3607740 1fa61f9e 1fa71fa0 1fa31fac 1fa61fa7
3607760 1fad1fa8 1fab1fa7 1fa91fa8 1fac1fa5
3610000 1faf1fb2 1fa81fae 1fa61fa7 1fa91fa3
3610020 1fa51f9e 1f9f1fa2 1fa21fa0 1f991f97
3610040 1f9c1f9c 1f991fa2 1f991fa1 1f9d1f9c
3610060 1fa01f9b 1f9e1f9e 1f931f99 1f9e1f9b
3610100 1fa21f9f 1fae1fa1 1fa31fa6 1fa51fa5
3610120 1fa21fa5 1fa41fa7 1fa91fa4 1fa51fa7
3610140 1fa71f9d 1fb01faa 1fa91fb0 1fad1fac
3610160 1fa71fae 1f9d1fa2 1fa21f9d 1fa11fa3
3610200 1fa71fa4 1fa21f9e 1fa31fa4 1fa41fa9
3610220 1fa71fa7 1fa31fa9 1f9e1fa8 1fa51f9f
3610240 1fa31fa8 1f981f9a 1f9e1f9e 1fa21fa0
3610260 1f971f99 1f9f1f9a 1fa41f9d 1f9e1fa0
3610300 1fa41f9f 1f9e1fa0 1f9b1f9d 1f991f9d
3610320 1fa31f9a 1f9d1fa1 1f9a1f9d 1fa11f92
3610340 1fa11f9a 1fa01f95 1fa71f9c 1fa51fad
3610360 1f9e1fa2 1f9e1fa4 1f9e1fa0 1f971fa6
3610400 1f9d1f9e 1fa01f9f 1f991fa3 1fa01f9c
3610420 1fa71fa7 1fa01fa4 1f9a1f9b 1fa01f9a
3610440 1fa41f9d 1fa51f9f 1fa21fae 1faa1fa6
3610460 1fac1fac 1fae1fa2 1fa81fa3 1f9e1fa9
3610500 1fa81fab 1fa51fa6 1fae1fab 1fa81faa
3610520 1fa81fa9 1fae1fad 1fb21fb0 1fb61fac
3610540 1fb01fa8 1faf1faf 1fb11fb0 1fab1fad
3610560 1faf1fab 1faf1fac 1fb01faf 1fb31fb0
3610600 1fac1fb7 1fb81fb4 1fb51fb3 1fb21fae
3610620 1fb91fb5 1fb91fb8 1fb91fbb 1fbd1fb6
3610640 1fbb1fbd 1fc11fbc 1fc51fc0 1fbd1fc0
3610660 1fc01fc0 1fc71fc8 1fc71fc2 1fbf1fc6
3610700 1fcf1fc6 1fcf1fc7 1fd21fcd 1fce1fd1
3610720 1fcd1fcd 1fc81fc3 1fcd1fc8 1fcb1fcf
3610740 1fce1fca 1fc91fc8 1fd01fcd 1fc81fcc
3610760 1fcb1fce 1fcc1fcd 1fd51fdc 1fdb1fd7
3611000 1fd81fd1 1fd51fd8 1fd21fd7 1fd51fd5
3611020 1fd21fd5 1fdd1fd8 1fd91fdc 1fdd1fd9
3611040 1fda1fdf 1fe31fdb 1fe41fe2 1fe41fef
3611060 1fe31feb 1fec1fea 1fef1fe4 1ff21fe9
3611100 1feb1feb 1ff11fec 1ff11fee 1fee1ff1
3611120 1fee1fec 1feb1fee 1ff01fed 1ff21ff2
3611140 1fef1ff4 1fff1ff8 20072004 1fff2000
3611160 1ffc1ff8 1ffb1ffd 1ff61ff6 1fee1ff7
3611200 1ff61ff5 1fff1ffc 20041ffd 1ffa1ffe
3611220 1ffd1ff9 1ffa1ffc 20001ffa 20061fff
3611240 20122007 20072009 2006200c 200d200b
3611260 20062008 200c2008 200f2016 200b2009
3611300 2004200c 200c2006 200d200b 20102017
3611320 20162013 20162015 201c201d 201b2016
3611340 201b201c 201b201b 20222021 201a2020
3611360 2024201a 201d201b 201a201a 2022201b
3611400 201b201f 2023201f 20272025 20202021
3611420 201b201e 20212021 20222020 201f2022
3611440 201a201b 20242022 201d2025 201a2022
3611460 2028201a 2021202a 2023201d 20252024
3611500 20262023 2029202a 2029202a 202d202c
3611520 2032202f 202e202c 2026202b 202a2027
3611540 202a2028 20372030 20322033 202e2036
3611560 202b2032 20372037 20302036 202c2027
3611600 2030202b 202f2033 20342035 20352034
3611620 20312026 20352032 20312038 202d2035
3611640 203c2032 2036202f 202d2030 20322033
3611660 202f2031 20272028 202c2030 202b202f
3611700 202b2032 20312039 203d2038 20362034
3611720 202f2034 20292032 202c2029 20312031
3611740 203a2031 203e203e 2035203f 2039203c
3611760 20392035 20452038 203f2045 203a203c
3612000 2038203f 20312030 2038202d 20302035
3612020 20392035 203f2038 203b203b 203a203a
3612040 20392039 2033203a 2035203a 20302030
3612060 20322028 202f202e 2031202f 20372035
3612100 20412030 203a203e 203a2035 2039203c
3612120 2037203c 20362038 20392035 2033203f
3612140 20332034 20372040 202f2034 2037202b
3612160 2033203b 20382038 2034203a 203e2033
3612200 20312037 2038202e 20322038 2031203a
3612220 20322031 2030202e 20292029 2031202d
3612240 202c2037 202f202b 2033202e 20312034
3612260 20352038 2030203a 20362032 20352036
3612300 202d202d 202b2028 2025202b 202c202b
3612320 20342033 202b202e 202c202f 202b202d
3612340 2030202f 202d2030 2034202c 20352033
3612360 20332034 202b2031 2031202d 2027202d
3612400 20262029 202b2030 202c2027 202f202a
3612420 20252028 20262029 2025202d 20252021
3612440 20292026 20292020 2025202e 201e201f
3612460 20262027 201d2025 20262020 201b2022
3612500 201f2026 201f201e 20262022 20202023
3612520 201b2024 20122019 2015201b 201f2019
3612540 201b2020 20162019 20222013 2022201d
3612560 201c201d 201a2024 2020201f 20252021
3612600 201c2023 20232026 2021201e 201b201b
3612620 2020201a 20242018 20202021 201f201d
3612640 2018201b 2021201e 20222022 20232020
3612660 2017201e 20202021 20222022 201d2021
3612700 2016201c 201a2016 201c2023 201a201b
3612720 201a201e 201b201f 20242023 20232020
3612740 20282028 20272022 20282028 20292027
3612760 20212025 20222028 2018201f 2029201c
3613000 2027202c 20202022 20262023 202b2028
3613020 2026202b 2026202d 20292026 202d202e
3613040 2029202f 20292023 202d2029 2028202e
3613060 20312031 2034202f 20312029 20272028
3613100 20282025 202f202c 2030202f 202b202a
3613120 202f202f 20332030 20342032 20372032
3613140 20382032 20392041 20312043 203d2036
3613160 203a203f 20482038 20462043 203d203f
3613200 203c203d 20392037 2043203d 20462044
3613220 20482047 204a204a 20432047 2049204e
3613240 204a2051 20462049 20462047 204a204f
3613260 204a2045 20472048 20502049 204d204d
3613300 2054204d 20552055 2059205a 2053205a
3613320 204f2056 20532050 205b2055 20542056
3613340 204f2052 20562052 205d2056 2062205f
3613360 2059205c 205f2060 20622062 205e2064
3613400 2060205f 206a2065 20682062 206d2060
3613420 2068206d 2072206a 20702076 2073206f
3613440 2077206b 20722077 2076206f 2074206d
3613460 20712073 20752078 20742073 207e2078
3613500 207a2079 2078207e 2079207c 2084207e
3613520 20862080 20852085 20862084 20802084
3613540 208a2085 20842084 20842087 208a2086
3613560 20832083 2080207f 207f2086 20842082
3613600 20832081 208e208e 208d2094 20922088
3613620 2096208f 208c2093 208f2095 208a2088
3613640 2091208e 2091208e 20972097 209f2096
3613660 20a02099 2097208f 20992099 20962099
3613700 20a4209f 209b20a4 209d209d 209a2099
3613720 209d2098 20a0209a 20a820a5 20a6209c
3613740 209f20a2 209b20a0 209b20a5 20a2209b
3613760 20a720a8 20a920a5 20a320aa 209e20ab
3614000 20a720a9 20a320a1 209f209d 2097209c
3614020 20a720a2 20a520a7 20a820a5 20a920a9
3614040 20a320a9 20a420a1 20ae20a7 20ab20a8
3614060 20a120aa 20a820a9 20b020b5 20ae20ab
3614100 20b420aa 20ab20b1 20ad20ab 20af20ab
3614120 20aa20ae 20a420a2 20ac20a6 20a020aa
3614140 20af20ab 20a720a3 20ac20a9 20b120a9
3614160 20ad20b4 20b720b6 20aa20b3 20b320ad
3614200 20b620b8 20af20b4 20ad20af 20a920a9
3614220 20ab20a6 20aa20a7 20ae20a8 20ab20ac
3614240 20af20ac 20b320b5 20ad20b3 20b620af
3614260 20b220bb 20b020b6 20b020af 20af20aa
3614300 20b420b3 20b320b5 20b020b1 20b120b1
3614320 20b320ac 20af20b0 20b220b2 20af20af
3614340 20a720a7 20aa20a9 20ac20ae 20a620ad
3614360 20a420a7 20b520a7 20b320ae 20a420b5
3614400 20ac20ab 20af20ab 20aa20af 20b220ae
3614420 20af20b1 20af20b4 20a920ac 20ae20b0
3614440 20aa20ad 20a620a9 20ae20b0 20b020ad
3614460 20af20b5 20a720af 20a820a5 20ad20aa
3614500 20ab20b0 20b120a7 20a520a0 20ac20ad
3614520 20b120b6 20ab20af 20b320b1 20ae20b0
3614540 20a920ad 20a920ac 20a620ad 20a620a1
3614560 20a220a1 20a0209d 20a420a3 20ad20a6
3614600 20aa20ad 20b320b2 20ab20b2 20a720ac
3614620 20a820ab 20a920a8 20a120a4 20a220a6
3614640 20ae20a3 209d20a9 20a3209a 209e20a2
3614660 20a520a2 20a9209f 209e20a2 209e209c
3614700 2098209d 20962095 20a120a0 209920a1
3614720 20992096 2097209f 209b2096 209d209a
3614740 20992099 209a2096 20982098 20962096
3614760 20942097 20922094 2091208e 2094208f
3615000 20932091 208e2090 208f2093 20922094
3615020 20902090 20942098 208f2091 20902094
3615040 2091208b 208d2089 20932092 20972099
3615060 20992095 20982097 20912093 2089208d
3615100 2088208e 2090208f 208c2087 208e2091
3615120 20842088 20912093 208c208f 208e2088
3615140 2089208b 2089208e 20982095 20992097
3615160 20912092 2088208d 208e2092 20972091
3615200 20922092 208d2096 208d208c 20862086
3615220 20882090 208f2086 2084208b 20892085
3615240 208f208a 20972090 20922097 20962091
3615260 20912089 208c2092 208e2093 2090208e
3615300 2092208c 2091208b 20892092 20972095
3615320 2098209a 2099209a 209b209b 2098209a
3615340 20962091 209b2093 20982095 2097209e
3615360 20962093 2091209b 209a2091 209d209b
3615400 209b209b 209c2099 209e20a4 20ac20a8
3615420 20a820a8 20ac20a5 20a4209f 20a520a8
3615440 209e20a0 209f2097 209d2098 2098209d
3615460 20a4209e 20a520a9 20ab20ac 20b020ad
3615500 20a820af 20ad20ac 20a920a5 20a420a5
3615520 20a3209d 20ab20a4 20ab20af 20b220ae
3615540 20ae20b1 20b520b7 20b020ad 20b320b0
3615560 20af20b0 20b620b4 20b620b1 20b220b0
3615600 20bc20b8 20be20c3 20ca20ca 20bf20c0
3615620 20ab20b8 20bb20bc 20bd20c0 20c020be
3615640 20bb20c0 20ba20c0 20bc20c0 20c120c3
3615660 20c320c2 20c520c5 20c520c3 20cb20c8
3615700 20cd20c8 20d120cd 20ca20c8 20cd20c8
3615720 20cf20cd 20cf20d3 20c320d0 20c920cb
3615740 20cd20cc 20d520d4 20d120d4 20d620d0
3615760 20d220d5 20d620d5 20d620da 20d320d0
3616000 20d620d2 20d920d8 20e020e1 20d920db
3616020 20dc20d5 20e320dd 20d920d8 20d920d8
3616040 20d920e2 20df20de 20e720df 20e020dd
3616060 20db20de 20ea20e8 20db20e0 20e720e1
3616100 20de20e3 20df20e4 20e620e8 20e620e9
3616120 20e920e7 20e920ee 20e720e4 20ea20f3
3616140 20e520e9 20dd20e0 20ee20e1 20ec20ec
3616160 20f220f7 20e920f4 20e820ee 20e920ed
3616200 20eb20e4 20ee20f5 20f420f6 20f120ed
3616220 20e720f1 20ea20ee 20ed20f2 20ef20ed
3616240 20f120f0 20f320f0 20f620f5 20fa20fc
3616260 20f42101 20f720f7 20fa20fc 20f420f7
3616300 20fa20fa 20fa20fa 20f520f6 20fb20fb
3616320 20fc20f8 20f220f7 20fd20f5 20f820f8
3616340 20ff20ff 20ff2101 21022104 20f420ff
3616360 20ff20f9 20fe20fa 210220fc 21012100
3616400 210320fd 20fd20fe 20fe20fe 21052109
3616420 210c210b 20fc2107 20ff20fa 21062102
3616440 20fb2102 21032104 21052105 210a2107
3616460 21052107 210c210a 2110210e 2110210d
3616500 21082108 21052105 20ff2103 21002105
3616520 21052103 210c20ff 210c2106 2106210e
3616540 210a210c 210d210a 2113210e 210e2114
3616560 210e210d 210a2111 21102106 21102105
3616600 2104210b 210a2107 210a2116 2105210a
3616620 210a2108 2103210a 210120f8 20ff2107
3616640 21022104 21072104 21042105 21032103
3616660 21062105 2109210d 21032100 20fe20fe
3616700 20f720fa 20ff2103 21052100 210b2103
3616720 21062106 20fb2103 20ff2102 21012106
3616740 210b20fe 21072109 210e210b 2107210f
3616760 210a2106 210b2106 21082109 21012106
3617000 21042109 21052105 21022102 21012101
3617020 21022103 20fc2100 20fd20fb 21002105
3617040 20fd2103 20fc20fa 21032106 20f820f9
3617060 21042101 21002100 210220f7 20ff2103
3617100 210320fd 210a210a 210020fd 21002102
3617120 210120f9 20fd2100 20f620fc 20fb20f7
3617140 20f820fe 20f520ff 20fe20fa 20fb20fa
3617160 20f520fb 20fd20f9 20f620fa 20f820f9
3617200 20f920f6 20f720fe 20f620fd 210020ff
3617220 20f920fb 20f720f3 20ff20fb 20f720fb
3617240 20f320f7 20ec20ef 20f720ed 20f920f6
3617260 20f120ef 20f220f8 20ef20f0 20ef20ef
3617300 20e920ed 20e720f0 20f020f3 20ef20e9
3617320 20ee20ed 20ef20e9 20f020ed 20ec20ed
3617340 20f220ef 20ef20ef 20eb20ee 20ec20ec
3617360 20e620ef 20f620e8 20ee20eb 20ec20ef
3617400 20ea20eb 20f320f0 20e920eb 20f020ee
3617420 20ef20eb 20f220ee 20ee20f6 20f420ea
3617440 20ed20ef 20ea20ea 20e920f2 20f020f1
3617460 20f220f7 20f420f3 20f620f3 20f420f2
3617500 20f320f6 20f520f3 20f320e8 20f020f0
3617520 20ee20ed 20f620f2 20f420f9 20f220f5
3617540 20ee20ef 20f120f0 20ef20f8 20ed20fc
3617560 20fc20f0 20ed20ed 20eb20ed 20fb20f8
3617600 20f120f2 20f420f6 20f620f8 20f820ed
3617620 20f120f5 20f420f6 20f420f9 20f320f6
3617640 20e720ed 20ec20f1 20ed20f0 20f420f2
3617660 20f620f8 20f520f5 20f020ee 20f020ee
3617700 20f020ed 20f820f0 20fc20f7 20fa20fd
3617720 210320fe 21042104 20fc2100 20fc2105
3617740 20fc2104 20f820fa 21072101 20f920fe
3617760 20fa20ff 21012103 20ff20fe 210320fd
3620000 21092106 2106210a 21052108 21062101
3620020 21072105 21072108 20fb20fa 21042103
3620040 20fe20f9 210820fb 21092107 210b2110
3620060 210a2112 210a2100 21072106 b01104d3
3620100 00001004 0001000a 00010000 03b16057
3620120 00000ffc 0001000a 1400003c add01f00
3620140 add01f01 add01f02 add01f03 add01f04
3620160 add01f05 add01f06 add01f07 add01f08
3620200 add01f09 add01f0a add01f0b add01f0c
3620220 add01f0d add01f0e add01f0f add01f10
3620240 add01f11 add01f12 add01f13 add01f14
3620260 add01f15 add01f16 add01f17 add01f18
3620300 add01f19 add01f1a add01f1b add01f1c
3620320 add01f1d add01f1e ff000134 00000020
3620340 00000002 d4fbe452 00000001 deadbeef
3620360 f0000002 d4fbe43e 2805877e 00000000
3620400 00000134 00001f48 a01004d4 2204210e
3620420 22012205 22022203 21ff2203 21f421f7
3620440 22072205 21fc21ff 22082204 22042206
3620460 22072203 22012203 22042204 22032209
3620500 22032202 22012202 22082203 220321fe
3620520 22062204 2206220b 220e2203 220c2207
3620540 220d220d 220e220d 220d2211 22042203
3620560 22072206 22092207 22072204 220f220f
3620600 22082206 22092209 2211220f 22062208
3620620 220c2200 22112206 220b2210 2209220c
3620640 2209220f 220d220a 2206220c 220b2208
3620660 22082201 2205220a 22112209 22092212
3620700 220e220c 22032207 220c220f 2214220e
3620720 22142211 2207220f 220d2201 22032207
3620740 22052204 22062204 22022203 220c2209
3620760 220a220f 22072207 22022205 220121ff
3621000 220d220d 22062207 2201220b 22062206
3621020 220c2208 220d220c 220b220b 2207220a
3621040 22082209 22072202 22062205 2206220b
3621060 2209220a 220c220a 21d12206 20ee216a
3621100 204d2090 1feb2013 1fc71fd7 1fc01fc6
3621120 1fbf1fc0 1fb41fb9 1fb31fb5 1faf1fab
3621140 1fa71faf 1fac1fa7 1fb61fad 1fa41fb2
3621160 1fb91fb2 1fae1fb5 1fb41fb5 1fb21fac
3621200 1faf1fb1 1fb51fb3 1fab1fac 1fab1fab
3621220 1fab1faa 1faa1fab 1fa91fa7 1fb01fac
3621240 1fac1faf 1fab1faa 1fa61fa5 1faa1fab
3621260 1fa61fa7 1fa51fa4 1fa11fa0 1fa01f9d
3621300 1fa21f9c 1fa91fa3 1fad1faa 1fac1fa7
3621320 1fa91fa7 1fae1fa8 1fa61fae 1fab1faa
3621340 1fac1fae 1fa61fa9 1fab1f9e 1f9f1fa5
3621360 1fa01fa2 1fa31fa8 1fa71fa4 1fb11fa8
3621400 1fad1faf 1fa71fa6 1fa01fa8 1fa21fa2
3621420 1fa31f96 1fa31fa0 1faa1fa2 1fab1fa8
3621440 1fa41fa4 1fa21f9d 1faa1fa6 1fac1fab
3621460 1faa1fa7 1fa61fa3 1fa31fa3 1fab1fa0
3621500 1fa51fa2 1fa41faa 1fa71fa4 1fa41f9d
3621520 1fa51f99 1fa61fac 1fa91fa6 1fb51fb0
3621540 1fb41fb0 1fac1fb2 1fad1fa4 1faf1fab
3621560 1fb21fb3 1fb61fae 1fb61fb3 1fb61fbc
3621600 1fba1fb9 1fb11fb0 1fb41fb3 1fb71fb2
3621620 1faf1fb5 1fb01fb2 1faf1fae 1fb21fa7
3621640 1fb41fb3 1fb41fb6 1fbe1fb9 1fb61fb7
3621660 1fb31fb3 1fb61fbc 1faa1faf 1fbd1fb8
3621700 1fb61fb1 1fbd1fb8 1fba1fbe 1fb31fb7
3621720 1fbc1fbd 1fb41fb3 1fbd1fb7 1fb91fb5
3621740 1fba1fbe 1fc41fb3 1fc51fc2 1fc81fc0
3621760 1fce1fc5 1fc11fcd 1fc71fc6 1fca1fc7
3622000 1fc81fca 1fcb1fd0 1fc61fca 1fc51fcf
3622020 1fc81fc8 1fcb1fc3 1fd21fce 1fd51fd5
3622040 1fd71fd5 1fd01fd8 1fd31fce 1fd01fd4
3622060 1fcd1fd0 1fd71fd2 1fd01fd2 1fd31fd7
3622100 1fd81fd2 1fdb1fd8 1fdc1fdb 1fd71fd6
3622120 1fd51fd3 1fd91fd4 1fd01fd5 1fdb1fde
3622140 1fdb1fdb 1fe21fdd 1fdb1fde 1fe41fdf
3622160 1fe51fe5 1fde1fe2 1fde1fdf 1fdc1fd5
3622200 1fd71fd6 1fd51fd8 1fde1fda 1fe11fdf
3622220 1fda1fde 1fe31fe3 1fe11fe0 1fe41fee
3622240 1fe21fdf 1fe61fea 1fe81fe8 1fe41fe9
3622260 1fe41fe0 1fe31fe1 1fde1fe5 1fec1fea
3622300 1fea1fe5 1feb1fe3 1ff01fea 1ff31fec
3622320 1ff31ff3 1ff61ff4 1fed1ff2 1fec1fe7
3622340 1ff11fe7 1ff41fef 1fef1ff3 1fef1ff2
3622360 1ff01fed 1fea1ff0 1fe91ff0 1ff71ff4
3622400 1ff41ff5 20001ff7 1ff51ff8 1ff81ff1
3622420 1fef1ff6 1ff91ff5 1ff71ffb 1ff61ff7
3622440 1ff01ff3 1ff61ff4 1ffd1ffa 20021ffe
3622460 1ffe2002 1ffe1fff 1fff1fff 20022002
3622500 20011ffb 20031ffd 20052005 1fff2009
3622520 1ffb1ffc 1fff1ff8 1ff81ffc 1ff51ff9
3622540 1ff91ffd 1ff81ff3 1ff71ff9 20001ffa
3622560 1ffc1ffe 1fff2000 1ff81ffb 1fff1ff7
3622600 20001ffc 1ffb1ffb 20031fff 20021ffd
3622620 20071fff 1ffe2001 1ffd1fff 20012000
3622640 1ffc1ffe 20082004 1ffd2003 20072007
3622660 20052009 2006200c 1ffe2006 20022002
3622700 20042004 20052001 20052004 20092005
3622720 20072009 20041fff 200c200d 20102012
3622740 200b200d 200e200a 200e2013 20132014
3622760 20122015 2013200e 200a200d 20082006
3623000 20092009 20002007 20031fff 20042005
3623020 20072003 20102008 20072008 20072006
3623040 200a2007 200d200b 201a200d 20152015
3623060 20142010 20072011 2005200c 200a2008
3623100 200f2009 20122011 20092003 200d2007
3623120 20072006 2017201a 20102011 200e2008
3623140 2006200a 20062008 2011200e 2015200e
3623160 2019200c 20112018 2010200e 2009200d
3623200 2005200b 20042003 200a2006 200f2012
3623220 20172013 200f2017 2012200f 200e200f
3623240 200c2017 200c2009 2007200d 20002001
3623260 200f2001 200f200f 200c200d 200e200a
3623300 1ffc2000 1ffd2003 20052001 200a200a
3623320 200f200d 200c2012 20062009 20072006
3623340 20041fff 20091fff 20072005 1fff200b
3623360 20041fff 20062002 20032000 2008200a
3623400 20072003 20002007 20032001 1ffd1ffd
3623420 20072001 1ff91ffe 1ff61ff9 1ffc1ff7
3623440 20021ffc 20021ffc 1ffa2001 1ffa1ffb
3623460 1ff41ff3 1ff01ff2 1ff41ff6 1ff91ffd
3623500 1ffc1ffd 1ff51ff7 1ffd1ff9 1ff71ffb
3623520 1ff51ff4 1ff51ff1 1ff61ff7 20001ff8
3623540 20031ffd 1ffc1ffa 1ffc1ffa 20021ffd
3623560 1ffe1ff8 20001fff 1ff61fff 1ff01ff7
3623600 1ff41fee 1ff61ff7 1ffe1ffb 20011ffb
3623620 1fff2000 1fff1ffd 1ff91ff5 1ffd1ffb
3623640 1fff1ff9 1fff1fff 1ffd2002 1ffa1ff3
3623660 1ffe1ffc 1ffa1ff3 1fff2000 200a2000
3623700 20042007 20052007 20001ff8 20002003
3623720 1fff1ffc 20012006 20021ffd 1ffd2001
3623740 20021ffd 20072002 20092006 2000200a
3623760 1fff2006 2005200b 200f2008 20102011
3624000 200c200d 20062005 1ffc200a 20042008
3624020 20022007 20052002 20062009 20052008
3624040 200b2007 20062003 20062003 20102008
3624060 200f200f 200c200f 20122004 20182012
3624100 2014200f 20142018 20142012 20162015
3624120 2013201c 2016200d 2016201b 20162014
3624140 20162016 201a2019 20152015 20162016
3624160 20122016 201c2016 20122016 20132014
3624200 201d2015 2024201c 2022201c 2024201e
3624220 20252027 20252028 201d201e 201b201f
3624240 201d2022 2020201f 2028201d 2023201d
3624260 2029201e 20292025 20292026 202b2026
3624300 20262027 202d2028 20272028 202d2029
3624320 2029202f 20272029 20322021 20342035
3624340 2038202f 2038203b 203a2031 2039203a
3624360 20382036 2032203e 20312035 203b2033
3624400 20402037 203d203a 203a2038 203e2041
3624420 203b203d 203a2045 20452045 20442046
3624440 203e2041 20442040 204b2041 204a2049
3624460 2044204c 20472044 20472045 20492043
3624500 20452049 20462047 20552047 20532054
3624520 2051204f 20572052 20512054 204c2048
3624540 204a2047 204f204d 204f204e 204d2052
3624560 20572056 20542053 20562055 205b2054
3624600 20592052 205a205b 204d2055 205b2057
3624620 2056205c 205e2056 2060205b 2062205f
3624640 2061205c 20622066 20682067 2065206a
3624660 205c205f 20632060 205c2060 205d2056
3624700 20602063 205e205c 2062205f 20632069
3624720 2069206b 20682067 20612069 206c2066
3624740 206b206b 20632067 206c2065 206f2071
3624760 2070206d 20762072 206d2074 206a206e
3625000 2068206c 20672068 206c2067 206d206f
3625020 206c206b 206b206a 206b2069 206a206d
3625040 2072206e 20782076 20762074 2079206f
3625060 20742079 207b207b 2076207b 206d2076
3625100 206f2073 206c2076 20712070 2072207c
3625120 206c2078 206e2075 20742077 20722071
3625140 20742077 20782076 20852079 20792080
3625160 2077207a 2077207c 20792072 20792072
3625200 207c2077 207e207d 207c207a 2087207a
3625220 207c2075 20792077 206d2078 20762076
3625240 207e2076 207c207c 207b207d 20792074
3625260 20752076 207a2075 20742072 207b2074
3625300 20782076 20742074 20782070 20742078
3625320 2071206f 20732070 2072206d 206b2070
3625340 20772073 20742074 20772075 20722078
3625360 206c2077 206f2071 2073206d 20782076
3625400 207e207d 20752079 207a2070 20742074
3625420 20702075 20712074 20732078 2077207d
3625440 20732077 20732072 20732073 2071206e
3625460 20702073 20712078 2070206f 206e2077
3625500 206a2066 2067206a 206e206f 206c206f
3625520 20662070 206b2069 20742069 2077206f
3625540 206a2070 206a206c 20732073 2063206f
3625560 205d205e 20642066 20602061 2059205d
3625600 205b205c 205d2065 205a2060 205f205b
3625620 205c205f 205c205d 20672066 20672067
3625640 20612068 20612060 2065205f 206b2063
3625660 20612060 20612060 205c2058 205b2058
3625700 2060205e 205d2063 20572061 20542058
3625720 20592058 205e2057 205b205f 20552061
3625740 20592051 205d2055 2059205f 2052205a
3625760 20512053 20532054 205e205a 2056205b
3626000 204e2054 20592050 20532059 2056204e
3626020 2050204b 204d205c 204c204f 20592053
3626040 20532052 20552053 20502059 204c2053
3626060 204b204a 20592057 204c2053 2048204f
3626100 2053204f 204d2050 20542050 20522053
3626120 205a205a 20562055 205b205b 205d2055
3626140 20592059 20592057 205d205a 20542059
3626160 2050205a 2050204b 204f2051 20532051
3626200 20592056 20582054 20582059 20582057
3626220 20562053 20542057 20572055 205f205c
3626240 205a2061 205c205e 2053205a 20592056
3626260 205a205c 20652059 204f205c 20612053
3626300 2052205d 205a2057 20592055 20562058
3626320 205b2057 205a205c 205d205a 205d2062
3626340 205f2066 205b205a 205a2054 20682063
3626360 20622068 20662066 20612062 2061205e
3626400 205b2063 205f2064 206a2068 206f2069
3626420 2073206b 206e206d 206f206c 20762074
3626440 20732076 206c206f 20712077 20742071
3626460 20782074 20742074 20782073 20752072
3626500 20732077 207c2078 207c2079 2080207a
3626520 2074207c 20762072 2071207b 207b207e
3626540 20812077 2084207c 20822084 20892087
3626560 208c208e 2086207f 2086207f 20892080
3626600 2084208a 2086208a 20912090 20932090
3626620 208e208e 208f2090 2095208a 20922092
3626640 20942097 20882091 2092208d 209a2096
3626660 20972098 20a6209c 20a2209c 20a120a9
3626700 209f209f 20a020a1 20a020a0 209d209d
3626720 20a320a5 20a1209d 20a820a0 20a920a8
3626740 20a020a4 20a4209d 20a720a0 20a920a4
3626760 20a920aa 20a420a9 20ac20a6 20a920ad
3627000 20a020a0 20a620a3 209a20a2 20a220a8
3627020 20af20aa 20b220b2 20b020af 20a920b1
3627040 20bb20b9 20b720b3 20b620b2 20b120b6
3627060 20b820bc 20b920ba 20b720b6 20b820ae
3627100 20bd20bb 20bd20c4 20c220c8 20c120c5
3627120 20bb20bc 20c020bb 20c320c9 20c420c8
3627140 20c120c5 20bd20c3 20bf20bf 20be20bb
3627160 20bb20c0 20c120bb 20c420c4 20c420c3
3627200 20c920cc 20cf20cd 20d220c8 20cd20c9
3627220 20ce20cd 20d420d8 20d020d3 20cb20d4
3627240 20d420cf 20dc20cc 20cb20cd 20d520d2
3627260 20d720d2 20d220d7 20d220d1 20d420d4
3627300 20d520d9 20d820dc 20db20d9 20e420e0
3627320 20e320e6 20e320e5 20e020df 20de20e3
3627340 20dc20d9 20dc20d9 20da20e0 20d820dd
3627360 20dd20dc 20df20dd 20de20e0 20dd20de
3627400 20e920e2 20e820e2 20de20e3 20e520df
3627420 20e620e0 20e120e2 20e220e2 20e620e8
3627440 20de20e5 20de20e1 20e420de 20e920e3
3627460 20e420ec 20e920e9 20e520ea 20e520eb
3627500 20ed20e8 20e220ef 20dd20ec 20e820e6
3627520 20df20eb 20ec20d8 20e220e1 20e320e8
3627540 20e120e4 20d320d9 20e420de 20e320e5
3627560 20e420e9 20dc20ea 20dd20db 20e020da
3627600 20e020e0 20ec20ea 20ef20f1 20e520eb
3627620 20e020e6 20dd20dc 20e020e0 20e220e3
3627640 20e620e8 20e220e6 20e320e1 20e420e3
3627660 20e720ea 20e820e9 20e520e0 20dc20dc
3627700 20d620e5 20d720dd 20de20dd 20d820d6
3627720 20d620dc 20d220d3 20d620d1 20d120d0
3627740 20cc20cc 20cf20d1 20cd20d0 20d120d1
3627760 20d720d7 20c920cf 20d420d0 20cd20ce
3630000 20ce20cc 20ce20cc 20d420d3 20d120d2
3630020 20cd20c7 20ce20cc 20cd20cf 20c620c1
3630040 20c520c2 20c420c1 20ca20c3 20c720c7
3630060 20cf20cb 20c320c8 20c120c1 20cb20c3
3630100 20c220c8 20c420b8 20ca20c7 20c820c6
3630120 20c920c9 20cb20cc 20c320ca 20c420c4
3630140 20bf20c3 20ba20bd 20b520b4 20bd20ba
3630160 20bd20be 20b420c4 20b820b5 20b520b9
3630200 20c020be 20b320b8 20b420bb 20b420b6
3630220 20b320b5 20b120ad 20b720b6 20b220b7
3630240 20bf20b7 20b420bb 20b620b8 20b420b6
3630260 20ae20b7 20bb20b7 20bb20b4 20b120b5
3630300 20a920b2 20ac20aa 20ac20ae 20af20ad
3630320 20b020b4 20b520b2 20b320aa 20af20ad
3630340 20a720a9 20af20a5 20a320ac 20a320a0
3630360 20aa20ac 20a620a6 20a220a4 20a5209d
3630400 209d209a 209c209f 20b020ab 20ac20b3
3630420 20a520aa 20a620a6 20a320a7 20aa20a6
3630440 20a220a2 20b020a9 20a920ab 20a620a7
3630460 20a620a4 20b220a6 20b620a4 20af20b2
3630500 20a620b1 20a620a9 20b020a5 20a520a5
3630520 20ab20b0 20ac20ac 20ae20a9 20ac20ac
3630540 20ac20ac 20a820a7 20a920a7 20ab20ad
3630560 20a620aa 20a720a8 20b120ac 20b320b3
3630600 20b120ab 20b020aa 20b120b4 20bb20bd
3630620 20ba20c1 20b420b5 20b620ac 20b520b0
3630640 20b920b4 20b220b8 20b620b6 20c020bf
3630660 20b720bc 20bc20c0 20bd20c2 20c320c0
3630700 20be20bc 20c620c3 20c220c8 20bf20c0
3630720 20c120be 20bd20bd 20c220c9 20ca20c8
3630740 20c920c1 20ca20d0 20cc20be 20cb20d3
3630760 20c620c7 20c920c5 20ca20cb 20cf20ca
3631000 20c620c8 20c620c7 20d020ca 20cb20ca
3631020 20ca20c8 20c920c9 20c620c8 20c520c9
3631040 20d220cf 20cb20ce 20d020ce 20cf20d2
3631060 20d420ce 20d020cf 20da20d3 20d820d7
3631100 20d020d1 20d020d0 20d820d7 20d220da
3631120 20d420dc 20dc20d6 20df20dd 20e020dc
3631140 20e020e2 20e120e4 20e020e2 20e020e9
3631160 20d720e0 20e420df 20de20e4 20df20dc
3631200 20dc20e3 20e320e9 20e420e0 20e520e4
3631220 20ea20e9 20f420f5 20fe20f7 20f220f4
3631240 20f520f4 20f320ef 20f720fa 20f220f1
3631260 20f320f5 20f520f1 20ec20f3 20f720f1
3631300 20f520f6 20f420f8 20f920f7 20f720fc
3631320 20f820fc 20f120fb 20f520f1 20fa20f4
3631340 20f720fa 21022103 21082103 2108210b
3631360 21022101 21062108 21062106 210e2102
3631400 210a2109 2107210b 21072103 210b2107
3631420 210c2107 210f210b 2108210e 210d210e
3631440 2113210d 21142111 21152110 210f2112
3631460 21032108 21162118 211c2115 210e2112
3631500 2111210d 21152113 2119211b 21182118
3631520 211f211c 211a211d 211a2118 21182117
3631540 211d211a 2120211e 2124211e 211d2123
3631560 21202122 211a211e 211f211a 21182121
3631600 211e211d 211e2127 2119211c 21252120
3631620 21242121 21272122 21252124 21292123
3631640 212a2124 212f212d 21282130 212a212c
3631660 212f2130 2135212d 21252129 21292128
3631700 21222124 21292128 21222122 21302129
3631720 21212124 212c212a 2127212c 212f212f
3631740 21272129 212e2128 212b212b 2121212c
3631760 212d2125 212b212d 212a2127 212e212e
3632000 2126212a 212f2128 21282129 2130212f
3632020 21282133 21282129 212f2129 2133212c
3632040 21272132 211e2123 21242122 212b2127
3632060 2128212c 2129212a 212d2125 21292127
3632100 21222127 21292122 212d2126 212a2127
3632120 212c212d 212d2129 211f212a 21292122
3632140 2128212a 21262128 21232122 211b211d
3632160 2116211f 21272126 211f2121 21252122
3632200 2117211e 211e2122 21162114 21192117
3632220 211f2117 21162114 2118211b 211f211e
3632240 2119211b 211b2116 2113211e 21172115
3632260 210d2114 21092112 2119210c 210f210e
3632300 2113210d 21102114 210c2116 210c210f
3632320 21122114 21142111 210f2117 210c2114
3632340 2109210e 21042108 21052107 21052107
3632360 21072109 21042102 21032103 20ff2107
3632400 21052102 21082105 2101210a 2106210b
3632420 2109210f 21082105 210020fa 21092106
3632440 20fa20ff 21052102 20fc2103 20f220f5
3632460 20f720fa 20f620f5 20f120f8 21012100
3632500 21012100 20fd2101 20fc20f5 20f620f5
3632520 20fb20f6 20f720f8 20f920f7 20f120f4
3632540 20fb20f9 210120ff 20f420f8 20fd20fa
3632560 20fa20fa 20fd20f6 20f520f8 20f220f7
3632600 20f320f1 20f920f6 20f120ee 20fb20f3
3632620 20f520f8 20f420f3 20f520f0 20f320f0
3632640 20f620f0 20ec20ec 20f420ef 20f420f1
3632660 20f420f4 20f520f2 20f020f2 20fa20eb
3632700 20f420f5 20ff20f2 20fb20ff 20f320fa
3632720 20fa20f1 20ef20f5 20e620f1 20e520f1
3632740 20e620f0 20ef20e6 20e920ec 20eb20eb
3632760 20f120f3 20f220ec 20f320ea 20f020ef
3633000 20ee20ee 20f520f1 20f720f3 20f220f2
3633020 20f120f4 20f120f2 20ec20ef 20f420f5
3633040 20ff2102 20f620f5 20f320f1 20f720f5
3633060 20ef20ee 210120f6 21022102 21052101
3633100 21012101 20fe2100 20fa20fe 20f720fc
3633120 20f920f8 20fc20f9 20fb20f5 20f720fc
3633140 20f820fd 20fe20f9 20fc20ff 20f720f9
3633160 210220fe 20fc20fc 20fd20fe 20fa2100
3633200 210a2105 21002100 21062100 20ff2100
3633220 20f920fe 210420fa 21082102 21072108
3633240 21022108 20ff2104 21012104 21062104
3633260 21092106 2106210c 2108210b 21142107
3633300 210d210d 210d210f 210d2106 210d2110
3633320 21102115 21162111 21192116 21142117
3633340 21162117 210e210f 2112210f 210f210d
3633360 21152112 21132111 21192111 211f2119
3633400 211a2110 21162119 211a211c 211a2115
3633420 211e211c 211c211e 21232122 21212126
3633440 2121211f 211f2122 211d211e 2122211f
3633460 211c2120 21222118 21282129 212a2132
3633500 211f2124 21212126 21252127 21242125
3633520 212b2122 212c2129 21282126 21292125
3633540 212a212a 21362130 212c212c 212b2130
3633560 212c212d 2133212f 212f212f 212d212d
3633600 2133212f 2132212f 2131212b 2131212c
3633620 212d212e 2137212e 21362137 21382138
3633640 213d213c 21452144 21432145 21482144
3633660 214a214c 213d2141 21472144 213f2140
3633700 2145213f 21472148 21492145 214b214b
3633720 213b2148 21462146 214a213f 214e214c
3633740 21462149 214c2151 2150214f 2151214a
3633760 214b2150 214a214b 21582153 2152214e
3634000 2150214b 21522150 21532151 21512150
3634020 21582152 21582152 21502154 21552153
3634040 21582159 2159215b 215d215c 214f2154
3634060 215d215d 215c2161 215d215e 2157215a
3634100 21582159 2155215b 21582155 215a215a
3634120 21592168 2166215f 215c216f 216a2164
3634140 21672169 216b2163 215c2163 21602162
3634160 21652168 21642164 215e215f 21622163
3634200 21672162 21632163 215e215f 2160215f
3634220 2163215a 215d215c 21632161 21602162
3634240 2167215e 2162215d 215f2163 2164215b
3634260 216d2165 216b216a 2172216e 216c216f
3634300 2169216b 2167216a 216a2169 21682168
3634320 21662162 216c2169 2165216d 21622165
3634340 21652165 215a2162 21642161 215e215d
3634360 215c215f 21612157 21602165 215f2160
3634400 215c215f 215c2153 215d2157 21682161
3634420 21622166 21672163 21602163 215c2163
3634440 2157215c 21592159 215c215b 215e2163
3634460 2158215f 2157215d 215a2157 21592159
3634500 215a215b 21552158 21572157 21512155
3634520 214f214c 2152214f 2152214f 21522152
3634540 215b2156 21502155 21582153 215b2154
3634560 21552158 21562155 21622158 215e2158
3634600 2159215f 215c215e 215a2158 21532153
3634620 21502153 21512151 21512152 214e214b
3634640 214c2152 21442145 214e214c 2143214b
3634660 21482147 214c2149 2149214a 21482149
3634700 21442147 214d214b 214a214b 21472144
3634720 214a2143 214d214f 214a2152 21472141
3634740 214b2142 214a2147 213e2140 21452142
3634760 213f213f 213e213d 213c2140 213f213d
3635000 21402141 213f213b 2140213f 21372140
3635020 213e213c 2141213c 2143213e 21472149
3635040 21422145 21492145 213f2143 21412141
3635060 213b213a 21402142 213d2144 213f213f
3635100 2143213f 213d213b 213d2132 213b213a
3635120 213a213f 213c213d 2144213c 21402140
3635140 213a213a 2135213e 21312135 2142213b
3635160 21422142 2142213f 213e213c 21422141
3635200 21412140 213e213f 21422146 2145214a
3635220 21462147 2146213f 21442144 2148214b
3635240 21432142 21422145 21462146 2140213d
3635260 2138213a 21382137 213e2137 2142213d
3635300 2143213d 21492143 2143213f 213f2141
3635320 213d213c 2137213e 213b213a 21452143
3635340 21452145 213b2148 213f213e 21432146
3635360 213f2141 21442147 214a2145 2148214c
3635400 21482143 2151214a 214a2150 214d214b
3635420 214e214a 214f214b 21422149 21412142
3635440 2144213e 21472144 214c2150 214c2154
3635460 21482151 214f2149 214c214a 214c2146
3635500 214e214e 21462148 2147214d 214e214d
3635520 21512154 2152214f 214d2151 214e214e
3635540 2155214b 21502151 21552151 21542154
3635560 2156214a 21502152 214f2152 214f2157
3635600 214d214e 2151214a 214d214c 214a214f
3635620 214c2148 21572159 2154214e 21602156
3635640 2155215a 21532157 21552157 21592154
3635660 215a215a 21512159 21522155 21522150
3635700 215a2151 2158215b 215a2161 2155215c
3635720 2159215a 215d2157 2158215c 215c215e
3635740 215a2162 2159215f 2164215c 215e2161
3635760 215a2162 21612164 2159215e 2161215f
3636000 21592160 215e2161 21652165 21612160
3636020 215a2158 2157215d 215e215e 21662163
3636040 21602160 21662164 216e2160 21712167
3636060 215f2160 216c2168 21652164 21662167
3636100 216d216d 216c2173 216c2167 216d2169
3636120 2168216e 216a216c 216b216c 216f2172
3636140 21662167 2168215f 216c2167 21732175
3636160 216e2173 21742172 21742178 21762176
3636200 216d2173 21742172 21752171 2179217e
3636220 21782178 2179217b 21712169 2179217e
3636240 217d217b 21732179 21722175 21762170
3636260 21762178 21732176 217a217d 217d217b
3636300 217c2177 21812178 217d217a 2178217b
3636320 21792178 2186217e 21852180 218c2184
3636340 217e2184 21872187 21812185 21882185
3636360 218a2189 21882187 21882191 218a2189
3636400 2187217f 21882185 21872187 2188218c
3636420 218d2186 21882187 21852189 21842184
3636440 21892186 21872184 218e218b 218f2191
3636460 218a2190 21872190 2181217f 21852184
3636500 217f2186 2184218c 21852188 218b2180
3636520 218f2188 2190218c 2187218c 2182218f
3636540 21852186 21862187 217d2186 217b2187
3636560 21822189 217d217c 21772176 217b2180
3636600 2177217e 21822181 217d2181 2188217e
3636620 217f2189 2186217c 21782187 217a217a
3636640 217d2177 2180217e 21782180 217f2177
3636660 21742177 217a217e 2179217c 21802180
3636700 2182217f 21872183 21882178 21812184
3636720 217d2181 217e2183 2175217b 21762174
3636740 217e217a 21792178 2176217a 217e2179
3636760 21752178 216e2172 216d216e 21802176
3637000 21772179 2178217a 21702179 216e216a
3637020 21702172 21762178 21742176 21702175
3637040 216d216f 216b2174 21732175 21732170
3637060 216b2172 216e216c 21702170 21682175
3637100 2175216e 21732173 2177216f 21762178
3637120 2179217d 21782176 21762175 21762173
3637140 21792174 216f2172 21792172 21782178
3637160 21752175 21712178 2175216f 21792173
3637200 2172216f 2172217e 216f2174 216c2173
3637220 216d2166 21672169 2168216e 216b216a
3637240 2169216b 2170216a 216d2169 21682164
3637260 216d2169 21652165 216c2162 21672168
3637300 2167216d 2174216e 21712178 21772173
3637320 216d2172 2167216d 2168216f 21692162
3637340 2170216b 21692168 21762170 216b216f
3637360 216b2168 21652164 215e2163 215f2163
3637400 216b216b 21712171 2172216a 216a216e
3637420 216b216c 216b2168 216a216e 21722167
3637440 21702170 21692166 216c2173 21732177
3637460 216f2171 216f2173 216e2175 2170216e
3637500 216c216b 21722170 21692173 2170216b
3637520 216f2174 216a216b 216e2167 21692174
3637540 217b2177 217a217a 21782177 21822180
3637560 21812187 2173217e 217c2179 21712172
3637600 21772174 21722175 21772177 217d217e
3637620 21742179 21712174 21772175 21702173
3637640 216d2174 21732170 217e2174 21822182
3637660 217f2182 217f2182 2179217f 217a2174
3637700 217d2178 21722172 2175217b 21752177
3637720 2177217a 21792175 217d217b 21772179
3637740 21772175 217a217b 2181217a 217b217e
3637760 217f2179 2184217e 2182217d 2180217a
3640000 21872182 21812187 217f217e 217f2171
3640020 217e217e 217f217f 217d2183 21772178
3640040 21762175 21752171 217a2179 21822187
3640060 21852186 21832187 217d217f 217c217f
3640100 21842184 217d2184 21832183 b01004d4
3640120 00001004 0001000a 00010000 03b16058
3640140 00000ffc 0001000a 1400003c add01f00
3640160 add01f01 add01f02 add01f03 add01f04
3640200 add01f05 add01f06 add01f07 add01f08
3640220 add01f09 add01f0a add01f0b add01f0c
3640240 add01f0d add01f0e add01f0f add01f10
3640260 add01f11 add01f12 add01f13 add01f14
3640300 add01f15 add01f16 add01f17 add01f18
3640320 add01f19 add01f1a add01f1b add01f1c
3640340 add01f1d add01f1e ff000134 00000020
3640360 00000002 d5562dbf 00000001 deadbeef
3640400 f0000002 d5562dab 2703122d 00000000
3640420 00000134 00001f48 a01104d5 21de2187
3640440 21df21dd 21d921df 21d821d9 21db21d9
3640460 21db21da 21db21db 21da21d5 21e321d6
3640500 21e121e2 21d621da 21dc21d5 21dd21e4
3640520 21d721d2 21d121d0 21d921d3 21d721d8
3640540 21d421d3 21d421d0 21d421d6 21cc21d3
3640560 21da21d7 21d321ce 21da21d3 21d521d4
3640600 21da21dd 21db21e5 21dc21db 21db21db
3640620 21e421d8 21df21dd 21e221db 21e121df
3640640 21dd21dd 21ea21e6 21dd21e4 21e221e6
3640660 21e321e5 21e221e4 21e721e1 21ea21eb
3640700 21ed21ef 21eb21ec 21ee21f1 21f421ee
3640720 21e721eb 21ef21ec 21f021f3 21e721ec
3640740 21e821ee 21ee21f5 21f121fa 21f221ef
3640760 21e921ef 21ed21ea 21f521f7 21f721f7
3641000 21f721f9 21f621f7 21f121fc 21f321f2
3641020 21fc21fb 21fe2201 21fa21f8 21fa21f9
3641040 220021fd 21f921fb 21f821f4 21fa21f8
3641060 21fe21f3 22082202 21fb2202 220021fe
3641100
